          <idle>-0     [004] dn.3  2647.900845: rtg_try_acquire_lock: rtg_acquire: gid=1002 comm=tau_rt_3
          <idle>-0     [005] dn.3  2647.900847: rtg_try_acquire_lock: rtg_block: comm=deepPicar sched=FIFO pid=4377 tgid=4377 rtgid=0 prio=94
       deepPicar-4386  [000] d..3  2647.900849: rtg_try_acquire_lock: rtg_preempt: prev=tau_rt_3 sched=FIFO prio=94 pid=4406 tgid=4376 rtgid=1002 | next=deepPicar sched=FIFO prio=93 pid=4381 tgid=4366 rtgid=1001
        tau_rt_2-4396  [003] dn.3  2647.900853: rtg_try_acquire_lock: rtg_block: comm=tau_rt_2 sched=FIFO pid=4396 tgid=4375 rtgid=1002 prio=94
        tau_rt_3-4406  [004] dn.3  2647.900854: rtg_try_acquire_lock: rtg_block: comm=tau_rt_3 sched=FIFO pid=4406 tgid=4376 rtgid=1002 prio=94
       deepPicar-4366  [000] d..3  2647.916479: rtg_try_acquire_lock: rtg_block: comm=tau_rt_1 sched=FIFO pid=4407 tgid=4374 rtgid=1002 prio=94
        tau_rt_4-4373  [005] d..3  2647.931808: rtg_try_release_lock: rtg_release: gid=1001 comm=tau_rt_4
          <idle>-0     [004] dn.3  2647.931812: rtg_try_acquire_lock: rtg_acquire: gid=1002 comm=tau_rt_3
        tau_rt_4-4373  [005] d..3  2647.931816: rtg_try_acquire_lock: rtg_block: comm=deepPicar sched=FIFO pid=4377 tgid=4377 rtgid=0 prio=94
        tau_rt_1-4407  [000] dn.3  2647.948884: rtg_try_acquire_lock: rtg_preempt: prev=tau_rt_3 sched=FIFO prio=94 pid=4406 tgid=4376 rtgid=1002 | next=deepPicar sched=FIFO prio=93 pid=4366 tgid=4366 rtgid=1001
        tau_rt_2-4396  [003] dn.3  2647.948897: rtg_try_acquire_lock: rtg_block: comm=tau_rt_2 sched=FIFO pid=4396 tgid=4375 rtgid=1002 prio=94
        tau_rt_3-4406  [004] dn.3  2647.948900: rtg_try_acquire_lock: rtg_block: comm=tau_rt_3 sched=FIFO pid=4406 tgid=4376 rtgid=1002 prio=94
       deepPicar-4366  [000] d..3  2647.950012: rtg_try_release_lock: rtg_release: gid=1001 comm=deepPicar
          <idle>-0     [005] dn.3  2647.950016: rtg_try_acquire_lock: rtg_acquire: gid=0 comm=deepPicar
          <idle>-0     [003] dn.3  2647.950018: rtg_try_acquire_lock: rtg_block: comm=tau_rt_2 sched=FIFO pid=4396 tgid=4375 rtgid=1002 prio=94
          <idle>-0     [004] dn.3  2647.950020: rtg_try_acquire_lock: rtg_block: comm=tau_rt_3 sched=FIFO pid=4406 tgid=4376 rtgid=1002 prio=94
       deepPicar-4366  [000] d..3  2647.950023: rtg_try_acquire_lock: rtg_preempt: prev=deepPicar sched=FIFO prio=94 pid=4377 tgid=4377 rtgid=0 | next=deepPicar sched=FIFO prio=93 pid=4389 tgid=4366 rtgid=1001
       deepPicar-4377  [005] dn.3  2647.950026: rtg_try_acquire_lock: rtg_block: comm=deepPicar sched=FIFO pid=4377 tgid=4377 rtgid=0 prio=94
       deepPicar-4389  [000] d..3  2647.950814: rtg_try_release_lock: rtg_release: gid=1001 comm=deepPicar
          <idle>-0     [003] dn.3  2647.950816: rtg_try_acquire_lock: rtg_acquire: gid=1002 comm=tau_rt_2
          <idle>-0     [005] dn.3  2647.950818: rtg_try_acquire_lock: rtg_block: comm=deepPicar sched=FIFO pid=4377 tgid=4377 rtgid=0 prio=94
       deepPicar-4389  [000] d..3  2647.950820: rtg_try_acquire_lock: rtg_preempt: prev=tau_rt_2 sched=FIFO prio=94 pid=4396 tgid=4375 rtgid=1002 | next=deepPicar sched=FIFO prio=93 pid=4381 tgid=4366 rtgid=1001
        tau_rt_2-4396  [003] dn.3  2647.950823: rtg_try_acquire_lock: rtg_block: comm=tau_rt_2 sched=FIFO pid=4396 tgid=4375 rtgid=1002 prio=94
        tau_rt_3-4406  [004] dn.3  2647.950825: rtg_try_acquire_lock: rtg_block: comm=tau_rt_3 sched=FIFO pid=4406 tgid=4376 rtgid=1002 prio=94
       deepPicar-4366  [000] d..3  2647.966406: rtg_try_acquire_lock: rtg_block: comm=tau_rt_1 sched=FIFO pid=4407 tgid=4374 rtgid=1002 prio=94
        tau_rt_4-4373  [005] d..3  2647.981702: rtg_try_release_lock: rtg_release: gid=1001 comm=tau_rt_4
          <idle>-0     [004] dn.3  2647.981706: rtg_try_acquire_lock: rtg_acquire: gid=1002 comm=tau_rt_3
        tau_rt_4-4373  [005] d..3  2647.981710: rtg_try_acquire_lock: rtg_block: comm=deepPicar sched=FIFO pid=4377 tgid=4377 rtgid=0 prio=94
        tau_rt_1-4407  [000] dn.3  2647.998884: rtg_try_acquire_lock: rtg_preempt: prev=tau_rt_3 sched=FIFO prio=94 pid=4406 tgid=4376 rtgid=1002 | next=deepPicar sched=FIFO prio=93 pid=4366 tgid=4366 rtgid=1001
        tau_rt_2-4396  [003] dn.3  2647.998897: rtg_try_acquire_lock: rtg_block: comm=tau_rt_2 sched=FIFO pid=4396 tgid=4375 rtgid=1002 prio=94
        tau_rt_3-4406  [004] dn.3  2647.998900: rtg_try_acquire_lock: rtg_block: comm=tau_rt_3 sched=FIFO pid=4406 tgid=4376 rtgid=1002 prio=94
       deepPicar-4366  [000] d..3  2648.000082: rtg_try_release_lock: rtg_release: gid=1001 comm=deepPicar
          <idle>-0     [005] dn.3  2648.000085: rtg_try_acquire_lock: rtg_acquire: gid=0 comm=deepPicar
          <idle>-0     [004] dn.3  2648.000088: rtg_try_acquire_lock: rtg_block: comm=tau_rt_3 sched=FIFO pid=4406 tgid=4376 rtgid=1002 prio=94
          <idle>-0     [003] dn.3  2648.000090: rtg_try_acquire_lock: rtg_block: comm=tau_rt_2 sched=FIFO pid=4396 tgid=4375 rtgid=1002 prio=94
       deepPicar-4366  [000] d..3  2648.000092: rtg_try_acquire_lock: rtg_preempt: prev=deepPicar sched=FIFO prio=94 pid=4377 tgid=4377 rtgid=0 | next=deepPicar sched=FIFO prio=93 pid=4391 tgid=4366 rtgid=1001
       deepPicar-4377  [005] dn.3  2648.000096: rtg_try_acquire_lock: rtg_block: comm=deepPicar sched=FIFO pid=4377 tgid=4377 rtgid=0 prio=94
       deepPicar-4391  [000] d..3  2648.000849: rtg_try_release_lock: rtg_release: gid=1001 comm=deepPicar
          <idle>-0     [004] dn.3  2648.000851: rtg_try_acquire_lock: rtg_acquire: gid=1002 comm=tau_rt_3
          <idle>-0     [005] dn.3  2648.000853: rtg_try_acquire_lock: rtg_block: comm=deepPicar sched=FIFO pid=4377 tgid=4377 rtgid=0 prio=94
       deepPicar-4391  [000] d..3  2648.000855: rtg_try_acquire_lock: rtg_preempt: prev=tau_rt_3 sched=FIFO prio=94 pid=4406 tgid=4376 rtgid=1002 | next=deepPicar sched=FIFO prio=93 pid=4381 tgid=4366 rtgid=1001
        tau_rt_2-4396  [003] dn.3  2648.000859: rtg_try_acquire_lock: rtg_block: comm=tau_rt_2 sched=FIFO pid=4396 tgid=4375 rtgid=1002 prio=94
        tau_rt_3-4406  [004] dn.3  2648.000861: rtg_try_acquire_lock: rtg_block: comm=tau_rt_3 sched=FIFO pid=4406 tgid=4376 rtgid=1002 prio=94
       deepPicar-4366  [000] d..3  2648.016449: rtg_try_acquire_lock: rtg_block: comm=tau_rt_1 sched=FIFO pid=4407 tgid=4374 rtgid=1002 prio=94
        tau_rt_4-4373  [005] d..3  2648.031868: rtg_try_release_lock: rtg_release: gid=1001 comm=tau_rt_4
          <idle>-0     [004] dn.3  2648.031872: rtg_try_acquire_lock: rtg_acquire: gid=1002 comm=tau_rt_3
        tau_rt_4-4373  [005] d..3  2648.031876: rtg_try_acquire_lock: rtg_block: comm=deepPicar sched=FIFO pid=4377 tgid=4377 rtgid=0 prio=94
        tau_rt_1-4407  [000] dn.3  2648.048885: rtg_try_acquire_lock: rtg_preempt: prev=tau_rt_3 sched=FIFO prio=94 pid=4406 tgid=4376 rtgid=1002 | next=deepPicar sched=FIFO prio=93 pid=4366 tgid=4366 rtgid=1001
        tau_rt_2-4396  [003] dn.3  2648.048897: rtg_try_acquire_lock: rtg_block: comm=tau_rt_2 sched=FIFO pid=4396 tgid=4375 rtgid=1002 prio=94
        tau_rt_3-4406  [004] dn.3  2648.048900: rtg_try_acquire_lock: rtg_block: comm=tau_rt_3 sched=FIFO pid=4406 tgid=4376 rtgid=1002 prio=94
       deepPicar-4366  [000] d..3  2648.050034: rtg_try_release_lock: rtg_release: gid=1001 comm=deepPicar
          <idle>-0     [005] dn.3  2648.050036: rtg_try_acquire_lock: rtg_acquire: gid=0 comm=deepPicar
          <idle>-0     [003] dn.3  2648.050039: rtg_try_acquire_lock: rtg_block: comm=tau_rt_2 sched=FIFO pid=4396 tgid=4375 rtgid=1002 prio=94
          <idle>-0     [004] dn.3  2648.050041: rtg_try_acquire_lock: rtg_block: comm=tau_rt_3 sched=FIFO pid=4406 tgid=4376 rtgid=1002 prio=94
       deepPicar-4366  [000] d..3  2648.050044: rtg_try_acquire_lock: rtg_preempt: prev=deepPicar sched=FIFO prio=94 pid=4377 tgid=4377 rtgid=0 | next=deepPicar sched=FIFO prio=93 pid=4393 tgid=4366 rtgid=1001
       deepPicar-4377  [005] dn.3  2648.050047: rtg_try_acquire_lock: rtg_block: comm=deepPicar sched=FIFO pid=4377 tgid=4377 rtgid=0 prio=94
       deepPicar-4393  [000] d..3  2648.050794: rtg_try_release_lock: rtg_release: gid=1001 comm=deepPicar
          <idle>-0     [003] dn.3  2648.050796: rtg_try_acquire_lock: rtg_acquire: gid=1002 comm=tau_rt_2
          <idle>-0     [005] dn.3  2648.050798: rtg_try_acquire_lock: rtg_block: comm=deepPicar sched=FIFO pid=4377 tgid=4377 rtgid=0 prio=94
       deepPicar-4393  [000] d..3  2648.050800: rtg_try_acquire_lock: rtg_preempt: prev=tau_rt_2 sched=FIFO prio=94 pid=4396 tgid=4375 rtgid=1002 | next=deepPicar sched=FIFO prio=93 pid=4381 tgid=4366 rtgid=1001
        tau_rt_2-4396  [003] dn.3  2648.050804: rtg_try_acquire_lock: rtg_block: comm=tau_rt_2 sched=FIFO pid=4396 tgid=4375 rtgid=1002 prio=94
        tau_rt_3-4406  [004] dn.3  2648.050806: rtg_try_acquire_lock: rtg_block: comm=tau_rt_3 sched=FIFO pid=4406 tgid=4376 rtgid=1002 prio=94
       deepPicar-4366  [000] d..3  2648.066565: rtg_try_acquire_lock: rtg_block: comm=tau_rt_1 sched=FIFO pid=4407 tgid=4374 rtgid=1002 prio=94
        tau_rt_4-4373  [005] d..3  2648.081889: rtg_try_release_lock: rtg_release: gid=1001 comm=tau_rt_4
          <idle>-0     [004] dn.3  2648.081892: rtg_try_acquire_lock: rtg_acquire: gid=1002 comm=tau_rt_3
        tau_rt_4-4373  [005] d..3  2648.081897: rtg_try_acquire_lock: rtg_block: comm=deepPicar sched=FIFO pid=4377 tgid=4377 rtgid=0 prio=94
        tau_rt_1-4407  [000] dn.3  2648.098887: rtg_try_acquire_lock: rtg_preempt: prev=tau_rt_3 sched=FIFO prio=94 pid=4406 tgid=4376 rtgid=1002 | next=deepPicar sched=FIFO prio=93 pid=4366 tgid=4366 rtgid=1001
        tau_rt_2-4396  [003] dn.3  2648.098901: rtg_try_acquire_lock: rtg_block: comm=tau_rt_2 sched=FIFO pid=4396 tgid=4375 rtgid=1002 prio=94
        tau_rt_3-4406  [004] dn.3  2648.098903: rtg_try_acquire_lock: rtg_block: comm=tau_rt_3 sched=FIFO pid=4406 tgid=4376 rtgid=1002 prio=94
       deepPicar-4366  [000] dn.3  2648.098964: rtg_try_release_lock: rtg_release: gid=1001 comm=deepPicar
          <idle>-0     [003] dn.3  2648.098966: rtg_try_acquire_lock: rtg_acquire: gid=1002 comm=tau_rt_2
          <idle>-0     [005] dn.3  2648.098969: rtg_try_acquire_lock: rtg_block: comm=deepPicar sched=FIFO pid=4377 tgid=4377 rtgid=0 prio=94
      watchdog/0-11    [000] d..3  2648.098973: rtg_try_acquire_lock: rtg_preempt: prev=tau_rt_2 sched=FIFO prio=94 pid=4396 tgid=4375 rtgid=1002 | next=deepPicar sched=FIFO prio=93 pid=4366 tgid=4366 rtgid=1001
        tau_rt_3-4406  [004] dn.3  2648.098977: rtg_try_acquire_lock: rtg_block: comm=tau_rt_3 sched=FIFO pid=4406 tgid=4376 rtgid=1002 prio=94
        tau_rt_2-4396  [003] dn.3  2648.098978: rtg_try_acquire_lock: rtg_block: comm=tau_rt_2 sched=FIFO pid=4396 tgid=4375 rtgid=1002 prio=94
       deepPicar-4366  [000] d..3  2648.100119: rtg_try_release_lock: rtg_release: gid=1001 comm=deepPicar
          <idle>-0     [004] dn.3  2648.100121: rtg_try_acquire_lock: rtg_acquire: gid=1002 comm=tau_rt_3
          <idle>-0     [005] dn.3  2648.100124: rtg_try_acquire_lock: rtg_block: comm=deepPicar sched=FIFO pid=4377 tgid=4377 rtgid=0 prio=94
       deepPicar-4366  [000] d..3  2648.100127: rtg_try_acquire_lock: rtg_preempt: prev=tau_rt_3 sched=FIFO prio=94 pid=4406 tgid=4376 rtgid=1002 | next=deepPicar sched=FIFO prio=93 pid=4395 tgid=4366 rtgid=1001
        tau_rt_2-4396  [003] dn.3  2648.100130: rtg_try_acquire_lock: rtg_block: comm=tau_rt_2 sched=FIFO pid=4396 tgid=4375 rtgid=1002 prio=94
        tau_rt_3-4406  [004] dn.3  2648.100132: rtg_try_acquire_lock: rtg_block: comm=tau_rt_3 sched=FIFO pid=4406 tgid=4376 rtgid=1002 prio=94
       deepPicar-4395  [000] d..3  2648.100873: rtg_try_release_lock: rtg_release: gid=1001 comm=deepPicar
          <idle>-0     [003] dn.3  2648.100875: rtg_try_acquire_lock: rtg_acquire: gid=1002 comm=tau_rt_2
          <idle>-0     [005] dn.3  2648.100877: rtg_try_acquire_lock: rtg_block: comm=deepPicar sched=FIFO pid=4377 tgid=4377 rtgid=0 prio=94
       deepPicar-4395  [000] d..3  2648.100880: rtg_try_acquire_lock: rtg_preempt: prev=tau_rt_2 sched=FIFO prio=94 pid=4396 tgid=4375 rtgid=1002 | next=deepPicar sched=FIFO prio=93 pid=4381 tgid=4366 rtgid=1001
        tau_rt_2-4396  [003] dn.3  2648.100883: rtg_try_acquire_lock: rtg_block: comm=tau_rt_2 sched=FIFO pid=4396 tgid=4375 rtgid=1002 prio=94
        tau_rt_3-4406  [004] dn.3  2648.100885: rtg_try_acquire_lock: rtg_block: comm=tau_rt_3 sched=FIFO pid=4406 tgid=4376 rtgid=1002 prio=94
       deepPicar-4366  [000] d..3  2648.116492: rtg_try_acquire_lock: rtg_block: comm=tau_rt_1 sched=FIFO pid=4407 tgid=4374 rtgid=1002 prio=94
        tau_rt_4-4373  [005] d..3  2648.131619: rtg_try_release_lock: rtg_release: gid=1001 comm=tau_rt_4
          <idle>-0     [004] dn.3  2648.131623: rtg_try_acquire_lock: rtg_acquire: gid=1002 comm=tau_rt_3
        tau_rt_4-4373  [005] d..3  2648.131628: rtg_try_acquire_lock: rtg_block: comm=deepPicar sched=FIFO pid=4377 tgid=4377 rtgid=0 prio=94
        tau_rt_1-4407  [000] dn.3  2648.148888: rtg_try_acquire_lock: rtg_preempt: prev=tau_rt_3 sched=FIFO prio=94 pid=4406 tgid=4376 rtgid=1002 | next=deepPicar sched=FIFO prio=93 pid=4366 tgid=4366 rtgid=1001
        tau_rt_2-4396  [003] dn.3  2648.148902: rtg_try_acquire_lock: rtg_block: comm=tau_rt_2 sched=FIFO pid=4396 tgid=4375 rtgid=1002 prio=94
        tau_rt_3-4406  [004] dn.3  2648.148905: rtg_try_acquire_lock: rtg_block: comm=tau_rt_3 sched=FIFO pid=4406 tgid=4376 rtgid=1002 prio=94
       deepPicar-4366  [000] d..3  2648.150084: rtg_try_release_lock: rtg_release: gid=1001 comm=deepPicar
          <idle>-0     [004] dn.3  2648.150087: rtg_try_acquire_lock: rtg_acquire: gid=1002 comm=tau_rt_3
          <idle>-0     [005] dn.3  2648.150090: rtg_try_acquire_lock: rtg_block: comm=deepPicar sched=FIFO pid=4377 tgid=4377 rtgid=0 prio=94
       deepPicar-4366  [000] d..3  2648.150093: rtg_try_acquire_lock: rtg_preempt: prev=tau_rt_3 sched=FIFO prio=94 pid=4406 tgid=4376 rtgid=1002 | next=deepPicar sched=FIFO prio=93 pid=4385 tgid=4366 rtgid=1001
        tau_rt_2-4396  [003] dn.3  2648.150097: rtg_try_acquire_lock: rtg_block: comm=tau_rt_2 sched=FIFO pid=4396 tgid=4375 rtgid=1002 prio=94
        tau_rt_3-4406  [004] dn.3  2648.150098: rtg_try_acquire_lock: rtg_block: comm=tau_rt_3 sched=FIFO pid=4406 tgid=4376 rtgid=1002 prio=94
       deepPicar-4385  [000] d..3  2648.151040: rtg_try_release_lock: rtg_release: gid=1001 comm=deepPicar
          <idle>-0     [003] dn.3  2648.151042: rtg_try_acquire_lock: rtg_acquire: gid=1002 comm=tau_rt_2
          <idle>-0     [005] dn.3  2648.151044: rtg_try_acquire_lock: rtg_block: comm=deepPicar sched=FIFO pid=4377 tgid=4377 rtgid=0 prio=94
       deepPicar-4385  [000] d..3  2648.151047: rtg_try_acquire_lock: rtg_preempt: prev=tau_rt_2 sched=FIFO prio=94 pid=4396 tgid=4375 rtgid=1002 | next=deepPicar sched=FIFO prio=93 pid=4381 tgid=4366 rtgid=1001
        tau_rt_2-4396  [003] dn.3  2648.151050: rtg_try_acquire_lock: rtg_block: comm=tau_rt_2 sched=FIFO pid=4396 tgid=4375 rtgid=1002 prio=94
        tau_rt_3-4406  [004] dn.3  2648.151052: rtg_try_acquire_lock: rtg_block: comm=tau_rt_3 sched=FIFO pid=4406 tgid=4376 rtgid=1002 prio=94
       deepPicar-4366  [000] d..3  2648.166801: rtg_try_acquire_lock: rtg_block: comm=tau_rt_1 sched=FIFO pid=4407 tgid=4374 rtgid=1002 prio=94
        tau_rt_4-4373  [005] d..3  2648.181838: rtg_try_release_lock: rtg_release: gid=1001 comm=tau_rt_4
          <idle>-0     [004] dn.3  2648.181842: rtg_try_acquire_lock: rtg_acquire: gid=1002 comm=tau_rt_3
        tau_rt_4-4373  [005] d..3  2648.181847: rtg_try_acquire_lock: rtg_block: comm=deepPicar sched=FIFO pid=4377 tgid=4377 rtgid=0 prio=94
        tau_rt_1-4407  [000] dn.3  2648.198887: rtg_try_acquire_lock: rtg_preempt: prev=tau_rt_3 sched=FIFO prio=94 pid=4406 tgid=4376 rtgid=1002 | next=deepPicar sched=FIFO prio=93 pid=4366 tgid=4366 rtgid=1001
        tau_rt_2-4396  [003] dn.3  2648.198899: rtg_try_acquire_lock: rtg_block: comm=tau_rt_2 sched=FIFO pid=4396 tgid=4375 rtgid=1002 prio=94
        tau_rt_3-4406  [004] dn.3  2648.198902: rtg_try_acquire_lock: rtg_block: comm=tau_rt_3 sched=FIFO pid=4406 tgid=4376 rtgid=1002 prio=94
       deepPicar-4366  [000] d..3  2648.200094: rtg_try_release_lock: rtg_release: gid=1001 comm=deepPicar
          <idle>-0     [005] dn.3  2648.200097: rtg_try_acquire_lock: rtg_acquire: gid=0 comm=deepPicar
          <idle>-0     [003] dn.3  2648.200100: rtg_try_acquire_lock: rtg_block: comm=tau_rt_2 sched=FIFO pid=4396 tgid=4375 rtgid=1002 prio=94
          <idle>-0     [004] dn.3  2648.200102: rtg_try_acquire_lock: rtg_block: comm=tau_rt_3 sched=FIFO pid=4406 tgid=4376 rtgid=1002 prio=94
       deepPicar-4366  [000] d..3  2648.200104: rtg_try_acquire_lock: rtg_preempt: prev=deepPicar sched=FIFO prio=94 pid=4377 tgid=4377 rtgid=0 | next=deepPicar sched=FIFO prio=93 pid=4386 tgid=4366 rtgid=1001
       deepPicar-4377  [005] dn.3  2648.200108: rtg_try_acquire_lock: rtg_block: comm=deepPicar sched=FIFO pid=4377 tgid=4377 rtgid=0 prio=94
       deepPicar-4386  [000] d..3  2648.200812: rtg_try_release_lock: rtg_release: gid=1001 comm=deepPicar
          <idle>-0     [003] dn.3  2648.200814: rtg_try_acquire_lock: rtg_acquire: gid=1002 comm=tau_rt_2
          <idle>-0     [005] dn.3  2648.200817: rtg_try_acquire_lock: rtg_block: comm=deepPicar sched=FIFO pid=4377 tgid=4377 rtgid=0 prio=94
       deepPicar-4386  [000] d..3  2648.200819: rtg_try_acquire_lock: rtg_preempt: prev=tau_rt_2 sched=FIFO prio=94 pid=4396 tgid=4375 rtgid=1002 | next=deepPicar sched=FIFO prio=93 pid=4381 tgid=4366 rtgid=1001
        tau_rt_2-4396  [003] dn.3  2648.200823: rtg_try_acquire_lock: rtg_block: comm=tau_rt_2 sched=FIFO pid=4396 tgid=4375 rtgid=1002 prio=94
        tau_rt_3-4406  [004] dn.3  2648.200825: rtg_try_acquire_lock: rtg_block: comm=tau_rt_3 sched=FIFO pid=4406 tgid=4376 rtgid=1002 prio=94
       deepPicar-4366  [000] d..3  2648.216428: rtg_try_acquire_lock: rtg_block: comm=tau_rt_1 sched=FIFO pid=4407 tgid=4374 rtgid=1002 prio=94
        tau_rt_4-4373  [005] d..3  2648.231767: rtg_try_release_lock: rtg_release: gid=1001 comm=tau_rt_4
          <idle>-0     [004] dn.3  2648.231771: rtg_try_acquire_lock: rtg_acquire: gid=1002 comm=tau_rt_3
        tau_rt_4-4373  [005] d..3  2648.231775: rtg_try_acquire_lock: rtg_block: comm=deepPicar sched=FIFO pid=4377 tgid=4377 rtgid=0 prio=94
        tau_rt_1-4407  [000] dn.3  2648.248886: rtg_try_acquire_lock: rtg_preempt: prev=tau_rt_3 sched=FIFO prio=94 pid=4406 tgid=4376 rtgid=1002 | next=deepPicar sched=FIFO prio=93 pid=4366 tgid=4366 rtgid=1001
        tau_rt_3-4406  [004] dn.3  2648.248898: rtg_try_acquire_lock: rtg_block: comm=tau_rt_3 sched=FIFO pid=4406 tgid=4376 rtgid=1002 prio=94
        tau_rt_2-4396  [003] dn.3  2648.248902: rtg_try_acquire_lock: rtg_block: comm=tau_rt_2 sched=FIFO pid=4396 tgid=4375 rtgid=1002 prio=94
       deepPicar-4366  [000] d..3  2648.250096: rtg_try_release_lock: rtg_release: gid=1001 comm=deepPicar
          <idle>-0     [005] dn.3  2648.250099: rtg_try_acquire_lock: rtg_acquire: gid=0 comm=deepPicar
          <idle>-0     [003] dn.3  2648.250101: rtg_try_acquire_lock: rtg_block: comm=tau_rt_2 sched=FIFO pid=4396 tgid=4375 rtgid=1002 prio=94
          <idle>-0     [004] dn.3  2648.250104: rtg_try_acquire_lock: rtg_block: comm=tau_rt_3 sched=FIFO pid=4406 tgid=4376 rtgid=1002 prio=94
       deepPicar-4366  [000] d..3  2648.250107: rtg_try_acquire_lock: rtg_preempt: prev=deepPicar sched=FIFO prio=94 pid=4377 tgid=4377 rtgid=0 | next=deepPicar sched=FIFO prio=93 pid=4389 tgid=4366 rtgid=1001
       deepPicar-4377  [005] dn.3  2648.250110: rtg_try_acquire_lock: rtg_block: comm=deepPicar sched=FIFO pid=4377 tgid=4377 rtgid=0 prio=94
       deepPicar-4389  [000] d..3  2648.250888: rtg_try_release_lock: rtg_release: gid=1001 comm=deepPicar
          <idle>-0     [003] dn.3  2648.250891: rtg_try_acquire_lock: rtg_acquire: gid=1002 comm=tau_rt_2
          <idle>-0     [005] dn.3  2648.250893: rtg_try_acquire_lock: rtg_block: comm=deepPicar sched=FIFO pid=4377 tgid=4377 rtgid=0 prio=94
       deepPicar-4389  [000] d..3  2648.250896: rtg_try_acquire_lock: rtg_preempt: prev=tau_rt_2 sched=FIFO prio=94 pid=4396 tgid=4375 rtgid=1002 | next=deepPicar sched=FIFO prio=93 pid=4381 tgid=4366 rtgid=1001
        tau_rt_2-4396  [003] dn.3  2648.250899: rtg_try_acquire_lock: rtg_block: comm=tau_rt_2 sched=FIFO pid=4396 tgid=4375 rtgid=1002 prio=94
        tau_rt_3-4406  [004] dn.3  2648.250901: rtg_try_acquire_lock: rtg_block: comm=tau_rt_3 sched=FIFO pid=4406 tgid=4376 rtgid=1002 prio=94
       deepPicar-4366  [000] d..3  2648.266457: rtg_try_acquire_lock: rtg_block: comm=tau_rt_1 sched=FIFO pid=4407 tgid=4374 rtgid=1002 prio=94
        tau_rt_4-4373  [005] d..3  2648.281916: rtg_try_release_lock: rtg_release: gid=1001 comm=tau_rt_4
          <idle>-0     [004] dn.3  2648.281920: rtg_try_acquire_lock: rtg_acquire: gid=1002 comm=tau_rt_3
        tau_rt_4-4373  [005] d..3  2648.281925: rtg_try_acquire_lock: rtg_block: comm=deepPicar sched=FIFO pid=4377 tgid=4377 rtgid=0 prio=94
        tau_rt_1-4407  [000] dn.3  2648.298885: rtg_try_acquire_lock: rtg_preempt: prev=tau_rt_3 sched=FIFO prio=94 pid=4406 tgid=4376 rtgid=1002 | next=deepPicar sched=FIFO prio=93 pid=4366 tgid=4366 rtgid=1001
        tau_rt_2-4396  [003] dn.3  2648.298897: rtg_try_acquire_lock: rtg_block: comm=tau_rt_2 sched=FIFO pid=4396 tgid=4375 rtgid=1002 prio=94
        tau_rt_3-4406  [004] dn.3  2648.298900: rtg_try_acquire_lock: rtg_block: comm=tau_rt_3 sched=FIFO pid=4406 tgid=4376 rtgid=1002 prio=94
       deepPicar-4366  [000] d..3  2648.300136: rtg_try_release_lock: rtg_release: gid=1001 comm=deepPicar
          <idle>-0     [003] dn.3  2648.300139: rtg_try_acquire_lock: rtg_acquire: gid=1002 comm=tau_rt_2
          <idle>-0     [005] dn.3  2648.300141: rtg_try_acquire_lock: rtg_block: comm=deepPicar sched=FIFO pid=4377 tgid=4377 rtgid=0 prio=94
       deepPicar-4366  [000] d..3  2648.300144: rtg_try_acquire_lock: rtg_preempt: prev=tau_rt_2 sched=FIFO prio=94 pid=4396 tgid=4375 rtgid=1002 | next=deepPicar sched=FIFO prio=93 pid=4391 tgid=4366 rtgid=1001
        tau_rt_2-4396  [003] dn.3  2648.300148: rtg_try_acquire_lock: rtg_block: comm=tau_rt_2 sched=FIFO pid=4396 tgid=4375 rtgid=1002 prio=94
        tau_rt_3-4406  [004] dn.3  2648.300150: rtg_try_acquire_lock: rtg_block: comm=tau_rt_3 sched=FIFO pid=4406 tgid=4376 rtgid=1002 prio=94
       deepPicar-4391  [000] d..3  2648.300881: rtg_try_release_lock: rtg_release: gid=1001 comm=deepPicar
          <idle>-0     [004] dn.3  2648.300883: rtg_try_acquire_lock: rtg_acquire: gid=1002 comm=tau_rt_3
          <idle>-0     [005] dn.3  2648.300886: rtg_try_acquire_lock: rtg_block: comm=deepPicar sched=FIFO pid=4377 tgid=4377 rtgid=0 prio=94
       deepPicar-4391  [000] d..3  2648.300889: rtg_try_acquire_lock: rtg_preempt: prev=tau_rt_3 sched=FIFO prio=94 pid=4406 tgid=4376 rtgid=1002 | next=deepPicar sched=FIFO prio=93 pid=4381 tgid=4366 rtgid=1001
        tau_rt_2-4396  [003] dn.3  2648.300892: rtg_try_acquire_lock: rtg_block: comm=tau_rt_2 sched=FIFO pid=4396 tgid=4375 rtgid=1002 prio=94
        tau_rt_3-4406  [004] dn.3  2648.300894: rtg_try_acquire_lock: rtg_block: comm=tau_rt_3 sched=FIFO pid=4406 tgid=4376 rtgid=1002 prio=94
       deepPicar-4366  [000] d..3  2648.316534: rtg_try_acquire_lock: rtg_block: comm=tau_rt_1 sched=FIFO pid=4407 tgid=4374 rtgid=1002 prio=94
        tau_rt_4-4373  [005] d..3  2648.331789: rtg_try_release_lock: rtg_release: gid=1001 comm=tau_rt_4
          <idle>-0     [004] dn.3  2648.331794: rtg_try_acquire_lock: rtg_acquire: gid=1002 comm=tau_rt_3
        tau_rt_4-4373  [005] d..3  2648.331798: rtg_try_acquire_lock: rtg_block: comm=deepPicar sched=FIFO pid=4377 tgid=4377 rtgid=0 prio=94
        tau_rt_1-4407  [000] dn.3  2648.348887: rtg_try_acquire_lock: rtg_preempt: prev=tau_rt_3 sched=FIFO prio=94 pid=4406 tgid=4376 rtgid=1002 | next=deepPicar sched=FIFO prio=93 pid=4366 tgid=4366 rtgid=1001
        tau_rt_3-4406  [004] dn.3  2648.348900: rtg_try_acquire_lock: rtg_block: comm=tau_rt_3 sched=FIFO pid=4406 tgid=4376 rtgid=1002 prio=94
        tau_rt_2-4396  [003] dn.3  2648.348904: rtg_try_acquire_lock: rtg_block: comm=tau_rt_2 sched=FIFO pid=4396 tgid=4375 rtgid=1002 prio=94
       deepPicar-4366  [000] d..3  2648.350082: rtg_try_release_lock: rtg_release: gid=1001 comm=deepPicar
          <idle>-0     [003] dn.3  2648.350085: rtg_try_acquire_lock: rtg_acquire: gid=1002 comm=tau_rt_2
          <idle>-0     [005] dn.3  2648.350088: rtg_try_acquire_lock: rtg_block: comm=deepPicar sched=FIFO pid=4377 tgid=4377 rtgid=0 prio=94
       deepPicar-4366  [000] d..3  2648.350092: rtg_try_acquire_lock: rtg_preempt: prev=tau_rt_2 sched=FIFO prio=94 pid=4396 tgid=4375 rtgid=1002 | next=deepPicar sched=FIFO prio=93 pid=4393 tgid=4366 rtgid=1001
        tau_rt_2-4396  [003] dn.3  2648.350095: rtg_try_acquire_lock: rtg_block: comm=tau_rt_2 sched=FIFO pid=4396 tgid=4375 rtgid=1002 prio=94
        tau_rt_3-4406  [004] dn.3  2648.350097: rtg_try_acquire_lock: rtg_block: comm=tau_rt_3 sched=FIFO pid=4406 tgid=4376 rtgid=1002 prio=94
       deepPicar-4393  [000] d..3  2648.350880: rtg_try_release_lock: rtg_release: gid=1001 comm=deepPicar
          <idle>-0     [005] dn.3  2648.350882: rtg_try_acquire_lock: rtg_acquire: gid=0 comm=deepPicar
          <idle>-0     [004] dn.3  2648.350884: rtg_try_acquire_lock: rtg_block: comm=tau_rt_3 sched=FIFO pid=4406 tgid=4376 rtgid=1002 prio=94
          <idle>-0     [003] dn.3  2648.350886: rtg_try_acquire_lock: rtg_block: comm=tau_rt_2 sched=FIFO pid=4396 tgid=4375 rtgid=1002 prio=94
       deepPicar-4393  [000] d..3  2648.350888: rtg_try_acquire_lock: rtg_preempt: prev=deepPicar sched=FIFO prio=94 pid=4377 tgid=4377 rtgid=0 | next=deepPicar sched=FIFO prio=93 pid=4381 tgid=4366 rtgid=1001
       deepPicar-4377  [005] dn.3  2648.350891: rtg_try_acquire_lock: rtg_block: comm=deepPicar sched=FIFO pid=4377 tgid=4377 rtgid=0 prio=94
       deepPicar-4366  [000] d..3  2648.366659: rtg_try_acquire_lock: rtg_block: comm=tau_rt_1 sched=FIFO pid=4407 tgid=4374 rtgid=1002 prio=94
        tau_rt_4-4373  [005] d..3  2648.381778: rtg_try_release_lock: rtg_release: gid=1001 comm=tau_rt_4
          <idle>-0     [000] dn.3  2648.381781: rtg_try_acquire_lock: rtg_acquire: gid=1002 comm=tau_rt_1
        tau_rt_4-4373  [005] d..3  2648.381785: rtg_try_acquire_lock: rtg_block: comm=deepPicar sched=FIFO pid=4377 tgid=4377 rtgid=0 prio=94
        tau_rt_1-4407  [000] dn.3  2648.398886: rtg_try_acquire_lock: rtg_preempt: prev=tau_rt_1 sched=FIFO prio=94 pid=4407 tgid=4374 rtgid=1002 | next=deepPicar sched=FIFO prio=93 pid=4366 tgid=4366 rtgid=1001
        tau_rt_2-4396  [003] dn.3  2648.398898: rtg_try_acquire_lock: rtg_block: comm=tau_rt_2 sched=FIFO pid=4396 tgid=4375 rtgid=1002 prio=94
        tau_rt_3-4406  [004] dn.3  2648.398902: rtg_try_acquire_lock: rtg_block: comm=tau_rt_3 sched=FIFO pid=4406 tgid=4376 rtgid=1002 prio=94
       deepPicar-4366  [000] d..3  2648.400037: rtg_try_release_lock: rtg_release: gid=1001 comm=deepPicar
          <idle>-0     [005] dn.3  2648.400040: rtg_try_acquire_lock: rtg_acquire: gid=0 comm=deepPicar
          <idle>-0     [003] dn.3  2648.400042: rtg_try_acquire_lock: rtg_block: comm=tau_rt_2 sched=FIFO pid=4396 tgid=4375 rtgid=1002 prio=94
          <idle>-0     [004] dn.3  2648.400045: rtg_try_acquire_lock: rtg_block: comm=tau_rt_3 sched=FIFO pid=4406 tgid=4376 rtgid=1002 prio=94
       deepPicar-4366  [000] d..3  2648.400048: rtg_try_acquire_lock: rtg_preempt: prev=deepPicar sched=FIFO prio=94 pid=4377 tgid=4377 rtgid=0 | next=deepPicar sched=FIFO prio=93 pid=4395 tgid=4366 rtgid=1001
       deepPicar-4377  [005] dn.3  2648.400051: rtg_try_acquire_lock: rtg_block: comm=deepPicar sched=FIFO pid=4377 tgid=4377 rtgid=0 prio=94
       deepPicar-4395  [000] d..3  2648.400801: rtg_try_release_lock: rtg_release: gid=1001 comm=deepPicar
          <idle>-0     [003] dn.3  2648.400802: rtg_try_acquire_lock: rtg_acquire: gid=1002 comm=tau_rt_2
       deepPicar-4395  [000] d..3  2648.400806: rtg_try_acquire_lock: rtg_preempt: prev=tau_rt_2 sched=FIFO prio=94 pid=4396 tgid=4375 rtgid=1002 | next=deepPicar sched=FIFO prio=93 pid=4381 tgid=4366 rtgid=1001
          <idle>-0     [005] dn.3  2648.400808: rtg_try_acquire_lock: rtg_block: comm=deepPicar sched=FIFO pid=4377 tgid=4377 rtgid=0 prio=94
        tau_rt_2-4396  [003] dn.3  2648.400810: rtg_try_acquire_lock: rtg_block: comm=tau_rt_2 sched=FIFO pid=4396 tgid=4375 rtgid=1002 prio=94
        tau_rt_3-4406  [004] dn.3  2648.400812: rtg_try_acquire_lock: rtg_block: comm=tau_rt_3 sched=FIFO pid=4406 tgid=4376 rtgid=1002 prio=94
       deepPicar-4366  [000] d..3  2648.416368: rtg_try_acquire_lock: rtg_block: comm=tau_rt_1 sched=FIFO pid=4407 tgid=4374 rtgid=1002 prio=94
        tau_rt_4-4373  [005] d..3  2648.431761: rtg_try_release_lock: rtg_release: gid=1001 comm=tau_rt_4
          <idle>-0     [003] dn.3  2648.431765: rtg_try_acquire_lock: rtg_acquire: gid=1002 comm=tau_rt_2
        tau_rt_4-4373  [005] d..3  2648.431769: rtg_try_acquire_lock: rtg_block: comm=deepPicar sched=FIFO pid=4377 tgid=4377 rtgid=0 prio=94
        tau_rt_1-4407  [000] dn.3  2648.448886: rtg_try_acquire_lock: rtg_preempt: prev=tau_rt_2 sched=FIFO prio=94 pid=4396 tgid=4375 rtgid=1002 | next=deepPicar sched=FIFO prio=93 pid=4366 tgid=4366 rtgid=1001
        tau_rt_2-4396  [003] dn.3  2648.448898: rtg_try_acquire_lock: rtg_block: comm=tau_rt_2 sched=FIFO pid=4396 tgid=4375 rtgid=1002 prio=94
        tau_rt_3-4406  [004] dn.3  2648.448901: rtg_try_acquire_lock: rtg_block: comm=tau_rt_3 sched=FIFO pid=4406 tgid=4376 rtgid=1002 prio=94
       deepPicar-4366  [000] d..3  2648.450062: rtg_try_release_lock: rtg_release: gid=1001 comm=deepPicar
          <idle>-0     [004] dn.3  2648.450064: rtg_try_acquire_lock: rtg_acquire: gid=1002 comm=tau_rt_3
          <idle>-0     [005] dn.3  2648.450068: rtg_try_acquire_lock: rtg_block: comm=deepPicar sched=FIFO pid=4377 tgid=4377 rtgid=0 prio=94
       deepPicar-4366  [000] d..3  2648.450071: rtg_try_acquire_lock: rtg_preempt: prev=tau_rt_3 sched=FIFO prio=94 pid=4406 tgid=4376 rtgid=1002 | next=deepPicar sched=FIFO prio=93 pid=4385 tgid=4366 rtgid=1001
        tau_rt_2-4396  [003] dn.3  2648.450075: rtg_try_acquire_lock: rtg_block: comm=tau_rt_2 sched=FIFO pid=4396 tgid=4375 rtgid=1002 prio=94
        tau_rt_3-4406  [004] dn.3  2648.450077: rtg_try_acquire_lock: rtg_block: comm=tau_rt_3 sched=FIFO pid=4406 tgid=4376 rtgid=1002 prio=94
       deepPicar-4385  [000] d..3  2648.450858: rtg_try_release_lock: rtg_release: gid=1001 comm=deepPicar
          <idle>-0     [004] dn.3  2648.450860: rtg_try_acquire_lock: rtg_acquire: gid=1002 comm=tau_rt_3
          <idle>-0     [005] dn.3  2648.450862: rtg_try_acquire_lock: rtg_block: comm=deepPicar sched=FIFO pid=4377 tgid=4377 rtgid=0 prio=94
       deepPicar-4385  [000] d..3  2648.450865: rtg_try_acquire_lock: rtg_preempt: prev=tau_rt_3 sched=FIFO prio=94 pid=4406 tgid=4376 rtgid=1002 | next=deepPicar sched=FIFO prio=93 pid=4381 tgid=4366 rtgid=1001
        tau_rt_2-4396  [003] dn.3  2648.450868: rtg_try_acquire_lock: rtg_block: comm=tau_rt_2 sched=FIFO pid=4396 tgid=4375 rtgid=1002 prio=94
        tau_rt_3-4406  [004] dn.3  2648.450870: rtg_try_acquire_lock: rtg_block: comm=tau_rt_3 sched=FIFO pid=4406 tgid=4376 rtgid=1002 prio=94
       deepPicar-4366  [000] d..3  2648.466441: rtg_try_acquire_lock: rtg_block: comm=tau_rt_1 sched=FIFO pid=4407 tgid=4374 rtgid=1002 prio=94
        tau_rt_4-4373  [005] d..3  2648.481879: rtg_try_release_lock: rtg_release: gid=1001 comm=tau_rt_4
          <idle>-0     [004] dn.3  2648.481883: rtg_try_acquire_lock: rtg_acquire: gid=1002 comm=tau_rt_3
        tau_rt_4-4373  [005] d..3  2648.481887: rtg_try_acquire_lock: rtg_block: comm=deepPicar sched=FIFO pid=4377 tgid=4377 rtgid=0 prio=94
        tau_rt_1-4407  [000] dn.3  2648.498885: rtg_try_acquire_lock: rtg_preempt: prev=tau_rt_3 sched=FIFO prio=94 pid=4406 tgid=4376 rtgid=1002 | next=deepPicar sched=FIFO prio=93 pid=4366 tgid=4366 rtgid=1001
        tau_rt_2-4396  [003] dn.3  2648.498898: rtg_try_acquire_lock: rtg_block: comm=tau_rt_2 sched=FIFO pid=4396 tgid=4375 rtgid=1002 prio=94
        tau_rt_3-4406  [004] dn.3  2648.498901: rtg_try_acquire_lock: rtg_block: comm=tau_rt_3 sched=FIFO pid=4406 tgid=4376 rtgid=1002 prio=94
       deepPicar-4366  [000] d..3  2648.500094: rtg_try_release_lock: rtg_release: gid=1001 comm=deepPicar
          <idle>-0     [005] dn.3  2648.500097: rtg_try_acquire_lock: rtg_acquire: gid=0 comm=deepPicar
          <idle>-0     [003] dn.3  2648.500099: rtg_try_acquire_lock: rtg_block: comm=tau_rt_2 sched=FIFO pid=4396 tgid=4375 rtgid=1002 prio=94
          <idle>-0     [004] dn.3  2648.500102: rtg_try_acquire_lock: rtg_block: comm=tau_rt_3 sched=FIFO pid=4406 tgid=4376 rtgid=1002 prio=94
       deepPicar-4366  [000] d..3  2648.500104: rtg_try_acquire_lock: rtg_preempt: prev=deepPicar sched=FIFO prio=94 pid=4377 tgid=4377 rtgid=0 | next=deepPicar sched=FIFO prio=93 pid=4386 tgid=4366 rtgid=1001
       deepPicar-4377  [005] dn.3  2648.500107: rtg_try_acquire_lock: rtg_block: comm=deepPicar sched=FIFO pid=4377 tgid=4377 rtgid=0 prio=94
       deepPicar-4386  [000] d..3  2648.500846: rtg_try_release_lock: rtg_release: gid=1001 comm=deepPicar
          <idle>-0     [004] dn.3  2648.500849: rtg_try_acquire_lock: rtg_acquire: gid=1002 comm=tau_rt_3
          <idle>-0     [005] dn.3  2648.500852: rtg_try_acquire_lock: rtg_block: comm=deepPicar sched=FIFO pid=4377 tgid=4377 rtgid=0 prio=94
       deepPicar-4386  [000] d..3  2648.500854: rtg_try_acquire_lock: rtg_preempt: prev=tau_rt_3 sched=FIFO prio=94 pid=4406 tgid=4376 rtgid=1002 | next=deepPicar sched=FIFO prio=93 pid=4381 tgid=4366 rtgid=1001
        tau_rt_2-4396  [003] dn.3  2648.500857: rtg_try_acquire_lock: rtg_block: comm=tau_rt_2 sched=FIFO pid=4396 tgid=4375 rtgid=1002 prio=94
        tau_rt_3-4406  [004] dn.3  2648.500859: rtg_try_acquire_lock: rtg_block: comm=tau_rt_3 sched=FIFO pid=4406 tgid=4376 rtgid=1002 prio=94
       deepPicar-4366  [000] d..3  2648.516533: rtg_try_acquire_lock: rtg_block: comm=tau_rt_1 sched=FIFO pid=4407 tgid=4374 rtgid=1002 prio=94
        tau_rt_4-4373  [005] d..3  2648.531714: rtg_try_release_lock: rtg_release: gid=1001 comm=tau_rt_4
          <idle>-0     [004] dn.3  2648.531718: rtg_try_acquire_lock: rtg_acquire: gid=1002 comm=tau_rt_3
        tau_rt_4-4373  [005] d..3  2648.531722: rtg_try_acquire_lock: rtg_block: comm=deepPicar sched=FIFO pid=4377 tgid=4377 rtgid=0 prio=94
        tau_rt_1-4407  [000] dn.3  2648.548888: rtg_try_acquire_lock: rtg_preempt: prev=tau_rt_3 sched=FIFO prio=94 pid=4406 tgid=4376 rtgid=1002 | next=deepPicar sched=FIFO prio=93 pid=4366 tgid=4366 rtgid=1001
        tau_rt_2-4396  [003] dn.3  2648.548901: rtg_try_acquire_lock: rtg_block: comm=tau_rt_2 sched=FIFO pid=4396 tgid=4375 rtgid=1002 prio=94
        tau_rt_3-4406  [004] dn.3  2648.548903: rtg_try_acquire_lock: rtg_block: comm=tau_rt_3 sched=FIFO pid=4406 tgid=4376 rtgid=1002 prio=94
       deepPicar-4366  [000] d..3  2648.550067: rtg_try_release_lock: rtg_release: gid=1001 comm=deepPicar
          <idle>-0     [003] dn.3  2648.550070: rtg_try_acquire_lock: rtg_acquire: gid=1002 comm=tau_rt_2
          <idle>-0     [005] dn.3  2648.550073: rtg_try_acquire_lock: rtg_block: comm=deepPicar sched=FIFO pid=4377 tgid=4377 rtgid=0 prio=94
       deepPicar-4366  [000] d..3  2648.550076: rtg_try_acquire_lock: rtg_preempt: prev=tau_rt_2 sched=FIFO prio=94 pid=4396 tgid=4375 rtgid=1002 | next=deepPicar sched=FIFO prio=93 pid=4389 tgid=4366 rtgid=1001
        tau_rt_2-4396  [003] dn.3  2648.550080: rtg_try_acquire_lock: rtg_block: comm=tau_rt_2 sched=FIFO pid=4396 tgid=4375 rtgid=1002 prio=94
        tau_rt_3-4406  [004] dn.3  2648.550081: rtg_try_acquire_lock: rtg_block: comm=tau_rt_3 sched=FIFO pid=4406 tgid=4376 rtgid=1002 prio=94
       deepPicar-4389  [000] d..3  2648.550870: rtg_try_release_lock: rtg_release: gid=1001 comm=deepPicar
          <idle>-0     [005] dn.3  2648.550871: rtg_try_acquire_lock: rtg_acquire: gid=0 comm=deepPicar
          <idle>-0     [003] dn.3  2648.550874: rtg_try_acquire_lock: rtg_block: comm=tau_rt_2 sched=FIFO pid=4396 tgid=4375 rtgid=1002 prio=94
          <idle>-0     [004] dn.3  2648.550876: rtg_try_acquire_lock: rtg_block: comm=tau_rt_3 sched=FIFO pid=4406 tgid=4376 rtgid=1002 prio=94
       deepPicar-4389  [000] d..3  2648.550878: rtg_try_acquire_lock: rtg_preempt: prev=deepPicar sched=FIFO prio=94 pid=4377 tgid=4377 rtgid=0 | next=deepPicar sched=FIFO prio=93 pid=4381 tgid=4366 rtgid=1001
       deepPicar-4377  [005] dn.3  2648.550882: rtg_try_acquire_lock: rtg_block: comm=deepPicar sched=FIFO pid=4377 tgid=4377 rtgid=0 prio=94
       deepPicar-4366  [000] d..3  2648.566440: rtg_try_acquire_lock: rtg_block: comm=tau_rt_1 sched=FIFO pid=4407 tgid=4374 rtgid=1002 prio=94
        tau_rt_4-4373  [005] d..3  2648.581783: rtg_try_release_lock: rtg_release: gid=1001 comm=tau_rt_4
          <idle>-0     [000] dn.3  2648.581787: rtg_try_acquire_lock: rtg_acquire: gid=1002 comm=tau_rt_1
        tau_rt_4-4373  [005] d..3  2648.581791: rtg_try_acquire_lock: rtg_block: comm=deepPicar sched=FIFO pid=4377 tgid=4377 rtgid=0 prio=94
        tau_rt_1-4407  [000] dn.3  2648.598885: rtg_try_acquire_lock: rtg_preempt: prev=tau_rt_1 sched=FIFO prio=94 pid=4407 tgid=4374 rtgid=1002 | next=deepPicar sched=FIFO prio=93 pid=4366 tgid=4366 rtgid=1001
        tau_rt_2-4396  [003] dn.3  2648.598896: rtg_try_acquire_lock: rtg_block: comm=tau_rt_2 sched=FIFO pid=4396 tgid=4375 rtgid=1002 prio=94
        tau_rt_3-4406  [004] dn.3  2648.598900: rtg_try_acquire_lock: rtg_block: comm=tau_rt_3 sched=FIFO pid=4406 tgid=4376 rtgid=1002 prio=94
       deepPicar-4366  [000] d..3  2648.600109: rtg_try_release_lock: rtg_release: gid=1001 comm=deepPicar
          <idle>-0     [005] dn.3  2648.600112: rtg_try_acquire_lock: rtg_acquire: gid=0 comm=deepPicar
          <idle>-0     [003] dn.3  2648.600115: rtg_try_acquire_lock: rtg_block: comm=tau_rt_2 sched=FIFO pid=4396 tgid=4375 rtgid=1002 prio=94
          <idle>-0     [004] dn.3  2648.600117: rtg_try_acquire_lock: rtg_block: comm=tau_rt_3 sched=FIFO pid=4406 tgid=4376 rtgid=1002 prio=94
       deepPicar-4366  [000] d..3  2648.600120: rtg_try_acquire_lock: rtg_preempt: prev=deepPicar sched=FIFO prio=94 pid=4377 tgid=4377 rtgid=0 | next=deepPicar sched=FIFO prio=93 pid=4391 tgid=4366 rtgid=1001
       deepPicar-4377  [005] dn.3  2648.600123: rtg_try_acquire_lock: rtg_block: comm=deepPicar sched=FIFO pid=4377 tgid=4377 rtgid=0 prio=94
       deepPicar-4391  [000] d..3  2648.600849: rtg_try_release_lock: rtg_release: gid=1001 comm=deepPicar
          <idle>-0     [003] dn.3  2648.600851: rtg_try_acquire_lock: rtg_acquire: gid=1002 comm=tau_rt_2
          <idle>-0     [005] dn.3  2648.600854: rtg_try_acquire_lock: rtg_block: comm=deepPicar sched=FIFO pid=4377 tgid=4377 rtgid=0 prio=94
       deepPicar-4391  [000] d..3  2648.600857: rtg_try_acquire_lock: rtg_preempt: prev=tau_rt_2 sched=FIFO prio=94 pid=4396 tgid=4375 rtgid=1002 | next=deepPicar sched=FIFO prio=93 pid=4381 tgid=4366 rtgid=1001
        tau_rt_2-4396  [003] dn.3  2648.600860: rtg_try_acquire_lock: rtg_block: comm=tau_rt_2 sched=FIFO pid=4396 tgid=4375 rtgid=1002 prio=94
        tau_rt_3-4406  [004] dn.3  2648.600862: rtg_try_acquire_lock: rtg_block: comm=tau_rt_3 sched=FIFO pid=4406 tgid=4376 rtgid=1002 prio=94
       deepPicar-4366  [000] d..3  2648.616498: rtg_try_acquire_lock: rtg_block: comm=tau_rt_1 sched=FIFO pid=4407 tgid=4374 rtgid=1002 prio=94
        tau_rt_4-4373  [005] d..3  2648.631896: rtg_try_release_lock: rtg_release: gid=1001 comm=tau_rt_4
          <idle>-0     [004] dn.3  2648.631900: rtg_try_acquire_lock: rtg_acquire: gid=1002 comm=tau_rt_3
        tau_rt_4-4373  [005] d..3  2648.631905: rtg_try_acquire_lock: rtg_block: comm=deepPicar sched=FIFO pid=4377 tgid=4377 rtgid=0 prio=94
        tau_rt_1-4407  [000] dn.3  2648.648885: rtg_try_acquire_lock: rtg_preempt: prev=tau_rt_3 sched=FIFO prio=94 pid=4406 tgid=4376 rtgid=1002 | next=deepPicar sched=FIFO prio=93 pid=4366 tgid=4366 rtgid=1001
        tau_rt_2-4396  [003] dn.3  2648.648898: rtg_try_acquire_lock: rtg_block: comm=tau_rt_2 sched=FIFO pid=4396 tgid=4375 rtgid=1002 prio=94
        tau_rt_3-4406  [004] dn.3  2648.648901: rtg_try_acquire_lock: rtg_block: comm=tau_rt_3 sched=FIFO pid=4406 tgid=4376 rtgid=1002 prio=94
       deepPicar-4366  [000] d..3  2648.650070: rtg_try_release_lock: rtg_release: gid=1001 comm=deepPicar
          <idle>-0     [003] dn.3  2648.650072: rtg_try_acquire_lock: rtg_acquire: gid=1002 comm=tau_rt_2
          <idle>-0     [005] dn.3  2648.650075: rtg_try_acquire_lock: rtg_block: comm=deepPicar sched=FIFO pid=4377 tgid=4377 rtgid=0 prio=94
       deepPicar-4366  [000] d..3  2648.650078: rtg_try_acquire_lock: rtg_preempt: prev=tau_rt_2 sched=FIFO prio=94 pid=4396 tgid=4375 rtgid=1002 | next=deepPicar sched=FIFO prio=93 pid=4393 tgid=4366 rtgid=1001
        tau_rt_2-4396  [003] dn.3  2648.650081: rtg_try_acquire_lock: rtg_block: comm=tau_rt_2 sched=FIFO pid=4396 tgid=4375 rtgid=1002 prio=94
        tau_rt_3-4406  [004] dn.3  2648.650083: rtg_try_acquire_lock: rtg_block: comm=tau_rt_3 sched=FIFO pid=4406 tgid=4376 rtgid=1002 prio=94
       deepPicar-4393  [000] d..3  2648.650862: rtg_try_release_lock: rtg_release: gid=1001 comm=deepPicar
          <idle>-0     [004] dn.3  2648.650864: rtg_try_acquire_lock: rtg_acquire: gid=1002 comm=tau_rt_3
          <idle>-0     [005] dn.3  2648.650866: rtg_try_acquire_lock: rtg_block: comm=deepPicar sched=FIFO pid=4377 tgid=4377 rtgid=0 prio=94
       deepPicar-4393  [000] d..3  2648.650869: rtg_try_acquire_lock: rtg_preempt: prev=tau_rt_3 sched=FIFO prio=94 pid=4406 tgid=4376 rtgid=1002 | next=deepPicar sched=FIFO prio=93 pid=4381 tgid=4366 rtgid=1001
        tau_rt_2-4396  [003] dn.3  2648.650873: rtg_try_acquire_lock: rtg_block: comm=tau_rt_2 sched=FIFO pid=4396 tgid=4375 rtgid=1002 prio=94
        tau_rt_3-4406  [004] dn.3  2648.650874: rtg_try_acquire_lock: rtg_block: comm=tau_rt_3 sched=FIFO pid=4406 tgid=4376 rtgid=1002 prio=94
       deepPicar-4366  [000] d..3  2648.666505: rtg_try_acquire_lock: rtg_block: comm=tau_rt_1 sched=FIFO pid=4407 tgid=4374 rtgid=1002 prio=94
        tau_rt_4-4373  [005] d..3  2648.681786: rtg_try_release_lock: rtg_release: gid=1001 comm=tau_rt_4
          <idle>-0     [000] dn.3  2648.681789: rtg_try_acquire_lock: rtg_acquire: gid=1002 comm=tau_rt_1
        tau_rt_4-4373  [005] d..3  2648.681794: rtg_try_acquire_lock: rtg_block: comm=deepPicar sched=FIFO pid=4377 tgid=4377 rtgid=0 prio=94
        tau_rt_1-4407  [000] dn.3  2648.698889: rtg_try_acquire_lock: rtg_preempt: prev=tau_rt_1 sched=FIFO prio=94 pid=4407 tgid=4374 rtgid=1002 | next=deepPicar sched=FIFO prio=93 pid=4366 tgid=4366 rtgid=1001
        tau_rt_2-4396  [003] dn.3  2648.698900: rtg_try_acquire_lock: rtg_block: comm=tau_rt_2 sched=FIFO pid=4396 tgid=4375 rtgid=1002 prio=94
        tau_rt_3-4406  [004] dn.3  2648.698904: rtg_try_acquire_lock: rtg_block: comm=tau_rt_3 sched=FIFO pid=4406 tgid=4376 rtgid=1002 prio=94
       deepPicar-4366  [000] d..3  2648.700045: rtg_try_release_lock: rtg_release: gid=1001 comm=deepPicar
          <idle>-0     [004] dn.3  2648.700048: rtg_try_acquire_lock: rtg_acquire: gid=1002 comm=tau_rt_3
          <idle>-0     [005] dn.3  2648.700051: rtg_try_acquire_lock: rtg_block: comm=deepPicar sched=FIFO pid=4377 tgid=4377 rtgid=0 prio=94
       deepPicar-4366  [000] d..3  2648.700054: rtg_try_acquire_lock: rtg_preempt: prev=tau_rt_3 sched=FIFO prio=94 pid=4406 tgid=4376 rtgid=1002 | next=deepPicar sched=FIFO prio=93 pid=4395 tgid=4366 rtgid=1001
        tau_rt_2-4396  [003] dn.3  2648.700057: rtg_try_acquire_lock: rtg_block: comm=tau_rt_2 sched=FIFO pid=4396 tgid=4375 rtgid=1002 prio=94
        tau_rt_3-4406  [004] dn.3  2648.700059: rtg_try_acquire_lock: rtg_block: comm=tau_rt_3 sched=FIFO pid=4406 tgid=4376 rtgid=1002 prio=94
       deepPicar-4395  [000] d..3  2648.700838: rtg_try_release_lock: rtg_release: gid=1001 comm=deepPicar
          <idle>-0     [003] dn.3  2648.700840: rtg_try_acquire_lock: rtg_acquire: gid=1002 comm=tau_rt_2
          <idle>-0     [005] dn.3  2648.700843: rtg_try_acquire_lock: rtg_block: comm=deepPicar sched=FIFO pid=4377 tgid=4377 rtgid=0 prio=94
       deepPicar-4395  [000] d..3  2648.700846: rtg_try_acquire_lock: rtg_preempt: prev=tau_rt_2 sched=FIFO prio=94 pid=4396 tgid=4375 rtgid=1002 | next=deepPicar sched=FIFO prio=93 pid=4381 tgid=4366 rtgid=1001
        tau_rt_2-4396  [003] dn.3  2648.700850: rtg_try_acquire_lock: rtg_block: comm=tau_rt_2 sched=FIFO pid=4396 tgid=4375 rtgid=1002 prio=94
        tau_rt_3-4406  [004] dn.3  2648.700851: rtg_try_acquire_lock: rtg_block: comm=tau_rt_3 sched=FIFO pid=4406 tgid=4376 rtgid=1002 prio=94
       deepPicar-4366  [000] d..3  2648.716558: rtg_try_acquire_lock: rtg_block: comm=tau_rt_1 sched=FIFO pid=4407 tgid=4374 rtgid=1002 prio=94
        tau_rt_4-4373  [005] d..3  2648.731862: rtg_try_release_lock: rtg_release: gid=1001 comm=tau_rt_4
          <idle>-0     [004] dn.3  2648.731867: rtg_try_acquire_lock: rtg_acquire: gid=1002 comm=tau_rt_3
        tau_rt_4-4373  [005] d..3  2648.731871: rtg_try_acquire_lock: rtg_block: comm=deepPicar sched=FIFO pid=4377 tgid=4377 rtgid=0 prio=94
        tau_rt_1-4407  [000] dn.3  2648.748886: rtg_try_acquire_lock: rtg_preempt: prev=tau_rt_3 sched=FIFO prio=94 pid=4406 tgid=4376 rtgid=1002 | next=deepPicar sched=FIFO prio=93 pid=4366 tgid=4366 rtgid=1001
        tau_rt_3-4406  [004] dn.3  2648.748898: rtg_try_acquire_lock: rtg_block: comm=tau_rt_3 sched=FIFO pid=4406 tgid=4376 rtgid=1002 prio=94
        tau_rt_2-4396  [003] dn.3  2648.748902: rtg_try_acquire_lock: rtg_block: comm=tau_rt_2 sched=FIFO pid=4396 tgid=4375 rtgid=1002 prio=94
       deepPicar-4366  [000] d..3  2648.750036: rtg_try_release_lock: rtg_release: gid=1001 comm=deepPicar
          <idle>-0     [005] dn.3  2648.750039: rtg_try_acquire_lock: rtg_acquire: gid=0 comm=deepPicar
          <idle>-0     [003] dn.3  2648.750042: rtg_try_acquire_lock: rtg_block: comm=tau_rt_2 sched=FIFO pid=4396 tgid=4375 rtgid=1002 prio=94
          <idle>-0     [004] dn.3  2648.750044: rtg_try_acquire_lock: rtg_block: comm=tau_rt_3 sched=FIFO pid=4406 tgid=4376 rtgid=1002 prio=94
       deepPicar-4366  [000] d..3  2648.750046: rtg_try_acquire_lock: rtg_preempt: prev=deepPicar sched=FIFO prio=94 pid=4377 tgid=4377 rtgid=0 | next=deepPicar sched=FIFO prio=93 pid=4385 tgid=4366 rtgid=1001
       deepPicar-4377  [005] dn.3  2648.750049: rtg_try_acquire_lock: rtg_block: comm=deepPicar sched=FIFO pid=4377 tgid=4377 rtgid=0 prio=94
       deepPicar-4385  [000] d..3  2648.751018: rtg_try_release_lock: rtg_release: gid=1001 comm=deepPicar
          <idle>-0     [003] dn.3  2648.751020: rtg_try_acquire_lock: rtg_acquire: gid=1002 comm=tau_rt_2
          <idle>-0     [005] dn.3  2648.751023: rtg_try_acquire_lock: rtg_block: comm=deepPicar sched=FIFO pid=4377 tgid=4377 rtgid=0 prio=94
       deepPicar-4385  [000] d..3  2648.751025: rtg_try_acquire_lock: rtg_preempt: prev=tau_rt_2 sched=FIFO prio=94 pid=4396 tgid=4375 rtgid=1002 | next=deepPicar sched=FIFO prio=93 pid=4381 tgid=4366 rtgid=1001
        tau_rt_2-4396  [003] dn.3  2648.751029: rtg_try_acquire_lock: rtg_block: comm=tau_rt_2 sched=FIFO pid=4396 tgid=4375 rtgid=1002 prio=94
        tau_rt_3-4406  [004] dn.3  2648.751030: rtg_try_acquire_lock: rtg_block: comm=tau_rt_3 sched=FIFO pid=4406 tgid=4376 rtgid=1002 prio=94
       deepPicar-4366  [000] d..3  2648.766742: rtg_try_acquire_lock: rtg_block: comm=tau_rt_1 sched=FIFO pid=4407 tgid=4374 rtgid=1002 prio=94
        tau_rt_4-4373  [005] d..3  2648.781871: rtg_try_release_lock: rtg_release: gid=1001 comm=tau_rt_4
          <idle>-0     [004] dn.3  2648.781875: rtg_try_acquire_lock: rtg_acquire: gid=1002 comm=tau_rt_3
        tau_rt_4-4373  [005] d..3  2648.781880: rtg_try_acquire_lock: rtg_block: comm=deepPicar sched=FIFO pid=4377 tgid=4377 rtgid=0 prio=94
        tau_rt_1-4407  [000] dn.3  2648.798885: rtg_try_acquire_lock: rtg_preempt: prev=tau_rt_3 sched=FIFO prio=94 pid=4406 tgid=4376 rtgid=1002 | next=deepPicar sched=FIFO prio=93 pid=4366 tgid=4366 rtgid=1001
        tau_rt_2-4396  [003] dn.3  2648.798898: rtg_try_acquire_lock: rtg_block: comm=tau_rt_2 sched=FIFO pid=4396 tgid=4375 rtgid=1002 prio=94
        tau_rt_3-4406  [004] dn.3  2648.798901: rtg_try_acquire_lock: rtg_block: comm=tau_rt_3 sched=FIFO pid=4406 tgid=4376 rtgid=1002 prio=94
       deepPicar-4366  [000] d..3  2648.800099: rtg_try_release_lock: rtg_release: gid=1001 comm=deepPicar
          <idle>-0     [005] dn.3  2648.800102: rtg_try_acquire_lock: rtg_acquire: gid=0 comm=deepPicar
          <idle>-0     [004] dn.3  2648.800105: rtg_try_acquire_lock: rtg_block: comm=tau_rt_3 sched=FIFO pid=4406 tgid=4376 rtgid=1002 prio=94
          <idle>-0     [003] dn.3  2648.800107: rtg_try_acquire_lock: rtg_block: comm=tau_rt_2 sched=FIFO pid=4396 tgid=4375 rtgid=1002 prio=94
       deepPicar-4366  [000] d..3  2648.800110: rtg_try_acquire_lock: rtg_preempt: prev=deepPicar sched=FIFO prio=94 pid=4377 tgid=4377 rtgid=0 | next=deepPicar sched=FIFO prio=93 pid=4386 tgid=4366 rtgid=1001
       deepPicar-4377  [005] dn.3  2648.800113: rtg_try_acquire_lock: rtg_block: comm=deepPicar sched=FIFO pid=4377 tgid=4377 rtgid=0 prio=94
       deepPicar-4386  [000] d..3  2648.800877: rtg_try_release_lock: rtg_release: gid=1001 comm=deepPicar
          <idle>-0     [003] dn.3  2648.800879: rtg_try_acquire_lock: rtg_acquire: gid=1002 comm=tau_rt_2
          <idle>-0     [005] dn.3  2648.800882: rtg_try_acquire_lock: rtg_block: comm=deepPicar sched=FIFO pid=4377 tgid=4377 rtgid=0 prio=94
