# tracer: nop
#
# entries-in-buffer/entries-written: 2730/2730   #P:6
#
#                              _-----=> irqs-off
#                             / _----=> need-resched
#                            | / _---=> hardirq/softirq
#                            || / _--=> preempt-depth
#                            ||| /     delay
#           TASK-PID   CPU#  ||||    TIMESTAMP  FUNCTION
#              | |       |   ||||       |         |
     rcu_preempt-7     [003] dn.3  2643.843299: rtg_try_acquire_lock: rtg_acquire: gid=0 comm=deepPicar
       deepPicar-4367  [003] d..3  2643.843471: rtg_try_release_lock: rtg_release: gid=0 comm=deepPicar
     rcu_preempt-7     [003] dn.3  2643.843480: rtg_try_acquire_lock: rtg_acquire: gid=0 comm=deepPicar
       deepPicar-4367  [003] d..3  2643.843586: rtg_try_release_lock: rtg_release: gid=0 comm=deepPicar
     rcu_preempt-7     [003] dn.3  2643.843593: rtg_try_acquire_lock: rtg_acquire: gid=0 comm=deepPicar
       deepPicar-4367  [003] d..3  2643.843758: rtg_try_release_lock: rtg_release: gid=0 comm=deepPicar
     rcu_preempt-7     [003] dn.3  2643.843770: rtg_try_acquire_lock: rtg_acquire: gid=0 comm=deepPicar
       deepPicar-4367  [003] d..3  2643.844028: rtg_try_release_lock: rtg_release: gid=0 comm=deepPicar
            bash-4371  [003] dn.3  2643.844041: rtg_try_acquire_lock: rtg_acquire: gid=0 comm=deepPicar
       deepPicar-4367  [003] d..3  2643.844236: rtg_try_release_lock: rtg_release: gid=0 comm=deepPicar
            bash-4371  [003] dn.3  2643.844260: rtg_try_acquire_lock: rtg_acquire: gid=0 comm=deepPicar
          <idle>-0     [004] dn.3  2643.844468: rtg_try_acquire_lock: rtg_block: comm=deepPicar sched=FIFO pid=4368 tgid=4368 rtgid=0 prio=93
        tau_rt_4-4369  [005] d..3  2643.849914: rtg_try_acquire_lock: rtg_block: comm=tau_rt_4 sched=FIFO pid=4373 tgid=4369 rtgid=1001 prio=93
       deepPicar-4367  [003] d..3  2644.018508: rtg_try_release_lock: rtg_release: gid=1001 comm=deepPicar
          <idle>-0     [004] dn.3  2644.018512: rtg_try_acquire_lock: rtg_acquire: gid=0 comm=deepPicar
       deepPicar-4367  [003] d..3  2644.018516: rtg_try_acquire_lock: rtg_block: comm=deepPicar sched=FIFO pid=4378 tgid=4367 rtgid=1001 prio=93
       deepPicar-4366  [000] d..3  2644.018519: rtg_try_acquire_lock: rtg_block: comm=deepPicar sched=FIFO pid=4379 tgid=4366 rtgid=1001 prio=93
       deepPicar-4377  [005] dn.3  2644.018523: rtg_try_acquire_lock: rtg_block: comm=tau_rt_4 sched=FIFO pid=4373 tgid=4369 rtgid=1001 prio=93
       deepPicar-4368  [004] d..3  2644.322736: rtg_try_acquire_lock: rtg_block: comm=tau_rt_3 sched=FIFO pid=4376 tgid=4376 rtgid=0 prio=94
        tau_rt_4-4373  [005] d..3  2644.331726: rtg_try_release_lock: rtg_release: gid=1001 comm=tau_rt_4
          <idle>-0     [004] dn.3  2644.331730: rtg_try_acquire_lock: rtg_acquire: gid=0 comm=tau_rt_3
          <idle>-0     [000] dn.3  2644.331735: rtg_try_acquire_lock: rtg_block: comm=tau_rt_1 sched=FIFO pid=4374 tgid=4374 rtgid=0 prio=94
          <idle>-0     [003] dn.3  2644.331738: rtg_try_acquire_lock: rtg_block: comm=tau_rt_2 sched=FIFO pid=4396 tgid=4375 rtgid=1002 prio=94
        tau_rt_4-4373  [005] d..3  2644.331741: rtg_try_acquire_lock: rtg_block: comm=deepPicar sched=FIFO pid=4377 tgid=4377 rtgid=0 prio=94
        tau_rt_3-4376  [004] d..3  2644.339738: rtg_try_release_lock: rtg_release: gid=1002 comm=tau_rt_3
          <idle>-0     [005] dn.3  2644.339740: rtg_try_acquire_lock: rtg_acquire: gid=0 comm=deepPicar
          <idle>-0     [000] dn.3  2644.339743: rtg_try_acquire_lock: rtg_block: comm=tau_rt_1 sched=FIFO pid=4374 tgid=4374 rtgid=0 prio=94
          <idle>-0     [003] dn.3  2644.339746: rtg_try_acquire_lock: rtg_block: comm=tau_rt_2 sched=FIFO pid=4396 tgid=4375 rtgid=1002 prio=94
        tau_rt_3-4376  [004] d..3  2644.339748: rtg_try_acquire_lock: rtg_block: comm=tau_rt_3 sched=FIFO pid=4406 tgid=4376 rtgid=1002 prio=94
          <idle>-0     [000] dn.3  2644.348875: rtg_try_acquire_lock: rtg_preempt: prev=deepPicar sched=FIFO prio=94 pid=4377 tgid=4377 rtgid=0 | next=deepPicar sched=FIFO prio=93 pid=4366 tgid=4366 rtgid=1001
       deepPicar-4377  [005] dn.3  2644.348887: rtg_try_acquire_lock: rtg_block: comm=deepPicar sched=FIFO pid=4377 tgid=4377 rtgid=0 prio=94
       deepPicar-4366  [000] d..3  2644.350048: rtg_try_release_lock: rtg_release: gid=1001 comm=deepPicar
          <idle>-0     [004] dn.3  2644.350051: rtg_try_acquire_lock: rtg_acquire: gid=1002 comm=tau_rt_3
          <idle>-0     [005] dn.3  2644.350054: rtg_try_acquire_lock: rtg_block: comm=deepPicar sched=FIFO pid=4377 tgid=4377 rtgid=0 prio=94
       deepPicar-4366  [000] d..3  2644.350057: rtg_try_acquire_lock: rtg_preempt: prev=tau_rt_3 sched=FIFO prio=94 pid=4406 tgid=4376 rtgid=1002 | next=deepPicar sched=FIFO prio=93 pid=4389 tgid=4366 rtgid=1001
        tau_rt_2-4396  [003] dn.3  2644.350061: rtg_try_acquire_lock: rtg_block: comm=tau_rt_2 sched=FIFO pid=4396 tgid=4375 rtgid=1002 prio=94
        tau_rt_3-4406  [004] dn.3  2644.350063: rtg_try_acquire_lock: rtg_block: comm=tau_rt_3 sched=FIFO pid=4406 tgid=4376 rtgid=1002 prio=94
       deepPicar-4389  [000] d..3  2644.350477: rtg_try_release_lock: rtg_release: gid=1001 comm=deepPicar
          <idle>-0     [004] dn.3  2644.350479: rtg_try_acquire_lock: rtg_acquire: gid=1002 comm=tau_rt_3
          <idle>-0     [005] dn.3  2644.350481: rtg_try_acquire_lock: rtg_block: comm=deepPicar sched=FIFO pid=4377 tgid=4377 rtgid=0 prio=94
       deepPicar-4389  [000] d..3  2644.350484: rtg_try_acquire_lock: rtg_preempt: prev=tau_rt_3 sched=FIFO prio=94 pid=4406 tgid=4376 rtgid=1002 | next=deepPicar sched=FIFO prio=93 pid=4381 tgid=4366 rtgid=1001
        tau_rt_2-4396  [003] dn.3  2644.350487: rtg_try_acquire_lock: rtg_block: comm=tau_rt_2 sched=FIFO pid=4396 tgid=4375 rtgid=1002 prio=94
        tau_rt_3-4406  [004] dn.3  2644.350489: rtg_try_acquire_lock: rtg_block: comm=tau_rt_3 sched=FIFO pid=4406 tgid=4376 rtgid=1002 prio=94
       deepPicar-4366  [000] d..3  2644.366102: rtg_try_acquire_lock: rtg_block: comm=tau_rt_1 sched=FIFO pid=4374 tgid=4374 rtgid=0 prio=94
        tau_rt_4-4373  [005] d..3  2644.381687: rtg_try_release_lock: rtg_release: gid=1001 comm=tau_rt_4
          <idle>-0     [004] dn.3  2644.381691: rtg_try_acquire_lock: rtg_acquire: gid=1002 comm=tau_rt_3
          <idle>-0     [000] dn.3  2644.381695: rtg_try_acquire_lock: rtg_block: comm=tau_rt_1 sched=FIFO pid=4374 tgid=4374 rtgid=0 prio=94
        tau_rt_4-4373  [005] d..3  2644.381697: rtg_try_acquire_lock: rtg_block: comm=deepPicar sched=FIFO pid=4377 tgid=4377 rtgid=0 prio=94
          <idle>-0     [000] dn.3  2644.398883: rtg_try_acquire_lock: rtg_preempt: prev=tau_rt_3 sched=FIFO prio=94 pid=4406 tgid=4376 rtgid=1002 | next=deepPicar sched=FIFO prio=93 pid=4366 tgid=4366 rtgid=1001
        tau_rt_2-4396  [003] dn.3  2644.398896: rtg_try_acquire_lock: rtg_block: comm=tau_rt_2 sched=FIFO pid=4396 tgid=4375 rtgid=1002 prio=94
        tau_rt_3-4406  [004] dn.3  2644.398900: rtg_try_acquire_lock: rtg_block: comm=tau_rt_3 sched=FIFO pid=4406 tgid=4376 rtgid=1002 prio=94
       deepPicar-4366  [000] d..3  2644.400058: rtg_try_release_lock: rtg_release: gid=1001 comm=deepPicar
          <idle>-0     [004] dn.3  2644.400060: rtg_try_acquire_lock: rtg_acquire: gid=1002 comm=tau_rt_3
          <idle>-0     [005] dn.3  2644.400063: rtg_try_acquire_lock: rtg_block: comm=deepPicar sched=FIFO pid=4377 tgid=4377 rtgid=0 prio=94
       deepPicar-4366  [000] d..3  2644.400067: rtg_try_acquire_lock: rtg_preempt: prev=tau_rt_3 sched=FIFO prio=94 pid=4406 tgid=4376 rtgid=1002 | next=deepPicar sched=FIFO prio=93 pid=4391 tgid=4366 rtgid=1001
        tau_rt_2-4396  [003] dn.3  2644.400071: rtg_try_acquire_lock: rtg_block: comm=tau_rt_2 sched=FIFO pid=4396 tgid=4375 rtgid=1002 prio=94
        tau_rt_3-4406  [004] dn.3  2644.400073: rtg_try_acquire_lock: rtg_block: comm=tau_rt_3 sched=FIFO pid=4406 tgid=4376 rtgid=1002 prio=94
       deepPicar-4391  [000] d..3  2644.400490: rtg_try_release_lock: rtg_release: gid=1001 comm=deepPicar
          <idle>-0     [003] dn.3  2644.400492: rtg_try_acquire_lock: rtg_acquire: gid=1002 comm=tau_rt_2
          <idle>-0     [005] dn.3  2644.400494: rtg_try_acquire_lock: rtg_block: comm=deepPicar sched=FIFO pid=4377 tgid=4377 rtgid=0 prio=94
       deepPicar-4391  [000] d..3  2644.400497: rtg_try_acquire_lock: rtg_preempt: prev=tau_rt_2 sched=FIFO prio=94 pid=4396 tgid=4375 rtgid=1002 | next=deepPicar sched=FIFO prio=93 pid=4381 tgid=4366 rtgid=1001
        tau_rt_2-4396  [003] dn.3  2644.400501: rtg_try_acquire_lock: rtg_block: comm=tau_rt_2 sched=FIFO pid=4396 tgid=4375 rtgid=1002 prio=94
        tau_rt_3-4406  [004] dn.3  2644.400503: rtg_try_acquire_lock: rtg_block: comm=tau_rt_3 sched=FIFO pid=4406 tgid=4376 rtgid=1002 prio=94
       deepPicar-4366  [000] d..3  2644.416191: rtg_try_acquire_lock: rtg_block: comm=tau_rt_1 sched=FIFO pid=4374 tgid=4374 rtgid=0 prio=94
        tau_rt_4-4373  [005] d..3  2644.431873: rtg_try_release_lock: rtg_release: gid=1001 comm=tau_rt_4
          <idle>-0     [004] dn.3  2644.431876: rtg_try_acquire_lock: rtg_acquire: gid=1002 comm=tau_rt_3
          <idle>-0     [000] dn.3  2644.431881: rtg_try_acquire_lock: rtg_block: comm=tau_rt_1 sched=FIFO pid=4374 tgid=4374 rtgid=0 prio=94
        tau_rt_4-4373  [005] d..3  2644.431883: rtg_try_acquire_lock: rtg_block: comm=deepPicar sched=FIFO pid=4377 tgid=4377 rtgid=0 prio=94
          <idle>-0     [000] dn.3  2644.448885: rtg_try_acquire_lock: rtg_preempt: prev=tau_rt_3 sched=FIFO prio=94 pid=4406 tgid=4376 rtgid=1002 | next=deepPicar sched=FIFO prio=93 pid=4366 tgid=4366 rtgid=1001
        tau_rt_2-4396  [003] dn.3  2644.448898: rtg_try_acquire_lock: rtg_block: comm=tau_rt_2 sched=FIFO pid=4396 tgid=4375 rtgid=1002 prio=94
        tau_rt_3-4406  [004] dn.3  2644.448901: rtg_try_acquire_lock: rtg_block: comm=tau_rt_3 sched=FIFO pid=4406 tgid=4376 rtgid=1002 prio=94
       deepPicar-4366  [000] d..3  2644.450053: rtg_try_release_lock: rtg_release: gid=1001 comm=deepPicar
          <idle>-0     [005] dn.3  2644.450056: rtg_try_acquire_lock: rtg_acquire: gid=0 comm=deepPicar
          <idle>-0     [003] dn.3  2644.450059: rtg_try_acquire_lock: rtg_block: comm=tau_rt_2 sched=FIFO pid=4396 tgid=4375 rtgid=1002 prio=94
          <idle>-0     [004] dn.3  2644.450061: rtg_try_acquire_lock: rtg_block: comm=tau_rt_3 sched=FIFO pid=4406 tgid=4376 rtgid=1002 prio=94
       deepPicar-4366  [000] d..3  2644.450064: rtg_try_acquire_lock: rtg_preempt: prev=deepPicar sched=FIFO prio=94 pid=4377 tgid=4377 rtgid=0 | next=deepPicar sched=FIFO prio=93 pid=4393 tgid=4366 rtgid=1001
       deepPicar-4377  [005] dn.3  2644.450067: rtg_try_acquire_lock: rtg_block: comm=deepPicar sched=FIFO pid=4377 tgid=4377 rtgid=0 prio=94
       deepPicar-4393  [000] d..3  2644.450466: rtg_try_release_lock: rtg_release: gid=1001 comm=deepPicar
          <idle>-0     [003] dn.3  2644.450468: rtg_try_acquire_lock: rtg_acquire: gid=1002 comm=tau_rt_2
          <idle>-0     [005] dn.3  2644.450471: rtg_try_acquire_lock: rtg_block: comm=deepPicar sched=FIFO pid=4377 tgid=4377 rtgid=0 prio=94
       deepPicar-4393  [000] d..3  2644.450474: rtg_try_acquire_lock: rtg_preempt: prev=tau_rt_2 sched=FIFO prio=94 pid=4396 tgid=4375 rtgid=1002 | next=deepPicar sched=FIFO prio=93 pid=4381 tgid=4366 rtgid=1001
        tau_rt_2-4396  [003] dn.3  2644.450477: rtg_try_acquire_lock: rtg_block: comm=tau_rt_2 sched=FIFO pid=4396 tgid=4375 rtgid=1002 prio=94
        tau_rt_3-4406  [004] dn.3  2644.450479: rtg_try_acquire_lock: rtg_block: comm=tau_rt_3 sched=FIFO pid=4406 tgid=4376 rtgid=1002 prio=94
       deepPicar-4366  [000] d..3  2644.466017: rtg_try_acquire_lock: rtg_block: comm=tau_rt_1 sched=FIFO pid=4374 tgid=4374 rtgid=0 prio=94
        tau_rt_4-4373  [005] d..3  2644.481576: rtg_try_release_lock: rtg_release: gid=1001 comm=tau_rt_4
          <idle>-0     [004] dn.3  2644.481580: rtg_try_acquire_lock: rtg_acquire: gid=1002 comm=tau_rt_3
          <idle>-0     [000] dn.3  2644.481585: rtg_try_acquire_lock: rtg_block: comm=tau_rt_1 sched=FIFO pid=4374 tgid=4374 rtgid=0 prio=94
        tau_rt_4-4373  [005] d..3  2644.481587: rtg_try_acquire_lock: rtg_block: comm=deepPicar sched=FIFO pid=4377 tgid=4377 rtgid=0 prio=94
          <idle>-0     [000] dn.3  2644.498883: rtg_try_acquire_lock: rtg_preempt: prev=tau_rt_3 sched=FIFO prio=94 pid=4406 tgid=4376 rtgid=1002 | next=deepPicar sched=FIFO prio=93 pid=4366 tgid=4366 rtgid=1001
        tau_rt_2-4396  [003] dn.3  2644.498896: rtg_try_acquire_lock: rtg_block: comm=tau_rt_2 sched=FIFO pid=4396 tgid=4375 rtgid=1002 prio=94
        tau_rt_3-4406  [004] dn.3  2644.498899: rtg_try_acquire_lock: rtg_block: comm=tau_rt_3 sched=FIFO pid=4406 tgid=4376 rtgid=1002 prio=94
       deepPicar-4366  [000] d..3  2644.500077: rtg_try_release_lock: rtg_release: gid=1001 comm=deepPicar
          <idle>-0     [004] dn.3  2644.500080: rtg_try_acquire_lock: rtg_acquire: gid=1002 comm=tau_rt_3
          <idle>-0     [005] dn.3  2644.500083: rtg_try_acquire_lock: rtg_block: comm=deepPicar sched=FIFO pid=4377 tgid=4377 rtgid=0 prio=94
       deepPicar-4366  [000] d..3  2644.500086: rtg_try_acquire_lock: rtg_preempt: prev=tau_rt_3 sched=FIFO prio=94 pid=4406 tgid=4376 rtgid=1002 | next=deepPicar sched=FIFO prio=93 pid=4395 tgid=4366 rtgid=1001
        tau_rt_2-4396  [003] dn.3  2644.500090: rtg_try_acquire_lock: rtg_block: comm=tau_rt_2 sched=FIFO pid=4396 tgid=4375 rtgid=1002 prio=94
        tau_rt_3-4406  [004] dn.3  2644.500092: rtg_try_acquire_lock: rtg_block: comm=tau_rt_3 sched=FIFO pid=4406 tgid=4376 rtgid=1002 prio=94
       deepPicar-4395  [000] d..3  2644.500507: rtg_try_release_lock: rtg_release: gid=1001 comm=deepPicar
          <idle>-0     [003] dn.3  2644.500508: rtg_try_acquire_lock: rtg_acquire: gid=1002 comm=tau_rt_2
          <idle>-0     [005] dn.3  2644.500511: rtg_try_acquire_lock: rtg_block: comm=deepPicar sched=FIFO pid=4377 tgid=4377 rtgid=0 prio=94
       deepPicar-4395  [000] d..3  2644.500513: rtg_try_acquire_lock: rtg_preempt: prev=tau_rt_2 sched=FIFO prio=94 pid=4396 tgid=4375 rtgid=1002 | next=deepPicar sched=FIFO prio=93 pid=4381 tgid=4366 rtgid=1001
        tau_rt_2-4396  [003] dn.3  2644.500517: rtg_try_acquire_lock: rtg_block: comm=tau_rt_2 sched=FIFO pid=4396 tgid=4375 rtgid=1002 prio=94
        tau_rt_3-4406  [004] dn.3  2644.500519: rtg_try_acquire_lock: rtg_block: comm=tau_rt_3 sched=FIFO pid=4406 tgid=4376 rtgid=1002 prio=94
       deepPicar-4366  [000] d..3  2644.516251: rtg_try_acquire_lock: rtg_block: comm=tau_rt_1 sched=FIFO pid=4374 tgid=4374 rtgid=0 prio=94
        tau_rt_4-4373  [005] d..3  2644.531706: rtg_try_release_lock: rtg_release: gid=1001 comm=tau_rt_4
          <idle>-0     [004] dn.3  2644.531710: rtg_try_acquire_lock: rtg_acquire: gid=1002 comm=tau_rt_3
          <idle>-0     [000] dn.3  2644.531715: rtg_try_acquire_lock: rtg_block: comm=tau_rt_1 sched=FIFO pid=4374 tgid=4374 rtgid=0 prio=94
        tau_rt_4-4373  [005] d..3  2644.531717: rtg_try_acquire_lock: rtg_block: comm=deepPicar sched=FIFO pid=4377 tgid=4377 rtgid=0 prio=94
          <idle>-0     [000] dn.3  2644.548883: rtg_try_acquire_lock: rtg_preempt: prev=tau_rt_3 sched=FIFO prio=94 pid=4406 tgid=4376 rtgid=1002 | next=deepPicar sched=FIFO prio=93 pid=4366 tgid=4366 rtgid=1001
        tau_rt_2-4396  [003] dn.3  2644.548896: rtg_try_acquire_lock: rtg_block: comm=tau_rt_2 sched=FIFO pid=4396 tgid=4375 rtgid=1002 prio=94
        tau_rt_3-4406  [004] dn.3  2644.548899: rtg_try_acquire_lock: rtg_block: comm=tau_rt_3 sched=FIFO pid=4406 tgid=4376 rtgid=1002 prio=94
       deepPicar-4366  [000] d..3  2644.550054: rtg_try_release_lock: rtg_release: gid=1001 comm=deepPicar
          <idle>-0     [005] dn.3  2644.550057: rtg_try_acquire_lock: rtg_acquire: gid=0 comm=deepPicar
          <idle>-0     [003] dn.3  2644.550060: rtg_try_acquire_lock: rtg_block: comm=tau_rt_2 sched=FIFO pid=4396 tgid=4375 rtgid=1002 prio=94
          <idle>-0     [004] dn.3  2644.550061: rtg_try_acquire_lock: rtg_block: comm=tau_rt_3 sched=FIFO pid=4406 tgid=4376 rtgid=1002 prio=94
       deepPicar-4366  [000] d..3  2644.550064: rtg_try_acquire_lock: rtg_preempt: prev=deepPicar sched=FIFO prio=94 pid=4377 tgid=4377 rtgid=0 | next=deepPicar sched=FIFO prio=93 pid=4385 tgid=4366 rtgid=1001
       deepPicar-4377  [005] dn.3  2644.550068: rtg_try_acquire_lock: rtg_block: comm=deepPicar sched=FIFO pid=4377 tgid=4377 rtgid=0 prio=94
       deepPicar-4385  [000] d..3  2644.551160: rtg_try_release_lock: rtg_release: gid=1001 comm=deepPicar
          <idle>-0     [003] dn.3  2644.551162: rtg_try_acquire_lock: rtg_acquire: gid=1002 comm=tau_rt_2
          <idle>-0     [005] dn.3  2644.551165: rtg_try_acquire_lock: rtg_block: comm=deepPicar sched=FIFO pid=4377 tgid=4377 rtgid=0 prio=94
       deepPicar-4385  [000] d..3  2644.551167: rtg_try_acquire_lock: rtg_preempt: prev=tau_rt_2 sched=FIFO prio=94 pid=4396 tgid=4375 rtgid=1002 | next=deepPicar sched=FIFO prio=93 pid=4381 tgid=4366 rtgid=1001
        tau_rt_3-4406  [004] dn.3  2644.551172: rtg_try_acquire_lock: rtg_block: comm=tau_rt_3 sched=FIFO pid=4406 tgid=4376 rtgid=1002 prio=94
        tau_rt_2-4396  [003] dn.3  2644.551173: rtg_try_acquire_lock: rtg_block: comm=tau_rt_2 sched=FIFO pid=4396 tgid=4375 rtgid=1002 prio=94
       deepPicar-4366  [000] d..3  2644.566866: rtg_try_acquire_lock: rtg_block: comm=tau_rt_1 sched=FIFO pid=4374 tgid=4374 rtgid=0 prio=94
        tau_rt_4-4373  [005] d..3  2644.581730: rtg_try_release_lock: rtg_release: gid=1001 comm=tau_rt_4
          <idle>-0     [004] dn.3  2644.581734: rtg_try_acquire_lock: rtg_acquire: gid=1002 comm=tau_rt_3
          <idle>-0     [000] dn.3  2644.581738: rtg_try_acquire_lock: rtg_block: comm=tau_rt_1 sched=FIFO pid=4374 tgid=4374 rtgid=0 prio=94
        tau_rt_4-4373  [005] d..3  2644.581740: rtg_try_acquire_lock: rtg_block: comm=deepPicar sched=FIFO pid=4377 tgid=4377 rtgid=0 prio=94
          <idle>-0     [000] dn.3  2644.598886: rtg_try_acquire_lock: rtg_preempt: prev=tau_rt_3 sched=FIFO prio=94 pid=4406 tgid=4376 rtgid=1002 | next=deepPicar sched=FIFO prio=93 pid=4366 tgid=4366 rtgid=1001
        tau_rt_2-4396  [003] dn.3  2644.598898: rtg_try_acquire_lock: rtg_block: comm=tau_rt_2 sched=FIFO pid=4396 tgid=4375 rtgid=1002 prio=94
        tau_rt_3-4406  [004] dn.3  2644.598902: rtg_try_acquire_lock: rtg_block: comm=tau_rt_3 sched=FIFO pid=4406 tgid=4376 rtgid=1002 prio=94
       deepPicar-4366  [000] d..3  2644.600081: rtg_try_release_lock: rtg_release: gid=1001 comm=deepPicar
          <idle>-0     [004] dn.3  2644.600083: rtg_try_acquire_lock: rtg_acquire: gid=1002 comm=tau_rt_3
          <idle>-0     [005] dn.3  2644.600086: rtg_try_acquire_lock: rtg_block: comm=deepPicar sched=FIFO pid=4377 tgid=4377 rtgid=0 prio=94
       deepPicar-4366  [000] d..3  2644.600090: rtg_try_acquire_lock: rtg_preempt: prev=tau_rt_3 sched=FIFO prio=94 pid=4406 tgid=4376 rtgid=1002 | next=deepPicar sched=FIFO prio=93 pid=4386 tgid=4366 rtgid=1001
        tau_rt_3-4406  [004] dn.3  2644.600093: rtg_try_acquire_lock: rtg_block: comm=tau_rt_3 sched=FIFO pid=4406 tgid=4376 rtgid=1002 prio=94
        tau_rt_2-4396  [003] dn.3  2644.600095: rtg_try_acquire_lock: rtg_block: comm=tau_rt_2 sched=FIFO pid=4396 tgid=4375 rtgid=1002 prio=94
       deepPicar-4386  [000] d..3  2644.600605: rtg_try_release_lock: rtg_release: gid=1001 comm=deepPicar
          <idle>-0     [003] dn.3  2644.600608: rtg_try_acquire_lock: rtg_acquire: gid=1002 comm=tau_rt_2
          <idle>-0     [005] dn.3  2644.600610: rtg_try_acquire_lock: rtg_block: comm=deepPicar sched=FIFO pid=4377 tgid=4377 rtgid=0 prio=94
       deepPicar-4386  [000] d..3  2644.600612: rtg_try_acquire_lock: rtg_preempt: prev=tau_rt_2 sched=FIFO prio=94 pid=4396 tgid=4375 rtgid=1002 | next=deepPicar sched=FIFO prio=93 pid=4381 tgid=4366 rtgid=1001
        tau_rt_3-4406  [004] dn.3  2644.600616: rtg_try_acquire_lock: rtg_block: comm=tau_rt_3 sched=FIFO pid=4406 tgid=4376 rtgid=1002 prio=94
        tau_rt_2-4396  [003] dn.3  2644.600618: rtg_try_acquire_lock: rtg_block: comm=tau_rt_2 sched=FIFO pid=4396 tgid=4375 rtgid=1002 prio=94
       deepPicar-4366  [000] d..3  2644.616220: rtg_try_acquire_lock: rtg_block: comm=tau_rt_1 sched=FIFO pid=4374 tgid=4374 rtgid=0 prio=94
        tau_rt_4-4373  [005] d..3  2644.631787: rtg_try_release_lock: rtg_release: gid=1001 comm=tau_rt_4
          <idle>-0     [004] dn.3  2644.631791: rtg_try_acquire_lock: rtg_acquire: gid=1002 comm=tau_rt_3
          <idle>-0     [000] dn.3  2644.631794: rtg_try_acquire_lock: rtg_block: comm=tau_rt_1 sched=FIFO pid=4374 tgid=4374 rtgid=0 prio=94
        tau_rt_4-4373  [005] d..3  2644.631797: rtg_try_acquire_lock: rtg_block: comm=deepPicar sched=FIFO pid=4377 tgid=4377 rtgid=0 prio=94
          <idle>-0     [000] dn.3  2644.648883: rtg_try_acquire_lock: rtg_preempt: prev=tau_rt_3 sched=FIFO prio=94 pid=4406 tgid=4376 rtgid=1002 | next=deepPicar sched=FIFO prio=93 pid=4366 tgid=4366 rtgid=1001
        tau_rt_2-4396  [003] dn.3  2644.648896: rtg_try_acquire_lock: rtg_block: comm=tau_rt_2 sched=FIFO pid=4396 tgid=4375 rtgid=1002 prio=94
        tau_rt_3-4406  [004] dn.3  2644.648900: rtg_try_acquire_lock: rtg_block: comm=tau_rt_3 sched=FIFO pid=4406 tgid=4376 rtgid=1002 prio=94
       deepPicar-4366  [000] d..3  2644.650060: rtg_try_release_lock: rtg_release: gid=1001 comm=deepPicar
          <idle>-0     [005] dn.3  2644.650062: rtg_try_acquire_lock: rtg_acquire: gid=0 comm=deepPicar
          <idle>-0     [003] dn.3  2644.650065: rtg_try_acquire_lock: rtg_block: comm=tau_rt_2 sched=FIFO pid=4396 tgid=4375 rtgid=1002 prio=94
          <idle>-0     [004] dn.3  2644.650067: rtg_try_acquire_lock: rtg_block: comm=tau_rt_3 sched=FIFO pid=4406 tgid=4376 rtgid=1002 prio=94
       deepPicar-4366  [000] d..3  2644.650070: rtg_try_acquire_lock: rtg_preempt: prev=deepPicar sched=FIFO prio=94 pid=4377 tgid=4377 rtgid=0 | next=deepPicar sched=FIFO prio=93 pid=4389 tgid=4366 rtgid=1001
       deepPicar-4377  [005] dn.3  2644.650074: rtg_try_acquire_lock: rtg_block: comm=deepPicar sched=FIFO pid=4377 tgid=4377 rtgid=0 prio=94
       deepPicar-4389  [000] d..3  2644.650791: rtg_try_release_lock: rtg_release: gid=1001 comm=deepPicar
          <idle>-0     [004] dn.3  2644.650792: rtg_try_acquire_lock: rtg_acquire: gid=1002 comm=tau_rt_3
          <idle>-0     [005] dn.3  2644.650795: rtg_try_acquire_lock: rtg_block: comm=deepPicar sched=FIFO pid=4377 tgid=4377 rtgid=0 prio=94
       deepPicar-4389  [000] d..3  2644.650797: rtg_try_acquire_lock: rtg_preempt: prev=tau_rt_3 sched=FIFO prio=94 pid=4406 tgid=4376 rtgid=1002 | next=deepPicar sched=FIFO prio=93 pid=4381 tgid=4366 rtgid=1001
        tau_rt_2-4396  [003] dn.3  2644.650801: rtg_try_acquire_lock: rtg_block: comm=tau_rt_2 sched=FIFO pid=4396 tgid=4375 rtgid=1002 prio=94
        tau_rt_3-4406  [004] dn.3  2644.650803: rtg_try_acquire_lock: rtg_block: comm=tau_rt_3 sched=FIFO pid=4406 tgid=4376 rtgid=1002 prio=94
       deepPicar-4366  [000] d..3  2644.666250: rtg_try_acquire_lock: rtg_block: comm=tau_rt_1 sched=FIFO pid=4374 tgid=4374 rtgid=0 prio=94
        tau_rt_4-4373  [005] d..3  2644.681711: rtg_try_release_lock: rtg_release: gid=1001 comm=tau_rt_4
          <idle>-0     [004] dn.3  2644.681715: rtg_try_acquire_lock: rtg_acquire: gid=1002 comm=tau_rt_3
          <idle>-0     [000] dn.3  2644.681720: rtg_try_acquire_lock: rtg_block: comm=tau_rt_1 sched=FIFO pid=4374 tgid=4374 rtgid=0 prio=94
        tau_rt_4-4373  [005] d..3  2644.681722: rtg_try_acquire_lock: rtg_block: comm=deepPicar sched=FIFO pid=4377 tgid=4377 rtgid=0 prio=94
          <idle>-0     [000] dn.3  2644.698883: rtg_try_acquire_lock: rtg_preempt: prev=tau_rt_3 sched=FIFO prio=94 pid=4406 tgid=4376 rtgid=1002 | next=deepPicar sched=FIFO prio=93 pid=4366 tgid=4366 rtgid=1001
        tau_rt_2-4396  [003] dn.3  2644.698895: rtg_try_acquire_lock: rtg_block: comm=tau_rt_2 sched=FIFO pid=4396 tgid=4375 rtgid=1002 prio=94
        tau_rt_3-4406  [004] dn.3  2644.698899: rtg_try_acquire_lock: rtg_block: comm=tau_rt_3 sched=FIFO pid=4406 tgid=4376 rtgid=1002 prio=94
       deepPicar-4366  [000] d..3  2644.700092: rtg_try_release_lock: rtg_release: gid=1001 comm=deepPicar
          <idle>-0     [005] dn.3  2644.700095: rtg_try_acquire_lock: rtg_acquire: gid=0 comm=deepPicar
          <idle>-0     [004] dn.3  2644.700098: rtg_try_acquire_lock: rtg_block: comm=tau_rt_3 sched=FIFO pid=4406 tgid=4376 rtgid=1002 prio=94
          <idle>-0     [003] dn.3  2644.700100: rtg_try_acquire_lock: rtg_block: comm=tau_rt_2 sched=FIFO pid=4396 tgid=4375 rtgid=1002 prio=94
       deepPicar-4366  [000] d..3  2644.700103: rtg_try_acquire_lock: rtg_preempt: prev=deepPicar sched=FIFO prio=94 pid=4377 tgid=4377 rtgid=0 | next=deepPicar sched=FIFO prio=93 pid=4391 tgid=4366 rtgid=1001
       deepPicar-4377  [005] dn.3  2644.700106: rtg_try_acquire_lock: rtg_block: comm=deepPicar sched=FIFO pid=4377 tgid=4377 rtgid=0 prio=94
       deepPicar-4391  [000] d..3  2644.700825: rtg_try_release_lock: rtg_release: gid=1001 comm=deepPicar
          <idle>-0     [004] dn.3  2644.700827: rtg_try_acquire_lock: rtg_acquire: gid=1002 comm=tau_rt_3
          <idle>-0     [005] dn.3  2644.700829: rtg_try_acquire_lock: rtg_block: comm=deepPicar sched=FIFO pid=4377 tgid=4377 rtgid=0 prio=94
       deepPicar-4391  [000] d..3  2644.700832: rtg_try_acquire_lock: rtg_preempt: prev=tau_rt_3 sched=FIFO prio=94 pid=4406 tgid=4376 rtgid=1002 | next=deepPicar sched=FIFO prio=93 pid=4381 tgid=4366 rtgid=1001
        tau_rt_2-4396  [003] dn.3  2644.700835: rtg_try_acquire_lock: rtg_block: comm=tau_rt_2 sched=FIFO pid=4396 tgid=4375 rtgid=1002 prio=94
        tau_rt_3-4406  [004] dn.3  2644.700837: rtg_try_acquire_lock: rtg_block: comm=tau_rt_3 sched=FIFO pid=4406 tgid=4376 rtgid=1002 prio=94
       deepPicar-4366  [000] d..3  2644.716528: rtg_try_acquire_lock: rtg_block: comm=tau_rt_1 sched=FIFO pid=4374 tgid=4374 rtgid=0 prio=94
        tau_rt_4-4373  [005] d..3  2644.732006: rtg_try_release_lock: rtg_release: gid=1001 comm=tau_rt_4
          <idle>-0     [003] dn.3  2644.732010: rtg_try_acquire_lock: rtg_acquire: gid=1002 comm=tau_rt_2
          <idle>-0     [000] dn.3  2644.732015: rtg_try_acquire_lock: rtg_block: comm=tau_rt_1 sched=FIFO pid=4374 tgid=4374 rtgid=0 prio=94
        tau_rt_4-4373  [005] d..3  2644.732017: rtg_try_acquire_lock: rtg_block: comm=deepPicar sched=FIFO pid=4377 tgid=4377 rtgid=0 prio=94
          <idle>-0     [000] dn.3  2644.748883: rtg_try_acquire_lock: rtg_preempt: prev=tau_rt_2 sched=FIFO prio=94 pid=4396 tgid=4375 rtgid=1002 | next=deepPicar sched=FIFO prio=93 pid=4366 tgid=4366 rtgid=1001
        tau_rt_2-4396  [003] dn.3  2644.748894: rtg_try_acquire_lock: rtg_block: comm=tau_rt_2 sched=FIFO pid=4396 tgid=4375 rtgid=1002 prio=94
        tau_rt_3-4406  [004] dn.3  2644.748899: rtg_try_acquire_lock: rtg_block: comm=tau_rt_3 sched=FIFO pid=4406 tgid=4376 rtgid=1002 prio=94
       deepPicar-4366  [000] d..3  2644.750062: rtg_try_release_lock: rtg_release: gid=1001 comm=deepPicar
          <idle>-0     [005] dn.3  2644.750065: rtg_try_acquire_lock: rtg_acquire: gid=0 comm=deepPicar
          <idle>-0     [003] dn.3  2644.750068: rtg_try_acquire_lock: rtg_block: comm=tau_rt_2 sched=FIFO pid=4396 tgid=4375 rtgid=1002 prio=94
          <idle>-0     [004] dn.3  2644.750070: rtg_try_acquire_lock: rtg_block: comm=tau_rt_3 sched=FIFO pid=4406 tgid=4376 rtgid=1002 prio=94
       deepPicar-4366  [000] d..3  2644.750073: rtg_try_acquire_lock: rtg_preempt: prev=deepPicar sched=FIFO prio=94 pid=4377 tgid=4377 rtgid=0 | next=deepPicar sched=FIFO prio=93 pid=4393 tgid=4366 rtgid=1001
       deepPicar-4377  [005] dn.3  2644.750076: rtg_try_acquire_lock: rtg_block: comm=deepPicar sched=FIFO pid=4377 tgid=4377 rtgid=0 prio=94
       deepPicar-4393  [000] d..3  2644.750837: rtg_try_release_lock: rtg_release: gid=1001 comm=deepPicar
          <idle>-0     [003] dn.3  2644.750839: rtg_try_acquire_lock: rtg_acquire: gid=1002 comm=tau_rt_2
          <idle>-0     [005] dn.3  2644.750841: rtg_try_acquire_lock: rtg_block: comm=deepPicar sched=FIFO pid=4377 tgid=4377 rtgid=0 prio=94
       deepPicar-4393  [000] d..3  2644.750844: rtg_try_acquire_lock: rtg_preempt: prev=tau_rt_2 sched=FIFO prio=94 pid=4396 tgid=4375 rtgid=1002 | next=deepPicar sched=FIFO prio=93 pid=4381 tgid=4366 rtgid=1001
        tau_rt_2-4396  [003] dn.3  2644.750848: rtg_try_acquire_lock: rtg_block: comm=tau_rt_2 sched=FIFO pid=4396 tgid=4375 rtgid=1002 prio=94
        tau_rt_3-4406  [004] dn.3  2644.750849: rtg_try_acquire_lock: rtg_block: comm=tau_rt_3 sched=FIFO pid=4406 tgid=4376 rtgid=1002 prio=94
       deepPicar-4366  [000] d..3  2644.766612: rtg_try_acquire_lock: rtg_block: comm=tau_rt_1 sched=FIFO pid=4374 tgid=4374 rtgid=0 prio=94
        tau_rt_4-4373  [005] d..3  2644.781801: rtg_try_release_lock: rtg_release: gid=1001 comm=tau_rt_4
          <idle>-0     [004] dn.3  2644.781805: rtg_try_acquire_lock: rtg_acquire: gid=1002 comm=tau_rt_3
          <idle>-0     [000] dn.3  2644.781809: rtg_try_acquire_lock: rtg_block: comm=tau_rt_1 sched=FIFO pid=4374 tgid=4374 rtgid=0 prio=94
        tau_rt_4-4373  [005] d..3  2644.781811: rtg_try_acquire_lock: rtg_block: comm=deepPicar sched=FIFO pid=4377 tgid=4377 rtgid=0 prio=94
          <idle>-0     [000] dn.3  2644.798884: rtg_try_acquire_lock: rtg_preempt: prev=tau_rt_3 sched=FIFO prio=94 pid=4406 tgid=4376 rtgid=1002 | next=deepPicar sched=FIFO prio=93 pid=4366 tgid=4366 rtgid=1001
        tau_rt_2-4396  [003] dn.3  2644.798898: rtg_try_acquire_lock: rtg_block: comm=tau_rt_2 sched=FIFO pid=4396 tgid=4375 rtgid=1002 prio=94
        tau_rt_3-4406  [004] dn.3  2644.798902: rtg_try_acquire_lock: rtg_block: comm=tau_rt_3 sched=FIFO pid=4406 tgid=4376 rtgid=1002 prio=94
       deepPicar-4366  [000] d..3  2644.800093: rtg_try_release_lock: rtg_release: gid=1001 comm=deepPicar
          <idle>-0     [004] dn.3  2644.800096: rtg_try_acquire_lock: rtg_acquire: gid=1002 comm=tau_rt_3
          <idle>-0     [005] dn.3  2644.800100: rtg_try_acquire_lock: rtg_block: comm=deepPicar sched=FIFO pid=4377 tgid=4377 rtgid=0 prio=94
       deepPicar-4366  [000] d..3  2644.800103: rtg_try_acquire_lock: rtg_preempt: prev=tau_rt_3 sched=FIFO prio=94 pid=4406 tgid=4376 rtgid=1002 | next=deepPicar sched=FIFO prio=93 pid=4395 tgid=4366 rtgid=1001
        tau_rt_2-4396  [003] dn.3  2644.800107: rtg_try_acquire_lock: rtg_block: comm=tau_rt_2 sched=FIFO pid=4396 tgid=4375 rtgid=1002 prio=94
        tau_rt_3-4406  [004] dn.3  2644.800109: rtg_try_acquire_lock: rtg_block: comm=tau_rt_3 sched=FIFO pid=4406 tgid=4376 rtgid=1002 prio=94
       deepPicar-4395  [000] d..3  2644.800838: rtg_try_release_lock: rtg_release: gid=1001 comm=deepPicar
          <idle>-0     [003] dn.3  2644.800840: rtg_try_acquire_lock: rtg_acquire: gid=1002 comm=tau_rt_2
          <idle>-0     [005] dn.3  2644.800842: rtg_try_acquire_lock: rtg_block: comm=deepPicar sched=FIFO pid=4377 tgid=4377 rtgid=0 prio=94
       deepPicar-4395  [000] d..3  2644.800844: rtg_try_acquire_lock: rtg_preempt: prev=tau_rt_2 sched=FIFO prio=94 pid=4396 tgid=4375 rtgid=1002 | next=deepPicar sched=FIFO prio=93 pid=4381 tgid=4366 rtgid=1001
        tau_rt_2-4396  [003] dn.3  2644.800848: rtg_try_acquire_lock: rtg_block: comm=tau_rt_2 sched=FIFO pid=4396 tgid=4375 rtgid=1002 prio=94
        tau_rt_3-4406  [004] dn.3  2644.800849: rtg_try_acquire_lock: rtg_block: comm=tau_rt_3 sched=FIFO pid=4406 tgid=4376 rtgid=1002 prio=94
       deepPicar-4366  [000] d..3  2644.816446: rtg_try_acquire_lock: rtg_block: comm=tau_rt_1 sched=FIFO pid=4374 tgid=4374 rtgid=0 prio=94
        tau_rt_4-4373  [005] d..3  2644.831746: rtg_try_release_lock: rtg_release: gid=1001 comm=tau_rt_4
          <idle>-0     [004] dn.3  2644.831750: rtg_try_acquire_lock: rtg_acquire: gid=1002 comm=tau_rt_3
          <idle>-0     [000] dn.3  2644.831754: rtg_try_acquire_lock: rtg_block: comm=tau_rt_1 sched=FIFO pid=4374 tgid=4374 rtgid=0 prio=94
        tau_rt_4-4373  [005] d..3  2644.831756: rtg_try_acquire_lock: rtg_block: comm=deepPicar sched=FIFO pid=4377 tgid=4377 rtgid=0 prio=94
          <idle>-0     [000] dn.3  2644.848885: rtg_try_acquire_lock: rtg_preempt: prev=tau_rt_3 sched=FIFO prio=94 pid=4406 tgid=4376 rtgid=1002 | next=deepPicar sched=FIFO prio=93 pid=4366 tgid=4366 rtgid=1001
        tau_rt_2-4396  [003] dn.3  2644.848897: rtg_try_acquire_lock: rtg_block: comm=tau_rt_2 sched=FIFO pid=4396 tgid=4375 rtgid=1002 prio=94
        tau_rt_3-4406  [004] dn.3  2644.848900: rtg_try_acquire_lock: rtg_block: comm=tau_rt_3 sched=FIFO pid=4406 tgid=4376 rtgid=1002 prio=94
       deepPicar-4366  [000] d..3  2644.850084: rtg_try_release_lock: rtg_release: gid=1001 comm=deepPicar
          <idle>-0     [004] dn.3  2644.850086: rtg_try_acquire_lock: rtg_acquire: gid=1002 comm=tau_rt_3
          <idle>-0     [005] dn.3  2644.850089: rtg_try_acquire_lock: rtg_block: comm=deepPicar sched=FIFO pid=4377 tgid=4377 rtgid=0 prio=94
       deepPicar-4366  [000] d..3  2644.850092: rtg_try_acquire_lock: rtg_preempt: prev=tau_rt_3 sched=FIFO prio=94 pid=4406 tgid=4376 rtgid=1002 | next=deepPicar sched=FIFO prio=93 pid=4385 tgid=4366 rtgid=1001
        tau_rt_2-4396  [003] dn.3  2644.850096: rtg_try_acquire_lock: rtg_block: comm=tau_rt_2 sched=FIFO pid=4396 tgid=4375 rtgid=1002 prio=94
        tau_rt_3-4406  [004] dn.3  2644.850098: rtg_try_acquire_lock: rtg_block: comm=tau_rt_3 sched=FIFO pid=4406 tgid=4376 rtgid=1002 prio=94
       deepPicar-4385  [000] d..3  2644.850852: rtg_try_release_lock: rtg_release: gid=1001 comm=deepPicar
          <idle>-0     [004] dn.3  2644.850854: rtg_try_acquire_lock: rtg_acquire: gid=1002 comm=tau_rt_3
          <idle>-0     [005] dn.3  2644.850856: rtg_try_acquire_lock: rtg_block: comm=deepPicar sched=FIFO pid=4377 tgid=4377 rtgid=0 prio=94
       deepPicar-4385  [000] d..3  2644.850859: rtg_try_acquire_lock: rtg_preempt: prev=tau_rt_3 sched=FIFO prio=94 pid=4406 tgid=4376 rtgid=1002 | next=deepPicar sched=FIFO prio=93 pid=4381 tgid=4366 rtgid=1001
        tau_rt_2-4396  [003] dn.3  2644.850862: rtg_try_acquire_lock: rtg_block: comm=tau_rt_2 sched=FIFO pid=4396 tgid=4375 rtgid=1002 prio=94
        tau_rt_3-4406  [004] dn.3  2644.850864: rtg_try_acquire_lock: rtg_block: comm=tau_rt_3 sched=FIFO pid=4406 tgid=4376 rtgid=1002 prio=94
       deepPicar-4366  [000] d..3  2644.866435: rtg_try_acquire_lock: rtg_block: comm=tau_rt_1 sched=FIFO pid=4374 tgid=4374 rtgid=0 prio=94
        tau_rt_4-4373  [005] d..3  2644.881720: rtg_try_release_lock: rtg_release: gid=1001 comm=tau_rt_4
          <idle>-0     [004] dn.3  2644.881725: rtg_try_acquire_lock: rtg_acquire: gid=1002 comm=tau_rt_3
          <idle>-0     [000] dn.3  2644.881729: rtg_try_acquire_lock: rtg_block: comm=tau_rt_1 sched=FIFO pid=4374 tgid=4374 rtgid=0 prio=94
        tau_rt_4-4373  [005] d..3  2644.881731: rtg_try_acquire_lock: rtg_block: comm=deepPicar sched=FIFO pid=4377 tgid=4377 rtgid=0 prio=94
          <idle>-0     [000] dn.3  2644.898884: rtg_try_acquire_lock: rtg_preempt: prev=tau_rt_3 sched=FIFO prio=94 pid=4406 tgid=4376 rtgid=1002 | next=deepPicar sched=FIFO prio=93 pid=4366 tgid=4366 rtgid=1001
        tau_rt_2-4396  [003] dn.3  2644.898896: rtg_try_acquire_lock: rtg_block: comm=tau_rt_2 sched=FIFO pid=4396 tgid=4375 rtgid=1002 prio=94
        tau_rt_3-4406  [004] dn.3  2644.898899: rtg_try_acquire_lock: rtg_block: comm=tau_rt_3 sched=FIFO pid=4406 tgid=4376 rtgid=1002 prio=94
       deepPicar-4366  [000] d..3  2644.900086: rtg_try_release_lock: rtg_release: gid=1001 comm=deepPicar
          <idle>-0     [005] dn.3  2644.900088: rtg_try_acquire_lock: rtg_acquire: gid=0 comm=deepPicar
          <idle>-0     [003] dn.3  2644.900091: rtg_try_acquire_lock: rtg_block: comm=tau_rt_2 sched=FIFO pid=4396 tgid=4375 rtgid=1002 prio=94
          <idle>-0     [004] dn.3  2644.900093: rtg_try_acquire_lock: rtg_block: comm=tau_rt_3 sched=FIFO pid=4406 tgid=4376 rtgid=1002 prio=94
       deepPicar-4366  [000] d..3  2644.900095: rtg_try_acquire_lock: rtg_preempt: prev=deepPicar sched=FIFO prio=94 pid=4377 tgid=4377 rtgid=0 | next=deepPicar sched=FIFO prio=93 pid=4386 tgid=4366 rtgid=1001
       deepPicar-4377  [005] dn.3  2644.900098: rtg_try_acquire_lock: rtg_block: comm=deepPicar sched=FIFO pid=4377 tgid=4377 rtgid=0 prio=94
       deepPicar-4386  [000] d..3  2644.900743: rtg_try_release_lock: rtg_release: gid=1001 comm=deepPicar
          <idle>-0     [004] dn.3  2644.900745: rtg_try_acquire_lock: rtg_acquire: gid=1002 comm=tau_rt_3
          <idle>-0     [005] dn.3  2644.900747: rtg_try_acquire_lock: rtg_block: comm=deepPicar sched=FIFO pid=4377 tgid=4377 rtgid=0 prio=94
       deepPicar-4386  [000] d..3  2644.900750: rtg_try_acquire_lock: rtg_preempt: prev=tau_rt_3 sched=FIFO prio=94 pid=4406 tgid=4376 rtgid=1002 | next=deepPicar sched=FIFO prio=93 pid=4381 tgid=4366 rtgid=1001
        tau_rt_2-4396  [003] dn.3  2644.900754: rtg_try_acquire_lock: rtg_block: comm=tau_rt_2 sched=FIFO pid=4396 tgid=4375 rtgid=1002 prio=94
        tau_rt_3-4406  [004] dn.3  2644.900755: rtg_try_acquire_lock: rtg_block: comm=tau_rt_3 sched=FIFO pid=4406 tgid=4376 rtgid=1002 prio=94
       deepPicar-4366  [000] d..3  2644.916466: rtg_try_acquire_lock: rtg_block: comm=tau_rt_1 sched=FIFO pid=4374 tgid=4374 rtgid=0 prio=94
        tau_rt_4-4373  [005] d..3  2644.931925: rtg_try_release_lock: rtg_release: gid=1001 comm=tau_rt_4
          <idle>-0     [003] dn.3  2644.931929: rtg_try_acquire_lock: rtg_acquire: gid=1002 comm=tau_rt_2
          <idle>-0     [000] dn.3  2644.931934: rtg_try_acquire_lock: rtg_block: comm=tau_rt_1 sched=FIFO pid=4374 tgid=4374 rtgid=0 prio=94
        tau_rt_4-4373  [005] d..3  2644.931936: rtg_try_acquire_lock: rtg_block: comm=deepPicar sched=FIFO pid=4377 tgid=4377 rtgid=0 prio=94
          <idle>-0     [000] dn.3  2644.948883: rtg_try_acquire_lock: rtg_preempt: prev=tau_rt_2 sched=FIFO prio=94 pid=4396 tgid=4375 rtgid=1002 | next=deepPicar sched=FIFO prio=93 pid=4366 tgid=4366 rtgid=1001
        tau_rt_3-4406  [004] dn.3  2644.948897: rtg_try_acquire_lock: rtg_block: comm=tau_rt_3 sched=FIFO pid=4406 tgid=4376 rtgid=1002 prio=94
        tau_rt_2-4396  [003] dn.3  2644.948900: rtg_try_acquire_lock: rtg_block: comm=tau_rt_2 sched=FIFO pid=4396 tgid=4375 rtgid=1002 prio=94
       deepPicar-4366  [000] d..3  2644.950058: rtg_try_release_lock: rtg_release: gid=1001 comm=deepPicar
          <idle>-0     [003] dn.3  2644.950061: rtg_try_acquire_lock: rtg_acquire: gid=1002 comm=tau_rt_2
          <idle>-0     [005] dn.3  2644.950063: rtg_try_acquire_lock: rtg_block: comm=deepPicar sched=FIFO pid=4377 tgid=4377 rtgid=0 prio=94
       deepPicar-4366  [000] d..3  2644.950067: rtg_try_acquire_lock: rtg_preempt: prev=tau_rt_2 sched=FIFO prio=94 pid=4396 tgid=4375 rtgid=1002 | next=deepPicar sched=FIFO prio=93 pid=4389 tgid=4366 rtgid=1001
        tau_rt_2-4396  [003] dn.3  2644.950071: rtg_try_acquire_lock: rtg_block: comm=tau_rt_2 sched=FIFO pid=4396 tgid=4375 rtgid=1002 prio=94
        tau_rt_3-4406  [004] dn.3  2644.950073: rtg_try_acquire_lock: rtg_block: comm=tau_rt_3 sched=FIFO pid=4406 tgid=4376 rtgid=1002 prio=94
       deepPicar-4389  [000] d..3  2644.950859: rtg_try_release_lock: rtg_release: gid=1001 comm=deepPicar
          <idle>-0     [003] dn.3  2644.950861: rtg_try_acquire_lock: rtg_acquire: gid=1002 comm=tau_rt_2
          <idle>-0     [005] dn.3  2644.950863: rtg_try_acquire_lock: rtg_block: comm=deepPicar sched=FIFO pid=4377 tgid=4377 rtgid=0 prio=94
       deepPicar-4389  [000] d..3  2644.950865: rtg_try_acquire_lock: rtg_preempt: prev=tau_rt_2 sched=FIFO prio=94 pid=4396 tgid=4375 rtgid=1002 | next=deepPicar sched=FIFO prio=93 pid=4381 tgid=4366 rtgid=1001
        tau_rt_2-4396  [003] dn.3  2644.950868: rtg_try_acquire_lock: rtg_block: comm=tau_rt_2 sched=FIFO pid=4396 tgid=4375 rtgid=1002 prio=94
        tau_rt_3-4406  [004] dn.3  2644.950870: rtg_try_acquire_lock: rtg_block: comm=tau_rt_3 sched=FIFO pid=4406 tgid=4376 rtgid=1002 prio=94
       deepPicar-4366  [000] d..3  2644.966450: rtg_try_acquire_lock: rtg_block: comm=tau_rt_1 sched=FIFO pid=4374 tgid=4374 rtgid=0 prio=94
        tau_rt_4-4373  [005] d..3  2644.981885: rtg_try_release_lock: rtg_release: gid=1001 comm=tau_rt_4
          <idle>-0     [004] dn.3  2644.981889: rtg_try_acquire_lock: rtg_acquire: gid=1002 comm=tau_rt_3
          <idle>-0     [000] dn.3  2644.981893: rtg_try_acquire_lock: rtg_block: comm=tau_rt_1 sched=FIFO pid=4374 tgid=4374 rtgid=0 prio=94
        tau_rt_4-4373  [005] d..3  2644.981895: rtg_try_acquire_lock: rtg_block: comm=deepPicar sched=FIFO pid=4377 tgid=4377 rtgid=0 prio=94
          <idle>-0     [000] dn.3  2644.998882: rtg_try_acquire_lock: rtg_preempt: prev=tau_rt_3 sched=FIFO prio=94 pid=4406 tgid=4376 rtgid=1002 | next=deepPicar sched=FIFO prio=93 pid=4366 tgid=4366 rtgid=1001
        tau_rt_3-4406  [004] dn.3  2644.998893: rtg_try_acquire_lock: rtg_block: comm=tau_rt_3 sched=FIFO pid=4406 tgid=4376 rtgid=1002 prio=94
        tau_rt_2-4396  [003] dn.3  2644.998897: rtg_try_acquire_lock: rtg_block: comm=tau_rt_2 sched=FIFO pid=4396 tgid=4375 rtgid=1002 prio=94
       deepPicar-4366  [000] d..3  2645.000107: rtg_try_release_lock: rtg_release: gid=1001 comm=deepPicar
          <idle>-0     [005] dn.3  2645.000110: rtg_try_acquire_lock: rtg_acquire: gid=0 comm=deepPicar
          <idle>-0     [004] dn.3  2645.000113: rtg_try_acquire_lock: rtg_block: comm=tau_rt_3 sched=FIFO pid=4406 tgid=4376 rtgid=1002 prio=94
          <idle>-0     [003] dn.3  2645.000115: rtg_try_acquire_lock: rtg_block: comm=tau_rt_2 sched=FIFO pid=4396 tgid=4375 rtgid=1002 prio=94
       deepPicar-4366  [000] d..3  2645.000117: rtg_try_acquire_lock: rtg_preempt: prev=deepPicar sched=FIFO prio=94 pid=4377 tgid=4377 rtgid=0 | next=deepPicar sched=FIFO prio=93 pid=4391 tgid=4366 rtgid=1001
       deepPicar-4377  [005] dn.3  2645.000120: rtg_try_acquire_lock: rtg_block: comm=deepPicar sched=FIFO pid=4377 tgid=4377 rtgid=0 prio=94
       deepPicar-4391  [000] d..3  2645.000879: rtg_try_release_lock: rtg_release: gid=1001 comm=deepPicar
          <idle>-0     [003] dn.3  2645.000881: rtg_try_acquire_lock: rtg_acquire: gid=1002 comm=tau_rt_2
          <idle>-0     [005] dn.3  2645.000883: rtg_try_acquire_lock: rtg_block: comm=deepPicar sched=FIFO pid=4377 tgid=4377 rtgid=0 prio=94
       deepPicar-4391  [000] d..3  2645.000886: rtg_try_acquire_lock: rtg_preempt: prev=tau_rt_2 sched=FIFO prio=94 pid=4396 tgid=4375 rtgid=1002 | next=deepPicar sched=FIFO prio=93 pid=4381 tgid=4366 rtgid=1001
        tau_rt_2-4396  [003] dn.3  2645.000889: rtg_try_acquire_lock: rtg_block: comm=tau_rt_2 sched=FIFO pid=4396 tgid=4375 rtgid=1002 prio=94
        tau_rt_3-4406  [004] dn.3  2645.000891: rtg_try_acquire_lock: rtg_block: comm=tau_rt_3 sched=FIFO pid=4406 tgid=4376 rtgid=1002 prio=94
       deepPicar-4366  [000] d..3  2645.016609: rtg_try_acquire_lock: rtg_block: comm=tau_rt_1 sched=FIFO pid=4374 tgid=4374 rtgid=0 prio=94
        tau_rt_4-4373  [005] d..3  2645.031821: rtg_try_release_lock: rtg_release: gid=1001 comm=tau_rt_4
          <idle>-0     [004] dn.3  2645.031825: rtg_try_acquire_lock: rtg_acquire: gid=1002 comm=tau_rt_3
          <idle>-0     [000] dn.3  2645.031829: rtg_try_acquire_lock: rtg_block: comm=tau_rt_1 sched=FIFO pid=4374 tgid=4374 rtgid=0 prio=94
        tau_rt_4-4373  [005] d..3  2645.031831: rtg_try_acquire_lock: rtg_block: comm=deepPicar sched=FIFO pid=4377 tgid=4377 rtgid=0 prio=94
          <idle>-0     [000] dn.3  2645.048882: rtg_try_acquire_lock: rtg_preempt: prev=tau_rt_3 sched=FIFO prio=94 pid=4406 tgid=4376 rtgid=1002 | next=deepPicar sched=FIFO prio=93 pid=4366 tgid=4366 rtgid=1001
        tau_rt_3-4406  [004] dn.3  2645.048893: rtg_try_acquire_lock: rtg_block: comm=tau_rt_3 sched=FIFO pid=4406 tgid=4376 rtgid=1002 prio=94
        tau_rt_2-4396  [003] dn.3  2645.048898: rtg_try_acquire_lock: rtg_block: comm=tau_rt_2 sched=FIFO pid=4396 tgid=4375 rtgid=1002 prio=94
       deepPicar-4366  [000] d..3  2645.050059: rtg_try_release_lock: rtg_release: gid=1001 comm=deepPicar
          <idle>-0     [003] dn.3  2645.050061: rtg_try_acquire_lock: rtg_acquire: gid=1002 comm=tau_rt_2
          <idle>-0     [005] dn.3  2645.050064: rtg_try_acquire_lock: rtg_block: comm=deepPicar sched=FIFO pid=4377 tgid=4377 rtgid=0 prio=94
       deepPicar-4366  [000] d..3  2645.050067: rtg_try_acquire_lock: rtg_preempt: prev=tau_rt_2 sched=FIFO prio=94 pid=4396 tgid=4375 rtgid=1002 | next=deepPicar sched=FIFO prio=93 pid=4393 tgid=4366 rtgid=1001
        tau_rt_2-4396  [003] dn.3  2645.050070: rtg_try_acquire_lock: rtg_block: comm=tau_rt_2 sched=FIFO pid=4396 tgid=4375 rtgid=1002 prio=94
        tau_rt_3-4406  [004] dn.3  2645.050073: rtg_try_acquire_lock: rtg_block: comm=tau_rt_3 sched=FIFO pid=4406 tgid=4376 rtgid=1002 prio=94
       deepPicar-4393  [000] d..3  2645.050827: rtg_try_release_lock: rtg_release: gid=1001 comm=deepPicar
          <idle>-0     [005] dn.3  2645.050830: rtg_try_acquire_lock: rtg_acquire: gid=0 comm=deepPicar
          <idle>-0     [003] dn.3  2645.050832: rtg_try_acquire_lock: rtg_block: comm=tau_rt_2 sched=FIFO pid=4396 tgid=4375 rtgid=1002 prio=94
          <idle>-0     [004] dn.3  2645.050834: rtg_try_acquire_lock: rtg_block: comm=tau_rt_3 sched=FIFO pid=4406 tgid=4376 rtgid=1002 prio=94
       deepPicar-4393  [000] d..3  2645.050837: rtg_try_acquire_lock: rtg_preempt: prev=deepPicar sched=FIFO prio=94 pid=4377 tgid=4377 rtgid=0 | next=deepPicar sched=FIFO prio=93 pid=4381 tgid=4366 rtgid=1001
       deepPicar-4377  [005] dn.3  2645.050841: rtg_try_acquire_lock: rtg_block: comm=deepPicar sched=FIFO pid=4377 tgid=4377 rtgid=0 prio=94
       deepPicar-4366  [000] d..3  2645.066533: rtg_try_acquire_lock: rtg_block: comm=tau_rt_1 sched=FIFO pid=4374 tgid=4374 rtgid=0 prio=94
        tau_rt_4-4373  [005] d..3  2645.081747: rtg_try_release_lock: rtg_release: gid=1001 comm=tau_rt_4
          <idle>-0     [004] dn.3  2645.081751: rtg_try_acquire_lock: rtg_acquire: gid=1002 comm=tau_rt_3
          <idle>-0     [000] dn.3  2645.081755: rtg_try_acquire_lock: rtg_block: comm=tau_rt_1 sched=FIFO pid=4374 tgid=4374 rtgid=0 prio=94
        tau_rt_4-4373  [005] d..3  2645.081757: rtg_try_acquire_lock: rtg_block: comm=deepPicar sched=FIFO pid=4377 tgid=4377 rtgid=0 prio=94
          <idle>-0     [000] dn.3  2645.098884: rtg_try_acquire_lock: rtg_preempt: prev=tau_rt_3 sched=FIFO prio=94 pid=4406 tgid=4376 rtgid=1002 | next=deepPicar sched=FIFO prio=93 pid=4366 tgid=4366 rtgid=1001
        tau_rt_2-4396  [003] dn.3  2645.098897: rtg_try_acquire_lock: rtg_block: comm=tau_rt_2 sched=FIFO pid=4396 tgid=4375 rtgid=1002 prio=94
        tau_rt_3-4406  [004] dn.3  2645.098901: rtg_try_acquire_lock: rtg_block: comm=tau_rt_3 sched=FIFO pid=4406 tgid=4376 rtgid=1002 prio=94
       deepPicar-4366  [000] d..3  2645.100110: rtg_try_release_lock: rtg_release: gid=1001 comm=deepPicar
          <idle>-0     [004] dn.3  2645.100113: rtg_try_acquire_lock: rtg_acquire: gid=1002 comm=tau_rt_3
          <idle>-0     [005] dn.3  2645.100116: rtg_try_acquire_lock: rtg_block: comm=deepPicar sched=FIFO pid=4377 tgid=4377 rtgid=0 prio=94
       deepPicar-4366  [000] d..3  2645.100120: rtg_try_acquire_lock: rtg_preempt: prev=tau_rt_3 sched=FIFO prio=94 pid=4406 tgid=4376 rtgid=1002 | next=deepPicar sched=FIFO prio=93 pid=4395 tgid=4366 rtgid=1001
        tau_rt_2-4396  [003] dn.3  2645.100123: rtg_try_acquire_lock: rtg_block: comm=tau_rt_2 sched=FIFO pid=4396 tgid=4375 rtgid=1002 prio=94
        tau_rt_3-4406  [004] dn.3  2645.100125: rtg_try_acquire_lock: rtg_block: comm=tau_rt_3 sched=FIFO pid=4406 tgid=4376 rtgid=1002 prio=94
       deepPicar-4395  [000] d..3  2645.100851: rtg_try_release_lock: rtg_release: gid=1001 comm=deepPicar
          <idle>-0     [004] dn.3  2645.100853: rtg_try_acquire_lock: rtg_acquire: gid=1002 comm=tau_rt_3
          <idle>-0     [005] dn.3  2645.100855: rtg_try_acquire_lock: rtg_block: comm=deepPicar sched=FIFO pid=4377 tgid=4377 rtgid=0 prio=94
       deepPicar-4395  [000] d..3  2645.100858: rtg_try_acquire_lock: rtg_preempt: prev=tau_rt_3 sched=FIFO prio=94 pid=4406 tgid=4376 rtgid=1002 | next=deepPicar sched=FIFO prio=93 pid=4381 tgid=4366 rtgid=1001
        tau_rt_2-4396  [003] dn.3  2645.100861: rtg_try_acquire_lock: rtg_block: comm=tau_rt_2 sched=FIFO pid=4396 tgid=4375 rtgid=1002 prio=94
        tau_rt_3-4406  [004] dn.3  2645.100862: rtg_try_acquire_lock: rtg_block: comm=tau_rt_3 sched=FIFO pid=4406 tgid=4376 rtgid=1002 prio=94
       deepPicar-4366  [000] d..3  2645.116433: rtg_try_acquire_lock: rtg_block: comm=tau_rt_1 sched=FIFO pid=4374 tgid=4374 rtgid=0 prio=94
        tau_rt_4-4373  [005] d..3  2645.131868: rtg_try_release_lock: rtg_release: gid=1001 comm=tau_rt_4
          <idle>-0     [004] dn.3  2645.131872: rtg_try_acquire_lock: rtg_acquire: gid=1002 comm=tau_rt_3
          <idle>-0     [000] dn.3  2645.131876: rtg_try_acquire_lock: rtg_block: comm=tau_rt_1 sched=FIFO pid=4374 tgid=4374 rtgid=0 prio=94
        tau_rt_4-4373  [005] d..3  2645.131879: rtg_try_acquire_lock: rtg_block: comm=deepPicar sched=FIFO pid=4377 tgid=4377 rtgid=0 prio=94
          <idle>-0     [000] dn.3  2645.148882: rtg_try_acquire_lock: rtg_preempt: prev=tau_rt_3 sched=FIFO prio=94 pid=4406 tgid=4376 rtgid=1002 | next=deepPicar sched=FIFO prio=93 pid=4366 tgid=4366 rtgid=1001
        tau_rt_3-4406  [004] dn.3  2645.148894: rtg_try_acquire_lock: rtg_block: comm=tau_rt_3 sched=FIFO pid=4406 tgid=4376 rtgid=1002 prio=94
        tau_rt_2-4396  [003] dn.3  2645.148898: rtg_try_acquire_lock: rtg_block: comm=tau_rt_2 sched=FIFO pid=4396 tgid=4375 rtgid=1002 prio=94
       deepPicar-4366  [000] d..3  2645.150102: rtg_try_release_lock: rtg_release: gid=1001 comm=deepPicar
          <idle>-0     [005] dn.3  2645.150105: rtg_try_acquire_lock: rtg_acquire: gid=0 comm=deepPicar
