       deepPicar-23652 [000] d..3 25716.942774: rtg_try_release_lock: rtg_release: comm=deepPicar rtgid=1001 tgid=23652 pid=23652 prio=93
          <idle>-0     [005] dn.3 25716.942775: rtg_try_acquire_lock: rtg_acquire: comm=tau_rt_4 rtgid=1002 tgid=23699 pid=23701 prio=94
        tau_rt_1-23702 [000] d..3 25716.953879: rtg_try_release_lock: rtg_release: comm=tau_rt_1 rtgid=1002 tgid=23694 pid=23702 prio=94
          <idle>-0     [000] dn.3 25716.964700: rtg_try_acquire_lock: rtg_acquire: comm=tau_rt_1 rtgid=1002 tgid=23694 pid=23702 prio=94
        tau_rt_1-23702 [000] ...1 25716.964722: tracing_mark_write: gid=1002: job_start
        tau_rt_2-23703 [003] dn.3 25716.976715: rtg_try_acquire_lock: rtg_preemptor: comm=deepPicar rtgid=1001 tgid=23655 pid=23655 prio=93
        tau_rt_2-23703 [003] dn.3 25716.976718: rtg_try_acquire_lock: rtg_preemptee: comm=tau_rt_1 rtgid=1002 tgid=23694 pid=23702 prio=94
       deepPicar-23652 [000] ...1 25716.976747: tracing_mark_write: gid=1001: job_start
       deepPicar-23655 [003] d..3 25716.978073: rtg_try_release_lock: rtg_release: comm=deepPicar rtgid=1001 tgid=23655 pid=23655 prio=93
       deepPicar-23656 [004] d..3 25716.978077: rtg_try_acquire_lock: rtg_acquire: comm=deepPicar rtgid=1001 tgid=23656 pid=23690 prio=93
       deepPicar-23689 [003] d..3 25716.978884: rtg_try_release_lock: rtg_release: comm=deepPicar rtgid=1001 tgid=23655 pid=23689 prio=93
       deepPicar-23690 [004] d..3 25716.978888: rtg_try_acquire_lock: rtg_acquire: comm=deepPicar rtgid=1001 tgid=23656 pid=23664 prio=93
       deepPicar-23655 [003] d..3 25716.992583: rtg_try_acquire_lock: rtg_block: comm=tau_rt_2 rtgid=1002 tgid=23697 pid=23703 prio=94
       deepPicar-23657 [005] d..3 25716.992586: rtg_try_acquire_lock: rtg_block: comm=tau_rt_4 rtgid=1002 tgid=23699 pid=23701 prio=94
       deepPicar-23656 [004] d..3 25716.992589: rtg_try_acquire_lock: rtg_block: comm=tau_rt_3 rtgid=1002 tgid=23698 pid=23700 prio=94
       deepPicar-23659 [000] d..3 25716.992651: rtg_try_release_lock: rtg_release: comm=deepPicar rtgid=1001 tgid=23652 pid=23659 prio=93
            Xorg-1132  [005] dn.3 25716.992654: rtg_try_acquire_lock: rtg_acquire: comm=tau_rt_4 rtgid=1002 tgid=23699 pid=23701 prio=94
       deepPicar-23659 [000] d..3 25716.992657: rtg_try_acquire_lock: rtg_preemptor: comm=deepPicar rtgid=1001 tgid=23652 pid=23652 prio=93
       deepPicar-23659 [000] d..3 25716.992658: rtg_try_acquire_lock: rtg_preemptee: comm=tau_rt_4 rtgid=1002 tgid=23699 pid=23701 prio=94
        tau_rt_2-23703 [003] dn.3 25716.992661: rtg_try_acquire_lock: rtg_block: comm=tau_rt_2 rtgid=1002 tgid=23697 pid=23703 prio=94
        tau_rt_3-23700 [004] dn.3 25716.992663: rtg_try_acquire_lock: rtg_block: comm=tau_rt_3 rtgid=1002 tgid=23698 pid=23700 prio=94
       deepPicar-23652 [000] d..3 25716.992816: rtg_try_release_lock: rtg_release: comm=deepPicar rtgid=1001 tgid=23652 pid=23652 prio=93
          <idle>-0     [003] dn.3 25716.992819: rtg_try_acquire_lock: rtg_acquire: comm=tau_rt_2 rtgid=1002 tgid=23697 pid=23703 prio=94
        tau_rt_1-23702 [000] d..3 25717.003889: rtg_try_release_lock: rtg_release: comm=tau_rt_1 rtgid=1002 tgid=23694 pid=23702 prio=94
          <idle>-0     [000] dn.3 25717.014701: rtg_try_acquire_lock: rtg_acquire: comm=tau_rt_1 rtgid=1002 tgid=23694 pid=23702 prio=94
        tau_rt_1-23702 [000] ...1 25717.014724: tracing_mark_write: gid=1002: job_start
        tau_rt_2-23703 [003] dn.3 25717.026719: rtg_try_acquire_lock: rtg_preemptor: comm=deepPicar rtgid=1001 tgid=23655 pid=23655 prio=93
        tau_rt_2-23703 [003] dn.3 25717.026721: rtg_try_acquire_lock: rtg_preemptee: comm=tau_rt_1 rtgid=1002 tgid=23694 pid=23702 prio=94
       deepPicar-23652 [000] ...1 25717.026750: tracing_mark_write: gid=1001: job_start
       deepPicar-23655 [003] d..3 25717.028107: rtg_try_release_lock: rtg_release: comm=deepPicar rtgid=1001 tgid=23655 pid=23655 prio=93
       deepPicar-23656 [004] d..3 25717.028111: rtg_try_acquire_lock: rtg_acquire: comm=deepPicar rtgid=1001 tgid=23656 pid=23692 prio=93
       deepPicar-23655 [003] d..3 25717.042592: rtg_try_acquire_lock: rtg_block: comm=tau_rt_2 rtgid=1002 tgid=23697 pid=23703 prio=94
       deepPicar-23657 [005] d..3 25717.042596: rtg_try_acquire_lock: rtg_block: comm=tau_rt_4 rtgid=1002 tgid=23699 pid=23701 prio=94
       deepPicar-23656 [004] d..3 25717.042599: rtg_try_acquire_lock: rtg_block: comm=tau_rt_3 rtgid=1002 tgid=23698 pid=23700 prio=94
       deepPicar-23659 [000] d..3 25717.042661: rtg_try_release_lock: rtg_release: comm=deepPicar rtgid=1001 tgid=23652 pid=23659 prio=93
            Xorg-1132  [005] dn.3 25717.042664: rtg_try_acquire_lock: rtg_acquire: comm=tau_rt_4 rtgid=1002 tgid=23699 pid=23701 prio=94
       deepPicar-23659 [000] d..3 25717.042666: rtg_try_acquire_lock: rtg_preemptor: comm=deepPicar rtgid=1001 tgid=23652 pid=23652 prio=93
       deepPicar-23659 [000] d..3 25717.042667: rtg_try_acquire_lock: rtg_preemptee: comm=tau_rt_4 rtgid=1002 tgid=23699 pid=23701 prio=94
        tau_rt_2-23703 [003] dn.3 25717.042670: rtg_try_acquire_lock: rtg_block: comm=tau_rt_2 rtgid=1002 tgid=23697 pid=23703 prio=94
        tau_rt_3-23700 [004] dn.3 25717.042672: rtg_try_acquire_lock: rtg_block: comm=tau_rt_3 rtgid=1002 tgid=23698 pid=23700 prio=94
       deepPicar-23652 [000] d..3 25717.042781: rtg_try_release_lock: rtg_release: comm=deepPicar rtgid=1001 tgid=23652 pid=23652 prio=93
          <idle>-0     [003] dn.3 25717.042783: rtg_try_acquire_lock: rtg_acquire: comm=tau_rt_2 rtgid=1002 tgid=23697 pid=23703 prio=94
        tau_rt_2-23703 [003] d..3 25717.053729: rtg_try_release_lock: rtg_release: comm=tau_rt_2 rtgid=1002 tgid=23697 pid=23703 prio=94
          <idle>-0     [004] dn.3 25717.064702: rtg_try_acquire_lock: rtg_acquire: comm=tau_rt_3 rtgid=1002 tgid=23698 pid=23700 prio=94
        tau_rt_1-23702 [000] ...1 25717.064728: tracing_mark_write: gid=1002: job_start
        tau_rt_2-23703 [003] dn.3 25717.076718: rtg_try_acquire_lock: rtg_preemptor: comm=deepPicar rtgid=1001 tgid=23655 pid=23655 prio=93
        tau_rt_2-23703 [003] dn.3 25717.076720: rtg_try_acquire_lock: rtg_preemptee: comm=tau_rt_3 rtgid=1002 tgid=23698 pid=23700 prio=94
       deepPicar-23652 [000] ...1 25717.076749: tracing_mark_write: gid=1001: job_start
       deepPicar-23652 [000] d..3 25717.078102: rtg_try_release_lock: rtg_release: comm=deepPicar rtgid=1001 tgid=23652 pid=23652 prio=93
       deepPicar-23655 [003] d..3 25717.078106: rtg_try_acquire_lock: rtg_acquire: comm=deepPicar rtgid=1001 tgid=23655 pid=23678 prio=93
       deepPicar-23657 [005] d..3 25717.092791: rtg_try_acquire_lock: rtg_block: comm=tau_rt_4 rtgid=1002 tgid=23699 pid=23701 prio=94
       deepPicar-23655 [003] d..3 25717.092795: rtg_try_acquire_lock: rtg_block: comm=tau_rt_2 rtgid=1002 tgid=23697 pid=23703 prio=94
       deepPicar-23656 [004] d..3 25717.092870: rtg_try_acquire_lock: rtg_block: comm=tau_rt_3 rtgid=1002 tgid=23698 pid=23700 prio=94
       deepPicar-23659 [000] d..3 25717.092984: rtg_try_release_lock: rtg_release: comm=deepPicar rtgid=1001 tgid=23652 pid=23659 prio=93
          <idle>-0     [004] dn.3 25717.092987: rtg_try_acquire_lock: rtg_acquire: comm=tau_rt_3 rtgid=1002 tgid=23698 pid=23700 prio=94
       deepPicar-23659 [000] d..3 25717.092990: rtg_try_acquire_lock: rtg_preemptor: comm=deepPicar rtgid=1001 tgid=23652 pid=23652 prio=93
       deepPicar-23659 [000] d..3 25717.092991: rtg_try_acquire_lock: rtg_preemptee: comm=tau_rt_3 rtgid=1002 tgid=23698 pid=23700 prio=94
        tau_rt_2-23703 [003] dn.3 25717.092994: rtg_try_acquire_lock: rtg_block: comm=tau_rt_2 rtgid=1002 tgid=23697 pid=23703 prio=94
        tau_rt_3-23700 [004] dn.3 25717.092996: rtg_try_acquire_lock: rtg_block: comm=tau_rt_3 rtgid=1002 tgid=23698 pid=23700 prio=94
        tau_rt_4-23701 [005] dn.3 25717.092998: rtg_try_acquire_lock: rtg_block: comm=tau_rt_4 rtgid=1002 tgid=23699 pid=23701 prio=94
       deepPicar-23652 [000] d..3 25717.093086: rtg_try_release_lock: rtg_release: comm=deepPicar rtgid=1001 tgid=23652 pid=23652 prio=93
          <idle>-0     [003] dn.3 25717.093088: rtg_try_acquire_lock: rtg_acquire: comm=tau_rt_2 rtgid=1002 tgid=23697 pid=23703 prio=94
        tau_rt_1-23702 [000] d..3 25717.104107: rtg_try_release_lock: rtg_release: comm=tau_rt_1 rtgid=1002 tgid=23694 pid=23702 prio=94
          <idle>-0     [004] dn.3 25717.114706: rtg_try_acquire_lock: rtg_acquire: comm=tau_rt_3 rtgid=1002 tgid=23698 pid=23700 prio=94
        tau_rt_1-23702 [000] ...1 25717.114733: tracing_mark_write: gid=1002: job_start
        tau_rt_2-23703 [003] dn.3 25717.126717: rtg_try_acquire_lock: rtg_preemptor: comm=deepPicar rtgid=1001 tgid=23655 pid=23655 prio=93
        tau_rt_2-23703 [003] dn.3 25717.126720: rtg_try_acquire_lock: rtg_preemptee: comm=tau_rt_3 rtgid=1002 tgid=23698 pid=23700 prio=94
       deepPicar-23652 [000] ...1 25717.126747: tracing_mark_write: gid=1001: job_start
       deepPicar-23655 [003] d..3 25717.142635: rtg_try_acquire_lock: rtg_block: comm=tau_rt_2 rtgid=1002 tgid=23697 pid=23703 prio=94
       deepPicar-23657 [005] d..3 25717.142638: rtg_try_acquire_lock: rtg_block: comm=tau_rt_4 rtgid=1002 tgid=23699 pid=23701 prio=94
       deepPicar-23656 [004] d..3 25717.142641: rtg_try_acquire_lock: rtg_block: comm=tau_rt_3 rtgid=1002 tgid=23698 pid=23700 prio=94
       deepPicar-23659 [000] d..3 25717.142740: rtg_try_release_lock: rtg_release: comm=deepPicar rtgid=1001 tgid=23652 pid=23659 prio=93
            Xorg-1132  [005] dn.3 25717.142742: rtg_try_acquire_lock: rtg_acquire: comm=tau_rt_4 rtgid=1002 tgid=23699 pid=23701 prio=94
       deepPicar-23659 [000] d..3 25717.142745: rtg_try_acquire_lock: rtg_preemptor: comm=deepPicar rtgid=1001 tgid=23652 pid=23652 prio=93
       deepPicar-23659 [000] d..3 25717.142746: rtg_try_acquire_lock: rtg_preemptee: comm=tau_rt_4 rtgid=1002 tgid=23699 pid=23701 prio=94
        tau_rt_2-23703 [003] dn.3 25717.142749: rtg_try_acquire_lock: rtg_block: comm=tau_rt_2 rtgid=1002 tgid=23697 pid=23703 prio=94
        tau_rt_3-23700 [004] dn.3 25717.142751: rtg_try_acquire_lock: rtg_block: comm=tau_rt_3 rtgid=1002 tgid=23698 pid=23700 prio=94
       deepPicar-23652 [000] d..3 25717.142860: rtg_try_release_lock: rtg_release: comm=deepPicar rtgid=1001 tgid=23652 pid=23652 prio=93
          <idle>-0     [003] dn.3 25717.142863: rtg_try_acquire_lock: rtg_acquire: comm=tau_rt_2 rtgid=1002 tgid=23697 pid=23703 prio=94
        tau_rt_2-23703 [003] d..3 25717.153879: rtg_try_release_lock: rtg_release: comm=tau_rt_2 rtgid=1002 tgid=23697 pid=23703 prio=94
          <idle>-0     [004] dn.3 25717.164705: rtg_try_acquire_lock: rtg_acquire: comm=tau_rt_3 rtgid=1002 tgid=23698 pid=23700 prio=94
        tau_rt_1-23702 [000] ...1 25717.164732: tracing_mark_write: gid=1002: job_start
        tau_rt_2-23703 [003] dn.3 25717.176723: rtg_try_acquire_lock: rtg_preemptor: comm=deepPicar rtgid=1001 tgid=23655 pid=23655 prio=93
        tau_rt_2-23703 [003] dn.3 25717.176726: rtg_try_acquire_lock: rtg_preemptee: comm=tau_rt_3 rtgid=1002 tgid=23698 pid=23700 prio=94
       deepPicar-23652 [000] ...1 25717.176753: tracing_mark_write: gid=1001: job_start
       deepPicar-23655 [003] d..3 25717.178094: rtg_try_release_lock: rtg_release: comm=deepPicar rtgid=1001 tgid=23655 pid=23655 prio=93
       deepPicar-23656 [004] d..3 25717.178098: rtg_try_acquire_lock: rtg_acquire: comm=deepPicar rtgid=1001 tgid=23656 pid=23684 prio=93
       deepPicar-23655 [003] d..3 25717.192568: rtg_try_acquire_lock: rtg_block: comm=tau_rt_2 rtgid=1002 tgid=23697 pid=23703 prio=94
       deepPicar-23656 [004] d..3 25717.192571: rtg_try_acquire_lock: rtg_block: comm=tau_rt_3 rtgid=1002 tgid=23698 pid=23700 prio=94
       deepPicar-23657 [005] d..3 25717.192583: rtg_try_acquire_lock: rtg_block: comm=tau_rt_4 rtgid=1002 tgid=23699 pid=23701 prio=94
       deepPicar-23659 [000] d..3 25717.192757: rtg_try_release_lock: rtg_release: comm=deepPicar rtgid=1001 tgid=23652 pid=23659 prio=93
          <idle>-0     [003] dn.3 25717.192760: rtg_try_acquire_lock: rtg_acquire: comm=tau_rt_2 rtgid=1002 tgid=23697 pid=23703 prio=94
       deepPicar-23659 [000] d..3 25717.192763: rtg_try_acquire_lock: rtg_preemptor: comm=deepPicar rtgid=1001 tgid=23652 pid=23652 prio=93
       deepPicar-23659 [000] d..3 25717.192764: rtg_try_acquire_lock: rtg_preemptee: comm=tau_rt_2 rtgid=1002 tgid=23697 pid=23703 prio=94
        tau_rt_3-23700 [004] dn.3 25717.192768: rtg_try_acquire_lock: rtg_block: comm=tau_rt_3 rtgid=1002 tgid=23698 pid=23700 prio=94
        tau_rt_2-23703 [003] dn.3 25717.192770: rtg_try_acquire_lock: rtg_block: comm=tau_rt_2 rtgid=1002 tgid=23697 pid=23703 prio=94
        tau_rt_4-23701 [005] dn.3 25717.192772: rtg_try_acquire_lock: rtg_block: comm=tau_rt_4 rtgid=1002 tgid=23699 pid=23701 prio=94
       deepPicar-23652 [000] d..3 25717.192884: rtg_try_release_lock: rtg_release: comm=deepPicar rtgid=1001 tgid=23652 pid=23652 prio=93
          <idle>-0     [003] dn.3 25717.192886: rtg_try_acquire_lock: rtg_acquire: comm=tau_rt_2 rtgid=1002 tgid=23697 pid=23703 prio=94
        tau_rt_2-23703 [003] d..3 25717.204032: rtg_try_release_lock: rtg_release: comm=tau_rt_2 rtgid=1002 tgid=23697 pid=23703 prio=94
          <idle>-0     [005] dn.3 25717.214706: rtg_try_acquire_lock: rtg_acquire: comm=tau_rt_4 rtgid=1002 tgid=23699 pid=23701 prio=94
        tau_rt_1-23702 [000] ...1 25717.214734: tracing_mark_write: gid=1002: job_start
        tau_rt_2-23703 [003] dn.3 25717.226722: rtg_try_acquire_lock: rtg_preemptor: comm=deepPicar rtgid=1001 tgid=23655 pid=23655 prio=93
        tau_rt_2-23703 [003] dn.3 25717.226724: rtg_try_acquire_lock: rtg_preemptee: comm=tau_rt_4 rtgid=1002 tgid=23699 pid=23701 prio=94
       deepPicar-23652 [000] ...1 25717.226752: tracing_mark_write: gid=1001: job_start
       deepPicar-23656 [004] d..3 25717.228097: rtg_try_release_lock: rtg_release: comm=deepPicar rtgid=1001 tgid=23656 pid=23656 prio=93
       deepPicar-23657 [005] d..3 25717.228102: rtg_try_acquire_lock: rtg_acquire: comm=deepPicar rtgid=1001 tgid=23657 pid=23685 prio=93
       deepPicar-23670 [000] d..3 25717.228954: rtg_try_release_lock: rtg_release: comm=deepPicar rtgid=1001 tgid=23652 pid=23670 prio=93
       deepPicar-23686 [003] d..3 25717.228957: rtg_try_acquire_lock: rtg_acquire: comm=deepPicar rtgid=1001 tgid=23655 pid=23663 prio=93
       deepPicar-23655 [003] d..3 25717.242642: rtg_try_acquire_lock: rtg_block: comm=tau_rt_2 rtgid=1002 tgid=23697 pid=23703 prio=94
       deepPicar-23657 [005] d..3 25717.242646: rtg_try_acquire_lock: rtg_block: comm=tau_rt_4 rtgid=1002 tgid=23699 pid=23701 prio=94
       deepPicar-23656 [004] d..3 25717.242649: rtg_try_acquire_lock: rtg_block: comm=tau_rt_3 rtgid=1002 tgid=23698 pid=23700 prio=94
       deepPicar-23659 [000] d..3 25717.242709: rtg_try_release_lock: rtg_release: comm=deepPicar rtgid=1001 tgid=23652 pid=23659 prio=93
 systemd-timesyn-383   [005] dn.3 25717.242711: rtg_try_acquire_lock: rtg_acquire: comm=tau_rt_4 rtgid=1002 tgid=23699 pid=23701 prio=94
       deepPicar-23659 [000] d..3 25717.242715: rtg_try_acquire_lock: rtg_preemptor: comm=deepPicar rtgid=1001 tgid=23652 pid=23652 prio=93
       deepPicar-23659 [000] d..3 25717.242716: rtg_try_acquire_lock: rtg_preemptee: comm=tau_rt_4 rtgid=1002 tgid=23699 pid=23701 prio=94
        tau_rt_2-23703 [003] dn.3 25717.242719: rtg_try_acquire_lock: rtg_block: comm=tau_rt_2 rtgid=1002 tgid=23697 pid=23703 prio=94
        tau_rt_3-23700 [004] dn.3 25717.242721: rtg_try_acquire_lock: rtg_block: comm=tau_rt_3 rtgid=1002 tgid=23698 pid=23700 prio=94
       deepPicar-23652 [000] d..3 25717.242835: rtg_try_release_lock: rtg_release: comm=deepPicar rtgid=1001 tgid=23652 pid=23652 prio=93
            Xorg-1132  [003] dn.3 25717.242838: rtg_try_acquire_lock: rtg_acquire: comm=tau_rt_2 rtgid=1002 tgid=23697 pid=23703 prio=94
        tau_rt_2-23703 [003] d..3 25717.253759: rtg_try_release_lock: rtg_release: comm=tau_rt_2 rtgid=1002 tgid=23697 pid=23703 prio=94
          <idle>-0     [003] dn.3 25717.264706: rtg_try_acquire_lock: rtg_acquire: comm=tau_rt_2 rtgid=1002 tgid=23697 pid=23703 prio=94
        tau_rt_1-23702 [000] ...1 25717.264731: tracing_mark_write: gid=1002: job_start
        tau_rt_4-23701 [005] dn.3 25717.276726: rtg_try_acquire_lock: rtg_preemptor: comm=deepPicar rtgid=1001 tgid=23657 pid=23657 prio=93
        tau_rt_4-23701 [005] dn.3 25717.276729: rtg_try_acquire_lock: rtg_preemptee: comm=tau_rt_2 rtgid=1002 tgid=23697 pid=23703 prio=94
       deepPicar-23652 [000] ...1 25717.276757: tracing_mark_write: gid=1001: job_start
       deepPicar-23657 [005] d..3 25717.278085: rtg_try_release_lock: rtg_release: comm=deepPicar rtgid=1001 tgid=23657 pid=23657 prio=93
       deepPicar-23652 [000] d..3 25717.278089: rtg_try_acquire_lock: rtg_acquire: comm=deepPicar rtgid=1001 tgid=23652 pid=23671 prio=93
       deepPicar-23657 [005] d..3 25717.292651: rtg_try_acquire_lock: rtg_block: comm=tau_rt_4 rtgid=1002 tgid=23699 pid=23701 prio=94
       deepPicar-23656 [004] d..3 25717.292655: rtg_try_acquire_lock: rtg_block: comm=tau_rt_3 rtgid=1002 tgid=23698 pid=23700 prio=94
       deepPicar-23655 [003] d..3 25717.292658: rtg_try_acquire_lock: rtg_block: comm=tau_rt_2 rtgid=1002 tgid=23697 pid=23703 prio=94
       deepPicar-23659 [000] d..3 25717.292812: rtg_try_release_lock: rtg_release: comm=deepPicar rtgid=1001 tgid=23652 pid=23659 prio=93
            Xorg-1132  [005] dn.3 25717.292814: rtg_try_acquire_lock: rtg_acquire: comm=tau_rt_4 rtgid=1002 tgid=23699 pid=23701 prio=94
       deepPicar-23659 [000] d..3 25717.292818: rtg_try_acquire_lock: rtg_preemptor: comm=deepPicar rtgid=1001 tgid=23652 pid=23652 prio=93
       deepPicar-23659 [000] d..3 25717.292819: rtg_try_acquire_lock: rtg_preemptee: comm=tau_rt_4 rtgid=1002 tgid=23699 pid=23701 prio=94
        tau_rt_2-23703 [003] dn.3 25717.292823: rtg_try_acquire_lock: rtg_block: comm=tau_rt_2 rtgid=1002 tgid=23697 pid=23703 prio=94
        tau_rt_4-23701 [005] dn.3 25717.292824: rtg_try_acquire_lock: rtg_block: comm=tau_rt_4 rtgid=1002 tgid=23699 pid=23701 prio=94
        tau_rt_3-23700 [004] dn.3 25717.292826: rtg_try_acquire_lock: rtg_block: comm=tau_rt_3 rtgid=1002 tgid=23698 pid=23700 prio=94
       deepPicar-23652 [000] d..3 25717.292936: rtg_try_release_lock: rtg_release: comm=deepPicar rtgid=1001 tgid=23652 pid=23652 prio=93
          <idle>-0     [004] dn.3 25717.292938: rtg_try_acquire_lock: rtg_acquire: comm=tau_rt_3 rtgid=1002 tgid=23698 pid=23700 prio=94
        tau_rt_2-23703 [003] d..3 25717.303867: rtg_try_release_lock: rtg_release: comm=tau_rt_2 rtgid=1002 tgid=23697 pid=23703 prio=94
          <idle>-0     [003] dn.3 25717.314711: rtg_try_acquire_lock: rtg_acquire: comm=tau_rt_2 rtgid=1002 tgid=23697 pid=23703 prio=94
        tau_rt_1-23702 [000] ...1 25717.314737: tracing_mark_write: gid=1002: job_start
        tau_rt_2-23703 [003] dn.3 25717.326726: rtg_try_acquire_lock: rtg_preemptor: comm=deepPicar rtgid=1001 tgid=23655 pid=23655 prio=93
        tau_rt_2-23703 [003] dn.3 25717.326728: rtg_try_acquire_lock: rtg_preemptee: comm=tau_rt_2 rtgid=1002 tgid=23697 pid=23703 prio=94
       deepPicar-23652 [000] ...1 25717.326754: tracing_mark_write: gid=1001: job_start
       deepPicar-23655 [003] d..3 25717.328083: rtg_try_release_lock: rtg_release: comm=deepPicar rtgid=1001 tgid=23655 pid=23655 prio=93
       deepPicar-23657 [005] d..3 25717.328087: rtg_try_acquire_lock: rtg_acquire: comm=deepPicar rtgid=1001 tgid=23657 pid=23693 prio=93
       deepPicar-23657 [005] d..3 25717.342664: rtg_try_acquire_lock: rtg_block: comm=tau_rt_4 rtgid=1002 tgid=23699 pid=23701 prio=94
       deepPicar-23655 [003] d..3 25717.342668: rtg_try_acquire_lock: rtg_block: comm=tau_rt_2 rtgid=1002 tgid=23697 pid=23703 prio=94
       deepPicar-23656 [004] d..3 25717.342671: rtg_try_acquire_lock: rtg_block: comm=tau_rt_3 rtgid=1002 tgid=23698 pid=23700 prio=94
       deepPicar-23659 [000] d..3 25717.342705: rtg_try_release_lock: rtg_release: comm=deepPicar rtgid=1001 tgid=23652 pid=23659 prio=93
            Xorg-1132  [005] dn.3 25717.342708: rtg_try_acquire_lock: rtg_acquire: comm=tau_rt_4 rtgid=1002 tgid=23699 pid=23701 prio=94
       deepPicar-23659 [000] d..3 25717.342711: rtg_try_acquire_lock: rtg_preemptor: comm=deepPicar rtgid=1001 tgid=23652 pid=23652 prio=93
       deepPicar-23659 [000] d..3 25717.342711: rtg_try_acquire_lock: rtg_preemptee: comm=tau_rt_4 rtgid=1002 tgid=23699 pid=23701 prio=94
          <idle>-0     [004] dn.3 25717.342714: rtg_try_acquire_lock: rtg_block: comm=tau_rt_3 rtgid=1002 tgid=23698 pid=23700 prio=94
        tau_rt_2-23703 [003] dn.3 25717.342715: rtg_try_acquire_lock: rtg_block: comm=tau_rt_2 rtgid=1002 tgid=23697 pid=23703 prio=94
       deepPicar-23652 [000] d..3 25717.342826: rtg_try_release_lock: rtg_release: comm=deepPicar rtgid=1001 tgid=23652 pid=23652 prio=93
          <idle>-0     [004] dn.3 25717.342829: rtg_try_acquire_lock: rtg_acquire: comm=tau_rt_3 rtgid=1002 tgid=23698 pid=23700 prio=94
        tau_rt_2-23703 [003] d..3 25717.353791: rtg_try_release_lock: rtg_release: comm=tau_rt_2 rtgid=1002 tgid=23697 pid=23703 prio=94
          <idle>-0     [003] dn.3 25717.364718: rtg_try_acquire_lock: rtg_acquire: comm=tau_rt_2 rtgid=1002 tgid=23697 pid=23703 prio=94
        tau_rt_1-23702 [000] ...1 25717.364744: tracing_mark_write: gid=1002: job_start
        tau_rt_2-23703 [003] dn.3 25717.376727: rtg_try_acquire_lock: rtg_preemptor: comm=deepPicar rtgid=1001 tgid=23655 pid=23655 prio=93
        tau_rt_2-23703 [003] dn.3 25717.376729: rtg_try_acquire_lock: rtg_preemptee: comm=tau_rt_2 rtgid=1002 tgid=23697 pid=23703 prio=94
       deepPicar-23652 [000] ...1 25717.376757: tracing_mark_write: gid=1001: job_start
       deepPicar-23656 [004] d..3 25717.378096: rtg_try_release_lock: rtg_release: comm=deepPicar rtgid=1001 tgid=23656 pid=23656 prio=93
       deepPicar-23655 [003] d..3 25717.378100: rtg_try_acquire_lock: rtg_acquire: comm=deepPicar rtgid=1001 tgid=23655 pid=23678 prio=93
       deepPicar-23655 [003] d..3 25717.392826: rtg_try_acquire_lock: rtg_block: comm=tau_rt_2 rtgid=1002 tgid=23697 pid=23703 prio=94
       deepPicar-23657 [005] d..3 25717.392829: rtg_try_acquire_lock: rtg_block: comm=tau_rt_4 rtgid=1002 tgid=23699 pid=23701 prio=94
       deepPicar-23656 [004] d..3 25717.392832: rtg_try_acquire_lock: rtg_block: comm=tau_rt_3 rtgid=1002 tgid=23698 pid=23700 prio=94
       deepPicar-23659 [000] d..3 25717.392842: rtg_try_release_lock: rtg_release: comm=deepPicar rtgid=1001 tgid=23652 pid=23659 prio=93
       deepPicar-23659 [000] d..3 25717.392845: rtg_try_acquire_lock: rtg_acquire: comm=deepPicar rtgid=1001 tgid=23652 pid=23652 prio=93
       deepPicar-23652 [000] d..3 25717.392952: rtg_try_release_lock: rtg_release: comm=deepPicar rtgid=1001 tgid=23652 pid=23652 prio=93
       deepPicar-23652 [000] d..3 25717.392954: rtg_try_acquire_lock: rtg_acquire: comm=tau_rt_1 rtgid=1002 tgid=23694 pid=23702 prio=94
        tau_rt_2-23703 [003] d..3 25717.413347: rtg_try_release_lock: rtg_release: comm=tau_rt_2 rtgid=1002 tgid=23697 pid=23703 prio=94
          <idle>-0     [003] dn.3 25717.414716: rtg_try_acquire_lock: rtg_acquire: comm=tau_rt_2 rtgid=1002 tgid=23697 pid=23703 prio=94
        tau_rt_1-23702 [000] ...1 25717.414743: tracing_mark_write: gid=1002: job_start
        tau_rt_2-23703 [003] dn.3 25717.426726: rtg_try_acquire_lock: rtg_preemptor: comm=deepPicar rtgid=1001 tgid=23655 pid=23655 prio=93
        tau_rt_2-23703 [003] dn.3 25717.426728: rtg_try_acquire_lock: rtg_preemptee: comm=tau_rt_2 rtgid=1002 tgid=23697 pid=23703 prio=94
       deepPicar-23652 [000] ...1 25717.426754: tracing_mark_write: gid=1001: job_start
       deepPicar-23652 [000] d..3 25717.428056: rtg_try_release_lock: rtg_release: comm=deepPicar rtgid=1001 tgid=23652 pid=23652 prio=93
       deepPicar-23657 [005] d..3 25717.428060: rtg_try_acquire_lock: rtg_acquire: comm=deepPicar rtgid=1001 tgid=23657 pid=23680 prio=93
       deepPicar-23655 [003] d..3 25717.442565: rtg_try_acquire_lock: rtg_block: comm=tau_rt_2 rtgid=1002 tgid=23697 pid=23703 prio=94
       deepPicar-23656 [004] d..3 25717.442569: rtg_try_acquire_lock: rtg_block: comm=tau_rt_3 rtgid=1002 tgid=23698 pid=23700 prio=94
       deepPicar-23657 [005] d..3 25717.442572: rtg_try_acquire_lock: rtg_block: comm=tau_rt_4 rtgid=1002 tgid=23699 pid=23701 prio=94
       deepPicar-23659 [000] d..3 25717.442716: rtg_try_release_lock: rtg_release: comm=deepPicar rtgid=1001 tgid=23652 pid=23659 prio=93
            Xorg-1132  [005] dn.3 25717.442719: rtg_try_acquire_lock: rtg_acquire: comm=tau_rt_4 rtgid=1002 tgid=23699 pid=23701 prio=94
       deepPicar-23659 [000] d..3 25717.442722: rtg_try_acquire_lock: rtg_preemptor: comm=deepPicar rtgid=1001 tgid=23652 pid=23652 prio=93
       deepPicar-23659 [000] d..3 25717.442722: rtg_try_acquire_lock: rtg_preemptee: comm=tau_rt_4 rtgid=1002 tgid=23699 pid=23701 prio=94
        tau_rt_2-23703 [003] dn.3 25717.442726: rtg_try_acquire_lock: rtg_block: comm=tau_rt_2 rtgid=1002 tgid=23697 pid=23703 prio=94
        tau_rt_3-23700 [004] dn.3 25717.442728: rtg_try_acquire_lock: rtg_block: comm=tau_rt_3 rtgid=1002 tgid=23698 pid=23700 prio=94
        tau_rt_4-23701 [005] dn.3 25717.442729: rtg_try_acquire_lock: rtg_block: comm=tau_rt_4 rtgid=1002 tgid=23699 pid=23701 prio=94
       deepPicar-23652 [000] d..3 25717.442828: rtg_try_release_lock: rtg_release: comm=deepPicar rtgid=1001 tgid=23652 pid=23652 prio=93
          <idle>-0     [003] dn.3 25717.442830: rtg_try_acquire_lock: rtg_acquire: comm=tau_rt_2 rtgid=1002 tgid=23697 pid=23703 prio=94
        tau_rt_1-23702 [000] ...1 25717.464754: tracing_mark_write: gid=1002: job_start
        tau_rt_2-23703 [003] dn.3 25717.476731: rtg_try_acquire_lock: rtg_preemptor: comm=deepPicar rtgid=1001 tgid=23655 pid=23655 prio=93
        tau_rt_2-23703 [003] dn.3 25717.476734: rtg_try_acquire_lock: rtg_preemptee: comm=tau_rt_2 rtgid=1002 tgid=23697 pid=23703 prio=94
       deepPicar-23652 [000] ...1 25717.476762: tracing_mark_write: gid=1001: job_start
       deepPicar-23656 [004] d..3 25717.492808: rtg_try_acquire_lock: rtg_block: comm=tau_rt_3 rtgid=1002 tgid=23698 pid=23700 prio=94
       deepPicar-23657 [005] d..3 25717.492812: rtg_try_acquire_lock: rtg_block: comm=tau_rt_4 rtgid=1002 tgid=23699 pid=23701 prio=94
       deepPicar-23655 [003] d..3 25717.492815: rtg_try_acquire_lock: rtg_block: comm=tau_rt_2 rtgid=1002 tgid=23697 pid=23703 prio=94
       deepPicar-23652 [000] d..3 25717.492852: rtg_try_release_lock: rtg_release: comm=deepPicar rtgid=1001 tgid=23652 pid=23652 prio=93
       deepPicar-23652 [000] d..3 25717.492855: rtg_try_acquire_lock: rtg_acquire: comm=tau_rt_1 rtgid=1002 tgid=23694 pid=23702 prio=94
        tau_rt_1-23702 [000] ...1 25717.514753: tracing_mark_write: gid=1002: job_start
        tau_rt_2-23703 [003] dn.3 25717.526733: rtg_try_acquire_lock: rtg_preemptor: comm=deepPicar rtgid=1001 tgid=23655 pid=23655 prio=93
        tau_rt_2-23703 [003] dn.3 25717.526736: rtg_try_acquire_lock: rtg_preemptee: comm=tau_rt_1 rtgid=1002 tgid=23694 pid=23702 prio=94
       deepPicar-23652 [000] ...1 25717.526766: tracing_mark_write: gid=1001: job_start
       deepPicar-23657 [005] d..3 25717.542478: rtg_try_acquire_lock: rtg_block: comm=tau_rt_4 rtgid=1002 tgid=23699 pid=23701 prio=94
       deepPicar-23655 [003] d..3 25717.542482: rtg_try_acquire_lock: rtg_block: comm=tau_rt_2 rtgid=1002 tgid=23697 pid=23703 prio=94
       deepPicar-23656 [004] d..3 25717.542561: rtg_try_acquire_lock: rtg_block: comm=tau_rt_3 rtgid=1002 tgid=23698 pid=23700 prio=94
       deepPicar-23659 [000] d..3 25717.543852: rtg_try_release_lock: rtg_release: comm=deepPicar rtgid=1001 tgid=23652 pid=23659 prio=93
          <idle>-0     [004] dn.3 25717.543856: rtg_try_acquire_lock: rtg_acquire: comm=tau_rt_3 rtgid=1002 tgid=23698 pid=23700 prio=94
       deepPicar-23659 [000] d..3 25717.543859: rtg_try_acquire_lock: rtg_preemptor: comm=deepPicar rtgid=1001 tgid=23652 pid=23652 prio=93
       deepPicar-23659 [000] d..3 25717.543860: rtg_try_acquire_lock: rtg_preemptee: comm=tau_rt_3 rtgid=1002 tgid=23698 pid=23700 prio=94
        tau_rt_2-23703 [003] dn.3 25717.543864: rtg_try_acquire_lock: rtg_block: comm=tau_rt_2 rtgid=1002 tgid=23697 pid=23703 prio=94
        tau_rt_4-23701 [005] dn.3 25717.543867: rtg_try_acquire_lock: rtg_block: comm=tau_rt_4 rtgid=1002 tgid=23699 pid=23701 prio=94
        tau_rt_3-23700 [004] dn.3 25717.543869: rtg_try_acquire_lock: rtg_block: comm=tau_rt_3 rtgid=1002 tgid=23698 pid=23700 prio=94
       deepPicar-23652 [000] d..3 25717.543968: rtg_try_release_lock: rtg_release: comm=deepPicar rtgid=1001 tgid=23652 pid=23652 prio=93
          <idle>-0     [003] dn.3 25717.543970: rtg_try_acquire_lock: rtg_acquire: comm=tau_rt_2 rtgid=1002 tgid=23697 pid=23703 prio=94
        tau_rt_3-23700 [004] d..3 25717.562909: rtg_try_release_lock: rtg_release: comm=tau_rt_3 rtgid=1002 tgid=23698 pid=23700 prio=94
          compiz-2020  [000] dn.3 25717.564718: rtg_try_acquire_lock: rtg_acquire: comm=tau_rt_1 rtgid=1002 tgid=23694 pid=23702 prio=94
        tau_rt_1-23702 [000] ...1 25717.564754: tracing_mark_write: gid=1002: job_start
        tau_rt_2-23703 [003] dn.3 25717.576736: rtg_try_acquire_lock: rtg_preemptor: comm=deepPicar rtgid=1001 tgid=23655 pid=23655 prio=93
        tau_rt_2-23703 [003] dn.3 25717.576738: rtg_try_acquire_lock: rtg_preemptee: comm=tau_rt_1 rtgid=1002 tgid=23694 pid=23702 prio=94
       deepPicar-23652 [000] ...1 25717.576767: tracing_mark_write: gid=1001: job_start
       deepPicar-23652 [000] d..3 25717.578124: rtg_try_release_lock: rtg_release: comm=deepPicar rtgid=1001 tgid=23652 pid=23652 prio=93
       deepPicar-23657 [005] d..3 25717.578128: rtg_try_acquire_lock: rtg_acquire: comm=deepPicar rtgid=1001 tgid=23657 pid=23688 prio=93
       deepPicar-23656 [004] d..3 25717.592600: rtg_try_acquire_lock: rtg_block: comm=tau_rt_3 rtgid=1002 tgid=23698 pid=23700 prio=94
       deepPicar-23657 [005] d..3 25717.592604: rtg_try_acquire_lock: rtg_block: comm=tau_rt_4 rtgid=1002 tgid=23699 pid=23701 prio=94
       deepPicar-23655 [003] d..3 25717.592607: rtg_try_acquire_lock: rtg_block: comm=tau_rt_2 rtgid=1002 tgid=23697 pid=23703 prio=94
       deepPicar-23659 [000] d..3 25717.592824: rtg_try_release_lock: rtg_release: comm=deepPicar rtgid=1001 tgid=23652 pid=23659 prio=93
          <idle>-0     [005] dn.3 25717.592827: rtg_try_acquire_lock: rtg_acquire: comm=tau_rt_4 rtgid=1002 tgid=23699 pid=23701 prio=94
       deepPicar-23659 [000] d..3 25717.592830: rtg_try_acquire_lock: rtg_preemptor: comm=deepPicar rtgid=1001 tgid=23652 pid=23652 prio=93
       deepPicar-23659 [000] d..3 25717.592831: rtg_try_acquire_lock: rtg_preemptee: comm=tau_rt_4 rtgid=1002 tgid=23699 pid=23701 prio=94
        tau_rt_2-23703 [003] dn.3 25717.592835: rtg_try_acquire_lock: rtg_block: comm=tau_rt_2 rtgid=1002 tgid=23697 pid=23703 prio=94
        tau_rt_3-23700 [004] dn.3 25717.592837: rtg_try_acquire_lock: rtg_block: comm=tau_rt_3 rtgid=1002 tgid=23698 pid=23700 prio=94
        tau_rt_4-23701 [005] dn.3 25717.592839: rtg_try_acquire_lock: rtg_block: comm=tau_rt_4 rtgid=1002 tgid=23699 pid=23701 prio=94
       deepPicar-23652 [000] d..3 25717.592956: rtg_try_release_lock: rtg_release: comm=deepPicar rtgid=1001 tgid=23652 pid=23652 prio=93
          compiz-2020  [004] dn.3 25717.592958: rtg_try_acquire_lock: rtg_acquire: comm=tau_rt_3 rtgid=1002 tgid=23698 pid=23700 prio=94
        tau_rt_2-23703 [003] d..3 25717.604012: rtg_try_release_lock: rtg_release: comm=tau_rt_2 rtgid=1002 tgid=23697 pid=23703 prio=94
          <idle>-0     [005] dn.3 25717.614720: rtg_try_acquire_lock: rtg_acquire: comm=tau_rt_4 rtgid=1002 tgid=23699 pid=23701 prio=94
        tau_rt_1-23702 [000] ...1 25717.614746: tracing_mark_write: gid=1002: job_start
        tau_rt_3-23700 [004] dn.3 25717.626737: rtg_try_acquire_lock: rtg_preemptor: comm=deepPicar rtgid=1001 tgid=23656 pid=23656 prio=93
        tau_rt_3-23700 [004] dn.3 25717.626739: rtg_try_acquire_lock: rtg_preemptee: comm=tau_rt_4 rtgid=1002 tgid=23699 pid=23701 prio=94
       deepPicar-23652 [000] ...1 25717.626768: tracing_mark_write: gid=1001: job_start
       deepPicar-23657 [005] d..3 25717.628088: rtg_try_release_lock: rtg_release: comm=deepPicar rtgid=1001 tgid=23657 pid=23657 prio=93
       deepPicar-23652 [000] d..3 25717.628092: rtg_try_acquire_lock: rtg_acquire: comm=deepPicar rtgid=1001 tgid=23652 pid=23672 prio=93
       deepPicar-23657 [005] d..3 25717.642609: rtg_try_acquire_lock: rtg_block: comm=tau_rt_4 rtgid=1002 tgid=23699 pid=23701 prio=94
       deepPicar-23656 [004] d..3 25717.642613: rtg_try_acquire_lock: rtg_block: comm=tau_rt_3 rtgid=1002 tgid=23698 pid=23700 prio=94
       deepPicar-23655 [003] d..3 25717.642616: rtg_try_acquire_lock: rtg_block: comm=tau_rt_2 rtgid=1002 tgid=23697 pid=23703 prio=94
       deepPicar-23659 [000] d..3 25717.642760: rtg_try_release_lock: rtg_release: comm=deepPicar rtgid=1001 tgid=23652 pid=23659 prio=93
          <idle>-0     [005] dn.3 25717.642762: rtg_try_acquire_lock: rtg_acquire: comm=tau_rt_4 rtgid=1002 tgid=23699 pid=23701 prio=94
       deepPicar-23659 [000] d..3 25717.642766: rtg_try_acquire_lock: rtg_preemptor: comm=deepPicar rtgid=1001 tgid=23652 pid=23652 prio=93
       deepPicar-23659 [000] d..3 25717.642767: rtg_try_acquire_lock: rtg_preemptee: comm=tau_rt_4 rtgid=1002 tgid=23699 pid=23701 prio=94
        tau_rt_3-23700 [004] dn.3 25717.642770: rtg_try_acquire_lock: rtg_block: comm=tau_rt_3 rtgid=1002 tgid=23698 pid=23700 prio=94
        tau_rt_2-23703 [003] dn.3 25717.642772: rtg_try_acquire_lock: rtg_block: comm=tau_rt_2 rtgid=1002 tgid=23697 pid=23703 prio=94
        tau_rt_4-23701 [005] dn.3 25717.642774: rtg_try_acquire_lock: rtg_block: comm=tau_rt_4 rtgid=1002 tgid=23699 pid=23701 prio=94
       deepPicar-23652 [000] d..3 25717.642870: rtg_try_release_lock: rtg_release: comm=deepPicar rtgid=1001 tgid=23652 pid=23652 prio=93
          <idle>-0     [005] dn.3 25717.642872: rtg_try_acquire_lock: rtg_acquire: comm=tau_rt_4 rtgid=1002 tgid=23699 pid=23701 prio=94
        tau_rt_2-23703 [003] d..3 25717.653872: rtg_try_release_lock: rtg_release: comm=tau_rt_2 rtgid=1002 tgid=23697 pid=23703 prio=94
          <idle>-0     [003] dn.3 25717.664721: rtg_try_acquire_lock: rtg_acquire: comm=tau_rt_2 rtgid=1002 tgid=23697 pid=23703 prio=94
        tau_rt_1-23702 [000] ...1 25717.664747: tracing_mark_write: gid=1002: job_start
        tau_rt_2-23703 [003] dn.3 25717.676738: rtg_try_acquire_lock: rtg_preemptor: comm=deepPicar rtgid=1001 tgid=23655 pid=23655 prio=93
        tau_rt_2-23703 [003] dn.3 25717.676740: rtg_try_acquire_lock: rtg_preemptee: comm=tau_rt_2 rtgid=1002 tgid=23697 pid=23703 prio=94
       deepPicar-23652 [000] ...1 25717.676769: tracing_mark_write: gid=1001: job_start
       deepPicar-23656 [004] d..3 25717.678152: rtg_try_release_lock: rtg_release: comm=deepPicar rtgid=1001 tgid=23656 pid=23656 prio=93
       deepPicar-23657 [005] d..3 25717.678156: rtg_try_acquire_lock: rtg_acquire: comm=deepPicar rtgid=1001 tgid=23657 pid=23677 prio=93
       deepPicar-23656 [004] d..3 25717.692877: rtg_try_acquire_lock: rtg_block: comm=tau_rt_3 rtgid=1002 tgid=23698 pid=23700 prio=94
       deepPicar-23655 [003] d..3 25717.692881: rtg_try_acquire_lock: rtg_block: comm=tau_rt_2 rtgid=1002 tgid=23697 pid=23703 prio=94
       deepPicar-23657 [005] d..3 25717.692885: rtg_try_acquire_lock: rtg_block: comm=tau_rt_4 rtgid=1002 tgid=23699 pid=23701 prio=94
       deepPicar-23659 [000] d..3 25717.692950: rtg_try_release_lock: rtg_release: comm=deepPicar rtgid=1001 tgid=23652 pid=23659 prio=93
          <idle>-0     [004] dn.3 25717.692952: rtg_try_acquire_lock: rtg_acquire: comm=tau_rt_3 rtgid=1002 tgid=23698 pid=23700 prio=94
       deepPicar-23659 [000] d..3 25717.692955: rtg_try_acquire_lock: rtg_preemptor: comm=deepPicar rtgid=1001 tgid=23652 pid=23652 prio=93
       deepPicar-23659 [000] d..3 25717.692956: rtg_try_acquire_lock: rtg_preemptee: comm=tau_rt_3 rtgid=1002 tgid=23698 pid=23700 prio=94
        tau_rt_2-23703 [003] dn.3 25717.692959: rtg_try_acquire_lock: rtg_block: comm=tau_rt_2 rtgid=1002 tgid=23697 pid=23703 prio=94
        tau_rt_3-23700 [004] dn.3 25717.692961: rtg_try_acquire_lock: rtg_block: comm=tau_rt_3 rtgid=1002 tgid=23698 pid=23700 prio=94
        tau_rt_4-23701 [005] dn.3 25717.692963: rtg_try_acquire_lock: rtg_block: comm=tau_rt_4 rtgid=1002 tgid=23699 pid=23701 prio=94
       deepPicar-23652 [000] d..3 25717.693084: rtg_try_release_lock: rtg_release: comm=deepPicar rtgid=1001 tgid=23652 pid=23652 prio=93
            Xorg-1132  [003] dn.3 25717.693086: rtg_try_acquire_lock: rtg_acquire: comm=tau_rt_2 rtgid=1002 tgid=23697 pid=23703 prio=94
        tau_rt_2-23703 [003] d..3 25717.704197: rtg_try_release_lock: rtg_release: comm=tau_rt_2 rtgid=1002 tgid=23697 pid=23703 prio=94
          <idle>-0     [005] dn.3 25717.714724: rtg_try_acquire_lock: rtg_acquire: comm=tau_rt_4 rtgid=1002 tgid=23699 pid=23701 prio=94
        tau_rt_1-23702 [000] ...1 25717.714753: tracing_mark_write: gid=1002: job_start
        tau_rt_1-23702 [000] dn.3 25717.726758: rtg_try_acquire_lock: rtg_preemptor: comm=deepPicar rtgid=1001 tgid=23652 pid=23652 prio=93
        tau_rt_1-23702 [000] dn.3 25717.726760: rtg_try_acquire_lock: rtg_preemptee: comm=tau_rt_4 rtgid=1002 tgid=23699 pid=23701 prio=94
       deepPicar-23652 [000] ...1 25717.726788: tracing_mark_write: gid=1001: job_start
       deepPicar-23655 [003] d..3 25717.728109: rtg_try_release_lock: rtg_release: comm=deepPicar rtgid=1001 tgid=23655 pid=23655 prio=93
       deepPicar-23657 [005] d..3 25717.728112: rtg_try_acquire_lock: rtg_acquire: comm=deepPicar rtgid=1001 tgid=23657 pid=23680 prio=93
       deepPicar-23657 [005] d..3 25717.742645: rtg_try_acquire_lock: rtg_block: comm=tau_rt_4 rtgid=1002 tgid=23699 pid=23701 prio=94
       deepPicar-23656 [004] d..3 25717.742648: rtg_try_acquire_lock: rtg_block: comm=tau_rt_3 rtgid=1002 tgid=23698 pid=23700 prio=94
       deepPicar-23655 [003] d..3 25717.742651: rtg_try_acquire_lock: rtg_block: comm=tau_rt_2 rtgid=1002 tgid=23697 pid=23703 prio=94
       deepPicar-23659 [000] d..3 25717.742780: rtg_try_release_lock: rtg_release: comm=deepPicar rtgid=1001 tgid=23652 pid=23659 prio=93
          <idle>-0     [005] dn.3 25717.742783: rtg_try_acquire_lock: rtg_acquire: comm=tau_rt_4 rtgid=1002 tgid=23699 pid=23701 prio=94
       deepPicar-23659 [000] d..3 25717.742786: rtg_try_acquire_lock: rtg_preemptor: comm=deepPicar rtgid=1001 tgid=23652 pid=23652 prio=93
       deepPicar-23659 [000] d..3 25717.742786: rtg_try_acquire_lock: rtg_preemptee: comm=tau_rt_4 rtgid=1002 tgid=23699 pid=23701 prio=94
        tau_rt_2-23703 [003] dn.3 25717.742790: rtg_try_acquire_lock: rtg_block: comm=tau_rt_2 rtgid=1002 tgid=23697 pid=23703 prio=94
        tau_rt_3-23700 [004] dn.3 25717.742792: rtg_try_acquire_lock: rtg_block: comm=tau_rt_3 rtgid=1002 tgid=23698 pid=23700 prio=94
        tau_rt_4-23701 [005] dn.3 25717.742793: rtg_try_acquire_lock: rtg_block: comm=tau_rt_4 rtgid=1002 tgid=23699 pid=23701 prio=94
       deepPicar-23652 [000] d..3 25717.742907: rtg_try_release_lock: rtg_release: comm=deepPicar rtgid=1001 tgid=23652 pid=23652 prio=93
            Xorg-1132  [005] dn.3 25717.742910: rtg_try_acquire_lock: rtg_acquire: comm=tau_rt_4 rtgid=1002 tgid=23699 pid=23701 prio=94
        tau_rt_1-23702 [000] d..3 25717.751314: rtg_try_release_lock: rtg_release: comm=tau_rt_1 rtgid=1002 tgid=23694 pid=23702 prio=94
          <idle>-0     [003] dn.3 25717.764729: rtg_try_acquire_lock: rtg_acquire: comm=tau_rt_2 rtgid=1002 tgid=23697 pid=23703 prio=94
        tau_rt_1-23702 [000] ...1 25717.764752: tracing_mark_write: gid=1002: job_start
          <idle>-0     [004] dn.3 25717.776740: rtg_try_acquire_lock: rtg_preemptor: comm=deepPicar rtgid=1001 tgid=23656 pid=23656 prio=93
          <idle>-0     [004] dn.3 25717.776742: rtg_try_acquire_lock: rtg_preemptee: comm=tau_rt_2 rtgid=1002 tgid=23697 pid=23703 prio=94
       deepPicar-23652 [000] ...1 25717.776770: tracing_mark_write: gid=1001: job_start
       deepPicar-23655 [003] d..3 25717.778108: rtg_try_release_lock: rtg_release: comm=deepPicar rtgid=1001 tgid=23655 pid=23655 prio=93
       deepPicar-23652 [000] d..3 25717.778112: rtg_try_acquire_lock: rtg_acquire: comm=deepPicar rtgid=1001 tgid=23652 pid=23669 prio=93
       deepPicar-23657 [005] d..3 25717.792456: rtg_try_acquire_lock: rtg_block: comm=tau_rt_4 rtgid=1002 tgid=23699 pid=23701 prio=94
       deepPicar-23655 [003] d..3 25717.792583: rtg_try_acquire_lock: rtg_block: comm=tau_rt_2 rtgid=1002 tgid=23697 pid=23703 prio=94
       deepPicar-23656 [004] d..3 25717.792623: rtg_try_acquire_lock: rtg_block: comm=tau_rt_3 rtgid=1002 tgid=23698 pid=23700 prio=94
       deepPicar-23652 [000] d..3 25717.792649: rtg_try_release_lock: rtg_release: comm=deepPicar rtgid=1001 tgid=23652 pid=23652 prio=93
          <idle>-0     [004] dn.3 25717.792651: rtg_try_acquire_lock: rtg_acquire: comm=tau_rt_3 rtgid=1002 tgid=23698 pid=23700 prio=94
        tau_rt_1-23702 [000] ...1 25717.814767: tracing_mark_write: gid=1002: job_start
        tau_rt_4-23701 [005] dn.3 25717.826742: rtg_try_acquire_lock: rtg_preemptor: comm=deepPicar rtgid=1001 tgid=23657 pid=23657 prio=93
        tau_rt_4-23701 [005] dn.3 25717.826745: rtg_try_acquire_lock: rtg_preemptee: comm=tau_rt_3 rtgid=1002 tgid=23698 pid=23700 prio=94
       deepPicar-23652 [000] ...1 25717.826774: tracing_mark_write: gid=1001: job_start
       deepPicar-23656 [004] d..3 25717.842709: rtg_try_acquire_lock: rtg_block: comm=tau_rt_3 rtgid=1002 tgid=23698 pid=23700 prio=94
       deepPicar-23657 [005] d..3 25717.842712: rtg_try_acquire_lock: rtg_block: comm=tau_rt_4 rtgid=1002 tgid=23699 pid=23701 prio=94
       deepPicar-23655 [003] d..3 25717.842750: rtg_try_acquire_lock: rtg_block: comm=tau_rt_2 rtgid=1002 tgid=23697 pid=23703 prio=94
       deepPicar-23659 [000] d..3 25717.842787: rtg_try_release_lock: rtg_release: comm=deepPicar rtgid=1001 tgid=23652 pid=23659 prio=93
 nvgpu_channel_p-1146  [003] dn.3 25717.842789: rtg_try_acquire_lock: rtg_acquire: comm=tau_rt_2 rtgid=1002 tgid=23697 pid=23703 prio=94
       deepPicar-23659 [000] d..3 25717.842792: rtg_try_acquire_lock: rtg_preemptor: comm=deepPicar rtgid=1001 tgid=23652 pid=23652 prio=93
       deepPicar-23659 [000] d..3 25717.842793: rtg_try_acquire_lock: rtg_preemptee: comm=tau_rt_2 rtgid=1002 tgid=23697 pid=23703 prio=94
        tau_rt_2-23703 [003] dn.3 25717.842798: rtg_try_acquire_lock: rtg_block: comm=tau_rt_2 rtgid=1002 tgid=23697 pid=23703 prio=94
        tau_rt_3-23700 [004] dn.3 25717.842800: rtg_try_acquire_lock: rtg_block: comm=tau_rt_3 rtgid=1002 tgid=23698 pid=23700 prio=94
       deepPicar-23652 [000] d..3 25717.842910: rtg_try_release_lock: rtg_release: comm=deepPicar rtgid=1001 tgid=23652 pid=23652 prio=93
          compiz-2020  [004] dn.3 25717.842913: rtg_try_acquire_lock: rtg_acquire: comm=tau_rt_3 rtgid=1002 tgid=23698 pid=23700 prio=94
        tau_rt_1-23702 [000] ...1 25717.864770: tracing_mark_write: gid=1002: job_start
        tau_rt_4-23701 [005] dn.3 25717.876745: rtg_try_acquire_lock: rtg_preemptor: comm=deepPicar rtgid=1001 tgid=23657 pid=23657 prio=93
        tau_rt_4-23701 [005] dn.3 25717.876747: rtg_try_acquire_lock: rtg_preemptee: comm=tau_rt_3 rtgid=1002 tgid=23698 pid=23700 prio=94
       deepPicar-23652 [000] ...1 25717.876776: tracing_mark_write: gid=1001: job_start
       deepPicar-23655 [003] d..3 25717.892511: rtg_try_acquire_lock: rtg_block: comm=tau_rt_2 rtgid=1002 tgid=23697 pid=23703 prio=94
       deepPicar-23657 [005] d..3 25717.892669: rtg_try_acquire_lock: rtg_block: comm=tau_rt_4 rtgid=1002 tgid=23699 pid=23701 prio=94
       deepPicar-23656 [004] d..3 25717.892673: rtg_try_acquire_lock: rtg_block: comm=tau_rt_3 rtgid=1002 tgid=23698 pid=23700 prio=94
       deepPicar-23659 [000] d..3 25717.892775: rtg_try_release_lock: rtg_release: comm=deepPicar rtgid=1001 tgid=23652 pid=23659 prio=93
          <idle>-0     [003] dn.3 25717.892778: rtg_try_acquire_lock: rtg_acquire: comm=tau_rt_2 rtgid=1002 tgid=23697 pid=23703 prio=94
       deepPicar-23659 [000] d..3 25717.892781: rtg_try_acquire_lock: rtg_preemptor: comm=deepPicar rtgid=1001 tgid=23652 pid=23652 prio=93
       deepPicar-23659 [000] d..3 25717.892783: rtg_try_acquire_lock: rtg_preemptee: comm=tau_rt_2 rtgid=1002 tgid=23697 pid=23703 prio=94
        tau_rt_2-23703 [003] dn.3 25717.892786: rtg_try_acquire_lock: rtg_block: comm=tau_rt_2 rtgid=1002 tgid=23697 pid=23703 prio=94
        tau_rt_3-23700 [004] dn.3 25717.892788: rtg_try_acquire_lock: rtg_block: comm=tau_rt_3 rtgid=1002 tgid=23698 pid=23700 prio=94
        tau_rt_4-23701 [005] dn.3 25717.892789: rtg_try_acquire_lock: rtg_block: comm=tau_rt_4 rtgid=1002 tgid=23699 pid=23701 prio=94
       deepPicar-23652 [000] d..3 25717.892900: rtg_try_release_lock: rtg_release: comm=deepPicar rtgid=1001 tgid=23652 pid=23652 prio=93
 unity-settings--1892  [005] dn.3 25717.892903: rtg_try_acquire_lock: rtg_acquire: comm=tau_rt_4 rtgid=1002 tgid=23699 pid=23701 prio=94
        tau_rt_3-23700 [004] d..3 25717.904853: rtg_try_release_lock: rtg_release: comm=tau_rt_3 rtgid=1002 tgid=23698 pid=23700 prio=94
          <idle>-0     [004] dn.3 25717.914730: rtg_try_acquire_lock: rtg_acquire: comm=tau_rt_3 rtgid=1002 tgid=23698 pid=23700 prio=94
        tau_rt_1-23702 [000] ...1 25717.914756: tracing_mark_write: gid=1002: job_start
        tau_rt_2-23703 [003] dn.3 25717.926746: rtg_try_acquire_lock: rtg_preemptor: comm=deepPicar rtgid=1001 tgid=23655 pid=23655 prio=93
        tau_rt_2-23703 [003] dn.3 25717.926749: rtg_try_acquire_lock: rtg_preemptee: comm=tau_rt_3 rtgid=1002 tgid=23698 pid=23700 prio=94
       deepPicar-23652 [000] ...1 25717.926777: tracing_mark_write: gid=1001: job_start
       deepPicar-23657 [005] d..3 25717.928138: rtg_try_release_lock: rtg_release: comm=deepPicar rtgid=1001 tgid=23657 pid=23657 prio=93
       deepPicar-23652 [000] d..3 25717.928142: rtg_try_acquire_lock: rtg_acquire: comm=deepPicar rtgid=1001 tgid=23652 pid=23672 prio=93
       deepPicar-23657 [005] d..3 25717.942594: rtg_try_acquire_lock: rtg_block: comm=tau_rt_4 rtgid=1002 tgid=23699 pid=23701 prio=94
       deepPicar-23655 [003] d..3 25717.942598: rtg_try_acquire_lock: rtg_block: comm=tau_rt_2 rtgid=1002 tgid=23697 pid=23703 prio=94
       deepPicar-23656 [004] d..3 25717.942678: rtg_try_acquire_lock: rtg_block: comm=tau_rt_3 rtgid=1002 tgid=23698 pid=23700 prio=94
       deepPicar-23659 [000] d..3 25717.942798: rtg_try_release_lock: rtg_release: comm=deepPicar rtgid=1001 tgid=23652 pid=23659 prio=93
            Xorg-1132  [004] dn.3 25717.942802: rtg_try_acquire_lock: rtg_acquire: comm=tau_rt_3 rtgid=1002 tgid=23698 pid=23700 prio=94
       deepPicar-23659 [000] d..3 25717.942805: rtg_try_acquire_lock: rtg_preemptor: comm=deepPicar rtgid=1001 tgid=23652 pid=23652 prio=93
       deepPicar-23659 [000] d..3 25717.942805: rtg_try_acquire_lock: rtg_preemptee: comm=tau_rt_3 rtgid=1002 tgid=23698 pid=23700 prio=94
        tau_rt_2-23703 [003] dn.3 25717.942809: rtg_try_acquire_lock: rtg_block: comm=tau_rt_2 rtgid=1002 tgid=23697 pid=23703 prio=94
        tau_rt_4-23701 [005] dn.3 25717.942810: rtg_try_acquire_lock: rtg_block: comm=tau_rt_4 rtgid=1002 tgid=23699 pid=23701 prio=94
       deepPicar-23652 [000] d..3 25717.942923: rtg_try_release_lock: rtg_release: comm=deepPicar rtgid=1001 tgid=23652 pid=23652 prio=93
          <idle>-0     [003] dn.3 25717.942926: rtg_try_acquire_lock: rtg_acquire: comm=tau_rt_2 rtgid=1002 tgid=23697 pid=23703 prio=94
        tau_rt_2-23703 [003] d..3 25717.953928: rtg_try_release_lock: rtg_release: comm=tau_rt_2 rtgid=1002 tgid=23697 pid=23703 prio=94
          <idle>-0     [003] dn.3 25717.964732: rtg_try_acquire_lock: rtg_acquire: comm=tau_rt_2 rtgid=1002 tgid=23697 pid=23703 prio=94
        tau_rt_1-23702 [000] ...1 25717.964759: tracing_mark_write: gid=1002: job_start
        tau_rt_3-23700 [004] dn.3 25717.976749: rtg_try_acquire_lock: rtg_preemptor: comm=deepPicar rtgid=1001 tgid=23656 pid=23656 prio=93
        tau_rt_3-23700 [004] dn.3 25717.976751: rtg_try_acquire_lock: rtg_preemptee: comm=tau_rt_2 rtgid=1002 tgid=23697 pid=23703 prio=94
       deepPicar-23652 [000] ...1 25717.976779: tracing_mark_write: gid=1001: job_start
       deepPicar-23656 [004] d..3 25717.978109: rtg_try_release_lock: rtg_release: comm=deepPicar rtgid=1001 tgid=23656 pid=23656 prio=93
       deepPicar-23655 [003] d..3 25717.978113: rtg_try_acquire_lock: rtg_acquire: comm=deepPicar rtgid=1001 tgid=23655 pid=23678 prio=93
       deepPicar-23657 [005] d..3 25717.992856: rtg_try_acquire_lock: rtg_block: comm=tau_rt_4 rtgid=1002 tgid=23699 pid=23701 prio=94
       deepPicar-23656 [004] d..3 25717.992860: rtg_try_acquire_lock: rtg_block: comm=tau_rt_3 rtgid=1002 tgid=23698 pid=23700 prio=94
       deepPicar-23655 [003] d..3 25717.992863: rtg_try_acquire_lock: rtg_block: comm=tau_rt_2 rtgid=1002 tgid=23697 pid=23703 prio=94
       deepPicar-23659 [000] d..3 25717.992982: rtg_try_release_lock: rtg_release: comm=deepPicar rtgid=1001 tgid=23652 pid=23659 prio=93
          <idle>-0     [003] dn.3 25717.992985: rtg_try_acquire_lock: rtg_acquire: comm=tau_rt_2 rtgid=1002 tgid=23697 pid=23703 prio=94
       deepPicar-23659 [000] d..3 25717.992988: rtg_try_acquire_lock: rtg_preemptor: comm=deepPicar rtgid=1001 tgid=23652 pid=23652 prio=93
       deepPicar-23659 [000] d..3 25717.992989: rtg_try_acquire_lock: rtg_preemptee: comm=tau_rt_2 rtgid=1002 tgid=23697 pid=23703 prio=94
        tau_rt_2-23703 [003] dn.3 25717.992992: rtg_try_acquire_lock: rtg_block: comm=tau_rt_2 rtgid=1002 tgid=23697 pid=23703 prio=94
        tau_rt_3-23700 [004] dn.3 25717.992994: rtg_try_acquire_lock: rtg_block: comm=tau_rt_3 rtgid=1002 tgid=23698 pid=23700 prio=94
