        tau_rt_4-23701 [005] dn.3 25717.992996: rtg_try_acquire_lock: rtg_block: comm=tau_rt_4 rtgid=1002 tgid=23699 pid=23701 prio=94
       deepPicar-23652 [000] d..3 25717.993088: rtg_try_release_lock: rtg_release: comm=deepPicar rtgid=1001 tgid=23652 pid=23652 prio=93
            Xorg-1132  [003] dn.3 25717.993090: rtg_try_acquire_lock: rtg_acquire: comm=tau_rt_2 rtgid=1002 tgid=23697 pid=23703 prio=94
        tau_rt_2-23703 [003] d..3 25718.004106: rtg_try_release_lock: rtg_release: comm=tau_rt_2 rtgid=1002 tgid=23697 pid=23703 prio=94
          <idle>-0     [004] dn.3 25718.014741: rtg_try_acquire_lock: rtg_acquire: comm=tau_rt_3 rtgid=1002 tgid=23698 pid=23700 prio=94
        tau_rt_1-23702 [000] ...1 25718.014768: tracing_mark_write: gid=1002: job_start
        tau_rt_3-23700 [004] dn.3 25718.026748: rtg_try_acquire_lock: rtg_preemptor: comm=deepPicar rtgid=1001 tgid=23656 pid=23656 prio=93
        tau_rt_3-23700 [004] dn.3 25718.026750: rtg_try_acquire_lock: rtg_preemptee: comm=tau_rt_3 rtgid=1002 tgid=23698 pid=23700 prio=94
       deepPicar-23652 [000] ...1 25718.026777: tracing_mark_write: gid=1001: job_start
       deepPicar-23652 [000] d..3 25718.028097: rtg_try_release_lock: rtg_release: comm=deepPicar rtgid=1001 tgid=23652 pid=23652 prio=93
       deepPicar-23657 [005] d..3 25718.028101: rtg_try_acquire_lock: rtg_acquire: comm=deepPicar rtgid=1001 tgid=23657 pid=23680 prio=93
       deepPicar-23657 [005] d..3 25718.042729: rtg_try_release_lock: rtg_release: comm=deepPicar rtgid=1001 tgid=23657 pid=23657 prio=93
       deepPicar-23656 [004] d..3 25718.042733: rtg_try_acquire_lock: rtg_acquire: comm=tau_rt_3 rtgid=1002 tgid=23698 pid=23700 prio=94
        tau_rt_2-23703 [003] d..3 25718.053786: rtg_try_release_lock: rtg_release: comm=tau_rt_2 rtgid=1002 tgid=23697 pid=23703 prio=94
          <idle>-0     [003] dn.3 25718.064735: rtg_try_acquire_lock: rtg_acquire: comm=tau_rt_2 rtgid=1002 tgid=23697 pid=23703 prio=94
        tau_rt_1-23702 [000] ...1 25718.064761: tracing_mark_write: gid=1002: job_start
        tau_rt_2-23703 [003] dn.3 25718.076749: rtg_try_acquire_lock: rtg_preemptor: comm=deepPicar rtgid=1001 tgid=23655 pid=23655 prio=93
        tau_rt_2-23703 [003] dn.3 25718.076751: rtg_try_acquire_lock: rtg_preemptee: comm=tau_rt_2 rtgid=1002 tgid=23697 pid=23703 prio=94
       deepPicar-23652 [000] ...1 25718.076779: tracing_mark_write: gid=1001: job_start
       deepPicar-23655 [003] d..3 25718.078137: rtg_try_release_lock: rtg_release: comm=deepPicar rtgid=1001 tgid=23655 pid=23655 prio=93
       deepPicar-23657 [005] d..3 25718.078141: rtg_try_acquire_lock: rtg_acquire: comm=deepPicar rtgid=1001 tgid=23657 pid=23683 prio=93
       deepPicar-23657 [005] d..3 25718.092921: rtg_try_acquire_lock: rtg_block: comm=tau_rt_4 rtgid=1002 tgid=23699 pid=23701 prio=94
       deepPicar-23655 [003] d..3 25718.092925: rtg_try_acquire_lock: rtg_block: comm=tau_rt_2 rtgid=1002 tgid=23697 pid=23703 prio=94
       deepPicar-23656 [004] d..3 25718.092969: rtg_try_acquire_lock: rtg_block: comm=tau_rt_3 rtgid=1002 tgid=23698 pid=23700 prio=94
       deepPicar-23659 [000] d..3 25718.093001: rtg_try_release_lock: rtg_release: comm=deepPicar rtgid=1001 tgid=23652 pid=23659 prio=93
            Xorg-1132  [005] dn.3 25718.093003: rtg_try_acquire_lock: rtg_acquire: comm=tau_rt_4 rtgid=1002 tgid=23699 pid=23701 prio=94
       deepPicar-23659 [000] d..3 25718.093006: rtg_try_acquire_lock: rtg_preemptor: comm=deepPicar rtgid=1001 tgid=23652 pid=23652 prio=93
       deepPicar-23659 [000] d..3 25718.093007: rtg_try_acquire_lock: rtg_preemptee: comm=tau_rt_4 rtgid=1002 tgid=23699 pid=23701 prio=94
        tau_rt_3-23700 [004] dn.3 25718.093010: rtg_try_acquire_lock: rtg_block: comm=tau_rt_3 rtgid=1002 tgid=23698 pid=23700 prio=94
        tau_rt_2-23703 [003] dn.3 25718.093012: rtg_try_acquire_lock: rtg_block: comm=tau_rt_2 rtgid=1002 tgid=23697 pid=23703 prio=94
       deepPicar-23652 [000] d..3 25718.093113: rtg_try_release_lock: rtg_release: comm=deepPicar rtgid=1001 tgid=23652 pid=23652 prio=93
          <idle>-0     [004] dn.3 25718.093115: rtg_try_acquire_lock: rtg_acquire: comm=tau_rt_3 rtgid=1002 tgid=23698 pid=23700 prio=94
        tau_rt_1-23702 [000] d..3 25718.104149: rtg_try_release_lock: rtg_release: comm=tau_rt_1 rtgid=1002 tgid=23694 pid=23702 prio=94
          <idle>-0     [003] dn.3 25718.114737: rtg_try_acquire_lock: rtg_acquire: comm=tau_rt_2 rtgid=1002 tgid=23697 pid=23703 prio=94
        tau_rt_1-23702 [000] ...1 25718.114764: tracing_mark_write: gid=1002: job_start
        tau_rt_2-23703 [003] dn.3 25718.126751: rtg_try_acquire_lock: rtg_preemptor: comm=deepPicar rtgid=1001 tgid=23655 pid=23655 prio=93
        tau_rt_2-23703 [003] dn.3 25718.126753: rtg_try_acquire_lock: rtg_preemptee: comm=tau_rt_2 rtgid=1002 tgid=23697 pid=23703 prio=94
       deepPicar-23652 [000] ...1 25718.126781: tracing_mark_write: gid=1001: job_start
       deepPicar-23655 [003] d..3 25718.128085: rtg_try_release_lock: rtg_release: comm=deepPicar rtgid=1001 tgid=23655 pid=23655 prio=93
       deepPicar-23657 [005] d..3 25718.128089: rtg_try_acquire_lock: rtg_acquire: comm=deepPicar rtgid=1001 tgid=23657 pid=23685 prio=93
       deepPicar-23686 [003] d..3 25718.128959: rtg_try_release_lock: rtg_release: comm=deepPicar rtgid=1001 tgid=23655 pid=23686 prio=93
       deepPicar-23685 [005] d..3 25718.128963: rtg_try_acquire_lock: rtg_acquire: comm=deepPicar rtgid=1001 tgid=23657 pid=23665 prio=93
       deepPicar-23655 [003] d..3 25718.142447: rtg_try_acquire_lock: rtg_block: comm=tau_rt_2 rtgid=1002 tgid=23697 pid=23703 prio=94
       deepPicar-23657 [005] d..3 25718.142579: rtg_try_acquire_lock: rtg_block: comm=tau_rt_4 rtgid=1002 tgid=23699 pid=23701 prio=94
       deepPicar-23656 [004] d..3 25718.142581: rtg_try_acquire_lock: rtg_block: comm=tau_rt_3 rtgid=1002 tgid=23698 pid=23700 prio=94
       deepPicar-23659 [000] d..3 25718.142615: rtg_try_release_lock: rtg_release: comm=deepPicar rtgid=1001 tgid=23652 pid=23659 prio=93
            Xorg-1132  [005] dn.3 25718.142617: rtg_try_acquire_lock: rtg_acquire: comm=tau_rt_4 rtgid=1002 tgid=23699 pid=23701 prio=94
       deepPicar-23659 [000] d..3 25718.142621: rtg_try_acquire_lock: rtg_preemptor: comm=deepPicar rtgid=1001 tgid=23652 pid=23652 prio=93
       deepPicar-23659 [000] d..3 25718.142621: rtg_try_acquire_lock: rtg_preemptee: comm=tau_rt_4 rtgid=1002 tgid=23699 pid=23701 prio=94
        tau_rt_3-23700 [004] dn.3 25718.142625: rtg_try_acquire_lock: rtg_block: comm=tau_rt_3 rtgid=1002 tgid=23698 pid=23700 prio=94
        tau_rt_2-23703 [003] dn.3 25718.142627: rtg_try_acquire_lock: rtg_block: comm=tau_rt_2 rtgid=1002 tgid=23697 pid=23703 prio=94
       deepPicar-23652 [000] d..3 25718.142730: rtg_try_release_lock: rtg_release: comm=deepPicar rtgid=1001 tgid=23652 pid=23652 prio=93
          <idle>-0     [003] dn.3 25718.142733: rtg_try_acquire_lock: rtg_acquire: comm=tau_rt_2 rtgid=1002 tgid=23697 pid=23703 prio=94
        tau_rt_2-23703 [003] d..3 25718.153758: rtg_try_release_lock: rtg_release: comm=tau_rt_2 rtgid=1002 tgid=23697 pid=23703 prio=94
          <idle>-0     [003] dn.3 25718.164741: rtg_try_acquire_lock: rtg_acquire: comm=tau_rt_2 rtgid=1002 tgid=23697 pid=23703 prio=94
        tau_rt_1-23702 [000] ...1 25718.164770: tracing_mark_write: gid=1002: job_start
        tau_rt_4-23701 [005] dn.3 25718.176754: rtg_try_acquire_lock: rtg_preemptor: comm=deepPicar rtgid=1001 tgid=23657 pid=23657 prio=93
        tau_rt_4-23701 [005] dn.3 25718.176757: rtg_try_acquire_lock: rtg_preemptee: comm=tau_rt_2 rtgid=1002 tgid=23697 pid=23703 prio=94
       deepPicar-23652 [000] ...1 25718.176784: tracing_mark_write: gid=1001: job_start
       deepPicar-23655 [003] d..3 25718.178144: rtg_try_release_lock: rtg_release: comm=deepPicar rtgid=1001 tgid=23655 pid=23655 prio=93
       deepPicar-23656 [004] d..3 25718.178149: rtg_try_acquire_lock: rtg_acquire: comm=deepPicar rtgid=1001 tgid=23656 pid=23690 prio=93
       deepPicar-23657 [005] d..3 25718.192732: rtg_try_acquire_lock: rtg_block: comm=tau_rt_4 rtgid=1002 tgid=23699 pid=23701 prio=94
       deepPicar-23655 [003] d..3 25718.192736: rtg_try_acquire_lock: rtg_block: comm=tau_rt_2 rtgid=1002 tgid=23697 pid=23703 prio=94
       deepPicar-23656 [004] d..3 25718.192739: rtg_try_acquire_lock: rtg_block: comm=tau_rt_3 rtgid=1002 tgid=23698 pid=23700 prio=94
       deepPicar-23659 [000] d..3 25718.192847: rtg_try_release_lock: rtg_release: comm=deepPicar rtgid=1001 tgid=23652 pid=23659 prio=93
          compiz-2020  [005] dn.3 25718.192850: rtg_try_acquire_lock: rtg_acquire: comm=tau_rt_4 rtgid=1002 tgid=23699 pid=23701 prio=94
       deepPicar-23659 [000] d..3 25718.192853: rtg_try_acquire_lock: rtg_preemptor: comm=deepPicar rtgid=1001 tgid=23652 pid=23652 prio=93
       deepPicar-23659 [000] d..3 25718.192854: rtg_try_acquire_lock: rtg_preemptee: comm=tau_rt_4 rtgid=1002 tgid=23699 pid=23701 prio=94
        tau_rt_2-23703 [003] dn.3 25718.192857: rtg_try_acquire_lock: rtg_block: comm=tau_rt_2 rtgid=1002 tgid=23697 pid=23703 prio=94
        tau_rt_3-23700 [004] dn.3 25718.192860: rtg_try_acquire_lock: rtg_block: comm=tau_rt_3 rtgid=1002 tgid=23698 pid=23700 prio=94
        tau_rt_4-23701 [005] dn.3 25718.192862: rtg_try_acquire_lock: rtg_block: comm=tau_rt_4 rtgid=1002 tgid=23699 pid=23701 prio=94
       deepPicar-23652 [000] d..3 25718.192978: rtg_try_release_lock: rtg_release: comm=deepPicar rtgid=1001 tgid=23652 pid=23652 prio=93
          compiz-2020  [005] dn.3 25718.192981: rtg_try_acquire_lock: rtg_acquire: comm=tau_rt_4 rtgid=1002 tgid=23699 pid=23701 prio=94
        tau_rt_1-23702 [000] d..3 25718.204191: rtg_try_release_lock: rtg_release: comm=tau_rt_1 rtgid=1002 tgid=23694 pid=23702 prio=94
          <idle>-0     [003] dn.3 25718.214741: rtg_try_acquire_lock: rtg_acquire: comm=tau_rt_2 rtgid=1002 tgid=23697 pid=23703 prio=94
        tau_rt_1-23702 [000] ...1 25718.214768: tracing_mark_write: gid=1002: job_start
        tau_rt_2-23703 [003] dn.3 25718.226755: rtg_try_acquire_lock: rtg_preemptor: comm=deepPicar rtgid=1001 tgid=23655 pid=23655 prio=93
        tau_rt_2-23703 [003] dn.3 25718.226757: rtg_try_acquire_lock: rtg_preemptee: comm=tau_rt_2 rtgid=1002 tgid=23697 pid=23703 prio=94
       deepPicar-23652 [000] ...1 25718.226784: tracing_mark_write: gid=1001: job_start
       deepPicar-23652 [000] d..3 25718.228127: rtg_try_release_lock: rtg_release: comm=deepPicar rtgid=1001 tgid=23652 pid=23652 prio=93
       deepPicar-23656 [004] d..3 25718.228130: rtg_try_acquire_lock: rtg_acquire: comm=deepPicar rtgid=1001 tgid=23656 pid=23692 prio=93
       deepPicar-23656 [004] d..3 25718.242915: rtg_try_acquire_lock: rtg_block: comm=tau_rt_3 rtgid=1002 tgid=23698 pid=23700 prio=94
       deepPicar-23655 [003] d..3 25718.242919: rtg_try_acquire_lock: rtg_block: comm=tau_rt_2 rtgid=1002 tgid=23697 pid=23703 prio=94
       deepPicar-23657 [005] d..3 25718.242922: rtg_try_acquire_lock: rtg_block: comm=tau_rt_4 rtgid=1002 tgid=23699 pid=23701 prio=94
       deepPicar-23659 [000] d..3 25718.243110: rtg_try_release_lock: rtg_release: comm=deepPicar rtgid=1001 tgid=23652 pid=23659 prio=93
          <idle>-0     [003] dn.3 25718.243112: rtg_try_acquire_lock: rtg_acquire: comm=tau_rt_2 rtgid=1002 tgid=23697 pid=23703 prio=94
       deepPicar-23659 [000] d..3 25718.243116: rtg_try_acquire_lock: rtg_preemptor: comm=deepPicar rtgid=1001 tgid=23652 pid=23652 prio=93
       deepPicar-23659 [000] d..3 25718.243117: rtg_try_acquire_lock: rtg_preemptee: comm=tau_rt_2 rtgid=1002 tgid=23697 pid=23703 prio=94
        tau_rt_2-23703 [003] dn.3 25718.243122: rtg_try_acquire_lock: rtg_block: comm=tau_rt_2 rtgid=1002 tgid=23697 pid=23703 prio=94
        tau_rt_3-23700 [004] dn.3 25718.243123: rtg_try_acquire_lock: rtg_block: comm=tau_rt_3 rtgid=1002 tgid=23698 pid=23700 prio=94
        tau_rt_4-23701 [005] dn.3 25718.243125: rtg_try_acquire_lock: rtg_block: comm=tau_rt_4 rtgid=1002 tgid=23699 pid=23701 prio=94
       deepPicar-23652 [000] d..3 25718.243222: rtg_try_release_lock: rtg_release: comm=deepPicar rtgid=1001 tgid=23652 pid=23652 prio=93
            Xorg-1132  [003] dn.3 25718.243224: rtg_try_acquire_lock: rtg_acquire: comm=tau_rt_2 rtgid=1002 tgid=23697 pid=23703 prio=94
        tau_rt_1-23702 [000] d..3 25718.254253: rtg_try_release_lock: rtg_release: comm=tau_rt_1 rtgid=1002 tgid=23694 pid=23702 prio=94
          <idle>-0     [005] dn.3 25718.264741: rtg_try_acquire_lock: rtg_acquire: comm=tau_rt_4 rtgid=1002 tgid=23699 pid=23701 prio=94
        tau_rt_1-23702 [000] ...1 25718.264771: tracing_mark_write: gid=1002: job_start
        tau_rt_3-23700 [004] dn.3 25718.276758: rtg_try_acquire_lock: rtg_preemptor: comm=deepPicar rtgid=1001 tgid=23656 pid=23656 prio=93
        tau_rt_3-23700 [004] dn.3 25718.276761: rtg_try_acquire_lock: rtg_preemptee: comm=tau_rt_4 rtgid=1002 tgid=23699 pid=23701 prio=94
       deepPicar-23652 [000] ...1 25718.276789: tracing_mark_write: gid=1001: job_start
       deepPicar-23655 [003] d..3 25718.278133: rtg_try_release_lock: rtg_release: comm=deepPicar rtgid=1001 tgid=23655 pid=23655 prio=93
       deepPicar-23657 [005] d..3 25718.278137: rtg_try_acquire_lock: rtg_acquire: comm=deepPicar rtgid=1001 tgid=23657 pid=23677 prio=93
       deepPicar-23656 [004] d..3 25718.292823: rtg_try_acquire_lock: rtg_block: comm=tau_rt_3 rtgid=1002 tgid=23698 pid=23700 prio=94
       deepPicar-23655 [003] d..3 25718.292827: rtg_try_acquire_lock: rtg_block: comm=tau_rt_2 rtgid=1002 tgid=23697 pid=23703 prio=94
       deepPicar-23657 [005] d..3 25718.292830: rtg_try_acquire_lock: rtg_block: comm=tau_rt_4 rtgid=1002 tgid=23699 pid=23701 prio=94
       deepPicar-23659 [000] d..3 25718.292919: rtg_try_release_lock: rtg_release: comm=deepPicar rtgid=1001 tgid=23652 pid=23659 prio=93
            Xorg-1132  [005] dn.3 25718.292923: rtg_try_acquire_lock: rtg_acquire: comm=tau_rt_4 rtgid=1002 tgid=23699 pid=23701 prio=94
       deepPicar-23659 [000] d..3 25718.292925: rtg_try_acquire_lock: rtg_preemptor: comm=deepPicar rtgid=1001 tgid=23652 pid=23652 prio=93
       deepPicar-23659 [000] d..3 25718.292926: rtg_try_acquire_lock: rtg_preemptee: comm=tau_rt_4 rtgid=1002 tgid=23699 pid=23701 prio=94
        tau_rt_2-23703 [003] dn.3 25718.292931: rtg_try_acquire_lock: rtg_block: comm=tau_rt_2 rtgid=1002 tgid=23697 pid=23703 prio=94
        tau_rt_3-23700 [004] dn.3 25718.292932: rtg_try_acquire_lock: rtg_block: comm=tau_rt_3 rtgid=1002 tgid=23698 pid=23700 prio=94
        tau_rt_4-23701 [005] dn.3 25718.292934: rtg_try_acquire_lock: rtg_block: comm=tau_rt_4 rtgid=1002 tgid=23699 pid=23701 prio=94
       deepPicar-23652 [000] d..3 25718.293025: rtg_try_release_lock: rtg_release: comm=deepPicar rtgid=1001 tgid=23652 pid=23652 prio=93
          <idle>-0     [003] dn.3 25718.293027: rtg_try_acquire_lock: rtg_acquire: comm=tau_rt_2 rtgid=1002 tgid=23697 pid=23703 prio=94
        tau_rt_2-23703 [003] d..3 25718.301433: rtg_try_release_lock: rtg_release: comm=tau_rt_2 rtgid=1002 tgid=23697 pid=23703 prio=94
          <idle>-0     [005] dn.3 25718.312901: rtg_try_acquire_lock: rtg_acquire: comm=tau_rt_4 rtgid=1002 tgid=23699 pid=23701 prio=94
        tau_rt_1-23702 [000] ...1 25718.314785: tracing_mark_write: gid=1002: job_start
        tau_rt_4-23701 [005] dn.3 25718.326760: rtg_try_acquire_lock: rtg_preemptor: comm=deepPicar rtgid=1001 tgid=23657 pid=23657 prio=93
        tau_rt_4-23701 [005] dn.3 25718.326762: rtg_try_acquire_lock: rtg_preemptee: comm=tau_rt_4 rtgid=1002 tgid=23699 pid=23701 prio=94
       deepPicar-23652 [000] ...1 25718.326790: tracing_mark_write: gid=1001: job_start
       deepPicar-23655 [003] d..3 25718.328122: rtg_try_release_lock: rtg_release: comm=deepPicar rtgid=1001 tgid=23655 pid=23655 prio=93
       deepPicar-23657 [005] d..3 25718.328126: rtg_try_acquire_lock: rtg_acquire: comm=deepPicar rtgid=1001 tgid=23657 pid=23680 prio=93
       deepPicar-23655 [003] d..3 25718.342756: rtg_try_acquire_lock: rtg_block: comm=tau_rt_2 rtgid=1002 tgid=23697 pid=23703 prio=94
       deepPicar-23656 [004] d..3 25718.342785: rtg_try_acquire_lock: rtg_block: comm=tau_rt_3 rtgid=1002 tgid=23698 pid=23700 prio=94
       deepPicar-23657 [005] d..3 25718.342788: rtg_try_acquire_lock: rtg_block: comm=tau_rt_4 rtgid=1002 tgid=23699 pid=23701 prio=94
       deepPicar-23652 [000] d..3 25718.342830: rtg_try_release_lock: rtg_release: comm=deepPicar rtgid=1001 tgid=23652 pid=23652 prio=93
 nvgpu_channel_p-1146  [003] dn.3 25718.342833: rtg_try_acquire_lock: rtg_acquire: comm=tau_rt_2 rtgid=1002 tgid=23697 pid=23703 prio=94
        tau_rt_2-23703 [003] d..3 25718.351323: rtg_try_release_lock: rtg_release: comm=tau_rt_2 rtgid=1002 tgid=23697 pid=23703 prio=94
          <idle>-0     [004] dn.3 25718.364752: rtg_try_acquire_lock: rtg_acquire: comm=tau_rt_3 rtgid=1002 tgid=23698 pid=23700 prio=94
        tau_rt_1-23702 [000] ...1 25718.364775: tracing_mark_write: gid=1002: job_start
        tau_rt_2-23703 [003] dn.3 25718.376761: rtg_try_acquire_lock: rtg_preemptor: comm=deepPicar rtgid=1001 tgid=23655 pid=23655 prio=93
        tau_rt_2-23703 [003] dn.3 25718.376763: rtg_try_acquire_lock: rtg_preemptee: comm=tau_rt_3 rtgid=1002 tgid=23698 pid=23700 prio=94
       deepPicar-23652 [000] ...1 25718.376788: tracing_mark_write: gid=1001: job_start
       deepPicar-23655 [003] d..3 25718.378148: rtg_try_release_lock: rtg_release: comm=deepPicar rtgid=1001 tgid=23655 pid=23655 prio=93
       deepPicar-23657 [005] d..3 25718.378152: rtg_try_acquire_lock: rtg_acquire: comm=deepPicar rtgid=1001 tgid=23657 pid=23683 prio=93
       deepPicar-23657 [005] d..3 25718.392601: rtg_try_acquire_lock: rtg_block: comm=tau_rt_4 rtgid=1002 tgid=23699 pid=23701 prio=94
       deepPicar-23655 [003] d..3 25718.392605: rtg_try_acquire_lock: rtg_block: comm=tau_rt_2 rtgid=1002 tgid=23697 pid=23703 prio=94
       deepPicar-23656 [004] d..3 25718.392608: rtg_try_acquire_lock: rtg_block: comm=tau_rt_3 rtgid=1002 tgid=23698 pid=23700 prio=94
       deepPicar-23659 [000] d..3 25718.392793: rtg_try_release_lock: rtg_release: comm=deepPicar rtgid=1001 tgid=23652 pid=23659 prio=93
          <idle>-0     [005] dn.3 25718.392796: rtg_try_acquire_lock: rtg_acquire: comm=tau_rt_4 rtgid=1002 tgid=23699 pid=23701 prio=94
       deepPicar-23659 [000] d..3 25718.392799: rtg_try_acquire_lock: rtg_preemptor: comm=deepPicar rtgid=1001 tgid=23652 pid=23652 prio=93
       deepPicar-23659 [000] d..3 25718.392800: rtg_try_acquire_lock: rtg_preemptee: comm=tau_rt_4 rtgid=1002 tgid=23699 pid=23701 prio=94
        tau_rt_2-23703 [003] dn.3 25718.392803: rtg_try_acquire_lock: rtg_block: comm=tau_rt_2 rtgid=1002 tgid=23697 pid=23703 prio=94
        tau_rt_3-23700 [004] dn.3 25718.392806: rtg_try_acquire_lock: rtg_block: comm=tau_rt_3 rtgid=1002 tgid=23698 pid=23700 prio=94
        tau_rt_4-23701 [005] dn.3 25718.392807: rtg_try_acquire_lock: rtg_block: comm=tau_rt_4 rtgid=1002 tgid=23699 pid=23701 prio=94
       deepPicar-23652 [000] d..3 25718.392916: rtg_try_release_lock: rtg_release: comm=deepPicar rtgid=1001 tgid=23652 pid=23652 prio=93
          <idle>-0     [003] dn.3 25718.392918: rtg_try_acquire_lock: rtg_acquire: comm=tau_rt_2 rtgid=1002 tgid=23697 pid=23703 prio=94
        tau_rt_2-23703 [003] d..3 25718.407139: rtg_try_release_lock: rtg_release: comm=tau_rt_2 rtgid=1002 tgid=23697 pid=23703 prio=94
          <idle>-0     [003] dn.3 25718.414746: rtg_try_acquire_lock: rtg_acquire: comm=tau_rt_2 rtgid=1002 tgid=23697 pid=23703 prio=94
        tau_rt_1-23702 [000] ...1 25718.414769: tracing_mark_write: gid=1002: job_start
        tau_rt_3-23700 [004] dn.3 25718.426762: rtg_try_acquire_lock: rtg_preemptor: comm=deepPicar rtgid=1001 tgid=23656 pid=23656 prio=93
        tau_rt_3-23700 [004] dn.3 25718.426765: rtg_try_acquire_lock: rtg_preemptee: comm=tau_rt_2 rtgid=1002 tgid=23697 pid=23703 prio=94
       deepPicar-23652 [000] ...1 25718.426793: tracing_mark_write: gid=1001: job_start
       deepPicar-23656 [004] d..3 25718.428110: rtg_try_release_lock: rtg_release: comm=deepPicar rtgid=1001 tgid=23656 pid=23656 prio=93
       deepPicar-23652 [000] d..3 25718.428114: rtg_try_acquire_lock: rtg_acquire: comm=deepPicar rtgid=1001 tgid=23652 pid=23670 prio=93
       deepPicar-23664 [004] d..3 25718.442670: rtg_try_release_lock: rtg_release: comm=deepPicar rtgid=1001 tgid=23656 pid=23664 prio=93
       deepPicar-23665 [005] d..3 25718.442674: rtg_try_acquire_lock: rtg_acquire: comm=deepPicar rtgid=1001 tgid=23657 pid=23657 prio=93
       deepPicar-23652 [000] d..3 25718.442788: rtg_try_release_lock: rtg_release: comm=deepPicar rtgid=1001 tgid=23652 pid=23652 prio=93
       deepPicar-23656 [004] d..3 25718.442791: rtg_try_acquire_lock: rtg_acquire: comm=tau_rt_3 rtgid=1002 tgid=23698 pid=23700 prio=94
        tau_rt_1-23702 [000] ...1 25718.464790: tracing_mark_write: gid=1002: job_start
        tau_rt_3-23700 [004] dn.3 25718.476763: rtg_try_acquire_lock: rtg_preemptor: comm=deepPicar rtgid=1001 tgid=23656 pid=23656 prio=93
        tau_rt_3-23700 [004] dn.3 25718.476766: rtg_try_acquire_lock: rtg_preemptee: comm=tau_rt_3 rtgid=1002 tgid=23698 pid=23700 prio=94
       deepPicar-23652 [000] ...1 25718.476794: tracing_mark_write: gid=1001: job_start
       deepPicar-23655 [003] d..3 25718.478127: rtg_try_release_lock: rtg_release: comm=deepPicar rtgid=1001 tgid=23655 pid=23655 prio=93
       deepPicar-23656 [004] d..3 25718.478131: rtg_try_acquire_lock: rtg_acquire: comm=deepPicar rtgid=1001 tgid=23656 pid=23690 prio=93
       deepPicar-23657 [005] d..3 25718.492952: rtg_try_acquire_lock: rtg_block: comm=tau_rt_4 rtgid=1002 tgid=23699 pid=23701 prio=94
       deepPicar-23655 [003] d..3 25718.492956: rtg_try_acquire_lock: rtg_block: comm=tau_rt_2 rtgid=1002 tgid=23697 pid=23703 prio=94
       deepPicar-23656 [004] d..3 25718.492958: rtg_try_acquire_lock: rtg_block: comm=tau_rt_3 rtgid=1002 tgid=23698 pid=23700 prio=94
       deepPicar-23652 [000] d..3 25718.493000: rtg_try_release_lock: rtg_release: comm=deepPicar rtgid=1001 tgid=23652 pid=23652 prio=93
          <idle>-0     [003] dn.3 25718.493003: rtg_try_acquire_lock: rtg_acquire: comm=tau_rt_2 rtgid=1002 tgid=23697 pid=23703 prio=94
        tau_rt_1-23702 [000] ...1 25718.514788: tracing_mark_write: gid=1002: job_start
        tau_rt_2-23703 [003] dn.3 25718.526764: rtg_try_acquire_lock: rtg_preemptor: comm=deepPicar rtgid=1001 tgid=23655 pid=23655 prio=93
        tau_rt_2-23703 [003] dn.3 25718.526766: rtg_try_acquire_lock: rtg_preemptee: comm=tau_rt_2 rtgid=1002 tgid=23697 pid=23703 prio=94
       deepPicar-23652 [000] ...1 25718.526792: tracing_mark_write: gid=1001: job_start
       deepPicar-23655 [003] d..3 25718.528109: rtg_try_release_lock: rtg_release: comm=deepPicar rtgid=1001 tgid=23655 pid=23655 prio=93
       deepPicar-23652 [000] d..3 25718.528113: rtg_try_acquire_lock: rtg_acquire: comm=deepPicar rtgid=1001 tgid=23652 pid=23672 prio=93
       deepPicar-23657 [005] d..3 25718.542605: rtg_try_acquire_lock: rtg_block: comm=tau_rt_4 rtgid=1002 tgid=23699 pid=23701 prio=94
       deepPicar-23655 [003] d..3 25718.542609: rtg_try_acquire_lock: rtg_block: comm=tau_rt_2 rtgid=1002 tgid=23697 pid=23703 prio=94
       deepPicar-23656 [004] d..3 25718.542707: rtg_try_acquire_lock: rtg_block: comm=tau_rt_3 rtgid=1002 tgid=23698 pid=23700 prio=94
       deepPicar-23659 [000] d..3 25718.543948: rtg_try_release_lock: rtg_release: comm=deepPicar rtgid=1001 tgid=23652 pid=23659 prio=93
          <idle>-0     [005] dn.3 25718.543951: rtg_try_acquire_lock: rtg_acquire: comm=tau_rt_4 rtgid=1002 tgid=23699 pid=23701 prio=94
       deepPicar-23659 [000] d..3 25718.543954: rtg_try_acquire_lock: rtg_preemptor: comm=deepPicar rtgid=1001 tgid=23652 pid=23652 prio=93
       deepPicar-23659 [000] d..3 25718.543954: rtg_try_acquire_lock: rtg_preemptee: comm=tau_rt_4 rtgid=1002 tgid=23699 pid=23701 prio=94
        tau_rt_2-23703 [003] dn.3 25718.543958: rtg_try_acquire_lock: rtg_block: comm=tau_rt_2 rtgid=1002 tgid=23697 pid=23703 prio=94
        tau_rt_3-23700 [004] dn.3 25718.543961: rtg_try_acquire_lock: rtg_block: comm=tau_rt_3 rtgid=1002 tgid=23698 pid=23700 prio=94
        tau_rt_4-23701 [005] dn.3 25718.543962: rtg_try_acquire_lock: rtg_block: comm=tau_rt_4 rtgid=1002 tgid=23699 pid=23701 prio=94
       deepPicar-23652 [000] d..3 25718.544063: rtg_try_release_lock: rtg_release: comm=deepPicar rtgid=1001 tgid=23652 pid=23652 prio=93
            Xorg-1132  [003] dn.3 25718.544065: rtg_try_acquire_lock: rtg_acquire: comm=tau_rt_2 rtgid=1002 tgid=23697 pid=23703 prio=94
        tau_rt_4-23701 [005] d..3 25718.556481: rtg_try_release_lock: rtg_release: comm=tau_rt_4 rtgid=1002 tgid=23699 pid=23701 prio=94
          <idle>-0     [000] dn.3 25718.564748: rtg_try_acquire_lock: rtg_acquire: comm=tau_rt_1 rtgid=1002 tgid=23694 pid=23702 prio=94
        tau_rt_1-23702 [000] ...1 25718.564772: tracing_mark_write: gid=1002: job_start
        tau_rt_3-23700 [004] dn.3 25718.576767: rtg_try_acquire_lock: rtg_preemptor: comm=deepPicar rtgid=1001 tgid=23656 pid=23656 prio=93
        tau_rt_3-23700 [004] dn.3 25718.576770: rtg_try_acquire_lock: rtg_preemptee: comm=tau_rt_1 rtgid=1002 tgid=23694 pid=23702 prio=94
       deepPicar-23652 [000] ...1 25718.576801: tracing_mark_write: gid=1001: job_start
       deepPicar-23656 [004] d..3 25718.592623: rtg_try_acquire_lock: rtg_block: comm=tau_rt_3 rtgid=1002 tgid=23698 pid=23700 prio=94
       deepPicar-23657 [005] d..3 25718.592627: rtg_try_acquire_lock: rtg_block: comm=tau_rt_4 rtgid=1002 tgid=23699 pid=23701 prio=94
       deepPicar-23655 [003] d..3 25718.592630: rtg_try_acquire_lock: rtg_block: comm=tau_rt_2 rtgid=1002 tgid=23697 pid=23703 prio=94
       deepPicar-23659 [000] d..3 25718.592671: rtg_try_release_lock: rtg_release: comm=deepPicar rtgid=1001 tgid=23652 pid=23659 prio=93
            Xorg-1132  [004] dn.3 25718.592673: rtg_try_acquire_lock: rtg_acquire: comm=tau_rt_3 rtgid=1002 tgid=23698 pid=23700 prio=94
       deepPicar-23659 [000] d..3 25718.592676: rtg_try_acquire_lock: rtg_preemptor: comm=deepPicar rtgid=1001 tgid=23652 pid=23652 prio=93
       deepPicar-23659 [000] d..3 25718.592677: rtg_try_acquire_lock: rtg_preemptee: comm=tau_rt_3 rtgid=1002 tgid=23698 pid=23700 prio=94
        tau_rt_2-23703 [003] dn.3 25718.592680: rtg_try_acquire_lock: rtg_block: comm=tau_rt_2 rtgid=1002 tgid=23697 pid=23703 prio=94
       deepPicar-23652 [000] d..3 25718.592801: rtg_try_release_lock: rtg_release: comm=deepPicar rtgid=1001 tgid=23652 pid=23652 prio=93
          <idle>-0     [003] dn.3 25718.592804: rtg_try_acquire_lock: rtg_acquire: comm=tau_rt_2 rtgid=1002 tgid=23697 pid=23703 prio=94
        tau_rt_2-23703 [003] d..3 25718.603874: rtg_try_release_lock: rtg_release: comm=tau_rt_2 rtgid=1002 tgid=23697 pid=23703 prio=94
          <idle>-0     [004] dn.3 25718.614750: rtg_try_acquire_lock: rtg_acquire: comm=tau_rt_3 rtgid=1002 tgid=23698 pid=23700 prio=94
        tau_rt_1-23702 [000] ...1 25718.614774: tracing_mark_write: gid=1002: job_start
        tau_rt_2-23703 [003] dn.3 25718.626770: rtg_try_acquire_lock: rtg_preemptor: comm=deepPicar rtgid=1001 tgid=23655 pid=23655 prio=93
        tau_rt_2-23703 [003] dn.3 25718.626773: rtg_try_acquire_lock: rtg_preemptee: comm=tau_rt_3 rtgid=1002 tgid=23698 pid=23700 prio=94
       deepPicar-23652 [000] ...1 25718.626802: tracing_mark_write: gid=1001: job_start
       deepPicar-23655 [003] d..3 25718.628162: rtg_try_release_lock: rtg_release: comm=deepPicar rtgid=1001 tgid=23655 pid=23655 prio=93
       deepPicar-23657 [005] d..3 25718.628166: rtg_try_acquire_lock: rtg_acquire: comm=deepPicar rtgid=1001 tgid=23657 pid=23680 prio=93
       deepPicar-23655 [003] d..3 25718.642823: rtg_try_acquire_lock: rtg_block: comm=tau_rt_2 rtgid=1002 tgid=23697 pid=23703 prio=94
       deepPicar-23656 [004] d..3 25718.642827: rtg_try_acquire_lock: rtg_block: comm=tau_rt_3 rtgid=1002 tgid=23698 pid=23700 prio=94
       deepPicar-23657 [005] d..3 25718.642830: rtg_try_acquire_lock: rtg_block: comm=tau_rt_4 rtgid=1002 tgid=23699 pid=23701 prio=94
       deepPicar-23659 [000] d..3 25718.642946: rtg_try_release_lock: rtg_release: comm=deepPicar rtgid=1001 tgid=23652 pid=23659 prio=93
            Xorg-1132  [004] dn.3 25718.642949: rtg_try_acquire_lock: rtg_acquire: comm=tau_rt_3 rtgid=1002 tgid=23698 pid=23700 prio=94
       deepPicar-23659 [000] d..3 25718.642952: rtg_try_acquire_lock: rtg_preemptor: comm=deepPicar rtgid=1001 tgid=23652 pid=23652 prio=93
       deepPicar-23659 [000] d..3 25718.642953: rtg_try_acquire_lock: rtg_preemptee: comm=tau_rt_3 rtgid=1002 tgid=23698 pid=23700 prio=94
        tau_rt_2-23703 [003] dn.3 25718.642957: rtg_try_acquire_lock: rtg_block: comm=tau_rt_2 rtgid=1002 tgid=23697 pid=23703 prio=94
        tau_rt_4-23701 [005] dn.3 25718.642959: rtg_try_acquire_lock: rtg_block: comm=tau_rt_4 rtgid=1002 tgid=23699 pid=23701 prio=94
       deepPicar-23652 [000] d..3 25718.643069: rtg_try_release_lock: rtg_release: comm=deepPicar rtgid=1001 tgid=23652 pid=23652 prio=93
          <idle>-0     [003] dn.3 25718.643071: rtg_try_acquire_lock: rtg_acquire: comm=tau_rt_2 rtgid=1002 tgid=23697 pid=23703 prio=94
        tau_rt_2-23703 [003] d..3 25718.654033: rtg_try_release_lock: rtg_release: comm=tau_rt_2 rtgid=1002 tgid=23697 pid=23703 prio=94
          <idle>-0     [004] dn.3 25718.664752: rtg_try_acquire_lock: rtg_acquire: comm=tau_rt_3 rtgid=1002 tgid=23698 pid=23700 prio=94
        tau_rt_1-23702 [000] ...1 25718.664781: tracing_mark_write: gid=1002: job_start
        tau_rt_2-23703 [003] dn.3 25718.676771: rtg_try_acquire_lock: rtg_preemptor: comm=deepPicar rtgid=1001 tgid=23655 pid=23655 prio=93
        tau_rt_2-23703 [003] dn.3 25718.676773: rtg_try_acquire_lock: rtg_preemptee: comm=tau_rt_3 rtgid=1002 tgid=23698 pid=23700 prio=94
       deepPicar-23652 [000] ...1 25718.676802: tracing_mark_write: gid=1001: job_start
       deepPicar-23656 [004] d..3 25718.678145: rtg_try_release_lock: rtg_release: comm=deepPicar rtgid=1001 tgid=23656 pid=23656 prio=93
       deepPicar-23657 [005] d..3 25718.678150: rtg_try_acquire_lock: rtg_acquire: comm=deepPicar rtgid=1001 tgid=23657 pid=23683 prio=93
       deepPicar-23655 [003] d..3 25718.692712: rtg_try_acquire_lock: rtg_block: comm=tau_rt_2 rtgid=1002 tgid=23697 pid=23703 prio=94
       deepPicar-23657 [005] d..3 25718.692716: rtg_try_acquire_lock: rtg_block: comm=tau_rt_4 rtgid=1002 tgid=23699 pid=23701 prio=94
       deepPicar-23656 [004] d..3 25718.692720: rtg_try_acquire_lock: rtg_block: comm=tau_rt_3 rtgid=1002 tgid=23698 pid=23700 prio=94
       deepPicar-23659 [000] d..3 25718.692932: rtg_try_release_lock: rtg_release: comm=deepPicar rtgid=1001 tgid=23652 pid=23659 prio=93
 dhd_watchdog_th-603   [005] dn.3 25718.692936: rtg_try_acquire_lock: rtg_acquire: comm=tau_rt_4 rtgid=1002 tgid=23699 pid=23701 prio=94
       deepPicar-23659 [000] d..3 25718.692939: rtg_try_acquire_lock: rtg_preemptor: comm=deepPicar rtgid=1001 tgid=23652 pid=23652 prio=93
       deepPicar-23659 [000] d..3 25718.692940: rtg_try_acquire_lock: rtg_preemptee: comm=tau_rt_4 rtgid=1002 tgid=23699 pid=23701 prio=94
        tau_rt_2-23703 [003] dn.3 25718.692944: rtg_try_acquire_lock: rtg_block: comm=tau_rt_2 rtgid=1002 tgid=23697 pid=23703 prio=94
        tau_rt_3-23700 [004] dn.3 25718.692946: rtg_try_acquire_lock: rtg_block: comm=tau_rt_3 rtgid=1002 tgid=23698 pid=23700 prio=94
        tau_rt_4-23701 [005] dn.3 25718.692948: rtg_try_acquire_lock: rtg_block: comm=tau_rt_4 rtgid=1002 tgid=23699 pid=23701 prio=94
       deepPicar-23652 [000] d..3 25718.693049: rtg_try_release_lock: rtg_release: comm=deepPicar rtgid=1001 tgid=23652 pid=23652 prio=93
 dhd_watchdog_th-603   [005] dn.3 25718.693051: rtg_try_acquire_lock: rtg_acquire: comm=tau_rt_4 rtgid=1002 tgid=23699 pid=23701 prio=94
        tau_rt_1-23702 [000] d..3 25718.704142: rtg_try_release_lock: rtg_release: comm=tau_rt_1 rtgid=1002 tgid=23694 pid=23702 prio=94
          <idle>-0     [005] dn.3 25718.714756: rtg_try_acquire_lock: rtg_acquire: comm=tau_rt_4 rtgid=1002 tgid=23699 pid=23701 prio=94
        tau_rt_1-23702 [000] ...1 25718.714784: tracing_mark_write: gid=1002: job_start
        tau_rt_4-23701 [005] dn.3 25718.726772: rtg_try_acquire_lock: rtg_preemptor: comm=deepPicar rtgid=1001 tgid=23657 pid=23657 prio=93
        tau_rt_4-23701 [005] dn.3 25718.726774: rtg_try_acquire_lock: rtg_preemptee: comm=tau_rt_4 rtgid=1002 tgid=23699 pid=23701 prio=94
       deepPicar-23652 [000] ...1 25718.726802: tracing_mark_write: gid=1001: job_start
       deepPicar-23655 [003] d..3 25718.728118: rtg_try_release_lock: rtg_release: comm=deepPicar rtgid=1001 tgid=23655 pid=23655 prio=93
       deepPicar-23657 [005] d..3 25718.728121: rtg_try_acquire_lock: rtg_acquire: comm=deepPicar rtgid=1001 tgid=23657 pid=23685 prio=93
       deepPicar-23686 [003] d..3 25718.728954: rtg_try_release_lock: rtg_release: comm=deepPicar rtgid=1001 tgid=23655 pid=23686 prio=93
       deepPicar-23685 [005] d..3 25718.728958: rtg_try_acquire_lock: rtg_acquire: comm=deepPicar rtgid=1001 tgid=23657 pid=23665 prio=93
       deepPicar-23655 [003] d..3 25718.742615: rtg_try_acquire_lock: rtg_block: comm=tau_rt_2 rtgid=1002 tgid=23697 pid=23703 prio=94
       deepPicar-23657 [005] d..3 25718.742620: rtg_try_acquire_lock: rtg_block: comm=tau_rt_4 rtgid=1002 tgid=23699 pid=23701 prio=94
       deepPicar-23656 [004] d..3 25718.742678: rtg_try_acquire_lock: rtg_block: comm=tau_rt_3 rtgid=1002 tgid=23698 pid=23700 prio=94
       deepPicar-23652 [000] d..3 25718.742741: rtg_try_release_lock: rtg_release: comm=deepPicar rtgid=1001 tgid=23652 pid=23652 prio=93
          <idle>-0     [004] dn.3 25718.742743: rtg_try_acquire_lock: rtg_acquire: comm=tau_rt_3 rtgid=1002 tgid=23698 pid=23700 prio=94
        tau_rt_2-23703 [003] d..3 25718.753846: rtg_try_release_lock: rtg_release: comm=tau_rt_2 rtgid=1002 tgid=23697 pid=23703 prio=94
          <idle>-0     [004] dn.3 25718.764757: rtg_try_acquire_lock: rtg_acquire: comm=tau_rt_3 rtgid=1002 tgid=23698 pid=23700 prio=94
        tau_rt_1-23702 [000] ...1 25718.764784: tracing_mark_write: gid=1002: job_start
        tau_rt_3-23700 [004] dn.3 25718.776772: rtg_try_acquire_lock: rtg_preemptor: comm=deepPicar rtgid=1001 tgid=23656 pid=23656 prio=93
        tau_rt_3-23700 [004] dn.3 25718.776774: rtg_try_acquire_lock: rtg_preemptee: comm=tau_rt_3 rtgid=1002 tgid=23698 pid=23700 prio=94
       deepPicar-23652 [000] ...1 25718.776802: tracing_mark_write: gid=1001: job_start
       deepPicar-23655 [003] d..3 25718.778141: rtg_try_release_lock: rtg_release: comm=deepPicar rtgid=1001 tgid=23655 pid=23655 prio=93
       deepPicar-23657 [005] d..3 25718.778145: rtg_try_acquire_lock: rtg_acquire: comm=deepPicar rtgid=1001 tgid=23657 pid=23688 prio=93
       deepPicar-23688 [005] d..3 25718.778993: rtg_try_release_lock: rtg_release: comm=deepPicar rtgid=1001 tgid=23657 pid=23688 prio=93
       deepPicar-23689 [003] d..3 25718.778995: rtg_try_acquire_lock: rtg_acquire: comm=deepPicar rtgid=1001 tgid=23655 pid=23663 prio=93
       deepPicar-23656 [004] d..3 25718.792515: rtg_try_acquire_lock: rtg_block: comm=tau_rt_3 rtgid=1002 tgid=23698 pid=23700 prio=94
       deepPicar-23657 [005] d..3 25718.792519: rtg_try_acquire_lock: rtg_block: comm=tau_rt_4 rtgid=1002 tgid=23699 pid=23701 prio=94
       deepPicar-23655 [003] d..3 25718.792625: rtg_try_acquire_lock: rtg_block: comm=tau_rt_2 rtgid=1002 tgid=23697 pid=23703 prio=94
       deepPicar-23659 [000] d..3 25718.792667: rtg_try_release_lock: rtg_release: comm=deepPicar rtgid=1001 tgid=23652 pid=23659 prio=93
 gnome-terminal--29674 [003] dn.3 25718.792670: rtg_try_acquire_lock: rtg_acquire: comm=tau_rt_2 rtgid=1002 tgid=23697 pid=23703 prio=94
       deepPicar-23659 [000] d..3 25718.792673: rtg_try_acquire_lock: rtg_preemptor: comm=deepPicar rtgid=1001 tgid=23652 pid=23652 prio=93
       deepPicar-23659 [000] d..3 25718.792674: rtg_try_acquire_lock: rtg_preemptee: comm=tau_rt_2 rtgid=1002 tgid=23697 pid=23703 prio=94
        tau_rt_3-23700 [004] dn.3 25718.792677: rtg_try_acquire_lock: rtg_block: comm=tau_rt_3 rtgid=1002 tgid=23698 pid=23700 prio=94
        tau_rt_4-23701 [005] dn.3 25718.792679: rtg_try_acquire_lock: rtg_block: comm=tau_rt_4 rtgid=1002 tgid=23699 pid=23701 prio=94
       deepPicar-23652 [000] d..3 25718.792778: rtg_try_release_lock: rtg_release: comm=deepPicar rtgid=1001 tgid=23652 pid=23652 prio=93
          <idle>-0     [004] dn.3 25718.792780: rtg_try_acquire_lock: rtg_acquire: comm=tau_rt_3 rtgid=1002 tgid=23698 pid=23700 prio=94
        tau_rt_1-23702 [000] d..3 25718.803788: rtg_try_release_lock: rtg_release: comm=tau_rt_1 rtgid=1002 tgid=23694 pid=23702 prio=94
          <idle>-0     [004] dn.3 25718.814762: rtg_try_acquire_lock: rtg_acquire: comm=tau_rt_3 rtgid=1002 tgid=23698 pid=23700 prio=94
        tau_rt_1-23702 [000] ...1 25718.814791: tracing_mark_write: gid=1002: job_start
        tau_rt_2-23703 [003] dn.3 25718.826775: rtg_try_acquire_lock: rtg_preemptor: comm=deepPicar rtgid=1001 tgid=23655 pid=23655 prio=93
        tau_rt_2-23703 [003] dn.3 25718.826778: rtg_try_acquire_lock: rtg_preemptee: comm=tau_rt_3 rtgid=1002 tgid=23698 pid=23700 prio=94
       deepPicar-23652 [000] ...1 25718.826806: tracing_mark_write: gid=1001: job_start
       deepPicar-23657 [005] d..3 25718.828109: rtg_try_release_lock: rtg_release: comm=deepPicar rtgid=1001 tgid=23657 pid=23657 prio=93
       deepPicar-23652 [000] d..3 25718.828113: rtg_try_acquire_lock: rtg_acquire: comm=deepPicar rtgid=1001 tgid=23652 pid=23672 prio=93
       deepPicar-23657 [005] d..3 25718.842556: rtg_try_acquire_lock: rtg_block: comm=tau_rt_4 rtgid=1002 tgid=23699 pid=23701 prio=94
       deepPicar-23656 [004] d..3 25718.842560: rtg_try_acquire_lock: rtg_block: comm=tau_rt_3 rtgid=1002 tgid=23698 pid=23700 prio=94
       deepPicar-23655 [003] d..3 25718.842563: rtg_try_acquire_lock: rtg_block: comm=tau_rt_2 rtgid=1002 tgid=23697 pid=23703 prio=94
       deepPicar-23659 [000] d..3 25718.842744: rtg_try_release_lock: rtg_release: comm=deepPicar rtgid=1001 tgid=23652 pid=23659 prio=93
          <idle>-0     [004] dn.3 25718.842747: rtg_try_acquire_lock: rtg_acquire: comm=tau_rt_3 rtgid=1002 tgid=23698 pid=23700 prio=94
       deepPicar-23659 [000] d..3 25718.842751: rtg_try_acquire_lock: rtg_preemptor: comm=deepPicar rtgid=1001 tgid=23652 pid=23652 prio=93
       deepPicar-23659 [000] d..3 25718.842751: rtg_try_acquire_lock: rtg_preemptee: comm=tau_rt_3 rtgid=1002 tgid=23698 pid=23700 prio=94
        tau_rt_2-23703 [003] dn.3 25718.842755: rtg_try_acquire_lock: rtg_block: comm=tau_rt_2 rtgid=1002 tgid=23697 pid=23703 prio=94
        tau_rt_3-23700 [004] dn.3 25718.842757: rtg_try_acquire_lock: rtg_block: comm=tau_rt_3 rtgid=1002 tgid=23698 pid=23700 prio=94
        tau_rt_4-23701 [005] dn.3 25718.842759: rtg_try_acquire_lock: rtg_block: comm=tau_rt_4 rtgid=1002 tgid=23699 pid=23701 prio=94
       deepPicar-23652 [000] d..3 25718.842852: rtg_try_release_lock: rtg_release: comm=deepPicar rtgid=1001 tgid=23652 pid=23652 prio=93
          <idle>-0     [003] dn.3 25718.842854: rtg_try_acquire_lock: rtg_acquire: comm=tau_rt_2 rtgid=1002 tgid=23697 pid=23703 prio=94
        tau_rt_2-23703 [003] d..3 25718.853852: rtg_try_release_lock: rtg_release: comm=tau_rt_2 rtgid=1002 tgid=23697 pid=23703 prio=94
          <idle>-0     [000] dn.3 25718.864761: rtg_try_acquire_lock: rtg_acquire: comm=tau_rt_1 rtgid=1002 tgid=23694 pid=23702 prio=94
        tau_rt_1-23702 [000] ...1 25718.864788: tracing_mark_write: gid=1002: job_start
        tau_rt_2-23703 [003] dn.3 25718.876776: rtg_try_acquire_lock: rtg_preemptor: comm=deepPicar rtgid=1001 tgid=23655 pid=23655 prio=93
        tau_rt_2-23703 [003] dn.3 25718.876779: rtg_try_acquire_lock: rtg_preemptee: comm=tau_rt_1 rtgid=1002 tgid=23694 pid=23702 prio=94
       deepPicar-23652 [000] ...1 25718.876809: tracing_mark_write: gid=1001: job_start
       deepPicar-23656 [004] d..3 25718.878166: rtg_try_release_lock: rtg_release: comm=deepPicar rtgid=1001 tgid=23656 pid=23656 prio=93
       deepPicar-23657 [005] d..3 25718.878170: rtg_try_acquire_lock: rtg_acquire: comm=deepPicar rtgid=1001 tgid=23657 pid=23677 prio=93
       deepPicar-23657 [005] d..3 25718.892787: rtg_try_acquire_lock: rtg_block: comm=tau_rt_4 rtgid=1002 tgid=23699 pid=23701 prio=94
       deepPicar-23656 [004] d..3 25718.892791: rtg_try_acquire_lock: rtg_block: comm=tau_rt_3 rtgid=1002 tgid=23698 pid=23700 prio=94
       deepPicar-23655 [003] d..3 25718.892794: rtg_try_acquire_lock: rtg_block: comm=tau_rt_2 rtgid=1002 tgid=23697 pid=23703 prio=94
       deepPicar-23659 [000] d..3 25718.892915: rtg_try_release_lock: rtg_release: comm=deepPicar rtgid=1001 tgid=23652 pid=23659 prio=93
            Xorg-1132  [005] dn.3 25718.892918: rtg_try_acquire_lock: rtg_acquire: comm=tau_rt_4 rtgid=1002 tgid=23699 pid=23701 prio=94
       deepPicar-23659 [000] d..3 25718.892920: rtg_try_acquire_lock: rtg_preemptor: comm=deepPicar rtgid=1001 tgid=23652 pid=23652 prio=93
       deepPicar-23659 [000] d..3 25718.892921: rtg_try_acquire_lock: rtg_preemptee: comm=tau_rt_4 rtgid=1002 tgid=23699 pid=23701 prio=94
        tau_rt_2-23703 [003] dn.3 25718.892925: rtg_try_acquire_lock: rtg_block: comm=tau_rt_2 rtgid=1002 tgid=23697 pid=23703 prio=94
        tau_rt_3-23700 [004] dn.3 25718.892928: rtg_try_acquire_lock: rtg_block: comm=tau_rt_3 rtgid=1002 tgid=23698 pid=23700 prio=94
        tau_rt_4-23701 [005] dn.3 25718.892929: rtg_try_acquire_lock: rtg_block: comm=tau_rt_4 rtgid=1002 tgid=23699 pid=23701 prio=94
       deepPicar-23652 [000] d..3 25718.893025: rtg_try_release_lock: rtg_release: comm=deepPicar rtgid=1001 tgid=23652 pid=23652 prio=93
          <idle>-0     [004] dn.3 25718.893028: rtg_try_acquire_lock: rtg_acquire: comm=tau_rt_3 rtgid=1002 tgid=23698 pid=23700 prio=94
        tau_rt_2-23703 [003] d..3 25718.903970: rtg_try_release_lock: rtg_release: comm=tau_rt_2 rtgid=1002 tgid=23697 pid=23703 prio=94
          <idle>-0     [003] dn.3 25718.914764: rtg_try_acquire_lock: rtg_acquire: comm=tau_rt_2 rtgid=1002 tgid=23697 pid=23703 prio=94
        tau_rt_1-23702 [000] ...1 25718.914791: tracing_mark_write: gid=1002: job_start
        tau_rt_2-23703 [003] dn.3 25718.926778: rtg_try_acquire_lock: rtg_preemptor: comm=deepPicar rtgid=1001 tgid=23655 pid=23655 prio=93
        tau_rt_2-23703 [003] dn.3 25718.926780: rtg_try_acquire_lock: rtg_preemptee: comm=tau_rt_2 rtgid=1002 tgid=23697 pid=23703 prio=94
       deepPicar-23652 [000] ...1 25718.926808: tracing_mark_write: gid=1001: job_start
       deepPicar-23655 [003] d..3 25718.942623: rtg_try_acquire_lock: rtg_block: comm=tau_rt_2 rtgid=1002 tgid=23697 pid=23703 prio=94
       deepPicar-23657 [005] d..3 25718.942627: rtg_try_acquire_lock: rtg_block: comm=tau_rt_4 rtgid=1002 tgid=23699 pid=23701 prio=94
       deepPicar-23656 [004] d..3 25718.942630: rtg_try_acquire_lock: rtg_block: comm=tau_rt_3 rtgid=1002 tgid=23698 pid=23700 prio=94
       deepPicar-23659 [000] d..3 25718.942639: rtg_try_release_lock: rtg_release: comm=deepPicar rtgid=1001 tgid=23652 pid=23659 prio=93
     kworker/5:1-27696 [005] dn.3 25718.942641: rtg_try_acquire_lock: rtg_acquire: comm=tau_rt_4 rtgid=1002 tgid=23699 pid=23701 prio=94
       deepPicar-23659 [000] d..3 25718.942643: rtg_try_acquire_lock: rtg_preemptor: comm=deepPicar rtgid=1001 tgid=23652 pid=23652 prio=93
       deepPicar-23659 [000] d..3 25718.942644: rtg_try_acquire_lock: rtg_preemptee: comm=tau_rt_4 rtgid=1002 tgid=23699 pid=23701 prio=94
 nvgpu_channel_p-1146  [004] d..3 25718.942705: rtg_try_acquire_lock: rtg_block: comm=tau_rt_3 rtgid=1002 tgid=23698 pid=23700 prio=94
       deepPicar-23652 [000] d..3 25718.942756: rtg_try_release_lock: rtg_release: comm=deepPicar rtgid=1001 tgid=23652 pid=23652 prio=93
          <idle>-0     [004] dn.3 25718.942759: rtg_try_acquire_lock: rtg_acquire: comm=tau_rt_3 rtgid=1002 tgid=23698 pid=23700 prio=94
        tau_rt_1-23702 [000] d..3 25718.951031: rtg_try_release_lock: rtg_release: comm=tau_rt_1 rtgid=1002 tgid=23694 pid=23702 prio=94
          <idle>-0     [004] dn.3 25718.964763: rtg_try_acquire_lock: rtg_acquire: comm=tau_rt_3 rtgid=1002 tgid=23698 pid=23700 prio=94
        tau_rt_1-23702 [000] ...1 25718.964788: tracing_mark_write: gid=1002: job_start
        tau_rt_4-23701 [005] dn.3 25718.976779: rtg_try_acquire_lock: rtg_preemptor: comm=deepPicar rtgid=1001 tgid=23657 pid=23657 prio=93
        tau_rt_4-23701 [005] dn.3 25718.976782: rtg_try_acquire_lock: rtg_preemptee: comm=tau_rt_3 rtgid=1002 tgid=23698 pid=23700 prio=94
       deepPicar-23652 [000] ...1 25718.976809: tracing_mark_write: gid=1001: job_start
       deepPicar-23652 [000] d..3 25718.978142: rtg_try_release_lock: rtg_release: comm=deepPicar rtgid=1001 tgid=23652 pid=23652 prio=93
       deepPicar-23655 [003] d..3 25718.978145: rtg_try_acquire_lock: rtg_acquire: comm=deepPicar rtgid=1001 tgid=23655 pid=23682 prio=93
       deepPicar-23655 [003] d..3 25718.992682: rtg_try_acquire_lock: rtg_block: comm=tau_rt_2 rtgid=1002 tgid=23697 pid=23703 prio=94
       deepPicar-23657 [005] d..3 25718.992685: rtg_try_acquire_lock: rtg_block: comm=tau_rt_4 rtgid=1002 tgid=23699 pid=23701 prio=94
       deepPicar-23656 [004] d..3 25718.992691: rtg_try_acquire_lock: rtg_block: comm=tau_rt_3 rtgid=1002 tgid=23698 pid=23700 prio=94
       deepPicar-23659 [000] d..3 25718.992920: rtg_try_release_lock: rtg_release: comm=deepPicar rtgid=1001 tgid=23652 pid=23659 prio=93
          <idle>-0     [003] dn.3 25718.992923: rtg_try_acquire_lock: rtg_acquire: comm=tau_rt_2 rtgid=1002 tgid=23697 pid=23703 prio=94
       deepPicar-23659 [000] d..3 25718.992926: rtg_try_acquire_lock: rtg_preemptor: comm=deepPicar rtgid=1001 tgid=23652 pid=23652 prio=93
       deepPicar-23659 [000] d..3 25718.992927: rtg_try_acquire_lock: rtg_preemptee: comm=tau_rt_2 rtgid=1002 tgid=23697 pid=23703 prio=94
        tau_rt_3-23700 [004] dn.3 25718.992931: rtg_try_acquire_lock: rtg_block: comm=tau_rt_3 rtgid=1002 tgid=23698 pid=23700 prio=94
        tau_rt_2-23703 [003] dn.3 25718.992933: rtg_try_acquire_lock: rtg_block: comm=tau_rt_2 rtgid=1002 tgid=23697 pid=23703 prio=94
        tau_rt_4-23701 [005] dn.3 25718.992934: rtg_try_acquire_lock: rtg_block: comm=tau_rt_4 rtgid=1002 tgid=23699 pid=23701 prio=94
       deepPicar-23652 [000] d..3 25718.993027: rtg_try_release_lock: rtg_release: comm=deepPicar rtgid=1001 tgid=23652 pid=23652 prio=93
          <idle>-0     [003] dn.3 25718.993029: rtg_try_acquire_lock: rtg_acquire: comm=tau_rt_2 rtgid=1002 tgid=23697 pid=23703 prio=94
        tau_rt_1-23702 [000] ...1 25719.014809: tracing_mark_write: gid=1002: job_start
        tau_rt_3-23700 [004] dn.3 25719.026781: rtg_try_acquire_lock: rtg_preemptor: comm=deepPicar rtgid=1001 tgid=23656 pid=23656 prio=93
        tau_rt_3-23700 [004] dn.3 25719.026783: rtg_try_acquire_lock: rtg_preemptee: comm=tau_rt_2 rtgid=1002 tgid=23697 pid=23703 prio=94
       deepPicar-23652 [000] ...1 25719.026813: tracing_mark_write: gid=1001: job_start
       deepPicar-23686 [003] d..3 25719.028963: rtg_try_release_lock: rtg_release: comm=deepPicar rtgid=1001 tgid=23655 pid=23686 prio=93
       deepPicar-23685 [005] d..3 25719.028968: rtg_try_acquire_lock: rtg_acquire: comm=deepPicar rtgid=1001 tgid=23657 pid=23665 prio=93
       deepPicar-23657 [005] d..3 25719.042611: rtg_try_acquire_lock: rtg_block: comm=tau_rt_4 rtgid=1002 tgid=23699 pid=23701 prio=94
       deepPicar-23655 [003] d..3 25719.042615: rtg_try_acquire_lock: rtg_block: comm=tau_rt_2 rtgid=1002 tgid=23697 pid=23703 prio=94
       deepPicar-23656 [004] d..3 25719.042626: rtg_try_acquire_lock: rtg_block: comm=tau_rt_3 rtgid=1002 tgid=23698 pid=23700 prio=94
       deepPicar-23659 [000] d..3 25719.042762: rtg_try_release_lock: rtg_release: comm=deepPicar rtgid=1001 tgid=23652 pid=23659 prio=93
          <idle>-0     [004] dn.3 25719.042765: rtg_try_acquire_lock: rtg_acquire: comm=tau_rt_3 rtgid=1002 tgid=23698 pid=23700 prio=94
       deepPicar-23659 [000] d..3 25719.042768: rtg_try_acquire_lock: rtg_preemptor: comm=deepPicar rtgid=1001 tgid=23652 pid=23652 prio=93
       deepPicar-23659 [000] d..3 25719.042769: rtg_try_acquire_lock: rtg_preemptee: comm=tau_rt_3 rtgid=1002 tgid=23698 pid=23700 prio=94
        tau_rt_2-23703 [003] dn.3 25719.042772: rtg_try_acquire_lock: rtg_block: comm=tau_rt_2 rtgid=1002 tgid=23697 pid=23703 prio=94
        tau_rt_3-23700 [004] dn.3 25719.042774: rtg_try_acquire_lock: rtg_block: comm=tau_rt_3 rtgid=1002 tgid=23698 pid=23700 prio=94
        tau_rt_4-23701 [005] dn.3 25719.042776: rtg_try_acquire_lock: rtg_block: comm=tau_rt_4 rtgid=1002 tgid=23699 pid=23701 prio=94
       deepPicar-23652 [000] d..3 25719.042867: rtg_try_release_lock: rtg_release: comm=deepPicar rtgid=1001 tgid=23652 pid=23652 prio=93
          <idle>-0     [003] dn.3 25719.042869: rtg_try_acquire_lock: rtg_acquire: comm=tau_rt_2 rtgid=1002 tgid=23697 pid=23703 prio=94
        tau_rt_1-23702 [000] ...1 25719.064809: tracing_mark_write: gid=1002: job_start
        tau_rt_3-23700 [004] dn.3 25719.076784: rtg_try_acquire_lock: rtg_preemptor: comm=deepPicar rtgid=1001 tgid=23656 pid=23656 prio=93
        tau_rt_3-23700 [004] dn.3 25719.076787: rtg_try_acquire_lock: rtg_preemptee: comm=tau_rt_2 rtgid=1002 tgid=23697 pid=23703 prio=94
       deepPicar-23652 [000] ...1 25719.076816: tracing_mark_write: gid=1001: job_start
       deepPicar-23655 [003] d..3 25719.078161: rtg_try_release_lock: rtg_release: comm=deepPicar rtgid=1001 tgid=23655 pid=23655 prio=93
       deepPicar-23652 [000] d..3 25719.078165: rtg_try_acquire_lock: rtg_acquire: comm=deepPicar rtgid=1001 tgid=23652 pid=23671 prio=93
       deepPicar-23688 [005] d..3 25719.079051: rtg_try_release_lock: rtg_release: comm=deepPicar rtgid=1001 tgid=23657 pid=23688 prio=93
       deepPicar-23671 [000] d..3 25719.079054: rtg_try_acquire_lock: rtg_acquire: comm=deepPicar rtgid=1001 tgid=23652 pid=23659 prio=93
