          <idle>-0     [003] dn.3  2645.150108: rtg_try_acquire_lock: rtg_block: comm=tau_rt_2 sched=FIFO pid=4396 tgid=4375 rtgid=1002 prio=94
          <idle>-0     [004] dn.3  2645.150109: rtg_try_acquire_lock: rtg_block: comm=tau_rt_3 sched=FIFO pid=4406 tgid=4376 rtgid=1002 prio=94
       deepPicar-4366  [000] d..3  2645.150113: rtg_try_acquire_lock: rtg_preempt: prev=deepPicar sched=FIFO prio=94 pid=4377 tgid=4377 rtgid=0 | next=deepPicar sched=FIFO prio=93 pid=4385 tgid=4366 rtgid=1001
       deepPicar-4377  [005] dn.3  2645.150116: rtg_try_acquire_lock: rtg_block: comm=deepPicar sched=FIFO pid=4377 tgid=4377 rtgid=0 prio=94
       deepPicar-4385  [000] d..3  2645.151218: rtg_try_release_lock: rtg_release: gid=1001 comm=deepPicar
          <idle>-0     [003] dn.3  2645.151221: rtg_try_acquire_lock: rtg_acquire: gid=1002 comm=tau_rt_2
          <idle>-0     [005] dn.3  2645.151223: rtg_try_acquire_lock: rtg_block: comm=deepPicar sched=FIFO pid=4377 tgid=4377 rtgid=0 prio=94
       deepPicar-4385  [000] d..3  2645.151226: rtg_try_acquire_lock: rtg_preempt: prev=tau_rt_2 sched=FIFO prio=94 pid=4396 tgid=4375 rtgid=1002 | next=deepPicar sched=FIFO prio=93 pid=4381 tgid=4366 rtgid=1001
        tau_rt_2-4396  [003] dn.3  2645.151230: rtg_try_acquire_lock: rtg_block: comm=tau_rt_2 sched=FIFO pid=4396 tgid=4375 rtgid=1002 prio=94
        tau_rt_3-4406  [004] dn.3  2645.151231: rtg_try_acquire_lock: rtg_block: comm=tau_rt_3 sched=FIFO pid=4406 tgid=4376 rtgid=1002 prio=94
       deepPicar-4366  [000] d..3  2645.167151: rtg_try_acquire_lock: rtg_block: comm=tau_rt_1 sched=FIFO pid=4374 tgid=4374 rtgid=0 prio=94
        tau_rt_4-4373  [005] d..3  2645.181800: rtg_try_release_lock: rtg_release: gid=1001 comm=tau_rt_4
          <idle>-0     [004] dn.3  2645.181803: rtg_try_acquire_lock: rtg_acquire: gid=1002 comm=tau_rt_3
          <idle>-0     [000] dn.3  2645.181808: rtg_try_acquire_lock: rtg_block: comm=tau_rt_1 sched=FIFO pid=4374 tgid=4374 rtgid=0 prio=94
        tau_rt_4-4373  [005] d..3  2645.181810: rtg_try_acquire_lock: rtg_block: comm=deepPicar sched=FIFO pid=4377 tgid=4377 rtgid=0 prio=94
          <idle>-0     [000] dn.3  2645.198882: rtg_try_acquire_lock: rtg_preempt: prev=tau_rt_3 sched=FIFO prio=94 pid=4406 tgid=4376 rtgid=1002 | next=deepPicar sched=FIFO prio=93 pid=4366 tgid=4366 rtgid=1001
        tau_rt_2-4396  [003] dn.3  2645.198894: rtg_try_acquire_lock: rtg_block: comm=tau_rt_2 sched=FIFO pid=4396 tgid=4375 rtgid=1002 prio=94
        tau_rt_3-4406  [004] dn.3  2645.198898: rtg_try_acquire_lock: rtg_block: comm=tau_rt_3 sched=FIFO pid=4406 tgid=4376 rtgid=1002 prio=94
       deepPicar-4366  [000] d..3  2645.200080: rtg_try_release_lock: rtg_release: gid=1001 comm=deepPicar
          <idle>-0     [005] dn.3  2645.200083: rtg_try_acquire_lock: rtg_acquire: gid=0 comm=deepPicar
          <idle>-0     [004] dn.3  2645.200085: rtg_try_acquire_lock: rtg_block: comm=tau_rt_3 sched=FIFO pid=4406 tgid=4376 rtgid=1002 prio=94
          <idle>-0     [003] dn.3  2645.200087: rtg_try_acquire_lock: rtg_block: comm=tau_rt_2 sched=FIFO pid=4396 tgid=4375 rtgid=1002 prio=94
       deepPicar-4366  [000] d..3  2645.200090: rtg_try_acquire_lock: rtg_preempt: prev=deepPicar sched=FIFO prio=94 pid=4377 tgid=4377 rtgid=0 | next=deepPicar sched=FIFO prio=93 pid=4386 tgid=4366 rtgid=1001
       deepPicar-4377  [005] dn.3  2645.200093: rtg_try_acquire_lock: rtg_block: comm=deepPicar sched=FIFO pid=4377 tgid=4377 rtgid=0 prio=94
       deepPicar-4386  [000] d..3  2645.200860: rtg_try_release_lock: rtg_release: gid=1001 comm=deepPicar
          <idle>-0     [003] dn.3  2645.200861: rtg_try_acquire_lock: rtg_acquire: gid=1002 comm=tau_rt_2
          <idle>-0     [005] dn.3  2645.200864: rtg_try_acquire_lock: rtg_block: comm=deepPicar sched=FIFO pid=4377 tgid=4377 rtgid=0 prio=94
       deepPicar-4386  [000] d..3  2645.200866: rtg_try_acquire_lock: rtg_preempt: prev=tau_rt_2 sched=FIFO prio=94 pid=4396 tgid=4375 rtgid=1002 | next=deepPicar sched=FIFO prio=93 pid=4381 tgid=4366 rtgid=1001
        tau_rt_2-4396  [003] dn.3  2645.200869: rtg_try_acquire_lock: rtg_block: comm=tau_rt_2 sched=FIFO pid=4396 tgid=4375 rtgid=1002 prio=94
        tau_rt_3-4406  [004] dn.3  2645.200871: rtg_try_acquire_lock: rtg_block: comm=tau_rt_3 sched=FIFO pid=4406 tgid=4376 rtgid=1002 prio=94
       deepPicar-4366  [000] d..3  2645.216314: rtg_try_acquire_lock: rtg_block: comm=tau_rt_1 sched=FIFO pid=4374 tgid=4374 rtgid=0 prio=94
        tau_rt_4-4373  [005] d..3  2645.231907: rtg_try_release_lock: rtg_release: gid=1001 comm=tau_rt_4
          <idle>-0     [004] dn.3  2645.231910: rtg_try_acquire_lock: rtg_acquire: gid=1002 comm=tau_rt_3
          <idle>-0     [000] dn.3  2645.231915: rtg_try_acquire_lock: rtg_block: comm=tau_rt_1 sched=FIFO pid=4374 tgid=4374 rtgid=0 prio=94
        tau_rt_4-4373  [005] d..3  2645.231917: rtg_try_acquire_lock: rtg_block: comm=deepPicar sched=FIFO pid=4377 tgid=4377 rtgid=0 prio=94
          <idle>-0     [000] dn.3  2645.248882: rtg_try_acquire_lock: rtg_preempt: prev=tau_rt_3 sched=FIFO prio=94 pid=4406 tgid=4376 rtgid=1002 | next=deepPicar sched=FIFO prio=93 pid=4366 tgid=4366 rtgid=1001
        tau_rt_2-4396  [003] dn.3  2645.248895: rtg_try_acquire_lock: rtg_block: comm=tau_rt_2 sched=FIFO pid=4396 tgid=4375 rtgid=1002 prio=94
        tau_rt_3-4406  [004] dn.3  2645.248899: rtg_try_acquire_lock: rtg_block: comm=tau_rt_3 sched=FIFO pid=4406 tgid=4376 rtgid=1002 prio=94
       deepPicar-4366  [000] d..3  2645.250044: rtg_try_release_lock: rtg_release: gid=1001 comm=deepPicar
          <idle>-0     [005] dn.3  2645.250047: rtg_try_acquire_lock: rtg_acquire: gid=0 comm=deepPicar
          <idle>-0     [003] dn.3  2645.250049: rtg_try_acquire_lock: rtg_block: comm=tau_rt_2 sched=FIFO pid=4396 tgid=4375 rtgid=1002 prio=94
          <idle>-0     [004] dn.3  2645.250051: rtg_try_acquire_lock: rtg_block: comm=tau_rt_3 sched=FIFO pid=4406 tgid=4376 rtgid=1002 prio=94
       deepPicar-4366  [000] d..3  2645.250054: rtg_try_acquire_lock: rtg_preempt: prev=deepPicar sched=FIFO prio=94 pid=4377 tgid=4377 rtgid=0 | next=deepPicar sched=FIFO prio=93 pid=4389 tgid=4366 rtgid=1001
       deepPicar-4377  [005] dn.3  2645.250057: rtg_try_acquire_lock: rtg_block: comm=deepPicar sched=FIFO pid=4377 tgid=4377 rtgid=0 prio=94
       deepPicar-4389  [000] d..3  2645.250906: rtg_try_release_lock: rtg_release: gid=1001 comm=deepPicar
          <idle>-0     [004] dn.3  2645.250907: rtg_try_acquire_lock: rtg_acquire: gid=1002 comm=tau_rt_3
          <idle>-0     [005] dn.3  2645.250910: rtg_try_acquire_lock: rtg_block: comm=deepPicar sched=FIFO pid=4377 tgid=4377 rtgid=0 prio=94
       deepPicar-4389  [000] d..3  2645.250913: rtg_try_acquire_lock: rtg_preempt: prev=tau_rt_3 sched=FIFO prio=94 pid=4406 tgid=4376 rtgid=1002 | next=deepPicar sched=FIFO prio=93 pid=4381 tgid=4366 rtgid=1001
        tau_rt_2-4396  [003] dn.3  2645.250916: rtg_try_acquire_lock: rtg_block: comm=tau_rt_2 sched=FIFO pid=4396 tgid=4375 rtgid=1002 prio=94
        tau_rt_3-4406  [004] dn.3  2645.250918: rtg_try_acquire_lock: rtg_block: comm=tau_rt_3 sched=FIFO pid=4406 tgid=4376 rtgid=1002 prio=94
       deepPicar-4366  [000] d..3  2645.266614: rtg_try_acquire_lock: rtg_block: comm=tau_rt_1 sched=FIFO pid=4374 tgid=4374 rtgid=0 prio=94
        tau_rt_4-4373  [005] d..3  2645.281868: rtg_try_release_lock: rtg_release: gid=1001 comm=tau_rt_4
          <idle>-0     [000] dn.3  2645.281872: rtg_try_acquire_lock: rtg_acquire: gid=0 comm=tau_rt_1
          <idle>-0     [003] dn.3  2645.281876: rtg_try_acquire_lock: rtg_block: comm=tau_rt_2 sched=FIFO pid=4396 tgid=4375 rtgid=1002 prio=94
          <idle>-0     [004] dn.3  2645.281880: rtg_try_acquire_lock: rtg_block: comm=tau_rt_3 sched=FIFO pid=4406 tgid=4376 rtgid=1002 prio=94
        tau_rt_4-4373  [005] d..3  2645.281882: rtg_try_acquire_lock: rtg_block: comm=deepPicar sched=FIFO pid=4377 tgid=4377 rtgid=0 prio=94
        tau_rt_1-4407  [000] dn.3  2645.298885: rtg_try_acquire_lock: rtg_preempt: prev=tau_rt_1 sched=FIFO prio=94 pid=4374 tgid=4374 rtgid=1002 | next=deepPicar sched=FIFO prio=93 pid=4366 tgid=4366 rtgid=1001
       deepPicar-4366  [000] d..3  2645.300099: rtg_try_release_lock: rtg_release: gid=1001 comm=deepPicar
          <idle>-0     [005] dn.3  2645.300101: rtg_try_acquire_lock: rtg_acquire: gid=0 comm=deepPicar
          <idle>-0     [003] dn.3  2645.300105: rtg_try_acquire_lock: rtg_block: comm=tau_rt_2 sched=FIFO pid=4396 tgid=4375 rtgid=1002 prio=94
          <idle>-0     [004] dn.3  2645.300107: rtg_try_acquire_lock: rtg_block: comm=tau_rt_3 sched=FIFO pid=4406 tgid=4376 rtgid=1002 prio=94
       deepPicar-4366  [000] d..3  2645.300110: rtg_try_acquire_lock: rtg_preempt: prev=deepPicar sched=FIFO prio=94 pid=4377 tgid=4377 rtgid=0 | next=deepPicar sched=FIFO prio=93 pid=4391 tgid=4366 rtgid=1001
       deepPicar-4377  [005] dn.3  2645.300114: rtg_try_acquire_lock: rtg_block: comm=deepPicar sched=FIFO pid=4377 tgid=4377 rtgid=0 prio=94
       deepPicar-4391  [000] d..3  2645.300886: rtg_try_release_lock: rtg_release: gid=1001 comm=deepPicar
          <idle>-0     [005] dn.3  2645.300888: rtg_try_acquire_lock: rtg_acquire: gid=0 comm=deepPicar
          <idle>-0     [003] dn.3  2645.300890: rtg_try_acquire_lock: rtg_block: comm=tau_rt_2 sched=FIFO pid=4396 tgid=4375 rtgid=1002 prio=94
          <idle>-0     [004] dn.3  2645.300891: rtg_try_acquire_lock: rtg_block: comm=tau_rt_3 sched=FIFO pid=4406 tgid=4376 rtgid=1002 prio=94
       deepPicar-4391  [000] d..3  2645.300894: rtg_try_acquire_lock: rtg_preempt: prev=deepPicar sched=FIFO prio=94 pid=4377 tgid=4377 rtgid=0 | next=deepPicar sched=FIFO prio=93 pid=4381 tgid=4366 rtgid=1001
       deepPicar-4377  [005] dn.3  2645.300896: rtg_try_acquire_lock: rtg_block: comm=deepPicar sched=FIFO pid=4377 tgid=4377 rtgid=0 prio=94
       deepPicar-4366  [000] d..3  2645.316540: rtg_try_acquire_lock: rtg_block: comm=tau_rt_1 sched=FIFO pid=4407 tgid=4374 rtgid=1002 prio=94
        tau_rt_4-4373  [005] d..3  2645.331767: rtg_try_release_lock: rtg_release: gid=1001 comm=tau_rt_4
          <idle>-0     [000] dn.3  2645.331770: rtg_try_acquire_lock: rtg_acquire: gid=1002 comm=tau_rt_1
        tau_rt_4-4373  [005] d..3  2645.331775: rtg_try_acquire_lock: rtg_block: comm=deepPicar sched=FIFO pid=4377 tgid=4377 rtgid=0 prio=94
        tau_rt_1-4407  [000] dn.3  2645.348889: rtg_try_acquire_lock: rtg_preempt: prev=tau_rt_1 sched=FIFO prio=94 pid=4407 tgid=4374 rtgid=1002 | next=deepPicar sched=FIFO prio=93 pid=4366 tgid=4366 rtgid=1001
        tau_rt_2-4396  [003] dn.3  2645.348903: rtg_try_acquire_lock: rtg_block: comm=tau_rt_2 sched=FIFO pid=4396 tgid=4375 rtgid=1002 prio=94
        tau_rt_3-4406  [004] dn.3  2645.348907: rtg_try_acquire_lock: rtg_block: comm=tau_rt_3 sched=FIFO pid=4406 tgid=4376 rtgid=1002 prio=94
       deepPicar-4366  [000] d..3  2645.350082: rtg_try_release_lock: rtg_release: gid=1001 comm=deepPicar
          <idle>-0     [004] dn.3  2645.350085: rtg_try_acquire_lock: rtg_acquire: gid=1002 comm=tau_rt_3
          <idle>-0     [005] dn.3  2645.350088: rtg_try_acquire_lock: rtg_block: comm=deepPicar sched=FIFO pid=4377 tgid=4377 rtgid=0 prio=94
       deepPicar-4366  [000] d..3  2645.350092: rtg_try_acquire_lock: rtg_preempt: prev=tau_rt_3 sched=FIFO prio=94 pid=4406 tgid=4376 rtgid=1002 | next=deepPicar sched=FIFO prio=93 pid=4393 tgid=4366 rtgid=1001
        tau_rt_2-4396  [003] dn.3  2645.350095: rtg_try_acquire_lock: rtg_block: comm=tau_rt_2 sched=FIFO pid=4396 tgid=4375 rtgid=1002 prio=94
        tau_rt_3-4406  [004] dn.3  2645.350097: rtg_try_acquire_lock: rtg_block: comm=tau_rt_3 sched=FIFO pid=4406 tgid=4376 rtgid=1002 prio=94
       deepPicar-4393  [000] d..3  2645.350936: rtg_try_release_lock: rtg_release: gid=1001 comm=deepPicar
          <idle>-0     [003] dn.3  2645.350938: rtg_try_acquire_lock: rtg_acquire: gid=1002 comm=tau_rt_2
          <idle>-0     [005] dn.3  2645.350941: rtg_try_acquire_lock: rtg_block: comm=deepPicar sched=FIFO pid=4377 tgid=4377 rtgid=0 prio=94
       deepPicar-4393  [000] d..3  2645.350943: rtg_try_acquire_lock: rtg_preempt: prev=tau_rt_2 sched=FIFO prio=94 pid=4396 tgid=4375 rtgid=1002 | next=deepPicar sched=FIFO prio=93 pid=4381 tgid=4366 rtgid=1001
        tau_rt_2-4396  [003] dn.3  2645.350958: rtg_try_acquire_lock: rtg_block: comm=tau_rt_2 sched=FIFO pid=4396 tgid=4375 rtgid=1002 prio=94
        tau_rt_3-4406  [004] dn.3  2645.350964: rtg_try_acquire_lock: rtg_block: comm=tau_rt_3 sched=FIFO pid=4406 tgid=4376 rtgid=1002 prio=94
       deepPicar-4366  [000] d..3  2645.366762: rtg_try_acquire_lock: rtg_block: comm=tau_rt_1 sched=FIFO pid=4407 tgid=4374 rtgid=1002 prio=94
        tau_rt_4-4373  [005] d..3  2645.381778: rtg_try_release_lock: rtg_release: gid=1001 comm=tau_rt_4
          <idle>-0     [000] dn.3  2645.381781: rtg_try_acquire_lock: rtg_acquire: gid=1002 comm=tau_rt_1
        tau_rt_4-4373  [005] d..3  2645.381784: rtg_try_acquire_lock: rtg_block: comm=deepPicar sched=FIFO pid=4377 tgid=4377 rtgid=0 prio=94
        tau_rt_1-4407  [000] dn.3  2645.398885: rtg_try_acquire_lock: rtg_preempt: prev=tau_rt_1 sched=FIFO prio=94 pid=4407 tgid=4374 rtgid=1002 | next=deepPicar sched=FIFO prio=93 pid=4366 tgid=4366 rtgid=1001
        tau_rt_2-4396  [003] dn.3  2645.398897: rtg_try_acquire_lock: rtg_block: comm=tau_rt_2 sched=FIFO pid=4396 tgid=4375 rtgid=1002 prio=94
        tau_rt_3-4406  [004] dn.3  2645.398902: rtg_try_acquire_lock: rtg_block: comm=tau_rt_3 sched=FIFO pid=4406 tgid=4376 rtgid=1002 prio=94
       deepPicar-4366  [000] d..3  2645.400078: rtg_try_release_lock: rtg_release: gid=1001 comm=deepPicar
          <idle>-0     [004] dn.3  2645.400080: rtg_try_acquire_lock: rtg_acquire: gid=1002 comm=tau_rt_3
          <idle>-0     [005] dn.3  2645.400083: rtg_try_acquire_lock: rtg_block: comm=deepPicar sched=FIFO pid=4377 tgid=4377 rtgid=0 prio=94
       deepPicar-4366  [000] d..3  2645.400087: rtg_try_acquire_lock: rtg_preempt: prev=tau_rt_3 sched=FIFO prio=94 pid=4406 tgid=4376 rtgid=1002 | next=deepPicar sched=FIFO prio=93 pid=4395 tgid=4366 rtgid=1001
        tau_rt_2-4396  [003] dn.3  2645.400090: rtg_try_acquire_lock: rtg_block: comm=tau_rt_2 sched=FIFO pid=4396 tgid=4375 rtgid=1002 prio=94
        tau_rt_3-4406  [004] dn.3  2645.400092: rtg_try_acquire_lock: rtg_block: comm=tau_rt_3 sched=FIFO pid=4406 tgid=4376 rtgid=1002 prio=94
       deepPicar-4395  [000] d..3  2645.400856: rtg_try_release_lock: rtg_release: gid=1001 comm=deepPicar
          <idle>-0     [003] dn.3  2645.400858: rtg_try_acquire_lock: rtg_acquire: gid=1002 comm=tau_rt_2
          <idle>-0     [005] dn.3  2645.400860: rtg_try_acquire_lock: rtg_block: comm=deepPicar sched=FIFO pid=4377 tgid=4377 rtgid=0 prio=94
       deepPicar-4395  [000] d..3  2645.400863: rtg_try_acquire_lock: rtg_preempt: prev=tau_rt_2 sched=FIFO prio=94 pid=4396 tgid=4375 rtgid=1002 | next=deepPicar sched=FIFO prio=93 pid=4381 tgid=4366 rtgid=1001
        tau_rt_2-4396  [003] dn.3  2645.400866: rtg_try_acquire_lock: rtg_block: comm=tau_rt_2 sched=FIFO pid=4396 tgid=4375 rtgid=1002 prio=94
        tau_rt_3-4406  [004] dn.3  2645.400868: rtg_try_acquire_lock: rtg_block: comm=tau_rt_3 sched=FIFO pid=4406 tgid=4376 rtgid=1002 prio=94
       deepPicar-4366  [000] d..3  2645.416451: rtg_try_acquire_lock: rtg_block: comm=tau_rt_1 sched=FIFO pid=4407 tgid=4374 rtgid=1002 prio=94
        tau_rt_4-4373  [005] d..3  2645.431820: rtg_try_release_lock: rtg_release: gid=1001 comm=tau_rt_4
          <idle>-0     [004] dn.3  2645.431824: rtg_try_acquire_lock: rtg_acquire: gid=1002 comm=tau_rt_3
        tau_rt_4-4373  [005] d..3  2645.431829: rtg_try_acquire_lock: rtg_block: comm=deepPicar sched=FIFO pid=4377 tgid=4377 rtgid=0 prio=94
        tau_rt_1-4407  [000] dn.3  2645.448888: rtg_try_acquire_lock: rtg_preempt: prev=tau_rt_3 sched=FIFO prio=94 pid=4406 tgid=4376 rtgid=1002 | next=deepPicar sched=FIFO prio=93 pid=4366 tgid=4366 rtgid=1001
        tau_rt_2-4396  [003] dn.3  2645.448901: rtg_try_acquire_lock: rtg_block: comm=tau_rt_2 sched=FIFO pid=4396 tgid=4375 rtgid=1002 prio=94
        tau_rt_3-4406  [004] dn.3  2645.448904: rtg_try_acquire_lock: rtg_block: comm=tau_rt_3 sched=FIFO pid=4406 tgid=4376 rtgid=1002 prio=94
       deepPicar-4366  [000] d..3  2645.450068: rtg_try_release_lock: rtg_release: gid=1001 comm=deepPicar
          <idle>-0     [004] dn.3  2645.450071: rtg_try_acquire_lock: rtg_acquire: gid=1002 comm=tau_rt_3
          <idle>-0     [005] dn.3  2645.450074: rtg_try_acquire_lock: rtg_block: comm=deepPicar sched=FIFO pid=4377 tgid=4377 rtgid=0 prio=94
       deepPicar-4366  [000] d..3  2645.450078: rtg_try_acquire_lock: rtg_preempt: prev=tau_rt_3 sched=FIFO prio=94 pid=4406 tgid=4376 rtgid=1002 | next=deepPicar sched=FIFO prio=93 pid=4385 tgid=4366 rtgid=1001
        tau_rt_2-4396  [003] dn.3  2645.450082: rtg_try_acquire_lock: rtg_block: comm=tau_rt_2 sched=FIFO pid=4396 tgid=4375 rtgid=1002 prio=94
        tau_rt_3-4406  [004] dn.3  2645.450083: rtg_try_acquire_lock: rtg_block: comm=tau_rt_3 sched=FIFO pid=4406 tgid=4376 rtgid=1002 prio=94
       deepPicar-4385  [000] d..3  2645.450916: rtg_try_release_lock: rtg_release: gid=1001 comm=deepPicar
          <idle>-0     [004] dn.3  2645.450918: rtg_try_acquire_lock: rtg_acquire: gid=1002 comm=tau_rt_3
          <idle>-0     [005] dn.3  2645.450920: rtg_try_acquire_lock: rtg_block: comm=deepPicar sched=FIFO pid=4377 tgid=4377 rtgid=0 prio=94
       deepPicar-4385  [000] d..3  2645.450923: rtg_try_acquire_lock: rtg_preempt: prev=tau_rt_3 sched=FIFO prio=94 pid=4406 tgid=4376 rtgid=1002 | next=deepPicar sched=FIFO prio=93 pid=4381 tgid=4366 rtgid=1001
        tau_rt_2-4396  [003] dn.3  2645.450926: rtg_try_acquire_lock: rtg_block: comm=tau_rt_2 sched=FIFO pid=4396 tgid=4375 rtgid=1002 prio=94
        tau_rt_3-4406  [004] dn.3  2645.450928: rtg_try_acquire_lock: rtg_block: comm=tau_rt_3 sched=FIFO pid=4406 tgid=4376 rtgid=1002 prio=94
       deepPicar-4366  [000] d..3  2645.466515: rtg_try_acquire_lock: rtg_block: comm=tau_rt_1 sched=FIFO pid=4407 tgid=4374 rtgid=1002 prio=94
        tau_rt_4-4373  [005] d..3  2645.481745: rtg_try_release_lock: rtg_release: gid=1001 comm=tau_rt_4
          <idle>-0     [004] dn.3  2645.481749: rtg_try_acquire_lock: rtg_acquire: gid=1002 comm=tau_rt_3
        tau_rt_4-4373  [005] d..3  2645.481753: rtg_try_acquire_lock: rtg_block: comm=deepPicar sched=FIFO pid=4377 tgid=4377 rtgid=0 prio=94
        tau_rt_1-4407  [000] dn.3  2645.498884: rtg_try_acquire_lock: rtg_preempt: prev=tau_rt_3 sched=FIFO prio=94 pid=4406 tgid=4376 rtgid=1002 | next=deepPicar sched=FIFO prio=93 pid=4366 tgid=4366 rtgid=1001
        tau_rt_2-4396  [003] dn.3  2645.498897: rtg_try_acquire_lock: rtg_block: comm=tau_rt_2 sched=FIFO pid=4396 tgid=4375 rtgid=1002 prio=94
        tau_rt_3-4406  [004] dn.3  2645.498899: rtg_try_acquire_lock: rtg_block: comm=tau_rt_3 sched=FIFO pid=4406 tgid=4376 rtgid=1002 prio=94
       deepPicar-4366  [000] d..3  2645.500091: rtg_try_release_lock: rtg_release: gid=1001 comm=deepPicar
          <idle>-0     [003] dn.3  2645.500093: rtg_try_acquire_lock: rtg_acquire: gid=1002 comm=tau_rt_2
          <idle>-0     [005] dn.3  2645.500097: rtg_try_acquire_lock: rtg_block: comm=deepPicar sched=FIFO pid=4377 tgid=4377 rtgid=0 prio=94
       deepPicar-4366  [000] d..3  2645.500100: rtg_try_acquire_lock: rtg_preempt: prev=tau_rt_2 sched=FIFO prio=94 pid=4396 tgid=4375 rtgid=1002 | next=deepPicar sched=FIFO prio=93 pid=4386 tgid=4366 rtgid=1001
        tau_rt_2-4396  [003] dn.3  2645.500103: rtg_try_acquire_lock: rtg_block: comm=tau_rt_2 sched=FIFO pid=4396 tgid=4375 rtgid=1002 prio=94
        tau_rt_3-4406  [004] dn.3  2645.500105: rtg_try_acquire_lock: rtg_block: comm=tau_rt_3 sched=FIFO pid=4406 tgid=4376 rtgid=1002 prio=94
       deepPicar-4386  [000] d..3  2645.500889: rtg_try_release_lock: rtg_release: gid=1001 comm=deepPicar
          <idle>-0     [004] dn.3  2645.500891: rtg_try_acquire_lock: rtg_acquire: gid=1002 comm=tau_rt_3
          <idle>-0     [005] dn.3  2645.500894: rtg_try_acquire_lock: rtg_block: comm=deepPicar sched=FIFO pid=4377 tgid=4377 rtgid=0 prio=94
       deepPicar-4386  [000] d..3  2645.500896: rtg_try_acquire_lock: rtg_preempt: prev=tau_rt_3 sched=FIFO prio=94 pid=4406 tgid=4376 rtgid=1002 | next=deepPicar sched=FIFO prio=93 pid=4381 tgid=4366 rtgid=1001
        tau_rt_2-4396  [003] dn.3  2645.500900: rtg_try_acquire_lock: rtg_block: comm=tau_rt_2 sched=FIFO pid=4396 tgid=4375 rtgid=1002 prio=94
        tau_rt_3-4406  [004] dn.3  2645.500902: rtg_try_acquire_lock: rtg_block: comm=tau_rt_3 sched=FIFO pid=4406 tgid=4376 rtgid=1002 prio=94
       deepPicar-4366  [000] d..3  2645.516698: rtg_try_acquire_lock: rtg_block: comm=tau_rt_1 sched=FIFO pid=4407 tgid=4374 rtgid=1002 prio=94
        tau_rt_4-4373  [005] d..3  2645.531839: rtg_try_release_lock: rtg_release: gid=1001 comm=tau_rt_4
          <idle>-0     [004] dn.3  2645.531842: rtg_try_acquire_lock: rtg_acquire: gid=1002 comm=tau_rt_3
        tau_rt_4-4373  [005] d..3  2645.531846: rtg_try_acquire_lock: rtg_block: comm=deepPicar sched=FIFO pid=4377 tgid=4377 rtgid=0 prio=94
        tau_rt_1-4407  [000] dn.3  2645.548888: rtg_try_acquire_lock: rtg_preempt: prev=tau_rt_3 sched=FIFO prio=94 pid=4406 tgid=4376 rtgid=1002 | next=deepPicar sched=FIFO prio=93 pid=4366 tgid=4366 rtgid=1001
        tau_rt_2-4396  [003] dn.3  2645.548901: rtg_try_acquire_lock: rtg_block: comm=tau_rt_2 sched=FIFO pid=4396 tgid=4375 rtgid=1002 prio=94
        tau_rt_3-4406  [004] dn.3  2645.548903: rtg_try_acquire_lock: rtg_block: comm=tau_rt_3 sched=FIFO pid=4406 tgid=4376 rtgid=1002 prio=94
       deepPicar-4366  [000] d..3  2645.550095: rtg_try_release_lock: rtg_release: gid=1001 comm=deepPicar
          <idle>-0     [004] dn.3  2645.550097: rtg_try_acquire_lock: rtg_acquire: gid=1002 comm=tau_rt_3
          <idle>-0     [005] dn.3  2645.550100: rtg_try_acquire_lock: rtg_block: comm=deepPicar sched=FIFO pid=4377 tgid=4377 rtgid=0 prio=94
       deepPicar-4366  [000] d..3  2645.550103: rtg_try_acquire_lock: rtg_preempt: prev=tau_rt_3 sched=FIFO prio=94 pid=4406 tgid=4376 rtgid=1002 | next=deepPicar sched=FIFO prio=93 pid=4389 tgid=4366 rtgid=1001
        tau_rt_2-4396  [003] dn.3  2645.550107: rtg_try_acquire_lock: rtg_block: comm=tau_rt_2 sched=FIFO pid=4396 tgid=4375 rtgid=1002 prio=94
        tau_rt_3-4406  [004] dn.3  2645.550109: rtg_try_acquire_lock: rtg_block: comm=tau_rt_3 sched=FIFO pid=4406 tgid=4376 rtgid=1002 prio=94
       deepPicar-4389  [000] d..3  2645.550905: rtg_try_release_lock: rtg_release: gid=1001 comm=deepPicar
          <idle>-0     [005] dn.3  2645.550907: rtg_try_acquire_lock: rtg_acquire: gid=0 comm=deepPicar
          <idle>-0     [003] dn.3  2645.550909: rtg_try_acquire_lock: rtg_block: comm=tau_rt_2 sched=FIFO pid=4396 tgid=4375 rtgid=1002 prio=94
          <idle>-0     [004] dn.3  2645.550911: rtg_try_acquire_lock: rtg_block: comm=tau_rt_3 sched=FIFO pid=4406 tgid=4376 rtgid=1002 prio=94
       deepPicar-4389  [000] d..3  2645.550913: rtg_try_acquire_lock: rtg_preempt: prev=deepPicar sched=FIFO prio=94 pid=4377 tgid=4377 rtgid=0 | next=deepPicar sched=FIFO prio=93 pid=4381 tgid=4366 rtgid=1001
       deepPicar-4377  [005] dn.3  2645.550917: rtg_try_acquire_lock: rtg_block: comm=deepPicar sched=FIFO pid=4377 tgid=4377 rtgid=0 prio=94
       deepPicar-4366  [000] d..3  2645.566578: rtg_try_acquire_lock: rtg_block: comm=tau_rt_1 sched=FIFO pid=4407 tgid=4374 rtgid=1002 prio=94
        tau_rt_4-4373  [005] d..3  2645.581816: rtg_try_release_lock: rtg_release: gid=1001 comm=tau_rt_4
          <idle>-0     [004] dn.3  2645.581820: rtg_try_acquire_lock: rtg_acquire: gid=1002 comm=tau_rt_3
        tau_rt_4-4373  [005] d..3  2645.581824: rtg_try_acquire_lock: rtg_block: comm=deepPicar sched=FIFO pid=4377 tgid=4377 rtgid=0 prio=94
        tau_rt_1-4407  [000] dn.3  2645.598886: rtg_try_acquire_lock: rtg_preempt: prev=tau_rt_3 sched=FIFO prio=94 pid=4406 tgid=4376 rtgid=1002 | next=deepPicar sched=FIFO prio=93 pid=4366 tgid=4366 rtgid=1001
        tau_rt_2-4396  [003] dn.3  2645.598900: rtg_try_acquire_lock: rtg_block: comm=tau_rt_2 sched=FIFO pid=4396 tgid=4375 rtgid=1002 prio=94
        tau_rt_3-4406  [004] dn.3  2645.598903: rtg_try_acquire_lock: rtg_block: comm=tau_rt_3 sched=FIFO pid=4406 tgid=4376 rtgid=1002 prio=94
       deepPicar-4366  [000] d..3  2645.600089: rtg_try_release_lock: rtg_release: gid=1001 comm=deepPicar
          <idle>-0     [005] dn.3  2645.600091: rtg_try_acquire_lock: rtg_acquire: gid=0 comm=deepPicar
          <idle>-0     [004] dn.3  2645.600094: rtg_try_acquire_lock: rtg_block: comm=tau_rt_3 sched=FIFO pid=4406 tgid=4376 rtgid=1002 prio=94
          <idle>-0     [003] dn.3  2645.600096: rtg_try_acquire_lock: rtg_block: comm=tau_rt_2 sched=FIFO pid=4396 tgid=4375 rtgid=1002 prio=94
       deepPicar-4366  [000] d..3  2645.600098: rtg_try_acquire_lock: rtg_preempt: prev=deepPicar sched=FIFO prio=94 pid=4377 tgid=4377 rtgid=0 | next=deepPicar sched=FIFO prio=93 pid=4391 tgid=4366 rtgid=1001
       deepPicar-4377  [005] dn.3  2645.600102: rtg_try_acquire_lock: rtg_block: comm=deepPicar sched=FIFO pid=4377 tgid=4377 rtgid=0 prio=94
       deepPicar-4391  [000] d..3  2645.600876: rtg_try_release_lock: rtg_release: gid=1001 comm=deepPicar
          <idle>-0     [003] dn.3  2645.600878: rtg_try_acquire_lock: rtg_acquire: gid=1002 comm=tau_rt_2
          <idle>-0     [005] dn.3  2645.600881: rtg_try_acquire_lock: rtg_block: comm=deepPicar sched=FIFO pid=4377 tgid=4377 rtgid=0 prio=94
       deepPicar-4391  [000] d..3  2645.600883: rtg_try_acquire_lock: rtg_preempt: prev=tau_rt_2 sched=FIFO prio=94 pid=4396 tgid=4375 rtgid=1002 | next=deepPicar sched=FIFO prio=93 pid=4381 tgid=4366 rtgid=1001
        tau_rt_2-4396  [003] dn.3  2645.600886: rtg_try_acquire_lock: rtg_block: comm=tau_rt_2 sched=FIFO pid=4396 tgid=4375 rtgid=1002 prio=94
        tau_rt_3-4406  [004] dn.3  2645.600888: rtg_try_acquire_lock: rtg_block: comm=tau_rt_3 sched=FIFO pid=4406 tgid=4376 rtgid=1002 prio=94
       deepPicar-4366  [000] d..3  2645.616509: rtg_try_acquire_lock: rtg_block: comm=tau_rt_1 sched=FIFO pid=4407 tgid=4374 rtgid=1002 prio=94
        tau_rt_4-4373  [005] d..3  2645.631760: rtg_try_release_lock: rtg_release: gid=1001 comm=tau_rt_4
          <idle>-0     [004] dn.3  2645.631764: rtg_try_acquire_lock: rtg_acquire: gid=1002 comm=tau_rt_3
        tau_rt_4-4373  [005] d..3  2645.631768: rtg_try_acquire_lock: rtg_block: comm=deepPicar sched=FIFO pid=4377 tgid=4377 rtgid=0 prio=94
        tau_rt_1-4407  [000] dn.3  2645.648886: rtg_try_acquire_lock: rtg_preempt: prev=tau_rt_3 sched=FIFO prio=94 pid=4406 tgid=4376 rtgid=1002 | next=deepPicar sched=FIFO prio=93 pid=4366 tgid=4366 rtgid=1001
        tau_rt_2-4396  [003] dn.3  2645.648899: rtg_try_acquire_lock: rtg_block: comm=tau_rt_2 sched=FIFO pid=4396 tgid=4375 rtgid=1002 prio=94
        tau_rt_3-4406  [004] dn.3  2645.648902: rtg_try_acquire_lock: rtg_block: comm=tau_rt_3 sched=FIFO pid=4406 tgid=4376 rtgid=1002 prio=94
       deepPicar-4366  [000] d..3  2645.650049: rtg_try_release_lock: rtg_release: gid=1001 comm=deepPicar
          <idle>-0     [005] dn.3  2645.650052: rtg_try_acquire_lock: rtg_acquire: gid=0 comm=deepPicar
          <idle>-0     [003] dn.3  2645.650055: rtg_try_acquire_lock: rtg_block: comm=tau_rt_2 sched=FIFO pid=4396 tgid=4375 rtgid=1002 prio=94
          <idle>-0     [004] dn.3  2645.650057: rtg_try_acquire_lock: rtg_block: comm=tau_rt_3 sched=FIFO pid=4406 tgid=4376 rtgid=1002 prio=94
       deepPicar-4366  [000] d..3  2645.650060: rtg_try_acquire_lock: rtg_preempt: prev=deepPicar sched=FIFO prio=94 pid=4377 tgid=4377 rtgid=0 | next=deepPicar sched=FIFO prio=93 pid=4393 tgid=4366 rtgid=1001
       deepPicar-4377  [005] dn.3  2645.650063: rtg_try_acquire_lock: rtg_block: comm=deepPicar sched=FIFO pid=4377 tgid=4377 rtgid=0 prio=94
       deepPicar-4393  [000] d..3  2645.650880: rtg_try_release_lock: rtg_release: gid=1001 comm=deepPicar
          <idle>-0     [003] dn.3  2645.650882: rtg_try_acquire_lock: rtg_acquire: gid=1002 comm=tau_rt_2
          <idle>-0     [005] dn.3  2645.650885: rtg_try_acquire_lock: rtg_block: comm=deepPicar sched=FIFO pid=4377 tgid=4377 rtgid=0 prio=94
       deepPicar-4393  [000] d..3  2645.650887: rtg_try_acquire_lock: rtg_preempt: prev=tau_rt_2 sched=FIFO prio=94 pid=4396 tgid=4375 rtgid=1002 | next=deepPicar sched=FIFO prio=93 pid=4381 tgid=4366 rtgid=1001
        tau_rt_2-4396  [003] dn.3  2645.650891: rtg_try_acquire_lock: rtg_block: comm=tau_rt_2 sched=FIFO pid=4396 tgid=4375 rtgid=1002 prio=94
        tau_rt_3-4406  [004] dn.3  2645.650893: rtg_try_acquire_lock: rtg_block: comm=tau_rt_3 sched=FIFO pid=4406 tgid=4376 rtgid=1002 prio=94
       deepPicar-4366  [000] d..3  2645.666585: rtg_try_acquire_lock: rtg_block: comm=tau_rt_1 sched=FIFO pid=4407 tgid=4374 rtgid=1002 prio=94
        tau_rt_4-4373  [005] d..3  2645.681849: rtg_try_release_lock: rtg_release: gid=1001 comm=tau_rt_4
          <idle>-0     [000] dn.3  2645.681852: rtg_try_acquire_lock: rtg_acquire: gid=1002 comm=tau_rt_1
        tau_rt_4-4373  [005] d..3  2645.681857: rtg_try_acquire_lock: rtg_block: comm=deepPicar sched=FIFO pid=4377 tgid=4377 rtgid=0 prio=94
        tau_rt_1-4407  [000] dn.3  2645.698884: rtg_try_acquire_lock: rtg_preempt: prev=tau_rt_1 sched=FIFO prio=94 pid=4407 tgid=4374 rtgid=1002 | next=deepPicar sched=FIFO prio=93 pid=4366 tgid=4366 rtgid=1001
        tau_rt_3-4406  [004] dn.3  2645.698896: rtg_try_acquire_lock: rtg_block: comm=tau_rt_3 sched=FIFO pid=4406 tgid=4376 rtgid=1002 prio=94
        tau_rt_2-4396  [003] dn.3  2645.698900: rtg_try_acquire_lock: rtg_block: comm=tau_rt_2 sched=FIFO pid=4396 tgid=4375 rtgid=1002 prio=94
       deepPicar-4366  [000] d..3  2645.700102: rtg_try_release_lock: rtg_release: gid=1001 comm=deepPicar
          <idle>-0     [004] dn.3  2645.700104: rtg_try_acquire_lock: rtg_acquire: gid=1002 comm=tau_rt_3
          <idle>-0     [005] dn.3  2645.700107: rtg_try_acquire_lock: rtg_block: comm=deepPicar sched=FIFO pid=4377 tgid=4377 rtgid=0 prio=94
       deepPicar-4366  [000] d..3  2645.700110: rtg_try_acquire_lock: rtg_preempt: prev=tau_rt_3 sched=FIFO prio=94 pid=4406 tgid=4376 rtgid=1002 | next=deepPicar sched=FIFO prio=93 pid=4395 tgid=4366 rtgid=1001
        tau_rt_2-4396  [003] dn.3  2645.700114: rtg_try_acquire_lock: rtg_block: comm=tau_rt_2 sched=FIFO pid=4396 tgid=4375 rtgid=1002 prio=94
        tau_rt_3-4406  [004] dn.3  2645.700115: rtg_try_acquire_lock: rtg_block: comm=tau_rt_3 sched=FIFO pid=4406 tgid=4376 rtgid=1002 prio=94
       deepPicar-4395  [000] d..3  2645.700881: rtg_try_release_lock: rtg_release: gid=1001 comm=deepPicar
          <idle>-0     [005] dn.3  2645.700882: rtg_try_acquire_lock: rtg_acquire: gid=0 comm=deepPicar
          <idle>-0     [003] dn.3  2645.700885: rtg_try_acquire_lock: rtg_block: comm=tau_rt_2 sched=FIFO pid=4396 tgid=4375 rtgid=1002 prio=94
          <idle>-0     [004] dn.3  2645.700886: rtg_try_acquire_lock: rtg_block: comm=tau_rt_3 sched=FIFO pid=4406 tgid=4376 rtgid=1002 prio=94
       deepPicar-4395  [000] d..3  2645.700889: rtg_try_acquire_lock: rtg_preempt: prev=deepPicar sched=FIFO prio=94 pid=4377 tgid=4377 rtgid=0 | next=deepPicar sched=FIFO prio=93 pid=4381 tgid=4366 rtgid=1001
       deepPicar-4377  [005] dn.3  2645.700892: rtg_try_acquire_lock: rtg_block: comm=deepPicar sched=FIFO pid=4377 tgid=4377 rtgid=0 prio=94
       deepPicar-4366  [000] d..3  2645.716540: rtg_try_acquire_lock: rtg_block: comm=tau_rt_1 sched=FIFO pid=4407 tgid=4374 rtgid=1002 prio=94
        tau_rt_4-4373  [005] d..3  2645.731755: rtg_try_release_lock: rtg_release: gid=1001 comm=tau_rt_4
          <idle>-0     [004] dn.3  2645.731760: rtg_try_acquire_lock: rtg_acquire: gid=1002 comm=tau_rt_3
        tau_rt_4-4373  [005] d..3  2645.731765: rtg_try_acquire_lock: rtg_block: comm=deepPicar sched=FIFO pid=4377 tgid=4377 rtgid=0 prio=94
        tau_rt_1-4407  [000] dn.3  2645.748884: rtg_try_acquire_lock: rtg_preempt: prev=tau_rt_3 sched=FIFO prio=94 pid=4406 tgid=4376 rtgid=1002 | next=deepPicar sched=FIFO prio=93 pid=4366 tgid=4366 rtgid=1001
        tau_rt_2-4396  [003] dn.3  2645.748896: rtg_try_acquire_lock: rtg_block: comm=tau_rt_2 sched=FIFO pid=4396 tgid=4375 rtgid=1002 prio=94
        tau_rt_3-4406  [004] dn.3  2645.748898: rtg_try_acquire_lock: rtg_block: comm=tau_rt_3 sched=FIFO pid=4406 tgid=4376 rtgid=1002 prio=94
       deepPicar-4366  [000] d..3  2645.750109: rtg_try_release_lock: rtg_release: gid=1001 comm=deepPicar
          <idle>-0     [003] dn.3  2645.750112: rtg_try_acquire_lock: rtg_acquire: gid=1002 comm=tau_rt_2
          <idle>-0     [005] dn.3  2645.750115: rtg_try_acquire_lock: rtg_block: comm=deepPicar sched=FIFO pid=4377 tgid=4377 rtgid=0 prio=94
       deepPicar-4366  [000] d..3  2645.750119: rtg_try_acquire_lock: rtg_preempt: prev=tau_rt_2 sched=FIFO prio=94 pid=4396 tgid=4375 rtgid=1002 | next=deepPicar sched=FIFO prio=93 pid=4385 tgid=4366 rtgid=1001
        tau_rt_2-4396  [003] dn.3  2645.750123: rtg_try_acquire_lock: rtg_block: comm=tau_rt_2 sched=FIFO pid=4396 tgid=4375 rtgid=1002 prio=94
        tau_rt_3-4406  [004] dn.3  2645.750124: rtg_try_acquire_lock: rtg_block: comm=tau_rt_3 sched=FIFO pid=4406 tgid=4376 rtgid=1002 prio=94
       deepPicar-4385  [000] d..3  2645.751113: rtg_try_release_lock: rtg_release: gid=1001 comm=deepPicar
          <idle>-0     [003] dn.3  2645.751115: rtg_try_acquire_lock: rtg_acquire: gid=1002 comm=tau_rt_2
          <idle>-0     [005] dn.3  2645.751117: rtg_try_acquire_lock: rtg_block: comm=deepPicar sched=FIFO pid=4377 tgid=4377 rtgid=0 prio=94
       deepPicar-4385  [000] d..3  2645.751120: rtg_try_acquire_lock: rtg_preempt: prev=tau_rt_2 sched=FIFO prio=94 pid=4396 tgid=4375 rtgid=1002 | next=deepPicar sched=FIFO prio=93 pid=4381 tgid=4366 rtgid=1001
        tau_rt_2-4396  [003] dn.3  2645.751123: rtg_try_acquire_lock: rtg_block: comm=tau_rt_2 sched=FIFO pid=4396 tgid=4375 rtgid=1002 prio=94
        tau_rt_3-4406  [004] dn.3  2645.751124: rtg_try_acquire_lock: rtg_block: comm=tau_rt_3 sched=FIFO pid=4406 tgid=4376 rtgid=1002 prio=94
       deepPicar-4366  [000] d..3  2645.766763: rtg_try_acquire_lock: rtg_block: comm=tau_rt_1 sched=FIFO pid=4407 tgid=4374 rtgid=1002 prio=94
        tau_rt_4-4373  [005] d..3  2645.781890: rtg_try_release_lock: rtg_release: gid=1001 comm=tau_rt_4
          <idle>-0     [004] dn.3  2645.781894: rtg_try_acquire_lock: rtg_acquire: gid=1002 comm=tau_rt_3
        tau_rt_4-4373  [005] d..3  2645.781899: rtg_try_acquire_lock: rtg_block: comm=deepPicar sched=FIFO pid=4377 tgid=4377 rtgid=0 prio=94
        tau_rt_1-4407  [000] dn.3  2645.798889: rtg_try_acquire_lock: rtg_preempt: prev=tau_rt_3 sched=FIFO prio=94 pid=4406 tgid=4376 rtgid=1002 | next=deepPicar sched=FIFO prio=93 pid=4366 tgid=4366 rtgid=1001
        tau_rt_3-4406  [004] dn.3  2645.798901: rtg_try_acquire_lock: rtg_block: comm=tau_rt_3 sched=FIFO pid=4406 tgid=4376 rtgid=1002 prio=94
        tau_rt_2-4396  [003] dn.3  2645.798904: rtg_try_acquire_lock: rtg_block: comm=tau_rt_2 sched=FIFO pid=4396 tgid=4375 rtgid=1002 prio=94
       deepPicar-4366  [000] d..3  2645.800086: rtg_try_release_lock: rtg_release: gid=1001 comm=deepPicar
          <idle>-0     [004] dn.3  2645.800088: rtg_try_acquire_lock: rtg_acquire: gid=1002 comm=tau_rt_3
          <idle>-0     [005] dn.3  2645.800092: rtg_try_acquire_lock: rtg_block: comm=deepPicar sched=FIFO pid=4377 tgid=4377 rtgid=0 prio=94
       deepPicar-4366  [000] d..3  2645.800095: rtg_try_acquire_lock: rtg_preempt: prev=tau_rt_3 sched=FIFO prio=94 pid=4406 tgid=4376 rtgid=1002 | next=deepPicar sched=FIFO prio=93 pid=4386 tgid=4366 rtgid=1001
        tau_rt_2-4396  [003] dn.3  2645.800098: rtg_try_acquire_lock: rtg_block: comm=tau_rt_2 sched=FIFO pid=4396 tgid=4375 rtgid=1002 prio=94
        tau_rt_3-4406  [004] dn.3  2645.800100: rtg_try_acquire_lock: rtg_block: comm=tau_rt_3 sched=FIFO pid=4406 tgid=4376 rtgid=1002 prio=94
       deepPicar-4386  [000] d..3  2645.800873: rtg_try_release_lock: rtg_release: gid=1001 comm=deepPicar
          <idle>-0     [003] dn.3  2645.800875: rtg_try_acquire_lock: rtg_acquire: gid=1002 comm=tau_rt_2
          <idle>-0     [005] dn.3  2645.800878: rtg_try_acquire_lock: rtg_block: comm=deepPicar sched=FIFO pid=4377 tgid=4377 rtgid=0 prio=94
       deepPicar-4386  [000] d..3  2645.800880: rtg_try_acquire_lock: rtg_preempt: prev=tau_rt_2 sched=FIFO prio=94 pid=4396 tgid=4375 rtgid=1002 | next=deepPicar sched=FIFO prio=93 pid=4381 tgid=4366 rtgid=1001
        tau_rt_2-4396  [003] dn.3  2645.800883: rtg_try_acquire_lock: rtg_block: comm=tau_rt_2 sched=FIFO pid=4396 tgid=4375 rtgid=1002 prio=94
        tau_rt_3-4406  [004] dn.3  2645.800885: rtg_try_acquire_lock: rtg_block: comm=tau_rt_3 sched=FIFO pid=4406 tgid=4376 rtgid=1002 prio=94
       deepPicar-4366  [000] d..3  2645.816556: rtg_try_acquire_lock: rtg_block: comm=tau_rt_1 sched=FIFO pid=4407 tgid=4374 rtgid=1002 prio=94
        tau_rt_4-4373  [005] d..3  2645.831891: rtg_try_release_lock: rtg_release: gid=1001 comm=tau_rt_4
          <idle>-0     [004] dn.3  2645.831895: rtg_try_acquire_lock: rtg_acquire: gid=1002 comm=tau_rt_3
        tau_rt_4-4373  [005] d..3  2645.831899: rtg_try_acquire_lock: rtg_block: comm=deepPicar sched=FIFO pid=4377 tgid=4377 rtgid=0 prio=94
        tau_rt_1-4407  [000] dn.3  2645.848887: rtg_try_acquire_lock: rtg_preempt: prev=tau_rt_3 sched=FIFO prio=94 pid=4406 tgid=4376 rtgid=1002 | next=deepPicar sched=FIFO prio=93 pid=4366 tgid=4366 rtgid=1001
        tau_rt_3-4406  [004] dn.3  2645.848900: rtg_try_acquire_lock: rtg_block: comm=tau_rt_3 sched=FIFO pid=4406 tgid=4376 rtgid=1002 prio=94
        tau_rt_2-4396  [003] dn.3  2645.848903: rtg_try_acquire_lock: rtg_block: comm=tau_rt_2 sched=FIFO pid=4396 tgid=4375 rtgid=1002 prio=94
       deepPicar-4366  [000] d..3  2645.850019: rtg_try_release_lock: rtg_release: gid=1001 comm=deepPicar
          <idle>-0     [003] dn.3  2645.850021: rtg_try_acquire_lock: rtg_acquire: gid=1002 comm=tau_rt_2
          <idle>-0     [005] dn.3  2645.850024: rtg_try_acquire_lock: rtg_block: comm=deepPicar sched=FIFO pid=4377 tgid=4377 rtgid=0 prio=94
       deepPicar-4366  [000] d..3  2645.850027: rtg_try_acquire_lock: rtg_preempt: prev=tau_rt_2 sched=FIFO prio=94 pid=4396 tgid=4375 rtgid=1002 | next=deepPicar sched=FIFO prio=93 pid=4389 tgid=4366 rtgid=1001
        tau_rt_2-4396  [003] dn.3  2645.850031: rtg_try_acquire_lock: rtg_block: comm=tau_rt_2 sched=FIFO pid=4396 tgid=4375 rtgid=1002 prio=94
        tau_rt_3-4406  [004] dn.3  2645.850033: rtg_try_acquire_lock: rtg_block: comm=tau_rt_3 sched=FIFO pid=4406 tgid=4376 rtgid=1002 prio=94
       deepPicar-4389  [000] d..3  2645.850885: rtg_try_release_lock: rtg_release: gid=1001 comm=deepPicar
          <idle>-0     [005] dn.3  2645.850887: rtg_try_acquire_lock: rtg_acquire: gid=0 comm=deepPicar
          <idle>-0     [004] dn.3  2645.850889: rtg_try_acquire_lock: rtg_block: comm=tau_rt_3 sched=FIFO pid=4406 tgid=4376 rtgid=1002 prio=94
          <idle>-0     [003] dn.3  2645.850890: rtg_try_acquire_lock: rtg_block: comm=tau_rt_2 sched=FIFO pid=4396 tgid=4375 rtgid=1002 prio=94
       deepPicar-4389  [000] d..3  2645.850892: rtg_try_acquire_lock: rtg_preempt: prev=deepPicar sched=FIFO prio=94 pid=4377 tgid=4377 rtgid=0 | next=deepPicar sched=FIFO prio=93 pid=4381 tgid=4366 rtgid=1001
       deepPicar-4377  [005] dn.3  2645.850896: rtg_try_acquire_lock: rtg_block: comm=deepPicar sched=FIFO pid=4377 tgid=4377 rtgid=0 prio=94
       deepPicar-4366  [000] d..3  2645.866474: rtg_try_acquire_lock: rtg_block: comm=tau_rt_1 sched=FIFO pid=4407 tgid=4374 rtgid=1002 prio=94
        tau_rt_4-4373  [005] d..3  2645.881786: rtg_try_release_lock: rtg_release: gid=1001 comm=tau_rt_4
          <idle>-0     [000] dn.3  2645.881790: rtg_try_acquire_lock: rtg_acquire: gid=1002 comm=tau_rt_1
        tau_rt_4-4373  [005] d..3  2645.881794: rtg_try_acquire_lock: rtg_block: comm=deepPicar sched=FIFO pid=4377 tgid=4377 rtgid=0 prio=94
        tau_rt_1-4407  [000] dn.3  2645.898886: rtg_try_acquire_lock: rtg_preempt: prev=tau_rt_1 sched=FIFO prio=94 pid=4407 tgid=4374 rtgid=1002 | next=deepPicar sched=FIFO prio=93 pid=4366 tgid=4366 rtgid=1001
        tau_rt_3-4406  [004] dn.3  2645.898898: rtg_try_acquire_lock: rtg_block: comm=tau_rt_3 sched=FIFO pid=4406 tgid=4376 rtgid=1002 prio=94
        tau_rt_2-4396  [003] dn.3  2645.898902: rtg_try_acquire_lock: rtg_block: comm=tau_rt_2 sched=FIFO pid=4396 tgid=4375 rtgid=1002 prio=94
       deepPicar-4366  [000] d..3  2645.900103: rtg_try_release_lock: rtg_release: gid=1001 comm=deepPicar
          <idle>-0     [003] dn.3  2645.900106: rtg_try_acquire_lock: rtg_acquire: gid=1002 comm=tau_rt_2
          <idle>-0     [005] dn.3  2645.900109: rtg_try_acquire_lock: rtg_block: comm=deepPicar sched=FIFO pid=4377 tgid=4377 rtgid=0 prio=94
       deepPicar-4366  [000] d..3  2645.900111: rtg_try_acquire_lock: rtg_preempt: prev=tau_rt_2 sched=FIFO prio=94 pid=4396 tgid=4375 rtgid=1002 | next=deepPicar sched=FIFO prio=93 pid=4391 tgid=4366 rtgid=1001
        tau_rt_2-4396  [003] dn.3  2645.900115: rtg_try_acquire_lock: rtg_block: comm=tau_rt_2 sched=FIFO pid=4396 tgid=4375 rtgid=1002 prio=94
        tau_rt_3-4406  [004] dn.3  2645.900117: rtg_try_acquire_lock: rtg_block: comm=tau_rt_3 sched=FIFO pid=4406 tgid=4376 rtgid=1002 prio=94
       deepPicar-4391  [000] d..3  2645.900985: rtg_try_release_lock: rtg_release: gid=1001 comm=deepPicar
          <idle>-0     [005] dn.3  2645.900987: rtg_try_acquire_lock: rtg_acquire: gid=0 comm=deepPicar
          <idle>-0     [004] dn.3  2645.900989: rtg_try_acquire_lock: rtg_block: comm=tau_rt_3 sched=FIFO pid=4406 tgid=4376 rtgid=1002 prio=94
          <idle>-0     [003] dn.3  2645.900991: rtg_try_acquire_lock: rtg_block: comm=tau_rt_2 sched=FIFO pid=4396 tgid=4375 rtgid=1002 prio=94
       deepPicar-4391  [000] d..3  2645.900993: rtg_try_acquire_lock: rtg_preempt: prev=deepPicar sched=FIFO prio=94 pid=4377 tgid=4377 rtgid=0 | next=deepPicar sched=FIFO prio=93 pid=4381 tgid=4366 rtgid=1001
       deepPicar-4377  [005] dn.3  2645.900996: rtg_try_acquire_lock: rtg_block: comm=deepPicar sched=FIFO pid=4377 tgid=4377 rtgid=0 prio=94
       deepPicar-4366  [000] d..3  2645.916829: rtg_try_acquire_lock: rtg_block: comm=tau_rt_1 sched=FIFO pid=4407 tgid=4374 rtgid=1002 prio=94
        tau_rt_4-4373  [005] d..3  2645.931869: rtg_try_release_lock: rtg_release: gid=1001 comm=tau_rt_4
          <idle>-0     [004] dn.3  2645.931873: rtg_try_acquire_lock: rtg_acquire: gid=1002 comm=tau_rt_3
        tau_rt_4-4373  [005] d..3  2645.931878: rtg_try_acquire_lock: rtg_block: comm=deepPicar sched=FIFO pid=4377 tgid=4377 rtgid=0 prio=94
        tau_rt_1-4407  [000] dn.3  2645.948886: rtg_try_acquire_lock: rtg_preempt: prev=tau_rt_3 sched=FIFO prio=94 pid=4406 tgid=4376 rtgid=1002 | next=deepPicar sched=FIFO prio=93 pid=4366 tgid=4366 rtgid=1001
        tau_rt_2-4396  [003] dn.3  2645.948899: rtg_try_acquire_lock: rtg_block: comm=tau_rt_2 sched=FIFO pid=4396 tgid=4375 rtgid=1002 prio=94
        tau_rt_3-4406  [004] dn.3  2645.948902: rtg_try_acquire_lock: rtg_block: comm=tau_rt_3 sched=FIFO pid=4406 tgid=4376 rtgid=1002 prio=94
       deepPicar-4366  [000] d..3  2645.950087: rtg_try_release_lock: rtg_release: gid=1001 comm=deepPicar
          <idle>-0     [004] dn.3  2645.950090: rtg_try_acquire_lock: rtg_acquire: gid=1002 comm=tau_rt_3
          <idle>-0     [005] dn.3  2645.950093: rtg_try_acquire_lock: rtg_block: comm=deepPicar sched=FIFO pid=4377 tgid=4377 rtgid=0 prio=94
       deepPicar-4366  [000] d..3  2645.950098: rtg_try_acquire_lock: rtg_preempt: prev=tau_rt_3 sched=FIFO prio=94 pid=4406 tgid=4376 rtgid=1002 | next=deepPicar sched=FIFO prio=93 pid=4393 tgid=4366 rtgid=1001
        tau_rt_2-4396  [003] dn.3  2645.950101: rtg_try_acquire_lock: rtg_block: comm=tau_rt_2 sched=FIFO pid=4396 tgid=4375 rtgid=1002 prio=94
        tau_rt_3-4406  [004] dn.3  2645.950103: rtg_try_acquire_lock: rtg_block: comm=tau_rt_3 sched=FIFO pid=4406 tgid=4376 rtgid=1002 prio=94
       deepPicar-4393  [000] d..3  2645.951040: rtg_try_release_lock: rtg_release: gid=1001 comm=deepPicar
          <idle>-0     [004] dn.3  2645.951042: rtg_try_acquire_lock: rtg_acquire: gid=1002 comm=tau_rt_3
          <idle>-0     [005] dn.3  2645.951045: rtg_try_acquire_lock: rtg_block: comm=deepPicar sched=FIFO pid=4377 tgid=4377 rtgid=0 prio=94
       deepPicar-4393  [000] d..3  2645.951047: rtg_try_acquire_lock: rtg_preempt: prev=tau_rt_3 sched=FIFO prio=94 pid=4406 tgid=4376 rtgid=1002 | next=deepPicar sched=FIFO prio=93 pid=4381 tgid=4366 rtgid=1001
        tau_rt_2-4396  [003] dn.3  2645.951051: rtg_try_acquire_lock: rtg_block: comm=tau_rt_2 sched=FIFO pid=4396 tgid=4375 rtgid=1002 prio=94
        tau_rt_3-4406  [004] dn.3  2645.951053: rtg_try_acquire_lock: rtg_block: comm=tau_rt_3 sched=FIFO pid=4406 tgid=4376 rtgid=1002 prio=94
       deepPicar-4366  [000] d..3  2645.966633: rtg_try_acquire_lock: rtg_block: comm=tau_rt_1 sched=FIFO pid=4407 tgid=4374 rtgid=1002 prio=94
        tau_rt_4-4373  [005] d..3  2645.981741: rtg_try_release_lock: rtg_release: gid=1001 comm=tau_rt_4
          <idle>-0     [004] dn.3  2645.981744: rtg_try_acquire_lock: rtg_acquire: gid=1002 comm=tau_rt_3
        tau_rt_4-4373  [005] d..3  2645.981749: rtg_try_acquire_lock: rtg_block: comm=deepPicar sched=FIFO pid=4377 tgid=4377 rtgid=0 prio=94
        tau_rt_1-4407  [000] dn.3  2645.998887: rtg_try_acquire_lock: rtg_preempt: prev=tau_rt_3 sched=FIFO prio=94 pid=4406 tgid=4376 rtgid=1002 | next=deepPicar sched=FIFO prio=93 pid=4366 tgid=4366 rtgid=1001
        tau_rt_2-4396  [003] dn.3  2645.998900: rtg_try_acquire_lock: rtg_block: comm=tau_rt_2 sched=FIFO pid=4396 tgid=4375 rtgid=1002 prio=94
        tau_rt_3-4406  [004] dn.3  2645.998903: rtg_try_acquire_lock: rtg_block: comm=tau_rt_3 sched=FIFO pid=4406 tgid=4376 rtgid=1002 prio=94
       deepPicar-4366  [000] d..3  2646.000094: rtg_try_release_lock: rtg_release: gid=1001 comm=deepPicar
          <idle>-0     [003] dn.3  2646.000097: rtg_try_acquire_lock: rtg_acquire: gid=1002 comm=tau_rt_2
          <idle>-0     [005] dn.3  2646.000100: rtg_try_acquire_lock: rtg_block: comm=deepPicar sched=FIFO pid=4377 tgid=4377 rtgid=0 prio=94
       deepPicar-4366  [000] d..3  2646.000103: rtg_try_acquire_lock: rtg_preempt: prev=tau_rt_2 sched=FIFO prio=94 pid=4396 tgid=4375 rtgid=1002 | next=deepPicar sched=FIFO prio=93 pid=4395 tgid=4366 rtgid=1001
        tau_rt_2-4396  [003] dn.3  2646.000107: rtg_try_acquire_lock: rtg_block: comm=tau_rt_2 sched=FIFO pid=4396 tgid=4375 rtgid=1002 prio=94
        tau_rt_3-4406  [004] dn.3  2646.000109: rtg_try_acquire_lock: rtg_block: comm=tau_rt_3 sched=FIFO pid=4406 tgid=4376 rtgid=1002 prio=94
       deepPicar-4395  [000] d..3  2646.000911: rtg_try_release_lock: rtg_release: gid=1001 comm=deepPicar
          <idle>-0     [003] dn.3  2646.000913: rtg_try_acquire_lock: rtg_acquire: gid=1002 comm=tau_rt_2
          <idle>-0     [005] dn.3  2646.000915: rtg_try_acquire_lock: rtg_block: comm=deepPicar sched=FIFO pid=4377 tgid=4377 rtgid=0 prio=94
       deepPicar-4395  [000] d..3  2646.000918: rtg_try_acquire_lock: rtg_preempt: prev=tau_rt_2 sched=FIFO prio=94 pid=4396 tgid=4375 rtgid=1002 | next=deepPicar sched=FIFO prio=93 pid=4381 tgid=4366 rtgid=1001
        tau_rt_2-4396  [003] dn.3  2646.000921: rtg_try_acquire_lock: rtg_block: comm=tau_rt_2 sched=FIFO pid=4396 tgid=4375 rtgid=1002 prio=94
        tau_rt_3-4406  [004] dn.3  2646.000923: rtg_try_acquire_lock: rtg_block: comm=tau_rt_3 sched=FIFO pid=4406 tgid=4376 rtgid=1002 prio=94
       deepPicar-4366  [000] d..3  2646.016667: rtg_try_acquire_lock: rtg_block: comm=tau_rt_1 sched=FIFO pid=4407 tgid=4374 rtgid=1002 prio=94
        tau_rt_4-4373  [005] d..3  2646.031920: rtg_try_release_lock: rtg_release: gid=1001 comm=tau_rt_4
          <idle>-0     [004] dn.3  2646.031924: rtg_try_acquire_lock: rtg_acquire: gid=1002 comm=tau_rt_3
        tau_rt_4-4373  [005] d..3  2646.031929: rtg_try_acquire_lock: rtg_block: comm=deepPicar sched=FIFO pid=4377 tgid=4377 rtgid=0 prio=94
        tau_rt_1-4407  [000] dn.3  2646.048886: rtg_try_acquire_lock: rtg_preempt: prev=tau_rt_3 sched=FIFO prio=94 pid=4406 tgid=4376 rtgid=1002 | next=deepPicar sched=FIFO prio=93 pid=4366 tgid=4366 rtgid=1001
        tau_rt_2-4396  [003] dn.3  2646.048898: rtg_try_acquire_lock: rtg_block: comm=tau_rt_2 sched=FIFO pid=4396 tgid=4375 rtgid=1002 prio=94
        tau_rt_3-4406  [004] dn.3  2646.048901: rtg_try_acquire_lock: rtg_block: comm=tau_rt_3 sched=FIFO pid=4406 tgid=4376 rtgid=1002 prio=94
       deepPicar-4366  [000] d..3  2646.050050: rtg_try_release_lock: rtg_release: gid=1001 comm=deepPicar
          <idle>-0     [004] dn.3  2646.050052: rtg_try_acquire_lock: rtg_acquire: gid=1002 comm=tau_rt_3
          <idle>-0     [005] dn.3  2646.050056: rtg_try_acquire_lock: rtg_block: comm=deepPicar sched=FIFO pid=4377 tgid=4377 rtgid=0 prio=94
       deepPicar-4366  [000] d..3  2646.050059: rtg_try_acquire_lock: rtg_preempt: prev=tau_rt_3 sched=FIFO prio=94 pid=4406 tgid=4376 rtgid=1002 | next=deepPicar sched=FIFO prio=93 pid=4385 tgid=4366 rtgid=1001
        tau_rt_2-4396  [003] dn.3  2646.050063: rtg_try_acquire_lock: rtg_block: comm=tau_rt_2 sched=FIFO pid=4396 tgid=4375 rtgid=1002 prio=94
        tau_rt_3-4406  [004] dn.3  2646.050065: rtg_try_acquire_lock: rtg_block: comm=tau_rt_3 sched=FIFO pid=4406 tgid=4376 rtgid=1002 prio=94
       deepPicar-4385  [000] d..3  2646.050974: rtg_try_release_lock: rtg_release: gid=1001 comm=deepPicar
          <idle>-0     [005] dn.3  2646.050976: rtg_try_acquire_lock: rtg_acquire: gid=0 comm=deepPicar
          <idle>-0     [003] dn.3  2646.050978: rtg_try_acquire_lock: rtg_block: comm=tau_rt_2 sched=FIFO pid=4396 tgid=4375 rtgid=1002 prio=94
