# tracer: nop
#
# entries-in-buffer/entries-written: 1908/1908   #P:6
#
#                              _-----=> irqs-off
#                             / _----=> need-resched
#                            | / _---=> hardirq/softirq
#                            || / _--=> preempt-depth
#                            ||| /     delay
#           TASK-PID   CPU#  ||||    TIMESTAMP  FUNCTION
#              | |       |   ||||       |         |
       deepPicar-23652 [000] d..3 25716.053674: rtg_try_acquire_lock: rtg_acquire: comm=deepPicar rtgid=1001 tgid=23652 pid=23658 prio=93
       deepPicar-23658 [000] d..3 25716.053748: rtg_try_release_lock: rtg_release: comm=deepPicar rtgid=1001 tgid=23652 pid=23658 prio=93
       deepPicar-23658 [000] d..3 25716.053750: rtg_try_acquire_lock: rtg_acquire: comm=deepPicar rtgid=1001 tgid=23652 pid=23659 prio=93
       deepPicar-23659 [000] d..3 25716.053783: rtg_try_release_lock: rtg_release: comm=deepPicar rtgid=1001 tgid=23652 pid=23659 prio=93
       deepPicar-23659 [000] d..3 25716.053785: rtg_try_acquire_lock: rtg_acquire: comm=deepPicar rtgid=1001 tgid=23652 pid=23666 prio=93
       deepPicar-23666 [000] d..3 25716.053818: rtg_try_release_lock: rtg_release: comm=deepPicar rtgid=1001 tgid=23652 pid=23666 prio=93
       deepPicar-23666 [000] d..3 25716.053819: rtg_try_acquire_lock: rtg_acquire: comm=deepPicar rtgid=1001 tgid=23652 pid=23667 prio=93
       deepPicar-23667 [000] d..3 25716.055038: rtg_try_release_lock: rtg_release: comm=deepPicar rtgid=1001 tgid=23652 pid=23667 prio=93
       deepPicar-23667 [000] d..3 25716.055042: rtg_try_acquire_lock: rtg_acquire: comm=deepPicar rtgid=1001 tgid=23652 pid=23668 prio=93
       deepPicar-23668 [000] d..3 25716.055058: rtg_try_release_lock: rtg_release: comm=deepPicar rtgid=1001 tgid=23652 pid=23668 prio=93
       deepPicar-23668 [000] d..3 25716.055060: rtg_try_acquire_lock: rtg_acquire: comm=deepPicar rtgid=1001 tgid=23652 pid=23669 prio=93
       deepPicar-23669 [000] d..3 25716.055070: rtg_try_release_lock: rtg_release: comm=deepPicar rtgid=1001 tgid=23652 pid=23669 prio=93
       deepPicar-23669 [000] d..3 25716.055071: rtg_try_acquire_lock: rtg_acquire: comm=deepPicar rtgid=1001 tgid=23652 pid=23670 prio=93
       deepPicar-23670 [000] d..3 25716.055080: rtg_try_release_lock: rtg_release: comm=deepPicar rtgid=1001 tgid=23652 pid=23670 prio=93
       deepPicar-23670 [000] d..3 25716.055082: rtg_try_acquire_lock: rtg_acquire: comm=deepPicar rtgid=1001 tgid=23652 pid=23671 prio=93
       deepPicar-23671 [000] d..3 25716.055091: rtg_try_release_lock: rtg_release: comm=deepPicar rtgid=1001 tgid=23652 pid=23671 prio=93
       deepPicar-23671 [000] d..3 25716.055092: rtg_try_acquire_lock: rtg_acquire: comm=deepPicar rtgid=1001 tgid=23652 pid=23672 prio=93
       deepPicar-23672 [000] d..3 25716.055101: rtg_try_release_lock: rtg_release: comm=deepPicar rtgid=1001 tgid=23652 pid=23672 prio=93
       deepPicar-23672 [000] d..3 25716.055103: rtg_try_acquire_lock: rtg_acquire: comm=deepPicar rtgid=1001 tgid=23652 pid=23652 prio=93
       deepPicar-23652 [000] d..3 25716.055260: rtg_try_release_lock: rtg_release: comm=deepPicar rtgid=1001 tgid=23652 pid=23652 prio=93
       deepPicar-23652 [000] d..3 25716.055262: rtg_try_acquire_lock: rtg_acquire: comm=deepPicar rtgid=1001 tgid=23652 pid=23668 prio=93
       deepPicar-23668 [000] d..3 25716.055932: rtg_try_release_lock: rtg_release: comm=deepPicar rtgid=1001 tgid=23652 pid=23668 prio=93
       deepPicar-23668 [000] d..3 25716.055934: rtg_try_acquire_lock: rtg_acquire: comm=deepPicar rtgid=1001 tgid=23652 pid=23652 prio=93
       deepPicar-23652 [000] d..3 25716.056127: rtg_try_release_lock: rtg_release: comm=deepPicar rtgid=1001 tgid=23652 pid=23652 prio=93
       deepPicar-23652 [000] d..3 25716.056129: rtg_try_acquire_lock: rtg_acquire: comm=deepPicar rtgid=1001 tgid=23652 pid=23669 prio=93
       deepPicar-23669 [000] d..3 25716.056688: rtg_try_release_lock: rtg_release: comm=deepPicar rtgid=1001 tgid=23652 pid=23669 prio=93
       deepPicar-23669 [000] d..3 25716.056690: rtg_try_acquire_lock: rtg_acquire: comm=deepPicar rtgid=1001 tgid=23652 pid=23652 prio=93
       deepPicar-23652 [000] d..3 25716.056978: rtg_try_release_lock: rtg_release: comm=deepPicar rtgid=1001 tgid=23652 pid=23652 prio=93
       deepPicar-23652 [000] d..3 25716.056980: rtg_try_acquire_lock: rtg_acquire: comm=deepPicar rtgid=1001 tgid=23652 pid=23670 prio=93
       deepPicar-23670 [000] d..3 25716.057542: rtg_try_release_lock: rtg_release: comm=deepPicar rtgid=1001 tgid=23652 pid=23670 prio=93
       deepPicar-23670 [000] d..3 25716.057545: rtg_try_acquire_lock: rtg_acquire: comm=deepPicar rtgid=1001 tgid=23652 pid=23652 prio=93
       deepPicar-23652 [000] d..3 25716.057875: rtg_try_release_lock: rtg_release: comm=deepPicar rtgid=1001 tgid=23652 pid=23652 prio=93
       deepPicar-23652 [000] d..3 25716.057877: rtg_try_acquire_lock: rtg_acquire: comm=deepPicar rtgid=1001 tgid=23652 pid=23671 prio=93
       deepPicar-23671 [000] d..3 25716.058511: rtg_try_release_lock: rtg_release: comm=deepPicar rtgid=1001 tgid=23652 pid=23671 prio=93
       deepPicar-23671 [000] d..3 25716.058515: rtg_try_acquire_lock: rtg_acquire: comm=deepPicar rtgid=1001 tgid=23652 pid=23652 prio=93
       deepPicar-23652 [000] ...1 25716.163058: tracing_mark_write: ===== [RTG-LIB] <23652> Syncing on barrier...
       deepPicar-23663 [003] d..3 25716.176460: rtg_try_release_lock: rtg_release: comm=deepPicar rtgid=1001 tgid=23655 pid=23663 prio=93
       deepPicar-23665 [005] d..3 25716.176467: rtg_try_acquire_lock: rtg_acquire: comm=deepPicar rtgid=1001 tgid=23657 pid=23657 prio=93
       deepPicar-23655 [003] ...1 25716.176570: tracing_mark_write: ===== [RTG-LIB] <23655> Syncing on barrier...
       deepPicar-23656 [004] ...1 25716.176570: tracing_mark_write: ===== [RTG-LIB] <23656> Syncing on barrier...
       deepPicar-23657 [005] ...1 25716.176570: tracing_mark_write: ===== [RTG-LIB] <23657> Syncing on barrier...
       deepPicar-23656 [004] ...1 25716.176650: tracing_mark_write: ===== [RTG-LIB] <23656> Sync Complete!
       deepPicar-23657 [005] ...1 25716.176650: tracing_mark_write: ===== [RTG-LIB] <23657> Sync Complete!
       deepPicar-23655 [003] ...1 25716.176650: tracing_mark_write: ===== [RTG-LIB] <23655> Sync Complete!
       deepPicar-23652 [000] ...1 25716.176656: tracing_mark_write: ===== [RTG-LIB] <23652> Sync Complete!
       deepPicar-23652 [000] ...1 25716.176677: tracing_mark_write: gid=1001: job_start
       deepPicar-23652 [000] d..3 25716.177975: rtg_try_release_lock: rtg_release: comm=deepPicar rtgid=1001 tgid=23652 pid=23652 prio=93
       deepPicar-23657 [005] d..3 25716.177979: rtg_try_acquire_lock: rtg_acquire: comm=deepPicar rtgid=1001 tgid=23657 pid=23677 prio=93
       deepPicar-23659 [000] d..3 25716.192654: rtg_try_release_lock: rtg_release: comm=deepPicar rtgid=1001 tgid=23652 pid=23659 prio=93
       deepPicar-23659 [000] d..3 25716.192657: rtg_try_acquire_lock: rtg_acquire: comm=deepPicar rtgid=1001 tgid=23652 pid=23652 prio=93
       deepPicar-23652 [000] d..3 25716.192833: rtg_try_release_lock: rtg_release: comm=deepPicar rtgid=1001 tgid=23652 pid=23652 prio=93
        tau_rt_1-23694 [000] ...1 25716.205440: tracing_mark_write: ===== [RTG-LIB] <23694> Syncing on barrier...
        tau_rt_2-23697 [003] ...1 25716.212223: tracing_mark_write: ===== [RTG-LIB] <23697> Syncing on barrier...
        tau_rt_3-23698 [004] ...1 25716.212223: tracing_mark_write: ===== [RTG-LIB] <23698> Syncing on barrier...
        tau_rt_3-23698 [004] d..3 25716.212266: rtg_try_acquire_lock: rtg_acquire: comm=tau_rt_3 rtgid=1002 tgid=23698 pid=23698 prio=94
        tau_rt_3-23698 [004] d..3 25716.212280: rtg_try_release_lock: rtg_release: comm=tau_rt_3 rtgid=1002 tgid=23698 pid=23698 prio=94
        tau_rt_4-23699 [005] ...1 25716.214504: tracing_mark_write: ===== [RTG-LIB] <23699> Syncing on barrier...
          <idle>-0     [000] dn.3 25716.214538: rtg_try_acquire_lock: rtg_acquire: comm=tau_rt_1 rtgid=1002 tgid=23694 pid=23694 prio=94
        tau_rt_4-23699 [005] ...1 25716.214540: tracing_mark_write: ===== [RTG-LIB] <23699> Sync Complete!
        tau_rt_3-23698 [004] ...1 25716.214547: tracing_mark_write: ===== [RTG-LIB] <23698> Sync Complete!
        tau_rt_2-23697 [003] ...1 25716.214548: tracing_mark_write: ===== [RTG-LIB] <23697> Sync Complete!
        tau_rt_1-23694 [000] ...1 25716.214551: tracing_mark_write: ===== [RTG-LIB] <23694> Sync Complete!
        tau_rt_2-23697 [003] d..3 25716.214612: rtg_try_release_lock: rtg_release: comm=tau_rt_2 rtgid=1002 tgid=23697 pid=23697 prio=94
        tau_rt_3-23698 [004] d..3 25716.214614: rtg_try_acquire_lock: rtg_acquire: comm=tau_rt_3 rtgid=1002 tgid=23698 pid=23700 prio=94
        tau_rt_1-23702 [000] ...1 25716.214664: tracing_mark_write: gid=1002: job_start
        tau_rt_2-23703 [003] dn.3 25716.226693: rtg_try_acquire_lock: rtg_preemptor: comm=deepPicar rtgid=1001 tgid=23655 pid=23655 prio=93
        tau_rt_2-23703 [003] dn.3 25716.226696: rtg_try_acquire_lock: rtg_preemptee: comm=tau_rt_3 rtgid=1002 tgid=23698 pid=23700 prio=94
        tau_rt_1-23702 [000] dn.3 25716.226705: rtg_try_acquire_lock: rtg_block: comm=tau_rt_1 rtgid=1002 tgid=23694 pid=23702 prio=94
       deepPicar-23652 [000] ...1 25716.226752: tracing_mark_write: gid=1001: job_start
       deepPicar-23655 [003] d..3 25716.228051: rtg_try_release_lock: rtg_release: comm=deepPicar rtgid=1001 tgid=23655 pid=23655 prio=93
       deepPicar-23657 [005] d..3 25716.228055: rtg_try_acquire_lock: rtg_acquire: comm=deepPicar rtgid=1001 tgid=23657 pid=23680 prio=93
       deepPicar-23681 [004] d..3 25716.228537: rtg_try_release_lock: rtg_release: comm=deepPicar rtgid=1001 tgid=23656 pid=23681 prio=93
       deepPicar-23680 [005] d..3 25716.228541: rtg_try_acquire_lock: rtg_acquire: comm=deepPicar rtgid=1001 tgid=23657 pid=23665 prio=93
       deepPicar-23656 [004] d..3 25716.242361: rtg_try_acquire_lock: rtg_block: comm=tau_rt_3 rtgid=1002 tgid=23698 pid=23700 prio=94
       deepPicar-23657 [005] d..3 25716.242365: rtg_try_acquire_lock: rtg_block: comm=tau_rt_4 rtgid=1002 tgid=23699 pid=23701 prio=94
       deepPicar-23655 [003] d..3 25716.242367: rtg_try_acquire_lock: rtg_block: comm=tau_rt_2 rtgid=1002 tgid=23697 pid=23703 prio=94
       deepPicar-23659 [000] d..3 25716.242387: rtg_try_release_lock: rtg_release: comm=deepPicar rtgid=1001 tgid=23652 pid=23659 prio=93
           <...>-7     [003] dn.3 25716.242389: rtg_try_acquire_lock: rtg_acquire: comm=tau_rt_2 rtgid=1002 tgid=23697 pid=23703 prio=94
       deepPicar-23659 [000] d..3 25716.242392: rtg_try_acquire_lock: rtg_preemptor: comm=deepPicar rtgid=1001 tgid=23652 pid=23652 prio=93
       deepPicar-23659 [000] d..3 25716.242393: rtg_try_acquire_lock: rtg_preemptee: comm=tau_rt_2 rtgid=1002 tgid=23697 pid=23703 prio=94
        tau_rt_4-23701 [005] dn.3 25716.242397: rtg_try_acquire_lock: rtg_block: comm=tau_rt_4 rtgid=1002 tgid=23699 pid=23701 prio=94
       deepPicar-23652 [000] d..3 25716.242504: rtg_try_release_lock: rtg_release: comm=deepPicar rtgid=1001 tgid=23652 pid=23652 prio=93
          <idle>-0     [005] dn.3 25716.242506: rtg_try_acquire_lock: rtg_acquire: comm=tau_rt_4 rtgid=1002 tgid=23699 pid=23701 prio=94
        tau_rt_1-23702 [000] d..3 25716.251012: rtg_try_release_lock: rtg_release: comm=tau_rt_1 rtgid=1002 tgid=23694 pid=23702 prio=94
          <idle>-0     [005] dn.3 25716.264673: rtg_try_acquire_lock: rtg_acquire: comm=tau_rt_4 rtgid=1002 tgid=23699 pid=23701 prio=94
        tau_rt_1-23702 [000] ...1 25716.264700: tracing_mark_write: gid=1002: job_start
          <idle>-0     [004] dn.3 25716.276688: rtg_try_acquire_lock: rtg_preemptor: comm=deepPicar rtgid=1001 tgid=23656 pid=23656 prio=93
          <idle>-0     [004] dn.3 25716.276691: rtg_try_acquire_lock: rtg_preemptee: comm=tau_rt_4 rtgid=1002 tgid=23699 pid=23701 prio=94
       deepPicar-23652 [000] ...1 25716.276719: tracing_mark_write: gid=1001: job_start
       deepPicar-23655 [003] d..3 25716.278038: rtg_try_release_lock: rtg_release: comm=deepPicar rtgid=1001 tgid=23655 pid=23655 prio=93
       deepPicar-23657 [005] d..3 25716.278042: rtg_try_acquire_lock: rtg_acquire: comm=deepPicar rtgid=1001 tgid=23657 pid=23683 prio=93
       deepPicar-23657 [005] d..3 25716.292184: rtg_try_acquire_lock: rtg_block: comm=tau_rt_4 rtgid=1002 tgid=23699 pid=23701 prio=94
       deepPicar-23655 [003] d..3 25716.292188: rtg_try_acquire_lock: rtg_block: comm=tau_rt_2 rtgid=1002 tgid=23697 pid=23703 prio=94
       deepPicar-23656 [004] d..3 25716.292257: rtg_try_acquire_lock: rtg_block: comm=tau_rt_3 rtgid=1002 tgid=23698 pid=23700 prio=94
       deepPicar-23659 [000] d..3 25716.292294: rtg_try_release_lock: rtg_release: comm=deepPicar rtgid=1001 tgid=23652 pid=23659 prio=93
            Xorg-1132  [003] dn.3 25716.292297: rtg_try_acquire_lock: rtg_acquire: comm=tau_rt_2 rtgid=1002 tgid=23697 pid=23703 prio=94
       deepPicar-23659 [000] d..3 25716.292300: rtg_try_acquire_lock: rtg_preemptor: comm=deepPicar rtgid=1001 tgid=23652 pid=23652 prio=93
       deepPicar-23659 [000] d..3 25716.292300: rtg_try_acquire_lock: rtg_preemptee: comm=tau_rt_2 rtgid=1002 tgid=23697 pid=23703 prio=94
        tau_rt_3-23700 [004] dn.3 25716.292304: rtg_try_acquire_lock: rtg_block: comm=tau_rt_3 rtgid=1002 tgid=23698 pid=23700 prio=94
        tau_rt_4-23701 [005] dn.3 25716.292306: rtg_try_acquire_lock: rtg_block: comm=tau_rt_4 rtgid=1002 tgid=23699 pid=23701 prio=94
       deepPicar-23652 [000] d..3 25716.292411: rtg_try_release_lock: rtg_release: comm=deepPicar rtgid=1001 tgid=23652 pid=23652 prio=93
          <idle>-0     [005] dn.3 25716.292414: rtg_try_acquire_lock: rtg_acquire: comm=tau_rt_4 rtgid=1002 tgid=23699 pid=23701 prio=94
        tau_rt_1-23702 [000] ...1 25716.314719: tracing_mark_write: gid=1002: job_start
        tau_rt_4-23701 [005] dn.3 25716.326693: rtg_try_acquire_lock: rtg_preemptor: comm=deepPicar rtgid=1001 tgid=23657 pid=23657 prio=93
        tau_rt_4-23701 [005] dn.3 25716.326696: rtg_try_acquire_lock: rtg_preemptee: comm=tau_rt_4 rtgid=1002 tgid=23699 pid=23701 prio=94
       deepPicar-23652 [000] ...1 25716.326724: tracing_mark_write: gid=1001: job_start
       deepPicar-23655 [003] d..3 25716.328042: rtg_try_release_lock: rtg_release: comm=deepPicar rtgid=1001 tgid=23655 pid=23655 prio=93
       deepPicar-23656 [004] d..3 25716.328045: rtg_try_acquire_lock: rtg_acquire: comm=deepPicar rtgid=1001 tgid=23656 pid=23687 prio=93
       deepPicar-23656 [004] d..3 25716.342251: rtg_try_acquire_lock: rtg_block: comm=tau_rt_3 rtgid=1002 tgid=23698 pid=23700 prio=94
       deepPicar-23655 [003] d..3 25716.342255: rtg_try_acquire_lock: rtg_block: comm=tau_rt_2 rtgid=1002 tgid=23697 pid=23703 prio=94
       deepPicar-23657 [005] d..3 25716.342258: rtg_try_acquire_lock: rtg_block: comm=tau_rt_4 rtgid=1002 tgid=23699 pid=23701 prio=94
       deepPicar-23659 [000] d..3 25716.342278: rtg_try_release_lock: rtg_release: comm=deepPicar rtgid=1001 tgid=23652 pid=23659 prio=93
 dhd_watchdog_th-603   [005] dn.3 25716.342281: rtg_try_acquire_lock: rtg_acquire: comm=tau_rt_4 rtgid=1002 tgid=23699 pid=23701 prio=94
       deepPicar-23659 [000] d..3 25716.342283: rtg_try_acquire_lock: rtg_preemptor: comm=deepPicar rtgid=1001 tgid=23652 pid=23652 prio=93
       deepPicar-23659 [000] d..3 25716.342284: rtg_try_acquire_lock: rtg_preemptee: comm=tau_rt_4 rtgid=1002 tgid=23699 pid=23701 prio=94
        tau_rt_4-23701 [005] dn.3 25716.342288: rtg_try_acquire_lock: rtg_block: comm=tau_rt_4 rtgid=1002 tgid=23699 pid=23701 prio=94
       deepPicar-23652 [000] d..3 25716.342398: rtg_try_release_lock: rtg_release: comm=deepPicar rtgid=1001 tgid=23652 pid=23652 prio=93
          <idle>-0     [005] dn.3 25716.342401: rtg_try_acquire_lock: rtg_acquire: comm=tau_rt_4 rtgid=1002 tgid=23699 pid=23701 prio=94
        tau_rt_1-23702 [000] d..3 25716.350925: rtg_try_release_lock: rtg_release: comm=tau_rt_1 rtgid=1002 tgid=23694 pid=23702 prio=94
          <idle>-0     [004] dn.3 25716.363887: rtg_try_acquire_lock: rtg_acquire: comm=tau_rt_3 rtgid=1002 tgid=23698 pid=23700 prio=94
        tau_rt_1-23702 [000] ...1 25716.364715: tracing_mark_write: gid=1002: job_start
        tau_rt_2-23703 [003] dn.3 25716.376695: rtg_try_acquire_lock: rtg_preemptor: comm=deepPicar rtgid=1001 tgid=23655 pid=23655 prio=93
        tau_rt_2-23703 [003] dn.3 25716.376698: rtg_try_acquire_lock: rtg_preemptee: comm=tau_rt_3 rtgid=1002 tgid=23698 pid=23700 prio=94
       deepPicar-23652 [000] ...1 25716.376725: tracing_mark_write: gid=1001: job_start
       deepPicar-23656 [004] d..3 25716.378041: rtg_try_release_lock: rtg_release: comm=deepPicar rtgid=1001 tgid=23656 pid=23656 prio=93
       deepPicar-23657 [005] d..3 25716.378045: rtg_try_acquire_lock: rtg_acquire: comm=deepPicar rtgid=1001 tgid=23657 pid=23688 prio=93
       deepPicar-23688 [005] d..3 25716.378520: rtg_try_release_lock: rtg_release: comm=deepPicar rtgid=1001 tgid=23657 pid=23688 prio=93
       deepPicar-23671 [000] d..3 25716.378524: rtg_try_acquire_lock: rtg_acquire: comm=deepPicar rtgid=1001 tgid=23652 pid=23659 prio=93
       deepPicar-23655 [003] d..3 25716.392321: rtg_try_acquire_lock: rtg_block: comm=tau_rt_2 rtgid=1002 tgid=23697 pid=23703 prio=94
       deepPicar-23656 [004] d..3 25716.392325: rtg_try_acquire_lock: rtg_block: comm=tau_rt_3 rtgid=1002 tgid=23698 pid=23700 prio=94
       deepPicar-23657 [005] d..3 25716.392327: rtg_try_acquire_lock: rtg_block: comm=tau_rt_4 rtgid=1002 tgid=23699 pid=23701 prio=94
       deepPicar-23659 [000] d..3 25716.392456: rtg_try_release_lock: rtg_release: comm=deepPicar rtgid=1001 tgid=23652 pid=23659 prio=93
            Xorg-1132  [005] dn.3 25716.392459: rtg_try_acquire_lock: rtg_acquire: comm=tau_rt_4 rtgid=1002 tgid=23699 pid=23701 prio=94
       deepPicar-23659 [000] d..3 25716.392462: rtg_try_acquire_lock: rtg_preemptor: comm=deepPicar rtgid=1001 tgid=23652 pid=23652 prio=93
       deepPicar-23659 [000] d..3 25716.392463: rtg_try_acquire_lock: rtg_preemptee: comm=tau_rt_4 rtgid=1002 tgid=23699 pid=23701 prio=94
        tau_rt_3-23700 [004] dn.3 25716.392467: rtg_try_acquire_lock: rtg_block: comm=tau_rt_3 rtgid=1002 tgid=23698 pid=23700 prio=94
        tau_rt_2-23703 [003] dn.3 25716.392469: rtg_try_acquire_lock: rtg_block: comm=tau_rt_2 rtgid=1002 tgid=23697 pid=23703 prio=94
        tau_rt_4-23701 [005] dn.3 25716.392470: rtg_try_acquire_lock: rtg_block: comm=tau_rt_4 rtgid=1002 tgid=23699 pid=23701 prio=94
       deepPicar-23652 [000] d..3 25716.392585: rtg_try_release_lock: rtg_release: comm=deepPicar rtgid=1001 tgid=23652 pid=23652 prio=93
     kworker/5:1-27696 [005] dn.3 25716.392587: rtg_try_acquire_lock: rtg_acquire: comm=tau_rt_4 rtgid=1002 tgid=23699 pid=23701 prio=94
        tau_rt_3-23700 [004] d..3 25716.404421: rtg_try_release_lock: rtg_release: comm=tau_rt_3 rtgid=1002 tgid=23698 pid=23700 prio=94
          <idle>-0     [000] dn.3 25716.414680: rtg_try_acquire_lock: rtg_acquire: comm=tau_rt_1 rtgid=1002 tgid=23694 pid=23702 prio=94
        tau_rt_1-23702 [000] ...1 25716.414707: tracing_mark_write: gid=1002: job_start
        tau_rt_3-23700 [004] dn.3 25716.426696: rtg_try_acquire_lock: rtg_preemptor: comm=deepPicar rtgid=1001 tgid=23656 pid=23656 prio=93
        tau_rt_3-23700 [004] dn.3 25716.426699: rtg_try_acquire_lock: rtg_preemptee: comm=tau_rt_1 rtgid=1002 tgid=23694 pid=23702 prio=94
       deepPicar-23652 [000] ...1 25716.426729: tracing_mark_write: gid=1001: job_start
       deepPicar-23652 [000] d..3 25716.428015: rtg_try_release_lock: rtg_release: comm=deepPicar rtgid=1001 tgid=23652 pid=23652 prio=93
       deepPicar-23657 [005] d..3 25716.428019: rtg_try_acquire_lock: rtg_acquire: comm=deepPicar rtgid=1001 tgid=23657 pid=23693 prio=93
       deepPicar-23657 [005] d..3 25716.442141: rtg_try_acquire_lock: rtg_block: comm=tau_rt_4 rtgid=1002 tgid=23699 pid=23701 prio=94
       deepPicar-23656 [004] d..3 25716.442145: rtg_try_acquire_lock: rtg_block: comm=tau_rt_3 rtgid=1002 tgid=23698 pid=23700 prio=94
       deepPicar-23655 [003] d..3 25716.442148: rtg_try_acquire_lock: rtg_block: comm=tau_rt_2 rtgid=1002 tgid=23697 pid=23703 prio=94
       deepPicar-23659 [000] d..3 25716.442346: rtg_try_release_lock: rtg_release: comm=deepPicar rtgid=1001 tgid=23652 pid=23659 prio=93
          <idle>-0     [003] dn.3 25716.442349: rtg_try_acquire_lock: rtg_acquire: comm=tau_rt_2 rtgid=1002 tgid=23697 pid=23703 prio=94
       deepPicar-23659 [000] d..3 25716.442352: rtg_try_acquire_lock: rtg_preemptor: comm=deepPicar rtgid=1001 tgid=23652 pid=23652 prio=93
       deepPicar-23659 [000] d..3 25716.442354: rtg_try_acquire_lock: rtg_preemptee: comm=tau_rt_2 rtgid=1002 tgid=23697 pid=23703 prio=94
        tau_rt_3-23700 [004] dn.3 25716.442357: rtg_try_acquire_lock: rtg_block: comm=tau_rt_3 rtgid=1002 tgid=23698 pid=23700 prio=94
        tau_rt_2-23703 [003] dn.3 25716.442359: rtg_try_acquire_lock: rtg_block: comm=tau_rt_2 rtgid=1002 tgid=23697 pid=23703 prio=94
        tau_rt_4-23701 [005] dn.3 25716.442361: rtg_try_acquire_lock: rtg_block: comm=tau_rt_4 rtgid=1002 tgid=23699 pid=23701 prio=94
       deepPicar-23652 [000] d..3 25716.442454: rtg_try_release_lock: rtg_release: comm=deepPicar rtgid=1001 tgid=23652 pid=23652 prio=93
          <idle>-0     [003] dn.3 25716.442456: rtg_try_acquire_lock: rtg_acquire: comm=tau_rt_2 rtgid=1002 tgid=23697 pid=23703 prio=94
        tau_rt_1-23702 [000] d..3 25716.453459: rtg_try_release_lock: rtg_release: comm=tau_rt_1 rtgid=1002 tgid=23694 pid=23702 prio=94
          <idle>-0     [000] dn.3 25716.464684: rtg_try_acquire_lock: rtg_acquire: comm=tau_rt_1 rtgid=1002 tgid=23694 pid=23702 prio=94
        tau_rt_1-23702 [000] ...1 25716.464712: tracing_mark_write: gid=1002: job_start
        tau_rt_2-23703 [003] dn.3 25716.476699: rtg_try_acquire_lock: rtg_preemptor: comm=deepPicar rtgid=1001 tgid=23655 pid=23655 prio=93
        tau_rt_2-23703 [003] dn.3 25716.476701: rtg_try_acquire_lock: rtg_preemptee: comm=tau_rt_1 rtgid=1002 tgid=23694 pid=23702 prio=94
       deepPicar-23652 [000] ...1 25716.476728: tracing_mark_write: gid=1001: job_start
       deepPicar-23656 [004] d..3 25716.478096: rtg_try_release_lock: rtg_release: comm=deepPicar rtgid=1001 tgid=23656 pid=23656 prio=93
       deepPicar-23652 [000] d..3 25716.478100: rtg_try_acquire_lock: rtg_acquire: comm=deepPicar rtgid=1001 tgid=23652 pid=23667 prio=93
       deepPicar-23655 [003] d..3 25716.492779: rtg_try_acquire_lock: rtg_block: comm=tau_rt_2 rtgid=1002 tgid=23697 pid=23703 prio=94
       deepPicar-23656 [004] d..3 25716.492783: rtg_try_acquire_lock: rtg_block: comm=tau_rt_3 rtgid=1002 tgid=23698 pid=23700 prio=94
       deepPicar-23657 [005] d..3 25716.492786: rtg_try_acquire_lock: rtg_block: comm=tau_rt_4 rtgid=1002 tgid=23699 pid=23701 prio=94
       deepPicar-23659 [000] d..3 25716.492928: rtg_try_release_lock: rtg_release: comm=deepPicar rtgid=1001 tgid=23652 pid=23659 prio=93
          <idle>-0     [005] dn.3 25716.492931: rtg_try_acquire_lock: rtg_acquire: comm=tau_rt_4 rtgid=1002 tgid=23699 pid=23701 prio=94
       deepPicar-23659 [000] d..3 25716.492934: rtg_try_acquire_lock: rtg_preemptor: comm=deepPicar rtgid=1001 tgid=23652 pid=23652 prio=93
       deepPicar-23659 [000] d..3 25716.492935: rtg_try_acquire_lock: rtg_preemptee: comm=tau_rt_4 rtgid=1002 tgid=23699 pid=23701 prio=94
        tau_rt_2-23703 [003] dn.3 25716.492938: rtg_try_acquire_lock: rtg_block: comm=tau_rt_2 rtgid=1002 tgid=23697 pid=23703 prio=94
        tau_rt_3-23700 [004] dn.3 25716.492940: rtg_try_acquire_lock: rtg_block: comm=tau_rt_3 rtgid=1002 tgid=23698 pid=23700 prio=94
        tau_rt_4-23701 [005] dn.3 25716.492941: rtg_try_acquire_lock: rtg_block: comm=tau_rt_4 rtgid=1002 tgid=23699 pid=23701 prio=94
       deepPicar-23652 [000] d..3 25716.493038: rtg_try_release_lock: rtg_release: comm=deepPicar rtgid=1001 tgid=23652 pid=23652 prio=93
            Xorg-1132  [004] dn.3 25716.493040: rtg_try_acquire_lock: rtg_acquire: comm=tau_rt_3 rtgid=1002 tgid=23698 pid=23700 prio=94
        tau_rt_2-23703 [003] d..3 25716.503972: rtg_try_release_lock: rtg_release: comm=tau_rt_2 rtgid=1002 tgid=23697 pid=23703 prio=94
          <idle>-0     [005] dn.3 25716.514686: rtg_try_acquire_lock: rtg_acquire: comm=tau_rt_4 rtgid=1002 tgid=23699 pid=23701 prio=94
        tau_rt_1-23702 [000] ...1 25716.514711: tracing_mark_write: gid=1002: job_start
        tau_rt_4-23701 [005] dn.3 25716.526699: rtg_try_acquire_lock: rtg_preemptor: comm=deepPicar rtgid=1001 tgid=23657 pid=23657 prio=93
        tau_rt_4-23701 [005] dn.3 25716.526701: rtg_try_acquire_lock: rtg_preemptee: comm=tau_rt_4 rtgid=1002 tgid=23699 pid=23701 prio=94
       deepPicar-23652 [000] ...1 25716.526728: tracing_mark_write: gid=1001: job_start
       deepPicar-23655 [003] d..3 25716.528040: rtg_try_release_lock: rtg_release: comm=deepPicar rtgid=1001 tgid=23655 pid=23655 prio=93
       deepPicar-23657 [005] d..3 25716.528044: rtg_try_acquire_lock: rtg_acquire: comm=deepPicar rtgid=1001 tgid=23657 pid=23680 prio=93
       deepPicar-23680 [005] d..3 25716.528611: rtg_try_release_lock: rtg_release: comm=deepPicar rtgid=1001 tgid=23657 pid=23680 prio=93
       deepPicar-23668 [000] d..3 25716.528615: rtg_try_acquire_lock: rtg_acquire: comm=deepPicar rtgid=1001 tgid=23652 pid=23659 prio=93
       deepPicar-23665 [005] d..3 25716.542207: rtg_try_release_lock: rtg_release: comm=deepPicar rtgid=1001 tgid=23657 pid=23665 prio=93
       deepPicar-23663 [003] d..3 25716.542213: rtg_try_acquire_lock: rtg_acquire: comm=deepPicar rtgid=1001 tgid=23655 pid=23655 prio=93
       deepPicar-23655 [003] d..3 25716.542328: rtg_try_acquire_lock: rtg_block: comm=tau_rt_2 rtgid=1002 tgid=23697 pid=23703 prio=94
       deepPicar-23657 [005] d..3 25716.542330: rtg_try_acquire_lock: rtg_block: comm=tau_rt_4 rtgid=1002 tgid=23699 pid=23701 prio=94
       deepPicar-23656 [004] d..3 25716.542333: rtg_try_acquire_lock: rtg_block: comm=tau_rt_3 rtgid=1002 tgid=23698 pid=23700 prio=94
       deepPicar-23659 [000] d..3 25716.543599: rtg_try_release_lock: rtg_release: comm=deepPicar rtgid=1001 tgid=23652 pid=23659 prio=93
          <idle>-0     [003] dn.3 25716.543602: rtg_try_acquire_lock: rtg_acquire: comm=tau_rt_2 rtgid=1002 tgid=23697 pid=23703 prio=94
       deepPicar-23659 [000] d..3 25716.543605: rtg_try_acquire_lock: rtg_preemptor: comm=deepPicar rtgid=1001 tgid=23652 pid=23652 prio=93
       deepPicar-23659 [000] d..3 25716.543606: rtg_try_acquire_lock: rtg_preemptee: comm=tau_rt_2 rtgid=1002 tgid=23697 pid=23703 prio=94
        tau_rt_2-23703 [003] dn.3 25716.543610: rtg_try_acquire_lock: rtg_block: comm=tau_rt_2 rtgid=1002 tgid=23697 pid=23703 prio=94
        tau_rt_3-23700 [004] dn.3 25716.543613: rtg_try_acquire_lock: rtg_block: comm=tau_rt_3 rtgid=1002 tgid=23698 pid=23700 prio=94
        tau_rt_4-23701 [005] dn.3 25716.543615: rtg_try_acquire_lock: rtg_block: comm=tau_rt_4 rtgid=1002 tgid=23699 pid=23701 prio=94
       deepPicar-23652 [000] d..3 25716.543714: rtg_try_release_lock: rtg_release: comm=deepPicar rtgid=1001 tgid=23652 pid=23652 prio=93
          <idle>-0     [003] dn.3 25716.543716: rtg_try_acquire_lock: rtg_acquire: comm=tau_rt_2 rtgid=1002 tgid=23697 pid=23703 prio=94
        tau_rt_1-23702 [000] d..3 25716.554794: rtg_try_release_lock: rtg_release: comm=tau_rt_1 rtgid=1002 tgid=23694 pid=23702 prio=94
          <idle>-0     [004] dn.3 25716.564686: rtg_try_acquire_lock: rtg_acquire: comm=tau_rt_3 rtgid=1002 tgid=23698 pid=23700 prio=94
        tau_rt_1-23702 [000] ...1 25716.564711: tracing_mark_write: gid=1002: job_start
        tau_rt_4-23701 [005] dn.3 25716.576700: rtg_try_acquire_lock: rtg_preemptor: comm=deepPicar rtgid=1001 tgid=23657 pid=23657 prio=93
        tau_rt_4-23701 [005] dn.3 25716.576703: rtg_try_acquire_lock: rtg_preemptee: comm=tau_rt_3 rtgid=1002 tgid=23698 pid=23700 prio=94
       deepPicar-23652 [000] ...1 25716.576731: tracing_mark_write: gid=1001: job_start
       deepPicar-23656 [004] d..3 25716.578070: rtg_try_release_lock: rtg_release: comm=deepPicar rtgid=1001 tgid=23656 pid=23656 prio=93
       deepPicar-23657 [005] d..3 25716.578074: rtg_try_acquire_lock: rtg_acquire: comm=deepPicar rtgid=1001 tgid=23657 pid=23683 prio=93
       deepPicar-23655 [003] d..3 25716.592489: rtg_try_acquire_lock: rtg_block: comm=tau_rt_2 rtgid=1002 tgid=23697 pid=23703 prio=94
       deepPicar-23657 [005] d..3 25716.592493: rtg_try_acquire_lock: rtg_block: comm=tau_rt_4 rtgid=1002 tgid=23699 pid=23701 prio=94
       deepPicar-23656 [004] d..3 25716.592564: rtg_try_acquire_lock: rtg_block: comm=tau_rt_3 rtgid=1002 tgid=23698 pid=23700 prio=94
       deepPicar-23659 [000] d..3 25716.592573: rtg_try_release_lock: rtg_release: comm=deepPicar rtgid=1001 tgid=23652 pid=23659 prio=93
          <idle>-0     [005] dn.3 25716.592576: rtg_try_acquire_lock: rtg_acquire: comm=tau_rt_4 rtgid=1002 tgid=23699 pid=23701 prio=94
       deepPicar-23659 [000] d..3 25716.592579: rtg_try_acquire_lock: rtg_preemptor: comm=deepPicar rtgid=1001 tgid=23652 pid=23652 prio=93
       deepPicar-23659 [000] d..3 25716.592580: rtg_try_acquire_lock: rtg_preemptee: comm=tau_rt_4 rtgid=1002 tgid=23699 pid=23701 prio=94
        tau_rt_2-23703 [003] dn.3 25716.592583: rtg_try_acquire_lock: rtg_block: comm=tau_rt_2 rtgid=1002 tgid=23697 pid=23703 prio=94
        tau_rt_4-23701 [005] dn.3 25716.592584: rtg_try_acquire_lock: rtg_block: comm=tau_rt_4 rtgid=1002 tgid=23699 pid=23701 prio=94
       deepPicar-23652 [000] d..3 25716.592671: rtg_try_release_lock: rtg_release: comm=deepPicar rtgid=1001 tgid=23652 pid=23652 prio=93
            Xorg-1132  [003] dn.3 25716.592673: rtg_try_acquire_lock: rtg_acquire: comm=tau_rt_2 rtgid=1002 tgid=23697 pid=23703 prio=94
        tau_rt_1-23702 [000] d..3 25716.601104: rtg_try_release_lock: rtg_release: comm=tau_rt_1 rtgid=1002 tgid=23694 pid=23702 prio=94
          <idle>-0     [000] dn.3 25716.614688: rtg_try_acquire_lock: rtg_acquire: comm=tau_rt_1 rtgid=1002 tgid=23694 pid=23702 prio=94
        tau_rt_1-23702 [000] ...1 25716.614711: tracing_mark_write: gid=1002: job_start
        tau_rt_4-23701 [005] dn.3 25716.626701: rtg_try_acquire_lock: rtg_preemptor: comm=deepPicar rtgid=1001 tgid=23657 pid=23657 prio=93
        tau_rt_4-23701 [005] dn.3 25716.626704: rtg_try_acquire_lock: rtg_preemptee: comm=tau_rt_1 rtgid=1002 tgid=23694 pid=23702 prio=94
       deepPicar-23652 [000] ...1 25716.626731: tracing_mark_write: gid=1001: job_start
       deepPicar-23656 [004] d..3 25716.628060: rtg_try_release_lock: rtg_release: comm=deepPicar rtgid=1001 tgid=23656 pid=23656 prio=93
       deepPicar-23657 [005] d..3 25716.628063: rtg_try_acquire_lock: rtg_acquire: comm=deepPicar rtgid=1001 tgid=23657 pid=23685 prio=93
       deepPicar-23655 [003] d..3 25716.642494: rtg_try_acquire_lock: rtg_block: comm=tau_rt_2 rtgid=1002 tgid=23697 pid=23703 prio=94
       deepPicar-23657 [005] d..3 25716.642498: rtg_try_acquire_lock: rtg_block: comm=tau_rt_4 rtgid=1002 tgid=23699 pid=23701 prio=94
       deepPicar-23656 [004] d..3 25716.642552: rtg_try_acquire_lock: rtg_block: comm=tau_rt_3 rtgid=1002 tgid=23698 pid=23700 prio=94
       deepPicar-23659 [000] d..3 25716.642665: rtg_try_release_lock: rtg_release: comm=deepPicar rtgid=1001 tgid=23652 pid=23659 prio=93
          <idle>-0     [003] dn.3 25716.642668: rtg_try_acquire_lock: rtg_acquire: comm=tau_rt_2 rtgid=1002 tgid=23697 pid=23703 prio=94
       deepPicar-23659 [000] d..3 25716.642671: rtg_try_acquire_lock: rtg_preemptor: comm=deepPicar rtgid=1001 tgid=23652 pid=23652 prio=93
       deepPicar-23659 [000] d..3 25716.642672: rtg_try_acquire_lock: rtg_preemptee: comm=tau_rt_2 rtgid=1002 tgid=23697 pid=23703 prio=94
        tau_rt_3-23700 [004] dn.3 25716.642675: rtg_try_acquire_lock: rtg_block: comm=tau_rt_3 rtgid=1002 tgid=23698 pid=23700 prio=94
        tau_rt_2-23703 [003] dn.3 25716.642677: rtg_try_acquire_lock: rtg_block: comm=tau_rt_2 rtgid=1002 tgid=23697 pid=23703 prio=94
        tau_rt_4-23701 [005] dn.3 25716.642679: rtg_try_acquire_lock: rtg_block: comm=tau_rt_4 rtgid=1002 tgid=23699 pid=23701 prio=94
       deepPicar-23652 [000] d..3 25716.642764: rtg_try_release_lock: rtg_release: comm=deepPicar rtgid=1001 tgid=23652 pid=23652 prio=93
          <idle>-0     [004] dn.3 25716.642766: rtg_try_acquire_lock: rtg_acquire: comm=tau_rt_3 rtgid=1002 tgid=23698 pid=23700 prio=94
        tau_rt_1-23702 [000] ...1 25716.664733: tracing_mark_write: gid=1002: job_start
        tau_rt_4-23701 [005] dn.3 25716.676705: rtg_try_acquire_lock: rtg_preemptor: comm=deepPicar rtgid=1001 tgid=23657 pid=23657 prio=93
        tau_rt_4-23701 [005] dn.3 25716.676707: rtg_try_acquire_lock: rtg_preemptee: comm=tau_rt_3 rtgid=1002 tgid=23698 pid=23700 prio=94
       deepPicar-23652 [000] ...1 25716.676734: tracing_mark_write: gid=1001: job_start
       deepPicar-23655 [003] d..3 25716.692591: rtg_try_acquire_lock: rtg_block: comm=tau_rt_2 rtgid=1002 tgid=23697 pid=23703 prio=94
       deepPicar-23656 [004] d..3 25716.692595: rtg_try_acquire_lock: rtg_block: comm=tau_rt_3 rtgid=1002 tgid=23698 pid=23700 prio=94
       deepPicar-23657 [005] d..3 25716.692598: rtg_try_acquire_lock: rtg_block: comm=tau_rt_4 rtgid=1002 tgid=23699 pid=23701 prio=94
       deepPicar-23659 [000] d..3 25716.692728: rtg_try_release_lock: rtg_release: comm=deepPicar rtgid=1001 tgid=23652 pid=23659 prio=93
            Xorg-1132  [005] dn.3 25716.692730: rtg_try_acquire_lock: rtg_acquire: comm=tau_rt_4 rtgid=1002 tgid=23699 pid=23701 prio=94
       deepPicar-23659 [000] d..3 25716.692734: rtg_try_acquire_lock: rtg_preemptor: comm=deepPicar rtgid=1001 tgid=23652 pid=23652 prio=93
       deepPicar-23659 [000] d..3 25716.692734: rtg_try_acquire_lock: rtg_preemptee: comm=tau_rt_4 rtgid=1002 tgid=23699 pid=23701 prio=94
        tau_rt_2-23703 [003] dn.3 25716.692738: rtg_try_acquire_lock: rtg_block: comm=tau_rt_2 rtgid=1002 tgid=23697 pid=23703 prio=94
        tau_rt_3-23700 [004] dn.3 25716.692740: rtg_try_acquire_lock: rtg_block: comm=tau_rt_3 rtgid=1002 tgid=23698 pid=23700 prio=94
       deepPicar-23652 [000] d..3 25716.692868: rtg_try_release_lock: rtg_release: comm=deepPicar rtgid=1001 tgid=23652 pid=23652 prio=93
          <idle>-0     [004] dn.3 25716.692871: rtg_try_acquire_lock: rtg_acquire: comm=tau_rt_3 rtgid=1002 tgid=23698 pid=23700 prio=94
        tau_rt_1-23702 [000] ...1 25716.714732: tracing_mark_write: gid=1002: job_start
        tau_rt_4-23701 [005] dn.3 25716.726708: rtg_try_acquire_lock: rtg_preemptor: comm=deepPicar rtgid=1001 tgid=23657 pid=23657 prio=93
        tau_rt_4-23701 [005] dn.3 25716.726711: rtg_try_acquire_lock: rtg_preemptee: comm=tau_rt_3 rtgid=1002 tgid=23698 pid=23700 prio=94
       deepPicar-23652 [000] ...1 25716.726739: tracing_mark_write: gid=1001: job_start
       deepPicar-23652 [000] d..3 25716.728066: rtg_try_release_lock: rtg_release: comm=deepPicar rtgid=1001 tgid=23652 pid=23652 prio=93
       deepPicar-23656 [004] d..3 25716.728070: rtg_try_acquire_lock: rtg_acquire: comm=deepPicar rtgid=1001 tgid=23656 pid=23692 prio=93
       deepPicar-23655 [003] d..3 25716.742424: rtg_try_acquire_lock: rtg_block: comm=tau_rt_2 rtgid=1002 tgid=23697 pid=23703 prio=94
       deepPicar-23657 [005] d..3 25716.742428: rtg_try_acquire_lock: rtg_block: comm=tau_rt_4 rtgid=1002 tgid=23699 pid=23701 prio=94
       deepPicar-23656 [004] d..3 25716.742431: rtg_try_acquire_lock: rtg_block: comm=tau_rt_3 rtgid=1002 tgid=23698 pid=23700 prio=94
       deepPicar-23659 [000] d..3 25716.742948: rtg_try_release_lock: rtg_release: comm=deepPicar rtgid=1001 tgid=23652 pid=23659 prio=93
           <...>-541   [005] dn.3 25716.742951: rtg_try_acquire_lock: rtg_acquire: comm=tau_rt_4 rtgid=1002 tgid=23699 pid=23701 prio=94
       deepPicar-23659 [000] d..3 25716.742955: rtg_try_acquire_lock: rtg_preemptor: comm=deepPicar rtgid=1001 tgid=23652 pid=23652 prio=93
       deepPicar-23659 [000] d..3 25716.742956: rtg_try_acquire_lock: rtg_preemptee: comm=tau_rt_4 rtgid=1002 tgid=23699 pid=23701 prio=94
        tau_rt_3-23700 [004] dn.3 25716.742959: rtg_try_acquire_lock: rtg_block: comm=tau_rt_3 rtgid=1002 tgid=23698 pid=23700 prio=94
       deepPicar-23652 [000] d..3 25716.743099: rtg_try_release_lock: rtg_release: comm=deepPicar rtgid=1001 tgid=23652 pid=23652 prio=93
          <idle>-0     [004] dn.3 25716.743102: rtg_try_acquire_lock: rtg_acquire: comm=tau_rt_3 rtgid=1002 tgid=23698 pid=23700 prio=94
        tau_rt_3-23700 [004] d..3 25716.763508: rtg_try_release_lock: rtg_release: comm=tau_rt_3 rtgid=1002 tgid=23698 pid=23700 prio=94
  NetworkManager-797   [005] dn.3 25716.764693: rtg_try_acquire_lock: rtg_acquire: comm=tau_rt_4 rtgid=1002 tgid=23699 pid=23701 prio=94
        tau_rt_1-23702 [000] ...1 25716.764955: tracing_mark_write: gid=1002: job_start
        tau_rt_3-23700 [004] dn.3 25716.776707: rtg_try_acquire_lock: rtg_preemptor: comm=deepPicar rtgid=1001 tgid=23656 pid=23656 prio=93
        tau_rt_3-23700 [004] dn.3 25716.776711: rtg_try_acquire_lock: rtg_preemptee: comm=tau_rt_4 rtgid=1002 tgid=23699 pid=23701 prio=94
       deepPicar-23652 [000] ...1 25716.776740: tracing_mark_write: gid=1001: job_start
       deepPicar-23655 [003] d..3 25716.792491: rtg_try_acquire_lock: rtg_block: comm=tau_rt_2 rtgid=1002 tgid=23697 pid=23703 prio=94
       deepPicar-23657 [005] d..3 25716.792495: rtg_try_acquire_lock: rtg_block: comm=tau_rt_4 rtgid=1002 tgid=23699 pid=23701 prio=94
       deepPicar-23656 [004] d..3 25716.792537: rtg_try_acquire_lock: rtg_block: comm=tau_rt_3 rtgid=1002 tgid=23698 pid=23700 prio=94
       deepPicar-23659 [000] d..3 25716.792671: rtg_try_release_lock: rtg_release: comm=deepPicar rtgid=1001 tgid=23652 pid=23659 prio=93
  NetworkManager-797   [005] dn.3 25716.792674: rtg_try_acquire_lock: rtg_acquire: comm=tau_rt_4 rtgid=1002 tgid=23699 pid=23701 prio=94
       deepPicar-23659 [000] d..3 25716.792677: rtg_try_acquire_lock: rtg_preemptor: comm=deepPicar rtgid=1001 tgid=23652 pid=23652 prio=93
       deepPicar-23659 [000] d..3 25716.792678: rtg_try_acquire_lock: rtg_preemptee: comm=tau_rt_4 rtgid=1002 tgid=23699 pid=23701 prio=94
        tau_rt_3-23700 [004] dn.3 25716.792682: rtg_try_acquire_lock: rtg_block: comm=tau_rt_3 rtgid=1002 tgid=23698 pid=23700 prio=94
       deepPicar-23652 [000] dn.3 25716.792776: rtg_try_release_lock: rtg_release: comm=deepPicar rtgid=1001 tgid=23652 pid=23652 prio=93
          <idle>-0     [004] dn.3 25716.792778: rtg_try_acquire_lock: rtg_acquire: comm=tau_rt_3 rtgid=1002 tgid=23698 pid=23700 prio=94
         dhd_dpc-604   [000] d..3 25716.792931: rtg_try_acquire_lock: rtg_preemptor: comm=deepPicar rtgid=1001 tgid=23652 pid=23652 prio=93
         dhd_dpc-604   [000] d..3 25716.792933: rtg_try_acquire_lock: rtg_preemptee: comm=tau_rt_3 rtgid=1002 tgid=23698 pid=23700 prio=94
        tau_rt_3-23700 [004] dn.3 25716.792938: rtg_try_acquire_lock: rtg_block: comm=tau_rt_3 rtgid=1002 tgid=23698 pid=23700 prio=94
       deepPicar-23652 [000] dn.3 25716.792951: rtg_try_release_lock: rtg_release: comm=deepPicar rtgid=1001 tgid=23652 pid=23652 prio=93
          <idle>-0     [004] dn.3 25716.792956: rtg_try_acquire_lock: rtg_acquire: comm=tau_rt_3 rtgid=1002 tgid=23698 pid=23700 prio=94
         dhd_dpc-604   [000] d..3 25716.793014: rtg_try_acquire_lock: rtg_preemptor: comm=deepPicar rtgid=1001 tgid=23652 pid=23652 prio=93
         dhd_dpc-604   [000] d..3 25716.793015: rtg_try_acquire_lock: rtg_preemptee: comm=tau_rt_3 rtgid=1002 tgid=23698 pid=23700 prio=94
        tau_rt_3-23700 [004] dn.3 25716.793020: rtg_try_acquire_lock: rtg_block: comm=tau_rt_3 rtgid=1002 tgid=23698 pid=23700 prio=94
       deepPicar-23652 [000] d..3 25716.793142: rtg_try_release_lock: rtg_release: comm=deepPicar rtgid=1001 tgid=23652 pid=23652 prio=93
          <idle>-0     [004] dn.3 25716.793145: rtg_try_acquire_lock: rtg_acquire: comm=tau_rt_3 rtgid=1002 tgid=23698 pid=23700 prio=94
        tau_rt_1-23702 [000] dn.3 25716.803558: rtg_try_release_lock: rtg_release: comm=tau_rt_1 rtgid=1002 tgid=23694 pid=23702 prio=94
         dhd_dpc-604   [000] d..3 25716.803624: rtg_try_acquire_lock: rtg_acquire: comm=tau_rt_1 rtgid=1002 tgid=23694 pid=23702 prio=94
        tau_rt_1-23702 [000] dn.3 25716.803636: rtg_try_release_lock: rtg_release: comm=tau_rt_1 rtgid=1002 tgid=23694 pid=23702 prio=94
         dhd_dpc-604   [000] d..3 25716.803659: rtg_try_acquire_lock: rtg_acquire: comm=tau_rt_1 rtgid=1002 tgid=23694 pid=23702 prio=94
        tau_rt_1-23702 [000] dn.3 25716.803669: rtg_try_release_lock: rtg_release: comm=tau_rt_1 rtgid=1002 tgid=23694 pid=23702 prio=94
         dhd_dpc-604   [000] d..3 25716.803689: rtg_try_acquire_lock: rtg_acquire: comm=tau_rt_1 rtgid=1002 tgid=23694 pid=23702 prio=94
        tau_rt_1-23702 [000] dn.3 25716.803699: rtg_try_release_lock: rtg_release: comm=tau_rt_1 rtgid=1002 tgid=23694 pid=23702 prio=94
         dhd_dpc-604   [000] d..3 25716.803745: rtg_try_acquire_lock: rtg_acquire: comm=tau_rt_1 rtgid=1002 tgid=23694 pid=23702 prio=94
        tau_rt_1-23702 [000] dn.3 25716.804159: rtg_try_release_lock: rtg_release: comm=tau_rt_1 rtgid=1002 tgid=23694 pid=23702 prio=94
         dhd_dpc-604   [000] d..3 25716.804214: rtg_try_acquire_lock: rtg_acquire: comm=tau_rt_1 rtgid=1002 tgid=23694 pid=23702 prio=94
        tau_rt_1-23702 [000] dn.3 25716.804225: rtg_try_release_lock: rtg_release: comm=tau_rt_1 rtgid=1002 tgid=23694 pid=23702 prio=94
         dhd_dpc-604   [000] d..3 25716.804244: rtg_try_acquire_lock: rtg_acquire: comm=tau_rt_1 rtgid=1002 tgid=23694 pid=23702 prio=94
        tau_rt_1-23702 [000] dn.3 25716.804254: rtg_try_release_lock: rtg_release: comm=tau_rt_1 rtgid=1002 tgid=23694 pid=23702 prio=94
         dhd_dpc-604   [000] d..3 25716.804273: rtg_try_acquire_lock: rtg_acquire: comm=tau_rt_1 rtgid=1002 tgid=23694 pid=23702 prio=94
        tau_rt_1-23702 [000] dn.3 25716.804282: rtg_try_release_lock: rtg_release: comm=tau_rt_1 rtgid=1002 tgid=23694 pid=23702 prio=94
         dhd_dpc-604   [000] d..3 25716.804325: rtg_try_acquire_lock: rtg_acquire: comm=tau_rt_1 rtgid=1002 tgid=23694 pid=23702 prio=94
        tau_rt_1-23702 [000] d..3 25716.804471: rtg_try_release_lock: rtg_release: comm=tau_rt_1 rtgid=1002 tgid=23694 pid=23702 prio=94
          <idle>-0     [003] dn.3 25716.814696: rtg_try_acquire_lock: rtg_acquire: comm=tau_rt_2 rtgid=1002 tgid=23697 pid=23703 prio=94
        tau_rt_1-23702 [000] ...1 25716.814719: tracing_mark_write: gid=1002: job_start
        tau_rt_4-23701 [005] dn.3 25716.826710: rtg_try_acquire_lock: rtg_preemptor: comm=deepPicar rtgid=1001 tgid=23657 pid=23657 prio=93
        tau_rt_4-23701 [005] dn.3 25716.826712: rtg_try_acquire_lock: rtg_preemptee: comm=tau_rt_2 rtgid=1002 tgid=23697 pid=23703 prio=94
       deepPicar-23652 [000] ...1 25716.826740: tracing_mark_write: gid=1001: job_start
       deepPicar-23657 [005] d..3 25716.828045: rtg_try_release_lock: rtg_release: comm=deepPicar rtgid=1001 tgid=23657 pid=23657 prio=93
       deepPicar-23652 [000] d..3 25716.828048: rtg_try_acquire_lock: rtg_acquire: comm=deepPicar rtgid=1001 tgid=23652 pid=23668 prio=93
       deepPicar-23655 [003] d..3 25716.842406: rtg_try_acquire_lock: rtg_block: comm=tau_rt_2 rtgid=1002 tgid=23697 pid=23703 prio=94
       deepPicar-23657 [005] d..3 25716.842409: rtg_try_acquire_lock: rtg_block: comm=tau_rt_4 rtgid=1002 tgid=23699 pid=23701 prio=94
       deepPicar-23656 [004] d..3 25716.842413: rtg_try_acquire_lock: rtg_block: comm=tau_rt_3 rtgid=1002 tgid=23698 pid=23700 prio=94
       deepPicar-23659 [000] d..3 25716.842530: rtg_try_release_lock: rtg_release: comm=deepPicar rtgid=1001 tgid=23652 pid=23659 prio=93
          <idle>-0     [005] dn.3 25716.842533: rtg_try_acquire_lock: rtg_acquire: comm=tau_rt_4 rtgid=1002 tgid=23699 pid=23701 prio=94
       deepPicar-23659 [000] d..3 25716.842536: rtg_try_acquire_lock: rtg_preemptor: comm=deepPicar rtgid=1001 tgid=23652 pid=23652 prio=93
       deepPicar-23659 [000] d..3 25716.842537: rtg_try_acquire_lock: rtg_preemptee: comm=tau_rt_4 rtgid=1002 tgid=23699 pid=23701 prio=94
        tau_rt_2-23703 [003] dn.3 25716.842541: rtg_try_acquire_lock: rtg_block: comm=tau_rt_2 rtgid=1002 tgid=23697 pid=23703 prio=94
        tau_rt_4-23701 [005] dn.3 25716.842542: rtg_try_acquire_lock: rtg_block: comm=tau_rt_4 rtgid=1002 tgid=23699 pid=23701 prio=94
          <idle>-0     [004] dn.3 25716.842587: rtg_try_acquire_lock: rtg_block: comm=tau_rt_3 rtgid=1002 tgid=23698 pid=23700 prio=94
       deepPicar-23652 [000] d..3 25716.842645: rtg_try_release_lock: rtg_release: comm=deepPicar rtgid=1001 tgid=23652 pid=23652 prio=93
            Xorg-1132  [004] dn.3 25716.842647: rtg_try_acquire_lock: rtg_acquire: comm=tau_rt_3 rtgid=1002 tgid=23698 pid=23700 prio=94
        tau_rt_2-23703 [003] d..3 25716.853628: rtg_try_release_lock: rtg_release: comm=tau_rt_2 rtgid=1002 tgid=23697 pid=23703 prio=94
          <idle>-0     [000] dn.3 25716.864696: rtg_try_acquire_lock: rtg_acquire: comm=tau_rt_1 rtgid=1002 tgid=23694 pid=23702 prio=94
        tau_rt_1-23702 [000] ...1 25716.864723: tracing_mark_write: gid=1002: job_start
        tau_rt_2-23703 [003] dn.3 25716.876712: rtg_try_acquire_lock: rtg_preemptor: comm=deepPicar rtgid=1001 tgid=23655 pid=23655 prio=93
        tau_rt_2-23703 [003] dn.3 25716.876714: rtg_try_acquire_lock: rtg_preemptee: comm=tau_rt_1 rtgid=1002 tgid=23694 pid=23702 prio=94
       deepPicar-23652 [000] ...1 25716.876743: tracing_mark_write: gid=1001: job_start
       deepPicar-23655 [003] d..3 25716.878121: rtg_try_release_lock: rtg_release: comm=deepPicar rtgid=1001 tgid=23655 pid=23655 prio=93
       deepPicar-23657 [005] d..3 25716.878125: rtg_try_acquire_lock: rtg_acquire: comm=deepPicar rtgid=1001 tgid=23657 pid=23683 prio=93
       deepPicar-23656 [004] d..3 25716.892706: rtg_try_acquire_lock: rtg_block: comm=tau_rt_3 rtgid=1002 tgid=23698 pid=23700 prio=94
       deepPicar-23655 [003] d..3 25716.892710: rtg_try_acquire_lock: rtg_block: comm=tau_rt_2 rtgid=1002 tgid=23697 pid=23703 prio=94
       deepPicar-23657 [005] d..3 25716.892713: rtg_try_acquire_lock: rtg_block: comm=tau_rt_4 rtgid=1002 tgid=23699 pid=23701 prio=94
       deepPicar-23659 [000] d..3 25716.892891: rtg_try_release_lock: rtg_release: comm=deepPicar rtgid=1001 tgid=23652 pid=23659 prio=93
          <idle>-0     [005] dn.3 25716.892895: rtg_try_acquire_lock: rtg_acquire: comm=tau_rt_4 rtgid=1002 tgid=23699 pid=23701 prio=94
       deepPicar-23659 [000] d..3 25716.892898: rtg_try_acquire_lock: rtg_preemptor: comm=deepPicar rtgid=1001 tgid=23652 pid=23652 prio=93
       deepPicar-23659 [000] d..3 25716.892899: rtg_try_acquire_lock: rtg_preemptee: comm=tau_rt_4 rtgid=1002 tgid=23699 pid=23701 prio=94
        tau_rt_2-23703 [003] dn.3 25716.892902: rtg_try_acquire_lock: rtg_block: comm=tau_rt_2 rtgid=1002 tgid=23697 pid=23703 prio=94
        tau_rt_4-23701 [005] dn.3 25716.892904: rtg_try_acquire_lock: rtg_block: comm=tau_rt_4 rtgid=1002 tgid=23699 pid=23701 prio=94
       deepPicar-23652 [000] d..3 25716.892999: rtg_try_release_lock: rtg_release: comm=deepPicar rtgid=1001 tgid=23652 pid=23652 prio=93
          <idle>-0     [005] dn.3 25716.893001: rtg_try_acquire_lock: rtg_acquire: comm=tau_rt_4 rtgid=1002 tgid=23699 pid=23701 prio=94
        tau_rt_3-23700 [004] d..3 25716.909278: rtg_try_release_lock: rtg_release: comm=tau_rt_3 rtgid=1002 tgid=23698 pid=23700 prio=94
          <idle>-0     [003] dn.3 25716.914700: rtg_try_acquire_lock: rtg_acquire: comm=tau_rt_2 rtgid=1002 tgid=23697 pid=23703 prio=94
        tau_rt_1-23702 [000] ...1 25716.914731: tracing_mark_write: gid=1002: job_start
        tau_rt_3-23700 [004] dn.3 25716.926715: rtg_try_acquire_lock: rtg_preemptor: comm=deepPicar rtgid=1001 tgid=23656 pid=23656 prio=93
        tau_rt_3-23700 [004] dn.3 25716.926717: rtg_try_acquire_lock: rtg_preemptee: comm=tau_rt_2 rtgid=1002 tgid=23697 pid=23703 prio=94
       deepPicar-23652 [000] ...1 25716.926746: tracing_mark_write: gid=1001: job_start
       deepPicar-23652 [000] d..3 25716.928076: rtg_try_release_lock: rtg_release: comm=deepPicar rtgid=1001 tgid=23652 pid=23652 prio=93
       deepPicar-23655 [003] d..3 25716.928080: rtg_try_acquire_lock: rtg_acquire: comm=deepPicar rtgid=1001 tgid=23655 pid=23686 prio=93
       deepPicar-23670 [000] d..3 25716.928916: rtg_try_release_lock: rtg_release: comm=deepPicar rtgid=1001 tgid=23652 pid=23670 prio=93
       deepPicar-23687 [004] d..3 25716.928920: rtg_try_acquire_lock: rtg_acquire: comm=deepPicar rtgid=1001 tgid=23656 pid=23664 prio=93
       deepPicar-23656 [004] d..3 25716.942522: rtg_try_acquire_lock: rtg_block: comm=tau_rt_3 rtgid=1002 tgid=23698 pid=23700 prio=94
       deepPicar-23657 [005] d..3 25716.942526: rtg_try_acquire_lock: rtg_block: comm=tau_rt_4 rtgid=1002 tgid=23699 pid=23701 prio=94
       deepPicar-23655 [003] d..3 25716.942529: rtg_try_acquire_lock: rtg_block: comm=tau_rt_2 rtgid=1002 tgid=23697 pid=23703 prio=94
       deepPicar-23659 [000] d..3 25716.942669: rtg_try_release_lock: rtg_release: comm=deepPicar rtgid=1001 tgid=23652 pid=23659 prio=93
            Xorg-1132  [005] dn.3 25716.942672: rtg_try_acquire_lock: rtg_acquire: comm=tau_rt_4 rtgid=1002 tgid=23699 pid=23701 prio=94
       deepPicar-23659 [000] d..3 25716.942675: rtg_try_acquire_lock: rtg_preemptor: comm=deepPicar rtgid=1001 tgid=23652 pid=23652 prio=93
       deepPicar-23659 [000] d..3 25716.942676: rtg_try_acquire_lock: rtg_preemptee: comm=tau_rt_4 rtgid=1002 tgid=23699 pid=23701 prio=94
        tau_rt_2-23703 [003] dn.3 25716.942679: rtg_try_acquire_lock: rtg_block: comm=tau_rt_2 rtgid=1002 tgid=23697 pid=23703 prio=94
        tau_rt_4-23701 [005] dn.3 25716.942681: rtg_try_acquire_lock: rtg_block: comm=tau_rt_4 rtgid=1002 tgid=23699 pid=23701 prio=94
        tau_rt_3-23700 [004] dn.3 25716.942683: rtg_try_acquire_lock: rtg_block: comm=tau_rt_3 rtgid=1002 tgid=23698 pid=23700 prio=94
