       deepPicar-23657 [005] d..3 25720.192652: rtg_try_acquire_lock: rtg_block: comm=tau_rt_4 rtgid=1002 tgid=23699 pid=23701 prio=94
       deepPicar-23656 [004] d..3 25720.192655: rtg_try_acquire_lock: rtg_block: comm=tau_rt_3 rtgid=1002 tgid=23698 pid=23700 prio=94
       deepPicar-23659 [000] d..3 25720.192736: rtg_try_release_lock: rtg_release: comm=deepPicar rtgid=1001 tgid=23652 pid=23659 prio=93
            Xorg-1132  [004] dn.3 25720.192739: rtg_try_acquire_lock: rtg_acquire: comm=tau_rt_3 rtgid=1002 tgid=23698 pid=23700 prio=94
       deepPicar-23659 [000] d..3 25720.192742: rtg_try_acquire_lock: rtg_preemptor: comm=deepPicar rtgid=1001 tgid=23652 pid=23652 prio=93
       deepPicar-23659 [000] d..3 25720.192743: rtg_try_acquire_lock: rtg_preemptee: comm=tau_rt_3 rtgid=1002 tgid=23698 pid=23700 prio=94
        tau_rt_2-23703 [003] dn.3 25720.192747: rtg_try_acquire_lock: rtg_block: comm=tau_rt_2 rtgid=1002 tgid=23697 pid=23703 prio=94
        tau_rt_4-23701 [005] dn.3 25720.192749: rtg_try_acquire_lock: rtg_block: comm=tau_rt_4 rtgid=1002 tgid=23699 pid=23701 prio=94
       deepPicar-23652 [000] d..3 25720.192858: rtg_try_release_lock: rtg_release: comm=deepPicar rtgid=1001 tgid=23652 pid=23652 prio=93
          <idle>-0     [005] dn.3 25720.192861: rtg_try_acquire_lock: rtg_acquire: comm=tau_rt_4 rtgid=1002 tgid=23699 pid=23701 prio=94
        tau_rt_4-23701 [005] d..3 25720.205057: rtg_try_release_lock: rtg_release: comm=tau_rt_4 rtgid=1002 tgid=23699 pid=23701 prio=94
          <idle>-0     [003] dn.3 25720.214810: rtg_try_acquire_lock: rtg_acquire: comm=tau_rt_2 rtgid=1002 tgid=23697 pid=23703 prio=94
        tau_rt_1-23702 [000] ...1 25720.214838: tracing_mark_write: gid=1002: job_start
        tau_rt_2-23703 [003] dn.3 25720.226821: rtg_try_acquire_lock: rtg_preemptor: comm=deepPicar rtgid=1001 tgid=23655 pid=23655 prio=93
        tau_rt_2-23703 [003] dn.3 25720.226823: rtg_try_acquire_lock: rtg_preemptee: comm=tau_rt_2 rtgid=1002 tgid=23697 pid=23703 prio=94
       deepPicar-23652 [000] ...1 25720.226850: tracing_mark_write: gid=1001: job_start
       deepPicar-23656 [004] d..3 25720.228216: rtg_try_release_lock: rtg_release: comm=deepPicar rtgid=1001 tgid=23656 pid=23656 prio=93
       deepPicar-23657 [005] d..3 25720.228220: rtg_try_acquire_lock: rtg_acquire: comm=deepPicar rtgid=1001 tgid=23657 pid=23685 prio=93
       deepPicar-23687 [004] d..3 25720.229056: rtg_try_release_lock: rtg_release: comm=deepPicar rtgid=1001 tgid=23656 pid=23687 prio=93
       deepPicar-23686 [003] d..3 25720.229059: rtg_try_acquire_lock: rtg_acquire: comm=deepPicar rtgid=1001 tgid=23655 pid=23663 prio=93
       deepPicar-23656 [004] d..3 25720.242876: rtg_try_acquire_lock: rtg_block: comm=tau_rt_3 rtgid=1002 tgid=23698 pid=23700 prio=94
       deepPicar-23655 [003] d..3 25720.242880: rtg_try_acquire_lock: rtg_block: comm=tau_rt_2 rtgid=1002 tgid=23697 pid=23703 prio=94
       deepPicar-23657 [005] d..3 25720.242883: rtg_try_acquire_lock: rtg_block: comm=tau_rt_4 rtgid=1002 tgid=23699 pid=23701 prio=94
       deepPicar-23659 [000] d..3 25720.242969: rtg_try_release_lock: rtg_release: comm=deepPicar rtgid=1001 tgid=23652 pid=23659 prio=93
 nvgpu_channel_p-1146  [005] dn.3 25720.242972: rtg_try_acquire_lock: rtg_acquire: comm=tau_rt_4 rtgid=1002 tgid=23699 pid=23701 prio=94
       deepPicar-23659 [000] d..3 25720.242975: rtg_try_acquire_lock: rtg_preemptor: comm=deepPicar rtgid=1001 tgid=23652 pid=23652 prio=93
       deepPicar-23659 [000] d..3 25720.242976: rtg_try_acquire_lock: rtg_preemptee: comm=tau_rt_4 rtgid=1002 tgid=23699 pid=23701 prio=94
        tau_rt_2-23703 [003] dn.3 25720.242979: rtg_try_acquire_lock: rtg_block: comm=tau_rt_2 rtgid=1002 tgid=23697 pid=23703 prio=94
        tau_rt_4-23701 [005] dn.3 25720.242981: rtg_try_acquire_lock: rtg_block: comm=tau_rt_4 rtgid=1002 tgid=23699 pid=23701 prio=94
       deepPicar-23652 [000] d..3 25720.243092: rtg_try_release_lock: rtg_release: comm=deepPicar rtgid=1001 tgid=23652 pid=23652 prio=93
          <idle>-0     [003] dn.3 25720.243095: rtg_try_acquire_lock: rtg_acquire: comm=tau_rt_2 rtgid=1002 tgid=23697 pid=23703 prio=94
        tau_rt_2-23703 [003] d..3 25720.254050: rtg_try_release_lock: rtg_release: comm=tau_rt_2 rtgid=1002 tgid=23697 pid=23703 prio=94
          <idle>-0     [005] dn.3 25720.264810: rtg_try_acquire_lock: rtg_acquire: comm=tau_rt_4 rtgid=1002 tgid=23699 pid=23701 prio=94
        tau_rt_1-23702 [000] ...1 25720.264837: tracing_mark_write: gid=1002: job_start
        tau_rt_4-23701 [005] dn.3 25720.276821: rtg_try_acquire_lock: rtg_preemptor: comm=deepPicar rtgid=1001 tgid=23657 pid=23657 prio=93
        tau_rt_4-23701 [005] dn.3 25720.276823: rtg_try_acquire_lock: rtg_preemptee: comm=tau_rt_4 rtgid=1002 tgid=23699 pid=23701 prio=94
       deepPicar-23652 [000] ...1 25720.276850: tracing_mark_write: gid=1001: job_start
       deepPicar-23656 [004] d..3 25720.278158: rtg_try_release_lock: rtg_release: comm=deepPicar rtgid=1001 tgid=23656 pid=23656 prio=93
       deepPicar-23657 [005] d..3 25720.278162: rtg_try_acquire_lock: rtg_acquire: comm=deepPicar rtgid=1001 tgid=23657 pid=23688 prio=93
       deepPicar-23655 [003] d..3 25720.292584: rtg_try_acquire_lock: rtg_block: comm=tau_rt_2 rtgid=1002 tgid=23697 pid=23703 prio=94
       deepPicar-23657 [005] d..3 25720.292587: rtg_try_acquire_lock: rtg_block: comm=tau_rt_4 rtgid=1002 tgid=23699 pid=23701 prio=94
       deepPicar-23656 [004] d..3 25720.292640: rtg_try_acquire_lock: rtg_block: comm=tau_rt_3 rtgid=1002 tgid=23698 pid=23700 prio=94
       deepPicar-23659 [000] d..3 25720.292734: rtg_try_release_lock: rtg_release: comm=deepPicar rtgid=1001 tgid=23652 pid=23659 prio=93
          <idle>-0     [005] dn.3 25720.292736: rtg_try_acquire_lock: rtg_acquire: comm=tau_rt_4 rtgid=1002 tgid=23699 pid=23701 prio=94
       deepPicar-23659 [000] d..3 25720.292739: rtg_try_acquire_lock: rtg_preemptor: comm=deepPicar rtgid=1001 tgid=23652 pid=23652 prio=93
       deepPicar-23659 [000] d..3 25720.292740: rtg_try_acquire_lock: rtg_preemptee: comm=tau_rt_4 rtgid=1002 tgid=23699 pid=23701 prio=94
        tau_rt_3-23700 [004] dn.3 25720.292743: rtg_try_acquire_lock: rtg_block: comm=tau_rt_3 rtgid=1002 tgid=23698 pid=23700 prio=94
        tau_rt_2-23703 [003] dn.3 25720.292746: rtg_try_acquire_lock: rtg_block: comm=tau_rt_2 rtgid=1002 tgid=23697 pid=23703 prio=94
        tau_rt_4-23701 [005] dn.3 25720.292747: rtg_try_acquire_lock: rtg_block: comm=tau_rt_4 rtgid=1002 tgid=23699 pid=23701 prio=94
       deepPicar-23652 [000] d..3 25720.292836: rtg_try_release_lock: rtg_release: comm=deepPicar rtgid=1001 tgid=23652 pid=23652 prio=93
            Xorg-1132  [004] dn.3 25720.292838: rtg_try_acquire_lock: rtg_acquire: comm=tau_rt_3 rtgid=1002 tgid=23698 pid=23700 prio=94
        tau_rt_2-23703 [003] d..3 25720.303918: rtg_try_release_lock: rtg_release: comm=tau_rt_2 rtgid=1002 tgid=23697 pid=23703 prio=94
          <idle>-0     [000] dn.3 25720.314814: rtg_try_acquire_lock: rtg_acquire: comm=tau_rt_1 rtgid=1002 tgid=23694 pid=23702 prio=94
        tau_rt_1-23702 [000] ...1 25720.314841: tracing_mark_write: gid=1002: job_start
        tau_rt_2-23703 [003] dn.3 25720.326825: rtg_try_acquire_lock: rtg_preemptor: comm=deepPicar rtgid=1001 tgid=23655 pid=23655 prio=93
        tau_rt_2-23703 [003] dn.3 25720.326827: rtg_try_acquire_lock: rtg_preemptee: comm=tau_rt_1 rtgid=1002 tgid=23694 pid=23702 prio=94
       deepPicar-23652 [000] ...1 25720.326856: tracing_mark_write: gid=1001: job_start
       deepPicar-23657 [005] d..3 25720.328167: rtg_try_release_lock: rtg_release: comm=deepPicar rtgid=1001 tgid=23657 pid=23657 prio=93
       deepPicar-23652 [000] d..3 25720.328171: rtg_try_acquire_lock: rtg_acquire: comm=deepPicar rtgid=1001 tgid=23652 pid=23672 prio=93
       deepPicar-23656 [004] d..3 25720.342653: rtg_try_acquire_lock: rtg_block: comm=tau_rt_3 rtgid=1002 tgid=23698 pid=23700 prio=94
       deepPicar-23655 [003] d..3 25720.342657: rtg_try_acquire_lock: rtg_block: comm=tau_rt_2 rtgid=1002 tgid=23697 pid=23703 prio=94
       deepPicar-23657 [005] d..3 25720.342660: rtg_try_acquire_lock: rtg_block: comm=tau_rt_4 rtgid=1002 tgid=23699 pid=23701 prio=94
       deepPicar-23659 [000] d..3 25720.342759: rtg_try_release_lock: rtg_release: comm=deepPicar rtgid=1001 tgid=23652 pid=23659 prio=93
            Xorg-1132  [004] dn.3 25720.342762: rtg_try_acquire_lock: rtg_acquire: comm=tau_rt_3 rtgid=1002 tgid=23698 pid=23700 prio=94
       deepPicar-23659 [000] d..3 25720.342765: rtg_try_acquire_lock: rtg_preemptor: comm=deepPicar rtgid=1001 tgid=23652 pid=23652 prio=93
       deepPicar-23659 [000] d..3 25720.342766: rtg_try_acquire_lock: rtg_preemptee: comm=tau_rt_3 rtgid=1002 tgid=23698 pid=23700 prio=94
        tau_rt_2-23703 [003] dn.3 25720.342769: rtg_try_acquire_lock: rtg_block: comm=tau_rt_2 rtgid=1002 tgid=23697 pid=23703 prio=94
        tau_rt_4-23701 [005] dn.3 25720.342771: rtg_try_acquire_lock: rtg_block: comm=tau_rt_4 rtgid=1002 tgid=23699 pid=23701 prio=94
       deepPicar-23652 [000] d..3 25720.342879: rtg_try_release_lock: rtg_release: comm=deepPicar rtgid=1001 tgid=23652 pid=23652 prio=93
          <idle>-0     [003] dn.3 25720.342882: rtg_try_acquire_lock: rtg_acquire: comm=tau_rt_2 rtgid=1002 tgid=23697 pid=23703 prio=94
        tau_rt_2-23703 [003] d..3 25720.353918: rtg_try_release_lock: rtg_release: comm=tau_rt_2 rtgid=1002 tgid=23697 pid=23703 prio=94
          <idle>-0     [003] dn.3 25720.364816: rtg_try_acquire_lock: rtg_acquire: comm=tau_rt_2 rtgid=1002 tgid=23697 pid=23703 prio=94
        tau_rt_1-23702 [000] ...1 25720.364841: tracing_mark_write: gid=1002: job_start
        tau_rt_4-23701 [005] dn.3 25720.376826: rtg_try_acquire_lock: rtg_preemptor: comm=deepPicar rtgid=1001 tgid=23657 pid=23657 prio=93
        tau_rt_4-23701 [005] dn.3 25720.376829: rtg_try_acquire_lock: rtg_preemptee: comm=tau_rt_2 rtgid=1002 tgid=23697 pid=23703 prio=94
       deepPicar-23652 [000] ...1 25720.376858: tracing_mark_write: gid=1001: job_start
       deepPicar-23656 [004] d..3 25720.392545: rtg_try_acquire_lock: rtg_block: comm=tau_rt_3 rtgid=1002 tgid=23698 pid=23700 prio=94
       deepPicar-23655 [003] d..3 25720.392549: rtg_try_acquire_lock: rtg_block: comm=tau_rt_2 rtgid=1002 tgid=23697 pid=23703 prio=94
       deepPicar-23657 [005] d..3 25720.392552: rtg_try_acquire_lock: rtg_block: comm=tau_rt_4 rtgid=1002 tgid=23699 pid=23701 prio=94
       deepPicar-23659 [000] d..3 25720.392734: rtg_try_release_lock: rtg_release: comm=deepPicar rtgid=1001 tgid=23652 pid=23659 prio=93
          <idle>-0     [004] dn.3 25720.392736: rtg_try_acquire_lock: rtg_acquire: comm=tau_rt_3 rtgid=1002 tgid=23698 pid=23700 prio=94
       deepPicar-23659 [000] d..3 25720.392739: rtg_try_acquire_lock: rtg_preemptor: comm=deepPicar rtgid=1001 tgid=23652 pid=23652 prio=93
       deepPicar-23659 [000] d..3 25720.392740: rtg_try_acquire_lock: rtg_preemptee: comm=tau_rt_3 rtgid=1002 tgid=23698 pid=23700 prio=94
        tau_rt_2-23703 [003] dn.3 25720.392743: rtg_try_acquire_lock: rtg_block: comm=tau_rt_2 rtgid=1002 tgid=23697 pid=23703 prio=94
        tau_rt_4-23701 [005] dn.3 25720.392746: rtg_try_acquire_lock: rtg_block: comm=tau_rt_4 rtgid=1002 tgid=23699 pid=23701 prio=94
        tau_rt_3-23700 [004] dn.3 25720.392747: rtg_try_acquire_lock: rtg_block: comm=tau_rt_3 rtgid=1002 tgid=23698 pid=23700 prio=94
       deepPicar-23652 [000] d..3 25720.392844: rtg_try_release_lock: rtg_release: comm=deepPicar rtgid=1001 tgid=23652 pid=23652 prio=93
          <idle>-0     [003] dn.3 25720.392846: rtg_try_acquire_lock: rtg_acquire: comm=tau_rt_2 rtgid=1002 tgid=23697 pid=23703 prio=94
        tau_rt_2-23703 [003] d..3 25720.403809: rtg_try_release_lock: rtg_release: comm=tau_rt_2 rtgid=1002 tgid=23697 pid=23703 prio=94
          <idle>-0     [000] dn.3 25720.414810: rtg_try_acquire_lock: rtg_acquire: comm=tau_rt_1 rtgid=1002 tgid=23694 pid=23702 prio=94
        tau_rt_1-23702 [000] ...1 25720.414838: tracing_mark_write: gid=1002: job_start
        tau_rt_2-23703 [003] dn.3 25720.426827: rtg_try_acquire_lock: rtg_preemptor: comm=deepPicar rtgid=1001 tgid=23655 pid=23655 prio=93
        tau_rt_2-23703 [003] dn.3 25720.426830: rtg_try_acquire_lock: rtg_preemptee: comm=tau_rt_1 rtgid=1002 tgid=23694 pid=23702 prio=94
       deepPicar-23652 [000] ...1 25720.426859: tracing_mark_write: gid=1001: job_start
       deepPicar-23656 [004] d..3 25720.428170: rtg_try_release_lock: rtg_release: comm=deepPicar rtgid=1001 tgid=23656 pid=23656 prio=93
       deepPicar-23657 [005] d..3 25720.428174: rtg_try_acquire_lock: rtg_acquire: comm=deepPicar rtgid=1001 tgid=23657 pid=23680 prio=93
       deepPicar-23656 [004] d..3 25720.442756: rtg_try_acquire_lock: rtg_block: comm=tau_rt_3 rtgid=1002 tgid=23698 pid=23700 prio=94
       deepPicar-23655 [003] d..3 25720.442760: rtg_try_acquire_lock: rtg_block: comm=tau_rt_2 rtgid=1002 tgid=23697 pid=23703 prio=94
       deepPicar-23657 [005] d..3 25720.442763: rtg_try_acquire_lock: rtg_block: comm=tau_rt_4 rtgid=1002 tgid=23699 pid=23701 prio=94
       deepPicar-23659 [000] d..3 25720.442930: rtg_try_release_lock: rtg_release: comm=deepPicar rtgid=1001 tgid=23652 pid=23659 prio=93
          <idle>-0     [004] dn.3 25720.442932: rtg_try_acquire_lock: rtg_acquire: comm=tau_rt_3 rtgid=1002 tgid=23698 pid=23700 prio=94
       deepPicar-23659 [000] d..3 25720.442935: rtg_try_acquire_lock: rtg_preemptor: comm=deepPicar rtgid=1001 tgid=23652 pid=23652 prio=93
       deepPicar-23659 [000] d..3 25720.442937: rtg_try_acquire_lock: rtg_preemptee: comm=tau_rt_3 rtgid=1002 tgid=23698 pid=23700 prio=94
        tau_rt_2-23703 [003] dn.3 25720.442940: rtg_try_acquire_lock: rtg_block: comm=tau_rt_2 rtgid=1002 tgid=23697 pid=23703 prio=94
        tau_rt_3-23700 [004] dn.3 25720.442942: rtg_try_acquire_lock: rtg_block: comm=tau_rt_3 rtgid=1002 tgid=23698 pid=23700 prio=94
        tau_rt_4-23701 [005] dn.3 25720.442944: rtg_try_acquire_lock: rtg_block: comm=tau_rt_4 rtgid=1002 tgid=23699 pid=23701 prio=94
       deepPicar-23652 [000] d..3 25720.443040: rtg_try_release_lock: rtg_release: comm=deepPicar rtgid=1001 tgid=23652 pid=23652 prio=93
          <idle>-0     [004] dn.3 25720.443042: rtg_try_acquire_lock: rtg_acquire: comm=tau_rt_3 rtgid=1002 tgid=23698 pid=23700 prio=94
        tau_rt_2-23703 [003] d..3 25720.454110: rtg_try_release_lock: rtg_release: comm=tau_rt_2 rtgid=1002 tgid=23697 pid=23703 prio=94
          <idle>-0     [000] dn.3 25720.464814: rtg_try_acquire_lock: rtg_acquire: comm=tau_rt_1 rtgid=1002 tgid=23694 pid=23702 prio=94
        tau_rt_1-23702 [000] ...1 25720.464842: tracing_mark_write: gid=1002: job_start
        tau_rt_2-23703 [003] dn.3 25720.476831: rtg_try_acquire_lock: rtg_preemptor: comm=deepPicar rtgid=1001 tgid=23655 pid=23655 prio=93
        tau_rt_2-23703 [003] dn.3 25720.476833: rtg_try_acquire_lock: rtg_preemptee: comm=tau_rt_1 rtgid=1002 tgid=23694 pid=23702 prio=94
       deepPicar-23652 [000] ...1 25720.476863: tracing_mark_write: gid=1001: job_start
       deepPicar-23657 [005] d..3 25720.478218: rtg_try_release_lock: rtg_release: comm=deepPicar rtgid=1001 tgid=23657 pid=23657 prio=93
       deepPicar-23655 [003] d..3 25720.478221: rtg_try_acquire_lock: rtg_acquire: comm=deepPicar rtgid=1001 tgid=23655 pid=23682 prio=93
       deepPicar-23657 [005] d..3 25720.492602: rtg_try_acquire_lock: rtg_block: comm=tau_rt_4 rtgid=1002 tgid=23699 pid=23701 prio=94
       deepPicar-23655 [003] d..3 25720.492606: rtg_try_acquire_lock: rtg_block: comm=tau_rt_2 rtgid=1002 tgid=23697 pid=23703 prio=94
       deepPicar-23656 [004] d..3 25720.492609: rtg_try_acquire_lock: rtg_block: comm=tau_rt_3 rtgid=1002 tgid=23698 pid=23700 prio=94
       deepPicar-23659 [000] d..3 25720.492787: rtg_try_release_lock: rtg_release: comm=deepPicar rtgid=1001 tgid=23652 pid=23659 prio=93
          <idle>-0     [003] dn.3 25720.492791: rtg_try_acquire_lock: rtg_acquire: comm=tau_rt_2 rtgid=1002 tgid=23697 pid=23703 prio=94
       deepPicar-23659 [000] d..3 25720.492794: rtg_try_acquire_lock: rtg_preemptor: comm=deepPicar rtgid=1001 tgid=23652 pid=23652 prio=93
       deepPicar-23659 [000] d..3 25720.492795: rtg_try_acquire_lock: rtg_preemptee: comm=tau_rt_2 rtgid=1002 tgid=23697 pid=23703 prio=94
        tau_rt_2-23703 [003] dn.3 25720.492799: rtg_try_acquire_lock: rtg_block: comm=tau_rt_2 rtgid=1002 tgid=23697 pid=23703 prio=94
        tau_rt_3-23700 [004] dn.3 25720.492801: rtg_try_acquire_lock: rtg_block: comm=tau_rt_3 rtgid=1002 tgid=23698 pid=23700 prio=94
        tau_rt_4-23701 [005] dn.3 25720.492803: rtg_try_acquire_lock: rtg_block: comm=tau_rt_4 rtgid=1002 tgid=23699 pid=23701 prio=94
       deepPicar-23652 [000] d..3 25720.492899: rtg_try_release_lock: rtg_release: comm=deepPicar rtgid=1001 tgid=23652 pid=23652 prio=93
          <idle>-0     [003] dn.3 25720.492901: rtg_try_acquire_lock: rtg_acquire: comm=tau_rt_2 rtgid=1002 tgid=23697 pid=23703 prio=94
        tau_rt_2-23703 [003] d..3 25720.503966: rtg_try_release_lock: rtg_release: comm=tau_rt_2 rtgid=1002 tgid=23697 pid=23703 prio=94
          <idle>-0     [004] dn.3 25720.514815: rtg_try_acquire_lock: rtg_acquire: comm=tau_rt_3 rtgid=1002 tgid=23698 pid=23700 prio=94
        tau_rt_1-23702 [000] ...1 25720.514844: tracing_mark_write: gid=1002: job_start
        tau_rt_3-23700 [004] dn.3 25720.526831: rtg_try_acquire_lock: rtg_preemptor: comm=deepPicar rtgid=1001 tgid=23656 pid=23656 prio=93
        tau_rt_3-23700 [004] dn.3 25720.526833: rtg_try_acquire_lock: rtg_preemptee: comm=tau_rt_3 rtgid=1002 tgid=23698 pid=23700 prio=94
       deepPicar-23652 [000] ...1 25720.526859: tracing_mark_write: gid=1001: job_start
       deepPicar-23657 [005] d..3 25720.528236: rtg_try_release_lock: rtg_release: comm=deepPicar rtgid=1001 tgid=23657 pid=23657 prio=93
       deepPicar-23652 [000] d..3 25720.528240: rtg_try_acquire_lock: rtg_acquire: comm=deepPicar rtgid=1001 tgid=23652 pid=23670 prio=93
       deepPicar-23670 [000] d..3 25720.529050: rtg_try_release_lock: rtg_release: comm=deepPicar rtgid=1001 tgid=23652 pid=23670 prio=93
       deepPicar-23687 [004] d..3 25720.529053: rtg_try_acquire_lock: rtg_acquire: comm=deepPicar rtgid=1001 tgid=23656 pid=23664 prio=93
       deepPicar-23656 [004] d..3 25720.542713: rtg_try_acquire_lock: rtg_block: comm=tau_rt_3 rtgid=1002 tgid=23698 pid=23700 prio=94
       deepPicar-23655 [003] d..3 25720.542717: rtg_try_acquire_lock: rtg_block: comm=tau_rt_2 rtgid=1002 tgid=23697 pid=23703 prio=94
       deepPicar-23657 [005] d..3 25720.542720: rtg_try_acquire_lock: rtg_block: comm=tau_rt_4 rtgid=1002 tgid=23699 pid=23701 prio=94
       deepPicar-23659 [000] d..3 25720.544119: rtg_try_release_lock: rtg_release: comm=deepPicar rtgid=1001 tgid=23652 pid=23659 prio=93
          <idle>-0     [005] dn.3 25720.544122: rtg_try_acquire_lock: rtg_acquire: comm=tau_rt_4 rtgid=1002 tgid=23699 pid=23701 prio=94
       deepPicar-23659 [000] d..3 25720.544126: rtg_try_acquire_lock: rtg_preemptor: comm=deepPicar rtgid=1001 tgid=23652 pid=23652 prio=93
       deepPicar-23659 [000] d..3 25720.544127: rtg_try_acquire_lock: rtg_preemptee: comm=tau_rt_4 rtgid=1002 tgid=23699 pid=23701 prio=94
        tau_rt_2-23703 [003] dn.3 25720.544131: rtg_try_acquire_lock: rtg_block: comm=tau_rt_2 rtgid=1002 tgid=23697 pid=23703 prio=94
        tau_rt_3-23700 [004] dn.3 25720.544133: rtg_try_acquire_lock: rtg_block: comm=tau_rt_3 rtgid=1002 tgid=23698 pid=23700 prio=94
        tau_rt_4-23701 [005] dn.3 25720.544134: rtg_try_acquire_lock: rtg_block: comm=tau_rt_4 rtgid=1002 tgid=23699 pid=23701 prio=94
       deepPicar-23652 [000] d..3 25720.544245: rtg_try_release_lock: rtg_release: comm=deepPicar rtgid=1001 tgid=23652 pid=23652 prio=93
 report_ip_to_ho-1047  [003] dn.3 25720.544247: rtg_try_acquire_lock: rtg_acquire: comm=tau_rt_2 rtgid=1002 tgid=23697 pid=23703 prio=94
        tau_rt_1-23702 [000] d..3 25720.555292: rtg_try_release_lock: rtg_release: comm=tau_rt_1 rtgid=1002 tgid=23694 pid=23702 prio=94
          <idle>-0     [000] dn.3 25720.564815: rtg_try_acquire_lock: rtg_acquire: comm=tau_rt_1 rtgid=1002 tgid=23694 pid=23702 prio=94
        tau_rt_1-23702 [000] ...1 25720.564843: tracing_mark_write: gid=1002: job_start
        tau_rt_3-23700 [004] dn.3 25720.576833: rtg_try_acquire_lock: rtg_preemptor: comm=deepPicar rtgid=1001 tgid=23656 pid=23656 prio=93
        tau_rt_3-23700 [004] dn.3 25720.576836: rtg_try_acquire_lock: rtg_preemptee: comm=tau_rt_1 rtgid=1002 tgid=23694 pid=23702 prio=94
       deepPicar-23652 [000] ...1 25720.576866: tracing_mark_write: gid=1001: job_start
       deepPicar-23689 [003] d..3 25720.579003: rtg_try_release_lock: rtg_release: comm=deepPicar rtgid=1001 tgid=23655 pid=23689 prio=93
       deepPicar-23688 [005] d..3 25720.579006: rtg_try_acquire_lock: rtg_acquire: comm=deepPicar rtgid=1001 tgid=23657 pid=23665 prio=93
       deepPicar-23655 [003] d..3 25720.592788: rtg_try_acquire_lock: rtg_block: comm=tau_rt_2 rtgid=1002 tgid=23697 pid=23703 prio=94
       deepPicar-23657 [005] d..3 25720.592791: rtg_try_acquire_lock: rtg_block: comm=tau_rt_4 rtgid=1002 tgid=23699 pid=23701 prio=94
       deepPicar-23656 [004] d..3 25720.592794: rtg_try_acquire_lock: rtg_block: comm=tau_rt_3 rtgid=1002 tgid=23698 pid=23700 prio=94
       deepPicar-23659 [000] d..3 25720.592936: rtg_try_release_lock: rtg_release: comm=deepPicar rtgid=1001 tgid=23652 pid=23659 prio=93
            Xorg-1132  [003] dn.3 25720.592939: rtg_try_acquire_lock: rtg_acquire: comm=tau_rt_2 rtgid=1002 tgid=23697 pid=23703 prio=94
       deepPicar-23659 [000] d..3 25720.592942: rtg_try_acquire_lock: rtg_preemptor: comm=deepPicar rtgid=1001 tgid=23652 pid=23652 prio=93
       deepPicar-23659 [000] d..3 25720.592943: rtg_try_acquire_lock: rtg_preemptee: comm=tau_rt_2 rtgid=1002 tgid=23697 pid=23703 prio=94
        tau_rt_2-23703 [003] dn.3 25720.592961: rtg_try_acquire_lock: rtg_block: comm=tau_rt_2 rtgid=1002 tgid=23697 pid=23703 prio=94
        tau_rt_3-23700 [004] dn.3 25720.592965: rtg_try_acquire_lock: rtg_block: comm=tau_rt_3 rtgid=1002 tgid=23698 pid=23700 prio=94
        tau_rt_4-23701 [005] dn.3 25720.592972: rtg_try_acquire_lock: rtg_block: comm=tau_rt_4 rtgid=1002 tgid=23699 pid=23701 prio=94
       deepPicar-23652 [000] d..3 25720.593060: rtg_try_release_lock: rtg_release: comm=deepPicar rtgid=1001 tgid=23652 pid=23652 prio=93
          <idle>-0     [005] dn.3 25720.593062: rtg_try_acquire_lock: rtg_acquire: comm=tau_rt_4 rtgid=1002 tgid=23699 pid=23701 prio=94
        tau_rt_2-23703 [003] d..3 25720.604061: rtg_try_release_lock: rtg_release: comm=tau_rt_2 rtgid=1002 tgid=23697 pid=23703 prio=94
          <idle>-0     [005] dn.3 25720.614821: rtg_try_acquire_lock: rtg_acquire: comm=tau_rt_4 rtgid=1002 tgid=23699 pid=23701 prio=94
        tau_rt_1-23702 [000] ...1 25720.614848: tracing_mark_write: gid=1002: job_start
        tau_rt_3-23700 [004] dn.3 25720.626836: rtg_try_acquire_lock: rtg_preemptor: comm=deepPicar rtgid=1001 tgid=23656 pid=23656 prio=93
        tau_rt_3-23700 [004] dn.3 25720.626838: rtg_try_acquire_lock: rtg_preemptee: comm=tau_rt_4 rtgid=1002 tgid=23699 pid=23701 prio=94
       deepPicar-23652 [000] ...1 25720.626867: tracing_mark_write: gid=1001: job_start
       deepPicar-23655 [003] d..3 25720.628159: rtg_try_release_lock: rtg_release: comm=deepPicar rtgid=1001 tgid=23655 pid=23655 prio=93
       deepPicar-23656 [004] d..3 25720.628163: rtg_try_acquire_lock: rtg_acquire: comm=deepPicar rtgid=1001 tgid=23656 pid=23692 prio=93
       deepPicar-23656 [004] d..3 25720.642783: rtg_try_acquire_lock: rtg_block: comm=tau_rt_3 rtgid=1002 tgid=23698 pid=23700 prio=94
       deepPicar-23659 [000] d..3 25720.642792: rtg_try_release_lock: rtg_release: comm=deepPicar rtgid=1001 tgid=23652 pid=23659 prio=93
       deepPicar-23657 [005] d..3 25720.642795: rtg_try_acquire_lock: rtg_acquire: comm=tau_rt_4 rtgid=1002 tgid=23699 pid=23701 prio=94
       deepPicar-23659 [000] d..3 25720.642798: rtg_try_acquire_lock: rtg_preemptor: comm=deepPicar rtgid=1001 tgid=23652 pid=23652 prio=93
       deepPicar-23659 [000] d..3 25720.642799: rtg_try_acquire_lock: rtg_preemptee: comm=tau_rt_4 rtgid=1002 tgid=23699 pid=23701 prio=94
        tau_rt_2-23703 [003] dn.3 25720.642803: rtg_try_acquire_lock: rtg_block: comm=tau_rt_2 rtgid=1002 tgid=23697 pid=23703 prio=94
 dhd_watchdog_th-603   [004] d..3 25720.642805: rtg_try_acquire_lock: rtg_block: comm=tau_rt_3 rtgid=1002 tgid=23698 pid=23700 prio=94
        tau_rt_4-23701 [005] dn.3 25720.642807: rtg_try_acquire_lock: rtg_block: comm=tau_rt_4 rtgid=1002 tgid=23699 pid=23701 prio=94
       deepPicar-23652 [000] d..3 25720.642901: rtg_try_release_lock: rtg_release: comm=deepPicar rtgid=1001 tgid=23652 pid=23652 prio=93
            Xorg-1132  [003] dn.3 25720.642903: rtg_try_acquire_lock: rtg_acquire: comm=tau_rt_2 rtgid=1002 tgid=23697 pid=23703 prio=94
        tau_rt_2-23703 [003] d..3 25720.653854: rtg_try_release_lock: rtg_release: comm=tau_rt_2 rtgid=1002 tgid=23697 pid=23703 prio=94
          <idle>-0     [003] dn.3 25720.664822: rtg_try_acquire_lock: rtg_acquire: comm=tau_rt_2 rtgid=1002 tgid=23697 pid=23703 prio=94
        tau_rt_1-23702 [000] ...1 25720.664849: tracing_mark_write: gid=1002: job_start
        tau_rt_2-23703 [003] dn.3 25720.676836: rtg_try_acquire_lock: rtg_preemptor: comm=deepPicar rtgid=1001 tgid=23655 pid=23655 prio=93
        tau_rt_2-23703 [003] dn.3 25720.676838: rtg_try_acquire_lock: rtg_preemptee: comm=tau_rt_2 rtgid=1002 tgid=23697 pid=23703 prio=94
       deepPicar-23652 [000] ...1 25720.676867: tracing_mark_write: gid=1001: job_start
       deepPicar-23656 [004] d..3 25720.678220: rtg_try_release_lock: rtg_release: comm=deepPicar rtgid=1001 tgid=23656 pid=23656 prio=93
       deepPicar-23657 [005] d..3 25720.678224: rtg_try_acquire_lock: rtg_acquire: comm=deepPicar rtgid=1001 tgid=23657 pid=23677 prio=93
       deepPicar-23656 [004] d..3 25720.692892: rtg_try_acquire_lock: rtg_block: comm=tau_rt_3 rtgid=1002 tgid=23698 pid=23700 prio=94
       deepPicar-23657 [005] d..3 25720.692896: rtg_try_acquire_lock: rtg_block: comm=tau_rt_4 rtgid=1002 tgid=23699 pid=23701 prio=94
       deepPicar-23655 [003] d..3 25720.692899: rtg_try_acquire_lock: rtg_block: comm=tau_rt_2 rtgid=1002 tgid=23697 pid=23703 prio=94
       deepPicar-23652 [000] d..3 25720.693000: rtg_try_release_lock: rtg_release: comm=deepPicar rtgid=1001 tgid=23652 pid=23652 prio=93
          <idle>-0     [004] dn.3 25720.693003: rtg_try_acquire_lock: rtg_acquire: comm=tau_rt_3 rtgid=1002 tgid=23698 pid=23700 prio=94
        tau_rt_1-23702 [000] d..3 25720.704069: rtg_try_release_lock: rtg_release: comm=tau_rt_1 rtgid=1002 tgid=23694 pid=23702 prio=94
          <idle>-0     [004] dn.3 25720.714822: rtg_try_acquire_lock: rtg_acquire: comm=tau_rt_3 rtgid=1002 tgid=23698 pid=23700 prio=94
        tau_rt_1-23702 [000] ...1 25720.714849: tracing_mark_write: gid=1002: job_start
        tau_rt_2-23703 [003] dn.3 25720.726837: rtg_try_acquire_lock: rtg_preemptor: comm=deepPicar rtgid=1001 tgid=23655 pid=23655 prio=93
        tau_rt_2-23703 [003] dn.3 25720.726840: rtg_try_acquire_lock: rtg_preemptee: comm=tau_rt_3 rtgid=1002 tgid=23698 pid=23700 prio=94
       deepPicar-23652 [000] ...1 25720.726869: tracing_mark_write: gid=1001: job_start
       deepPicar-23656 [004] d..3 25720.728178: rtg_try_release_lock: rtg_release: comm=deepPicar rtgid=1001 tgid=23656 pid=23656 prio=93
       deepPicar-23655 [003] d..3 25720.728181: rtg_try_acquire_lock: rtg_acquire: comm=deepPicar rtgid=1001 tgid=23655 pid=23679 prio=93
       deepPicar-23655 [003] d..3 25720.742564: rtg_try_acquire_lock: rtg_block: comm=tau_rt_2 rtgid=1002 tgid=23697 pid=23703 prio=94
       deepPicar-23656 [004] d..3 25720.742634: rtg_try_acquire_lock: rtg_block: comm=tau_rt_3 rtgid=1002 tgid=23698 pid=23700 prio=94
       deepPicar-23657 [005] d..3 25720.742637: rtg_try_acquire_lock: rtg_block: comm=tau_rt_4 rtgid=1002 tgid=23699 pid=23701 prio=94
       deepPicar-23659 [000] d..3 25720.742735: rtg_try_release_lock: rtg_release: comm=deepPicar rtgid=1001 tgid=23652 pid=23659 prio=93
          <idle>-0     [005] dn.3 25720.742738: rtg_try_acquire_lock: rtg_acquire: comm=tau_rt_4 rtgid=1002 tgid=23699 pid=23701 prio=94
       deepPicar-23659 [000] d..3 25720.742741: rtg_try_acquire_lock: rtg_preemptor: comm=deepPicar rtgid=1001 tgid=23652 pid=23652 prio=93
       deepPicar-23659 [000] d..3 25720.742741: rtg_try_acquire_lock: rtg_preemptee: comm=tau_rt_4 rtgid=1002 tgid=23699 pid=23701 prio=94
        tau_rt_2-23703 [003] dn.3 25720.742745: rtg_try_acquire_lock: rtg_block: comm=tau_rt_2 rtgid=1002 tgid=23697 pid=23703 prio=94
        tau_rt_4-23701 [005] dn.3 25720.742747: rtg_try_acquire_lock: rtg_block: comm=tau_rt_4 rtgid=1002 tgid=23699 pid=23701 prio=94
        tau_rt_3-23700 [004] dn.3 25720.742748: rtg_try_acquire_lock: rtg_block: comm=tau_rt_3 rtgid=1002 tgid=23698 pid=23700 prio=94
       deepPicar-23652 [000] d..3 25720.742841: rtg_try_release_lock: rtg_release: comm=deepPicar rtgid=1001 tgid=23652 pid=23652 prio=93
            Xorg-1132  [003] dn.3 25720.742843: rtg_try_acquire_lock: rtg_acquire: comm=tau_rt_2 rtgid=1002 tgid=23697 pid=23703 prio=94
        tau_rt_2-23703 [003] d..3 25720.753909: rtg_try_release_lock: rtg_release: comm=tau_rt_2 rtgid=1002 tgid=23697 pid=23703 prio=94
          <idle>-0     [000] dn.3 25720.764830: rtg_try_acquire_lock: rtg_acquire: comm=tau_rt_1 rtgid=1002 tgid=23694 pid=23702 prio=94
        tau_rt_1-23702 [000] ...1 25720.764858: tracing_mark_write: gid=1002: job_start
        tau_rt_4-23701 [005] dn.3 25720.776840: rtg_try_acquire_lock: rtg_preemptor: comm=deepPicar rtgid=1001 tgid=23657 pid=23657 prio=93
        tau_rt_4-23701 [005] dn.3 25720.776843: rtg_try_acquire_lock: rtg_preemptee: comm=tau_rt_1 rtgid=1002 tgid=23694 pid=23702 prio=94
       deepPicar-23652 [000] ...1 25720.776870: tracing_mark_write: gid=1001: job_start
       deepPicar-23655 [003] d..3 25720.793004: rtg_try_acquire_lock: rtg_block: comm=tau_rt_2 rtgid=1002 tgid=23697 pid=23703 prio=94
       deepPicar-23656 [004] d..3 25720.793008: rtg_try_acquire_lock: rtg_block: comm=tau_rt_3 rtgid=1002 tgid=23698 pid=23700 prio=94
       deepPicar-23657 [005] d..3 25720.793011: rtg_try_acquire_lock: rtg_block: comm=tau_rt_4 rtgid=1002 tgid=23699 pid=23701 prio=94
       deepPicar-23652 [000] d..3 25720.793078: rtg_try_release_lock: rtg_release: comm=deepPicar rtgid=1001 tgid=23652 pid=23652 prio=93
            Xorg-1132  [003] dn.3 25720.793081: rtg_try_acquire_lock: rtg_acquire: comm=tau_rt_2 rtgid=1002 tgid=23697 pid=23703 prio=94
        tau_rt_2-23703 [003] d..3 25720.804119: rtg_try_release_lock: rtg_release: comm=tau_rt_2 rtgid=1002 tgid=23697 pid=23703 prio=94
          <idle>-0     [004] dn.3 25720.814826: rtg_try_acquire_lock: rtg_acquire: comm=tau_rt_3 rtgid=1002 tgid=23698 pid=23700 prio=94
        tau_rt_1-23702 [000] ...1 25720.814855: tracing_mark_write: gid=1002: job_start
        tau_rt_4-23701 [005] dn.3 25720.826841: rtg_try_acquire_lock: rtg_preemptor: comm=deepPicar rtgid=1001 tgid=23657 pid=23657 prio=93
        tau_rt_4-23701 [005] dn.3 25720.826843: rtg_try_acquire_lock: rtg_preemptee: comm=tau_rt_3 rtgid=1002 tgid=23698 pid=23700 prio=94
       deepPicar-23652 [000] ...1 25720.826875: tracing_mark_write: gid=1001: job_start
       deepPicar-23656 [004] d..3 25720.828171: rtg_try_release_lock: rtg_release: comm=deepPicar rtgid=1001 tgid=23656 pid=23656 prio=93
       deepPicar-23657 [005] d..3 25720.828175: rtg_try_acquire_lock: rtg_acquire: comm=deepPicar rtgid=1001 tgid=23657 pid=23685 prio=93
       deepPicar-23670 [000] d..3 25720.828960: rtg_try_release_lock: rtg_release: comm=deepPicar rtgid=1001 tgid=23652 pid=23670 prio=93
       deepPicar-23685 [005] d..3 25720.828964: rtg_try_acquire_lock: rtg_acquire: comm=deepPicar rtgid=1001 tgid=23657 pid=23665 prio=93
       deepPicar-23656 [004] d..3 25720.842763: rtg_try_acquire_lock: rtg_block: comm=tau_rt_3 rtgid=1002 tgid=23698 pid=23700 prio=94
       deepPicar-23657 [005] d..3 25720.842766: rtg_try_acquire_lock: rtg_block: comm=tau_rt_4 rtgid=1002 tgid=23699 pid=23701 prio=94
       deepPicar-23655 [003] d..3 25720.842769: rtg_try_acquire_lock: rtg_block: comm=tau_rt_2 rtgid=1002 tgid=23697 pid=23703 prio=94
       deepPicar-23659 [000] d..3 25720.842782: rtg_try_release_lock: rtg_release: comm=deepPicar rtgid=1001 tgid=23652 pid=23659 prio=93
     kworker/3:0-4088  [003] dn.3 25720.842784: rtg_try_acquire_lock: rtg_acquire: comm=tau_rt_2 rtgid=1002 tgid=23697 pid=23703 prio=94
       deepPicar-23659 [000] d..3 25720.842787: rtg_try_acquire_lock: rtg_preemptor: comm=deepPicar rtgid=1001 tgid=23652 pid=23652 prio=93
       deepPicar-23659 [000] d..3 25720.842788: rtg_try_acquire_lock: rtg_preemptee: comm=tau_rt_2 rtgid=1002 tgid=23697 pid=23703 prio=94
       deepPicar-23652 [000] d..3 25720.842922: rtg_try_release_lock: rtg_release: comm=deepPicar rtgid=1001 tgid=23652 pid=23652 prio=93
       deepPicar-23652 [000] d..3 25720.842926: rtg_try_acquire_lock: rtg_acquire: comm=tau_rt_1 rtgid=1002 tgid=23694 pid=23702 prio=94
        tau_rt_1-23702 [000] d..3 25720.854143: rtg_try_release_lock: rtg_release: comm=tau_rt_1 rtgid=1002 tgid=23694 pid=23702 prio=94
          <idle>-0     [005] dn.3 25720.864824: rtg_try_acquire_lock: rtg_acquire: comm=tau_rt_4 rtgid=1002 tgid=23699 pid=23701 prio=94
        tau_rt_1-23702 [000] ...1 25720.864854: tracing_mark_write: gid=1002: job_start
        tau_rt_2-23703 [003] dn.3 25720.876843: rtg_try_acquire_lock: rtg_preemptor: comm=deepPicar rtgid=1001 tgid=23655 pid=23655 prio=93
        tau_rt_2-23703 [003] dn.3 25720.876846: rtg_try_acquire_lock: rtg_preemptee: comm=tau_rt_4 rtgid=1002 tgid=23699 pid=23701 prio=94
       deepPicar-23652 [000] ...1 25720.876873: tracing_mark_write: gid=1001: job_start
       deepPicar-23657 [005] d..3 25720.878225: rtg_try_release_lock: rtg_release: comm=deepPicar rtgid=1001 tgid=23657 pid=23657 prio=93
       deepPicar-23656 [004] d..3 25720.878229: rtg_try_acquire_lock: rtg_acquire: comm=deepPicar rtgid=1001 tgid=23656 pid=23690 prio=93
       deepPicar-23690 [004] d..3 25720.879089: rtg_try_release_lock: rtg_release: comm=deepPicar rtgid=1001 tgid=23656 pid=23690 prio=93
       deepPicar-23689 [003] d..3 25720.879092: rtg_try_acquire_lock: rtg_acquire: comm=deepPicar rtgid=1001 tgid=23655 pid=23663 prio=93
       deepPicar-23655 [003] d..3 25720.892861: rtg_try_acquire_lock: rtg_block: comm=tau_rt_2 rtgid=1002 tgid=23697 pid=23703 prio=94
       deepPicar-23657 [005] d..3 25720.892865: rtg_try_acquire_lock: rtg_block: comm=tau_rt_4 rtgid=1002 tgid=23699 pid=23701 prio=94
       deepPicar-23656 [004] d..3 25720.892868: rtg_try_acquire_lock: rtg_block: comm=tau_rt_3 rtgid=1002 tgid=23698 pid=23700 prio=94
       deepPicar-23652 [000] d..3 25720.892909: rtg_try_release_lock: rtg_release: comm=deepPicar rtgid=1001 tgid=23652 pid=23652 prio=93
            Xorg-1132  [004] dn.3 25720.892911: rtg_try_acquire_lock: rtg_acquire: comm=tau_rt_3 rtgid=1002 tgid=23698 pid=23700 prio=94
        tau_rt_4-23701 [005] d..3 25720.909275: rtg_try_release_lock: rtg_release: comm=tau_rt_4 rtgid=1002 tgid=23699 pid=23701 prio=94
          <idle>-0     [004] dn.3 25720.914827: rtg_try_acquire_lock: rtg_acquire: comm=tau_rt_3 rtgid=1002 tgid=23698 pid=23700 prio=94
        tau_rt_1-23702 [000] ...1 25720.914860: tracing_mark_write: gid=1002: job_start
        tau_rt_4-23701 [005] dn.3 25720.926844: rtg_try_acquire_lock: rtg_preemptor: comm=deepPicar rtgid=1001 tgid=23657 pid=23657 prio=93
        tau_rt_4-23701 [005] dn.3 25720.926846: rtg_try_acquire_lock: rtg_preemptee: comm=tau_rt_3 rtgid=1002 tgid=23698 pid=23700 prio=94
       deepPicar-23652 [000] ...1 25720.926873: tracing_mark_write: gid=1001: job_start
       deepPicar-23656 [004] d..3 25720.928180: rtg_try_release_lock: rtg_release: comm=deepPicar rtgid=1001 tgid=23656 pid=23656 prio=93
       deepPicar-23652 [000] d..3 25720.928184: rtg_try_acquire_lock: rtg_acquire: comm=deepPicar rtgid=1001 tgid=23652 pid=23672 prio=93
       deepPicar-23657 [005] d..3 25720.942686: rtg_try_acquire_lock: rtg_block: comm=tau_rt_4 rtgid=1002 tgid=23699 pid=23701 prio=94
       deepPicar-23655 [003] d..3 25720.942690: rtg_try_acquire_lock: rtg_block: comm=tau_rt_2 rtgid=1002 tgid=23697 pid=23703 prio=94
       deepPicar-23656 [004] d..3 25720.942726: rtg_try_acquire_lock: rtg_block: comm=tau_rt_3 rtgid=1002 tgid=23698 pid=23700 prio=94
       deepPicar-23659 [000] d..3 25720.942894: rtg_try_release_lock: rtg_release: comm=deepPicar rtgid=1001 tgid=23652 pid=23659 prio=93
          <idle>-0     [003] dn.3 25720.942896: rtg_try_acquire_lock: rtg_acquire: comm=tau_rt_2 rtgid=1002 tgid=23697 pid=23703 prio=94
       deepPicar-23659 [000] d..3 25720.942899: rtg_try_acquire_lock: rtg_preemptor: comm=deepPicar rtgid=1001 tgid=23652 pid=23652 prio=93
       deepPicar-23659 [000] d..3 25720.942900: rtg_try_acquire_lock: rtg_preemptee: comm=tau_rt_2 rtgid=1002 tgid=23697 pid=23703 prio=94
          <idle>-0     [004] dn.3 25720.942902: rtg_try_acquire_lock: rtg_block: comm=tau_rt_3 rtgid=1002 tgid=23698 pid=23700 prio=94
          <idle>-0     [005] dn.3 25720.942903: rtg_try_acquire_lock: rtg_block: comm=tau_rt_4 rtgid=1002 tgid=23699 pid=23701 prio=94
        tau_rt_2-23703 [003] dn.3 25720.942905: rtg_try_acquire_lock: rtg_block: comm=tau_rt_2 rtgid=1002 tgid=23697 pid=23703 prio=94
       deepPicar-23652 [000] d..3 25720.943018: rtg_try_release_lock: rtg_release: comm=deepPicar rtgid=1001 tgid=23652 pid=23652 prio=93
 dhd_watchdog_th-603   [005] dn.3 25720.943021: rtg_try_acquire_lock: rtg_acquire: comm=tau_rt_4 rtgid=1002 tgid=23699 pid=23701 prio=94
        tau_rt_1-23702 [000] d..3 25720.954150: rtg_try_release_lock: rtg_release: comm=tau_rt_1 rtgid=1002 tgid=23694 pid=23702 prio=94
          <idle>-0     [005] dn.3 25720.964829: rtg_try_acquire_lock: rtg_acquire: comm=tau_rt_4 rtgid=1002 tgid=23699 pid=23701 prio=94
        tau_rt_1-23702 [000] ...1 25720.964856: tracing_mark_write: gid=1002: job_start
        tau_rt_3-23700 [004] dn.3 25720.976847: rtg_try_acquire_lock: rtg_preemptor: comm=deepPicar rtgid=1001 tgid=23656 pid=23656 prio=93
        tau_rt_3-23700 [004] dn.3 25720.976850: rtg_try_acquire_lock: rtg_preemptee: comm=tau_rt_4 rtgid=1002 tgid=23699 pid=23701 prio=94
       deepPicar-23652 [000] ...1 25720.976876: tracing_mark_write: gid=1001: job_start
       deepPicar-23656 [004] d..3 25720.978196: rtg_try_release_lock: rtg_release: comm=deepPicar rtgid=1001 tgid=23656 pid=23656 prio=93
       deepPicar-23657 [005] d..3 25720.978200: rtg_try_acquire_lock: rtg_acquire: comm=deepPicar rtgid=1001 tgid=23657 pid=23677 prio=93
       deepPicar-23655 [003] d..3 25720.992878: rtg_try_acquire_lock: rtg_block: comm=tau_rt_2 rtgid=1002 tgid=23697 pid=23703 prio=94
       deepPicar-23656 [004] d..3 25720.992882: rtg_try_acquire_lock: rtg_block: comm=tau_rt_3 rtgid=1002 tgid=23698 pid=23700 prio=94
       deepPicar-23657 [005] d..3 25720.992884: rtg_try_acquire_lock: rtg_block: comm=tau_rt_4 rtgid=1002 tgid=23699 pid=23701 prio=94
       deepPicar-23659 [000] d..3 25720.992910: rtg_try_release_lock: rtg_release: comm=deepPicar rtgid=1001 tgid=23652 pid=23659 prio=93
            Xorg-1132  [003] dn.3 25720.992912: rtg_try_acquire_lock: rtg_acquire: comm=tau_rt_2 rtgid=1002 tgid=23697 pid=23703 prio=94
       deepPicar-23659 [000] d..3 25720.992915: rtg_try_acquire_lock: rtg_preemptor: comm=deepPicar rtgid=1001 tgid=23652 pid=23652 prio=93
       deepPicar-23659 [000] d..3 25720.992916: rtg_try_acquire_lock: rtg_preemptee: comm=tau_rt_2 rtgid=1002 tgid=23697 pid=23703 prio=94
        tau_rt_3-23700 [004] dn.3 25720.992920: rtg_try_acquire_lock: rtg_block: comm=tau_rt_3 rtgid=1002 tgid=23698 pid=23700 prio=94
       deepPicar-23652 [000] d..3 25720.993056: rtg_try_release_lock: rtg_release: comm=deepPicar rtgid=1001 tgid=23652 pid=23652 prio=93
          <idle>-0     [004] dn.3 25720.993059: rtg_try_acquire_lock: rtg_acquire: comm=tau_rt_3 rtgid=1002 tgid=23698 pid=23700 prio=94
        tau_rt_1-23702 [000] d..3 25721.004060: rtg_try_release_lock: rtg_release: comm=tau_rt_1 rtgid=1002 tgid=23694 pid=23702 prio=94
          <idle>-0     [005] dn.3 25721.014833: rtg_try_acquire_lock: rtg_acquire: comm=tau_rt_4 rtgid=1002 tgid=23699 pid=23701 prio=94
        tau_rt_1-23702 [000] ...1 25721.014860: tracing_mark_write: gid=1002: job_start
        tau_rt_3-23700 [004] dn.3 25721.026848: rtg_try_acquire_lock: rtg_preemptor: comm=deepPicar rtgid=1001 tgid=23656 pid=23656 prio=93
        tau_rt_3-23700 [004] dn.3 25721.026851: rtg_try_acquire_lock: rtg_preemptee: comm=tau_rt_4 rtgid=1002 tgid=23699 pid=23701 prio=94
       deepPicar-23652 [000] ...1 25721.026877: tracing_mark_write: gid=1001: job_start
       deepPicar-23656 [004] d..3 25721.028189: rtg_try_release_lock: rtg_release: comm=deepPicar rtgid=1001 tgid=23656 pid=23656 prio=93
       deepPicar-23652 [000] d..3 25721.028194: rtg_try_acquire_lock: rtg_acquire: comm=deepPicar rtgid=1001 tgid=23652 pid=23668 prio=93
       deepPicar-23655 [003] d..3 25721.042924: rtg_try_acquire_lock: rtg_block: comm=tau_rt_2 rtgid=1002 tgid=23697 pid=23703 prio=94
       deepPicar-23656 [004] d..3 25721.042928: rtg_try_acquire_lock: rtg_block: comm=tau_rt_3 rtgid=1002 tgid=23698 pid=23700 prio=94
       deepPicar-23657 [005] d..3 25721.042931: rtg_try_acquire_lock: rtg_block: comm=tau_rt_4 rtgid=1002 tgid=23699 pid=23701 prio=94
       deepPicar-23659 [000] d..3 25721.043050: rtg_try_release_lock: rtg_release: comm=deepPicar rtgid=1001 tgid=23652 pid=23659 prio=93
            Xorg-1132  [004] dn.3 25721.043053: rtg_try_acquire_lock: rtg_acquire: comm=tau_rt_3 rtgid=1002 tgid=23698 pid=23700 prio=94
       deepPicar-23659 [000] d..3 25721.043056: rtg_try_acquire_lock: rtg_preemptor: comm=deepPicar rtgid=1001 tgid=23652 pid=23652 prio=93
       deepPicar-23659 [000] d..3 25721.043057: rtg_try_acquire_lock: rtg_preemptee: comm=tau_rt_3 rtgid=1002 tgid=23698 pid=23700 prio=94
        tau_rt_2-23703 [003] dn.3 25721.043060: rtg_try_acquire_lock: rtg_block: comm=tau_rt_2 rtgid=1002 tgid=23697 pid=23703 prio=94
        tau_rt_4-23701 [005] dn.3 25721.043062: rtg_try_acquire_lock: rtg_block: comm=tau_rt_4 rtgid=1002 tgid=23699 pid=23701 prio=94
       deepPicar-23652 [000] d..3 25721.043173: rtg_try_release_lock: rtg_release: comm=deepPicar rtgid=1001 tgid=23652 pid=23652 prio=93
          <idle>-0     [005] dn.3 25721.043176: rtg_try_acquire_lock: rtg_acquire: comm=tau_rt_4 rtgid=1002 tgid=23699 pid=23701 prio=94
        tau_rt_1-23702 [000] d..3 25721.054253: rtg_try_release_lock: rtg_release: comm=tau_rt_1 rtgid=1002 tgid=23694 pid=23702 prio=94
          <idle>-0     [004] dn.3 25721.064836: rtg_try_acquire_lock: rtg_acquire: comm=tau_rt_3 rtgid=1002 tgid=23698 pid=23700 prio=94
        tau_rt_1-23702 [000] ...1 25721.064859: tracing_mark_write: gid=1002: job_start
        tau_rt_4-23701 [005] dn.3 25721.076851: rtg_try_acquire_lock: rtg_preemptor: comm=deepPicar rtgid=1001 tgid=23657 pid=23657 prio=93
        tau_rt_4-23701 [005] dn.3 25721.076854: rtg_try_acquire_lock: rtg_preemptee: comm=tau_rt_3 rtgid=1002 tgid=23698 pid=23700 prio=94
       deepPicar-23652 [000] ...1 25721.076885: tracing_mark_write: gid=1001: job_start
       deepPicar-23655 [003] d..3 25721.078251: rtg_try_release_lock: rtg_release: comm=deepPicar rtgid=1001 tgid=23655 pid=23655 prio=93
       deepPicar-23657 [005] d..3 25721.078255: rtg_try_acquire_lock: rtg_acquire: comm=deepPicar rtgid=1001 tgid=23657 pid=23683 prio=93
       deepPicar-23656 [004] d..3 25721.092857: rtg_try_acquire_lock: rtg_block: comm=tau_rt_3 rtgid=1002 tgid=23698 pid=23700 prio=94
       deepPicar-23655 [003] d..3 25721.092861: rtg_try_acquire_lock: rtg_block: comm=tau_rt_2 rtgid=1002 tgid=23697 pid=23703 prio=94
       deepPicar-23657 [005] d..3 25721.092864: rtg_try_acquire_lock: rtg_block: comm=tau_rt_4 rtgid=1002 tgid=23699 pid=23701 prio=94
       deepPicar-23659 [000] d..3 25721.093041: rtg_try_release_lock: rtg_release: comm=deepPicar rtgid=1001 tgid=23652 pid=23659 prio=93
            Xorg-1132  [004] dn.3 25721.093044: rtg_try_acquire_lock: rtg_acquire: comm=tau_rt_3 rtgid=1002 tgid=23698 pid=23700 prio=94
       deepPicar-23659 [000] d..3 25721.093047: rtg_try_acquire_lock: rtg_preemptor: comm=deepPicar rtgid=1001 tgid=23652 pid=23652 prio=93
       deepPicar-23659 [000] d..3 25721.093048: rtg_try_acquire_lock: rtg_preemptee: comm=tau_rt_3 rtgid=1002 tgid=23698 pid=23700 prio=94
        tau_rt_2-23703 [003] dn.3 25721.093051: rtg_try_acquire_lock: rtg_block: comm=tau_rt_2 rtgid=1002 tgid=23697 pid=23703 prio=94
        tau_rt_4-23701 [005] dn.3 25721.093054: rtg_try_acquire_lock: rtg_block: comm=tau_rt_4 rtgid=1002 tgid=23699 pid=23701 prio=94
        tau_rt_3-23700 [004] dn.3 25721.093056: rtg_try_acquire_lock: rtg_block: comm=tau_rt_3 rtgid=1002 tgid=23698 pid=23700 prio=94
       deepPicar-23652 [000] d..3 25721.093172: rtg_try_release_lock: rtg_release: comm=deepPicar rtgid=1001 tgid=23652 pid=23652 prio=93
          <idle>-0     [004] dn.3 25721.093174: rtg_try_acquire_lock: rtg_acquire: comm=tau_rt_3 rtgid=1002 tgid=23698 pid=23700 prio=94
        tau_rt_2-23703 [003] d..3 25721.104200: rtg_try_release_lock: rtg_release: comm=tau_rt_2 rtgid=1002 tgid=23697 pid=23703 prio=94
          <idle>-0     [000] dn.3 25721.114835: rtg_try_acquire_lock: rtg_acquire: comm=tau_rt_1 rtgid=1002 tgid=23694 pid=23702 prio=94
        tau_rt_1-23702 [000] ...1 25721.114863: tracing_mark_write: gid=1002: job_start
        tau_rt_4-23701 [005] dn.3 25721.126853: rtg_try_acquire_lock: rtg_preemptor: comm=deepPicar rtgid=1001 tgid=23657 pid=23657 prio=93
        tau_rt_4-23701 [005] dn.3 25721.126855: rtg_try_acquire_lock: rtg_preemptee: comm=tau_rt_1 rtgid=1002 tgid=23694 pid=23702 prio=94
       deepPicar-23652 [000] ...1 25721.126887: tracing_mark_write: gid=1001: job_start
       deepPicar-23657 [005] d..3 25721.128184: rtg_try_release_lock: rtg_release: comm=deepPicar rtgid=1001 tgid=23657 pid=23657 prio=93
       deepPicar-23652 [000] d..3 25721.128188: rtg_try_acquire_lock: rtg_acquire: comm=deepPicar rtgid=1001 tgid=23652 pid=23670 prio=93
       deepPicar-23687 [004] d..3 25721.129026: rtg_try_release_lock: rtg_release: comm=deepPicar rtgid=1001 tgid=23656 pid=23687 prio=93
       deepPicar-23686 [003] d..3 25721.129030: rtg_try_acquire_lock: rtg_acquire: comm=deepPicar rtgid=1001 tgid=23655 pid=23663 prio=93
       deepPicar-23675 [003] d..3 25721.149981: rtg_try_acquire_lock: rtg_block: comm=tau_rt_2 rtgid=1002 tgid=23697 pid=23703 prio=94
       deepPicar-23674 [004] d..3 25721.150018: rtg_try_acquire_lock: rtg_block: comm=tau_rt_3 rtgid=1002 tgid=23698 pid=23700 prio=94
       deepPicar-23673 [005] d..3 25721.150061: rtg_try_acquire_lock: rtg_block: comm=tau_rt_4 rtgid=1002 tgid=23699 pid=23701 prio=94
       deepPicar-23666 [000] d..3 25721.150125: rtg_try_release_lock: rtg_release: comm=deepPicar rtgid=1001 tgid=23652 pid=23666 prio=93
       deepPicar-23666 [000] d..3 25721.150128: rtg_try_acquire_lock: rtg_acquire: comm=tau_rt_1 rtgid=1002 tgid=23694 pid=23702 prio=94
        tau_rt_1-23702 [000] dn.3 25721.150135: rtg_try_release_lock: rtg_release: comm=tau_rt_1 rtgid=1002 tgid=23694 pid=23702 prio=94
       deepPicar-23675 [003] d..3 25721.150139: rtg_try_acquire_lock: rtg_acquire: comm=tau_rt_2 rtgid=1002 tgid=23697 pid=23703 prio=94
        tau_rt_3-23700 [004] dn.3 25721.150154: rtg_try_release_lock: rtg_release: comm=tau_rt_3 rtgid=1002 tgid=23698 pid=23700 prio=94
       deepPicar-23675 [003] d..3 25721.150155: rtg_try_acquire_lock: rtg_acquire: comm=tau_rt_2 rtgid=1002 tgid=23697 pid=23703 prio=94
        tau_rt_2-23703 [003] dn.3 25721.150160: rtg_try_release_lock: rtg_release: comm=tau_rt_2 rtgid=1002 tgid=23697 pid=23703 prio=94
       deepPicar-23673 [005] d..3 25721.150167: rtg_try_acquire_lock: rtg_acquire: comm=tau_rt_4 rtgid=1002 tgid=23699 pid=23701 prio=94
        tau_rt_4-23701 [005] dn.3 25721.150174: rtg_try_release_lock: rtg_release: comm=tau_rt_4 rtgid=1002 tgid=23699 pid=23701 prio=94
       deepPicar-23673 [005] d..3 25721.150186: rtg_try_acquire_lock: rtg_acquire: comm=tau_rt_4 rtgid=1002 tgid=23699 pid=23701 prio=94
        tau_rt_1-23702 [000] dn.3 25721.150194: rtg_try_release_lock: rtg_release: comm=tau_rt_1 rtgid=1002 tgid=23694 pid=23702 prio=94
       deepPicar-23675 [003] d..3 25721.150201: rtg_try_acquire_lock: rtg_acquire: comm=tau_rt_2 rtgid=1002 tgid=23697 pid=23703 prio=94
        tau_rt_2-23703 [003] dn.3 25721.150206: rtg_try_release_lock: rtg_release: comm=tau_rt_2 rtgid=1002 tgid=23697 pid=23703 prio=94
       deepPicar-23673 [005] d..3 25721.150209: rtg_try_acquire_lock: rtg_acquire: comm=tau_rt_4 rtgid=1002 tgid=23699 pid=23701 prio=94
        tau_rt_4-23701 [005] dn.3 25721.150214: rtg_try_release_lock: rtg_release: comm=tau_rt_4 rtgid=1002 tgid=23699 pid=23701 prio=94
       deepPicar-23675 [003] d..3 25721.150218: rtg_try_acquire_lock: rtg_acquire: comm=tau_rt_2 rtgid=1002 tgid=23697 pid=23703 prio=94
        tau_rt_1-23702 [000] dn.3 25721.150227: rtg_try_release_lock: rtg_release: comm=tau_rt_1 rtgid=1002 tgid=23694 pid=23702 prio=94
       deepPicar-23675 [003] d..3 25721.150228: rtg_try_acquire_lock: rtg_acquire: comm=tau_rt_2 rtgid=1002 tgid=23697 pid=23703 prio=94
        tau_rt_2-23703 [003] dn.3 25721.150232: rtg_try_release_lock: rtg_release: comm=tau_rt_2 rtgid=1002 tgid=23697 pid=23703 prio=94
       deepPicar-23666 [000] d..3 25721.150235: rtg_try_acquire_lock: rtg_acquire: comm=tau_rt_1 rtgid=1002 tgid=23694 pid=23702 prio=94
        tau_rt_1-23702 [000] dn.3 25721.150243: rtg_try_release_lock: rtg_release: comm=tau_rt_1 rtgid=1002 tgid=23694 pid=23702 prio=94
       deepPicar-23675 [003] d..3 25721.150249: rtg_try_acquire_lock: rtg_acquire: comm=tau_rt_2 rtgid=1002 tgid=23697 pid=23703 prio=94
