        tau_rt_2-4396  [003] dn.3  2646.998896: rtg_try_acquire_lock: rtg_block: comm=tau_rt_2 sched=FIFO pid=4396 tgid=4375 rtgid=1002 prio=94
        tau_rt_3-4406  [004] dn.3  2646.998899: rtg_try_acquire_lock: rtg_block: comm=tau_rt_3 sched=FIFO pid=4406 tgid=4376 rtgid=1002 prio=94
       deepPicar-4366  [000] d..3  2647.000081: rtg_try_release_lock: rtg_release: gid=1001 comm=deepPicar
          <idle>-0     [003] dn.3  2647.000084: rtg_try_acquire_lock: rtg_acquire: gid=1002 comm=tau_rt_2
          <idle>-0     [005] dn.3  2647.000087: rtg_try_acquire_lock: rtg_block: comm=deepPicar sched=FIFO pid=4377 tgid=4377 rtgid=0 prio=94
       deepPicar-4366  [000] d..3  2647.000090: rtg_try_acquire_lock: rtg_preempt: prev=tau_rt_2 sched=FIFO prio=94 pid=4396 tgid=4375 rtgid=1002 | next=deepPicar sched=FIFO prio=93 pid=4386 tgid=4366 rtgid=1001
        tau_rt_2-4396  [003] dn.3  2647.000094: rtg_try_acquire_lock: rtg_block: comm=tau_rt_2 sched=FIFO pid=4396 tgid=4375 rtgid=1002 prio=94
        tau_rt_3-4406  [004] dn.3  2647.000095: rtg_try_acquire_lock: rtg_block: comm=tau_rt_3 sched=FIFO pid=4406 tgid=4376 rtgid=1002 prio=94
       deepPicar-4386  [000] d..3  2647.000854: rtg_try_release_lock: rtg_release: gid=1001 comm=deepPicar
          <idle>-0     [004] dn.3  2647.000856: rtg_try_acquire_lock: rtg_acquire: gid=1002 comm=tau_rt_3
          <idle>-0     [005] dn.3  2647.000859: rtg_try_acquire_lock: rtg_block: comm=deepPicar sched=FIFO pid=4377 tgid=4377 rtgid=0 prio=94
       deepPicar-4386  [000] d..3  2647.000861: rtg_try_acquire_lock: rtg_preempt: prev=tau_rt_3 sched=FIFO prio=94 pid=4406 tgid=4376 rtgid=1002 | next=deepPicar sched=FIFO prio=93 pid=4381 tgid=4366 rtgid=1001
        tau_rt_2-4396  [003] dn.3  2647.000864: rtg_try_acquire_lock: rtg_block: comm=tau_rt_2 sched=FIFO pid=4396 tgid=4375 rtgid=1002 prio=94
        tau_rt_3-4406  [004] dn.3  2647.000866: rtg_try_acquire_lock: rtg_block: comm=tau_rt_3 sched=FIFO pid=4406 tgid=4376 rtgid=1002 prio=94
       deepPicar-4366  [000] d..3  2647.016473: rtg_try_acquire_lock: rtg_block: comm=tau_rt_1 sched=FIFO pid=4407 tgid=4374 rtgid=1002 prio=94
        tau_rt_4-4373  [005] d..3  2647.031888: rtg_try_release_lock: rtg_release: gid=1001 comm=tau_rt_4
          <idle>-0     [004] dn.3  2647.031892: rtg_try_acquire_lock: rtg_acquire: gid=1002 comm=tau_rt_3
        tau_rt_4-4373  [005] d..3  2647.031896: rtg_try_acquire_lock: rtg_block: comm=deepPicar sched=FIFO pid=4377 tgid=4377 rtgid=0 prio=94
        tau_rt_1-4407  [000] dn.3  2647.048887: rtg_try_acquire_lock: rtg_preempt: prev=tau_rt_3 sched=FIFO prio=94 pid=4406 tgid=4376 rtgid=1002 | next=deepPicar sched=FIFO prio=93 pid=4366 tgid=4366 rtgid=1001
        tau_rt_2-4396  [003] dn.3  2647.048899: rtg_try_acquire_lock: rtg_block: comm=tau_rt_2 sched=FIFO pid=4396 tgid=4375 rtgid=1002 prio=94
        tau_rt_3-4406  [004] dn.3  2647.048902: rtg_try_acquire_lock: rtg_block: comm=tau_rt_3 sched=FIFO pid=4406 tgid=4376 rtgid=1002 prio=94
       deepPicar-4366  [000] d..3  2647.050043: rtg_try_release_lock: rtg_release: gid=1001 comm=deepPicar
          <idle>-0     [005] dn.3  2647.050046: rtg_try_acquire_lock: rtg_acquire: gid=0 comm=deepPicar
          <idle>-0     [003] dn.3  2647.050049: rtg_try_acquire_lock: rtg_block: comm=tau_rt_2 sched=FIFO pid=4396 tgid=4375 rtgid=1002 prio=94
          <idle>-0     [004] dn.3  2647.050051: rtg_try_acquire_lock: rtg_block: comm=tau_rt_3 sched=FIFO pid=4406 tgid=4376 rtgid=1002 prio=94
       deepPicar-4366  [000] d..3  2647.050053: rtg_try_acquire_lock: rtg_preempt: prev=deepPicar sched=FIFO prio=94 pid=4377 tgid=4377 rtgid=0 | next=deepPicar sched=FIFO prio=93 pid=4389 tgid=4366 rtgid=1001
       deepPicar-4377  [005] dn.3  2647.050057: rtg_try_acquire_lock: rtg_block: comm=deepPicar sched=FIFO pid=4377 tgid=4377 rtgid=0 prio=94
       deepPicar-4389  [000] d..3  2647.050855: rtg_try_release_lock: rtg_release: gid=1001 comm=deepPicar
          <idle>-0     [005] dn.3  2647.050856: rtg_try_acquire_lock: rtg_acquire: gid=0 comm=deepPicar
          <idle>-0     [004] dn.3  2647.050858: rtg_try_acquire_lock: rtg_block: comm=tau_rt_3 sched=FIFO pid=4406 tgid=4376 rtgid=1002 prio=94
          <idle>-0     [003] dn.3  2647.050860: rtg_try_acquire_lock: rtg_block: comm=tau_rt_2 sched=FIFO pid=4396 tgid=4375 rtgid=1002 prio=94
       deepPicar-4389  [000] d..3  2647.050862: rtg_try_acquire_lock: rtg_preempt: prev=deepPicar sched=FIFO prio=94 pid=4377 tgid=4377 rtgid=0 | next=deepPicar sched=FIFO prio=93 pid=4381 tgid=4366 rtgid=1001
       deepPicar-4377  [005] dn.3  2647.050865: rtg_try_acquire_lock: rtg_block: comm=deepPicar sched=FIFO pid=4377 tgid=4377 rtgid=0 prio=94
       deepPicar-4366  [000] d..3  2647.066415: rtg_try_acquire_lock: rtg_block: comm=tau_rt_1 sched=FIFO pid=4407 tgid=4374 rtgid=1002 prio=94
        tau_rt_4-4373  [005] d..3  2647.081854: rtg_try_release_lock: rtg_release: gid=1001 comm=tau_rt_4
          <idle>-0     [000] dn.3  2647.081857: rtg_try_acquire_lock: rtg_acquire: gid=1002 comm=tau_rt_1
        tau_rt_4-4373  [005] d..3  2647.081861: rtg_try_acquire_lock: rtg_block: comm=deepPicar sched=FIFO pid=4377 tgid=4377 rtgid=0 prio=94
        tau_rt_1-4407  [000] dn.3  2647.098887: rtg_try_acquire_lock: rtg_preempt: prev=tau_rt_1 sched=FIFO prio=94 pid=4407 tgid=4374 rtgid=1002 | next=deepPicar sched=FIFO prio=93 pid=4366 tgid=4366 rtgid=1001
        tau_rt_2-4396  [003] dn.3  2647.098900: rtg_try_acquire_lock: rtg_block: comm=tau_rt_2 sched=FIFO pid=4396 tgid=4375 rtgid=1002 prio=94
        tau_rt_3-4406  [004] dn.3  2647.098904: rtg_try_acquire_lock: rtg_block: comm=tau_rt_3 sched=FIFO pid=4406 tgid=4376 rtgid=1002 prio=94
       deepPicar-4366  [000] d..3  2647.100114: rtg_try_release_lock: rtg_release: gid=1001 comm=deepPicar
          <idle>-0     [004] dn.3  2647.100116: rtg_try_acquire_lock: rtg_acquire: gid=1002 comm=tau_rt_3
          <idle>-0     [005] dn.3  2647.100119: rtg_try_acquire_lock: rtg_block: comm=deepPicar sched=FIFO pid=4377 tgid=4377 rtgid=0 prio=94
       deepPicar-4366  [000] d..3  2647.100123: rtg_try_acquire_lock: rtg_preempt: prev=tau_rt_3 sched=FIFO prio=94 pid=4406 tgid=4376 rtgid=1002 | next=deepPicar sched=FIFO prio=93 pid=4391 tgid=4366 rtgid=1001
        tau_rt_2-4396  [003] dn.3  2647.100126: rtg_try_acquire_lock: rtg_block: comm=tau_rt_2 sched=FIFO pid=4396 tgid=4375 rtgid=1002 prio=94
        tau_rt_3-4406  [004] dn.3  2647.100128: rtg_try_acquire_lock: rtg_block: comm=tau_rt_3 sched=FIFO pid=4406 tgid=4376 rtgid=1002 prio=94
       deepPicar-4391  [000] d..3  2647.100876: rtg_try_release_lock: rtg_release: gid=1001 comm=deepPicar
          <idle>-0     [003] dn.3  2647.100878: rtg_try_acquire_lock: rtg_acquire: gid=1002 comm=tau_rt_2
          <idle>-0     [005] dn.3  2647.100881: rtg_try_acquire_lock: rtg_block: comm=deepPicar sched=FIFO pid=4377 tgid=4377 rtgid=0 prio=94
       deepPicar-4391  [000] d..3  2647.100883: rtg_try_acquire_lock: rtg_preempt: prev=tau_rt_2 sched=FIFO prio=94 pid=4396 tgid=4375 rtgid=1002 | next=deepPicar sched=FIFO prio=93 pid=4381 tgid=4366 rtgid=1001
        tau_rt_3-4406  [004] dn.3  2647.100887: rtg_try_acquire_lock: rtg_block: comm=tau_rt_3 sched=FIFO pid=4406 tgid=4376 rtgid=1002 prio=94
        tau_rt_2-4396  [003] dn.3  2647.100889: rtg_try_acquire_lock: rtg_block: comm=tau_rt_2 sched=FIFO pid=4396 tgid=4375 rtgid=1002 prio=94
       deepPicar-4366  [000] d..3  2647.116646: rtg_try_acquire_lock: rtg_block: comm=tau_rt_1 sched=FIFO pid=4407 tgid=4374 rtgid=1002 prio=94
        tau_rt_4-4373  [005] d..3  2647.131827: rtg_try_release_lock: rtg_release: gid=1001 comm=tau_rt_4
          <idle>-0     [000] dn.3  2647.131831: rtg_try_acquire_lock: rtg_acquire: gid=1002 comm=tau_rt_1
        tau_rt_4-4373  [005] d..3  2647.131835: rtg_try_acquire_lock: rtg_block: comm=deepPicar sched=FIFO pid=4377 tgid=4377 rtgid=0 prio=94
        tau_rt_1-4407  [000] dn.3  2647.148887: rtg_try_acquire_lock: rtg_preempt: prev=tau_rt_1 sched=FIFO prio=94 pid=4407 tgid=4374 rtgid=1002 | next=deepPicar sched=FIFO prio=93 pid=4366 tgid=4366 rtgid=1001
        tau_rt_2-4396  [003] dn.3  2647.148900: rtg_try_acquire_lock: rtg_block: comm=tau_rt_2 sched=FIFO pid=4396 tgid=4375 rtgid=1002 prio=94
        tau_rt_3-4406  [004] dn.3  2647.148903: rtg_try_acquire_lock: rtg_block: comm=tau_rt_3 sched=FIFO pid=4406 tgid=4376 rtgid=1002 prio=94
       deepPicar-4366  [000] d..3  2647.150070: rtg_try_release_lock: rtg_release: gid=1001 comm=deepPicar
          <idle>-0     [003] dn.3  2647.150073: rtg_try_acquire_lock: rtg_acquire: gid=1002 comm=tau_rt_2
          <idle>-0     [005] dn.3  2647.150075: rtg_try_acquire_lock: rtg_block: comm=deepPicar sched=FIFO pid=4377 tgid=4377 rtgid=0 prio=94
       deepPicar-4366  [000] d..3  2647.150079: rtg_try_acquire_lock: rtg_preempt: prev=tau_rt_2 sched=FIFO prio=94 pid=4396 tgid=4375 rtgid=1002 | next=deepPicar sched=FIFO prio=93 pid=4393 tgid=4366 rtgid=1001
        tau_rt_2-4396  [003] dn.3  2647.150083: rtg_try_acquire_lock: rtg_block: comm=tau_rt_2 sched=FIFO pid=4396 tgid=4375 rtgid=1002 prio=94
        tau_rt_3-4406  [004] dn.3  2647.150085: rtg_try_acquire_lock: rtg_block: comm=tau_rt_3 sched=FIFO pid=4406 tgid=4376 rtgid=1002 prio=94
       deepPicar-4393  [000] d..3  2647.150915: rtg_try_release_lock: rtg_release: gid=1001 comm=deepPicar
          <idle>-0     [004] dn.3  2647.150917: rtg_try_acquire_lock: rtg_acquire: gid=1002 comm=tau_rt_3
          <idle>-0     [005] dn.3  2647.150920: rtg_try_acquire_lock: rtg_block: comm=deepPicar sched=FIFO pid=4377 tgid=4377 rtgid=0 prio=94
       deepPicar-4393  [000] d..3  2647.150922: rtg_try_acquire_lock: rtg_preempt: prev=tau_rt_3 sched=FIFO prio=94 pid=4406 tgid=4376 rtgid=1002 | next=deepPicar sched=FIFO prio=93 pid=4381 tgid=4366 rtgid=1001
        tau_rt_2-4396  [003] dn.3  2647.150925: rtg_try_acquire_lock: rtg_block: comm=tau_rt_2 sched=FIFO pid=4396 tgid=4375 rtgid=1002 prio=94
        tau_rt_3-4406  [004] dn.3  2647.150927: rtg_try_acquire_lock: rtg_block: comm=tau_rt_3 sched=FIFO pid=4406 tgid=4376 rtgid=1002 prio=94
       deepPicar-4366  [000] d..3  2647.166559: rtg_try_acquire_lock: rtg_block: comm=tau_rt_1 sched=FIFO pid=4407 tgid=4374 rtgid=1002 prio=94
        tau_rt_4-4373  [005] d..3  2647.181849: rtg_try_release_lock: rtg_release: gid=1001 comm=tau_rt_4
          <idle>-0     [003] dn.3  2647.181853: rtg_try_acquire_lock: rtg_acquire: gid=1002 comm=tau_rt_2
        tau_rt_4-4373  [005] d..3  2647.181857: rtg_try_acquire_lock: rtg_block: comm=deepPicar sched=FIFO pid=4377 tgid=4377 rtgid=0 prio=94
        tau_rt_1-4407  [000] dn.3  2647.198892: rtg_try_acquire_lock: rtg_preempt: prev=tau_rt_2 sched=FIFO prio=94 pid=4396 tgid=4375 rtgid=1002 | next=deepPicar sched=FIFO prio=93 pid=4366 tgid=4366 rtgid=1001
        tau_rt_2-4396  [003] dn.3  2647.198905: rtg_try_acquire_lock: rtg_block: comm=tau_rt_2 sched=FIFO pid=4396 tgid=4375 rtgid=1002 prio=94
        tau_rt_3-4406  [004] dn.3  2647.198909: rtg_try_acquire_lock: rtg_block: comm=tau_rt_3 sched=FIFO pid=4406 tgid=4376 rtgid=1002 prio=94
       deepPicar-4366  [000] d..3  2647.200058: rtg_try_release_lock: rtg_release: gid=1001 comm=deepPicar
          <idle>-0     [003] dn.3  2647.200060: rtg_try_acquire_lock: rtg_acquire: gid=1002 comm=tau_rt_2
          <idle>-0     [005] dn.3  2647.200063: rtg_try_acquire_lock: rtg_block: comm=deepPicar sched=FIFO pid=4377 tgid=4377 rtgid=0 prio=94
       deepPicar-4366  [000] d..3  2647.200066: rtg_try_acquire_lock: rtg_preempt: prev=tau_rt_2 sched=FIFO prio=94 pid=4396 tgid=4375 rtgid=1002 | next=deepPicar sched=FIFO prio=93 pid=4395 tgid=4366 rtgid=1001
        tau_rt_2-4396  [003] dn.3  2647.200070: rtg_try_acquire_lock: rtg_block: comm=tau_rt_2 sched=FIFO pid=4396 tgid=4375 rtgid=1002 prio=94
        tau_rt_3-4406  [004] dn.3  2647.200072: rtg_try_acquire_lock: rtg_block: comm=tau_rt_3 sched=FIFO pid=4406 tgid=4376 rtgid=1002 prio=94
       deepPicar-4395  [000] d..3  2647.200854: rtg_try_release_lock: rtg_release: gid=1001 comm=deepPicar
          <idle>-0     [003] dn.3  2647.200856: rtg_try_acquire_lock: rtg_acquire: gid=1002 comm=tau_rt_2
          <idle>-0     [005] dn.3  2647.200858: rtg_try_acquire_lock: rtg_block: comm=deepPicar sched=FIFO pid=4377 tgid=4377 rtgid=0 prio=94
       deepPicar-4395  [000] d..3  2647.200861: rtg_try_acquire_lock: rtg_preempt: prev=tau_rt_2 sched=FIFO prio=94 pid=4396 tgid=4375 rtgid=1002 | next=deepPicar sched=FIFO prio=93 pid=4381 tgid=4366 rtgid=1001
        tau_rt_2-4396  [003] dn.3  2647.200864: rtg_try_acquire_lock: rtg_block: comm=tau_rt_2 sched=FIFO pid=4396 tgid=4375 rtgid=1002 prio=94
        tau_rt_3-4406  [004] dn.3  2647.200865: rtg_try_acquire_lock: rtg_block: comm=tau_rt_3 sched=FIFO pid=4406 tgid=4376 rtgid=1002 prio=94
       deepPicar-4366  [000] d..3  2647.216475: rtg_try_acquire_lock: rtg_block: comm=tau_rt_1 sched=FIFO pid=4407 tgid=4374 rtgid=1002 prio=94
        tau_rt_4-4373  [005] d..3  2647.231846: rtg_try_release_lock: rtg_release: gid=1001 comm=tau_rt_4
          <idle>-0     [004] dn.3  2647.231850: rtg_try_acquire_lock: rtg_acquire: gid=1002 comm=tau_rt_3
        tau_rt_4-4373  [005] d..3  2647.231854: rtg_try_acquire_lock: rtg_block: comm=deepPicar sched=FIFO pid=4377 tgid=4377 rtgid=0 prio=94
        tau_rt_1-4407  [000] dn.3  2647.248885: rtg_try_acquire_lock: rtg_preempt: prev=tau_rt_3 sched=FIFO prio=94 pid=4406 tgid=4376 rtgid=1002 | next=deepPicar sched=FIFO prio=93 pid=4366 tgid=4366 rtgid=1001
        tau_rt_3-4406  [004] dn.3  2647.248896: rtg_try_acquire_lock: rtg_block: comm=tau_rt_3 sched=FIFO pid=4406 tgid=4376 rtgid=1002 prio=94
        tau_rt_2-4396  [003] dn.3  2647.248900: rtg_try_acquire_lock: rtg_block: comm=tau_rt_2 sched=FIFO pid=4396 tgid=4375 rtgid=1002 prio=94
       deepPicar-4366  [000] d..3  2647.250109: rtg_try_release_lock: rtg_release: gid=1001 comm=deepPicar
          <idle>-0     [004] dn.3  2647.250111: rtg_try_acquire_lock: rtg_acquire: gid=1002 comm=tau_rt_3
          <idle>-0     [005] dn.3  2647.250114: rtg_try_acquire_lock: rtg_block: comm=deepPicar sched=FIFO pid=4377 tgid=4377 rtgid=0 prio=94
       deepPicar-4366  [000] d..3  2647.250119: rtg_try_acquire_lock: rtg_preempt: prev=tau_rt_3 sched=FIFO prio=94 pid=4406 tgid=4376 rtgid=1002 | next=deepPicar sched=FIFO prio=93 pid=4385 tgid=4366 rtgid=1001
        tau_rt_2-4396  [003] dn.3  2647.250122: rtg_try_acquire_lock: rtg_block: comm=tau_rt_2 sched=FIFO pid=4396 tgid=4375 rtgid=1002 prio=94
        tau_rt_3-4406  [004] dn.3  2647.250124: rtg_try_acquire_lock: rtg_block: comm=tau_rt_3 sched=FIFO pid=4406 tgid=4376 rtgid=1002 prio=94
       deepPicar-4385  [000] d..3  2647.250929: rtg_try_release_lock: rtg_release: gid=1001 comm=deepPicar
          <idle>-0     [004] dn.3  2647.250931: rtg_try_acquire_lock: rtg_acquire: gid=1002 comm=tau_rt_3
          <idle>-0     [005] dn.3  2647.250934: rtg_try_acquire_lock: rtg_block: comm=deepPicar sched=FIFO pid=4377 tgid=4377 rtgid=0 prio=94
       deepPicar-4385  [000] d..3  2647.250936: rtg_try_acquire_lock: rtg_preempt: prev=tau_rt_3 sched=FIFO prio=94 pid=4406 tgid=4376 rtgid=1002 | next=deepPicar sched=FIFO prio=93 pid=4381 tgid=4366 rtgid=1001
        tau_rt_2-4396  [003] dn.3  2647.250957: rtg_try_acquire_lock: rtg_block: comm=tau_rt_2 sched=FIFO pid=4396 tgid=4375 rtgid=1002 prio=94
        tau_rt_3-4406  [004] dn.3  2647.250968: rtg_try_acquire_lock: rtg_block: comm=tau_rt_3 sched=FIFO pid=4406 tgid=4376 rtgid=1002 prio=94
       deepPicar-4366  [000] d..3  2647.266594: rtg_try_acquire_lock: rtg_block: comm=tau_rt_1 sched=FIFO pid=4407 tgid=4374 rtgid=1002 prio=94
        tau_rt_4-4373  [005] d..3  2647.281776: rtg_try_release_lock: rtg_release: gid=1001 comm=tau_rt_4
          <idle>-0     [000] dn.3  2647.281779: rtg_try_acquire_lock: rtg_acquire: gid=1002 comm=tau_rt_1
        tau_rt_4-4373  [005] d..3  2647.281783: rtg_try_acquire_lock: rtg_block: comm=deepPicar sched=FIFO pid=4377 tgid=4377 rtgid=0 prio=94
        tau_rt_1-4407  [000] dn.3  2647.298886: rtg_try_acquire_lock: rtg_preempt: prev=tau_rt_1 sched=FIFO prio=94 pid=4407 tgid=4374 rtgid=1002 | next=deepPicar sched=FIFO prio=93 pid=4366 tgid=4366 rtgid=1001
        tau_rt_3-4406  [004] dn.3  2647.298898: rtg_try_acquire_lock: rtg_block: comm=tau_rt_3 sched=FIFO pid=4406 tgid=4376 rtgid=1002 prio=94
        tau_rt_2-4396  [003] dn.3  2647.298902: rtg_try_acquire_lock: rtg_block: comm=tau_rt_2 sched=FIFO pid=4396 tgid=4375 rtgid=1002 prio=94
       deepPicar-4366  [000] d..3  2647.300089: rtg_try_release_lock: rtg_release: gid=1001 comm=deepPicar
          <idle>-0     [003] dn.3  2647.300091: rtg_try_acquire_lock: rtg_acquire: gid=1002 comm=tau_rt_2
          <idle>-0     [005] dn.3  2647.300095: rtg_try_acquire_lock: rtg_block: comm=deepPicar sched=FIFO pid=4377 tgid=4377 rtgid=0 prio=94
       deepPicar-4366  [000] d..3  2647.300098: rtg_try_acquire_lock: rtg_preempt: prev=tau_rt_2 sched=FIFO prio=94 pid=4396 tgid=4375 rtgid=1002 | next=deepPicar sched=FIFO prio=93 pid=4386 tgid=4366 rtgid=1001
        tau_rt_2-4396  [003] dn.3  2647.300101: rtg_try_acquire_lock: rtg_block: comm=tau_rt_2 sched=FIFO pid=4396 tgid=4375 rtgid=1002 prio=94
        tau_rt_3-4406  [004] dn.3  2647.300103: rtg_try_acquire_lock: rtg_block: comm=tau_rt_3 sched=FIFO pid=4406 tgid=4376 rtgid=1002 prio=94
       deepPicar-4386  [000] d..3  2647.300883: rtg_try_release_lock: rtg_release: gid=1001 comm=deepPicar
          <idle>-0     [004] dn.3  2647.300886: rtg_try_acquire_lock: rtg_acquire: gid=1002 comm=tau_rt_3
          <idle>-0     [005] dn.3  2647.300889: rtg_try_acquire_lock: rtg_block: comm=deepPicar sched=FIFO pid=4377 tgid=4377 rtgid=0 prio=94
       deepPicar-4386  [000] d..3  2647.300891: rtg_try_acquire_lock: rtg_preempt: prev=tau_rt_3 sched=FIFO prio=94 pid=4406 tgid=4376 rtgid=1002 | next=deepPicar sched=FIFO prio=93 pid=4381 tgid=4366 rtgid=1001
        tau_rt_2-4396  [003] dn.3  2647.300894: rtg_try_acquire_lock: rtg_block: comm=tau_rt_2 sched=FIFO pid=4396 tgid=4375 rtgid=1002 prio=94
        tau_rt_3-4406  [004] dn.3  2647.300896: rtg_try_acquire_lock: rtg_block: comm=tau_rt_3 sched=FIFO pid=4406 tgid=4376 rtgid=1002 prio=94
       deepPicar-4366  [000] d..3  2647.316430: rtg_try_acquire_lock: rtg_block: comm=tau_rt_1 sched=FIFO pid=4407 tgid=4374 rtgid=1002 prio=94
        tau_rt_4-4373  [005] d..3  2647.331837: rtg_try_release_lock: rtg_release: gid=1001 comm=tau_rt_4
          <idle>-0     [000] dn.3  2647.331841: rtg_try_acquire_lock: rtg_acquire: gid=1002 comm=tau_rt_1
        tau_rt_4-4373  [005] d..3  2647.331845: rtg_try_acquire_lock: rtg_block: comm=deepPicar sched=FIFO pid=4377 tgid=4377 rtgid=0 prio=94
        tau_rt_1-4407  [000] dn.3  2647.348888: rtg_try_acquire_lock: rtg_preempt: prev=tau_rt_1 sched=FIFO prio=94 pid=4407 tgid=4374 rtgid=1002 | next=deepPicar sched=FIFO prio=93 pid=4366 tgid=4366 rtgid=1001
        tau_rt_3-4406  [004] dn.3  2647.348900: rtg_try_acquire_lock: rtg_block: comm=tau_rt_3 sched=FIFO pid=4406 tgid=4376 rtgid=1002 prio=94
        tau_rt_2-4396  [003] dn.3  2647.348904: rtg_try_acquire_lock: rtg_block: comm=tau_rt_2 sched=FIFO pid=4396 tgid=4375 rtgid=1002 prio=94
       deepPicar-4366  [000] d..3  2647.350092: rtg_try_release_lock: rtg_release: gid=1001 comm=deepPicar
          <idle>-0     [003] dn.3  2647.350094: rtg_try_acquire_lock: rtg_acquire: gid=1002 comm=tau_rt_2
          <idle>-0     [005] dn.3  2647.350097: rtg_try_acquire_lock: rtg_block: comm=deepPicar sched=FIFO pid=4377 tgid=4377 rtgid=0 prio=94
       deepPicar-4366  [000] d..3  2647.350100: rtg_try_acquire_lock: rtg_preempt: prev=tau_rt_2 sched=FIFO prio=94 pid=4396 tgid=4375 rtgid=1002 | next=deepPicar sched=FIFO prio=93 pid=4389 tgid=4366 rtgid=1001
        tau_rt_2-4396  [003] dn.3  2647.350104: rtg_try_acquire_lock: rtg_block: comm=tau_rt_2 sched=FIFO pid=4396 tgid=4375 rtgid=1002 prio=94
        tau_rt_3-4406  [004] dn.3  2647.350106: rtg_try_acquire_lock: rtg_block: comm=tau_rt_3 sched=FIFO pid=4406 tgid=4376 rtgid=1002 prio=94
       deepPicar-4389  [000] d..3  2647.350922: rtg_try_release_lock: rtg_release: gid=1001 comm=deepPicar
          <idle>-0     [003] dn.3  2647.350924: rtg_try_acquire_lock: rtg_acquire: gid=1002 comm=tau_rt_2
          <idle>-0     [005] dn.3  2647.350926: rtg_try_acquire_lock: rtg_block: comm=deepPicar sched=FIFO pid=4377 tgid=4377 rtgid=0 prio=94
       deepPicar-4389  [000] d..3  2647.350929: rtg_try_acquire_lock: rtg_preempt: prev=tau_rt_2 sched=FIFO prio=94 pid=4396 tgid=4375 rtgid=1002 | next=deepPicar sched=FIFO prio=93 pid=4381 tgid=4366 rtgid=1001
        tau_rt_2-4396  [003] dn.3  2647.350932: rtg_try_acquire_lock: rtg_block: comm=tau_rt_2 sched=FIFO pid=4396 tgid=4375 rtgid=1002 prio=94
        tau_rt_3-4406  [004] dn.3  2647.350934: rtg_try_acquire_lock: rtg_block: comm=tau_rt_3 sched=FIFO pid=4406 tgid=4376 rtgid=1002 prio=94
       deepPicar-4366  [000] d..3  2647.366521: rtg_try_acquire_lock: rtg_block: comm=tau_rt_1 sched=FIFO pid=4407 tgid=4374 rtgid=1002 prio=94
        tau_rt_4-4373  [005] d..3  2647.381878: rtg_try_release_lock: rtg_release: gid=1001 comm=tau_rt_4
          <idle>-0     [000] dn.3  2647.381882: rtg_try_acquire_lock: rtg_acquire: gid=1002 comm=tau_rt_1
        tau_rt_4-4373  [005] d..3  2647.381886: rtg_try_acquire_lock: rtg_block: comm=deepPicar sched=FIFO pid=4377 tgid=4377 rtgid=0 prio=94
        tau_rt_1-4407  [000] dn.3  2647.398886: rtg_try_acquire_lock: rtg_preempt: prev=tau_rt_1 sched=FIFO prio=94 pid=4407 tgid=4374 rtgid=1002 | next=deepPicar sched=FIFO prio=93 pid=4366 tgid=4366 rtgid=1001
        tau_rt_2-4396  [003] dn.3  2647.398898: rtg_try_acquire_lock: rtg_block: comm=tau_rt_2 sched=FIFO pid=4396 tgid=4375 rtgid=1002 prio=94
        tau_rt_3-4406  [004] dn.3  2647.398902: rtg_try_acquire_lock: rtg_block: comm=tau_rt_3 sched=FIFO pid=4406 tgid=4376 rtgid=1002 prio=94
       deepPicar-4366  [000] d..3  2647.400095: rtg_try_release_lock: rtg_release: gid=1001 comm=deepPicar
          <idle>-0     [004] dn.3  2647.400098: rtg_try_acquire_lock: rtg_acquire: gid=1002 comm=tau_rt_3
          <idle>-0     [005] dn.3  2647.400101: rtg_try_acquire_lock: rtg_block: comm=deepPicar sched=FIFO pid=4377 tgid=4377 rtgid=0 prio=94
       deepPicar-4366  [000] d..3  2647.400104: rtg_try_acquire_lock: rtg_preempt: prev=tau_rt_3 sched=FIFO prio=94 pid=4406 tgid=4376 rtgid=1002 | next=deepPicar sched=FIFO prio=93 pid=4391 tgid=4366 rtgid=1001
        tau_rt_2-4396  [003] dn.3  2647.400108: rtg_try_acquire_lock: rtg_block: comm=tau_rt_2 sched=FIFO pid=4396 tgid=4375 rtgid=1002 prio=94
        tau_rt_3-4406  [004] dn.3  2647.400110: rtg_try_acquire_lock: rtg_block: comm=tau_rt_3 sched=FIFO pid=4406 tgid=4376 rtgid=1002 prio=94
       deepPicar-4391  [000] d..3  2647.400874: rtg_try_release_lock: rtg_release: gid=1001 comm=deepPicar
          <idle>-0     [005] dn.3  2647.400875: rtg_try_acquire_lock: rtg_acquire: gid=0 comm=deepPicar
          <idle>-0     [003] dn.3  2647.400878: rtg_try_acquire_lock: rtg_block: comm=tau_rt_2 sched=FIFO pid=4396 tgid=4375 rtgid=1002 prio=94
          <idle>-0     [004] dn.3  2647.400879: rtg_try_acquire_lock: rtg_block: comm=tau_rt_3 sched=FIFO pid=4406 tgid=4376 rtgid=1002 prio=94
       deepPicar-4391  [000] d..3  2647.400881: rtg_try_acquire_lock: rtg_preempt: prev=deepPicar sched=FIFO prio=94 pid=4377 tgid=4377 rtgid=0 | next=deepPicar sched=FIFO prio=93 pid=4381 tgid=4366 rtgid=1001
       deepPicar-4377  [005] dn.3  2647.400885: rtg_try_acquire_lock: rtg_block: comm=deepPicar sched=FIFO pid=4377 tgid=4377 rtgid=0 prio=94
       deepPicar-4366  [000] d..3  2647.416584: rtg_try_acquire_lock: rtg_block: comm=tau_rt_1 sched=FIFO pid=4407 tgid=4374 rtgid=1002 prio=94
        tau_rt_4-4373  [005] d..3  2647.431838: rtg_try_release_lock: rtg_release: gid=1001 comm=tau_rt_4
          <idle>-0     [000] dn.3  2647.431841: rtg_try_acquire_lock: rtg_acquire: gid=1002 comm=tau_rt_1
        tau_rt_4-4373  [005] d..3  2647.431845: rtg_try_acquire_lock: rtg_block: comm=deepPicar sched=FIFO pid=4377 tgid=4377 rtgid=0 prio=94
        tau_rt_1-4407  [000] dn.3  2647.448886: rtg_try_acquire_lock: rtg_preempt: prev=tau_rt_1 sched=FIFO prio=94 pid=4407 tgid=4374 rtgid=1002 | next=deepPicar sched=FIFO prio=93 pid=4366 tgid=4366 rtgid=1001
        tau_rt_2-4396  [003] dn.3  2647.448898: rtg_try_acquire_lock: rtg_block: comm=tau_rt_2 sched=FIFO pid=4396 tgid=4375 rtgid=1002 prio=94
        tau_rt_3-4406  [004] dn.3  2647.448901: rtg_try_acquire_lock: rtg_block: comm=tau_rt_3 sched=FIFO pid=4406 tgid=4376 rtgid=1002 prio=94
       deepPicar-4366  [000] d..3  2647.450040: rtg_try_release_lock: rtg_release: gid=1001 comm=deepPicar
          <idle>-0     [005] dn.3  2647.450044: rtg_try_acquire_lock: rtg_acquire: gid=0 comm=deepPicar
          <idle>-0     [003] dn.3  2647.450046: rtg_try_acquire_lock: rtg_block: comm=tau_rt_2 sched=FIFO pid=4396 tgid=4375 rtgid=1002 prio=94
          <idle>-0     [004] dn.3  2647.450048: rtg_try_acquire_lock: rtg_block: comm=tau_rt_3 sched=FIFO pid=4406 tgid=4376 rtgid=1002 prio=94
       deepPicar-4366  [000] d..3  2647.450051: rtg_try_acquire_lock: rtg_preempt: prev=deepPicar sched=FIFO prio=94 pid=4377 tgid=4377 rtgid=0 | next=deepPicar sched=FIFO prio=93 pid=4393 tgid=4366 rtgid=1001
       deepPicar-4377  [005] dn.3  2647.450055: rtg_try_acquire_lock: rtg_block: comm=deepPicar sched=FIFO pid=4377 tgid=4377 rtgid=0 prio=94
       deepPicar-4393  [000] d..3  2647.450862: rtg_try_release_lock: rtg_release: gid=1001 comm=deepPicar
          <idle>-0     [004] dn.3  2647.450864: rtg_try_acquire_lock: rtg_acquire: gid=1002 comm=tau_rt_3
          <idle>-0     [005] dn.3  2647.450867: rtg_try_acquire_lock: rtg_block: comm=deepPicar sched=FIFO pid=4377 tgid=4377 rtgid=0 prio=94
       deepPicar-4393  [000] d..3  2647.450869: rtg_try_acquire_lock: rtg_preempt: prev=tau_rt_3 sched=FIFO prio=94 pid=4406 tgid=4376 rtgid=1002 | next=deepPicar sched=FIFO prio=93 pid=4381 tgid=4366 rtgid=1001
        tau_rt_2-4396  [003] dn.3  2647.450873: rtg_try_acquire_lock: rtg_block: comm=tau_rt_2 sched=FIFO pid=4396 tgid=4375 rtgid=1002 prio=94
        tau_rt_3-4406  [004] dn.3  2647.450875: rtg_try_acquire_lock: rtg_block: comm=tau_rt_3 sched=FIFO pid=4406 tgid=4376 rtgid=1002 prio=94
       deepPicar-4366  [000] d..3  2647.466477: rtg_try_acquire_lock: rtg_block: comm=tau_rt_1 sched=FIFO pid=4407 tgid=4374 rtgid=1002 prio=94
        tau_rt_4-4373  [005] d..3  2647.481961: rtg_try_release_lock: rtg_release: gid=1001 comm=tau_rt_4
          <idle>-0     [004] dn.3  2647.481966: rtg_try_acquire_lock: rtg_acquire: gid=1002 comm=tau_rt_3
        tau_rt_4-4373  [005] d..3  2647.481970: rtg_try_acquire_lock: rtg_block: comm=deepPicar sched=FIFO pid=4377 tgid=4377 rtgid=0 prio=94
        tau_rt_1-4407  [000] dn.3  2647.498887: rtg_try_acquire_lock: rtg_preempt: prev=tau_rt_3 sched=FIFO prio=94 pid=4406 tgid=4376 rtgid=1002 | next=deepPicar sched=FIFO prio=93 pid=4366 tgid=4366 rtgid=1001
        tau_rt_2-4396  [003] dn.3  2647.498901: rtg_try_acquire_lock: rtg_block: comm=tau_rt_2 sched=FIFO pid=4396 tgid=4375 rtgid=1002 prio=94
        tau_rt_3-4406  [004] dn.3  2647.498904: rtg_try_acquire_lock: rtg_block: comm=tau_rt_3 sched=FIFO pid=4406 tgid=4376 rtgid=1002 prio=94
       deepPicar-4366  [000] d..3  2647.500135: rtg_try_release_lock: rtg_release: gid=1001 comm=deepPicar
          <idle>-0     [004] dn.3  2647.500137: rtg_try_acquire_lock: rtg_acquire: gid=1002 comm=tau_rt_3
          <idle>-0     [005] dn.3  2647.500140: rtg_try_acquire_lock: rtg_block: comm=deepPicar sched=FIFO pid=4377 tgid=4377 rtgid=0 prio=94
       deepPicar-4366  [000] d..3  2647.500143: rtg_try_acquire_lock: rtg_preempt: prev=tau_rt_3 sched=FIFO prio=94 pid=4406 tgid=4376 rtgid=1002 | next=deepPicar sched=FIFO prio=93 pid=4395 tgid=4366 rtgid=1001
        tau_rt_2-4396  [003] dn.3  2647.500147: rtg_try_acquire_lock: rtg_block: comm=tau_rt_2 sched=FIFO pid=4396 tgid=4375 rtgid=1002 prio=94
        tau_rt_3-4406  [004] dn.3  2647.500149: rtg_try_acquire_lock: rtg_block: comm=tau_rt_3 sched=FIFO pid=4406 tgid=4376 rtgid=1002 prio=94
       deepPicar-4395  [000] d..3  2647.500943: rtg_try_release_lock: rtg_release: gid=1001 comm=deepPicar
          <idle>-0     [004] dn.3  2647.500945: rtg_try_acquire_lock: rtg_acquire: gid=1002 comm=tau_rt_3
          <idle>-0     [005] dn.3  2647.500946: rtg_try_acquire_lock: rtg_block: comm=deepPicar sched=FIFO pid=4377 tgid=4377 rtgid=0 prio=94
       deepPicar-4395  [000] d..3  2647.500949: rtg_try_acquire_lock: rtg_preempt: prev=tau_rt_3 sched=FIFO prio=94 pid=4406 tgid=4376 rtgid=1002 | next=deepPicar sched=FIFO prio=93 pid=4381 tgid=4366 rtgid=1001
        tau_rt_2-4396  [003] dn.3  2647.500952: rtg_try_acquire_lock: rtg_block: comm=tau_rt_2 sched=FIFO pid=4396 tgid=4375 rtgid=1002 prio=94
        tau_rt_3-4406  [004] dn.3  2647.500954: rtg_try_acquire_lock: rtg_block: comm=tau_rt_3 sched=FIFO pid=4406 tgid=4376 rtgid=1002 prio=94
       deepPicar-4366  [000] d..3  2647.516548: rtg_try_acquire_lock: rtg_block: comm=tau_rt_1 sched=FIFO pid=4407 tgid=4374 rtgid=1002 prio=94
        tau_rt_4-4373  [005] d..3  2647.531676: rtg_try_release_lock: rtg_release: gid=1001 comm=tau_rt_4
          <idle>-0     [004] dn.3  2647.531679: rtg_try_acquire_lock: rtg_acquire: gid=1002 comm=tau_rt_3
        tau_rt_4-4373  [005] d..3  2647.531684: rtg_try_acquire_lock: rtg_block: comm=deepPicar sched=FIFO pid=4377 tgid=4377 rtgid=0 prio=94
        tau_rt_1-4407  [000] dn.3  2647.548886: rtg_try_acquire_lock: rtg_preempt: prev=tau_rt_3 sched=FIFO prio=94 pid=4406 tgid=4376 rtgid=1002 | next=deepPicar sched=FIFO prio=93 pid=4366 tgid=4366 rtgid=1001
        tau_rt_2-4396  [003] dn.3  2647.548898: rtg_try_acquire_lock: rtg_block: comm=tau_rt_2 sched=FIFO pid=4396 tgid=4375 rtgid=1002 prio=94
        tau_rt_3-4406  [004] dn.3  2647.548901: rtg_try_acquire_lock: rtg_block: comm=tau_rt_3 sched=FIFO pid=4406 tgid=4376 rtgid=1002 prio=94
       deepPicar-4366  [000] d..3  2647.550084: rtg_try_release_lock: rtg_release: gid=1001 comm=deepPicar
          <idle>-0     [003] dn.3  2647.550087: rtg_try_acquire_lock: rtg_acquire: gid=1002 comm=tau_rt_2
          <idle>-0     [005] dn.3  2647.550090: rtg_try_acquire_lock: rtg_block: comm=deepPicar sched=FIFO pid=4377 tgid=4377 rtgid=0 prio=94
       deepPicar-4366  [000] d..3  2647.550093: rtg_try_acquire_lock: rtg_preempt: prev=tau_rt_2 sched=FIFO prio=94 pid=4396 tgid=4375 rtgid=1002 | next=deepPicar sched=FIFO prio=93 pid=4385 tgid=4366 rtgid=1001
        tau_rt_2-4396  [003] dn.3  2647.550097: rtg_try_acquire_lock: rtg_block: comm=tau_rt_2 sched=FIFO pid=4396 tgid=4375 rtgid=1002 prio=94
        tau_rt_3-4406  [004] dn.3  2647.550099: rtg_try_acquire_lock: rtg_block: comm=tau_rt_3 sched=FIFO pid=4406 tgid=4376 rtgid=1002 prio=94
       deepPicar-4385  [000] d..3  2647.551023: rtg_try_release_lock: rtg_release: gid=1001 comm=deepPicar
          <idle>-0     [003] dn.3  2647.551026: rtg_try_acquire_lock: rtg_acquire: gid=1002 comm=tau_rt_2
          <idle>-0     [005] dn.3  2647.551028: rtg_try_acquire_lock: rtg_block: comm=deepPicar sched=FIFO pid=4377 tgid=4377 rtgid=0 prio=94
       deepPicar-4385  [000] d..3  2647.551030: rtg_try_acquire_lock: rtg_preempt: prev=tau_rt_2 sched=FIFO prio=94 pid=4396 tgid=4375 rtgid=1002 | next=deepPicar sched=FIFO prio=93 pid=4381 tgid=4366 rtgid=1001
        tau_rt_2-4396  [003] dn.3  2647.551034: rtg_try_acquire_lock: rtg_block: comm=tau_rt_2 sched=FIFO pid=4396 tgid=4375 rtgid=1002 prio=94
        tau_rt_3-4406  [004] dn.3  2647.551035: rtg_try_acquire_lock: rtg_block: comm=tau_rt_3 sched=FIFO pid=4406 tgid=4376 rtgid=1002 prio=94
       deepPicar-4366  [000] d..3  2647.566689: rtg_try_acquire_lock: rtg_block: comm=tau_rt_1 sched=FIFO pid=4407 tgid=4374 rtgid=1002 prio=94
        tau_rt_4-4373  [005] d..3  2647.581840: rtg_try_release_lock: rtg_release: gid=1001 comm=tau_rt_4
          <idle>-0     [004] dn.3  2647.581844: rtg_try_acquire_lock: rtg_acquire: gid=1002 comm=tau_rt_3
        tau_rt_4-4373  [005] d..3  2647.581848: rtg_try_acquire_lock: rtg_block: comm=deepPicar sched=FIFO pid=4377 tgid=4377 rtgid=0 prio=94
        tau_rt_1-4407  [000] dn.3  2647.598883: rtg_try_acquire_lock: rtg_preempt: prev=tau_rt_3 sched=FIFO prio=94 pid=4406 tgid=4376 rtgid=1002 | next=deepPicar sched=FIFO prio=93 pid=4366 tgid=4366 rtgid=1001
        tau_rt_2-4396  [003] dn.3  2647.598896: rtg_try_acquire_lock: rtg_block: comm=tau_rt_2 sched=FIFO pid=4396 tgid=4375 rtgid=1002 prio=94
        tau_rt_3-4406  [004] dn.3  2647.598899: rtg_try_acquire_lock: rtg_block: comm=tau_rt_3 sched=FIFO pid=4406 tgid=4376 rtgid=1002 prio=94
       deepPicar-4366  [000] d..3  2647.600104: rtg_try_release_lock: rtg_release: gid=1001 comm=deepPicar
          <idle>-0     [005] dn.3  2647.600107: rtg_try_acquire_lock: rtg_acquire: gid=0 comm=deepPicar
          <idle>-0     [003] dn.3  2647.600110: rtg_try_acquire_lock: rtg_block: comm=tau_rt_2 sched=FIFO pid=4396 tgid=4375 rtgid=1002 prio=94
          <idle>-0     [004] dn.3  2647.600111: rtg_try_acquire_lock: rtg_block: comm=tau_rt_3 sched=FIFO pid=4406 tgid=4376 rtgid=1002 prio=94
       deepPicar-4366  [000] d..3  2647.600115: rtg_try_acquire_lock: rtg_preempt: prev=deepPicar sched=FIFO prio=94 pid=4377 tgid=4377 rtgid=0 | next=deepPicar sched=FIFO prio=93 pid=4386 tgid=4366 rtgid=1001
       deepPicar-4377  [005] dn.3  2647.600118: rtg_try_acquire_lock: rtg_block: comm=deepPicar sched=FIFO pid=4377 tgid=4377 rtgid=0 prio=94
       deepPicar-4386  [000] d..3  2647.600883: rtg_try_release_lock: rtg_release: gid=1001 comm=deepPicar
          <idle>-0     [003] dn.3  2647.600885: rtg_try_acquire_lock: rtg_acquire: gid=1002 comm=tau_rt_2
          <idle>-0     [005] dn.3  2647.600888: rtg_try_acquire_lock: rtg_block: comm=deepPicar sched=FIFO pid=4377 tgid=4377 rtgid=0 prio=94
       deepPicar-4386  [000] d..3  2647.600891: rtg_try_acquire_lock: rtg_preempt: prev=tau_rt_2 sched=FIFO prio=94 pid=4396 tgid=4375 rtgid=1002 | next=deepPicar sched=FIFO prio=93 pid=4381 tgid=4366 rtgid=1001
        tau_rt_2-4396  [003] dn.3  2647.600894: rtg_try_acquire_lock: rtg_block: comm=tau_rt_2 sched=FIFO pid=4396 tgid=4375 rtgid=1002 prio=94
        tau_rt_3-4406  [004] dn.3  2647.600896: rtg_try_acquire_lock: rtg_block: comm=tau_rt_3 sched=FIFO pid=4406 tgid=4376 rtgid=1002 prio=94
       deepPicar-4366  [000] d..3  2647.616661: rtg_try_acquire_lock: rtg_block: comm=tau_rt_1 sched=FIFO pid=4407 tgid=4374 rtgid=1002 prio=94
        tau_rt_4-4373  [005] d..3  2647.631903: rtg_try_release_lock: rtg_release: gid=1001 comm=tau_rt_4
          <idle>-0     [004] dn.3  2647.631907: rtg_try_acquire_lock: rtg_acquire: gid=1002 comm=tau_rt_3
        tau_rt_4-4373  [005] d..3  2647.631911: rtg_try_acquire_lock: rtg_block: comm=deepPicar sched=FIFO pid=4377 tgid=4377 rtgid=0 prio=94
        tau_rt_1-4407  [000] dn.3  2647.648884: rtg_try_acquire_lock: rtg_preempt: prev=tau_rt_3 sched=FIFO prio=94 pid=4406 tgid=4376 rtgid=1002 | next=deepPicar sched=FIFO prio=93 pid=4366 tgid=4366 rtgid=1001
        tau_rt_2-4396  [003] dn.3  2647.648896: rtg_try_acquire_lock: rtg_block: comm=tau_rt_2 sched=FIFO pid=4396 tgid=4375 rtgid=1002 prio=94
        tau_rt_3-4406  [004] dn.3  2647.648899: rtg_try_acquire_lock: rtg_block: comm=tau_rt_3 sched=FIFO pid=4406 tgid=4376 rtgid=1002 prio=94
       deepPicar-4366  [000] d..3  2647.650057: rtg_try_release_lock: rtg_release: gid=1001 comm=deepPicar
          <idle>-0     [003] dn.3  2647.650060: rtg_try_acquire_lock: rtg_acquire: gid=1002 comm=tau_rt_2
          <idle>-0     [005] dn.3  2647.650063: rtg_try_acquire_lock: rtg_block: comm=deepPicar sched=FIFO pid=4377 tgid=4377 rtgid=0 prio=94
       deepPicar-4366  [000] d..3  2647.650066: rtg_try_acquire_lock: rtg_preempt: prev=tau_rt_2 sched=FIFO prio=94 pid=4396 tgid=4375 rtgid=1002 | next=deepPicar sched=FIFO prio=93 pid=4389 tgid=4366 rtgid=1001
        tau_rt_2-4396  [003] dn.3  2647.650070: rtg_try_acquire_lock: rtg_block: comm=tau_rt_2 sched=FIFO pid=4396 tgid=4375 rtgid=1002 prio=94
        tau_rt_3-4406  [004] dn.3  2647.650072: rtg_try_acquire_lock: rtg_block: comm=tau_rt_3 sched=FIFO pid=4406 tgid=4376 rtgid=1002 prio=94
       deepPicar-4389  [000] d..3  2647.650999: rtg_try_release_lock: rtg_release: gid=1001 comm=deepPicar
          <idle>-0     [004] dn.3  2647.651001: rtg_try_acquire_lock: rtg_acquire: gid=1002 comm=tau_rt_3
          <idle>-0     [005] dn.3  2647.651004: rtg_try_acquire_lock: rtg_block: comm=deepPicar sched=FIFO pid=4377 tgid=4377 rtgid=0 prio=94
       deepPicar-4389  [000] d..3  2647.651006: rtg_try_acquire_lock: rtg_preempt: prev=tau_rt_3 sched=FIFO prio=94 pid=4406 tgid=4376 rtgid=1002 | next=deepPicar sched=FIFO prio=93 pid=4381 tgid=4366 rtgid=1001
        tau_rt_2-4396  [003] dn.3  2647.651010: rtg_try_acquire_lock: rtg_block: comm=tau_rt_2 sched=FIFO pid=4396 tgid=4375 rtgid=1002 prio=94
        tau_rt_3-4406  [004] dn.3  2647.651012: rtg_try_acquire_lock: rtg_block: comm=tau_rt_3 sched=FIFO pid=4406 tgid=4376 rtgid=1002 prio=94
       deepPicar-4366  [000] d..3  2647.666571: rtg_try_acquire_lock: rtg_block: comm=tau_rt_1 sched=FIFO pid=4407 tgid=4374 rtgid=1002 prio=94
        tau_rt_4-4373  [005] d..3  2647.681756: rtg_try_release_lock: rtg_release: gid=1001 comm=tau_rt_4
          <idle>-0     [004] dn.3  2647.681760: rtg_try_acquire_lock: rtg_acquire: gid=1002 comm=tau_rt_3
        tau_rt_4-4373  [005] d..3  2647.681764: rtg_try_acquire_lock: rtg_block: comm=deepPicar sched=FIFO pid=4377 tgid=4377 rtgid=0 prio=94
        tau_rt_1-4407  [000] dn.3  2647.698884: rtg_try_acquire_lock: rtg_preempt: prev=tau_rt_3 sched=FIFO prio=94 pid=4406 tgid=4376 rtgid=1002 | next=deepPicar sched=FIFO prio=93 pid=4366 tgid=4366 rtgid=1001
        tau_rt_2-4396  [003] dn.3  2647.698898: rtg_try_acquire_lock: rtg_block: comm=tau_rt_2 sched=FIFO pid=4396 tgid=4375 rtgid=1002 prio=94
        tau_rt_3-4406  [004] dn.3  2647.698900: rtg_try_acquire_lock: rtg_block: comm=tau_rt_3 sched=FIFO pid=4406 tgid=4376 rtgid=1002 prio=94
       deepPicar-4366  [000] d..3  2647.700085: rtg_try_release_lock: rtg_release: gid=1001 comm=deepPicar
          <idle>-0     [005] dn.3  2647.700087: rtg_try_acquire_lock: rtg_acquire: gid=0 comm=deepPicar
          <idle>-0     [003] dn.3  2647.700090: rtg_try_acquire_lock: rtg_block: comm=tau_rt_2 sched=FIFO pid=4396 tgid=4375 rtgid=1002 prio=94
          <idle>-0     [004] dn.3  2647.700092: rtg_try_acquire_lock: rtg_block: comm=tau_rt_3 sched=FIFO pid=4406 tgid=4376 rtgid=1002 prio=94
       deepPicar-4366  [000] d..3  2647.700094: rtg_try_acquire_lock: rtg_preempt: prev=deepPicar sched=FIFO prio=94 pid=4377 tgid=4377 rtgid=0 | next=deepPicar sched=FIFO prio=93 pid=4391 tgid=4366 rtgid=1001
       deepPicar-4377  [005] dn.3  2647.700097: rtg_try_acquire_lock: rtg_block: comm=deepPicar sched=FIFO pid=4377 tgid=4377 rtgid=0 prio=94
       deepPicar-4391  [000] d..3  2647.700919: rtg_try_release_lock: rtg_release: gid=1001 comm=deepPicar
          <idle>-0     [004] dn.3  2647.700920: rtg_try_acquire_lock: rtg_acquire: gid=1002 comm=tau_rt_3
          <idle>-0     [005] dn.3  2647.700923: rtg_try_acquire_lock: rtg_block: comm=deepPicar sched=FIFO pid=4377 tgid=4377 rtgid=0 prio=94
       deepPicar-4391  [000] d..3  2647.700925: rtg_try_acquire_lock: rtg_preempt: prev=tau_rt_3 sched=FIFO prio=94 pid=4406 tgid=4376 rtgid=1002 | next=deepPicar sched=FIFO prio=93 pid=4381 tgid=4366 rtgid=1001
        tau_rt_2-4396  [003] dn.3  2647.700929: rtg_try_acquire_lock: rtg_block: comm=tau_rt_2 sched=FIFO pid=4396 tgid=4375 rtgid=1002 prio=94
        tau_rt_3-4406  [004] dn.3  2647.700931: rtg_try_acquire_lock: rtg_block: comm=tau_rt_3 sched=FIFO pid=4406 tgid=4376 rtgid=1002 prio=94
       deepPicar-4366  [000] d..3  2647.716504: rtg_try_acquire_lock: rtg_block: comm=tau_rt_1 sched=FIFO pid=4407 tgid=4374 rtgid=1002 prio=94
        tau_rt_4-4373  [005] d..3  2647.731747: rtg_try_release_lock: rtg_release: gid=1001 comm=tau_rt_4
          <idle>-0     [003] dn.3  2647.731750: rtg_try_acquire_lock: rtg_acquire: gid=1002 comm=tau_rt_2
        tau_rt_4-4373  [005] d..3  2647.731756: rtg_try_acquire_lock: rtg_block: comm=deepPicar sched=FIFO pid=4377 tgid=4377 rtgid=0 prio=94
        tau_rt_1-4407  [000] dn.3  2647.748887: rtg_try_acquire_lock: rtg_preempt: prev=tau_rt_2 sched=FIFO prio=94 pid=4396 tgid=4375 rtgid=1002 | next=deepPicar sched=FIFO prio=93 pid=4366 tgid=4366 rtgid=1001
        tau_rt_2-4396  [003] dn.3  2647.748898: rtg_try_acquire_lock: rtg_block: comm=tau_rt_2 sched=FIFO pid=4396 tgid=4375 rtgid=1002 prio=94
        tau_rt_3-4406  [004] dn.3  2647.748902: rtg_try_acquire_lock: rtg_block: comm=tau_rt_3 sched=FIFO pid=4406 tgid=4376 rtgid=1002 prio=94
       deepPicar-4366  [000] d..3  2647.750127: rtg_try_release_lock: rtg_release: gid=1001 comm=deepPicar
          <idle>-0     [005] dn.3  2647.750130: rtg_try_acquire_lock: rtg_acquire: gid=0 comm=deepPicar
          <idle>-0     [004] dn.3  2647.750133: rtg_try_acquire_lock: rtg_block: comm=tau_rt_3 sched=FIFO pid=4406 tgid=4376 rtgid=1002 prio=94
          <idle>-0     [003] dn.3  2647.750135: rtg_try_acquire_lock: rtg_block: comm=tau_rt_2 sched=FIFO pid=4396 tgid=4375 rtgid=1002 prio=94
       deepPicar-4366  [000] d..3  2647.750138: rtg_try_acquire_lock: rtg_preempt: prev=deepPicar sched=FIFO prio=94 pid=4377 tgid=4377 rtgid=0 | next=deepPicar sched=FIFO prio=93 pid=4393 tgid=4366 rtgid=1001
       deepPicar-4377  [005] dn.3  2647.750141: rtg_try_acquire_lock: rtg_block: comm=deepPicar sched=FIFO pid=4377 tgid=4377 rtgid=0 prio=94
       deepPicar-4393  [000] d..3  2647.751121: rtg_try_release_lock: rtg_release: gid=1001 comm=deepPicar
          <idle>-0     [004] dn.3  2647.751123: rtg_try_acquire_lock: rtg_acquire: gid=1002 comm=tau_rt_3
          <idle>-0     [005] dn.3  2647.751126: rtg_try_acquire_lock: rtg_block: comm=deepPicar sched=FIFO pid=4377 tgid=4377 rtgid=0 prio=94
       deepPicar-4393  [000] d..3  2647.751128: rtg_try_acquire_lock: rtg_preempt: prev=tau_rt_3 sched=FIFO prio=94 pid=4406 tgid=4376 rtgid=1002 | next=deepPicar sched=FIFO prio=93 pid=4381 tgid=4366 rtgid=1001
        tau_rt_2-4396  [003] dn.3  2647.751132: rtg_try_acquire_lock: rtg_block: comm=tau_rt_2 sched=FIFO pid=4396 tgid=4375 rtgid=1002 prio=94
        tau_rt_3-4406  [004] dn.3  2647.751134: rtg_try_acquire_lock: rtg_block: comm=tau_rt_3 sched=FIFO pid=4406 tgid=4376 rtgid=1002 prio=94
       deepPicar-4366  [000] d..3  2647.767021: rtg_try_acquire_lock: rtg_block: comm=tau_rt_1 sched=FIFO pid=4407 tgid=4374 rtgid=1002 prio=94
        tau_rt_4-4373  [005] d..3  2647.781842: rtg_try_release_lock: rtg_release: gid=1001 comm=tau_rt_4
          <idle>-0     [000] dn.3  2647.781845: rtg_try_acquire_lock: rtg_acquire: gid=1002 comm=tau_rt_1
        tau_rt_4-4373  [005] d..3  2647.781850: rtg_try_acquire_lock: rtg_block: comm=deepPicar sched=FIFO pid=4377 tgid=4377 rtgid=0 prio=94
        tau_rt_1-4407  [000] dn.3  2647.798883: rtg_try_acquire_lock: rtg_preempt: prev=tau_rt_1 sched=FIFO prio=94 pid=4407 tgid=4374 rtgid=1002 | next=deepPicar sched=FIFO prio=93 pid=4366 tgid=4366 rtgid=1001
        tau_rt_2-4396  [003] dn.3  2647.798895: rtg_try_acquire_lock: rtg_block: comm=tau_rt_2 sched=FIFO pid=4396 tgid=4375 rtgid=1002 prio=94
        tau_rt_3-4406  [004] dn.3  2647.798898: rtg_try_acquire_lock: rtg_block: comm=tau_rt_3 sched=FIFO pid=4406 tgid=4376 rtgid=1002 prio=94
       deepPicar-4366  [000] d..3  2647.800090: rtg_try_release_lock: rtg_release: gid=1001 comm=deepPicar
          <idle>-0     [005] dn.3  2647.800093: rtg_try_acquire_lock: rtg_acquire: gid=0 comm=deepPicar
          <idle>-0     [004] dn.3  2647.800096: rtg_try_acquire_lock: rtg_block: comm=tau_rt_3 sched=FIFO pid=4406 tgid=4376 rtgid=1002 prio=94
          <idle>-0     [003] dn.3  2647.800097: rtg_try_acquire_lock: rtg_block: comm=tau_rt_2 sched=FIFO pid=4396 tgid=4375 rtgid=1002 prio=94
       deepPicar-4366  [000] d..3  2647.800100: rtg_try_acquire_lock: rtg_preempt: prev=deepPicar sched=FIFO prio=94 pid=4377 tgid=4377 rtgid=0 | next=deepPicar sched=FIFO prio=93 pid=4395 tgid=4366 rtgid=1001
       deepPicar-4377  [005] dn.3  2647.800103: rtg_try_acquire_lock: rtg_block: comm=deepPicar sched=FIFO pid=4377 tgid=4377 rtgid=0 prio=94
       deepPicar-4395  [000] d..3  2647.800876: rtg_try_release_lock: rtg_release: gid=1001 comm=deepPicar
          <idle>-0     [005] dn.3  2647.800878: rtg_try_acquire_lock: rtg_acquire: gid=0 comm=deepPicar
          <idle>-0     [004] dn.3  2647.800879: rtg_try_acquire_lock: rtg_block: comm=tau_rt_3 sched=FIFO pid=4406 tgid=4376 rtgid=1002 prio=94
          <idle>-0     [003] dn.3  2647.800881: rtg_try_acquire_lock: rtg_block: comm=tau_rt_2 sched=FIFO pid=4396 tgid=4375 rtgid=1002 prio=94
       deepPicar-4395  [000] d..3  2647.800883: rtg_try_acquire_lock: rtg_preempt: prev=deepPicar sched=FIFO prio=94 pid=4377 tgid=4377 rtgid=0 | next=deepPicar sched=FIFO prio=93 pid=4381 tgid=4366 rtgid=1001
       deepPicar-4377  [005] dn.3  2647.800886: rtg_try_acquire_lock: rtg_block: comm=deepPicar sched=FIFO pid=4377 tgid=4377 rtgid=0 prio=94
       deepPicar-4366  [000] d..3  2647.816569: rtg_try_acquire_lock: rtg_block: comm=tau_rt_1 sched=FIFO pid=4407 tgid=4374 rtgid=1002 prio=94
        tau_rt_4-4373  [005] d..3  2647.831879: rtg_try_release_lock: rtg_release: gid=1001 comm=tau_rt_4
          <idle>-0     [000] dn.3  2647.831882: rtg_try_acquire_lock: rtg_acquire: gid=1002 comm=tau_rt_1
        tau_rt_4-4373  [005] d..3  2647.831886: rtg_try_acquire_lock: rtg_block: comm=deepPicar sched=FIFO pid=4377 tgid=4377 rtgid=0 prio=94
        tau_rt_1-4407  [000] dn.3  2647.848885: rtg_try_acquire_lock: rtg_preempt: prev=tau_rt_1 sched=FIFO prio=94 pid=4407 tgid=4374 rtgid=1002 | next=deepPicar sched=FIFO prio=93 pid=4366 tgid=4366 rtgid=1001
        tau_rt_2-4396  [003] dn.3  2647.848897: rtg_try_acquire_lock: rtg_block: comm=tau_rt_2 sched=FIFO pid=4396 tgid=4375 rtgid=1002 prio=94
        tau_rt_3-4406  [004] dn.3  2647.848900: rtg_try_acquire_lock: rtg_block: comm=tau_rt_3 sched=FIFO pid=4406 tgid=4376 rtgid=1002 prio=94
       deepPicar-4366  [000] d..3  2647.850072: rtg_try_release_lock: rtg_release: gid=1001 comm=deepPicar
          <idle>-0     [004] dn.3  2647.850075: rtg_try_acquire_lock: rtg_acquire: gid=1002 comm=tau_rt_3
          <idle>-0     [005] dn.3  2647.850077: rtg_try_acquire_lock: rtg_block: comm=deepPicar sched=FIFO pid=4377 tgid=4377 rtgid=0 prio=94
       deepPicar-4366  [000] d..3  2647.850081: rtg_try_acquire_lock: rtg_preempt: prev=tau_rt_3 sched=FIFO prio=94 pid=4406 tgid=4376 rtgid=1002 | next=deepPicar sched=FIFO prio=93 pid=4385 tgid=4366 rtgid=1001
        tau_rt_2-4396  [003] dn.3  2647.850084: rtg_try_acquire_lock: rtg_block: comm=tau_rt_2 sched=FIFO pid=4396 tgid=4375 rtgid=1002 prio=94
        tau_rt_3-4406  [004] dn.3  2647.850086: rtg_try_acquire_lock: rtg_block: comm=tau_rt_3 sched=FIFO pid=4406 tgid=4376 rtgid=1002 prio=94
       deepPicar-4385  [000] d..3  2647.850967: rtg_try_release_lock: rtg_release: gid=1001 comm=deepPicar
          <idle>-0     [003] dn.3  2647.850969: rtg_try_acquire_lock: rtg_acquire: gid=1002 comm=tau_rt_2
          <idle>-0     [005] dn.3  2647.850971: rtg_try_acquire_lock: rtg_block: comm=deepPicar sched=FIFO pid=4377 tgid=4377 rtgid=0 prio=94
       deepPicar-4385  [000] d..3  2647.850974: rtg_try_acquire_lock: rtg_preempt: prev=tau_rt_2 sched=FIFO prio=94 pid=4396 tgid=4375 rtgid=1002 | next=deepPicar sched=FIFO prio=93 pid=4381 tgid=4366 rtgid=1001
          <idle>-0     [004] dn.3  2647.850977: rtg_try_acquire_lock: rtg_block: comm=tau_rt_3 sched=FIFO pid=4406 tgid=4376 rtgid=1002 prio=94
        tau_rt_2-4396  [003] dn.3  2647.850978: rtg_try_acquire_lock: rtg_block: comm=tau_rt_2 sched=FIFO pid=4396 tgid=4375 rtgid=1002 prio=94
       deepPicar-4366  [000] d..3  2647.866494: rtg_try_acquire_lock: rtg_block: comm=tau_rt_1 sched=FIFO pid=4407 tgid=4374 rtgid=1002 prio=94
        tau_rt_4-4373  [005] d..3  2647.881690: rtg_try_release_lock: rtg_release: gid=1001 comm=tau_rt_4
          <idle>-0     [000] dn.3  2647.881693: rtg_try_acquire_lock: rtg_acquire: gid=1002 comm=tau_rt_1
        tau_rt_4-4373  [005] d..3  2647.881697: rtg_try_acquire_lock: rtg_block: comm=deepPicar sched=FIFO pid=4377 tgid=4377 rtgid=0 prio=94
        tau_rt_1-4407  [000] dn.3  2647.898886: rtg_try_acquire_lock: rtg_preempt: prev=tau_rt_1 sched=FIFO prio=94 pid=4407 tgid=4374 rtgid=1002 | next=deepPicar sched=FIFO prio=93 pid=4366 tgid=4366 rtgid=1001
        tau_rt_3-4406  [004] dn.3  2647.898898: rtg_try_acquire_lock: rtg_block: comm=tau_rt_3 sched=FIFO pid=4406 tgid=4376 rtgid=1002 prio=94
        tau_rt_2-4396  [003] dn.3  2647.898903: rtg_try_acquire_lock: rtg_block: comm=tau_rt_2 sched=FIFO pid=4396 tgid=4375 rtgid=1002 prio=94
       deepPicar-4366  [000] d..3  2647.900108: rtg_try_release_lock: rtg_release: gid=1001 comm=deepPicar
          <idle>-0     [004] dn.3  2647.900110: rtg_try_acquire_lock: rtg_acquire: gid=1002 comm=tau_rt_3
          <idle>-0     [005] dn.3  2647.900114: rtg_try_acquire_lock: rtg_block: comm=deepPicar sched=FIFO pid=4377 tgid=4377 rtgid=0 prio=94
       deepPicar-4366  [000] d..3  2647.900117: rtg_try_acquire_lock: rtg_preempt: prev=tau_rt_3 sched=FIFO prio=94 pid=4406 tgid=4376 rtgid=1002 | next=deepPicar sched=FIFO prio=93 pid=4386 tgid=4366 rtgid=1001
        tau_rt_2-4396  [003] dn.3  2647.900120: rtg_try_acquire_lock: rtg_block: comm=tau_rt_2 sched=FIFO pid=4396 tgid=4375 rtgid=1002 prio=94
        tau_rt_3-4406  [004] dn.3  2647.900122: rtg_try_acquire_lock: rtg_block: comm=tau_rt_3 sched=FIFO pid=4406 tgid=4376 rtgid=1002 prio=94
       deepPicar-4386  [000] d..3  2647.900843: rtg_try_release_lock: rtg_release: gid=1001 comm=deepPicar
