# tracer: nop
#
# entries-in-buffer/entries-written: 973/973   #P:6
#
#                              _-----=> irqs-off
#                             / _----=> need-resched
#                            | / _---=> hardirq/softirq
#                            || / _--=> preempt-depth
#                            ||| /     delay
#           TASK-PID   CPU#  ||||    TIMESTAMP  FUNCTION
#              | |       |   ||||       |         |
     kworker/4:2-384   [004] dn.3  2721.832745: rtg_try_acquire_lock: rtg_acquire: gid=0 comm=deepPicar
            bash-2455  [003] dn.3  2721.837957: rtg_try_acquire_lock: rtg_block: comm=deepPicar sched=FIFO pid=4452 tgid=4452 rtgid=0 prio=93
       deepPicar-4453  [004] d..3  2721.852791: rtg_try_release_lock: rtg_release: gid=0 comm=deepPicar
          <idle>-0     [003] dn.3  2721.852795: rtg_try_acquire_lock: rtg_acquire: gid=0 comm=deepPicar
     kworker/4:2-384   [004] dn.3  2721.852812: rtg_try_acquire_lock: rtg_block: comm=deepPicar sched=FIFO pid=4453 tgid=4453 rtgid=0 prio=93
        tau_rt_3-4459  [004] ...1  2721.967106: tracing_mark_write: ===== [RTG-LIB] <4459> Syncing on barrier...
       deepPicar-4451  [000] ...1  2722.102862: tracing_mark_write: ===== [RTG-LIB] <4451> Syncing on barrier...
       deepPicar-4454  [005] ...1  2722.109800: tracing_mark_write: ===== [RTG-LIB] <4454> Syncing on barrier...
        tau_rt_1-4457  [000] ...1  2722.112688: tracing_mark_write: ===== [RTG-LIB] <4457> Syncing on barrier...
       deepPicar-4466  [003] d..3  2722.117416: rtg_try_release_lock: rtg_release: gid=1001 comm=deepPicar
          <idle>-0     [004] dn.3  2722.117420: rtg_try_acquire_lock: rtg_acquire: gid=0 comm=deepPicar
       deepPicar-4466  [003] d..3  2722.117424: rtg_try_acquire_lock: rtg_block: comm=deepPicar sched=FIFO pid=4452 tgid=4452 rtgid=1001 prio=93
        tau_rt_4-4460  [005] ...1  2722.119574: tracing_mark_write: ===== [RTG-LIB] <4460> Syncing on barrier...
        tau_rt_2-4458  [003] ...1  2722.127175: tracing_mark_write: ===== [RTG-LIB] <4458> Syncing on barrier...
        tau_rt_2-4458  [003] ...1  2722.127223: tracing_mark_write: ===== [RTG-LIB] <4458> Sync Complete!
          <idle>-0     [000] dn.3  2722.127224: rtg_try_acquire_lock: rtg_block: comm=tau_rt_1 sched=FIFO pid=4457 tgid=4457 rtgid=1002 prio=94
          <idle>-0     [005] dn.3  2722.127227: rtg_try_acquire_lock: rtg_block: comm=tau_rt_4 sched=FIFO pid=4460 tgid=4460 rtgid=1002 prio=94
       deepPicar-4453  [004] d..3  2722.264000: rtg_try_release_lock: rtg_release: gid=1001 comm=deepPicar
          <idle>-0     [000] dn.3  2722.264004: rtg_try_acquire_lock: rtg_acquire: gid=1002 comm=tau_rt_1
          <idle>-0     [003] dn.3  2722.264010: rtg_try_acquire_lock: rtg_preempt: prev=tau_rt_1 sched=FIFO prio=94 pid=4457 tgid=4457 rtgid=1002 | next=deepPicar sched=FIFO prio=93 pid=4452 tgid=4452 rtgid=1001
          <idle>-0     [005] dn.3  2722.264014: rtg_try_acquire_lock: rtg_block: comm=tau_rt_4 sched=FIFO pid=4460 tgid=4460 rtgid=1002 prio=94
        tau_rt_1-4457  [000] dn.3  2722.264017: rtg_try_acquire_lock: rtg_block: comm=tau_rt_1 sched=FIFO pid=4457 tgid=4457 rtgid=1002 prio=94
       deepPicar-4452  [003] ...1  2722.264146: tracing_mark_write: ===== [RTG-LIB] <4452> Syncing on barrier...
       deepPicar-4452  [003] d..3  2722.264182: rtg_try_acquire_lock: rtg_block: comm=tau_rt_2 sched=FIFO pid=4488 tgid=4458 rtgid=1002 prio=94
       deepPicar-4492  [004] d..3  2722.265307: rtg_try_release_lock: rtg_release: gid=1001 comm=deepPicar
          <idle>-0     [000] dn.3  2722.265309: rtg_try_acquire_lock: rtg_acquire: gid=1002 comm=tau_rt_1
       deepPicar-4492  [004] d..3  2722.265314: rtg_try_acquire_lock: rtg_preempt: prev=tau_rt_1 sched=FIFO prio=94 pid=4457 tgid=4457 rtgid=1002 | next=deepPicar sched=FIFO prio=93 pid=4493 tgid=4453 rtgid=1001
        tau_rt_1-4457  [000] dn.3  2722.265317: rtg_try_acquire_lock: rtg_block: comm=tau_rt_1 sched=FIFO pid=4457 tgid=4457 rtgid=1002 prio=94
        tau_rt_2-4488  [003] dn.3  2722.265319: rtg_try_acquire_lock: rtg_block: comm=tau_rt_2 sched=FIFO pid=4488 tgid=4458 rtgid=1002 prio=94
        tau_rt_4-4460  [005] dn.3  2722.265321: rtg_try_acquire_lock: rtg_block: comm=tau_rt_4 sched=FIFO pid=4460 tgid=4460 rtgid=1002 prio=94
       deepPicar-4493  [004] d..3  2722.265328: rtg_try_release_lock: rtg_release: gid=1001 comm=deepPicar
          <idle>-0     [000] dn.3  2722.265329: rtg_try_acquire_lock: rtg_acquire: gid=1002 comm=tau_rt_1
       deepPicar-4493  [004] d..3  2722.265332: rtg_try_acquire_lock: rtg_preempt: prev=tau_rt_1 sched=FIFO prio=94 pid=4457 tgid=4457 rtgid=1002 | next=deepPicar sched=FIFO prio=93 pid=4494 tgid=4453 rtgid=1001
        tau_rt_1-4457  [000] dn.3  2722.265335: rtg_try_acquire_lock: rtg_block: comm=tau_rt_1 sched=FIFO pid=4457 tgid=4457 rtgid=1002 prio=94
       deepPicar-4494  [004] d..3  2722.265342: rtg_try_release_lock: rtg_release: gid=1001 comm=deepPicar
          <idle>-0     [000] dn.3  2722.265343: rtg_try_acquire_lock: rtg_acquire: gid=1002 comm=tau_rt_1
       deepPicar-4494  [004] d..3  2722.265346: rtg_try_acquire_lock: rtg_preempt: prev=tau_rt_1 sched=FIFO prio=94 pid=4457 tgid=4457 rtgid=1002 | next=deepPicar sched=FIFO prio=93 pid=4495 tgid=4453 rtgid=1001
        tau_rt_1-4457  [000] dn.3  2722.265348: rtg_try_acquire_lock: rtg_block: comm=tau_rt_1 sched=FIFO pid=4457 tgid=4457 rtgid=1002 prio=94
       deepPicar-4495  [004] d..3  2722.265355: rtg_try_release_lock: rtg_release: gid=1001 comm=deepPicar
          <idle>-0     [000] dn.3  2722.265356: rtg_try_acquire_lock: rtg_acquire: gid=1002 comm=tau_rt_1
        tau_rt_1-4457  [000] ...1  2722.265357: tracing_mark_write: ===== [RTG-LIB] <4457> Sync Complete!
       deepPicar-4495  [004] d..3  2722.265358: rtg_try_acquire_lock: rtg_preempt: prev=tau_rt_1 sched=FIFO prio=94 pid=4457 tgid=4457 rtgid=1002 | next=deepPicar sched=FIFO prio=93 pid=4496 tgid=4453 rtgid=1001
        tau_rt_1-4457  [000] dn.3  2722.265360: rtg_try_acquire_lock: rtg_block: comm=tau_rt_1 sched=FIFO pid=4457 tgid=4457 rtgid=1002 prio=94
       deepPicar-4496  [004] d..3  2722.265367: rtg_try_release_lock: rtg_release: gid=1001 comm=deepPicar
          <idle>-0     [000] dn.3  2722.265368: rtg_try_acquire_lock: rtg_acquire: gid=1002 comm=tau_rt_1
       deepPicar-4496  [004] d..3  2722.265370: rtg_try_acquire_lock: rtg_preempt: prev=tau_rt_1 sched=FIFO prio=94 pid=4457 tgid=4457 rtgid=1002 | next=deepPicar sched=FIFO prio=93 pid=4497 tgid=4453 rtgid=1001
        tau_rt_1-4457  [000] dn.3  2722.265373: rtg_try_acquire_lock: rtg_block: comm=tau_rt_1 sched=FIFO pid=4457 tgid=4457 rtgid=1002 prio=94
       deepPicar-4497  [004] d..3  2722.265380: rtg_try_release_lock: rtg_release: gid=1001 comm=deepPicar
          <idle>-0     [000] dn.3  2722.265380: rtg_try_acquire_lock: rtg_acquire: gid=1002 comm=tau_rt_1
       deepPicar-4497  [004] d..3  2722.265383: rtg_try_acquire_lock: rtg_preempt: prev=tau_rt_1 sched=FIFO prio=94 pid=4457 tgid=4457 rtgid=1002 | next=deepPicar sched=FIFO prio=93 pid=4453 tgid=4453 rtgid=1001
        tau_rt_1-4457  [000] dn.3  2722.265385: rtg_try_acquire_lock: rtg_block: comm=tau_rt_1 sched=FIFO pid=4457 tgid=4457 rtgid=1002 prio=94
       deepPicar-4453  [004] d..3  2722.265516: rtg_try_release_lock: rtg_release: gid=1001 comm=deepPicar
          <idle>-0     [000] dn.3  2722.265517: rtg_try_acquire_lock: rtg_acquire: gid=1002 comm=tau_rt_1
       deepPicar-4453  [004] d..3  2722.265519: rtg_try_acquire_lock: rtg_preempt: prev=tau_rt_1 sched=FIFO prio=94 pid=4457 tgid=4457 rtgid=1002 | next=deepPicar sched=FIFO prio=93 pid=4493 tgid=4453 rtgid=1001
        tau_rt_1-4457  [000] dn.3  2722.265522: rtg_try_acquire_lock: rtg_block: comm=tau_rt_1 sched=FIFO pid=4457 tgid=4457 rtgid=1002 prio=94
       deepPicar-4493  [004] d..3  2722.266149: rtg_try_release_lock: rtg_release: gid=1001 comm=deepPicar
          <idle>-0     [000] dn.3  2722.266150: rtg_try_acquire_lock: rtg_acquire: gid=1002 comm=tau_rt_1
       deepPicar-4493  [004] d..3  2722.266153: rtg_try_acquire_lock: rtg_preempt: prev=tau_rt_1 sched=FIFO prio=94 pid=4457 tgid=4457 rtgid=1002 | next=deepPicar sched=FIFO prio=93 pid=4453 tgid=4453 rtgid=1001
        tau_rt_1-4457  [000] dn.3  2722.266155: rtg_try_acquire_lock: rtg_block: comm=tau_rt_1 sched=FIFO pid=4457 tgid=4457 rtgid=1002 prio=94
       deepPicar-4453  [004] d..3  2722.266318: rtg_try_release_lock: rtg_release: gid=1001 comm=deepPicar
          <idle>-0     [000] dn.3  2722.266320: rtg_try_acquire_lock: rtg_acquire: gid=1002 comm=tau_rt_1
       deepPicar-4453  [004] d..3  2722.266322: rtg_try_acquire_lock: rtg_preempt: prev=tau_rt_1 sched=FIFO prio=94 pid=4457 tgid=4457 rtgid=1002 | next=deepPicar sched=FIFO prio=93 pid=4494 tgid=4453 rtgid=1001
        tau_rt_1-4457  [000] dn.3  2722.266325: rtg_try_acquire_lock: rtg_block: comm=tau_rt_1 sched=FIFO pid=4457 tgid=4457 rtgid=1002 prio=94
       deepPicar-4494  [004] d..3  2722.266836: rtg_try_release_lock: rtg_release: gid=1001 comm=deepPicar
          <idle>-0     [000] dn.3  2722.266838: rtg_try_acquire_lock: rtg_acquire: gid=1002 comm=tau_rt_1
       deepPicar-4494  [004] d..3  2722.266840: rtg_try_acquire_lock: rtg_preempt: prev=tau_rt_1 sched=FIFO prio=94 pid=4457 tgid=4457 rtgid=1002 | next=deepPicar sched=FIFO prio=93 pid=4453 tgid=4453 rtgid=1001
        tau_rt_1-4457  [000] dn.3  2722.266843: rtg_try_acquire_lock: rtg_block: comm=tau_rt_1 sched=FIFO pid=4457 tgid=4457 rtgid=1002 prio=94
       deepPicar-4453  [004] d..3  2722.267086: rtg_try_release_lock: rtg_release: gid=1001 comm=deepPicar
          <idle>-0     [000] dn.3  2722.267087: rtg_try_acquire_lock: rtg_acquire: gid=1002 comm=tau_rt_1
       deepPicar-4453  [004] d..3  2722.267090: rtg_try_acquire_lock: rtg_preempt: prev=tau_rt_1 sched=FIFO prio=94 pid=4457 tgid=4457 rtgid=1002 | next=deepPicar sched=FIFO prio=93 pid=4495 tgid=4453 rtgid=1001
        tau_rt_1-4457  [000] dn.3  2722.267092: rtg_try_acquire_lock: rtg_block: comm=tau_rt_1 sched=FIFO pid=4457 tgid=4457 rtgid=1002 prio=94
       deepPicar-4495  [004] d..3  2722.267588: rtg_try_release_lock: rtg_release: gid=1001 comm=deepPicar
          <idle>-0     [000] dn.3  2722.267589: rtg_try_acquire_lock: rtg_acquire: gid=1002 comm=tau_rt_1
       deepPicar-4495  [004] d..3  2722.267592: rtg_try_acquire_lock: rtg_preempt: prev=tau_rt_1 sched=FIFO prio=94 pid=4457 tgid=4457 rtgid=1002 | next=deepPicar sched=FIFO prio=93 pid=4453 tgid=4453 rtgid=1001
        tau_rt_1-4457  [000] dn.3  2722.267595: rtg_try_acquire_lock: rtg_block: comm=tau_rt_1 sched=FIFO pid=4457 tgid=4457 rtgid=1002 prio=94
       deepPicar-4453  [004] d..3  2722.267810: rtg_try_release_lock: rtg_release: gid=1001 comm=deepPicar
          <idle>-0     [000] dn.3  2722.267811: rtg_try_acquire_lock: rtg_acquire: gid=1002 comm=tau_rt_1
       deepPicar-4453  [004] d..3  2722.267814: rtg_try_acquire_lock: rtg_preempt: prev=tau_rt_1 sched=FIFO prio=94 pid=4457 tgid=4457 rtgid=1002 | next=deepPicar sched=FIFO prio=93 pid=4496 tgid=4453 rtgid=1001
        tau_rt_1-4457  [000] dn.3  2722.267816: rtg_try_acquire_lock: rtg_block: comm=tau_rt_1 sched=FIFO pid=4457 tgid=4457 rtgid=1002 prio=94
       deepPicar-4496  [004] d..3  2722.268279: rtg_try_release_lock: rtg_release: gid=1001 comm=deepPicar
          <idle>-0     [000] dn.3  2722.268281: rtg_try_acquire_lock: rtg_acquire: gid=1002 comm=tau_rt_1
       deepPicar-4496  [004] d..3  2722.268283: rtg_try_acquire_lock: rtg_preempt: prev=tau_rt_1 sched=FIFO prio=94 pid=4457 tgid=4457 rtgid=1002 | next=deepPicar sched=FIFO prio=93 pid=4453 tgid=4453 rtgid=1001
        tau_rt_1-4457  [000] dn.3  2722.268285: rtg_try_acquire_lock: rtg_block: comm=tau_rt_1 sched=FIFO pid=4457 tgid=4457 rtgid=1002 prio=94
          <idle>-0     [005] dn.3  2722.290986: rtg_try_acquire_lock: rtg_block: comm=tau_rt_4 sched=FIFO pid=4460 tgid=4460 rtgid=1002 prio=94
       deepPicar-4453  [004] d..3  2722.332403: rtg_try_release_lock: rtg_release: gid=1001 comm=deepPicar
          <idle>-0     [005] dn.3  2722.332406: rtg_try_acquire_lock: rtg_acquire: gid=1002 comm=tau_rt_4
       deepPicar-4453  [004] d..3  2722.332410: rtg_try_acquire_lock: rtg_preempt: prev=tau_rt_4 sched=FIFO prio=94 pid=4460 tgid=4460 rtgid=1002 | next=deepPicar sched=FIFO prio=93 pid=4497 tgid=4453 rtgid=1001
        tau_rt_1-4457  [000] dn.3  2722.332414: rtg_try_acquire_lock: rtg_block: comm=tau_rt_1 sched=FIFO pid=4457 tgid=4457 rtgid=1002 prio=94
        tau_rt_4-4460  [005] dn.3  2722.332416: rtg_try_acquire_lock: rtg_block: comm=tau_rt_4 sched=FIFO pid=4460 tgid=4460 rtgid=1002 prio=94
       deepPicar-4497  [004] d..3  2722.332950: rtg_try_release_lock: rtg_release: gid=1001 comm=deepPicar
          <idle>-0     [005] dn.3  2722.332952: rtg_try_acquire_lock: rtg_acquire: gid=1002 comm=tau_rt_4
       deepPicar-4497  [004] d..3  2722.332956: rtg_try_acquire_lock: rtg_preempt: prev=tau_rt_4 sched=FIFO prio=94 pid=4460 tgid=4460 rtgid=1002 | next=deepPicar sched=FIFO prio=93 pid=4490 tgid=4453 rtgid=1001
        tau_rt_1-4457  [000] dn.3  2722.332958: rtg_try_acquire_lock: rtg_block: comm=tau_rt_1 sched=FIFO pid=4457 tgid=4457 rtgid=1002 prio=94
        tau_rt_4-4460  [005] dn.3  2722.332960: rtg_try_acquire_lock: rtg_block: comm=tau_rt_4 sched=FIFO pid=4460 tgid=4460 rtgid=1002 prio=94
       deepPicar-4490  [004] d..3  2722.344766: rtg_try_release_lock: rtg_release: gid=1001 comm=deepPicar
          <idle>-0     [000] dn.3  2722.344769: rtg_try_acquire_lock: rtg_acquire: gid=1002 comm=tau_rt_1
       deepPicar-4490  [004] d..3  2722.344772: rtg_try_acquire_lock: rtg_preempt: prev=tau_rt_1 sched=FIFO prio=94 pid=4457 tgid=4457 rtgid=1002 | next=deepPicar sched=FIFO prio=93 pid=4453 tgid=4453 rtgid=1001
        tau_rt_1-4457  [000] dn.3  2722.344775: rtg_try_acquire_lock: rtg_block: comm=tau_rt_1 sched=FIFO pid=4457 tgid=4457 rtgid=1002 prio=94
        tau_rt_4-4460  [005] dn.3  2722.344777: rtg_try_acquire_lock: rtg_block: comm=tau_rt_4 sched=FIFO pid=4460 tgid=4460 rtgid=1002 prio=94
       deepPicar-4453  [004] ...1  2722.344900: tracing_mark_write: ===== [RTG-LIB] <4453> Syncing on barrier...
       deepPicar-4453  [004] ...1  2722.344953: tracing_mark_write: ===== [RTG-LIB] <4453> Sync Complete!
       deepPicar-4451  [000] ...1  2722.344961: tracing_mark_write: ===== [RTG-LIB] <4451> Sync Complete!
       deepPicar-4452  [003] ...1  2722.344963: tracing_mark_write: ===== [RTG-LIB] <4452> Sync Complete!
       deepPicar-4454  [005] ...1  2722.344963: tracing_mark_write: ===== [RTG-LIB] <4454> Sync Complete!
       deepPicar-4482  [003] d..3  2722.346808: rtg_try_release_lock: rtg_release: gid=1001 comm=deepPicar
       deepPicar-4468  [000] dn.3  2722.346812: rtg_try_acquire_lock: rtg_acquire: gid=1001 comm=deepPicar
       deepPicar-4453  [004] d..3  2722.360844: rtg_try_acquire_lock: rtg_block: comm=tau_rt_3 sched=FIFO pid=4459 tgid=4459 rtgid=1002 prio=94
       deepPicar-4454  [005] d..3  2722.360848: rtg_try_acquire_lock: rtg_block: comm=tau_rt_4 sched=FIFO pid=4460 tgid=4460 rtgid=1002 prio=94
       deepPicar-4452  [003] d..3  2722.360907: rtg_try_acquire_lock: rtg_block: comm=tau_rt_2 sched=FIFO pid=4488 tgid=4458 rtgid=1002 prio=94
       deepPicar-4451  [000] d..3  2722.360958: rtg_try_release_lock: rtg_release: gid=1001 comm=deepPicar
          <idle>-0     [003] dn.3  2722.360960: rtg_try_acquire_lock: rtg_acquire: gid=1002 comm=tau_rt_2
        tau_rt_4-4460  [005] ...1  2722.360975: tracing_mark_write: ===== [RTG-LIB] <4460> Sync Complete!
        tau_rt_3-4459  [004] ...1  2722.360976: tracing_mark_write: ===== [RTG-LIB] <4459> Sync Complete!
        tau_rt_1-4498  [000] d..3  2722.384203: rtg_try_release_lock: rtg_release: gid=1002 comm=tau_rt_1
          <idle>-0     [004] dn.3  2722.394988: rtg_try_acquire_lock: rtg_acquire: gid=1001 comm=deepPicar
       deepPicar-4454  [005] d..3  2722.396336: rtg_try_release_lock: rtg_release: gid=1001 comm=deepPicar
       deepPicar-4453  [004] d..3  2722.396339: rtg_try_acquire_lock: rtg_acquire: gid=1001 comm=deepPicar
       deepPicar-4462  [000] d..3  2722.410671: rtg_try_release_lock: rtg_release: gid=1001 comm=deepPicar
       deepPicar-4462  [000] d..3  2722.410674: rtg_try_acquire_lock: rtg_acquire: gid=1001 comm=deepPicar
       deepPicar-4451  [000] d..3  2722.410762: rtg_try_release_lock: rtg_release: gid=1001 comm=deepPicar
          <idle>-0     [003] dn.3  2722.411044: rtg_try_acquire_lock: rtg_acquire: gid=1002 comm=tau_rt_2
        tau_rt_1-4498  [000] d..3  2722.434110: rtg_try_release_lock: rtg_release: gid=1002 comm=tau_rt_1
          <idle>-0     [004] dn.3  2722.444983: rtg_try_acquire_lock: rtg_acquire: gid=1001 comm=deepPicar
       deepPicar-4452  [003] d..3  2722.446317: rtg_try_release_lock: rtg_release: gid=1001 comm=deepPicar
       deepPicar-4454  [005] d..3  2722.446320: rtg_try_acquire_lock: rtg_acquire: gid=1001 comm=deepPicar
       deepPicar-4462  [000] d..3  2722.460635: rtg_try_release_lock: rtg_release: gid=1001 comm=deepPicar
       deepPicar-4462  [000] d..3  2722.460637: rtg_try_acquire_lock: rtg_acquire: gid=1001 comm=deepPicar
       deepPicar-4451  [000] d..3  2722.460722: rtg_try_release_lock: rtg_release: gid=1001 comm=deepPicar
          <idle>-0     [003] dn.3  2722.461049: rtg_try_acquire_lock: rtg_acquire: gid=1002 comm=tau_rt_2
        tau_rt_1-4498  [000] d..3  2722.484181: rtg_try_release_lock: rtg_release: gid=1002 comm=tau_rt_1
          <idle>-0     [004] dn.3  2722.494993: rtg_try_acquire_lock: rtg_acquire: gid=1001 comm=deepPicar
       deepPicar-4452  [003] d..3  2722.496316: rtg_try_release_lock: rtg_release: gid=1001 comm=deepPicar
       deepPicar-4454  [005] d..3  2722.496319: rtg_try_acquire_lock: rtg_acquire: gid=1001 comm=deepPicar
       deepPicar-4451  [000] d..3  2722.510539: rtg_try_release_lock: rtg_release: gid=1001 comm=deepPicar
          <idle>-0     [003] dn.3  2722.511050: rtg_try_acquire_lock: rtg_acquire: gid=1002 comm=tau_rt_2
        tau_rt_1-4498  [000] d..3  2722.534123: rtg_try_release_lock: rtg_release: gid=1002 comm=tau_rt_1
          <idle>-0     [004] dn.3  2722.544985: rtg_try_acquire_lock: rtg_acquire: gid=1001 comm=deepPicar
       deepPicar-4454  [005] d..3  2722.546310: rtg_try_release_lock: rtg_release: gid=1001 comm=deepPicar
       deepPicar-4452  [003] d..3  2722.546313: rtg_try_acquire_lock: rtg_acquire: gid=1001 comm=deepPicar
       deepPicar-4462  [000] d..3  2722.560579: rtg_try_release_lock: rtg_release: gid=1001 comm=deepPicar
       deepPicar-4462  [000] d..3  2722.560581: rtg_try_acquire_lock: rtg_acquire: gid=1001 comm=deepPicar
       deepPicar-4451  [000] d..3  2722.560666: rtg_try_release_lock: rtg_release: gid=1001 comm=deepPicar
          <idle>-0     [003] dn.3  2722.561048: rtg_try_acquire_lock: rtg_acquire: gid=1002 comm=tau_rt_2
        tau_rt_1-4498  [000] d..3  2722.584161: rtg_try_release_lock: rtg_release: gid=1002 comm=tau_rt_1
          <idle>-0     [004] dn.3  2722.594982: rtg_try_acquire_lock: rtg_acquire: gid=1001 comm=deepPicar
       deepPicar-4451  [000] d..3  2722.610599: rtg_try_release_lock: rtg_release: gid=1001 comm=deepPicar
          <idle>-0     [003] dn.3  2722.611045: rtg_try_acquire_lock: rtg_acquire: gid=1002 comm=tau_rt_2
        tau_rt_1-4498  [000] d..3  2722.634162: rtg_try_release_lock: rtg_release: gid=1002 comm=tau_rt_1
          <idle>-0     [004] dn.3  2722.644980: rtg_try_acquire_lock: rtg_acquire: gid=1001 comm=deepPicar
       deepPicar-4452  [003] d..3  2722.646360: rtg_try_release_lock: rtg_release: gid=1001 comm=deepPicar
       deepPicar-4453  [004] d..3  2722.646363: rtg_try_acquire_lock: rtg_acquire: gid=1001 comm=deepPicar
       deepPicar-4492  [004] d..3  2722.647473: rtg_try_release_lock: rtg_release: gid=1001 comm=deepPicar
       deepPicar-4475  [005] d..3  2722.647476: rtg_try_acquire_lock: rtg_acquire: gid=1001 comm=deepPicar
       deepPicar-4464  [005] d..3  2722.661271: rtg_try_release_lock: rtg_release: gid=1001 comm=deepPicar
       deepPicar-4462  [000] d..3  2722.661275: rtg_try_acquire_lock: rtg_acquire: gid=1001 comm=deepPicar
       deepPicar-4452  [003] d..3  2722.661390: rtg_try_release_lock: rtg_release: gid=1001 comm=deepPicar
       deepPicar-4451  [000] d..3  2722.661392: rtg_try_acquire_lock: rtg_acquire: gid=1002 comm=tau_rt_1
        tau_rt_1-4498  [000] d..3  2722.684396: rtg_try_release_lock: rtg_release: gid=1002 comm=tau_rt_1
          <idle>-0     [004] dn.3  2722.694981: rtg_try_acquire_lock: rtg_acquire: gid=1001 comm=deepPicar
       deepPicar-4452  [003] d..3  2722.696335: rtg_try_release_lock: rtg_release: gid=1001 comm=deepPicar
       deepPicar-4451  [000] d..3  2722.696339: rtg_try_acquire_lock: rtg_acquire: gid=1001 comm=deepPicar
       deepPicar-4469  [000] d..3  2722.696905: rtg_try_release_lock: rtg_release: gid=1001 comm=deepPicar
       deepPicar-4476  [005] d..3  2722.696908: rtg_try_acquire_lock: rtg_acquire: gid=1001 comm=deepPicar
       deepPicar-4452  [003] d..3  2722.710695: rtg_try_release_lock: rtg_release: gid=1001 comm=deepPicar
          <idle>-0     [003] dn.3  2722.711043: rtg_try_acquire_lock: rtg_acquire: gid=1002 comm=tau_rt_2
        tau_rt_1-4498  [000] d..3  2722.734149: rtg_try_release_lock: rtg_release: gid=1002 comm=tau_rt_1
          <idle>-0     [004] dn.3  2722.744980: rtg_try_acquire_lock: rtg_acquire: gid=1001 comm=deepPicar
       deepPicar-4452  [003] d..3  2722.746335: rtg_try_release_lock: rtg_release: gid=1001 comm=deepPicar
       deepPicar-4453  [004] d..3  2722.746338: rtg_try_acquire_lock: rtg_acquire: gid=1001 comm=deepPicar
       deepPicar-4451  [000] d..3  2722.760803: rtg_try_release_lock: rtg_release: gid=1001 comm=deepPicar
          <idle>-0     [003] dn.3  2722.761049: rtg_try_acquire_lock: rtg_acquire: gid=1002 comm=tau_rt_2
        tau_rt_1-4498  [000] d..3  2722.784169: rtg_try_release_lock: rtg_release: gid=1002 comm=tau_rt_1
          <idle>-0     [004] dn.3  2722.794986: rtg_try_acquire_lock: rtg_acquire: gid=1001 comm=deepPicar
       deepPicar-4454  [005] d..3  2722.796332: rtg_try_release_lock: rtg_release: gid=1001 comm=deepPicar
       deepPicar-4453  [004] d..3  2722.796335: rtg_try_acquire_lock: rtg_acquire: gid=1001 comm=deepPicar
       deepPicar-4495  [004] d..3  2722.797100: rtg_try_release_lock: rtg_release: gid=1001 comm=deepPicar
       deepPicar-4485  [003] d..3  2722.797103: rtg_try_acquire_lock: rtg_acquire: gid=1001 comm=deepPicar
       deepPicar-4451  [000] d..3  2722.810862: rtg_try_release_lock: rtg_release: gid=1001 comm=deepPicar
          <idle>-0     [003] dn.3  2722.811047: rtg_try_acquire_lock: rtg_acquire: gid=1002 comm=tau_rt_2
        tau_rt_1-4498  [000] d..3  2722.834098: rtg_try_release_lock: rtg_release: gid=1002 comm=tau_rt_1
          <idle>-0     [004] dn.3  2722.844992: rtg_try_acquire_lock: rtg_acquire: gid=1001 comm=deepPicar
       deepPicar-4452  [003] d..3  2722.846347: rtg_try_release_lock: rtg_release: gid=1001 comm=deepPicar
       deepPicar-4454  [005] d..3  2722.846350: rtg_try_acquire_lock: rtg_acquire: gid=1001 comm=deepPicar
       deepPicar-4454  [005] d..3  2722.860983: rtg_try_release_lock: rtg_release: gid=1001 comm=deepPicar
          <idle>-0     [003] dn.3  2722.861049: rtg_try_acquire_lock: rtg_acquire: gid=1002 comm=tau_rt_2
        tau_rt_1-4498  [000] d..3  2722.884266: rtg_try_release_lock: rtg_release: gid=1002 comm=tau_rt_1
          <idle>-0     [004] dn.3  2722.894993: rtg_try_acquire_lock: rtg_acquire: gid=1001 comm=deepPicar
       deepPicar-4452  [003] d..3  2722.896349: rtg_try_release_lock: rtg_release: gid=1001 comm=deepPicar
       deepPicar-4453  [004] d..3  2722.896352: rtg_try_acquire_lock: rtg_acquire: gid=1001 comm=deepPicar
       deepPicar-4473  [000] d..3  2722.897127: rtg_try_release_lock: rtg_release: gid=1001 comm=deepPicar
       deepPicar-4480  [005] d..3  2722.897131: rtg_try_acquire_lock: rtg_acquire: gid=1001 comm=deepPicar
       deepPicar-4451  [000] d..3  2722.910832: rtg_try_release_lock: rtg_release: gid=1001 comm=deepPicar
          <idle>-0     [003] dn.3  2722.911045: rtg_try_acquire_lock: rtg_acquire: gid=1002 comm=tau_rt_2
        tau_rt_1-4498  [000] d..3  2722.934108: rtg_try_release_lock: rtg_release: gid=1002 comm=tau_rt_1
          <idle>-0     [004] dn.3  2722.944991: rtg_try_acquire_lock: rtg_acquire: gid=1001 comm=deepPicar
       deepPicar-4451  [000] d..3  2722.960866: rtg_try_release_lock: rtg_release: gid=1001 comm=deepPicar
          <idle>-0     [003] dn.3  2722.961048: rtg_try_acquire_lock: rtg_acquire: gid=1002 comm=tau_rt_2
        tau_rt_1-4498  [000] d..3  2722.984199: rtg_try_release_lock: rtg_release: gid=1002 comm=tau_rt_1
          <idle>-0     [004] dn.3  2722.994983: rtg_try_acquire_lock: rtg_acquire: gid=1001 comm=deepPicar
       deepPicar-4453  [004] d..3  2722.996331: rtg_try_release_lock: rtg_release: gid=1001 comm=deepPicar
       deepPicar-4451  [000] d..3  2722.996334: rtg_try_acquire_lock: rtg_acquire: gid=1001 comm=deepPicar
       deepPicar-4451  [000] d..3  2723.010794: rtg_try_release_lock: rtg_release: gid=1001 comm=deepPicar
          <idle>-0     [003] dn.3  2723.011051: rtg_try_acquire_lock: rtg_acquire: gid=1002 comm=tau_rt_2
        tau_rt_1-4498  [000] d..3  2723.034140: rtg_try_release_lock: rtg_release: gid=1002 comm=tau_rt_1
          <idle>-0     [004] dn.3  2723.044983: rtg_try_acquire_lock: rtg_acquire: gid=1001 comm=deepPicar
       deepPicar-4453  [004] d..3  2723.046319: rtg_try_release_lock: rtg_release: gid=1001 comm=deepPicar
       deepPicar-4452  [003] d..3  2723.046322: rtg_try_acquire_lock: rtg_acquire: gid=1001 comm=deepPicar
       deepPicar-4462  [000] d..3  2723.061007: rtg_try_release_lock: rtg_release: gid=1001 comm=deepPicar
       deepPicar-4462  [000] d..3  2723.061009: rtg_try_acquire_lock: rtg_acquire: gid=1001 comm=deepPicar
          <idle>-0     [003] dn.3  2723.061050: rtg_try_acquire_lock: rtg_block: comm=tau_rt_2 sched=FIFO pid=4488 tgid=4458 rtgid=1002 prio=94
          <idle>-0     [005] dn.3  2723.061095: rtg_try_acquire_lock: rtg_block: comm=tau_rt_4 sched=FIFO pid=4499 tgid=4460 rtgid=1002 prio=94
          <idle>-0     [004] dn.3  2723.061100: rtg_try_acquire_lock: rtg_block: comm=tau_rt_3 sched=FIFO pid=4500 tgid=4459 rtgid=1002 prio=94
       deepPicar-4451  [000] d..3  2723.061108: rtg_try_release_lock: rtg_release: gid=1001 comm=deepPicar
          <idle>-0     [003] dn.3  2723.061110: rtg_try_acquire_lock: rtg_acquire: gid=1002 comm=tau_rt_2
        tau_rt_2-4488  [003] d..3  2723.084147: rtg_try_release_lock: rtg_release: gid=1002 comm=tau_rt_2
          <idle>-0     [004] dn.3  2723.094984: rtg_try_acquire_lock: rtg_acquire: gid=1001 comm=deepPicar
       deepPicar-4452  [003] d..3  2723.096343: rtg_try_release_lock: rtg_release: gid=1001 comm=deepPicar
       deepPicar-4454  [005] d..3  2723.096346: rtg_try_acquire_lock: rtg_acquire: gid=1001 comm=deepPicar
          <idle>-0     [005] dn.3  2723.111097: rtg_try_acquire_lock: rtg_block: comm=tau_rt_4 sched=FIFO pid=4499 tgid=4460 rtgid=1002 prio=94
          <idle>-0     [004] dn.3  2723.111101: rtg_try_acquire_lock: rtg_block: comm=tau_rt_3 sched=FIFO pid=4500 tgid=4459 rtgid=1002 prio=94
       deepPicar-4452  [003] d..3  2723.111110: rtg_try_acquire_lock: rtg_block: comm=tau_rt_2 sched=FIFO pid=4488 tgid=4458 rtgid=1002 prio=94
       deepPicar-4462  [000] d..3  2723.111122: rtg_try_release_lock: rtg_release: gid=1001 comm=deepPicar
          <idle>-0     [005] dn.3  2723.111124: rtg_try_acquire_lock: rtg_acquire: gid=1002 comm=tau_rt_4
       deepPicar-4462  [000] d..3  2723.111129: rtg_try_acquire_lock: rtg_preempt: prev=tau_rt_4 sched=FIFO prio=94 pid=4499 tgid=4460 rtgid=1002 | next=deepPicar sched=FIFO prio=93 pid=4451 tgid=4451 rtgid=1001
        tau_rt_3-4500  [004] dn.3  2723.111133: rtg_try_acquire_lock: rtg_block: comm=tau_rt_3 sched=FIFO pid=4500 tgid=4459 rtgid=1002 prio=94
        tau_rt_4-4499  [005] dn.3  2723.111135: rtg_try_acquire_lock: rtg_block: comm=tau_rt_4 sched=FIFO pid=4499 tgid=4460 rtgid=1002 prio=94
       deepPicar-4451  [000] d..3  2723.111213: rtg_try_release_lock: rtg_release: gid=1001 comm=deepPicar
          <idle>-0     [005] dn.3  2723.111214: rtg_try_acquire_lock: rtg_acquire: gid=1002 comm=tau_rt_4
        tau_rt_1-4498  [000] d..3  2723.137544: rtg_try_release_lock: rtg_release: gid=1002 comm=tau_rt_1
          <idle>-0     [004] dn.3  2723.144982: rtg_try_acquire_lock: rtg_acquire: gid=1001 comm=deepPicar
       deepPicar-4453  [004] d..3  2723.146325: rtg_try_release_lock: rtg_release: gid=1001 comm=deepPicar
       deepPicar-4452  [003] d..3  2723.146328: rtg_try_acquire_lock: rtg_acquire: gid=1001 comm=deepPicar
       deepPicar-4452  [003] d..3  2723.160859: rtg_try_acquire_lock: rtg_block: comm=tau_rt_2 sched=FIFO pid=4488 tgid=4458 rtgid=1002 prio=94
       deepPicar-4462  [000] d..3  2723.160914: rtg_try_release_lock: rtg_release: gid=1001 comm=deepPicar
       deepPicar-4462  [000] d..3  2723.160916: rtg_try_acquire_lock: rtg_acquire: gid=1001 comm=deepPicar
          <idle>-0     [003] dn.3  2723.160918: rtg_try_acquire_lock: rtg_block: comm=tau_rt_2 sched=FIFO pid=4488 tgid=4458 rtgid=1002 prio=94
       deepPicar-4451  [000] d..3  2723.161004: rtg_try_release_lock: rtg_release: gid=1001 comm=deepPicar
          <idle>-0     [003] dn.3  2723.161005: rtg_try_acquire_lock: rtg_acquire: gid=1002 comm=tau_rt_2
          <idle>-0     [004] dn.3  2723.194992: rtg_try_acquire_lock: rtg_preempt: prev=tau_rt_2 sched=FIFO prio=94 pid=4488 tgid=4458 rtgid=1002 | next=deepPicar sched=FIFO prio=93 pid=4453 tgid=4453 rtgid=1001
       deepPicar-4453  [004] d..3  2723.196357: rtg_try_release_lock: rtg_release: gid=1001 comm=deepPicar
       deepPicar-4454  [005] d..3  2723.196360: rtg_try_acquire_lock: rtg_acquire: gid=1001 comm=deepPicar
       deepPicar-4452  [003] d..3  2723.210838: rtg_try_acquire_lock: rtg_block: comm=tau_rt_2 sched=FIFO pid=4488 tgid=4458 rtgid=1002 prio=94
       deepPicar-4462  [000] d..3  2723.210888: rtg_try_release_lock: rtg_release: gid=1001 comm=deepPicar
       deepPicar-4462  [000] d..3  2723.210890: rtg_try_acquire_lock: rtg_acquire: gid=1001 comm=deepPicar
          <idle>-0     [003] dn.3  2723.210892: rtg_try_acquire_lock: rtg_block: comm=tau_rt_2 sched=FIFO pid=4488 tgid=4458 rtgid=1002 prio=94
       deepPicar-4451  [000] d..3  2723.210996: rtg_try_release_lock: rtg_release: gid=1001 comm=deepPicar
          <idle>-0     [003] dn.3  2723.210998: rtg_try_acquire_lock: rtg_acquire: gid=1002 comm=tau_rt_2
          <idle>-0     [004] dn.3  2723.244998: rtg_try_acquire_lock: rtg_preempt: prev=tau_rt_2 sched=FIFO prio=94 pid=4488 tgid=4458 rtgid=1002 | next=deepPicar sched=FIFO prio=93 pid=4453 tgid=4453 rtgid=1001
       deepPicar-4452  [003] d..3  2723.246367: rtg_try_release_lock: rtg_release: gid=1001 comm=deepPicar
       deepPicar-4454  [005] d..3  2723.246371: rtg_try_acquire_lock: rtg_acquire: gid=1001 comm=deepPicar
       deepPicar-4452  [003] d..3  2723.261243: rtg_try_acquire_lock: rtg_block: comm=tau_rt_2 sched=FIFO pid=4488 tgid=4458 rtgid=1002 prio=94
       deepPicar-4454  [005] d..3  2723.261248: rtg_try_acquire_lock: rtg_block: comm=tau_rt_4 sched=FIFO pid=4499 tgid=4460 rtgid=1002 prio=94
       deepPicar-4453  [004] d..3  2723.261251: rtg_try_acquire_lock: rtg_block: comm=tau_rt_3 sched=FIFO pid=4500 tgid=4459 rtgid=1002 prio=94
       deepPicar-4451  [000] d..3  2723.261287: rtg_try_release_lock: rtg_release: gid=1001 comm=deepPicar
          <idle>-0     [005] dn.3  2723.261289: rtg_try_acquire_lock: rtg_acquire: gid=1002 comm=tau_rt_4
        tau_rt_2-4488  [003] d..3  2723.290881: rtg_try_release_lock: rtg_release: gid=1002 comm=tau_rt_2
          <idle>-0     [004] dn.3  2723.294991: rtg_try_acquire_lock: rtg_acquire: gid=1001 comm=deepPicar
       deepPicar-4452  [003] d..3  2723.296326: rtg_try_release_lock: rtg_release: gid=1001 comm=deepPicar
       deepPicar-4454  [005] d..3  2723.296329: rtg_try_acquire_lock: rtg_acquire: gid=1001 comm=deepPicar
       deepPicar-4462  [000] d..3  2723.311001: rtg_try_release_lock: rtg_release: gid=1001 comm=deepPicar
       deepPicar-4462  [000] d..3  2723.311004: rtg_try_acquire_lock: rtg_acquire: gid=1001 comm=deepPicar
          <idle>-0     [003] dn.3  2723.311045: rtg_try_acquire_lock: rtg_block: comm=tau_rt_2 sched=FIFO pid=4488 tgid=4458 rtgid=1002 prio=94
          <idle>-0     [004] dn.3  2723.311094: rtg_try_acquire_lock: rtg_block: comm=tau_rt_3 sched=FIFO pid=4500 tgid=4459 rtgid=1002 prio=94
          <idle>-0     [005] dn.3  2723.311097: rtg_try_acquire_lock: rtg_block: comm=tau_rt_4 sched=FIFO pid=4499 tgid=4460 rtgid=1002 prio=94
       deepPicar-4451  [000] d..3  2723.311104: rtg_try_release_lock: rtg_release: gid=1001 comm=deepPicar
       deepPicar-4451  [000] d..3  2723.311105: rtg_try_acquire_lock: rtg_acquire: gid=1002 comm=tau_rt_1
        tau_rt_1-4498  [000] d..3  2723.336493: rtg_try_release_lock: rtg_release: gid=1002 comm=tau_rt_1
          <idle>-0     [004] dn.3  2723.344991: rtg_try_acquire_lock: rtg_acquire: gid=1001 comm=deepPicar
       deepPicar-4452  [003] d..3  2723.346310: rtg_try_release_lock: rtg_release: gid=1001 comm=deepPicar
       deepPicar-4454  [005] d..3  2723.346313: rtg_try_acquire_lock: rtg_acquire: gid=1001 comm=deepPicar
       deepPicar-4453  [004] d..3  2723.360931: rtg_try_release_lock: rtg_release: gid=1001 comm=deepPicar
       deepPicar-4454  [005] d..3  2723.360935: rtg_try_acquire_lock: rtg_acquire: gid=1002 comm=tau_rt_4
        tau_rt_3-4500  [004] dn.3  2723.394989: rtg_try_acquire_lock: rtg_preempt: prev=tau_rt_4 sched=FIFO prio=94 pid=4499 tgid=4460 rtgid=1002 | next=deepPicar sched=FIFO prio=93 pid=4453 tgid=4453 rtgid=1001
       deepPicar-4453  [004] d..3  2723.411014: rtg_try_acquire_lock: rtg_block: comm=tau_rt_3 sched=FIFO pid=4500 tgid=4459 rtgid=1002 prio=94
       deepPicar-4454  [005] d..3  2723.411019: rtg_try_acquire_lock: rtg_block: comm=tau_rt_4 sched=FIFO pid=4499 tgid=4460 rtgid=1002 prio=94
       deepPicar-4452  [003] d..3  2723.411106: rtg_try_acquire_lock: rtg_block: comm=tau_rt_2 sched=FIFO pid=4488 tgid=4458 rtgid=1002 prio=94
       deepPicar-4462  [000] d..3  2723.411141: rtg_try_release_lock: rtg_release: gid=1001 comm=deepPicar
          <idle>-0     [003] dn.3  2723.411143: rtg_try_acquire_lock: rtg_acquire: gid=1002 comm=tau_rt_2
       deepPicar-4462  [000] d..3  2723.411148: rtg_try_acquire_lock: rtg_preempt: prev=tau_rt_2 sched=FIFO prio=94 pid=4488 tgid=4458 rtgid=1002 | next=deepPicar sched=FIFO prio=93 pid=4451 tgid=4451 rtgid=1001
        tau_rt_4-4499  [005] dn.3  2723.411153: rtg_try_acquire_lock: rtg_block: comm=tau_rt_4 sched=FIFO pid=4499 tgid=4460 rtgid=1002 prio=94
        tau_rt_3-4500  [004] dn.3  2723.411155: rtg_try_acquire_lock: rtg_block: comm=tau_rt_3 sched=FIFO pid=4500 tgid=4459 rtgid=1002 prio=94
        tau_rt_2-4488  [003] dn.3  2723.411157: rtg_try_acquire_lock: rtg_block: comm=tau_rt_2 sched=FIFO pid=4488 tgid=4458 rtgid=1002 prio=94
       deepPicar-4451  [000] d..3  2723.411234: rtg_try_release_lock: rtg_release: gid=1001 comm=deepPicar
          <idle>-0     [003] dn.3  2723.411236: rtg_try_acquire_lock: rtg_acquire: gid=1002 comm=tau_rt_2
        tau_rt_3-4500  [004] dn.3  2723.444993: rtg_try_acquire_lock: rtg_preempt: prev=tau_rt_2 sched=FIFO prio=94 pid=4488 tgid=4458 rtgid=1002 | next=deepPicar sched=FIFO prio=93 pid=4453 tgid=4453 rtgid=1001
       deepPicar-4454  [005] d..3  2723.446308: rtg_try_release_lock: rtg_release: gid=1001 comm=deepPicar
       deepPicar-4451  [000] d..3  2723.446312: rtg_try_acquire_lock: rtg_acquire: gid=1001 comm=deepPicar
       deepPicar-4454  [005] d..3  2723.460981: rtg_try_acquire_lock: rtg_block: comm=tau_rt_4 sched=FIFO pid=4499 tgid=4460 rtgid=1002 prio=94
       deepPicar-4453  [004] d..3  2723.460985: rtg_try_acquire_lock: rtg_block: comm=tau_rt_3 sched=FIFO pid=4500 tgid=4459 rtgid=1002 prio=94
       deepPicar-4451  [000] d..3  2723.461054: rtg_try_release_lock: rtg_release: gid=1001 comm=deepPicar
          <idle>-0     [003] dn.3  2723.461056: rtg_try_acquire_lock: rtg_acquire: gid=1002 comm=tau_rt_2
        tau_rt_3-4500  [004] d..3  2723.487432: rtg_try_release_lock: rtg_release: gid=1002 comm=tau_rt_3
          <idle>-0     [004] dn.3  2723.494992: rtg_try_acquire_lock: rtg_acquire: gid=1001 comm=deepPicar
       deepPicar-4452  [003] d..3  2723.496337: rtg_try_release_lock: rtg_release: gid=1001 comm=deepPicar
       deepPicar-4453  [004] d..3  2723.496340: rtg_try_acquire_lock: rtg_acquire: gid=1001 comm=deepPicar
       deepPicar-4462  [000] d..3  2723.510918: rtg_try_release_lock: rtg_release: gid=1001 comm=deepPicar
       deepPicar-4462  [000] d..3  2723.510920: rtg_try_acquire_lock: rtg_acquire: gid=1001 comm=deepPicar
       deepPicar-4451  [000] d..3  2723.511039: rtg_try_release_lock: rtg_release: gid=1001 comm=deepPicar
          <idle>-0     [003] dn.3  2723.511044: rtg_try_acquire_lock: rtg_acquire: gid=1002 comm=tau_rt_2
        tau_rt_1-4498  [000] d..3  2723.534017: rtg_try_release_lock: rtg_release: gid=1002 comm=tau_rt_1
          <idle>-0     [004] dn.3  2723.544983: rtg_try_acquire_lock: rtg_acquire: gid=1001 comm=deepPicar
       deepPicar-4452  [003] d..3  2723.546329: rtg_try_release_lock: rtg_release: gid=1001 comm=deepPicar
       deepPicar-4453  [004] d..3  2723.546332: rtg_try_acquire_lock: rtg_acquire: gid=1001 comm=deepPicar
       deepPicar-4492  [004] d..3  2723.547259: rtg_try_release_lock: rtg_release: gid=1001 comm=deepPicar
       deepPicar-4475  [005] d..3  2723.547262: rtg_try_acquire_lock: rtg_acquire: gid=1001 comm=deepPicar
       deepPicar-4466  [003] d..3  2723.560979: rtg_try_release_lock: rtg_release: gid=1001 comm=deepPicar
       deepPicar-4464  [005] d..3  2723.560982: rtg_try_acquire_lock: rtg_acquire: gid=1001 comm=deepPicar
       deepPicar-4452  [003] d..3  2723.561099: rtg_try_acquire_lock: rtg_block: comm=tau_rt_2 sched=FIFO pid=4488 tgid=4458 rtgid=1002 prio=94
       deepPicar-4454  [005] d..3  2723.561104: rtg_try_release_lock: rtg_release: gid=1001 comm=deepPicar
       deepPicar-4451  [000] d..3  2723.561106: rtg_try_acquire_lock: rtg_acquire: gid=1002 comm=tau_rt_1
          <idle>-0     [004] dn.3  2723.594991: rtg_try_acquire_lock: rtg_preempt: prev=tau_rt_1 sched=FIFO prio=94 pid=4498 tgid=4457 rtgid=1002 | next=deepPicar sched=FIFO prio=93 pid=4453 tgid=4453 rtgid=1001
       deepPicar-4453  [004] d..3  2723.596357: rtg_try_release_lock: rtg_release: gid=1001 comm=deepPicar
       deepPicar-4452  [003] d..3  2723.596360: rtg_try_acquire_lock: rtg_acquire: gid=1001 comm=deepPicar
       deepPicar-4452  [003] d..3  2723.610859: rtg_try_acquire_lock: rtg_block: comm=tau_rt_2 sched=FIFO pid=4488 tgid=4458 rtgid=1002 prio=94
       deepPicar-4451  [000] d..3  2723.610867: rtg_try_release_lock: rtg_release: gid=1001 comm=deepPicar
          <idle>-0     [000] dn.3  2723.611093: rtg_try_acquire_lock: rtg_acquire: gid=1002 comm=tau_rt_1
        tau_rt_1-4498  [000] d..3  2723.637251: rtg_try_release_lock: rtg_release: gid=1002 comm=tau_rt_1
          <idle>-0     [004] dn.3  2723.644982: rtg_try_acquire_lock: rtg_acquire: gid=1001 comm=deepPicar
       deepPicar-4452  [003] d..3  2723.646360: rtg_try_release_lock: rtg_release: gid=1001 comm=deepPicar
       deepPicar-4454  [005] d..3  2723.646363: rtg_try_acquire_lock: rtg_acquire: gid=1001 comm=deepPicar
       deepPicar-4452  [003] d..3  2723.660965: rtg_try_acquire_lock: rtg_block: comm=tau_rt_2 sched=FIFO pid=4488 tgid=4458 rtgid=1002 prio=94
       deepPicar-4451  [000] d..3  2723.660995: rtg_try_release_lock: rtg_release: gid=1001 comm=deepPicar
          <idle>-0     [003] dn.3  2723.660999: rtg_try_acquire_lock: rtg_acquire: gid=1002 comm=tau_rt_2
        tau_rt_2-4488  [003] dn.3  2723.695001: rtg_try_release_lock: rtg_release: gid=1002 comm=tau_rt_2
          <idle>-0     [000] dn.3  2723.695005: rtg_try_acquire_lock: rtg_acquire: gid=1001 comm=deepPicar
       deepPicar-4451  [000] d..3  2723.696362: rtg_try_release_lock: rtg_release: gid=1001 comm=deepPicar
       deepPicar-4453  [004] d..3  2723.696365: rtg_try_acquire_lock: rtg_acquire: gid=1001 comm=deepPicar
       deepPicar-4452  [003] d..3  2723.710931: rtg_try_acquire_lock: rtg_block: comm=tau_rt_2 sched=FIFO pid=4488 tgid=4458 rtgid=1002 prio=94
       deepPicar-4462  [000] d..3  2723.711059: rtg_try_release_lock: rtg_release: gid=1001 comm=deepPicar
          <idle>-0     [003] dn.3  2723.711061: rtg_try_acquire_lock: rtg_acquire: gid=1002 comm=tau_rt_2
       deepPicar-4462  [000] d..3  2723.711065: rtg_try_acquire_lock: rtg_preempt: prev=tau_rt_2 sched=FIFO prio=94 pid=4488 tgid=4458 rtgid=1002 | next=deepPicar sched=FIFO prio=93 pid=4451 tgid=4451 rtgid=1001
        tau_rt_2-4488  [003] dn.3  2723.711069: rtg_try_acquire_lock: rtg_block: comm=tau_rt_2 sched=FIFO pid=4488 tgid=4458 rtgid=1002 prio=94
          <idle>-0     [005] dn.3  2723.711092: rtg_try_acquire_lock: rtg_block: comm=tau_rt_4 sched=FIFO pid=4499 tgid=4460 rtgid=1002 prio=94
          <idle>-0     [004] dn.3  2723.711095: rtg_try_acquire_lock: rtg_block: comm=tau_rt_3 sched=FIFO pid=4500 tgid=4459 rtgid=1002 prio=94
       deepPicar-4451  [000] d..3  2723.711168: rtg_try_release_lock: rtg_release: gid=1001 comm=deepPicar
          <idle>-0     [003] dn.3  2723.711169: rtg_try_acquire_lock: rtg_acquire: gid=1002 comm=tau_rt_2
        tau_rt_2-4488  [003] d..3  2723.735241: rtg_try_release_lock: rtg_release: gid=1002 comm=tau_rt_2
          <idle>-0     [004] dn.3  2723.744989: rtg_try_acquire_lock: rtg_acquire: gid=1001 comm=deepPicar
       deepPicar-4452  [003] d..3  2723.746321: rtg_try_release_lock: rtg_release: gid=1001 comm=deepPicar
       deepPicar-4454  [005] d..3  2723.746325: rtg_try_acquire_lock: rtg_acquire: gid=1001 comm=deepPicar
       deepPicar-4451  [000] d..3  2723.760962: rtg_try_release_lock: rtg_release: gid=1001 comm=deepPicar
          <idle>-0     [003] dn.3  2723.761049: rtg_try_acquire_lock: rtg_acquire: gid=1002 comm=tau_rt_2
        tau_rt_1-4498  [000] d..3  2723.784166: rtg_try_release_lock: rtg_release: gid=1002 comm=tau_rt_1
          <idle>-0     [004] dn.3  2723.794982: rtg_try_acquire_lock: rtg_acquire: gid=1001 comm=deepPicar
       deepPicar-4452  [003] d..3  2723.796337: rtg_try_release_lock: rtg_release: gid=1001 comm=deepPicar
       deepPicar-4453  [004] d..3  2723.796340: rtg_try_acquire_lock: rtg_acquire: gid=1001 comm=deepPicar
       deepPicar-4464  [005] d..3  2723.810823: rtg_try_release_lock: rtg_release: gid=1001 comm=deepPicar
       deepPicar-4490  [004] d..3  2723.810827: rtg_try_acquire_lock: rtg_acquire: gid=1001 comm=deepPicar
       deepPicar-4453  [004] d..3  2723.810941: rtg_try_release_lock: rtg_release: gid=1001 comm=deepPicar
          <idle>-0     [003] dn.3  2723.811044: rtg_try_acquire_lock: rtg_acquire: gid=1002 comm=tau_rt_2
        tau_rt_1-4498  [000] d..3  2723.834116: rtg_try_release_lock: rtg_release: gid=1002 comm=tau_rt_1
          <idle>-0     [004] dn.3  2723.844987: rtg_try_acquire_lock: rtg_acquire: gid=1001 comm=deepPicar
       deepPicar-4452  [003] d..3  2723.846393: rtg_try_release_lock: rtg_release: gid=1001 comm=deepPicar
       deepPicar-4451  [000] d..3  2723.846396: rtg_try_acquire_lock: rtg_acquire: gid=1001 comm=deepPicar
       deepPicar-4454  [005] d..3  2723.861125: rtg_try_acquire_lock: rtg_block: comm=tau_rt_4 sched=FIFO pid=4499 tgid=4460 rtgid=1002 prio=94
       deepPicar-4453  [004] d..3  2723.861129: rtg_try_acquire_lock: rtg_block: comm=tau_rt_3 sched=FIFO pid=4500 tgid=4459 rtgid=1002 prio=94
       deepPicar-4452  [003] d..3  2723.861195: rtg_try_acquire_lock: rtg_block: comm=tau_rt_2 sched=FIFO pid=4488 tgid=4458 rtgid=1002 prio=94
       deepPicar-4451  [000] d..3  2723.861264: rtg_try_release_lock: rtg_release: gid=1001 comm=deepPicar
          <idle>-0     [003] dn.3  2723.861266: rtg_try_acquire_lock: rtg_acquire: gid=1002 comm=tau_rt_2
        tau_rt_1-4498  [000] d..3  2723.884252: rtg_try_release_lock: rtg_release: gid=1002 comm=tau_rt_1
          <idle>-0     [004] dn.3  2723.894981: rtg_try_acquire_lock: rtg_acquire: gid=1001 comm=deepPicar
       deepPicar-4452  [003] d..3  2723.896335: rtg_try_release_lock: rtg_release: gid=1001 comm=deepPicar
       deepPicar-4453  [004] d..3  2723.896338: rtg_try_acquire_lock: rtg_acquire: gid=1001 comm=deepPicar
       deepPicar-4451  [000] d..3  2723.910986: rtg_try_release_lock: rtg_release: gid=1001 comm=deepPicar
          <idle>-0     [003] dn.3  2723.911041: rtg_try_acquire_lock: rtg_acquire: gid=1002 comm=tau_rt_2
        tau_rt_1-4498  [000] d..3  2723.934095: rtg_try_release_lock: rtg_release: gid=1002 comm=tau_rt_1
          <idle>-0     [004] dn.3  2723.944983: rtg_try_acquire_lock: rtg_acquire: gid=1001 comm=deepPicar
       deepPicar-4453  [004] d..3  2723.946329: rtg_try_release_lock: rtg_release: gid=1001 comm=deepPicar
       deepPicar-4451  [000] d..3  2723.946332: rtg_try_acquire_lock: rtg_acquire: gid=1001 comm=deepPicar
       deepPicar-4451  [000] d..3  2723.960963: rtg_try_release_lock: rtg_release: gid=1001 comm=deepPicar
          <idle>-0     [003] dn.3  2723.961048: rtg_try_acquire_lock: rtg_acquire: gid=1002 comm=tau_rt_2
        tau_rt_1-4498  [000] d..3  2723.984198: rtg_try_release_lock: rtg_release: gid=1002 comm=tau_rt_1
          <idle>-0     [004] dn.3  2723.994980: rtg_try_acquire_lock: rtg_acquire: gid=1001 comm=deepPicar
       deepPicar-4454  [005] d..3  2723.996329: rtg_try_release_lock: rtg_release: gid=1001 comm=deepPicar
       deepPicar-4452  [003] d..3  2723.996332: rtg_try_acquire_lock: rtg_acquire: gid=1001 comm=deepPicar
       deepPicar-4452  [003] d..3  2724.011063: rtg_try_acquire_lock: rtg_block: comm=tau_rt_2 sched=FIFO pid=4488 tgid=4458 rtgid=1002 prio=94
          <idle>-0     [005] dn.3  2724.011098: rtg_try_acquire_lock: rtg_block: comm=tau_rt_4 sched=FIFO pid=4499 tgid=4460 rtgid=1002 prio=94
          <idle>-0     [004] dn.3  2724.011101: rtg_try_acquire_lock: rtg_block: comm=tau_rt_3 sched=FIFO pid=4500 tgid=4459 rtgid=1002 prio=94
       deepPicar-4451  [000] d..3  2724.011120: rtg_try_release_lock: rtg_release: gid=1001 comm=deepPicar
          <idle>-0     [005] dn.3  2724.011122: rtg_try_acquire_lock: rtg_acquire: gid=1002 comm=tau_rt_4
        tau_rt_2-4488  [003] d..3  2724.034108: rtg_try_release_lock: rtg_release: gid=1002 comm=tau_rt_2
          <idle>-0     [004] dn.3  2724.044980: rtg_try_acquire_lock: rtg_acquire: gid=1001 comm=deepPicar
       deepPicar-4453  [004] d..3  2724.061173: rtg_try_acquire_lock: rtg_block: comm=tau_rt_3 sched=FIFO pid=4500 tgid=4459 rtgid=1002 prio=94
       deepPicar-4454  [005] d..3  2724.061177: rtg_try_acquire_lock: rtg_block: comm=tau_rt_4 sched=FIFO pid=4499 tgid=4460 rtgid=1002 prio=94
       deepPicar-4452  [003] d..3  2724.061179: rtg_try_acquire_lock: rtg_block: comm=tau_rt_2 sched=FIFO pid=4488 tgid=4458 rtgid=1002 prio=94
       deepPicar-4451  [000] d..3  2724.061188: rtg_try_release_lock: rtg_release: gid=1001 comm=deepPicar
       deepPicar-4451  [000] d..3  2724.061190: rtg_try_acquire_lock: rtg_acquire: gid=1002 comm=tau_rt_1
        tau_rt_1-4498  [000] d..3  2724.081508: rtg_try_release_lock: rtg_release: gid=1002 comm=tau_rt_1
          <idle>-0     [004] dn.3  2724.094965: rtg_try_acquire_lock: rtg_acquire: gid=1002 comm=tau_rt_3
        tau_rt_3-4500  [004] dn.3  2724.094979: rtg_try_release_lock: rtg_release: gid=1002 comm=tau_rt_3
        tau_rt_3-4500  [004] dn.3  2724.094980: rtg_try_acquire_lock: rtg_acquire: gid=1001 comm=deepPicar
       deepPicar-4454  [005] d..3  2724.096360: rtg_try_release_lock: rtg_release: gid=1001 comm=deepPicar
       deepPicar-4453  [004] d..3  2724.096364: rtg_try_acquire_lock: rtg_acquire: gid=1001 comm=deepPicar
       deepPicar-4497  [004] d..3  2724.097185: rtg_try_release_lock: rtg_release: gid=1001 comm=deepPicar
       deepPicar-4480  [005] d..3  2724.097188: rtg_try_acquire_lock: rtg_acquire: gid=1001 comm=deepPicar
       deepPicar-4453  [004] d..3  2724.110823: rtg_try_acquire_lock: rtg_block: comm=tau_rt_3 sched=FIFO pid=4500 tgid=4459 rtgid=1002 prio=94
       deepPicar-4454  [005] d..3  2724.110827: rtg_try_acquire_lock: rtg_block: comm=tau_rt_4 sched=FIFO pid=4499 tgid=4460 rtgid=1002 prio=94
       deepPicar-4452  [003] d..3  2724.110855: rtg_try_acquire_lock: rtg_block: comm=tau_rt_2 sched=FIFO pid=4488 tgid=4458 rtgid=1002 prio=94
       deepPicar-4462  [000] d..3  2724.110917: rtg_try_release_lock: rtg_release: gid=1001 comm=deepPicar
          <idle>-0     [003] dn.3  2724.110919: rtg_try_acquire_lock: rtg_acquire: gid=1002 comm=tau_rt_2
       deepPicar-4462  [000] d..3  2724.110924: rtg_try_acquire_lock: rtg_preempt: prev=tau_rt_2 sched=FIFO prio=94 pid=4488 tgid=4458 rtgid=1002 | next=deepPicar sched=FIFO prio=93 pid=4451 tgid=4451 rtgid=1001
        tau_rt_4-4499  [005] dn.3  2724.110929: rtg_try_acquire_lock: rtg_block: comm=tau_rt_4 sched=FIFO pid=4499 tgid=4460 rtgid=1002 prio=94
        tau_rt_3-4500  [004] dn.3  2724.110932: rtg_try_acquire_lock: rtg_block: comm=tau_rt_3 sched=FIFO pid=4500 tgid=4459 rtgid=1002 prio=94
        tau_rt_2-4488  [003] dn.3  2724.110933: rtg_try_acquire_lock: rtg_block: comm=tau_rt_2 sched=FIFO pid=4488 tgid=4458 rtgid=1002 prio=94
       deepPicar-4451  [000] d..3  2724.111031: rtg_try_release_lock: rtg_release: gid=1001 comm=deepPicar
          <idle>-0     [004] dn.3  2724.111032: rtg_try_acquire_lock: rtg_acquire: gid=1002 comm=tau_rt_3
        tau_rt_3-4500  [004] dn.3  2724.144998: rtg_try_acquire_lock: rtg_preempt: prev=tau_rt_3 sched=FIFO prio=94 pid=4500 tgid=4459 rtgid=1002 | next=deepPicar sched=FIFO prio=93 pid=4453 tgid=4453 rtgid=1001
