       deepPicar-4453  [004] d..3  2724.146353: rtg_try_release_lock: rtg_release: gid=1001 comm=deepPicar
       deepPicar-4452  [003] d..3  2724.146356: rtg_try_acquire_lock: rtg_acquire: gid=1001 comm=deepPicar
       deepPicar-4454  [005] d..3  2724.161085: rtg_try_acquire_lock: rtg_block: comm=tau_rt_4 sched=FIFO pid=4499 tgid=4460 rtgid=1002 prio=94
       deepPicar-4453  [004] d..3  2724.161089: rtg_try_acquire_lock: rtg_block: comm=tau_rt_3 sched=FIFO pid=4500 tgid=4459 rtgid=1002 prio=94
       deepPicar-4452  [003] d..3  2724.161092: rtg_try_acquire_lock: rtg_block: comm=tau_rt_2 sched=FIFO pid=4488 tgid=4458 rtgid=1002 prio=94
       deepPicar-4451  [000] d..3  2724.161115: rtg_try_release_lock: rtg_release: gid=1001 comm=deepPicar
          <idle>-0     [003] dn.3  2724.161117: rtg_try_acquire_lock: rtg_acquire: gid=1002 comm=tau_rt_2
        tau_rt_3-4500  [004] dn.3  2724.194990: rtg_try_acquire_lock: rtg_preempt: prev=tau_rt_2 sched=FIFO prio=94 pid=4488 tgid=4458 rtgid=1002 | next=deepPicar sched=FIFO prio=93 pid=4453 tgid=4453 rtgid=1001
       deepPicar-4452  [003] d..3  2724.196334: rtg_try_release_lock: rtg_release: gid=1001 comm=deepPicar
       deepPicar-4453  [004] d..3  2724.196337: rtg_try_acquire_lock: rtg_acquire: gid=1001 comm=deepPicar
       deepPicar-4469  [000] d..3  2724.197208: rtg_try_release_lock: rtg_release: gid=1001 comm=deepPicar
       deepPicar-4476  [005] d..3  2724.197211: rtg_try_acquire_lock: rtg_acquire: gid=1001 comm=deepPicar
       deepPicar-4454  [005] d..3  2724.210902: rtg_try_acquire_lock: rtg_block: comm=tau_rt_4 sched=FIFO pid=4499 tgid=4460 rtgid=1002 prio=94
       deepPicar-4452  [003] d..3  2724.210906: rtg_try_acquire_lock: rtg_block: comm=tau_rt_2 sched=FIFO pid=4488 tgid=4458 rtgid=1002 prio=94
       deepPicar-4453  [004] d..3  2724.210909: rtg_try_acquire_lock: rtg_block: comm=tau_rt_3 sched=FIFO pid=4500 tgid=4459 rtgid=1002 prio=94
       deepPicar-4451  [000] d..3  2724.210983: rtg_try_release_lock: rtg_release: gid=1001 comm=deepPicar
          <idle>-0     [005] dn.3  2724.210985: rtg_try_acquire_lock: rtg_acquire: gid=1002 comm=tau_rt_4
        tau_rt_3-4500  [004] dn.3  2724.244997: rtg_try_acquire_lock: rtg_preempt: prev=tau_rt_4 sched=FIFO prio=94 pid=4499 tgid=4460 rtgid=1002 | next=deepPicar sched=FIFO prio=93 pid=4453 tgid=4453 rtgid=1001
       deepPicar-4452  [003] d..3  2724.246346: rtg_try_release_lock: rtg_release: gid=1001 comm=deepPicar
       deepPicar-4454  [005] d..3  2724.246349: rtg_try_acquire_lock: rtg_acquire: gid=1001 comm=deepPicar
       deepPicar-4453  [004] d..3  2724.261147: rtg_try_acquire_lock: rtg_block: comm=tau_rt_3 sched=FIFO pid=4500 tgid=4459 rtgid=1002 prio=94
       deepPicar-4454  [005] d..3  2724.261215: rtg_try_acquire_lock: rtg_block: comm=tau_rt_4 sched=FIFO pid=4499 tgid=4460 rtgid=1002 prio=94
       deepPicar-4452  [003] d..3  2724.261219: rtg_try_acquire_lock: rtg_block: comm=tau_rt_2 sched=FIFO pid=4488 tgid=4458 rtgid=1002 prio=94
       deepPicar-4451  [000] d..3  2724.261288: rtg_try_release_lock: rtg_release: gid=1001 comm=deepPicar
          <idle>-0     [004] dn.3  2724.261290: rtg_try_acquire_lock: rtg_acquire: gid=1002 comm=tau_rt_3
        tau_rt_3-4500  [004] dn.3  2724.294993: rtg_try_acquire_lock: rtg_preempt: prev=tau_rt_3 sched=FIFO prio=94 pid=4500 tgid=4459 rtgid=1002 | next=deepPicar sched=FIFO prio=93 pid=4453 tgid=4453 rtgid=1001
       deepPicar-4453  [004] d..3  2724.296351: rtg_try_release_lock: rtg_release: gid=1001 comm=deepPicar
       deepPicar-4452  [003] d..3  2724.296355: rtg_try_acquire_lock: rtg_acquire: gid=1001 comm=deepPicar
       deepPicar-4485  [003] d..3  2724.297193: rtg_try_release_lock: rtg_release: gid=1001 comm=deepPicar
       deepPicar-4495  [004] d..3  2724.297196: rtg_try_acquire_lock: rtg_acquire: gid=1001 comm=deepPicar
       deepPicar-4453  [004] d..3  2724.310987: rtg_try_acquire_lock: rtg_block: comm=tau_rt_3 sched=FIFO pid=4500 tgid=4459 rtgid=1002 prio=94
       deepPicar-4454  [005] d..3  2724.310991: rtg_try_acquire_lock: rtg_block: comm=tau_rt_4 sched=FIFO pid=4499 tgid=4460 rtgid=1002 prio=94
       deepPicar-4452  [003] d..3  2724.311014: rtg_try_acquire_lock: rtg_block: comm=tau_rt_2 sched=FIFO pid=4488 tgid=4458 rtgid=1002 prio=94
       deepPicar-4462  [000] d..3  2724.311025: rtg_try_release_lock: rtg_release: gid=1001 comm=deepPicar
          <idle>-0     [005] dn.3  2724.311027: rtg_try_acquire_lock: rtg_acquire: gid=1002 comm=tau_rt_4
       deepPicar-4462  [000] d..3  2724.311031: rtg_try_acquire_lock: rtg_preempt: prev=tau_rt_4 sched=FIFO prio=94 pid=4499 tgid=4460 rtgid=1002 | next=deepPicar sched=FIFO prio=93 pid=4451 tgid=4451 rtgid=1001
        tau_rt_4-4499  [005] dn.3  2724.311035: rtg_try_acquire_lock: rtg_block: comm=tau_rt_4 sched=FIFO pid=4499 tgid=4460 rtgid=1002 prio=94
       deepPicar-4451  [000] d..3  2724.311124: rtg_try_release_lock: rtg_release: gid=1001 comm=deepPicar
       deepPicar-4451  [000] d..3  2724.311126: rtg_try_acquire_lock: rtg_acquire: gid=1002 comm=tau_rt_1
        tau_rt_4-4499  [005] d..3  2724.340264: rtg_try_release_lock: rtg_release: gid=1002 comm=tau_rt_4
          <idle>-0     [004] dn.3  2724.344986: rtg_try_acquire_lock: rtg_acquire: gid=1001 comm=deepPicar
       deepPicar-4451  [000] d..3  2724.346379: rtg_try_release_lock: rtg_release: gid=1001 comm=deepPicar
       deepPicar-4452  [003] d..3  2724.346382: rtg_try_acquire_lock: rtg_acquire: gid=1001 comm=deepPicar
       deepPicar-4454  [005] d..3  2724.361124: rtg_try_acquire_lock: rtg_block: comm=tau_rt_4 sched=FIFO pid=4499 tgid=4460 rtgid=1002 prio=94
       deepPicar-4453  [004] d..3  2724.361128: rtg_try_acquire_lock: rtg_block: comm=tau_rt_3 sched=FIFO pid=4500 tgid=4459 rtgid=1002 prio=94
       deepPicar-4452  [003] d..3  2724.361146: rtg_try_acquire_lock: rtg_block: comm=tau_rt_2 sched=FIFO pid=4488 tgid=4458 rtgid=1002 prio=94
       deepPicar-4462  [000] d..3  2724.361187: rtg_try_release_lock: rtg_release: gid=1001 comm=deepPicar
          <idle>-0     [004] dn.3  2724.361189: rtg_try_acquire_lock: rtg_acquire: gid=1002 comm=tau_rt_3
       deepPicar-4462  [000] d..3  2724.361193: rtg_try_acquire_lock: rtg_preempt: prev=tau_rt_3 sched=FIFO prio=94 pid=4500 tgid=4459 rtgid=1002 | next=deepPicar sched=FIFO prio=93 pid=4451 tgid=4451 rtgid=1001
          <idle>-0     [005] dn.3  2724.361196: rtg_try_acquire_lock: rtg_block: comm=tau_rt_4 sched=FIFO pid=4499 tgid=4460 rtgid=1002 prio=94
        tau_rt_2-4488  [003] dn.3  2724.361198: rtg_try_acquire_lock: rtg_block: comm=tau_rt_2 sched=FIFO pid=4488 tgid=4458 rtgid=1002 prio=94
        tau_rt_3-4500  [004] dn.3  2724.361200: rtg_try_acquire_lock: rtg_block: comm=tau_rt_3 sched=FIFO pid=4500 tgid=4459 rtgid=1002 prio=94
       deepPicar-4451  [000] d..3  2724.361280: rtg_try_release_lock: rtg_release: gid=1001 comm=deepPicar
          <idle>-0     [004] dn.3  2724.361281: rtg_try_acquire_lock: rtg_acquire: gid=1002 comm=tau_rt_3
        tau_rt_3-4500  [004] d..3  2724.392093: rtg_try_release_lock: rtg_release: gid=1002 comm=tau_rt_3
          <idle>-0     [004] dn.3  2724.394982: rtg_try_acquire_lock: rtg_acquire: gid=1001 comm=deepPicar
       deepPicar-4452  [003] d..3  2724.396297: rtg_try_release_lock: rtg_release: gid=1001 comm=deepPicar
       deepPicar-4451  [000] d..3  2724.396300: rtg_try_acquire_lock: rtg_acquire: gid=1001 comm=deepPicar
       deepPicar-4451  [000] d..3  2724.411014: rtg_try_release_lock: rtg_release: gid=1001 comm=deepPicar
          <idle>-0     [003] dn.3  2724.411042: rtg_try_acquire_lock: rtg_acquire: gid=1002 comm=tau_rt_2
        tau_rt_1-4498  [000] d..3  2724.434086: rtg_try_release_lock: rtg_release: gid=1002 comm=tau_rt_1
          <idle>-0     [000] dn.3  2724.444993: rtg_try_acquire_lock: rtg_acquire: gid=1001 comm=deepPicar
       deepPicar-4452  [003] d..3  2724.446357: rtg_try_release_lock: rtg_release: gid=1001 comm=deepPicar
       deepPicar-4453  [004] d..3  2724.446360: rtg_try_acquire_lock: rtg_acquire: gid=1001 comm=deepPicar
       deepPicar-4454  [005] d..3  2724.461138: rtg_try_acquire_lock: rtg_block: comm=tau_rt_4 sched=FIFO pid=4499 tgid=4460 rtgid=1002 prio=94
       deepPicar-4453  [004] d..3  2724.461142: rtg_try_acquire_lock: rtg_block: comm=tau_rt_3 sched=FIFO pid=4500 tgid=4459 rtgid=1002 prio=94
       deepPicar-4452  [003] d..3  2724.461150: rtg_try_acquire_lock: rtg_block: comm=tau_rt_2 sched=FIFO pid=4488 tgid=4458 rtgid=1002 prio=94
       deepPicar-4462  [000] d..3  2724.461164: rtg_try_release_lock: rtg_release: gid=1001 comm=deepPicar
          <idle>-0     [005] dn.3  2724.461166: rtg_try_acquire_lock: rtg_acquire: gid=1002 comm=tau_rt_4
       deepPicar-4462  [000] d..3  2724.461171: rtg_try_acquire_lock: rtg_preempt: prev=tau_rt_4 sched=FIFO prio=94 pid=4499 tgid=4460 rtgid=1002 | next=deepPicar sched=FIFO prio=93 pid=4451 tgid=4451 rtgid=1001
        tau_rt_4-4499  [005] dn.3  2724.461176: rtg_try_acquire_lock: rtg_block: comm=tau_rt_4 sched=FIFO pid=4499 tgid=4460 rtgid=1002 prio=94
        tau_rt_3-4500  [004] dn.3  2724.461177: rtg_try_acquire_lock: rtg_block: comm=tau_rt_3 sched=FIFO pid=4500 tgid=4459 rtgid=1002 prio=94
       deepPicar-4451  [000] d..3  2724.461256: rtg_try_release_lock: rtg_release: gid=1001 comm=deepPicar
       deepPicar-4451  [000] d..3  2724.461258: rtg_try_acquire_lock: rtg_acquire: gid=1002 comm=tau_rt_1
        tau_rt_4-4499  [005] d..3  2724.487487: rtg_try_release_lock: rtg_release: gid=1002 comm=tau_rt_4
          <idle>-0     [004] dn.3  2724.494980: rtg_try_acquire_lock: rtg_acquire: gid=1001 comm=deepPicar
       deepPicar-4452  [003] d..3  2724.496317: rtg_try_release_lock: rtg_release: gid=1001 comm=deepPicar
       deepPicar-4454  [005] d..3  2724.496321: rtg_try_acquire_lock: rtg_acquire: gid=1001 comm=deepPicar
       deepPicar-4469  [000] d..3  2724.497142: rtg_try_release_lock: rtg_release: gid=1001 comm=deepPicar
       deepPicar-4476  [005] d..3  2724.497146: rtg_try_acquire_lock: rtg_acquire: gid=1001 comm=deepPicar
       deepPicar-4452  [003] d..3  2724.510894: rtg_try_acquire_lock: rtg_block: comm=tau_rt_2 sched=FIFO pid=4488 tgid=4458 rtgid=1002 prio=94
       deepPicar-4451  [000] d..3  2724.510976: rtg_try_release_lock: rtg_release: gid=1001 comm=deepPicar
          <idle>-0     [003] dn.3  2724.510978: rtg_try_acquire_lock: rtg_acquire: gid=1002 comm=tau_rt_2
          <idle>-0     [000] dn.3  2724.545000: rtg_try_acquire_lock: rtg_preempt: prev=tau_rt_2 sched=FIFO prio=94 pid=4488 tgid=4458 rtgid=1002 | next=deepPicar sched=FIFO prio=93 pid=4451 tgid=4451 rtgid=1001
       deepPicar-4452  [003] d..3  2724.546403: rtg_try_release_lock: rtg_release: gid=1001 comm=deepPicar
       deepPicar-4453  [004] d..3  2724.546406: rtg_try_acquire_lock: rtg_acquire: gid=1001 comm=deepPicar
       deepPicar-4454  [005] d..3  2724.561164: rtg_try_release_lock: rtg_release: gid=1001 comm=deepPicar
       deepPicar-4451  [000] d..3  2724.561168: rtg_try_acquire_lock: rtg_acquire: gid=1002 comm=tau_rt_1
          <idle>-0     [004] dn.3  2724.594994: rtg_try_acquire_lock: rtg_preempt: prev=tau_rt_1 sched=FIFO prio=94 pid=4498 tgid=4457 rtgid=1002 | next=deepPicar sched=FIFO prio=93 pid=4453 tgid=4453 rtgid=1001
       deepPicar-4452  [003] d..3  2724.596322: rtg_try_release_lock: rtg_release: gid=1001 comm=deepPicar
       deepPicar-4453  [004] d..3  2724.596325: rtg_try_acquire_lock: rtg_acquire: gid=1001 comm=deepPicar
       deepPicar-4452  [003] d..3  2724.610843: rtg_try_acquire_lock: rtg_block: comm=tau_rt_2 sched=FIFO pid=4488 tgid=4458 rtgid=1002 prio=94
       deepPicar-4451  [000] d..3  2724.610908: rtg_try_release_lock: rtg_release: gid=1001 comm=deepPicar
          <idle>-0     [003] dn.3  2724.610910: rtg_try_acquire_lock: rtg_acquire: gid=1002 comm=tau_rt_2
        tau_rt_2-4488  [003] d..3  2724.640283: rtg_try_release_lock: rtg_release: gid=1002 comm=tau_rt_2
          <idle>-0     [004] dn.3  2724.644991: rtg_try_acquire_lock: rtg_acquire: gid=1001 comm=deepPicar
       deepPicar-4452  [003] d..3  2724.646318: rtg_try_release_lock: rtg_release: gid=1001 comm=deepPicar
       deepPicar-4453  [004] d..3  2724.646321: rtg_try_acquire_lock: rtg_acquire: gid=1001 comm=deepPicar
       deepPicar-4462  [000] d..3  2724.660991: rtg_try_release_lock: rtg_release: gid=1001 comm=deepPicar
       deepPicar-4462  [000] d..3  2724.660993: rtg_try_acquire_lock: rtg_acquire: gid=1001 comm=deepPicar
          <idle>-0     [003] dn.3  2724.661049: rtg_try_acquire_lock: rtg_block: comm=tau_rt_2 sched=FIFO pid=4488 tgid=4458 rtgid=1002 prio=94
       deepPicar-4451  [000] d..3  2724.661084: rtg_try_release_lock: rtg_release: gid=1001 comm=deepPicar
          <idle>-0     [003] dn.3  2724.661086: rtg_try_acquire_lock: rtg_acquire: gid=1002 comm=tau_rt_2
        tau_rt_1-4498  [000] d..3  2724.684093: rtg_try_release_lock: rtg_release: gid=1002 comm=tau_rt_1
          <idle>-0     [004] dn.3  2724.694984: rtg_try_acquire_lock: rtg_acquire: gid=1001 comm=deepPicar
       deepPicar-4452  [003] d..3  2724.696314: rtg_try_release_lock: rtg_release: gid=1001 comm=deepPicar
       deepPicar-4453  [004] d..3  2724.696317: rtg_try_acquire_lock: rtg_acquire: gid=1001 comm=deepPicar
       deepPicar-4451  [000] d..3  2724.710870: rtg_try_release_lock: rtg_release: gid=1001 comm=deepPicar
          <idle>-0     [003] dn.3  2724.711052: rtg_try_acquire_lock: rtg_acquire: gid=1002 comm=tau_rt_2
        tau_rt_1-4498  [000] d..3  2724.734150: rtg_try_release_lock: rtg_release: gid=1002 comm=tau_rt_1
          <idle>-0     [004] dn.3  2724.744982: rtg_try_acquire_lock: rtg_acquire: gid=1001 comm=deepPicar
       deepPicar-4452  [003] d..3  2724.746330: rtg_try_release_lock: rtg_release: gid=1001 comm=deepPicar
       deepPicar-4454  [005] d..3  2724.746333: rtg_try_acquire_lock: rtg_acquire: gid=1001 comm=deepPicar
       deepPicar-4462  [000] d..3  2724.761009: rtg_try_release_lock: rtg_release: gid=1001 comm=deepPicar
       deepPicar-4462  [000] d..3  2724.761011: rtg_try_acquire_lock: rtg_acquire: gid=1001 comm=deepPicar
          <idle>-0     [003] dn.3  2724.761049: rtg_try_acquire_lock: rtg_block: comm=tau_rt_2 sched=FIFO pid=4488 tgid=4458 rtgid=1002 prio=94
          <idle>-0     [005] dn.3  2724.761094: rtg_try_acquire_lock: rtg_block: comm=tau_rt_4 sched=FIFO pid=4499 tgid=4460 rtgid=1002 prio=94
          <idle>-0     [004] dn.3  2724.761098: rtg_try_acquire_lock: rtg_block: comm=tau_rt_3 sched=FIFO pid=4500 tgid=4459 rtgid=1002 prio=94
       deepPicar-4451  [000] d..3  2724.761109: rtg_try_release_lock: rtg_release: gid=1001 comm=deepPicar
       deepPicar-4451  [000] d..3  2724.761110: rtg_try_acquire_lock: rtg_acquire: gid=1002 comm=tau_rt_1
        tau_rt_2-4488  [003] d..3  2724.784079: rtg_try_release_lock: rtg_release: gid=1002 comm=tau_rt_2
          <idle>-0     [004] dn.3  2724.794982: rtg_try_acquire_lock: rtg_acquire: gid=1001 comm=deepPicar
       deepPicar-4452  [003] d..3  2724.796378: rtg_try_release_lock: rtg_release: gid=1001 comm=deepPicar
       deepPicar-4454  [005] d..3  2724.796382: rtg_try_acquire_lock: rtg_acquire: gid=1001 comm=deepPicar
       deepPicar-4483  [003] d..3  2724.797200: rtg_try_release_lock: rtg_release: gid=1001 comm=deepPicar
       deepPicar-4476  [005] d..3  2724.797203: rtg_try_acquire_lock: rtg_acquire: gid=1001 comm=deepPicar
       deepPicar-4454  [005] d..3  2724.810917: rtg_try_release_lock: rtg_release: gid=1001 comm=deepPicar
          <idle>-0     [003] dn.3  2724.811042: rtg_try_acquire_lock: rtg_acquire: gid=1002 comm=tau_rt_2
        tau_rt_1-4498  [000] d..3  2724.834160: rtg_try_release_lock: rtg_release: gid=1002 comm=tau_rt_1
          <idle>-0     [004] dn.3  2724.844981: rtg_try_acquire_lock: rtg_acquire: gid=1001 comm=deepPicar
       deepPicar-4453  [004] d..3  2724.846342: rtg_try_release_lock: rtg_release: gid=1001 comm=deepPicar
       deepPicar-4452  [003] d..3  2724.846345: rtg_try_acquire_lock: rtg_acquire: gid=1001 comm=deepPicar
          <idle>-0     [003] dn.3  2724.861053: rtg_try_acquire_lock: rtg_block: comm=tau_rt_2 sched=FIFO pid=4488 tgid=4458 rtgid=1002 prio=94
          <idle>-0     [004] dn.3  2724.861096: rtg_try_acquire_lock: rtg_block: comm=tau_rt_3 sched=FIFO pid=4500 tgid=4459 rtgid=1002 prio=94
          <idle>-0     [005] dn.3  2724.861099: rtg_try_acquire_lock: rtg_block: comm=tau_rt_4 sched=FIFO pid=4499 tgid=4460 rtgid=1002 prio=94
       deepPicar-4462  [000] d..3  2724.861107: rtg_try_release_lock: rtg_release: gid=1001 comm=deepPicar
          <idle>-0     [003] dn.3  2724.861109: rtg_try_acquire_lock: rtg_acquire: gid=1002 comm=tau_rt_2
       deepPicar-4462  [000] d..3  2724.861113: rtg_try_acquire_lock: rtg_preempt: prev=tau_rt_2 sched=FIFO prio=94 pid=4488 tgid=4458 rtgid=1002 | next=deepPicar sched=FIFO prio=93 pid=4451 tgid=4451 rtgid=1001
        tau_rt_3-4500  [004] dn.3  2724.861118: rtg_try_acquire_lock: rtg_block: comm=tau_rt_3 sched=FIFO pid=4500 tgid=4459 rtgid=1002 prio=94
        tau_rt_2-4488  [003] dn.3  2724.861120: rtg_try_acquire_lock: rtg_block: comm=tau_rt_2 sched=FIFO pid=4488 tgid=4458 rtgid=1002 prio=94
       deepPicar-4451  [000] d..3  2724.861205: rtg_try_release_lock: rtg_release: gid=1001 comm=deepPicar
          <idle>-0     [003] dn.3  2724.861206: rtg_try_acquire_lock: rtg_acquire: gid=1002 comm=tau_rt_2
        tau_rt_2-4488  [003] d..3  2724.887341: rtg_try_release_lock: rtg_release: gid=1002 comm=tau_rt_2
     kworker/4:2-384   [004] dn.3  2724.894980: rtg_try_acquire_lock: rtg_acquire: gid=1001 comm=deepPicar
       deepPicar-4454  [005] d..3  2724.896318: rtg_try_release_lock: rtg_release: gid=1001 comm=deepPicar
       deepPicar-4452  [003] d..3  2724.896321: rtg_try_acquire_lock: rtg_acquire: gid=1001 comm=deepPicar
       deepPicar-4485  [003] d..3  2724.897107: rtg_try_release_lock: rtg_release: gid=1001 comm=deepPicar
       deepPicar-4478  [005] d..3  2724.897110: rtg_try_acquire_lock: rtg_acquire: gid=1001 comm=deepPicar
       deepPicar-4454  [005] d..3  2724.910790: rtg_try_acquire_lock: rtg_block: comm=tau_rt_4 sched=FIFO pid=4499 tgid=4460 rtgid=1002 prio=94
       deepPicar-4462  [000] d..3  2724.910799: rtg_try_release_lock: rtg_release: gid=1001 comm=deepPicar
       deepPicar-4462  [000] d..3  2724.910801: rtg_try_acquire_lock: rtg_acquire: gid=1001 comm=deepPicar
       deepPicar-4451  [000] d..3  2724.910890: rtg_try_release_lock: rtg_release: gid=1001 comm=deepPicar
          <idle>-0     [003] dn.3  2724.911053: rtg_try_acquire_lock: rtg_acquire: gid=1002 comm=tau_rt_2
        tau_rt_2-4488  [003] d..3  2724.937282: rtg_try_release_lock: rtg_release: gid=1002 comm=tau_rt_2
          <idle>-0     [004] dn.3  2724.944986: rtg_try_acquire_lock: rtg_acquire: gid=1001 comm=deepPicar
       deepPicar-4462  [000] d..3  2724.960919: rtg_try_release_lock: rtg_release: gid=1001 comm=deepPicar
       deepPicar-4490  [004] d..3  2724.960922: rtg_try_acquire_lock: rtg_acquire: gid=1001 comm=deepPicar
       deepPicar-4454  [005] d..3  2724.961038: rtg_try_acquire_lock: rtg_block: comm=tau_rt_4 sched=FIFO pid=4499 tgid=4460 rtgid=1002 prio=94
       deepPicar-4452  [003] d..3  2724.961050: rtg_try_release_lock: rtg_release: gid=1001 comm=deepPicar
       deepPicar-4452  [003] d..3  2724.961053: rtg_try_acquire_lock: rtg_acquire: gid=1002 comm=tau_rt_2
        tau_rt_2-4488  [003] d..3  2724.987170: rtg_try_release_lock: rtg_release: gid=1002 comm=tau_rt_2
          <idle>-0     [005] dn.3  2724.994978: rtg_try_acquire_lock: rtg_acquire: gid=1002 comm=tau_rt_4
          <idle>-0     [004] dn.3  2724.994985: rtg_try_acquire_lock: rtg_preempt: prev=tau_rt_4 sched=FIFO prio=94 pid=4499 tgid=4460 rtgid=1002 | next=deepPicar sched=FIFO prio=93 pid=4453 tgid=4453 rtgid=1001
       deepPicar-4452  [003] d..3  2724.996336: rtg_try_release_lock: rtg_release: gid=1001 comm=deepPicar
       deepPicar-4453  [004] d..3  2724.996339: rtg_try_acquire_lock: rtg_acquire: gid=1001 comm=deepPicar
       deepPicar-4473  [000] d..3  2724.997124: rtg_try_release_lock: rtg_release: gid=1001 comm=deepPicar
       deepPicar-4480  [005] d..3  2724.997128: rtg_try_acquire_lock: rtg_acquire: gid=1001 comm=deepPicar
       deepPicar-4454  [005] d..3  2725.010818: rtg_try_acquire_lock: rtg_block: comm=tau_rt_4 sched=FIFO pid=4499 tgid=4460 rtgid=1002 prio=94
       deepPicar-4452  [003] d..3  2725.010829: rtg_try_release_lock: rtg_release: gid=1001 comm=deepPicar
     kworker/5:3-219   [005] d..3  2725.010846: rtg_try_acquire_lock: rtg_acquire: gid=1002 comm=tau_rt_4
          <idle>-0     [004] dn.3  2725.044998: rtg_try_acquire_lock: rtg_preempt: prev=tau_rt_4 sched=FIFO prio=94 pid=4499 tgid=4460 rtgid=1002 | next=deepPicar sched=FIFO prio=93 pid=4453 tgid=4453 rtgid=1001
       deepPicar-4453  [004] d..3  2725.046395: rtg_try_release_lock: rtg_release: gid=1001 comm=deepPicar
       deepPicar-4451  [000] d..3  2725.046399: rtg_try_acquire_lock: rtg_acquire: gid=1001 comm=deepPicar
       deepPicar-4482  [003] d..3  2725.047400: rtg_try_release_lock: rtg_release: gid=1001 comm=deepPicar
       deepPicar-4475  [005] d..3  2725.047403: rtg_try_acquire_lock: rtg_acquire: gid=1001 comm=deepPicar
       deepPicar-4453  [004] d..3  2725.061171: rtg_try_acquire_lock: rtg_block: comm=tau_rt_3 sched=FIFO pid=4500 tgid=4459 rtgid=1002 prio=94
       deepPicar-4452  [003] d..3  2725.061175: rtg_try_acquire_lock: rtg_block: comm=tau_rt_2 sched=FIFO pid=4488 tgid=4458 rtgid=1002 prio=94
       deepPicar-4454  [005] d..3  2725.061236: rtg_try_acquire_lock: rtg_block: comm=tau_rt_4 sched=FIFO pid=4499 tgid=4460 rtgid=1002 prio=94
       deepPicar-4462  [000] d..3  2725.061251: rtg_try_release_lock: rtg_release: gid=1001 comm=deepPicar
           gmain-837   [005] dn.3  2725.061254: rtg_try_acquire_lock: rtg_acquire: gid=1002 comm=tau_rt_4
       deepPicar-4462  [000] d..3  2725.061257: rtg_try_acquire_lock: rtg_preempt: prev=tau_rt_4 sched=FIFO prio=94 pid=4499 tgid=4460 rtgid=1002 | next=deepPicar sched=FIFO prio=93 pid=4451 tgid=4451 rtgid=1001
        tau_rt_3-4500  [004] dn.3  2725.061263: rtg_try_acquire_lock: rtg_block: comm=tau_rt_3 sched=FIFO pid=4500 tgid=4459 rtgid=1002 prio=94
        tau_rt_2-4488  [003] dn.3  2725.061265: rtg_try_acquire_lock: rtg_block: comm=tau_rt_2 sched=FIFO pid=4488 tgid=4458 rtgid=1002 prio=94
       deepPicar-4451  [000] d..3  2725.061363: rtg_try_release_lock: rtg_release: gid=1001 comm=deepPicar
          <idle>-0     [004] dn.3  2725.061365: rtg_try_acquire_lock: rtg_acquire: gid=1002 comm=tau_rt_3
        tau_rt_2-4488  [003] d..3  2725.084571: rtg_try_release_lock: rtg_release: gid=1002 comm=tau_rt_2
          <idle>-0     [004] dn.3  2725.094998: rtg_try_acquire_lock: rtg_acquire: gid=1001 comm=deepPicar
       deepPicar-4453  [004] d..3  2725.096337: rtg_try_release_lock: rtg_release: gid=1001 comm=deepPicar
       deepPicar-4452  [003] d..3  2725.096340: rtg_try_acquire_lock: rtg_acquire: gid=1001 comm=deepPicar
       deepPicar-4454  [005] d..3  2725.110904: rtg_try_acquire_lock: rtg_block: comm=tau_rt_4 sched=FIFO pid=4499 tgid=4460 rtgid=1002 prio=94
       deepPicar-4451  [000] d..3  2725.111019: rtg_try_release_lock: rtg_release: gid=1001 comm=deepPicar
          <idle>-0     [005] dn.3  2725.111021: rtg_try_acquire_lock: rtg_acquire: gid=1002 comm=tau_rt_4
        tau_rt_4-4499  [005] d..3  2725.140417: rtg_try_release_lock: rtg_release: gid=1002 comm=tau_rt_4
          <idle>-0     [004] dn.3  2725.144993: rtg_try_acquire_lock: rtg_acquire: gid=1001 comm=deepPicar
       deepPicar-4451  [000] d..3  2725.146337: rtg_try_release_lock: rtg_release: gid=1001 comm=deepPicar
       deepPicar-4453  [004] d..3  2725.146340: rtg_try_acquire_lock: rtg_acquire: gid=1001 comm=deepPicar
       deepPicar-4452  [003] d..3  2725.160924: rtg_try_release_lock: rtg_release: gid=1001 comm=deepPicar
          <idle>-0     [003] dn.3  2725.161047: rtg_try_acquire_lock: rtg_acquire: gid=1002 comm=tau_rt_2
        tau_rt_1-4498  [000] d..3  2725.183966: rtg_try_release_lock: rtg_release: gid=1002 comm=tau_rt_1
          <idle>-0     [004] dn.3  2725.194981: rtg_try_acquire_lock: rtg_acquire: gid=1001 comm=deepPicar
       deepPicar-4454  [005] d..3  2725.196336: rtg_try_release_lock: rtg_release: gid=1001 comm=deepPicar
       deepPicar-4453  [004] d..3  2725.196339: rtg_try_acquire_lock: rtg_acquire: gid=1001 comm=deepPicar
       deepPicar-4471  [000] d..3  2725.197129: rtg_try_release_lock: rtg_release: gid=1001 comm=deepPicar
       deepPicar-4478  [005] d..3  2725.197133: rtg_try_acquire_lock: rtg_acquire: gid=1001 comm=deepPicar
       deepPicar-4451  [000] d..3  2725.210897: rtg_try_release_lock: rtg_release: gid=1001 comm=deepPicar
          <idle>-0     [003] dn.3  2725.211051: rtg_try_acquire_lock: rtg_acquire: gid=1002 comm=tau_rt_2
        tau_rt_1-4498  [000] d..3  2725.233988: rtg_try_release_lock: rtg_release: gid=1002 comm=tau_rt_1
          <idle>-0     [004] dn.3  2725.244982: rtg_try_acquire_lock: rtg_acquire: gid=1001 comm=deepPicar
       deepPicar-4453  [004] d..3  2725.246308: rtg_try_release_lock: rtg_release: gid=1001 comm=deepPicar
       deepPicar-4452  [003] d..3  2725.246312: rtg_try_acquire_lock: rtg_acquire: gid=1001 comm=deepPicar
       deepPicar-4454  [005] d..3  2725.261216: rtg_try_acquire_lock: rtg_block: comm=tau_rt_4 sched=FIFO pid=4499 tgid=4460 rtgid=1002 prio=94
       deepPicar-4453  [004] d..3  2725.261220: rtg_try_acquire_lock: rtg_block: comm=tau_rt_3 sched=FIFO pid=4500 tgid=4459 rtgid=1002 prio=94
       deepPicar-4451  [000] d..3  2725.261223: rtg_try_acquire_lock: rtg_block: comm=tau_rt_1 sched=FIFO pid=4498 tgid=4457 rtgid=1002 prio=94
       deepPicar-4452  [003] d..3  2725.261231: rtg_try_release_lock: rtg_release: gid=1001 comm=deepPicar
       deepPicar-4452  [003] d..3  2725.261233: rtg_try_acquire_lock: rtg_acquire: gid=1002 comm=tau_rt_2
        tau_rt_2-4488  [003] d..3  2725.281366: rtg_try_release_lock: rtg_release: gid=1002 comm=tau_rt_2
          <idle>-0     [004] dn.3  2725.290965: rtg_try_acquire_lock: rtg_acquire: gid=1002 comm=tau_rt_3
        tau_rt_3-4500  [004] dn.3  2725.294986: rtg_try_release_lock: rtg_release: gid=1002 comm=tau_rt_3
        tau_rt_3-4500  [004] dn.3  2725.294989: rtg_try_acquire_lock: rtg_acquire: gid=1001 comm=deepPicar
       deepPicar-4452  [003] d..3  2725.296327: rtg_try_release_lock: rtg_release: gid=1001 comm=deepPicar
       deepPicar-4454  [005] d..3  2725.296330: rtg_try_acquire_lock: rtg_acquire: gid=1001 comm=deepPicar
       deepPicar-4453  [004] d..3  2725.310864: rtg_try_acquire_lock: rtg_block: comm=tau_rt_3 sched=FIFO pid=4500 tgid=4459 rtgid=1002 prio=94
       deepPicar-4454  [005] d..3  2725.310867: rtg_try_acquire_lock: rtg_block: comm=tau_rt_4 sched=FIFO pid=4499 tgid=4460 rtgid=1002 prio=94
       deepPicar-4451  [000] d..3  2725.310881: rtg_try_release_lock: rtg_release: gid=1001 comm=deepPicar
     kworker/4:2-384   [004] dn.3  2725.310884: rtg_try_acquire_lock: rtg_acquire: gid=1002 comm=tau_rt_3
        tau_rt_3-4500  [004] dn.3  2725.344996: rtg_try_acquire_lock: rtg_preempt: prev=tau_rt_3 sched=FIFO prio=94 pid=4500 tgid=4459 rtgid=1002 | next=deepPicar sched=FIFO prio=93 pid=4453 tgid=4453 rtgid=1001
       deepPicar-4454  [005] d..3  2725.346385: rtg_try_release_lock: rtg_release: gid=1001 comm=deepPicar
       deepPicar-4451  [000] d..3  2725.346388: rtg_try_acquire_lock: rtg_acquire: gid=1001 comm=deepPicar
       deepPicar-4451  [000] d..3  2725.360910: rtg_try_acquire_lock: rtg_block: comm=tau_rt_1 sched=FIFO pid=4498 tgid=4457 rtgid=1002 prio=94
       deepPicar-4454  [005] d..3  2725.360914: rtg_try_acquire_lock: rtg_block: comm=tau_rt_4 sched=FIFO pid=4499 tgid=4460 rtgid=1002 prio=94
       deepPicar-4453  [004] d..3  2725.360917: rtg_try_acquire_lock: rtg_block: comm=tau_rt_3 sched=FIFO pid=4500 tgid=4459 rtgid=1002 prio=94
       deepPicar-4466  [003] d..3  2725.360987: rtg_try_release_lock: rtg_release: gid=1001 comm=deepPicar
          <idle>-0     [004] dn.3  2725.360989: rtg_try_acquire_lock: rtg_acquire: gid=1002 comm=tau_rt_3
       deepPicar-4466  [003] d..3  2725.360993: rtg_try_acquire_lock: rtg_preempt: prev=tau_rt_3 sched=FIFO prio=94 pid=4500 tgid=4459 rtgid=1002 | next=deepPicar sched=FIFO prio=93 pid=4452 tgid=4452 rtgid=1001
        tau_rt_1-4498  [000] dn.3  2725.360997: rtg_try_acquire_lock: rtg_block: comm=tau_rt_1 sched=FIFO pid=4498 tgid=4457 rtgid=1002 prio=94
        tau_rt_3-4500  [004] dn.3  2725.360999: rtg_try_acquire_lock: rtg_block: comm=tau_rt_3 sched=FIFO pid=4500 tgid=4459 rtgid=1002 prio=94
        tau_rt_4-4499  [005] dn.3  2725.361001: rtg_try_acquire_lock: rtg_block: comm=tau_rt_4 sched=FIFO pid=4499 tgid=4460 rtgid=1002 prio=94
       deepPicar-4452  [003] d..3  2725.361099: rtg_try_release_lock: rtg_release: gid=1001 comm=deepPicar
          <idle>-0     [000] dn.3  2725.361101: rtg_try_acquire_lock: rtg_acquire: gid=1002 comm=tau_rt_1
          <idle>-0     [004] dn.3  2725.394996: rtg_try_acquire_lock: rtg_preempt: prev=tau_rt_1 sched=FIFO prio=94 pid=4498 tgid=4457 rtgid=1002 | next=deepPicar sched=FIFO prio=93 pid=4453 tgid=4453 rtgid=1001
       deepPicar-4452  [003] d..3  2725.396347: rtg_try_release_lock: rtg_release: gid=1001 comm=deepPicar
       deepPicar-4454  [005] d..3  2725.396350: rtg_try_acquire_lock: rtg_acquire: gid=1001 comm=deepPicar
       deepPicar-4490  [004] d..3  2725.410927: rtg_try_release_lock: rtg_release: gid=1001 comm=deepPicar
       deepPicar-4462  [000] d..3  2725.410930: rtg_try_acquire_lock: rtg_acquire: gid=1001 comm=deepPicar
       deepPicar-4452  [003] d..3  2725.411068: rtg_try_release_lock: rtg_release: gid=1001 comm=deepPicar
       deepPicar-4451  [000] d..3  2725.411070: rtg_try_acquire_lock: rtg_acquire: gid=1002 comm=tau_rt_1
          <idle>-0     [004] dn.3  2725.445000: rtg_try_acquire_lock: rtg_preempt: prev=tau_rt_1 sched=FIFO prio=94 pid=4498 tgid=4457 rtgid=1002 | next=deepPicar sched=FIFO prio=93 pid=4453 tgid=4453 rtgid=1001
       deepPicar-4452  [003] d..3  2725.446364: rtg_try_release_lock: rtg_release: gid=1001 comm=deepPicar
       deepPicar-4454  [005] d..3  2725.446367: rtg_try_acquire_lock: rtg_acquire: gid=1001 comm=deepPicar
          <idle>-0     [004] dn.3  2725.461098: rtg_try_acquire_lock: rtg_block: comm=tau_rt_3 sched=FIFO pid=4500 tgid=4459 rtgid=1002 prio=94
       deepPicar-4454  [005] d..3  2725.461124: rtg_try_acquire_lock: rtg_block: comm=tau_rt_4 sched=FIFO pid=4499 tgid=4460 rtgid=1002 prio=94
       deepPicar-4452  [003] d..3  2725.461128: rtg_try_acquire_lock: rtg_block: comm=tau_rt_2 sched=FIFO pid=4488 tgid=4458 rtgid=1002 prio=94
       deepPicar-4462  [000] d..3  2725.461144: rtg_try_release_lock: rtg_release: gid=1001 comm=deepPicar
     kworker/5:3-219   [005] dn.3  2725.461145: rtg_try_acquire_lock: rtg_acquire: gid=1002 comm=tau_rt_4
       deepPicar-4462  [000] d..3  2725.461149: rtg_try_acquire_lock: rtg_preempt: prev=tau_rt_4 sched=FIFO prio=94 pid=4499 tgid=4460 rtgid=1002 | next=deepPicar sched=FIFO prio=93 pid=4451 tgid=4451 rtgid=1001
        tau_rt_3-4500  [004] dn.3  2725.461156: rtg_try_acquire_lock: rtg_block: comm=tau_rt_3 sched=FIFO pid=4500 tgid=4459 rtgid=1002 prio=94
       deepPicar-4451  [000] d..3  2725.461253: rtg_try_release_lock: rtg_release: gid=1001 comm=deepPicar
          <idle>-0     [004] dn.3  2725.461255: rtg_try_acquire_lock: rtg_acquire: gid=1002 comm=tau_rt_3
          <idle>-0     [004] dn.3  2725.494996: rtg_try_acquire_lock: rtg_preempt: prev=tau_rt_3 sched=FIFO prio=94 pid=4500 tgid=4459 rtgid=1002 | next=deepPicar sched=FIFO prio=93 pid=4453 tgid=4453 rtgid=1001
       deepPicar-4454  [005] d..3  2725.496362: rtg_try_release_lock: rtg_release: gid=1001 comm=deepPicar
       deepPicar-4453  [004] d..3  2725.496366: rtg_try_acquire_lock: rtg_acquire: gid=1001 comm=deepPicar
       deepPicar-4452  [003] d..3  2725.510925: rtg_try_acquire_lock: rtg_block: comm=tau_rt_2 sched=FIFO pid=4488 tgid=4458 rtgid=1002 prio=94
       deepPicar-4462  [000] d..3  2725.511031: rtg_try_release_lock: rtg_release: gid=1001 comm=deepPicar
          <idle>-0     [003] dn.3  2725.511033: rtg_try_acquire_lock: rtg_acquire: gid=1002 comm=tau_rt_2
       deepPicar-4462  [000] d..3  2725.511037: rtg_try_acquire_lock: rtg_preempt: prev=tau_rt_2 sched=FIFO prio=94 pid=4488 tgid=4458 rtgid=1002 | next=deepPicar sched=FIFO prio=93 pid=4451 tgid=4451 rtgid=1001
        tau_rt_2-4488  [003] dn.3  2725.511045: rtg_try_acquire_lock: rtg_block: comm=tau_rt_2 sched=FIFO pid=4488 tgid=4458 rtgid=1002 prio=94
          <idle>-0     [005] dn.3  2725.511093: rtg_try_acquire_lock: rtg_block: comm=tau_rt_4 sched=FIFO pid=4499 tgid=4460 rtgid=1002 prio=94
          <idle>-0     [004] dn.3  2725.511096: rtg_try_acquire_lock: rtg_block: comm=tau_rt_3 sched=FIFO pid=4500 tgid=4459 rtgid=1002 prio=94
       deepPicar-4451  [000] d..3  2725.511138: rtg_try_release_lock: rtg_release: gid=1001 comm=deepPicar
          <idle>-0     [003] dn.3  2725.511139: rtg_try_acquire_lock: rtg_acquire: gid=1002 comm=tau_rt_2
          <idle>-0     [004] dn.3  2725.545000: rtg_try_acquire_lock: rtg_preempt: prev=tau_rt_2 sched=FIFO prio=94 pid=4488 tgid=4458 rtgid=1002 | next=deepPicar sched=FIFO prio=93 pid=4453 tgid=4453 rtgid=1001
       deepPicar-4454  [005] d..3  2725.546340: rtg_try_release_lock: rtg_release: gid=1001 comm=deepPicar
       deepPicar-4451  [000] d..3  2725.546344: rtg_try_acquire_lock: rtg_acquire: gid=1001 comm=deepPicar
       deepPicar-4452  [003] d..3  2725.561006: rtg_try_acquire_lock: rtg_block: comm=tau_rt_2 sched=FIFO pid=4488 tgid=4458 rtgid=1002 prio=94
       deepPicar-4451  [000] d..3  2725.561084: rtg_try_release_lock: rtg_release: gid=1001 comm=deepPicar
          <idle>-0     [003] dn.3  2725.561086: rtg_try_acquire_lock: rtg_acquire: gid=1002 comm=tau_rt_2
          <idle>-0     [004] dn.3  2725.594995: rtg_try_acquire_lock: rtg_preempt: prev=tau_rt_2 sched=FIFO prio=94 pid=4488 tgid=4458 rtgid=1002 | next=deepPicar sched=FIFO prio=93 pid=4453 tgid=4453 rtgid=1001
       deepPicar-4497  [004] d..3  2725.597185: rtg_try_release_lock: rtg_release: gid=1001 comm=deepPicar
       deepPicar-4473  [000] d..3  2725.597189: rtg_try_acquire_lock: rtg_acquire: gid=1001 comm=deepPicar
       deepPicar-4452  [003] d..3  2725.610798: rtg_try_acquire_lock: rtg_block: comm=tau_rt_2 sched=FIFO pid=4488 tgid=4458 rtgid=1002 prio=94
       deepPicar-4462  [000] d..3  2725.610860: rtg_try_release_lock: rtg_release: gid=1001 comm=deepPicar
       deepPicar-4462  [000] d..3  2725.610861: rtg_try_acquire_lock: rtg_acquire: gid=1001 comm=deepPicar
          <idle>-0     [003] dn.3  2725.610863: rtg_try_acquire_lock: rtg_block: comm=tau_rt_2 sched=FIFO pid=4488 tgid=4458 rtgid=1002 prio=94
       deepPicar-4451  [000] d..3  2725.610964: rtg_try_release_lock: rtg_release: gid=1001 comm=deepPicar
          <idle>-0     [003] dn.3  2725.610965: rtg_try_acquire_lock: rtg_acquire: gid=1002 comm=tau_rt_2
        tau_rt_2-4488  [003] d..3  2725.640287: rtg_try_release_lock: rtg_release: gid=1002 comm=tau_rt_2
          <idle>-0     [004] dn.3  2725.644980: rtg_try_acquire_lock: rtg_acquire: gid=1001 comm=deepPicar
       deepPicar-4454  [005] d..3  2725.646334: rtg_try_release_lock: rtg_release: gid=1001 comm=deepPicar
       deepPicar-4451  [000] d..3  2725.646337: rtg_try_acquire_lock: rtg_acquire: gid=1001 comm=deepPicar
       deepPicar-4453  [004] d..3  2725.661131: rtg_try_acquire_lock: rtg_block: comm=tau_rt_3 sched=FIFO pid=4500 tgid=4459 rtgid=1002 prio=94
       deepPicar-4454  [005] d..3  2725.661135: rtg_try_acquire_lock: rtg_block: comm=tau_rt_4 sched=FIFO pid=4499 tgid=4460 rtgid=1002 prio=94
       deepPicar-4452  [003] d..3  2725.661138: rtg_try_acquire_lock: rtg_block: comm=tau_rt_2 sched=FIFO pid=4488 tgid=4458 rtgid=1002 prio=94
       deepPicar-4451  [000] d..3  2725.661156: rtg_try_release_lock: rtg_release: gid=1001 comm=deepPicar
       deepPicar-4451  [000] d..3  2725.661158: rtg_try_acquire_lock: rtg_acquire: gid=1002 comm=tau_rt_1
        tau_rt_1-4498  [000] d..3  2725.681507: rtg_try_release_lock: rtg_release: gid=1002 comm=tau_rt_1
          <idle>-0     [004] dn.3  2725.694990: rtg_try_acquire_lock: rtg_acquire: gid=1001 comm=deepPicar
       deepPicar-4453  [004] d..3  2725.696300: rtg_try_release_lock: rtg_release: gid=1001 comm=deepPicar
       deepPicar-4452  [003] d..3  2725.696304: rtg_try_acquire_lock: rtg_acquire: gid=1001 comm=deepPicar
       deepPicar-4483  [003] d..3  2725.697111: rtg_try_release_lock: rtg_release: gid=1001 comm=deepPicar
       deepPicar-4469  [000] d..3  2725.697114: rtg_try_acquire_lock: rtg_acquire: gid=1001 comm=deepPicar
       deepPicar-4453  [004] d..3  2725.710878: rtg_try_acquire_lock: rtg_block: comm=tau_rt_3 sched=FIFO pid=4500 tgid=4459 rtgid=1002 prio=94
       deepPicar-4454  [005] d..3  2725.710882: rtg_try_acquire_lock: rtg_block: comm=tau_rt_4 sched=FIFO pid=4499 tgid=4460 rtgid=1002 prio=94
       deepPicar-4452  [003] d..3  2725.711004: rtg_try_acquire_lock: rtg_block: comm=tau_rt_2 sched=FIFO pid=4488 tgid=4458 rtgid=1002 prio=94
       deepPicar-4462  [000] d..3  2725.711061: rtg_try_release_lock: rtg_release: gid=1001 comm=deepPicar
          <idle>-0     [005] dn.3  2725.711063: rtg_try_acquire_lock: rtg_acquire: gid=1002 comm=tau_rt_4
       deepPicar-4462  [000] d..3  2725.711067: rtg_try_acquire_lock: rtg_preempt: prev=tau_rt_4 sched=FIFO prio=94 pid=4499 tgid=4460 rtgid=1002 | next=deepPicar sched=FIFO prio=93 pid=4451 tgid=4451 rtgid=1001
        tau_rt_2-4488  [003] dn.3  2725.711074: rtg_try_acquire_lock: rtg_block: comm=tau_rt_2 sched=FIFO pid=4488 tgid=4458 rtgid=1002 prio=94
        tau_rt_3-4500  [004] dn.3  2725.711076: rtg_try_acquire_lock: rtg_block: comm=tau_rt_3 sched=FIFO pid=4500 tgid=4459 rtgid=1002 prio=94
        tau_rt_4-4499  [005] dn.3  2725.711078: rtg_try_acquire_lock: rtg_block: comm=tau_rt_4 sched=FIFO pid=4499 tgid=4460 rtgid=1002 prio=94
       deepPicar-4451  [000] d..3  2725.711164: rtg_try_release_lock: rtg_release: gid=1001 comm=deepPicar
          <idle>-0     [003] dn.3  2725.711166: rtg_try_acquire_lock: rtg_acquire: gid=1002 comm=tau_rt_2
        tau_rt_3-4500  [004] dn.3  2725.744998: rtg_try_acquire_lock: rtg_preempt: prev=tau_rt_2 sched=FIFO prio=94 pid=4488 tgid=4458 rtgid=1002 | next=deepPicar sched=FIFO prio=93 pid=4453 tgid=4453 rtgid=1001
       deepPicar-4452  [003] d..3  2725.746348: rtg_try_release_lock: rtg_release: gid=1001 comm=deepPicar
       deepPicar-4454  [005] d..3  2725.746352: rtg_try_acquire_lock: rtg_acquire: gid=1001 comm=deepPicar
       deepPicar-4454  [005] d..3  2725.760986: rtg_try_acquire_lock: rtg_block: comm=tau_rt_4 sched=FIFO pid=4499 tgid=4460 rtgid=1002 prio=94
       deepPicar-4453  [004] d..3  2725.761008: rtg_try_release_lock: rtg_release: gid=1001 comm=deepPicar
       deepPicar-4453  [004] d..3  2725.761011: rtg_try_acquire_lock: rtg_acquire: gid=1002 comm=tau_rt_3
        tau_rt_3-4500  [004] d..3  2725.792477: rtg_try_release_lock: rtg_release: gid=1002 comm=tau_rt_3
          <idle>-0     [005] dn.3  2725.794967: rtg_try_acquire_lock: rtg_acquire: gid=1002 comm=tau_rt_4
          <idle>-0     [004] dn.3  2725.794984: rtg_try_acquire_lock: rtg_preempt: prev=tau_rt_4 sched=FIFO prio=94 pid=4499 tgid=4460 rtgid=1002 | next=deepPicar sched=FIFO prio=93 pid=4453 tgid=4453 rtgid=1001
       deepPicar-4452  [003] d..3  2725.796338: rtg_try_release_lock: rtg_release: gid=1001 comm=deepPicar
       deepPicar-4454  [005] d..3  2725.796341: rtg_try_acquire_lock: rtg_acquire: gid=1001 comm=deepPicar
       deepPicar-4452  [003] d..3  2725.811100: rtg_try_acquire_lock: rtg_block: comm=tau_rt_2 sched=FIFO pid=4488 tgid=4458 rtgid=1002 prio=94
       deepPicar-4454  [005] d..3  2725.811104: rtg_try_acquire_lock: rtg_block: comm=tau_rt_4 sched=FIFO pid=4499 tgid=4460 rtgid=1002 prio=94
       deepPicar-4453  [004] d..3  2725.811109: rtg_try_acquire_lock: rtg_block: comm=tau_rt_3 sched=FIFO pid=4500 tgid=4459 rtgid=1002 prio=94
       deepPicar-4451  [000] d..3  2725.811186: rtg_try_release_lock: rtg_release: gid=1001 comm=deepPicar
          <idle>-0     [005] dn.3  2725.811189: rtg_try_acquire_lock: rtg_acquire: gid=1002 comm=tau_rt_4
          <idle>-0     [004] dn.3  2725.844995: rtg_try_acquire_lock: rtg_preempt: prev=tau_rt_4 sched=FIFO prio=94 pid=4499 tgid=4460 rtgid=1002 | next=deepPicar sched=FIFO prio=93 pid=4453 tgid=4453 rtgid=1001
       deepPicar-4451  [000] d..3  2725.846395: rtg_try_release_lock: rtg_release: gid=1001 comm=deepPicar
       deepPicar-4454  [005] d..3  2725.846398: rtg_try_acquire_lock: rtg_acquire: gid=1001 comm=deepPicar
       deepPicar-4462  [000] d..3  2725.861182: rtg_try_release_lock: rtg_release: gid=1001 comm=deepPicar
       deepPicar-4466  [003] d..3  2725.861185: rtg_try_acquire_lock: rtg_acquire: gid=1001 comm=deepPicar
       deepPicar-4453  [004] d..3  2725.861298: rtg_try_release_lock: rtg_release: gid=1001 comm=deepPicar
       deepPicar-4454  [005] d..3  2725.861301: rtg_try_acquire_lock: rtg_acquire: gid=1002 comm=tau_rt_4
        tau_rt_4-4499  [005] d..3  2725.890762: rtg_try_release_lock: rtg_release: gid=1002 comm=tau_rt_4
          <idle>-0     [000] dn.3  2725.894998: rtg_try_acquire_lock: rtg_acquire: gid=1001 comm=deepPicar
       deepPicar-4451  [000] d..3  2725.896328: rtg_try_release_lock: rtg_release: gid=1001 comm=deepPicar
       deepPicar-4453  [004] d..3  2725.896331: rtg_try_acquire_lock: rtg_acquire: gid=1001 comm=deepPicar
       deepPicar-4451  [000] d..3  2725.910883: rtg_try_release_lock: rtg_release: gid=1001 comm=deepPicar
          <idle>-0     [003] dn.3  2725.911052: rtg_try_acquire_lock: rtg_acquire: gid=1002 comm=tau_rt_2
        tau_rt_1-4498  [000] d..3  2725.933996: rtg_try_release_lock: rtg_release: gid=1002 comm=tau_rt_1
          <idle>-0     [004] dn.3  2725.944992: rtg_try_acquire_lock: rtg_acquire: gid=1001 comm=deepPicar
       deepPicar-4454  [005] d..3  2725.946329: rtg_try_release_lock: rtg_release: gid=1001 comm=deepPicar
       deepPicar-4452  [003] d..3  2725.946332: rtg_try_acquire_lock: rtg_acquire: gid=1001 comm=deepPicar
       deepPicar-4452  [003] d..3  2725.960965: rtg_try_release_lock: rtg_release: gid=1001 comm=deepPicar
          <idle>-0     [003] dn.3  2725.961047: rtg_try_acquire_lock: rtg_acquire: gid=1002 comm=tau_rt_2
        tau_rt_1-4498  [000] d..3  2725.983973: rtg_try_release_lock: rtg_release: gid=1002 comm=tau_rt_1
          <idle>-0     [004] dn.3  2725.994982: rtg_try_acquire_lock: rtg_acquire: gid=1001 comm=deepPicar
       deepPicar-4451  [000] d..3  2725.996330: rtg_try_release_lock: rtg_release: gid=1001 comm=deepPicar
       deepPicar-4454  [005] d..3  2725.996333: rtg_try_acquire_lock: rtg_acquire: gid=1001 comm=deepPicar
       deepPicar-4451  [000] d..3  2726.010836: rtg_try_release_lock: rtg_release: gid=1001 comm=deepPicar
          <idle>-0     [003] dn.3  2726.011043: rtg_try_acquire_lock: rtg_acquire: gid=1002 comm=tau_rt_2
        tau_rt_1-4498  [000] d..3  2726.034024: rtg_try_release_lock: rtg_release: gid=1002 comm=tau_rt_1
          <idle>-0     [004] dn.3  2726.044990: rtg_try_acquire_lock: rtg_acquire: gid=1001 comm=deepPicar
       deepPicar-4451  [000] d..3  2726.046327: rtg_try_release_lock: rtg_release: gid=1001 comm=deepPicar
       deepPicar-4453  [004] d..3  2726.046331: rtg_try_acquire_lock: rtg_acquire: gid=1001 comm=deepPicar
       deepPicar-4462  [000] d..3  2726.060933: rtg_try_release_lock: rtg_release: gid=1001 comm=deepPicar
       deepPicar-4490  [004] d..3  2726.060936: rtg_try_acquire_lock: rtg_acquire: gid=1001 comm=deepPicar
       deepPicar-4452  [003] d..3  2726.061061: rtg_try_release_lock: rtg_release: gid=1001 comm=deepPicar
       deepPicar-4452  [003] d..3  2726.061063: rtg_try_acquire_lock: rtg_acquire: gid=1002 comm=tau_rt_2
        tau_rt_1-4498  [000] d..3  2726.084152: rtg_try_release_lock: rtg_release: gid=1002 comm=tau_rt_1
          <idle>-0     [004] dn.3  2726.094992: rtg_try_acquire_lock: rtg_acquire: gid=1001 comm=deepPicar
       deepPicar-4452  [003] d..3  2726.096336: rtg_try_release_lock: rtg_release: gid=1001 comm=deepPicar
       deepPicar-4451  [000] d..3  2726.096340: rtg_try_acquire_lock: rtg_acquire: gid=1001 comm=deepPicar
       deepPicar-4451  [000] d..3  2726.110883: rtg_try_release_lock: rtg_release: gid=1001 comm=deepPicar
          <idle>-0     [003] dn.3  2726.111050: rtg_try_acquire_lock: rtg_acquire: gid=1002 comm=tau_rt_2
        tau_rt_1-4498  [000] d..3  2726.134050: rtg_try_release_lock: rtg_release: gid=1002 comm=tau_rt_1
          <idle>-0     [004] dn.3  2726.144983: rtg_try_acquire_lock: rtg_acquire: gid=1001 comm=deepPicar
       deepPicar-4452  [003] d..3  2726.161093: rtg_try_release_lock: rtg_release: gid=1001 comm=deepPicar
          <idle>-0     [005] dn.3  2726.161097: rtg_try_acquire_lock: rtg_acquire: gid=1002 comm=tau_rt_4
        tau_rt_1-4498  [000] d..3  2726.184106: rtg_try_release_lock: rtg_release: gid=1002 comm=tau_rt_1
          <idle>-0     [004] dn.3  2726.194981: rtg_try_acquire_lock: rtg_acquire: gid=1001 comm=deepPicar
       deepPicar-4452  [003] d..3  2726.196323: rtg_try_release_lock: rtg_release: gid=1001 comm=deepPicar
       deepPicar-4454  [005] d..3  2726.196327: rtg_try_acquire_lock: rtg_acquire: gid=1001 comm=deepPicar
       deepPicar-4451  [000] d..3  2726.210863: rtg_try_release_lock: rtg_release: gid=1001 comm=deepPicar
          <idle>-0     [003] dn.3  2726.211051: rtg_try_acquire_lock: rtg_acquire: gid=1002 comm=tau_rt_2
        tau_rt_1-4498  [000] d..3  2726.234000: rtg_try_release_lock: rtg_release: gid=1002 comm=tau_rt_1
          <idle>-0     [004] dn.3  2726.244981: rtg_try_acquire_lock: rtg_acquire: gid=1001 comm=deepPicar
       deepPicar-4453  [004] d..3  2726.246342: rtg_try_release_lock: rtg_release: gid=1001 comm=deepPicar
       deepPicar-4451  [000] d..3  2726.246346: rtg_try_acquire_lock: rtg_acquire: gid=1001 comm=deepPicar
       deepPicar-4452  [003] d..3  2726.261056: rtg_try_acquire_lock: rtg_block: comm=tau_rt_2 sched=FIFO pid=4488 tgid=4458 rtgid=1002 prio=94
       deepPicar-4451  [000] d..3  2726.261084: rtg_try_release_lock: rtg_release: gid=1001 comm=deepPicar
          <idle>-0     [003] dn.3  2726.261086: rtg_try_acquire_lock: rtg_acquire: gid=1002 comm=tau_rt_2
        tau_rt_2-4488  [003] d..3  2726.284210: rtg_try_release_lock: rtg_release: gid=1002 comm=tau_rt_2
          <idle>-0     [004] dn.3  2726.294982: rtg_try_acquire_lock: rtg_acquire: gid=1001 comm=deepPicar
       deepPicar-4453  [004] d..3  2726.296327: rtg_try_release_lock: rtg_release: gid=1001 comm=deepPicar
       deepPicar-4452  [003] d..3  2726.296331: rtg_try_acquire_lock: rtg_acquire: gid=1001 comm=deepPicar
       deepPicar-4493  [004] d..3  2726.297101: rtg_try_release_lock: rtg_release: gid=1001 comm=deepPicar
       deepPicar-4476  [005] d..3  2726.297105: rtg_try_acquire_lock: rtg_acquire: gid=1001 comm=deepPicar
       deepPicar-4462  [000] d..3  2726.310971: rtg_try_release_lock: rtg_release: gid=1001 comm=deepPicar
       deepPicar-4462  [000] d..3  2726.310973: rtg_try_acquire_lock: rtg_acquire: gid=1001 comm=deepPicar
          <idle>-0     [003] dn.3  2726.311043: rtg_try_acquire_lock: rtg_block: comm=tau_rt_2 sched=FIFO pid=4488 tgid=4458 rtgid=1002 prio=94
       deepPicar-4451  [000] d..3  2726.311061: rtg_try_release_lock: rtg_release: gid=1001 comm=deepPicar
          <idle>-0     [003] dn.3  2726.311062: rtg_try_acquire_lock: rtg_acquire: gid=1002 comm=tau_rt_2
        tau_rt_1-4498  [000] d..3  2726.334130: rtg_try_release_lock: rtg_release: gid=1002 comm=tau_rt_1
          <idle>-0     [004] dn.3  2726.344981: rtg_try_acquire_lock: rtg_acquire: gid=1001 comm=deepPicar
       deepPicar-4453  [004] d..3  2726.346333: rtg_try_release_lock: rtg_release: gid=1001 comm=deepPicar
       deepPicar-4451  [000] d..3  2726.346336: rtg_try_acquire_lock: rtg_acquire: gid=1001 comm=deepPicar
       deepPicar-4451  [000] d..3  2726.360882: rtg_try_release_lock: rtg_release: gid=1001 comm=deepPicar
          <idle>-0     [003] dn.3  2726.361049: rtg_try_acquire_lock: rtg_acquire: gid=1002 comm=tau_rt_2
        tau_rt_1-4498  [000] d..3  2726.384030: rtg_try_release_lock: rtg_release: gid=1002 comm=tau_rt_1
          <idle>-0     [004] dn.3  2726.394987: rtg_try_acquire_lock: rtg_acquire: gid=1001 comm=deepPicar
       deepPicar-4453  [004] d..3  2726.396392: rtg_try_release_lock: rtg_release: gid=1001 comm=deepPicar
       deepPicar-4454  [005] d..3  2726.396395: rtg_try_acquire_lock: rtg_acquire: gid=1001 comm=deepPicar
       deepPicar-4451  [000] d..3  2726.410937: rtg_try_release_lock: rtg_release: gid=1001 comm=deepPicar
          <idle>-0     [003] dn.3  2726.411043: rtg_try_acquire_lock: rtg_acquire: gid=1002 comm=tau_rt_2
        tau_rt_1-4498  [000] d..3  2726.434007: rtg_try_release_lock: rtg_release: gid=1002 comm=tau_rt_1
          <idle>-0     [004] dn.3  2726.444984: rtg_try_acquire_lock: rtg_acquire: gid=1001 comm=deepPicar
       deepPicar-4452  [003] d..3  2726.446319: rtg_try_release_lock: rtg_release: gid=1001 comm=deepPicar
       deepPicar-4451  [000] d..3  2726.446322: rtg_try_acquire_lock: rtg_acquire: gid=1001 comm=deepPicar
       deepPicar-4451  [000] d..3  2726.460985: rtg_try_release_lock: rtg_release: gid=1001 comm=deepPicar
          <idle>-0     [003] dn.3  2726.461048: rtg_try_acquire_lock: rtg_acquire: gid=1002 comm=tau_rt_2
        tau_rt_1-4498  [000] d..3  2726.484092: rtg_try_release_lock: rtg_release: gid=1002 comm=tau_rt_1
          <idle>-0     [004] dn.3  2726.494989: rtg_try_acquire_lock: rtg_acquire: gid=1001 comm=deepPicar
       deepPicar-4453  [004] d..3  2726.496346: rtg_try_release_lock: rtg_release: gid=1001 comm=deepPicar
