          <idle>-0     [004] dn.3   674.090021: rtg_try_acquire_lock: rtg_acquire: comm=tau_rt_3 rtgid=1002 tgid=3292 pid=3295 prio=94
       deepPicar-3266  [000] d..3   674.090023: rtg_try_acquire_lock: rtg_preemptor: comm=deepPicar rtgid=1001 tgid=3245 pid=3253 prio=93
       deepPicar-3266  [000] d..3   674.090024: rtg_try_acquire_lock: rtg_preemptee: comm=tau_rt_3 rtgid=1002 tgid=3292 pid=3295 prio=94
        tau_rt_3-3295  [004] dn.3   674.090026: rtg_try_acquire_lock: rtg_block: comm=tau_rt_3 rtgid=1002 tgid=3292 pid=3295 prio=94
       deepPicar-3245  [000] d..3   674.101318: rtg_try_acquire_lock: rtg_block: comm=tau_rt_1 rtgid=1002 tgid=3288 pid=3294 prio=94
       deepPicar-3250  [005] d..3   674.116790: rtg_try_acquire_lock: rtg_block: comm=tau_rt_4 rtgid=1002 tgid=3293 pid=3296 prio=94
       deepPicar-3249  [004] d..3   674.116803: rtg_try_release_lock: rtg_release: comm=deepPicar rtgid=1001 tgid=3249 pid=3249 prio=93
          <idle>-0     [000] dn.3   674.116805: rtg_try_acquire_lock: rtg_acquire: comm=tau_rt_1 rtgid=1002 tgid=3288 pid=3294 prio=94
        tau_rt_3-3295  [004] d..3   674.125533: rtg_try_release_lock: rtg_release: comm=tau_rt_3 rtgid=1002 tgid=3292 pid=3295 prio=94
          <idle>-0     [003] dn.3   674.129561: rtg_try_acquire_lock: rtg_acquire: comm=tau_rt_2 rtgid=1002 tgid=3291 pid=3297 prio=94
        tau_rt_1-3294  [000] ...1   674.142173: tracing_mark_write: gid=1002: job_start
        tau_rt_1-3294  [000] dn.3   674.162997: rtg_try_acquire_lock: rtg_preemptor: comm=deepPicar rtgid=1001 tgid=3245 pid=3245 prio=93
        tau_rt_1-3294  [000] dn.3   674.163000: rtg_try_acquire_lock: rtg_preemptee: comm=tau_rt_2 rtgid=1002 tgid=3291 pid=3297 prio=94
        tau_rt_3-3295  [004] dn.3   674.163009: rtg_try_acquire_lock: rtg_block: comm=tau_rt_3 rtgid=1002 tgid=3292 pid=3295 prio=94
       deepPicar-3245  [000] ...1   674.163029: tracing_mark_write: gid=1001: job_start
       deepPicar-3245  [000] d..3   674.164217: rtg_try_release_lock: rtg_release: comm=deepPicar rtgid=1001 tgid=3245 pid=3245 prio=93
          <idle>-0     [004] dn.3   674.164221: rtg_try_acquire_lock: rtg_acquire: comm=tau_rt_3 rtgid=1002 tgid=3292 pid=3295 prio=94
       deepPicar-3245  [000] d..3   674.164224: rtg_try_acquire_lock: rtg_preemptor: comm=deepPicar rtgid=1001 tgid=3245 pid=3261 prio=93
       deepPicar-3245  [000] d..3   674.164224: rtg_try_acquire_lock: rtg_preemptee: comm=tau_rt_3 rtgid=1002 tgid=3292 pid=3295 prio=94
        tau_rt_3-3295  [004] dn.3   674.164227: rtg_try_acquire_lock: rtg_block: comm=tau_rt_3 rtgid=1002 tgid=3292 pid=3295 prio=94
       deepPicar-3261  [000] d..3   674.165131: rtg_try_release_lock: rtg_release: comm=deepPicar rtgid=1001 tgid=3245 pid=3261 prio=93
          <idle>-0     [004] dn.3   674.165132: rtg_try_acquire_lock: rtg_acquire: comm=tau_rt_3 rtgid=1002 tgid=3292 pid=3295 prio=94
       deepPicar-3261  [000] d..3   674.165134: rtg_try_acquire_lock: rtg_preemptor: comm=deepPicar rtgid=1001 tgid=3245 pid=3253 prio=93
       deepPicar-3261  [000] d..3   674.165135: rtg_try_acquire_lock: rtg_preemptee: comm=tau_rt_3 rtgid=1002 tgid=3292 pid=3295 prio=94
        tau_rt_3-3295  [004] dn.3   674.165138: rtg_try_acquire_lock: rtg_block: comm=tau_rt_3 rtgid=1002 tgid=3292 pid=3295 prio=94
       deepPicar-3245  [000] d..3   674.176366: rtg_try_acquire_lock: rtg_block: comm=tau_rt_1 rtgid=1002 tgid=3288 pid=3294 prio=94
       deepPicar-3249  [004] d..3   674.191975: rtg_try_release_lock: rtg_release: comm=deepPicar rtgid=1001 tgid=3249 pid=3249 prio=93
       deepPicar-3250  [005] d..3   674.191979: rtg_try_acquire_lock: rtg_acquire: comm=tau_rt_4 rtgid=1002 tgid=3293 pid=3296 prio=94
        tau_rt_1-3294  [000] ...1   674.217179: tracing_mark_write: gid=1002: job_start
        tau_rt_1-3294  [000] dn.3   674.237999: rtg_try_acquire_lock: rtg_preemptor: comm=deepPicar rtgid=1001 tgid=3245 pid=3245 prio=93
        tau_rt_1-3294  [000] dn.3   674.238002: rtg_try_acquire_lock: rtg_preemptee: comm=tau_rt_4 rtgid=1002 tgid=3293 pid=3296 prio=94
        tau_rt_3-3295  [004] dn.3   674.238012: rtg_try_acquire_lock: rtg_block: comm=tau_rt_3 rtgid=1002 tgid=3292 pid=3295 prio=94
        tau_rt_4-3296  [005] dn.3   674.238015: rtg_try_acquire_lock: rtg_block: comm=tau_rt_4 rtgid=1002 tgid=3293 pid=3296 prio=94
       deepPicar-3245  [000] ...1   674.238035: tracing_mark_write: gid=1001: job_start
       deepPicar-3245  [000] d..3   674.239201: rtg_try_release_lock: rtg_release: comm=deepPicar rtgid=1001 tgid=3245 pid=3245 prio=93
          <idle>-0     [004] dn.3   674.239204: rtg_try_acquire_lock: rtg_acquire: comm=tau_rt_3 rtgid=1002 tgid=3292 pid=3295 prio=94
       deepPicar-3245  [000] d..3   674.239207: rtg_try_acquire_lock: rtg_preemptor: comm=deepPicar rtgid=1001 tgid=3245 pid=3262 prio=93
       deepPicar-3245  [000] d..3   674.239208: rtg_try_acquire_lock: rtg_preemptee: comm=tau_rt_3 rtgid=1002 tgid=3292 pid=3295 prio=94
        tau_rt_3-3295  [004] dn.3   674.239211: rtg_try_acquire_lock: rtg_block: comm=tau_rt_3 rtgid=1002 tgid=3292 pid=3295 prio=94
        tau_rt_4-3296  [005] dn.3   674.239212: rtg_try_acquire_lock: rtg_block: comm=tau_rt_4 rtgid=1002 tgid=3293 pid=3296 prio=94
       deepPicar-3262  [000] d..3   674.240066: rtg_try_release_lock: rtg_release: comm=deepPicar rtgid=1001 tgid=3245 pid=3262 prio=93
          <idle>-0     [004] dn.3   674.240068: rtg_try_acquire_lock: rtg_acquire: comm=tau_rt_3 rtgid=1002 tgid=3292 pid=3295 prio=94
       deepPicar-3262  [000] d..3   674.240070: rtg_try_acquire_lock: rtg_preemptor: comm=deepPicar rtgid=1001 tgid=3245 pid=3253 prio=93
       deepPicar-3262  [000] d..3   674.240071: rtg_try_acquire_lock: rtg_preemptee: comm=tau_rt_3 rtgid=1002 tgid=3292 pid=3295 prio=94
        tau_rt_3-3295  [004] dn.3   674.240073: rtg_try_acquire_lock: rtg_block: comm=tau_rt_3 rtgid=1002 tgid=3292 pid=3295 prio=94
        tau_rt_4-3296  [005] dn.3   674.240075: rtg_try_acquire_lock: rtg_block: comm=tau_rt_4 rtgid=1002 tgid=3293 pid=3296 prio=94
       deepPicar-3245  [000] d..3   674.251194: rtg_try_acquire_lock: rtg_block: comm=tau_rt_1 rtgid=1002 tgid=3288 pid=3294 prio=94
       deepPicar-3257  [003] d..3   674.266820: rtg_try_release_lock: rtg_release: comm=deepPicar rtgid=1001 tgid=3248 pid=3257 prio=93
       deepPicar-3259  [005] dn.3   674.266824: rtg_try_acquire_lock: rtg_acquire: comm=deepPicar rtgid=1001 tgid=3250 pid=3250 prio=93
          <idle>-0     [000] dn.3   674.266829: rtg_try_acquire_lock: rtg_block: comm=tau_rt_1 rtgid=1002 tgid=3288 pid=3294 prio=94
       deepPicar-3248  [003] d..3   674.266942: rtg_try_release_lock: rtg_release: comm=deepPicar rtgid=1001 tgid=3248 pid=3248 prio=93
       deepPicar-3249  [004] d..3   674.266945: rtg_try_acquire_lock: rtg_acquire: comm=tau_rt_3 rtgid=1002 tgid=3292 pid=3295 prio=94
        tau_rt_1-3294  [000] ...1   674.292169: tracing_mark_write: gid=1002: job_start
        tau_rt_1-3294  [000] dn.3   674.312995: rtg_try_acquire_lock: rtg_preemptor: comm=deepPicar rtgid=1001 tgid=3245 pid=3245 prio=93
        tau_rt_1-3294  [000] dn.3   674.312998: rtg_try_acquire_lock: rtg_preemptee: comm=tau_rt_3 rtgid=1002 tgid=3292 pid=3295 prio=94
        tau_rt_4-3296  [005] dn.3   674.313007: rtg_try_acquire_lock: rtg_block: comm=tau_rt_4 rtgid=1002 tgid=3293 pid=3296 prio=94
        tau_rt_3-3295  [004] dn.3   674.313010: rtg_try_acquire_lock: rtg_block: comm=tau_rt_3 rtgid=1002 tgid=3292 pid=3295 prio=94
       deepPicar-3245  [000] ...1   674.313027: tracing_mark_write: gid=1001: job_start
       deepPicar-3245  [000] d..3   674.314191: rtg_try_release_lock: rtg_release: comm=deepPicar rtgid=1001 tgid=3245 pid=3245 prio=93
          <idle>-0     [004] dn.3   674.314194: rtg_try_acquire_lock: rtg_acquire: comm=tau_rt_3 rtgid=1002 tgid=3292 pid=3295 prio=94
       deepPicar-3245  [000] d..3   674.314197: rtg_try_acquire_lock: rtg_preemptor: comm=deepPicar rtgid=1001 tgid=3245 pid=3263 prio=93
       deepPicar-3245  [000] d..3   674.314198: rtg_try_acquire_lock: rtg_preemptee: comm=tau_rt_3 rtgid=1002 tgid=3292 pid=3295 prio=94
        tau_rt_3-3295  [004] dn.3   674.314201: rtg_try_acquire_lock: rtg_block: comm=tau_rt_3 rtgid=1002 tgid=3292 pid=3295 prio=94
        tau_rt_4-3296  [005] dn.3   674.314202: rtg_try_acquire_lock: rtg_block: comm=tau_rt_4 rtgid=1002 tgid=3293 pid=3296 prio=94
       deepPicar-3263  [000] d..3   674.315133: rtg_try_release_lock: rtg_release: comm=deepPicar rtgid=1001 tgid=3245 pid=3263 prio=93
          <idle>-0     [004] dn.3   674.315136: rtg_try_acquire_lock: rtg_acquire: comm=tau_rt_3 rtgid=1002 tgid=3292 pid=3295 prio=94
       deepPicar-3263  [000] d..3   674.315138: rtg_try_acquire_lock: rtg_preemptor: comm=deepPicar rtgid=1001 tgid=3245 pid=3253 prio=93
       deepPicar-3263  [000] d..3   674.315139: rtg_try_acquire_lock: rtg_preemptee: comm=tau_rt_3 rtgid=1002 tgid=3292 pid=3295 prio=94
        tau_rt_3-3295  [004] dn.3   674.315142: rtg_try_acquire_lock: rtg_block: comm=tau_rt_3 rtgid=1002 tgid=3292 pid=3295 prio=94
        tau_rt_4-3296  [005] dn.3   674.315143: rtg_try_acquire_lock: rtg_block: comm=tau_rt_4 rtgid=1002 tgid=3293 pid=3296 prio=94
       deepPicar-3245  [000] d..3   674.326415: rtg_try_acquire_lock: rtg_block: comm=tau_rt_1 rtgid=1002 tgid=3288 pid=3294 prio=94
       deepPicar-3250  [005] d..3   674.342042: rtg_try_release_lock: rtg_release: comm=deepPicar rtgid=1001 tgid=3250 pid=3250 prio=93
       deepPicar-3249  [004] dn.3   674.342046: rtg_try_acquire_lock: rtg_acquire: comm=tau_rt_3 rtgid=1002 tgid=3292 pid=3295 prio=94
        tau_rt_4-3296  [005] d..3   674.354170: rtg_try_release_lock: rtg_release: comm=tau_rt_4 rtgid=1002 tgid=3293 pid=3296 prio=94
          <idle>-0     [003] dn.3   674.354560: rtg_try_acquire_lock: rtg_acquire: comm=tau_rt_2 rtgid=1002 tgid=3291 pid=3297 prio=94
        tau_rt_1-3294  [000] ...1   674.367173: tracing_mark_write: gid=1002: job_start
        tau_rt_1-3294  [000] dn.3   674.387993: rtg_try_acquire_lock: rtg_preemptor: comm=deepPicar rtgid=1001 tgid=3245 pid=3245 prio=93
        tau_rt_1-3294  [000] dn.3   674.387995: rtg_try_acquire_lock: rtg_preemptee: comm=tau_rt_2 rtgid=1002 tgid=3291 pid=3297 prio=94
        tau_rt_3-3295  [004] dn.3   674.388005: rtg_try_acquire_lock: rtg_block: comm=tau_rt_3 rtgid=1002 tgid=3292 pid=3295 prio=94
        tau_rt_4-3296  [005] dn.3   674.388009: rtg_try_acquire_lock: rtg_block: comm=tau_rt_4 rtgid=1002 tgid=3293 pid=3296 prio=94
       deepPicar-3245  [000] ...1   674.388024: tracing_mark_write: gid=1001: job_start
       deepPicar-3245  [000] d..3   674.389187: rtg_try_release_lock: rtg_release: comm=deepPicar rtgid=1001 tgid=3245 pid=3245 prio=93
          <idle>-0     [004] dn.3   674.389190: rtg_try_acquire_lock: rtg_acquire: comm=tau_rt_3 rtgid=1002 tgid=3292 pid=3295 prio=94
       deepPicar-3245  [000] d..3   674.389193: rtg_try_acquire_lock: rtg_preemptor: comm=deepPicar rtgid=1001 tgid=3245 pid=3264 prio=93
       deepPicar-3245  [000] d..3   674.389194: rtg_try_acquire_lock: rtg_preemptee: comm=tau_rt_3 rtgid=1002 tgid=3292 pid=3295 prio=94
        tau_rt_3-3295  [004] dn.3   674.389197: rtg_try_acquire_lock: rtg_block: comm=tau_rt_3 rtgid=1002 tgid=3292 pid=3295 prio=94
        tau_rt_4-3296  [005] dn.3   674.389198: rtg_try_acquire_lock: rtg_block: comm=tau_rt_4 rtgid=1002 tgid=3293 pid=3296 prio=94
       deepPicar-3264  [000] d..3   674.389984: rtg_try_release_lock: rtg_release: comm=deepPicar rtgid=1001 tgid=3245 pid=3264 prio=93
          <idle>-0     [004] dn.3   674.389986: rtg_try_acquire_lock: rtg_acquire: comm=tau_rt_3 rtgid=1002 tgid=3292 pid=3295 prio=94
       deepPicar-3264  [000] d..3   674.389988: rtg_try_acquire_lock: rtg_preemptor: comm=deepPicar rtgid=1001 tgid=3245 pid=3253 prio=93
       deepPicar-3264  [000] d..3   674.389989: rtg_try_acquire_lock: rtg_preemptee: comm=tau_rt_3 rtgid=1002 tgid=3292 pid=3295 prio=94
        tau_rt_3-3295  [004] dn.3   674.389991: rtg_try_acquire_lock: rtg_block: comm=tau_rt_3 rtgid=1002 tgid=3292 pid=3295 prio=94
        tau_rt_4-3296  [005] dn.3   674.389992: rtg_try_acquire_lock: rtg_block: comm=tau_rt_4 rtgid=1002 tgid=3293 pid=3296 prio=94
       deepPicar-3245  [000] d..3   674.401227: rtg_try_acquire_lock: rtg_block: comm=tau_rt_1 rtgid=1002 tgid=3288 pid=3294 prio=94
       deepPicar-3256  [004] d..3   674.416714: rtg_try_release_lock: rtg_release: comm=deepPicar rtgid=1001 tgid=3249 pid=3256 prio=93
       deepPicar-3259  [005] dn.3   674.416718: rtg_try_acquire_lock: rtg_acquire: comm=deepPicar rtgid=1001 tgid=3250 pid=3250 prio=93
          <idle>-0     [000] dn.3   674.416721: rtg_try_acquire_lock: rtg_block: comm=tau_rt_1 rtgid=1002 tgid=3288 pid=3294 prio=94
       deepPicar-3249  [004] d..3   674.416830: rtg_try_release_lock: rtg_release: comm=deepPicar rtgid=1001 tgid=3249 pid=3249 prio=93
       deepPicar-3250  [005] d..3   674.416833: rtg_try_acquire_lock: rtg_acquire: comm=tau_rt_4 rtgid=1002 tgid=3293 pid=3296 prio=94
        tau_rt_3-3295  [004] d..3   674.428953: rtg_try_release_lock: rtg_release: comm=tau_rt_3 rtgid=1002 tgid=3292 pid=3295 prio=94
          <idle>-0     [003] dn.3   674.429561: rtg_try_acquire_lock: rtg_acquire: comm=tau_rt_2 rtgid=1002 tgid=3291 pid=3297 prio=94
        tau_rt_1-3294  [000] ...1   674.442172: tracing_mark_write: gid=1002: job_start
        tau_rt_1-3294  [000] dn.3   674.462996: rtg_try_acquire_lock: rtg_preemptor: comm=deepPicar rtgid=1001 tgid=3245 pid=3245 prio=93
        tau_rt_1-3294  [000] dn.3   674.462999: rtg_try_acquire_lock: rtg_preemptee: comm=tau_rt_2 rtgid=1002 tgid=3291 pid=3297 prio=94
        tau_rt_3-3295  [004] dn.3   674.463011: rtg_try_acquire_lock: rtg_block: comm=tau_rt_3 rtgid=1002 tgid=3292 pid=3295 prio=94
        tau_rt_4-3296  [005] dn.3   674.463015: rtg_try_acquire_lock: rtg_block: comm=tau_rt_4 rtgid=1002 tgid=3293 pid=3296 prio=94
       deepPicar-3245  [000] ...1   674.463032: tracing_mark_write: gid=1001: job_start
       deepPicar-3245  [000] d..3   674.464267: rtg_try_release_lock: rtg_release: comm=deepPicar rtgid=1001 tgid=3245 pid=3245 prio=93
          <idle>-0     [004] dn.3   674.464270: rtg_try_acquire_lock: rtg_acquire: comm=tau_rt_3 rtgid=1002 tgid=3292 pid=3295 prio=94
       deepPicar-3245  [000] d..3   674.464273: rtg_try_acquire_lock: rtg_preemptor: comm=deepPicar rtgid=1001 tgid=3245 pid=3265 prio=93
       deepPicar-3245  [000] d..3   674.464274: rtg_try_acquire_lock: rtg_preemptee: comm=tau_rt_3 rtgid=1002 tgid=3292 pid=3295 prio=94
        tau_rt_3-3295  [004] dn.3   674.464277: rtg_try_acquire_lock: rtg_block: comm=tau_rt_3 rtgid=1002 tgid=3292 pid=3295 prio=94
        tau_rt_4-3296  [005] dn.3   674.464278: rtg_try_acquire_lock: rtg_block: comm=tau_rt_4 rtgid=1002 tgid=3293 pid=3296 prio=94
       deepPicar-3265  [000] d..3   674.465220: rtg_try_release_lock: rtg_release: comm=deepPicar rtgid=1001 tgid=3245 pid=3265 prio=93
          <idle>-0     [004] dn.3   674.465222: rtg_try_acquire_lock: rtg_acquire: comm=tau_rt_3 rtgid=1002 tgid=3292 pid=3295 prio=94
       deepPicar-3265  [000] d..3   674.465224: rtg_try_acquire_lock: rtg_preemptor: comm=deepPicar rtgid=1001 tgid=3245 pid=3253 prio=93
       deepPicar-3265  [000] d..3   674.465225: rtg_try_acquire_lock: rtg_preemptee: comm=tau_rt_3 rtgid=1002 tgid=3292 pid=3295 prio=94
        tau_rt_3-3295  [004] dn.3   674.465227: rtg_try_acquire_lock: rtg_block: comm=tau_rt_3 rtgid=1002 tgid=3292 pid=3295 prio=94
        tau_rt_4-3296  [005] dn.3   674.465229: rtg_try_acquire_lock: rtg_block: comm=tau_rt_4 rtgid=1002 tgid=3293 pid=3296 prio=94
       deepPicar-3245  [000] d..3   674.476517: rtg_try_acquire_lock: rtg_block: comm=tau_rt_1 rtgid=1002 tgid=3288 pid=3294 prio=94
       deepPicar-3256  [004] d..3   674.491914: rtg_try_release_lock: rtg_release: comm=deepPicar rtgid=1001 tgid=3249 pid=3256 prio=93
       deepPicar-3257  [003] d..3   674.491918: rtg_try_acquire_lock: rtg_acquire: comm=deepPicar rtgid=1001 tgid=3248 pid=3248 prio=93
          <idle>-0     [000] dn.3   674.491922: rtg_try_acquire_lock: rtg_block: comm=tau_rt_1 rtgid=1002 tgid=3288 pid=3294 prio=94
       deepPicar-3249  [004] d..3   674.492046: rtg_try_release_lock: rtg_release: comm=deepPicar rtgid=1001 tgid=3249 pid=3249 prio=93
       deepPicar-3250  [005] d..3   674.492049: rtg_try_acquire_lock: rtg_acquire: comm=tau_rt_4 rtgid=1002 tgid=3293 pid=3296 prio=94
        tau_rt_4-3296  [005] d..3   674.504116: rtg_try_release_lock: rtg_release: comm=tau_rt_4 rtgid=1002 tgid=3293 pid=3296 prio=94
          <idle>-0     [003] dn.3   674.504561: rtg_try_acquire_lock: rtg_acquire: comm=tau_rt_2 rtgid=1002 tgid=3291 pid=3297 prio=94
        tau_rt_1-3294  [000] ...1   674.517172: tracing_mark_write: gid=1002: job_start
        tau_rt_1-3294  [000] dn.3   674.537999: rtg_try_acquire_lock: rtg_preemptor: comm=deepPicar rtgid=1001 tgid=3245 pid=3245 prio=93
        tau_rt_1-3294  [000] dn.3   674.538002: rtg_try_acquire_lock: rtg_preemptee: comm=tau_rt_2 rtgid=1002 tgid=3291 pid=3297 prio=94
        tau_rt_3-3295  [004] dn.3   674.538014: rtg_try_acquire_lock: rtg_block: comm=tau_rt_3 rtgid=1002 tgid=3292 pid=3295 prio=94
        tau_rt_4-3296  [005] dn.3   674.538017: rtg_try_acquire_lock: rtg_block: comm=tau_rt_4 rtgid=1002 tgid=3293 pid=3296 prio=94
       deepPicar-3245  [000] ...1   674.538036: tracing_mark_write: gid=1001: job_start
       deepPicar-3245  [000] d..3   674.539205: rtg_try_release_lock: rtg_release: comm=deepPicar rtgid=1001 tgid=3245 pid=3245 prio=93
          <idle>-0     [004] dn.3   674.539208: rtg_try_acquire_lock: rtg_acquire: comm=tau_rt_3 rtgid=1002 tgid=3292 pid=3295 prio=94
       deepPicar-3245  [000] d..3   674.539212: rtg_try_acquire_lock: rtg_preemptor: comm=deepPicar rtgid=1001 tgid=3245 pid=3266 prio=93
       deepPicar-3245  [000] d..3   674.539213: rtg_try_acquire_lock: rtg_preemptee: comm=tau_rt_3 rtgid=1002 tgid=3292 pid=3295 prio=94
        tau_rt_3-3295  [004] dn.3   674.539216: rtg_try_acquire_lock: rtg_block: comm=tau_rt_3 rtgid=1002 tgid=3292 pid=3295 prio=94
        tau_rt_4-3296  [005] dn.3   674.539217: rtg_try_acquire_lock: rtg_block: comm=tau_rt_4 rtgid=1002 tgid=3293 pid=3296 prio=94
       deepPicar-3266  [000] d..3   674.540138: rtg_try_release_lock: rtg_release: comm=deepPicar rtgid=1001 tgid=3245 pid=3266 prio=93
          <idle>-0     [004] dn.3   674.540140: rtg_try_acquire_lock: rtg_acquire: comm=tau_rt_3 rtgid=1002 tgid=3292 pid=3295 prio=94
       deepPicar-3266  [000] d..3   674.540143: rtg_try_acquire_lock: rtg_preemptor: comm=deepPicar rtgid=1001 tgid=3245 pid=3253 prio=93
       deepPicar-3266  [000] d..3   674.540143: rtg_try_acquire_lock: rtg_preemptee: comm=tau_rt_3 rtgid=1002 tgid=3292 pid=3295 prio=94
        tau_rt_3-3295  [004] dn.3   674.540146: rtg_try_acquire_lock: rtg_block: comm=tau_rt_3 rtgid=1002 tgid=3292 pid=3295 prio=94
        tau_rt_4-3296  [005] dn.3   674.540148: rtg_try_acquire_lock: rtg_block: comm=tau_rt_4 rtgid=1002 tgid=3293 pid=3296 prio=94
       deepPicar-3245  [000] d..3   674.551322: rtg_try_acquire_lock: rtg_block: comm=tau_rt_1 rtgid=1002 tgid=3288 pid=3294 prio=94
       deepPicar-3257  [003] d..3   674.567014: rtg_try_release_lock: rtg_release: comm=deepPicar rtgid=1001 tgid=3248 pid=3257 prio=93
       deepPicar-3256  [004] dn.3   674.567018: rtg_try_acquire_lock: rtg_acquire: comm=deepPicar rtgid=1001 tgid=3249 pid=3249 prio=93
          <idle>-0     [000] dn.3   674.567021: rtg_try_acquire_lock: rtg_block: comm=tau_rt_1 rtgid=1002 tgid=3288 pid=3294 prio=94
       deepPicar-3250  [005] d..3   674.567136: rtg_try_release_lock: rtg_release: comm=deepPicar rtgid=1001 tgid=3250 pid=3250 prio=93
       deepPicar-3249  [004] d..3   674.567139: rtg_try_acquire_lock: rtg_acquire: comm=tau_rt_3 rtgid=1002 tgid=3292 pid=3295 prio=94
        tau_rt_3-3295  [004] d..3   674.579147: rtg_try_release_lock: rtg_release: comm=tau_rt_3 rtgid=1002 tgid=3292 pid=3295 prio=94
          <idle>-0     [003] dn.3   674.579561: rtg_try_acquire_lock: rtg_acquire: comm=tau_rt_2 rtgid=1002 tgid=3291 pid=3297 prio=94
        tau_rt_1-3294  [000] ...1   674.592168: tracing_mark_write: gid=1002: job_start
        tau_rt_1-3294  [000] dn.3   674.612999: rtg_try_acquire_lock: rtg_preemptor: comm=deepPicar rtgid=1001 tgid=3245 pid=3245 prio=93
        tau_rt_1-3294  [000] dn.3   674.613002: rtg_try_acquire_lock: rtg_preemptee: comm=tau_rt_2 rtgid=1002 tgid=3291 pid=3297 prio=94
        tau_rt_3-3295  [004] dn.3   674.613013: rtg_try_acquire_lock: rtg_block: comm=tau_rt_3 rtgid=1002 tgid=3292 pid=3295 prio=94
        tau_rt_4-3296  [005] dn.3   674.613016: rtg_try_acquire_lock: rtg_block: comm=tau_rt_4 rtgid=1002 tgid=3293 pid=3296 prio=94
       deepPicar-3245  [000] ...1   674.613034: tracing_mark_write: gid=1001: job_start
       deepPicar-3245  [000] d..3   674.614222: rtg_try_release_lock: rtg_release: comm=deepPicar rtgid=1001 tgid=3245 pid=3245 prio=93
          <idle>-0     [004] dn.3   674.614225: rtg_try_acquire_lock: rtg_acquire: comm=tau_rt_3 rtgid=1002 tgid=3292 pid=3295 prio=94
       deepPicar-3245  [000] d..3   674.614228: rtg_try_acquire_lock: rtg_preemptor: comm=deepPicar rtgid=1001 tgid=3245 pid=3261 prio=93
       deepPicar-3245  [000] d..3   674.614229: rtg_try_acquire_lock: rtg_preemptee: comm=tau_rt_3 rtgid=1002 tgid=3292 pid=3295 prio=94
        tau_rt_3-3295  [004] dn.3   674.614232: rtg_try_acquire_lock: rtg_block: comm=tau_rt_3 rtgid=1002 tgid=3292 pid=3295 prio=94
        tau_rt_4-3296  [005] dn.3   674.614234: rtg_try_acquire_lock: rtg_block: comm=tau_rt_4 rtgid=1002 tgid=3293 pid=3296 prio=94
       deepPicar-3261  [000] d..3   674.615230: rtg_try_release_lock: rtg_release: comm=deepPicar rtgid=1001 tgid=3245 pid=3261 prio=93
          <idle>-0     [004] dn.3   674.615231: rtg_try_acquire_lock: rtg_acquire: comm=tau_rt_3 rtgid=1002 tgid=3292 pid=3295 prio=94
       deepPicar-3261  [000] d..3   674.615233: rtg_try_acquire_lock: rtg_preemptor: comm=deepPicar rtgid=1001 tgid=3245 pid=3253 prio=93
       deepPicar-3261  [000] d..3   674.615234: rtg_try_acquire_lock: rtg_preemptee: comm=tau_rt_3 rtgid=1002 tgid=3292 pid=3295 prio=94
        tau_rt_3-3295  [004] dn.3   674.615237: rtg_try_acquire_lock: rtg_block: comm=tau_rt_3 rtgid=1002 tgid=3292 pid=3295 prio=94
        tau_rt_4-3296  [005] dn.3   674.615238: rtg_try_acquire_lock: rtg_block: comm=tau_rt_4 rtgid=1002 tgid=3293 pid=3296 prio=94
       deepPicar-3245  [000] d..3   674.626632: rtg_try_acquire_lock: rtg_block: comm=tau_rt_1 rtgid=1002 tgid=3288 pid=3294 prio=94
       deepPicar-3250  [005] d..3   674.642066: rtg_try_release_lock: rtg_release: comm=deepPicar rtgid=1001 tgid=3250 pid=3250 prio=93
       deepPicar-3249  [004] dn.3   674.642070: rtg_try_acquire_lock: rtg_acquire: comm=tau_rt_3 rtgid=1002 tgid=3292 pid=3295 prio=94
        tau_rt_4-3296  [005] d..3   674.653936: rtg_try_release_lock: rtg_release: comm=tau_rt_4 rtgid=1002 tgid=3293 pid=3296 prio=94
          <idle>-0     [003] dn.3   674.654562: rtg_try_acquire_lock: rtg_acquire: comm=tau_rt_2 rtgid=1002 tgid=3291 pid=3297 prio=94
        tau_rt_1-3294  [000] ...1   674.667172: tracing_mark_write: gid=1002: job_start
        tau_rt_1-3294  [000] dn.3   674.687992: rtg_try_acquire_lock: rtg_preemptor: comm=deepPicar rtgid=1001 tgid=3245 pid=3245 prio=93
        tau_rt_1-3294  [000] dn.3   674.687995: rtg_try_acquire_lock: rtg_preemptee: comm=tau_rt_2 rtgid=1002 tgid=3291 pid=3297 prio=94
        tau_rt_3-3295  [004] dn.3   674.688005: rtg_try_acquire_lock: rtg_block: comm=tau_rt_3 rtgid=1002 tgid=3292 pid=3295 prio=94
        tau_rt_4-3296  [005] dn.3   674.688008: rtg_try_acquire_lock: rtg_block: comm=tau_rt_4 rtgid=1002 tgid=3293 pid=3296 prio=94
       deepPicar-3245  [000] ...1   674.688024: tracing_mark_write: gid=1001: job_start
       deepPicar-3245  [000] d..3   674.689170: rtg_try_release_lock: rtg_release: comm=deepPicar rtgid=1001 tgid=3245 pid=3245 prio=93
          <idle>-0     [004] dn.3   674.689174: rtg_try_acquire_lock: rtg_acquire: comm=tau_rt_3 rtgid=1002 tgid=3292 pid=3295 prio=94
       deepPicar-3245  [000] d..3   674.689176: rtg_try_acquire_lock: rtg_preemptor: comm=deepPicar rtgid=1001 tgid=3245 pid=3262 prio=93
       deepPicar-3245  [000] d..3   674.689177: rtg_try_acquire_lock: rtg_preemptee: comm=tau_rt_3 rtgid=1002 tgid=3292 pid=3295 prio=94
        tau_rt_3-3295  [004] dn.3   674.689180: rtg_try_acquire_lock: rtg_block: comm=tau_rt_3 rtgid=1002 tgid=3292 pid=3295 prio=94
        tau_rt_4-3296  [005] dn.3   674.689182: rtg_try_acquire_lock: rtg_block: comm=tau_rt_4 rtgid=1002 tgid=3293 pid=3296 prio=94
       deepPicar-3262  [000] d..3   674.689950: rtg_try_release_lock: rtg_release: comm=deepPicar rtgid=1001 tgid=3245 pid=3262 prio=93
          <idle>-0     [004] dn.3   674.689952: rtg_try_acquire_lock: rtg_acquire: comm=tau_rt_3 rtgid=1002 tgid=3292 pid=3295 prio=94
       deepPicar-3262  [000] d..3   674.689954: rtg_try_acquire_lock: rtg_preemptor: comm=deepPicar rtgid=1001 tgid=3245 pid=3253 prio=93
       deepPicar-3262  [000] d..3   674.689955: rtg_try_acquire_lock: rtg_preemptee: comm=tau_rt_3 rtgid=1002 tgid=3292 pid=3295 prio=94
        tau_rt_3-3295  [004] dn.3   674.689958: rtg_try_acquire_lock: rtg_block: comm=tau_rt_3 rtgid=1002 tgid=3292 pid=3295 prio=94
        tau_rt_4-3296  [005] dn.3   674.689959: rtg_try_acquire_lock: rtg_block: comm=tau_rt_4 rtgid=1002 tgid=3293 pid=3296 prio=94
       deepPicar-3245  [000] d..3   674.701125: rtg_try_acquire_lock: rtg_block: comm=tau_rt_1 rtgid=1002 tgid=3288 pid=3294 prio=94
       deepPicar-3256  [004] d..3   674.716739: rtg_try_release_lock: rtg_release: comm=deepPicar rtgid=1001 tgid=3249 pid=3256 prio=93
          <idle>-0     [005] dn.3   674.716743: rtg_try_acquire_lock: rtg_acquire: comm=tau_rt_4 rtgid=1002 tgid=3293 pid=3296 prio=94
       deepPicar-3256  [004] d..3   674.716746: rtg_try_acquire_lock: rtg_preemptor: comm=deepPicar rtgid=1001 tgid=3249 pid=3249 prio=93
       deepPicar-3256  [004] d..3   674.716747: rtg_try_acquire_lock: rtg_preemptee: comm=tau_rt_4 rtgid=1002 tgid=3293 pid=3296 prio=94
        tau_rt_1-3294  [000] dn.3   674.716751: rtg_try_acquire_lock: rtg_block: comm=tau_rt_1 rtgid=1002 tgid=3288 pid=3294 prio=94
        tau_rt_4-3296  [005] dn.3   674.716753: rtg_try_acquire_lock: rtg_block: comm=tau_rt_4 rtgid=1002 tgid=3293 pid=3296 prio=94
       deepPicar-3249  [004] d..3   674.716841: rtg_try_release_lock: rtg_release: comm=deepPicar rtgid=1001 tgid=3249 pid=3249 prio=93
          <idle>-0     [005] dn.3   674.716843: rtg_try_acquire_lock: rtg_acquire: comm=tau_rt_4 rtgid=1002 tgid=3293 pid=3296 prio=94
        tau_rt_4-3296  [005] d..3   674.728872: rtg_try_release_lock: rtg_release: comm=tau_rt_4 rtgid=1002 tgid=3293 pid=3296 prio=94
          <idle>-0     [003] dn.3   674.729563: rtg_try_acquire_lock: rtg_acquire: comm=tau_rt_2 rtgid=1002 tgid=3291 pid=3297 prio=94
        tau_rt_1-3294  [000] ...1   674.742172: tracing_mark_write: gid=1002: job_start
        tau_rt_1-3294  [000] dn.3   674.762997: rtg_try_acquire_lock: rtg_preemptor: comm=deepPicar rtgid=1001 tgid=3245 pid=3245 prio=93
        tau_rt_1-3294  [000] dn.3   674.763000: rtg_try_acquire_lock: rtg_preemptee: comm=tau_rt_2 rtgid=1002 tgid=3291 pid=3297 prio=94
        tau_rt_4-3296  [005] dn.3   674.763011: rtg_try_acquire_lock: rtg_block: comm=tau_rt_4 rtgid=1002 tgid=3293 pid=3296 prio=94
        tau_rt_3-3295  [004] dn.3   674.763015: rtg_try_acquire_lock: rtg_block: comm=tau_rt_3 rtgid=1002 tgid=3292 pid=3295 prio=94
       deepPicar-3245  [000] ...1   674.763033: tracing_mark_write: gid=1001: job_start
       deepPicar-3245  [000] d..3   674.764257: rtg_try_release_lock: rtg_release: comm=deepPicar rtgid=1001 tgid=3245 pid=3245 prio=93
          <idle>-0     [004] dn.3   674.764260: rtg_try_acquire_lock: rtg_acquire: comm=tau_rt_3 rtgid=1002 tgid=3292 pid=3295 prio=94
       deepPicar-3245  [000] d..3   674.764262: rtg_try_acquire_lock: rtg_preemptor: comm=deepPicar rtgid=1001 tgid=3245 pid=3263 prio=93
       deepPicar-3245  [000] d..3   674.764263: rtg_try_acquire_lock: rtg_preemptee: comm=tau_rt_3 rtgid=1002 tgid=3292 pid=3295 prio=94
        tau_rt_4-3296  [005] dn.3   674.764267: rtg_try_acquire_lock: rtg_block: comm=tau_rt_4 rtgid=1002 tgid=3293 pid=3296 prio=94
        tau_rt_3-3295  [004] dn.3   674.764268: rtg_try_acquire_lock: rtg_block: comm=tau_rt_3 rtgid=1002 tgid=3292 pid=3295 prio=94
       deepPicar-3263  [000] d..3   674.765092: rtg_try_release_lock: rtg_release: comm=deepPicar rtgid=1001 tgid=3245 pid=3263 prio=93
          <idle>-0     [005] dn.3   674.765094: rtg_try_acquire_lock: rtg_acquire: comm=tau_rt_4 rtgid=1002 tgid=3293 pid=3296 prio=94
       deepPicar-3263  [000] d..3   674.765097: rtg_try_acquire_lock: rtg_preemptor: comm=deepPicar rtgid=1001 tgid=3245 pid=3253 prio=93
       deepPicar-3263  [000] d..3   674.765098: rtg_try_acquire_lock: rtg_preemptee: comm=tau_rt_4 rtgid=1002 tgid=3293 pid=3296 prio=94
        tau_rt_3-3295  [004] dn.3   674.765101: rtg_try_acquire_lock: rtg_block: comm=tau_rt_3 rtgid=1002 tgid=3292 pid=3295 prio=94
        tau_rt_4-3296  [005] dn.3   674.765102: rtg_try_acquire_lock: rtg_block: comm=tau_rt_4 rtgid=1002 tgid=3293 pid=3296 prio=94
       deepPicar-3245  [000] d..3   674.776345: rtg_try_acquire_lock: rtg_block: comm=tau_rt_1 rtgid=1002 tgid=3288 pid=3294 prio=94
       deepPicar-3256  [004] d..3   674.791765: rtg_try_release_lock: rtg_release: comm=deepPicar rtgid=1001 tgid=3249 pid=3256 prio=93
       deepPicar-3257  [003] d..3   674.791769: rtg_try_acquire_lock: rtg_acquire: comm=deepPicar rtgid=1001 tgid=3248 pid=3248 prio=93
          <idle>-0     [000] dn.3   674.791773: rtg_try_acquire_lock: rtg_block: comm=tau_rt_1 rtgid=1002 tgid=3288 pid=3294 prio=94
       deepPicar-3249  [004] d..3   674.791882: rtg_try_release_lock: rtg_release: comm=deepPicar rtgid=1001 tgid=3249 pid=3249 prio=93
       deepPicar-3250  [005] d..3   674.791885: rtg_try_acquire_lock: rtg_acquire: comm=tau_rt_4 rtgid=1002 tgid=3293 pid=3296 prio=94
        tau_rt_4-3296  [005] d..3   674.803873: rtg_try_release_lock: rtg_release: comm=tau_rt_4 rtgid=1002 tgid=3293 pid=3296 prio=94
          <idle>-0     [003] dn.3   674.804565: rtg_try_acquire_lock: rtg_acquire: comm=tau_rt_2 rtgid=1002 tgid=3291 pid=3297 prio=94
        tau_rt_1-3294  [000] ...1   674.817170: tracing_mark_write: gid=1002: job_start
        tau_rt_1-3294  [000] dn.3   674.837999: rtg_try_acquire_lock: rtg_preemptor: comm=deepPicar rtgid=1001 tgid=3245 pid=3245 prio=93
        tau_rt_1-3294  [000] dn.3   674.838002: rtg_try_acquire_lock: rtg_preemptee: comm=tau_rt_2 rtgid=1002 tgid=3291 pid=3297 prio=94
        tau_rt_3-3295  [004] dn.3   674.838013: rtg_try_acquire_lock: rtg_block: comm=tau_rt_3 rtgid=1002 tgid=3292 pid=3295 prio=94
        tau_rt_4-3296  [005] dn.3   674.838017: rtg_try_acquire_lock: rtg_block: comm=tau_rt_4 rtgid=1002 tgid=3293 pid=3296 prio=94
       deepPicar-3245  [000] ...1   674.838034: tracing_mark_write: gid=1001: job_start
       deepPicar-3245  [000] d..3   674.839212: rtg_try_release_lock: rtg_release: comm=deepPicar rtgid=1001 tgid=3245 pid=3245 prio=93
          <idle>-0     [004] dn.3   674.839216: rtg_try_acquire_lock: rtg_acquire: comm=tau_rt_3 rtgid=1002 tgid=3292 pid=3295 prio=94
       deepPicar-3245  [000] d..3   674.839219: rtg_try_acquire_lock: rtg_preemptor: comm=deepPicar rtgid=1001 tgid=3245 pid=3264 prio=93
       deepPicar-3245  [000] d..3   674.839220: rtg_try_acquire_lock: rtg_preemptee: comm=tau_rt_3 rtgid=1002 tgid=3292 pid=3295 prio=94
        tau_rt_3-3295  [004] dn.3   674.839223: rtg_try_acquire_lock: rtg_block: comm=tau_rt_3 rtgid=1002 tgid=3292 pid=3295 prio=94
        tau_rt_4-3296  [005] dn.3   674.839224: rtg_try_acquire_lock: rtg_block: comm=tau_rt_4 rtgid=1002 tgid=3293 pid=3296 prio=94
       deepPicar-3264  [000] d..3   674.840013: rtg_try_release_lock: rtg_release: comm=deepPicar rtgid=1001 tgid=3245 pid=3264 prio=93
          <idle>-0     [004] dn.3   674.840014: rtg_try_acquire_lock: rtg_acquire: comm=tau_rt_3 rtgid=1002 tgid=3292 pid=3295 prio=94
       deepPicar-3264  [000] d..3   674.840016: rtg_try_acquire_lock: rtg_preemptor: comm=deepPicar rtgid=1001 tgid=3245 pid=3253 prio=93
       deepPicar-3264  [000] d..3   674.840017: rtg_try_acquire_lock: rtg_preemptee: comm=tau_rt_3 rtgid=1002 tgid=3292 pid=3295 prio=94
        tau_rt_3-3295  [004] dn.3   674.840020: rtg_try_acquire_lock: rtg_block: comm=tau_rt_3 rtgid=1002 tgid=3292 pid=3295 prio=94
        tau_rt_4-3296  [005] dn.3   674.840021: rtg_try_acquire_lock: rtg_block: comm=tau_rt_4 rtgid=1002 tgid=3293 pid=3296 prio=94
       deepPicar-3245  [000] d..3   674.851098: rtg_try_acquire_lock: rtg_block: comm=tau_rt_1 rtgid=1002 tgid=3288 pid=3294 prio=94
       deepPicar-3250  [005] d..3   674.866782: rtg_try_release_lock: rtg_release: comm=deepPicar rtgid=1001 tgid=3250 pid=3250 prio=93
       deepPicar-3249  [004] dn.3   674.866786: rtg_try_acquire_lock: rtg_acquire: comm=tau_rt_3 rtgid=1002 tgid=3292 pid=3295 prio=94
        tau_rt_4-3296  [005] d..3   674.878972: rtg_try_release_lock: rtg_release: comm=tau_rt_4 rtgid=1002 tgid=3293 pid=3296 prio=94
          <idle>-0     [003] dn.3   674.879560: rtg_try_acquire_lock: rtg_acquire: comm=tau_rt_2 rtgid=1002 tgid=3291 pid=3297 prio=94
        tau_rt_1-3294  [000] ...1   674.892172: tracing_mark_write: gid=1002: job_start
        tau_rt_1-3294  [000] dn.3   674.912998: rtg_try_acquire_lock: rtg_preemptor: comm=deepPicar rtgid=1001 tgid=3245 pid=3245 prio=93
        tau_rt_1-3294  [000] dn.3   674.913001: rtg_try_acquire_lock: rtg_preemptee: comm=tau_rt_2 rtgid=1002 tgid=3291 pid=3297 prio=94
        tau_rt_3-3295  [004] dn.3   674.913013: rtg_try_acquire_lock: rtg_block: comm=tau_rt_3 rtgid=1002 tgid=3292 pid=3295 prio=94
        tau_rt_4-3296  [005] dn.3   674.913017: rtg_try_acquire_lock: rtg_block: comm=tau_rt_4 rtgid=1002 tgid=3293 pid=3296 prio=94
       deepPicar-3245  [000] ...1   674.913033: tracing_mark_write: gid=1001: job_start
       deepPicar-3245  [000] d..3   674.914201: rtg_try_release_lock: rtg_release: comm=deepPicar rtgid=1001 tgid=3245 pid=3245 prio=93
          <idle>-0     [004] dn.3   674.914205: rtg_try_acquire_lock: rtg_acquire: comm=tau_rt_3 rtgid=1002 tgid=3292 pid=3295 prio=94
       deepPicar-3245  [000] d..3   674.914207: rtg_try_acquire_lock: rtg_preemptor: comm=deepPicar rtgid=1001 tgid=3245 pid=3265 prio=93
       deepPicar-3245  [000] d..3   674.914208: rtg_try_acquire_lock: rtg_preemptee: comm=tau_rt_3 rtgid=1002 tgid=3292 pid=3295 prio=94
        tau_rt_3-3295  [004] dn.3   674.914211: rtg_try_acquire_lock: rtg_block: comm=tau_rt_3 rtgid=1002 tgid=3292 pid=3295 prio=94
        tau_rt_4-3296  [005] dn.3   674.914213: rtg_try_acquire_lock: rtg_block: comm=tau_rt_4 rtgid=1002 tgid=3293 pid=3296 prio=94
       deepPicar-3265  [000] d..3   674.915026: rtg_try_release_lock: rtg_release: comm=deepPicar rtgid=1001 tgid=3245 pid=3265 prio=93
          <idle>-0     [004] dn.3   674.915028: rtg_try_acquire_lock: rtg_acquire: comm=tau_rt_3 rtgid=1002 tgid=3292 pid=3295 prio=94
       deepPicar-3265  [000] d..3   674.915030: rtg_try_acquire_lock: rtg_preemptor: comm=deepPicar rtgid=1001 tgid=3245 pid=3253 prio=93
       deepPicar-3265  [000] d..3   674.915031: rtg_try_acquire_lock: rtg_preemptee: comm=tau_rt_3 rtgid=1002 tgid=3292 pid=3295 prio=94
        tau_rt_3-3295  [004] dn.3   674.915034: rtg_try_acquire_lock: rtg_block: comm=tau_rt_3 rtgid=1002 tgid=3292 pid=3295 prio=94
        tau_rt_4-3296  [005] dn.3   674.915035: rtg_try_acquire_lock: rtg_block: comm=tau_rt_4 rtgid=1002 tgid=3293 pid=3296 prio=94
       deepPicar-3245  [000] d..3   674.926327: rtg_try_acquire_lock: rtg_block: comm=tau_rt_1 rtgid=1002 tgid=3288 pid=3294 prio=94
       deepPicar-3249  [004] d..3   674.941941: rtg_try_release_lock: rtg_release: comm=deepPicar rtgid=1001 tgid=3249 pid=3249 prio=93
          <idle>-0     [000] dn.3   674.941945: rtg_try_acquire_lock: rtg_acquire: comm=tau_rt_1 rtgid=1002 tgid=3288 pid=3294 prio=94
        tau_rt_4-3296  [005] d..3   674.954120: rtg_try_release_lock: rtg_release: comm=tau_rt_4 rtgid=1002 tgid=3293 pid=3296 prio=94
          <idle>-0     [003] dn.3   674.954556: rtg_try_acquire_lock: rtg_acquire: comm=tau_rt_2 rtgid=1002 tgid=3291 pid=3297 prio=94
        tau_rt_1-3294  [000] ...1   674.967174: tracing_mark_write: gid=1002: job_start
        tau_rt_1-3294  [000] dn.3   674.987993: rtg_try_acquire_lock: rtg_preemptor: comm=deepPicar rtgid=1001 tgid=3245 pid=3245 prio=93
        tau_rt_1-3294  [000] dn.3   674.987997: rtg_try_acquire_lock: rtg_preemptee: comm=tau_rt_2 rtgid=1002 tgid=3291 pid=3297 prio=94
        tau_rt_3-3295  [004] dn.3   674.988007: rtg_try_acquire_lock: rtg_block: comm=tau_rt_3 rtgid=1002 tgid=3292 pid=3295 prio=94
        tau_rt_4-3296  [005] dn.3   674.988010: rtg_try_acquire_lock: rtg_block: comm=tau_rt_4 rtgid=1002 tgid=3293 pid=3296 prio=94
       deepPicar-3245  [000] ...1   674.988026: tracing_mark_write: gid=1001: job_start
       deepPicar-3245  [000] d..3   674.989175: rtg_try_release_lock: rtg_release: comm=deepPicar rtgid=1001 tgid=3245 pid=3245 prio=93
          <idle>-0     [004] dn.3   674.989178: rtg_try_acquire_lock: rtg_acquire: comm=tau_rt_3 rtgid=1002 tgid=3292 pid=3295 prio=94
       deepPicar-3245  [000] d..3   674.989181: rtg_try_acquire_lock: rtg_preemptor: comm=deepPicar rtgid=1001 tgid=3245 pid=3266 prio=93
       deepPicar-3245  [000] d..3   674.989182: rtg_try_acquire_lock: rtg_preemptee: comm=tau_rt_3 rtgid=1002 tgid=3292 pid=3295 prio=94
        tau_rt_4-3296  [005] dn.3   674.989186: rtg_try_acquire_lock: rtg_block: comm=tau_rt_4 rtgid=1002 tgid=3293 pid=3296 prio=94
        tau_rt_3-3295  [004] dn.3   674.989187: rtg_try_acquire_lock: rtg_block: comm=tau_rt_3 rtgid=1002 tgid=3292 pid=3295 prio=94
       deepPicar-3266  [000] d..3   674.989970: rtg_try_release_lock: rtg_release: comm=deepPicar rtgid=1001 tgid=3245 pid=3266 prio=93
          <idle>-0     [004] dn.3   674.989972: rtg_try_acquire_lock: rtg_acquire: comm=tau_rt_3 rtgid=1002 tgid=3292 pid=3295 prio=94
       deepPicar-3266  [000] d..3   674.989974: rtg_try_acquire_lock: rtg_preemptor: comm=deepPicar rtgid=1001 tgid=3245 pid=3253 prio=93
       deepPicar-3266  [000] d..3   674.989974: rtg_try_acquire_lock: rtg_preemptee: comm=tau_rt_3 rtgid=1002 tgid=3292 pid=3295 prio=94
        tau_rt_3-3295  [004] dn.3   674.989978: rtg_try_acquire_lock: rtg_block: comm=tau_rt_3 rtgid=1002 tgid=3292 pid=3295 prio=94
        tau_rt_4-3296  [005] dn.3   674.989979: rtg_try_acquire_lock: rtg_block: comm=tau_rt_4 rtgid=1002 tgid=3293 pid=3296 prio=94
       deepPicar-3245  [000] d..3   675.001334: rtg_try_acquire_lock: rtg_block: comm=tau_rt_1 rtgid=1002 tgid=3288 pid=3294 prio=94
       deepPicar-3248  [003] d..3   675.016794: rtg_try_release_lock: rtg_release: comm=deepPicar rtgid=1001 tgid=3248 pid=3248 prio=93
       deepPicar-3250  [005] dn.3   675.016797: rtg_try_acquire_lock: rtg_acquire: comm=tau_rt_4 rtgid=1002 tgid=3293 pid=3296 prio=94
        tau_rt_4-3296  [005] d..3   675.028886: rtg_try_release_lock: rtg_release: comm=tau_rt_4 rtgid=1002 tgid=3293 pid=3296 prio=94
          <idle>-0     [003] dn.3   675.029563: rtg_try_acquire_lock: rtg_acquire: comm=tau_rt_2 rtgid=1002 tgid=3291 pid=3297 prio=94
        tau_rt_1-3294  [000] ...1   675.042171: tracing_mark_write: gid=1002: job_start
        tau_rt_1-3294  [000] dn.3   675.062996: rtg_try_acquire_lock: rtg_preemptor: comm=deepPicar rtgid=1001 tgid=3245 pid=3245 prio=93
        tau_rt_1-3294  [000] dn.3   675.062999: rtg_try_acquire_lock: rtg_preemptee: comm=tau_rt_2 rtgid=1002 tgid=3291 pid=3297 prio=94
        tau_rt_4-3296  [005] dn.3   675.063010: rtg_try_acquire_lock: rtg_block: comm=tau_rt_4 rtgid=1002 tgid=3293 pid=3296 prio=94
        tau_rt_3-3295  [004] dn.3   675.063015: rtg_try_acquire_lock: rtg_block: comm=tau_rt_3 rtgid=1002 tgid=3292 pid=3295 prio=94
       deepPicar-3245  [000] ...1   675.063033: tracing_mark_write: gid=1001: job_start
       deepPicar-3245  [000] d..3   675.064242: rtg_try_release_lock: rtg_release: comm=deepPicar rtgid=1001 tgid=3245 pid=3245 prio=93
          <idle>-0     [004] dn.3   675.064245: rtg_try_acquire_lock: rtg_acquire: comm=tau_rt_3 rtgid=1002 tgid=3292 pid=3295 prio=94
       deepPicar-3245  [000] d..3   675.064248: rtg_try_acquire_lock: rtg_preemptor: comm=deepPicar rtgid=1001 tgid=3245 pid=3261 prio=93
       deepPicar-3245  [000] d..3   675.064249: rtg_try_acquire_lock: rtg_preemptee: comm=tau_rt_3 rtgid=1002 tgid=3292 pid=3295 prio=94
        tau_rt_3-3295  [004] dn.3   675.064252: rtg_try_acquire_lock: rtg_block: comm=tau_rt_3 rtgid=1002 tgid=3292 pid=3295 prio=94
        tau_rt_4-3296  [005] dn.3   675.064253: rtg_try_acquire_lock: rtg_block: comm=tau_rt_4 rtgid=1002 tgid=3293 pid=3296 prio=94
       deepPicar-3261  [000] d..3   675.065112: rtg_try_release_lock: rtg_release: comm=deepPicar rtgid=1001 tgid=3245 pid=3261 prio=93
          <idle>-0     [004] dn.3   675.065113: rtg_try_acquire_lock: rtg_acquire: comm=tau_rt_3 rtgid=1002 tgid=3292 pid=3295 prio=94
       deepPicar-3261  [000] d..3   675.065115: rtg_try_acquire_lock: rtg_preemptor: comm=deepPicar rtgid=1001 tgid=3245 pid=3253 prio=93
       deepPicar-3261  [000] d..3   675.065116: rtg_try_acquire_lock: rtg_preemptee: comm=tau_rt_3 rtgid=1002 tgid=3292 pid=3295 prio=94
        tau_rt_3-3295  [004] dn.3   675.065119: rtg_try_acquire_lock: rtg_block: comm=tau_rt_3 rtgid=1002 tgid=3292 pid=3295 prio=94
        tau_rt_4-3296  [005] dn.3   675.065121: rtg_try_acquire_lock: rtg_block: comm=tau_rt_4 rtgid=1002 tgid=3293 pid=3296 prio=94
       deepPicar-3245  [000] d..3   675.076556: rtg_try_acquire_lock: rtg_block: comm=tau_rt_1 rtgid=1002 tgid=3288 pid=3294 prio=94
       deepPicar-3249  [004] d..3   675.091988: rtg_try_release_lock: rtg_release: comm=deepPicar rtgid=1001 tgid=3249 pid=3249 prio=93
          <idle>-0     [005] dn.3   675.091992: rtg_try_acquire_lock: rtg_acquire: comm=tau_rt_4 rtgid=1002 tgid=3293 pid=3296 prio=94
        tau_rt_3-3295  [004] d..3   675.103939: rtg_try_release_lock: rtg_release: comm=tau_rt_3 rtgid=1002 tgid=3292 pid=3295 prio=94
          <idle>-0     [003] dn.3   675.104561: rtg_try_acquire_lock: rtg_acquire: comm=tau_rt_2 rtgid=1002 tgid=3291 pid=3297 prio=94
        tau_rt_1-3294  [000] ...1   675.117170: tracing_mark_write: gid=1002: job_start
        tau_rt_1-3294  [000] dn.3   675.137999: rtg_try_acquire_lock: rtg_preemptor: comm=deepPicar rtgid=1001 tgid=3245 pid=3245 prio=93
        tau_rt_1-3294  [000] dn.3   675.138001: rtg_try_acquire_lock: rtg_preemptee: comm=tau_rt_2 rtgid=1002 tgid=3291 pid=3297 prio=94
        tau_rt_3-3295  [004] dn.3   675.138013: rtg_try_acquire_lock: rtg_block: comm=tau_rt_3 rtgid=1002 tgid=3292 pid=3295 prio=94
        tau_rt_4-3296  [005] dn.3   675.138016: rtg_try_acquire_lock: rtg_block: comm=tau_rt_4 rtgid=1002 tgid=3293 pid=3296 prio=94
       deepPicar-3245  [000] ...1   675.138032: tracing_mark_write: gid=1001: job_start
       deepPicar-3245  [000] d..3   675.139211: rtg_try_release_lock: rtg_release: comm=deepPicar rtgid=1001 tgid=3245 pid=3245 prio=93
          <idle>-0     [004] dn.3   675.139214: rtg_try_acquire_lock: rtg_acquire: comm=tau_rt_3 rtgid=1002 tgid=3292 pid=3295 prio=94
       deepPicar-3245  [000] d..3   675.139218: rtg_try_acquire_lock: rtg_preemptor: comm=deepPicar rtgid=1001 tgid=3245 pid=3262 prio=93
       deepPicar-3245  [000] d..3   675.139218: rtg_try_acquire_lock: rtg_preemptee: comm=tau_rt_3 rtgid=1002 tgid=3292 pid=3295 prio=94
        tau_rt_3-3295  [004] dn.3   675.139221: rtg_try_acquire_lock: rtg_block: comm=tau_rt_3 rtgid=1002 tgid=3292 pid=3295 prio=94
        tau_rt_4-3296  [005] dn.3   675.139223: rtg_try_acquire_lock: rtg_block: comm=tau_rt_4 rtgid=1002 tgid=3293 pid=3296 prio=94
       deepPicar-3262  [000] d..3   675.140018: rtg_try_release_lock: rtg_release: comm=deepPicar rtgid=1001 tgid=3245 pid=3262 prio=93
          <idle>-0     [005] dn.3   675.140020: rtg_try_acquire_lock: rtg_acquire: comm=tau_rt_4 rtgid=1002 tgid=3293 pid=3296 prio=94
       deepPicar-3262  [000] d..3   675.140023: rtg_try_acquire_lock: rtg_preemptor: comm=deepPicar rtgid=1001 tgid=3245 pid=3253 prio=93
       deepPicar-3262  [000] d..3   675.140024: rtg_try_acquire_lock: rtg_preemptee: comm=tau_rt_4 rtgid=1002 tgid=3293 pid=3296 prio=94
        tau_rt_3-3295  [004] dn.3   675.140027: rtg_try_acquire_lock: rtg_block: comm=tau_rt_3 rtgid=1002 tgid=3292 pid=3295 prio=94
        tau_rt_4-3296  [005] dn.3   675.140028: rtg_try_acquire_lock: rtg_block: comm=tau_rt_4 rtgid=1002 tgid=3293 pid=3296 prio=94
       deepPicar-3245  [000] d..3   675.151143: rtg_try_acquire_lock: rtg_block: comm=tau_rt_1 rtgid=1002 tgid=3288 pid=3294 prio=94
       deepPicar-3248  [003] d..3   675.166800: rtg_try_release_lock: rtg_release: comm=deepPicar rtgid=1001 tgid=3248 pid=3248 prio=93
       deepPicar-3249  [004] dn.3   675.166804: rtg_try_acquire_lock: rtg_acquire: comm=tau_rt_3 rtgid=1002 tgid=3292 pid=3295 prio=94
        tau_rt_4-3296  [005] d..3   675.178858: rtg_try_release_lock: rtg_release: comm=tau_rt_4 rtgid=1002 tgid=3293 pid=3296 prio=94
          <idle>-0     [003] dn.3   675.179562: rtg_try_acquire_lock: rtg_acquire: comm=tau_rt_2 rtgid=1002 tgid=3291 pid=3297 prio=94
        tau_rt_1-3294  [000] ...1   675.192167: tracing_mark_write: gid=1002: job_start
        tau_rt_1-3294  [000] dn.3   675.212998: rtg_try_acquire_lock: rtg_preemptor: comm=deepPicar rtgid=1001 tgid=3245 pid=3245 prio=93
        tau_rt_1-3294  [000] dn.3   675.213001: rtg_try_acquire_lock: rtg_preemptee: comm=tau_rt_2 rtgid=1002 tgid=3291 pid=3297 prio=94
        tau_rt_4-3296  [005] dn.3   675.213012: rtg_try_acquire_lock: rtg_block: comm=tau_rt_4 rtgid=1002 tgid=3293 pid=3296 prio=94
        tau_rt_3-3295  [004] dn.3   675.213016: rtg_try_acquire_lock: rtg_block: comm=tau_rt_3 rtgid=1002 tgid=3292 pid=3295 prio=94
       deepPicar-3245  [000] ...1   675.213033: tracing_mark_write: gid=1001: job_start
       deepPicar-3245  [000] d..3   675.214205: rtg_try_release_lock: rtg_release: comm=deepPicar rtgid=1001 tgid=3245 pid=3245 prio=93
          <idle>-0     [004] dn.3   675.214209: rtg_try_acquire_lock: rtg_acquire: comm=tau_rt_3 rtgid=1002 tgid=3292 pid=3295 prio=94
       deepPicar-3245  [000] d..3   675.214212: rtg_try_acquire_lock: rtg_preemptor: comm=deepPicar rtgid=1001 tgid=3245 pid=3263 prio=93
       deepPicar-3245  [000] d..3   675.214213: rtg_try_acquire_lock: rtg_preemptee: comm=tau_rt_3 rtgid=1002 tgid=3292 pid=3295 prio=94
        tau_rt_3-3295  [004] dn.3   675.214216: rtg_try_acquire_lock: rtg_block: comm=tau_rt_3 rtgid=1002 tgid=3292 pid=3295 prio=94
        tau_rt_4-3296  [005] dn.3   675.214217: rtg_try_acquire_lock: rtg_block: comm=tau_rt_4 rtgid=1002 tgid=3293 pid=3296 prio=94
       deepPicar-3263  [000] d..3   675.215043: rtg_try_release_lock: rtg_release: comm=deepPicar rtgid=1001 tgid=3245 pid=3263 prio=93
          <idle>-0     [004] dn.3   675.215045: rtg_try_acquire_lock: rtg_acquire: comm=tau_rt_3 rtgid=1002 tgid=3292 pid=3295 prio=94
       deepPicar-3263  [000] d..3   675.215047: rtg_try_acquire_lock: rtg_preemptor: comm=deepPicar rtgid=1001 tgid=3245 pid=3253 prio=93
       deepPicar-3263  [000] d..3   675.215047: rtg_try_acquire_lock: rtg_preemptee: comm=tau_rt_3 rtgid=1002 tgid=3292 pid=3295 prio=94
        tau_rt_3-3295  [004] dn.3   675.215050: rtg_try_acquire_lock: rtg_block: comm=tau_rt_3 rtgid=1002 tgid=3292 pid=3295 prio=94
        tau_rt_4-3296  [005] dn.3   675.215052: rtg_try_acquire_lock: rtg_block: comm=tau_rt_4 rtgid=1002 tgid=3293 pid=3296 prio=94
       deepPicar-3245  [000] d..3   675.226353: rtg_try_acquire_lock: rtg_block: comm=tau_rt_1 rtgid=1002 tgid=3288 pid=3294 prio=94
       deepPicar-3250  [005] d..3   675.242009: rtg_try_release_lock: rtg_release: comm=deepPicar rtgid=1001 tgid=3250 pid=3250 prio=93
       deepPicar-3249  [004] dn.3   675.242013: rtg_try_acquire_lock: rtg_acquire: comm=tau_rt_3 rtgid=1002 tgid=3292 pid=3295 prio=94
        tau_rt_3-3295  [004] d..3   675.254031: rtg_try_release_lock: rtg_release: comm=tau_rt_3 rtgid=1002 tgid=3292 pid=3295 prio=94
          <idle>-0     [003] dn.3   675.254560: rtg_try_acquire_lock: rtg_acquire: comm=tau_rt_2 rtgid=1002 tgid=3291 pid=3297 prio=94
        tau_rt_1-3294  [000] ...1   675.267170: tracing_mark_write: gid=1002: job_start
        tau_rt_1-3294  [000] dn.3   675.287991: rtg_try_acquire_lock: rtg_preemptor: comm=deepPicar rtgid=1001 tgid=3245 pid=3245 prio=93
        tau_rt_1-3294  [000] dn.3   675.287995: rtg_try_acquire_lock: rtg_preemptee: comm=tau_rt_2 rtgid=1002 tgid=3291 pid=3297 prio=94
        tau_rt_3-3295  [004] dn.3   675.288004: rtg_try_acquire_lock: rtg_block: comm=tau_rt_3 rtgid=1002 tgid=3292 pid=3295 prio=94
        tau_rt_4-3296  [005] dn.3   675.288007: rtg_try_acquire_lock: rtg_block: comm=tau_rt_4 rtgid=1002 tgid=3293 pid=3296 prio=94
       deepPicar-3245  [000] ...1   675.288024: tracing_mark_write: gid=1001: job_start
       deepPicar-3245  [000] d..3   675.289194: rtg_try_release_lock: rtg_release: comm=deepPicar rtgid=1001 tgid=3245 pid=3245 prio=93
          <idle>-0     [004] dn.3   675.289197: rtg_try_acquire_lock: rtg_acquire: comm=tau_rt_3 rtgid=1002 tgid=3292 pid=3295 prio=94
       deepPicar-3245  [000] d..3   675.289200: rtg_try_acquire_lock: rtg_preemptor: comm=deepPicar rtgid=1001 tgid=3245 pid=3264 prio=93
       deepPicar-3245  [000] d..3   675.289201: rtg_try_acquire_lock: rtg_preemptee: comm=tau_rt_3 rtgid=1002 tgid=3292 pid=3295 prio=94
        tau_rt_3-3295  [004] dn.3   675.289204: rtg_try_acquire_lock: rtg_block: comm=tau_rt_3 rtgid=1002 tgid=3292 pid=3295 prio=94
