        tau_rt_2-3902  [003] dn.3  1302.015661: rtg_try_acquire_lock: rtg_preemptee: comm=tau_rt_3 rtgid=1002 tgid=3898 pid=3900 prio=94
       deepPicar-3851  [000] ...1  1302.015691: tracing_mark_write: gid=1001: job_start
       deepPicar-3854  [003] d..3  1302.017082: rtg_try_release_lock: rtg_release: comm=deepPicar rtgid=1001 tgid=3854 pid=3854 prio=93
       deepPicar-3856  [005] d..3  1302.017086: rtg_try_acquire_lock: rtg_acquire: comm=deepPicar rtgid=1001 tgid=3856 pid=3882 prio=93
       deepPicar-3882  [005] d..3  1302.018006: rtg_try_release_lock: rtg_release: comm=deepPicar rtgid=1001 tgid=3856 pid=3882 prio=93
       deepPicar-3869  [000] d..3  1302.018010: rtg_try_acquire_lock: rtg_acquire: comm=deepPicar rtgid=1001 tgid=3851 pid=3859 prio=93
       deepPicar-3851  [000] d..3  1302.031446: rtg_try_acquire_lock: rtg_block: comm=tau_rt_1 rtgid=1002 tgid=3894 pid=3901 prio=94
       deepPicar-3854  [003] d..3  1302.031450: rtg_try_acquire_lock: rtg_block: comm=tau_rt_2 rtgid=1002 tgid=3897 pid=3902 prio=94
       deepPicar-3856  [005] d..3  1302.031595: rtg_try_acquire_lock: rtg_block: comm=tau_rt_4 rtgid=1002 tgid=3899 pid=3903 prio=94
       deepPicar-3864  [004] d..3  1302.031654: rtg_try_release_lock: rtg_release: comm=deepPicar rtgid=1001 tgid=3855 pid=3864 prio=93
          <idle>-0     [005] dn.3  1302.031656: rtg_try_acquire_lock: rtg_acquire: comm=tau_rt_4 rtgid=1002 tgid=3899 pid=3903 prio=94
       deepPicar-3864  [004] d..3  1302.031659: rtg_try_acquire_lock: rtg_preemptor: comm=deepPicar rtgid=1001 tgid=3855 pid=3855 prio=93
       deepPicar-3864  [004] d..3  1302.031660: rtg_try_acquire_lock: rtg_preemptee: comm=tau_rt_4 rtgid=1002 tgid=3899 pid=3903 prio=94
        tau_rt_1-3901  [000] dn.3  1302.031664: rtg_try_acquire_lock: rtg_block: comm=tau_rt_1 rtgid=1002 tgid=3894 pid=3901 prio=94
        tau_rt_2-3902  [003] dn.3  1302.031666: rtg_try_acquire_lock: rtg_block: comm=tau_rt_2 rtgid=1002 tgid=3897 pid=3902 prio=94
        tau_rt_4-3903  [005] dn.3  1302.031668: rtg_try_acquire_lock: rtg_block: comm=tau_rt_4 rtgid=1002 tgid=3899 pid=3903 prio=94
       deepPicar-3855  [004] d..3  1302.031746: rtg_try_release_lock: rtg_release: comm=deepPicar rtgid=1001 tgid=3855 pid=3855 prio=93
          <idle>-0     [003] dn.3  1302.031748: rtg_try_acquire_lock: rtg_acquire: comm=tau_rt_2 rtgid=1002 tgid=3897 pid=3902 prio=94
        tau_rt_1-3901  [000] d..3  1302.035888: rtg_try_release_lock: rtg_release: comm=tau_rt_1 rtgid=1002 tgid=3894 pid=3901 prio=94
          <idle>-0     [000] dn.3  1302.046852: rtg_try_acquire_lock: rtg_acquire: comm=tau_rt_1 rtgid=1002 tgid=3894 pid=3901 prio=94
        tau_rt_1-3901  [000] ...1  1302.046877: tracing_mark_write: gid=1002: job_start
        tau_rt_2-3902  [003] dn.3  1302.065658: rtg_try_acquire_lock: rtg_preemptor: comm=deepPicar rtgid=1001 tgid=3854 pid=3854 prio=93
        tau_rt_2-3902  [003] dn.3  1302.065661: rtg_try_acquire_lock: rtg_preemptee: comm=tau_rt_1 rtgid=1002 tgid=3894 pid=3901 prio=94
       deepPicar-3851  [000] ...1  1302.065691: tracing_mark_write: gid=1001: job_start
       deepPicar-3855  [004] d..3  1302.067014: rtg_try_release_lock: rtg_release: comm=deepPicar rtgid=1001 tgid=3855 pid=3855 prio=93
       deepPicar-3856  [005] d..3  1302.067018: rtg_try_acquire_lock: rtg_acquire: comm=deepPicar rtgid=1001 tgid=3856 pid=3886 prio=93
       deepPicar-3851  [000] d..3  1302.081176: rtg_try_acquire_lock: rtg_block: comm=tau_rt_1 rtgid=1002 tgid=3894 pid=3901 prio=94
       deepPicar-3854  [003] d..3  1302.081180: rtg_try_acquire_lock: rtg_block: comm=tau_rt_2 rtgid=1002 tgid=3897 pid=3902 prio=94
       deepPicar-3856  [005] d..3  1302.081245: rtg_try_acquire_lock: rtg_block: comm=tau_rt_4 rtgid=1002 tgid=3899 pid=3903 prio=94
       deepPicar-3864  [004] d..3  1302.081520: rtg_try_release_lock: rtg_release: comm=deepPicar rtgid=1001 tgid=3855 pid=3864 prio=93
          <idle>-0     [005] dn.3  1302.081522: rtg_try_acquire_lock: rtg_acquire: comm=tau_rt_4 rtgid=1002 tgid=3899 pid=3903 prio=94
       deepPicar-3864  [004] d..3  1302.081525: rtg_try_acquire_lock: rtg_preemptor: comm=deepPicar rtgid=1001 tgid=3855 pid=3855 prio=93
       deepPicar-3864  [004] d..3  1302.081526: rtg_try_acquire_lock: rtg_preemptee: comm=tau_rt_4 rtgid=1002 tgid=3899 pid=3903 prio=94
        tau_rt_1-3901  [000] dn.3  1302.081530: rtg_try_acquire_lock: rtg_block: comm=tau_rt_1 rtgid=1002 tgid=3894 pid=3901 prio=94
        tau_rt_2-3902  [003] dn.3  1302.081532: rtg_try_acquire_lock: rtg_block: comm=tau_rt_2 rtgid=1002 tgid=3897 pid=3902 prio=94
        tau_rt_4-3903  [005] dn.3  1302.081533: rtg_try_acquire_lock: rtg_block: comm=tau_rt_4 rtgid=1002 tgid=3899 pid=3903 prio=94
       deepPicar-3855  [004] d..3  1302.081621: rtg_try_release_lock: rtg_release: comm=deepPicar rtgid=1001 tgid=3855 pid=3855 prio=93
          <idle>-0     [000] dn.3  1302.081623: rtg_try_acquire_lock: rtg_acquire: comm=tau_rt_1 rtgid=1002 tgid=3894 pid=3901 prio=94
        tau_rt_1-3901  [000] d..3  1302.085789: rtg_try_release_lock: rtg_release: comm=tau_rt_1 rtgid=1002 tgid=3894 pid=3901 prio=94
          <idle>-0     [003] dn.3  1302.096852: rtg_try_acquire_lock: rtg_acquire: comm=tau_rt_2 rtgid=1002 tgid=3897 pid=3902 prio=94
        tau_rt_1-3901  [000] ...1  1302.096881: tracing_mark_write: gid=1002: job_start
        tau_rt_4-3903  [005] dn.3  1302.115659: rtg_try_acquire_lock: rtg_preemptor: comm=deepPicar rtgid=1001 tgid=3856 pid=3856 prio=93
        tau_rt_4-3903  [005] dn.3  1302.115661: rtg_try_acquire_lock: rtg_preemptee: comm=tau_rt_2 rtgid=1002 tgid=3897 pid=3902 prio=94
       deepPicar-3851  [000] ...1  1302.115691: tracing_mark_write: gid=1001: job_start
       deepPicar-3851  [000] d..3  1302.117014: rtg_try_release_lock: rtg_release: comm=deepPicar rtgid=1001 tgid=3851 pid=3851 prio=93
       deepPicar-3856  [005] d..3  1302.117017: rtg_try_acquire_lock: rtg_acquire: comm=deepPicar rtgid=1001 tgid=3856 pid=3888 prio=93
       deepPicar-3871  [000] d..3  1302.117937: rtg_try_release_lock: rtg_release: comm=deepPicar rtgid=1001 tgid=3851 pid=3871 prio=93
       deepPicar-3888  [005] d..3  1302.117940: rtg_try_acquire_lock: rtg_acquire: comm=deepPicar rtgid=1001 tgid=3856 pid=3865 prio=93
       deepPicar-3851  [000] d..3  1302.131277: rtg_try_acquire_lock: rtg_block: comm=tau_rt_1 rtgid=1002 tgid=3894 pid=3901 prio=94
       deepPicar-3854  [003] d..3  1302.131290: rtg_try_acquire_lock: rtg_block: comm=tau_rt_2 rtgid=1002 tgid=3897 pid=3902 prio=94
       deepPicar-3856  [005] d..3  1302.131386: rtg_try_acquire_lock: rtg_block: comm=tau_rt_4 rtgid=1002 tgid=3899 pid=3903 prio=94
       deepPicar-3864  [004] d..3  1302.131573: rtg_try_release_lock: rtg_release: comm=deepPicar rtgid=1001 tgid=3855 pid=3864 prio=93
          <idle>-0     [005] dn.3  1302.131576: rtg_try_acquire_lock: rtg_acquire: comm=tau_rt_4 rtgid=1002 tgid=3899 pid=3903 prio=94
       deepPicar-3864  [004] d..3  1302.131579: rtg_try_acquire_lock: rtg_preemptor: comm=deepPicar rtgid=1001 tgid=3855 pid=3855 prio=93
       deepPicar-3864  [004] d..3  1302.131580: rtg_try_acquire_lock: rtg_preemptee: comm=tau_rt_4 rtgid=1002 tgid=3899 pid=3903 prio=94
        tau_rt_1-3901  [000] dn.3  1302.131583: rtg_try_acquire_lock: rtg_block: comm=tau_rt_1 rtgid=1002 tgid=3894 pid=3901 prio=94
        tau_rt_2-3902  [003] dn.3  1302.131585: rtg_try_acquire_lock: rtg_block: comm=tau_rt_2 rtgid=1002 tgid=3897 pid=3902 prio=94
        tau_rt_4-3903  [005] dn.3  1302.131587: rtg_try_acquire_lock: rtg_block: comm=tau_rt_4 rtgid=1002 tgid=3899 pid=3903 prio=94
       deepPicar-3855  [004] d..3  1302.131668: rtg_try_release_lock: rtg_release: comm=deepPicar rtgid=1001 tgid=3855 pid=3855 prio=93
          <idle>-0     [003] dn.3  1302.131669: rtg_try_acquire_lock: rtg_acquire: comm=tau_rt_2 rtgid=1002 tgid=3897 pid=3902 prio=94
        tau_rt_1-3901  [000] d..3  1302.135823: rtg_try_release_lock: rtg_release: comm=tau_rt_1 rtgid=1002 tgid=3894 pid=3901 prio=94
          <idle>-0     [003] dn.3  1302.146853: rtg_try_acquire_lock: rtg_acquire: comm=tau_rt_2 rtgid=1002 tgid=3897 pid=3902 prio=94
        tau_rt_1-3901  [000] ...1  1302.146882: tracing_mark_write: gid=1002: job_start
        tau_rt_4-3903  [005] dn.3  1302.165659: rtg_try_acquire_lock: rtg_preemptor: comm=deepPicar rtgid=1001 tgid=3856 pid=3856 prio=93
        tau_rt_4-3903  [005] dn.3  1302.165662: rtg_try_acquire_lock: rtg_preemptee: comm=tau_rt_2 rtgid=1002 tgid=3897 pid=3902 prio=94
       deepPicar-3851  [000] ...1  1302.165692: tracing_mark_write: gid=1001: job_start
       deepPicar-3855  [004] d..3  1302.167015: rtg_try_release_lock: rtg_release: comm=deepPicar rtgid=1001 tgid=3855 pid=3855 prio=93
       deepPicar-3854  [003] d..3  1302.167019: rtg_try_acquire_lock: rtg_acquire: comm=deepPicar rtgid=1001 tgid=3854 pid=3892 prio=93
       deepPicar-3851  [000] d..3  1302.181203: rtg_try_acquire_lock: rtg_block: comm=tau_rt_1 rtgid=1002 tgid=3894 pid=3901 prio=94
       deepPicar-3854  [003] d..3  1302.181207: rtg_try_acquire_lock: rtg_block: comm=tau_rt_2 rtgid=1002 tgid=3897 pid=3902 prio=94
       deepPicar-3856  [005] d..3  1302.181424: rtg_try_acquire_lock: rtg_block: comm=tau_rt_4 rtgid=1002 tgid=3899 pid=3903 prio=94
       deepPicar-3864  [004] d..3  1302.181583: rtg_try_release_lock: rtg_release: comm=deepPicar rtgid=1001 tgid=3855 pid=3864 prio=93
          <idle>-0     [003] dn.3  1302.181585: rtg_try_acquire_lock: rtg_acquire: comm=tau_rt_2 rtgid=1002 tgid=3897 pid=3902 prio=94
       deepPicar-3864  [004] d..3  1302.181588: rtg_try_acquire_lock: rtg_preemptor: comm=deepPicar rtgid=1001 tgid=3855 pid=3855 prio=93
       deepPicar-3864  [004] d..3  1302.181589: rtg_try_acquire_lock: rtg_preemptee: comm=tau_rt_2 rtgid=1002 tgid=3897 pid=3902 prio=94
          <idle>-0     [000] dn.3  1302.181591: rtg_try_acquire_lock: rtg_block: comm=tau_rt_1 rtgid=1002 tgid=3894 pid=3901 prio=94
        tau_rt_2-3902  [003] dn.3  1302.181594: rtg_try_acquire_lock: rtg_block: comm=tau_rt_2 rtgid=1002 tgid=3897 pid=3902 prio=94
        tau_rt_4-3903  [005] dn.3  1302.181595: rtg_try_acquire_lock: rtg_block: comm=tau_rt_4 rtgid=1002 tgid=3899 pid=3903 prio=94
       deepPicar-3855  [004] d..3  1302.181677: rtg_try_release_lock: rtg_release: comm=deepPicar rtgid=1001 tgid=3855 pid=3855 prio=93
          <idle>-0     [000] dn.3  1302.181679: rtg_try_acquire_lock: rtg_acquire: comm=tau_rt_1 rtgid=1002 tgid=3894 pid=3901 prio=94
        tau_rt_1-3901  [000] d..3  1302.185835: rtg_try_release_lock: rtg_release: comm=tau_rt_1 rtgid=1002 tgid=3894 pid=3901 prio=94
          <idle>-0     [005] dn.3  1302.196855: rtg_try_acquire_lock: rtg_acquire: comm=tau_rt_4 rtgid=1002 tgid=3899 pid=3903 prio=94
        tau_rt_1-3901  [000] ...1  1302.196885: tracing_mark_write: gid=1002: job_start
        tau_rt_2-3902  [003] dn.3  1302.215659: rtg_try_acquire_lock: rtg_preemptor: comm=deepPicar rtgid=1001 tgid=3854 pid=3854 prio=93
        tau_rt_2-3902  [003] dn.3  1302.215662: rtg_try_acquire_lock: rtg_preemptee: comm=tau_rt_4 rtgid=1002 tgid=3899 pid=3903 prio=94
       deepPicar-3851  [000] ...1  1302.215690: tracing_mark_write: gid=1001: job_start
       deepPicar-3855  [004] d..3  1302.217079: rtg_try_release_lock: rtg_release: comm=deepPicar rtgid=1001 tgid=3855 pid=3855 prio=93
       deepPicar-3854  [003] d..3  1302.217083: rtg_try_acquire_lock: rtg_acquire: comm=deepPicar rtgid=1001 tgid=3854 pid=3876 prio=93
       deepPicar-3851  [000] d..3  1302.231532: rtg_try_acquire_lock: rtg_block: comm=tau_rt_1 rtgid=1002 tgid=3894 pid=3901 prio=94
       deepPicar-3854  [003] d..3  1302.231536: rtg_try_acquire_lock: rtg_block: comm=tau_rt_2 rtgid=1002 tgid=3897 pid=3902 prio=94
       deepPicar-3856  [005] d..3  1302.231643: rtg_try_acquire_lock: rtg_block: comm=tau_rt_4 rtgid=1002 tgid=3899 pid=3903 prio=94
       deepPicar-3864  [004] d..3  1302.231750: rtg_try_release_lock: rtg_release: comm=deepPicar rtgid=1001 tgid=3855 pid=3864 prio=93
          <idle>-0     [005] dn.3  1302.231752: rtg_try_acquire_lock: rtg_acquire: comm=tau_rt_4 rtgid=1002 tgid=3899 pid=3903 prio=94
       deepPicar-3864  [004] d..3  1302.231755: rtg_try_acquire_lock: rtg_preemptor: comm=deepPicar rtgid=1001 tgid=3855 pid=3855 prio=93
       deepPicar-3864  [004] d..3  1302.231755: rtg_try_acquire_lock: rtg_preemptee: comm=tau_rt_4 rtgid=1002 tgid=3899 pid=3903 prio=94
        tau_rt_1-3901  [000] dn.3  1302.231760: rtg_try_acquire_lock: rtg_block: comm=tau_rt_1 rtgid=1002 tgid=3894 pid=3901 prio=94
        tau_rt_2-3902  [003] dn.3  1302.231761: rtg_try_acquire_lock: rtg_block: comm=tau_rt_2 rtgid=1002 tgid=3897 pid=3902 prio=94
        tau_rt_4-3903  [005] dn.3  1302.231763: rtg_try_acquire_lock: rtg_block: comm=tau_rt_4 rtgid=1002 tgid=3899 pid=3903 prio=94
       deepPicar-3855  [004] d..3  1302.231842: rtg_try_release_lock: rtg_release: comm=deepPicar rtgid=1001 tgid=3855 pid=3855 prio=93
          <idle>-0     [003] dn.3  1302.231844: rtg_try_acquire_lock: rtg_acquire: comm=tau_rt_2 rtgid=1002 tgid=3897 pid=3902 prio=94
        tau_rt_1-3901  [000] d..3  1302.236063: rtg_try_release_lock: rtg_release: comm=tau_rt_1 rtgid=1002 tgid=3894 pid=3901 prio=94
          <idle>-0     [003] dn.3  1302.246852: rtg_try_acquire_lock: rtg_acquire: comm=tau_rt_2 rtgid=1002 tgid=3897 pid=3902 prio=94
        tau_rt_1-3901  [000] ...1  1302.246878: tracing_mark_write: gid=1002: job_start
        tau_rt_2-3902  [003] dn.3  1302.265658: rtg_try_acquire_lock: rtg_preemptor: comm=deepPicar rtgid=1001 tgid=3854 pid=3854 prio=93
        tau_rt_2-3902  [003] dn.3  1302.265661: rtg_try_acquire_lock: rtg_preemptee: comm=tau_rt_2 rtgid=1002 tgid=3897 pid=3902 prio=94
       deepPicar-3851  [000] ...1  1302.265690: tracing_mark_write: gid=1001: job_start
       deepPicar-3854  [003] d..3  1302.267006: rtg_try_release_lock: rtg_release: comm=deepPicar rtgid=1001 tgid=3854 pid=3854 prio=93
       deepPicar-3855  [004] d..3  1302.267011: rtg_try_acquire_lock: rtg_acquire: comm=deepPicar rtgid=1001 tgid=3855 pid=3879 prio=93
       deepPicar-3879  [004] d..3  1302.267938: rtg_try_release_lock: rtg_release: comm=deepPicar rtgid=1001 tgid=3855 pid=3879 prio=93
       deepPicar-3880  [005] d..3  1302.267942: rtg_try_acquire_lock: rtg_acquire: comm=deepPicar rtgid=1001 tgid=3856 pid=3865 prio=93
       deepPicar-3851  [000] d..3  1302.281318: rtg_try_acquire_lock: rtg_block: comm=tau_rt_1 rtgid=1002 tgid=3894 pid=3901 prio=94
       deepPicar-3854  [003] d..3  1302.281322: rtg_try_acquire_lock: rtg_block: comm=tau_rt_2 rtgid=1002 tgid=3897 pid=3902 prio=94
       deepPicar-3856  [005] d..3  1302.281368: rtg_try_acquire_lock: rtg_block: comm=tau_rt_4 rtgid=1002 tgid=3899 pid=3903 prio=94
       deepPicar-3864  [004] d..3  1302.281480: rtg_try_release_lock: rtg_release: comm=deepPicar rtgid=1001 tgid=3855 pid=3864 prio=93
          <idle>-0     [000] dn.3  1302.281483: rtg_try_acquire_lock: rtg_acquire: comm=tau_rt_1 rtgid=1002 tgid=3894 pid=3901 prio=94
       deepPicar-3864  [004] d..3  1302.281486: rtg_try_acquire_lock: rtg_preemptor: comm=deepPicar rtgid=1001 tgid=3855 pid=3855 prio=93
       deepPicar-3864  [004] d..3  1302.281487: rtg_try_acquire_lock: rtg_preemptee: comm=tau_rt_1 rtgid=1002 tgid=3894 pid=3901 prio=94
          <idle>-0     [003] dn.3  1302.281490: rtg_try_acquire_lock: rtg_block: comm=tau_rt_2 rtgid=1002 tgid=3897 pid=3902 prio=94
        tau_rt_1-3901  [000] dn.3  1302.281491: rtg_try_acquire_lock: rtg_block: comm=tau_rt_1 rtgid=1002 tgid=3894 pid=3901 prio=94
        tau_rt_4-3903  [005] dn.3  1302.281493: rtg_try_acquire_lock: rtg_block: comm=tau_rt_4 rtgid=1002 tgid=3899 pid=3903 prio=94
       deepPicar-3855  [004] d..3  1302.281574: rtg_try_release_lock: rtg_release: comm=deepPicar rtgid=1001 tgid=3855 pid=3855 prio=93
          <idle>-0     [000] dn.3  1302.281576: rtg_try_acquire_lock: rtg_acquire: comm=tau_rt_1 rtgid=1002 tgid=3894 pid=3901 prio=94
        tau_rt_2-3902  [003] d..3  1302.285774: rtg_try_release_lock: rtg_release: comm=tau_rt_2 rtgid=1002 tgid=3897 pid=3902 prio=94
          <idle>-0     [005] dn.3  1302.296853: rtg_try_acquire_lock: rtg_acquire: comm=tau_rt_4 rtgid=1002 tgid=3899 pid=3903 prio=94
        tau_rt_1-3901  [000] ...1  1302.296883: tracing_mark_write: gid=1002: job_start
        tau_rt_2-3902  [003] dn.3  1302.315659: rtg_try_acquire_lock: rtg_preemptor: comm=deepPicar rtgid=1001 tgid=3854 pid=3854 prio=93
        tau_rt_2-3902  [003] dn.3  1302.315661: rtg_try_acquire_lock: rtg_preemptee: comm=tau_rt_4 rtgid=1002 tgid=3899 pid=3903 prio=94
       deepPicar-3851  [000] ...1  1302.315690: tracing_mark_write: gid=1001: job_start
       deepPicar-3854  [003] d..3  1302.317034: rtg_try_release_lock: rtg_release: comm=deepPicar rtgid=1001 tgid=3854 pid=3854 prio=93
       deepPicar-3856  [005] d..3  1302.317038: rtg_try_acquire_lock: rtg_acquire: comm=deepPicar rtgid=1001 tgid=3856 pid=3882 prio=93
       deepPicar-3884  [003] d..3  1302.317976: rtg_try_release_lock: rtg_release: comm=deepPicar rtgid=1001 tgid=3854 pid=3884 prio=93
       deepPicar-3882  [005] d..3  1302.317980: rtg_try_acquire_lock: rtg_acquire: comm=deepPicar rtgid=1001 tgid=3856 pid=3865 prio=93
       deepPicar-3854  [003] d..3  1302.331423: rtg_try_acquire_lock: rtg_block: comm=tau_rt_2 rtgid=1002 tgid=3897 pid=3902 prio=94
       deepPicar-3851  [000] d..3  1302.331427: rtg_try_acquire_lock: rtg_block: comm=tau_rt_1 rtgid=1002 tgid=3894 pid=3901 prio=94
       deepPicar-3856  [005] d..3  1302.331565: rtg_try_acquire_lock: rtg_block: comm=tau_rt_4 rtgid=1002 tgid=3899 pid=3903 prio=94
       deepPicar-3864  [004] d..3  1302.331646: rtg_try_release_lock: rtg_release: comm=deepPicar rtgid=1001 tgid=3855 pid=3864 prio=93
          <idle>-0     [005] dn.3  1302.331648: rtg_try_acquire_lock: rtg_acquire: comm=tau_rt_4 rtgid=1002 tgid=3899 pid=3903 prio=94
       deepPicar-3864  [004] d..3  1302.331652: rtg_try_acquire_lock: rtg_preemptor: comm=deepPicar rtgid=1001 tgid=3855 pid=3855 prio=93
       deepPicar-3864  [004] d..3  1302.331653: rtg_try_acquire_lock: rtg_preemptee: comm=tau_rt_4 rtgid=1002 tgid=3899 pid=3903 prio=94
        tau_rt_1-3901  [000] dn.3  1302.331657: rtg_try_acquire_lock: rtg_block: comm=tau_rt_1 rtgid=1002 tgid=3894 pid=3901 prio=94
        tau_rt_2-3902  [003] dn.3  1302.331659: rtg_try_acquire_lock: rtg_block: comm=tau_rt_2 rtgid=1002 tgid=3897 pid=3902 prio=94
        tau_rt_4-3903  [005] dn.3  1302.331661: rtg_try_acquire_lock: rtg_block: comm=tau_rt_4 rtgid=1002 tgid=3899 pid=3903 prio=94
       deepPicar-3855  [004] d..3  1302.331741: rtg_try_release_lock: rtg_release: comm=deepPicar rtgid=1001 tgid=3855 pid=3855 prio=93
          <idle>-0     [003] dn.3  1302.331742: rtg_try_acquire_lock: rtg_acquire: comm=tau_rt_2 rtgid=1002 tgid=3897 pid=3902 prio=94
        tau_rt_1-3901  [000] d..3  1302.335884: rtg_try_release_lock: rtg_release: comm=tau_rt_1 rtgid=1002 tgid=3894 pid=3901 prio=94
          <idle>-0     [005] dn.3  1302.346852: rtg_try_acquire_lock: rtg_acquire: comm=tau_rt_4 rtgid=1002 tgid=3899 pid=3903 prio=94
        tau_rt_1-3901  [000] ...1  1302.346881: tracing_mark_write: gid=1002: job_start
        tau_rt_2-3902  [003] dn.3  1302.365660: rtg_try_acquire_lock: rtg_preemptor: comm=deepPicar rtgid=1001 tgid=3854 pid=3854 prio=93
        tau_rt_2-3902  [003] dn.3  1302.365662: rtg_try_acquire_lock: rtg_preemptee: comm=tau_rt_4 rtgid=1002 tgid=3899 pid=3903 prio=94
       deepPicar-3851  [000] ...1  1302.365691: tracing_mark_write: gid=1001: job_start
       deepPicar-3854  [003] d..3  1302.366988: rtg_try_release_lock: rtg_release: comm=deepPicar rtgid=1001 tgid=3854 pid=3854 prio=93
       deepPicar-3856  [005] d..3  1302.366992: rtg_try_acquire_lock: rtg_acquire: comm=deepPicar rtgid=1001 tgid=3856 pid=3886 prio=93
       deepPicar-3851  [000] d..3  1302.381291: rtg_try_acquire_lock: rtg_block: comm=tau_rt_1 rtgid=1002 tgid=3894 pid=3901 prio=94
       deepPicar-3854  [003] d..3  1302.381295: rtg_try_acquire_lock: rtg_block: comm=tau_rt_2 rtgid=1002 tgid=3897 pid=3902 prio=94
       deepPicar-3856  [005] d..3  1302.381360: rtg_try_acquire_lock: rtg_block: comm=tau_rt_4 rtgid=1002 tgid=3899 pid=3903 prio=94
       deepPicar-3864  [004] d..3  1302.381595: rtg_try_release_lock: rtg_release: comm=deepPicar rtgid=1001 tgid=3855 pid=3864 prio=93
          <idle>-0     [000] dn.3  1302.381598: rtg_try_acquire_lock: rtg_acquire: comm=tau_rt_1 rtgid=1002 tgid=3894 pid=3901 prio=94
       deepPicar-3864  [004] d..3  1302.381601: rtg_try_acquire_lock: rtg_preemptor: comm=deepPicar rtgid=1001 tgid=3855 pid=3855 prio=93
       deepPicar-3864  [004] d..3  1302.381602: rtg_try_acquire_lock: rtg_preemptee: comm=tau_rt_1 rtgid=1002 tgid=3894 pid=3901 prio=94
        tau_rt_2-3902  [003] dn.3  1302.381605: rtg_try_acquire_lock: rtg_block: comm=tau_rt_2 rtgid=1002 tgid=3897 pid=3902 prio=94
        tau_rt_4-3903  [005] dn.3  1302.381607: rtg_try_acquire_lock: rtg_block: comm=tau_rt_4 rtgid=1002 tgid=3899 pid=3903 prio=94
        tau_rt_1-3901  [000] dn.3  1302.381609: rtg_try_acquire_lock: rtg_block: comm=tau_rt_1 rtgid=1002 tgid=3894 pid=3901 prio=94
       deepPicar-3855  [004] d..3  1302.381698: rtg_try_release_lock: rtg_release: comm=deepPicar rtgid=1001 tgid=3855 pid=3855 prio=93
          <idle>-0     [000] dn.3  1302.381700: rtg_try_acquire_lock: rtg_acquire: comm=tau_rt_1 rtgid=1002 tgid=3894 pid=3901 prio=94
        tau_rt_2-3902  [003] d..3  1302.385867: rtg_try_release_lock: rtg_release: comm=tau_rt_2 rtgid=1002 tgid=3897 pid=3902 prio=94
          <idle>-0     [003] dn.3  1302.396852: rtg_try_acquire_lock: rtg_acquire: comm=tau_rt_2 rtgid=1002 tgid=3897 pid=3902 prio=94
        tau_rt_1-3901  [000] ...1  1302.396879: tracing_mark_write: gid=1002: job_start
        tau_rt_3-3900  [004] dn.3  1302.415660: rtg_try_acquire_lock: rtg_preemptor: comm=deepPicar rtgid=1001 tgid=3855 pid=3855 prio=93
        tau_rt_3-3900  [004] dn.3  1302.415663: rtg_try_acquire_lock: rtg_preemptee: comm=tau_rt_2 rtgid=1002 tgid=3897 pid=3902 prio=94
       deepPicar-3851  [000] ...1  1302.415691: tracing_mark_write: gid=1001: job_start
       deepPicar-3854  [003] d..3  1302.417011: rtg_try_release_lock: rtg_release: comm=deepPicar rtgid=1001 tgid=3854 pid=3854 prio=93
       deepPicar-3855  [004] d..3  1302.417015: rtg_try_acquire_lock: rtg_acquire: comm=deepPicar rtgid=1001 tgid=3855 pid=3889 prio=93
       deepPicar-3851  [000] d..3  1302.431309: rtg_try_acquire_lock: rtg_block: comm=tau_rt_1 rtgid=1002 tgid=3894 pid=3901 prio=94
       deepPicar-3854  [003] d..3  1302.431313: rtg_try_acquire_lock: rtg_block: comm=tau_rt_2 rtgid=1002 tgid=3897 pid=3902 prio=94
       deepPicar-3856  [005] d..3  1302.431442: rtg_try_acquire_lock: rtg_block: comm=tau_rt_4 rtgid=1002 tgid=3899 pid=3903 prio=94
       deepPicar-3864  [004] d..3  1302.431585: rtg_try_release_lock: rtg_release: comm=deepPicar rtgid=1001 tgid=3855 pid=3864 prio=93
          <idle>-0     [003] dn.3  1302.431589: rtg_try_acquire_lock: rtg_acquire: comm=tau_rt_2 rtgid=1002 tgid=3897 pid=3902 prio=94
       deepPicar-3864  [004] d..3  1302.431591: rtg_try_acquire_lock: rtg_preemptor: comm=deepPicar rtgid=1001 tgid=3855 pid=3855 prio=93
       deepPicar-3864  [004] d..3  1302.431592: rtg_try_acquire_lock: rtg_preemptee: comm=tau_rt_2 rtgid=1002 tgid=3897 pid=3902 prio=94
        tau_rt_1-3901  [000] dn.3  1302.431597: rtg_try_acquire_lock: rtg_block: comm=tau_rt_1 rtgid=1002 tgid=3894 pid=3901 prio=94
        tau_rt_4-3903  [005] dn.3  1302.431598: rtg_try_acquire_lock: rtg_block: comm=tau_rt_4 rtgid=1002 tgid=3899 pid=3903 prio=94
        tau_rt_2-3902  [003] dn.3  1302.431600: rtg_try_acquire_lock: rtg_block: comm=tau_rt_2 rtgid=1002 tgid=3897 pid=3902 prio=94
       deepPicar-3855  [004] d..3  1302.431680: rtg_try_release_lock: rtg_release: comm=deepPicar rtgid=1001 tgid=3855 pid=3855 prio=93
          <idle>-0     [003] dn.3  1302.431682: rtg_try_acquire_lock: rtg_acquire: comm=tau_rt_2 rtgid=1002 tgid=3897 pid=3902 prio=94
        tau_rt_2-3902  [003] d..3  1302.435820: rtg_try_release_lock: rtg_release: comm=tau_rt_2 rtgid=1002 tgid=3897 pid=3902 prio=94
          <idle>-0     [004] dn.3  1302.446852: rtg_try_acquire_lock: rtg_acquire: comm=tau_rt_3 rtgid=1002 tgid=3898 pid=3900 prio=94
        tau_rt_1-3901  [000] ...1  1302.446879: tracing_mark_write: gid=1002: job_start
        tau_rt_3-3900  [004] dn.3  1302.465658: rtg_try_acquire_lock: rtg_preemptor: comm=deepPicar rtgid=1001 tgid=3855 pid=3855 prio=93
        tau_rt_3-3900  [004] dn.3  1302.465660: rtg_try_acquire_lock: rtg_preemptee: comm=tau_rt_3 rtgid=1002 tgid=3898 pid=3900 prio=94
       deepPicar-3851  [000] ...1  1302.465690: tracing_mark_write: gid=1001: job_start
       deepPicar-3856  [005] d..3  1302.467017: rtg_try_release_lock: rtg_release: comm=deepPicar rtgid=1001 tgid=3856 pid=3856 prio=93
       deepPicar-3855  [004] d..3  1302.467021: rtg_try_acquire_lock: rtg_acquire: comm=deepPicar rtgid=1001 tgid=3855 pid=3891 prio=93
       deepPicar-3851  [000] d..3  1302.481209: rtg_try_acquire_lock: rtg_block: comm=tau_rt_1 rtgid=1002 tgid=3894 pid=3901 prio=94
       deepPicar-3854  [003] d..3  1302.481214: rtg_try_acquire_lock: rtg_block: comm=tau_rt_2 rtgid=1002 tgid=3897 pid=3902 prio=94
       deepPicar-3856  [005] d..3  1302.481310: rtg_try_acquire_lock: rtg_block: comm=tau_rt_4 rtgid=1002 tgid=3899 pid=3903 prio=94
       deepPicar-3864  [004] d..3  1302.481417: rtg_try_release_lock: rtg_release: comm=deepPicar rtgid=1001 tgid=3855 pid=3864 prio=93
          <idle>-0     [003] dn.3  1302.481419: rtg_try_acquire_lock: rtg_acquire: comm=tau_rt_2 rtgid=1002 tgid=3897 pid=3902 prio=94
       deepPicar-3864  [004] d..3  1302.481422: rtg_try_acquire_lock: rtg_preemptor: comm=deepPicar rtgid=1001 tgid=3855 pid=3855 prio=93
       deepPicar-3864  [004] d..3  1302.481422: rtg_try_acquire_lock: rtg_preemptee: comm=tau_rt_2 rtgid=1002 tgid=3897 pid=3902 prio=94
        tau_rt_1-3901  [000] dn.3  1302.481426: rtg_try_acquire_lock: rtg_block: comm=tau_rt_1 rtgid=1002 tgid=3894 pid=3901 prio=94
        tau_rt_2-3902  [003] dn.3  1302.481427: rtg_try_acquire_lock: rtg_block: comm=tau_rt_2 rtgid=1002 tgid=3897 pid=3902 prio=94
        tau_rt_4-3903  [005] dn.3  1302.481429: rtg_try_acquire_lock: rtg_block: comm=tau_rt_4 rtgid=1002 tgid=3899 pid=3903 prio=94
       deepPicar-3855  [004] d..3  1302.481511: rtg_try_release_lock: rtg_release: comm=deepPicar rtgid=1001 tgid=3855 pid=3855 prio=93
          <idle>-0     [000] dn.3  1302.481513: rtg_try_acquire_lock: rtg_acquire: comm=tau_rt_1 rtgid=1002 tgid=3894 pid=3901 prio=94
        tau_rt_2-3902  [003] d..3  1302.485709: rtg_try_release_lock: rtg_release: comm=tau_rt_2 rtgid=1002 tgid=3897 pid=3902 prio=94
          <idle>-0     [005] dn.3  1302.496852: rtg_try_acquire_lock: rtg_acquire: comm=tau_rt_4 rtgid=1002 tgid=3899 pid=3903 prio=94
        tau_rt_1-3901  [000] ...1  1302.496881: tracing_mark_write: gid=1002: job_start
        tau_rt_3-3900  [004] dn.3  1302.515660: rtg_try_acquire_lock: rtg_preemptor: comm=deepPicar rtgid=1001 tgid=3855 pid=3855 prio=93
        tau_rt_3-3900  [004] dn.3  1302.515663: rtg_try_acquire_lock: rtg_preemptee: comm=tau_rt_4 rtgid=1002 tgid=3899 pid=3903 prio=94
       deepPicar-3851  [000] ...1  1302.515692: tracing_mark_write: gid=1001: job_start
       deepPicar-3851  [000] d..3  1302.517059: rtg_try_release_lock: rtg_release: comm=deepPicar rtgid=1001 tgid=3851 pid=3851 prio=93
       deepPicar-3855  [004] d..3  1302.517063: rtg_try_acquire_lock: rtg_acquire: comm=deepPicar rtgid=1001 tgid=3855 pid=3878 prio=93
       deepPicar-3854  [003] d..3  1302.531458: rtg_try_acquire_lock: rtg_block: comm=tau_rt_2 rtgid=1002 tgid=3897 pid=3902 prio=94
       deepPicar-3851  [000] d..3  1302.531462: rtg_try_acquire_lock: rtg_block: comm=tau_rt_1 rtgid=1002 tgid=3894 pid=3901 prio=94
       deepPicar-3856  [005] d..3  1302.531654: rtg_try_acquire_lock: rtg_block: comm=tau_rt_4 rtgid=1002 tgid=3899 pid=3903 prio=94
       deepPicar-3864  [004] d..3  1302.531780: rtg_try_release_lock: rtg_release: comm=deepPicar rtgid=1001 tgid=3855 pid=3864 prio=93
          <idle>-0     [003] dn.3  1302.531783: rtg_try_acquire_lock: rtg_acquire: comm=tau_rt_2 rtgid=1002 tgid=3897 pid=3902 prio=94
       deepPicar-3864  [004] d..3  1302.531786: rtg_try_acquire_lock: rtg_preemptor: comm=deepPicar rtgid=1001 tgid=3855 pid=3855 prio=93
       deepPicar-3864  [004] d..3  1302.531787: rtg_try_acquire_lock: rtg_preemptee: comm=tau_rt_2 rtgid=1002 tgid=3897 pid=3902 prio=94
        tau_rt_1-3901  [000] dn.3  1302.531790: rtg_try_acquire_lock: rtg_block: comm=tau_rt_1 rtgid=1002 tgid=3894 pid=3901 prio=94
        tau_rt_2-3902  [003] dn.3  1302.531792: rtg_try_acquire_lock: rtg_block: comm=tau_rt_2 rtgid=1002 tgid=3897 pid=3902 prio=94
        tau_rt_4-3903  [005] dn.3  1302.531794: rtg_try_acquire_lock: rtg_block: comm=tau_rt_4 rtgid=1002 tgid=3899 pid=3903 prio=94
       deepPicar-3855  [004] d..3  1302.531877: rtg_try_release_lock: rtg_release: comm=deepPicar rtgid=1001 tgid=3855 pid=3855 prio=93
          <idle>-0     [003] dn.3  1302.531878: rtg_try_acquire_lock: rtg_acquire: comm=tau_rt_2 rtgid=1002 tgid=3897 pid=3902 prio=94
        tau_rt_2-3902  [003] d..3  1302.536032: rtg_try_release_lock: rtg_release: comm=tau_rt_2 rtgid=1002 tgid=3897 pid=3902 prio=94
          <idle>-0     [005] dn.3  1302.546854: rtg_try_acquire_lock: rtg_acquire: comm=tau_rt_4 rtgid=1002 tgid=3899 pid=3903 prio=94
        tau_rt_1-3901  [000] ...1  1302.546886: tracing_mark_write: gid=1002: job_start
        tau_rt_4-3903  [005] dn.3  1302.565657: rtg_try_acquire_lock: rtg_preemptor: comm=deepPicar rtgid=1001 tgid=3856 pid=3856 prio=93
        tau_rt_4-3903  [005] dn.3  1302.565659: rtg_try_acquire_lock: rtg_preemptee: comm=tau_rt_4 rtgid=1002 tgid=3899 pid=3903 prio=94
       deepPicar-3851  [000] ...1  1302.565688: tracing_mark_write: gid=1001: job_start
       deepPicar-3851  [000] d..3  1302.566979: rtg_try_release_lock: rtg_release: comm=deepPicar rtgid=1001 tgid=3851 pid=3851 prio=93
       deepPicar-3856  [005] d..3  1302.566983: rtg_try_acquire_lock: rtg_acquire: comm=deepPicar rtgid=1001 tgid=3856 pid=3880 prio=93
       deepPicar-3881  [003] d..3  1302.567821: rtg_try_release_lock: rtg_release: comm=deepPicar rtgid=1001 tgid=3854 pid=3881 prio=93
       deepPicar-3868  [000] d..3  1302.567824: rtg_try_acquire_lock: rtg_acquire: comm=deepPicar rtgid=1001 tgid=3851 pid=3859 prio=93
       deepPicar-3851  [000] d..3  1302.581177: rtg_try_acquire_lock: rtg_block: comm=tau_rt_1 rtgid=1002 tgid=3894 pid=3901 prio=94
       deepPicar-3854  [003] d..3  1302.581181: rtg_try_acquire_lock: rtg_block: comm=tau_rt_2 rtgid=1002 tgid=3897 pid=3902 prio=94
       deepPicar-3856  [005] d..3  1302.581373: rtg_try_acquire_lock: rtg_block: comm=tau_rt_4 rtgid=1002 tgid=3899 pid=3903 prio=94
       deepPicar-3864  [004] d..3  1302.581480: rtg_try_release_lock: rtg_release: comm=deepPicar rtgid=1001 tgid=3855 pid=3864 prio=93
          <idle>-0     [003] dn.3  1302.581483: rtg_try_acquire_lock: rtg_acquire: comm=tau_rt_2 rtgid=1002 tgid=3897 pid=3902 prio=94
       deepPicar-3864  [004] d..3  1302.581486: rtg_try_acquire_lock: rtg_preemptor: comm=deepPicar rtgid=1001 tgid=3855 pid=3855 prio=93
       deepPicar-3864  [004] d..3  1302.581487: rtg_try_acquire_lock: rtg_preemptee: comm=tau_rt_2 rtgid=1002 tgid=3897 pid=3902 prio=94
        tau_rt_1-3901  [000] dn.3  1302.581490: rtg_try_acquire_lock: rtg_block: comm=tau_rt_1 rtgid=1002 tgid=3894 pid=3901 prio=94
        tau_rt_4-3903  [005] dn.3  1302.581492: rtg_try_acquire_lock: rtg_block: comm=tau_rt_4 rtgid=1002 tgid=3899 pid=3903 prio=94
        tau_rt_2-3902  [003] dn.3  1302.581493: rtg_try_acquire_lock: rtg_block: comm=tau_rt_2 rtgid=1002 tgid=3897 pid=3902 prio=94
       deepPicar-3855  [004] d..3  1302.581571: rtg_try_release_lock: rtg_release: comm=deepPicar rtgid=1001 tgid=3855 pid=3855 prio=93
          <idle>-0     [000] dn.3  1302.581573: rtg_try_acquire_lock: rtg_acquire: comm=tau_rt_1 rtgid=1002 tgid=3894 pid=3901 prio=94
        tau_rt_2-3902  [003] d..3  1302.585778: rtg_try_release_lock: rtg_release: comm=tau_rt_2 rtgid=1002 tgid=3897 pid=3902 prio=94
          <idle>-0     [005] dn.3  1302.596857: rtg_try_acquire_lock: rtg_acquire: comm=tau_rt_4 rtgid=1002 tgid=3899 pid=3903 prio=94
        tau_rt_1-3901  [000] ...1  1302.596889: tracing_mark_write: gid=1002: job_start
        tau_rt_2-3902  [003] dn.3  1302.615658: rtg_try_acquire_lock: rtg_preemptor: comm=deepPicar rtgid=1001 tgid=3854 pid=3854 prio=93
        tau_rt_2-3902  [003] dn.3  1302.615660: rtg_try_acquire_lock: rtg_preemptee: comm=tau_rt_4 rtgid=1002 tgid=3899 pid=3903 prio=94
       deepPicar-3851  [000] ...1  1302.615689: tracing_mark_write: gid=1001: job_start
       deepPicar-3856  [005] d..3  1302.617031: rtg_try_release_lock: rtg_release: comm=deepPicar rtgid=1001 tgid=3856 pid=3856 prio=93
       deepPicar-3851  [000] d..3  1302.617035: rtg_try_acquire_lock: rtg_acquire: comm=deepPicar rtgid=1001 tgid=3851 pid=3869 prio=93
       deepPicar-3854  [003] d..3  1302.631198: rtg_try_acquire_lock: rtg_block: comm=tau_rt_2 rtgid=1002 tgid=3897 pid=3902 prio=94
       deepPicar-3851  [000] d..3  1302.631217: rtg_try_acquire_lock: rtg_block: comm=tau_rt_1 rtgid=1002 tgid=3894 pid=3901 prio=94
       deepPicar-3856  [005] d..3  1302.631331: rtg_try_acquire_lock: rtg_block: comm=tau_rt_4 rtgid=1002 tgid=3899 pid=3903 prio=94
       deepPicar-3864  [004] d..3  1302.631562: rtg_try_release_lock: rtg_release: comm=deepPicar rtgid=1001 tgid=3855 pid=3864 prio=93
          <idle>-0     [005] dn.3  1302.631565: rtg_try_acquire_lock: rtg_acquire: comm=tau_rt_4 rtgid=1002 tgid=3899 pid=3903 prio=94
       deepPicar-3864  [004] d..3  1302.631568: rtg_try_acquire_lock: rtg_preemptor: comm=deepPicar rtgid=1001 tgid=3855 pid=3855 prio=93
       deepPicar-3864  [004] d..3  1302.631569: rtg_try_acquire_lock: rtg_preemptee: comm=tau_rt_4 rtgid=1002 tgid=3899 pid=3903 prio=94
          <idle>-0     [000] dn.3  1302.631572: rtg_try_acquire_lock: rtg_block: comm=tau_rt_1 rtgid=1002 tgid=3894 pid=3901 prio=94
        tau_rt_2-3902  [003] dn.3  1302.631574: rtg_try_acquire_lock: rtg_block: comm=tau_rt_2 rtgid=1002 tgid=3897 pid=3902 prio=94
        tau_rt_4-3903  [005] dn.3  1302.631575: rtg_try_acquire_lock: rtg_block: comm=tau_rt_4 rtgid=1002 tgid=3899 pid=3903 prio=94
       deepPicar-3855  [004] d..3  1302.631660: rtg_try_release_lock: rtg_release: comm=deepPicar rtgid=1001 tgid=3855 pid=3855 prio=93
          <idle>-0     [003] dn.3  1302.631662: rtg_try_acquire_lock: rtg_acquire: comm=tau_rt_2 rtgid=1002 tgid=3897 pid=3902 prio=94
        tau_rt_1-3901  [000] d..3  1302.635817: rtg_try_release_lock: rtg_release: comm=tau_rt_1 rtgid=1002 tgid=3894 pid=3901 prio=94
          <idle>-0     [005] dn.3  1302.646852: rtg_try_acquire_lock: rtg_acquire: comm=tau_rt_4 rtgid=1002 tgid=3899 pid=3903 prio=94
        tau_rt_1-3901  [000] ...1  1302.646881: tracing_mark_write: gid=1002: job_start
        tau_rt_3-3900  [004] dn.3  1302.665659: rtg_try_acquire_lock: rtg_preemptor: comm=deepPicar rtgid=1001 tgid=3855 pid=3855 prio=93
        tau_rt_3-3900  [004] dn.3  1302.665662: rtg_try_acquire_lock: rtg_preemptee: comm=tau_rt_4 rtgid=1002 tgid=3899 pid=3903 prio=94
       deepPicar-3851  [000] ...1  1302.665690: tracing_mark_write: gid=1001: job_start
       deepPicar-3854  [003] d..3  1302.667038: rtg_try_release_lock: rtg_release: comm=deepPicar rtgid=1001 tgid=3854 pid=3854 prio=93
       deepPicar-3856  [005] d..3  1302.667042: rtg_try_acquire_lock: rtg_acquire: comm=deepPicar rtgid=1001 tgid=3856 pid=3886 prio=93
       deepPicar-3854  [003] d..3  1302.681398: rtg_try_acquire_lock: rtg_block: comm=tau_rt_2 rtgid=1002 tgid=3897 pid=3902 prio=94
       deepPicar-3851  [000] d..3  1302.681402: rtg_try_acquire_lock: rtg_block: comm=tau_rt_1 rtgid=1002 tgid=3894 pid=3901 prio=94
       deepPicar-3856  [005] d..3  1302.681626: rtg_try_acquire_lock: rtg_block: comm=tau_rt_4 rtgid=1002 tgid=3899 pid=3903 prio=94
       deepPicar-3855  [004] d..3  1302.681704: rtg_try_release_lock: rtg_release: comm=deepPicar rtgid=1001 tgid=3855 pid=3855 prio=93
          <idle>-0     [005] dn.3  1302.681707: rtg_try_acquire_lock: rtg_acquire: comm=tau_rt_4 rtgid=1002 tgid=3899 pid=3903 prio=94
        tau_rt_1-3901  [000] d..3  1302.685880: rtg_try_release_lock: rtg_release: comm=tau_rt_1 rtgid=1002 tgid=3894 pid=3901 prio=94
          <idle>-0     [005] dn.3  1302.696853: rtg_try_acquire_lock: rtg_acquire: comm=tau_rt_4 rtgid=1002 tgid=3899 pid=3903 prio=94
        tau_rt_1-3901  [000] ...1  1302.696879: tracing_mark_write: gid=1002: job_start
        tau_rt_3-3900  [004] dn.3  1302.715659: rtg_try_acquire_lock: rtg_preemptor: comm=deepPicar rtgid=1001 tgid=3855 pid=3855 prio=93
        tau_rt_3-3900  [004] dn.3  1302.715662: rtg_try_acquire_lock: rtg_preemptee: comm=tau_rt_4 rtgid=1002 tgid=3899 pid=3903 prio=94
       deepPicar-3851  [000] ...1  1302.715692: tracing_mark_write: gid=1001: job_start
       deepPicar-3854  [003] d..3  1302.731345: rtg_try_acquire_lock: rtg_block: comm=tau_rt_2 rtgid=1002 tgid=3897 pid=3902 prio=94
       deepPicar-3851  [000] d..3  1302.731349: rtg_try_acquire_lock: rtg_block: comm=tau_rt_1 rtgid=1002 tgid=3894 pid=3901 prio=94
       deepPicar-3856  [005] d..3  1302.731399: rtg_try_acquire_lock: rtg_block: comm=tau_rt_4 rtgid=1002 tgid=3899 pid=3903 prio=94
       deepPicar-3864  [004] d..3  1302.731572: rtg_try_release_lock: rtg_release: comm=deepPicar rtgid=1001 tgid=3855 pid=3864 prio=93
          <idle>-0     [003] dn.3  1302.731575: rtg_try_acquire_lock: rtg_acquire: comm=tau_rt_2 rtgid=1002 tgid=3897 pid=3902 prio=94
       deepPicar-3864  [004] d..3  1302.731578: rtg_try_acquire_lock: rtg_preemptor: comm=deepPicar rtgid=1001 tgid=3855 pid=3855 prio=93
       deepPicar-3864  [004] d..3  1302.731579: rtg_try_acquire_lock: rtg_preemptee: comm=tau_rt_2 rtgid=1002 tgid=3897 pid=3902 prio=94
        tau_rt_1-3901  [000] dn.3  1302.731582: rtg_try_acquire_lock: rtg_block: comm=tau_rt_1 rtgid=1002 tgid=3894 pid=3901 prio=94
        tau_rt_2-3902  [003] dn.3  1302.731584: rtg_try_acquire_lock: rtg_block: comm=tau_rt_2 rtgid=1002 tgid=3897 pid=3902 prio=94
        tau_rt_4-3903  [005] dn.3  1302.731586: rtg_try_acquire_lock: rtg_block: comm=tau_rt_4 rtgid=1002 tgid=3899 pid=3903 prio=94
       deepPicar-3855  [004] d..3  1302.731671: rtg_try_release_lock: rtg_release: comm=deepPicar rtgid=1001 tgid=3855 pid=3855 prio=93
          <idle>-0     [003] dn.3  1302.731673: rtg_try_acquire_lock: rtg_acquire: comm=tau_rt_2 rtgid=1002 tgid=3897 pid=3902 prio=94
        tau_rt_2-3902  [003] d..3  1302.735810: rtg_try_release_lock: rtg_release: comm=tau_rt_2 rtgid=1002 tgid=3897 pid=3902 prio=94
          <idle>-0     [005] dn.3  1302.746852: rtg_try_acquire_lock: rtg_acquire: comm=tau_rt_4 rtgid=1002 tgid=3899 pid=3903 prio=94
        tau_rt_1-3901  [000] ...1  1302.746882: tracing_mark_write: gid=1002: job_start
        tau_rt_2-3902  [003] dn.3  1302.765661: rtg_try_acquire_lock: rtg_preemptor: comm=deepPicar rtgid=1001 tgid=3854 pid=3854 prio=93
        tau_rt_2-3902  [003] dn.3  1302.765663: rtg_try_acquire_lock: rtg_preemptee: comm=tau_rt_4 rtgid=1002 tgid=3899 pid=3903 prio=94
       deepPicar-3851  [000] ...1  1302.765692: tracing_mark_write: gid=1001: job_start
       deepPicar-3856  [005] d..3  1302.766993: rtg_try_release_lock: rtg_release: comm=deepPicar rtgid=1001 tgid=3856 pid=3856 prio=93
       deepPicar-3855  [004] d..3  1302.766997: rtg_try_acquire_lock: rtg_acquire: comm=deepPicar rtgid=1001 tgid=3855 pid=3891 prio=93
       deepPicar-3854  [003] d..3  1302.781243: rtg_try_acquire_lock: rtg_block: comm=tau_rt_2 rtgid=1002 tgid=3897 pid=3902 prio=94
       deepPicar-3851  [000] d..3  1302.781247: rtg_try_acquire_lock: rtg_block: comm=tau_rt_1 rtgid=1002 tgid=3894 pid=3901 prio=94
       deepPicar-3856  [005] d..3  1302.781344: rtg_try_acquire_lock: rtg_block: comm=tau_rt_4 rtgid=1002 tgid=3899 pid=3903 prio=94
       deepPicar-3864  [004] d..3  1302.781504: rtg_try_release_lock: rtg_release: comm=deepPicar rtgid=1001 tgid=3855 pid=3864 prio=93
          <idle>-0     [003] dn.3  1302.781506: rtg_try_acquire_lock: rtg_acquire: comm=tau_rt_2 rtgid=1002 tgid=3897 pid=3902 prio=94
       deepPicar-3864  [004] d..3  1302.781509: rtg_try_acquire_lock: rtg_preemptor: comm=deepPicar rtgid=1001 tgid=3855 pid=3855 prio=93
       deepPicar-3864  [004] d..3  1302.781510: rtg_try_acquire_lock: rtg_preemptee: comm=tau_rt_2 rtgid=1002 tgid=3897 pid=3902 prio=94
        tau_rt_1-3901  [000] dn.3  1302.781513: rtg_try_acquire_lock: rtg_block: comm=tau_rt_1 rtgid=1002 tgid=3894 pid=3901 prio=94
        tau_rt_2-3902  [003] dn.3  1302.781515: rtg_try_acquire_lock: rtg_block: comm=tau_rt_2 rtgid=1002 tgid=3897 pid=3902 prio=94
        tau_rt_4-3903  [005] dn.3  1302.781517: rtg_try_acquire_lock: rtg_block: comm=tau_rt_4 rtgid=1002 tgid=3899 pid=3903 prio=94
       deepPicar-3855  [004] d..3  1302.781598: rtg_try_release_lock: rtg_release: comm=deepPicar rtgid=1001 tgid=3855 pid=3855 prio=93
          <idle>-0     [000] dn.3  1302.781600: rtg_try_acquire_lock: rtg_acquire: comm=tau_rt_1 rtgid=1002 tgid=3894 pid=3901 prio=94
        tau_rt_2-3902  [003] d..3  1302.785755: rtg_try_release_lock: rtg_release: comm=tau_rt_2 rtgid=1002 tgid=3897 pid=3902 prio=94
          <idle>-0     [003] dn.3  1302.796851: rtg_try_acquire_lock: rtg_acquire: comm=tau_rt_2 rtgid=1002 tgid=3897 pid=3902 prio=94
        tau_rt_1-3901  [000] ...1  1302.796879: tracing_mark_write: gid=1002: job_start
        tau_rt_2-3902  [003] dn.3  1302.815659: rtg_try_acquire_lock: rtg_preemptor: comm=deepPicar rtgid=1001 tgid=3854 pid=3854 prio=93
        tau_rt_2-3902  [003] dn.3  1302.815661: rtg_try_acquire_lock: rtg_preemptee: comm=tau_rt_2 rtgid=1002 tgid=3897 pid=3902 prio=94
       deepPicar-3851  [000] ...1  1302.815691: tracing_mark_write: gid=1001: job_start
       deepPicar-3851  [000] d..3  1302.817031: rtg_try_release_lock: rtg_release: comm=deepPicar rtgid=1001 tgid=3851 pid=3851 prio=93
       deepPicar-3855  [004] d..3  1302.817035: rtg_try_acquire_lock: rtg_acquire: comm=deepPicar rtgid=1001 tgid=3855 pid=3878 prio=93
       deepPicar-3851  [000] d..3  1302.831455: rtg_try_acquire_lock: rtg_block: comm=tau_rt_1 rtgid=1002 tgid=3894 pid=3901 prio=94
       deepPicar-3854  [003] d..3  1302.831458: rtg_try_acquire_lock: rtg_block: comm=tau_rt_2 rtgid=1002 tgid=3897 pid=3902 prio=94
       deepPicar-3856  [005] d..3  1302.831497: rtg_try_acquire_lock: rtg_block: comm=tau_rt_4 rtgid=1002 tgid=3899 pid=3903 prio=94
       deepPicar-3864  [004] d..3  1302.831663: rtg_try_release_lock: rtg_release: comm=deepPicar rtgid=1001 tgid=3855 pid=3864 prio=93
          <idle>-0     [003] dn.3  1302.831666: rtg_try_acquire_lock: rtg_acquire: comm=tau_rt_2 rtgid=1002 tgid=3897 pid=3902 prio=94
       deepPicar-3864  [004] d..3  1302.831669: rtg_try_acquire_lock: rtg_preemptor: comm=deepPicar rtgid=1001 tgid=3855 pid=3855 prio=93
       deepPicar-3864  [004] d..3  1302.831670: rtg_try_acquire_lock: rtg_preemptee: comm=tau_rt_2 rtgid=1002 tgid=3897 pid=3902 prio=94
        tau_rt_1-3901  [000] dn.3  1302.831674: rtg_try_acquire_lock: rtg_block: comm=tau_rt_1 rtgid=1002 tgid=3894 pid=3901 prio=94
        tau_rt_2-3902  [003] dn.3  1302.831676: rtg_try_acquire_lock: rtg_block: comm=tau_rt_2 rtgid=1002 tgid=3897 pid=3902 prio=94
        tau_rt_4-3903  [005] dn.3  1302.831677: rtg_try_acquire_lock: rtg_block: comm=tau_rt_4 rtgid=1002 tgid=3899 pid=3903 prio=94
       deepPicar-3855  [004] d..3  1302.831761: rtg_try_release_lock: rtg_release: comm=deepPicar rtgid=1001 tgid=3855 pid=3855 prio=93
          <idle>-0     [003] dn.3  1302.831762: rtg_try_acquire_lock: rtg_acquire: comm=tau_rt_2 rtgid=1002 tgid=3897 pid=3902 prio=94
        tau_rt_1-3901  [000] d..3  1302.835915: rtg_try_release_lock: rtg_release: comm=tau_rt_1 rtgid=1002 tgid=3894 pid=3901 prio=94
          <idle>-0     [004] dn.3  1302.846852: rtg_try_acquire_lock: rtg_acquire: comm=tau_rt_3 rtgid=1002 tgid=3898 pid=3900 prio=94
        tau_rt_1-3901  [000] ...1  1302.846880: tracing_mark_write: gid=1002: job_start
        tau_rt_3-3900  [004] dn.3  1302.865659: rtg_try_acquire_lock: rtg_preemptor: comm=deepPicar rtgid=1001 tgid=3855 pid=3855 prio=93
        tau_rt_3-3900  [004] dn.3  1302.865661: rtg_try_acquire_lock: rtg_preemptee: comm=tau_rt_3 rtgid=1002 tgid=3898 pid=3900 prio=94
       deepPicar-3851  [000] ...1  1302.865691: tracing_mark_write: gid=1001: job_start
       deepPicar-3854  [003] d..3  1302.867011: rtg_try_release_lock: rtg_release: comm=deepPicar rtgid=1001 tgid=3854 pid=3854 prio=93
       deepPicar-3856  [005] d..3  1302.867015: rtg_try_acquire_lock: rtg_acquire: comm=deepPicar rtgid=1001 tgid=3856 pid=3880 prio=93
       deepPicar-3854  [003] d..3  1302.881220: rtg_try_acquire_lock: rtg_block: comm=tau_rt_2 rtgid=1002 tgid=3897 pid=3902 prio=94
       deepPicar-3851  [000] d..3  1302.881223: rtg_try_acquire_lock: rtg_block: comm=tau_rt_1 rtgid=1002 tgid=3894 pid=3901 prio=94
       deepPicar-3856  [005] d..3  1302.881259: rtg_try_acquire_lock: rtg_block: comm=tau_rt_4 rtgid=1002 tgid=3899 pid=3903 prio=94
       deepPicar-3864  [004] d..3  1302.881585: rtg_try_release_lock: rtg_release: comm=deepPicar rtgid=1001 tgid=3855 pid=3864 prio=93
          <idle>-0     [005] dn.3  1302.881588: rtg_try_acquire_lock: rtg_acquire: comm=tau_rt_4 rtgid=1002 tgid=3899 pid=3903 prio=94
       deepPicar-3864  [004] d..3  1302.881591: rtg_try_acquire_lock: rtg_preemptor: comm=deepPicar rtgid=1001 tgid=3855 pid=3855 prio=93
       deepPicar-3864  [004] d..3  1302.881592: rtg_try_acquire_lock: rtg_preemptee: comm=tau_rt_4 rtgid=1002 tgid=3899 pid=3903 prio=94
        tau_rt_1-3901  [000] dn.3  1302.881596: rtg_try_acquire_lock: rtg_block: comm=tau_rt_1 rtgid=1002 tgid=3894 pid=3901 prio=94
        tau_rt_2-3902  [003] dn.3  1302.881598: rtg_try_acquire_lock: rtg_block: comm=tau_rt_2 rtgid=1002 tgid=3897 pid=3902 prio=94
        tau_rt_4-3903  [005] dn.3  1302.881600: rtg_try_acquire_lock: rtg_block: comm=tau_rt_4 rtgid=1002 tgid=3899 pid=3903 prio=94
       deepPicar-3855  [004] d..3  1302.881690: rtg_try_release_lock: rtg_release: comm=deepPicar rtgid=1001 tgid=3855 pid=3855 prio=93
          <idle>-0     [000] dn.3  1302.881692: rtg_try_acquire_lock: rtg_acquire: comm=tau_rt_1 rtgid=1002 tgid=3894 pid=3901 prio=94
        tau_rt_2-3902  [003] d..3  1302.885906: rtg_try_release_lock: rtg_release: comm=tau_rt_2 rtgid=1002 tgid=3897 pid=3902 prio=94
          <idle>-0     [005] dn.3  1302.896852: rtg_try_acquire_lock: rtg_acquire: comm=tau_rt_4 rtgid=1002 tgid=3899 pid=3903 prio=94
        tau_rt_1-3901  [000] ...1  1302.896880: tracing_mark_write: gid=1002: job_start
        tau_rt_3-3900  [004] dn.3  1302.915660: rtg_try_acquire_lock: rtg_preemptor: comm=deepPicar rtgid=1001 tgid=3855 pid=3855 prio=93
        tau_rt_3-3900  [004] dn.3  1302.915663: rtg_try_acquire_lock: rtg_preemptee: comm=tau_rt_4 rtgid=1002 tgid=3899 pid=3903 prio=94
       deepPicar-3851  [000] ...1  1302.915692: tracing_mark_write: gid=1001: job_start
       deepPicar-3851  [000] d..3  1302.917087: rtg_try_release_lock: rtg_release: comm=deepPicar rtgid=1001 tgid=3851 pid=3851 prio=93
       deepPicar-3856  [005] d..3  1302.917091: rtg_try_acquire_lock: rtg_acquire: comm=deepPicar rtgid=1001 tgid=3856 pid=3882 prio=93
       deepPicar-3854  [003] d..3  1302.931463: rtg_try_acquire_lock: rtg_block: comm=tau_rt_2 rtgid=1002 tgid=3897 pid=3902 prio=94
       deepPicar-3851  [000] d..3  1302.931467: rtg_try_acquire_lock: rtg_block: comm=tau_rt_1 rtgid=1002 tgid=3894 pid=3901 prio=94
       deepPicar-3856  [005] d..3  1302.931551: rtg_try_acquire_lock: rtg_block: comm=tau_rt_4 rtgid=1002 tgid=3899 pid=3903 prio=94
       deepPicar-3864  [004] d..3  1302.931677: rtg_try_release_lock: rtg_release: comm=deepPicar rtgid=1001 tgid=3855 pid=3864 prio=93
          <idle>-0     [003] dn.3  1302.931681: rtg_try_acquire_lock: rtg_acquire: comm=tau_rt_2 rtgid=1002 tgid=3897 pid=3902 prio=94
       deepPicar-3864  [004] d..3  1302.931684: rtg_try_acquire_lock: rtg_preemptor: comm=deepPicar rtgid=1001 tgid=3855 pid=3855 prio=93
       deepPicar-3864  [004] d..3  1302.931685: rtg_try_acquire_lock: rtg_preemptee: comm=tau_rt_2 rtgid=1002 tgid=3897 pid=3902 prio=94
        tau_rt_1-3901  [000] dn.3  1302.931688: rtg_try_acquire_lock: rtg_block: comm=tau_rt_1 rtgid=1002 tgid=3894 pid=3901 prio=94
        tau_rt_4-3903  [005] dn.3  1302.931690: rtg_try_acquire_lock: rtg_block: comm=tau_rt_4 rtgid=1002 tgid=3899 pid=3903 prio=94
        tau_rt_2-3902  [003] dn.3  1302.931691: rtg_try_acquire_lock: rtg_block: comm=tau_rt_2 rtgid=1002 tgid=3897 pid=3902 prio=94
       deepPicar-3855  [004] d..3  1302.931774: rtg_try_release_lock: rtg_release: comm=deepPicar rtgid=1001 tgid=3855 pid=3855 prio=93
          <idle>-0     [003] dn.3  1302.931775: rtg_try_acquire_lock: rtg_acquire: comm=tau_rt_2 rtgid=1002 tgid=3897 pid=3902 prio=94
        tau_rt_1-3901  [000] d..3  1302.935950: rtg_try_release_lock: rtg_release: comm=tau_rt_1 rtgid=1002 tgid=3894 pid=3901 prio=94
          <idle>-0     [005] dn.3  1302.946852: rtg_try_acquire_lock: rtg_acquire: comm=tau_rt_4 rtgid=1002 tgid=3899 pid=3903 prio=94
        tau_rt_1-3901  [000] ...1  1302.946882: tracing_mark_write: gid=1002: job_start
        tau_rt_3-3900  [004] dn.3  1302.965660: rtg_try_acquire_lock: rtg_preemptor: comm=deepPicar rtgid=1001 tgid=3855 pid=3855 prio=93
        tau_rt_3-3900  [004] dn.3  1302.965662: rtg_try_acquire_lock: rtg_preemptee: comm=tau_rt_4 rtgid=1002 tgid=3899 pid=3903 prio=94
       deepPicar-3851  [000] ...1  1302.965692: tracing_mark_write: gid=1001: job_start
