        tau_rt_3-3295  [004] dn.3   676.488004: rtg_try_acquire_lock: rtg_block: comm=tau_rt_3 rtgid=1002 tgid=3292 pid=3295 prio=94
        tau_rt_4-3296  [005] dn.3   676.488007: rtg_try_acquire_lock: rtg_block: comm=tau_rt_4 rtgid=1002 tgid=3293 pid=3296 prio=94
       deepPicar-3245  [000] ...1   676.488023: tracing_mark_write: gid=1001: job_start
       deepPicar-3245  [000] d..3   676.489197: rtg_try_release_lock: rtg_release: comm=deepPicar rtgid=1001 tgid=3245 pid=3245 prio=93
          <idle>-0     [004] dn.3   676.489201: rtg_try_acquire_lock: rtg_acquire: comm=tau_rt_3 rtgid=1002 tgid=3292 pid=3295 prio=94
       deepPicar-3245  [000] d..3   676.489204: rtg_try_acquire_lock: rtg_preemptor: comm=deepPicar rtgid=1001 tgid=3245 pid=3262 prio=93
       deepPicar-3245  [000] d..3   676.489205: rtg_try_acquire_lock: rtg_preemptee: comm=tau_rt_3 rtgid=1002 tgid=3292 pid=3295 prio=94
        tau_rt_3-3295  [004] dn.3   676.489208: rtg_try_acquire_lock: rtg_block: comm=tau_rt_3 rtgid=1002 tgid=3292 pid=3295 prio=94
        tau_rt_4-3296  [005] dn.3   676.489210: rtg_try_acquire_lock: rtg_block: comm=tau_rt_4 rtgid=1002 tgid=3293 pid=3296 prio=94
       deepPicar-3262  [000] d..3   676.489960: rtg_try_release_lock: rtg_release: comm=deepPicar rtgid=1001 tgid=3245 pid=3262 prio=93
          <idle>-0     [004] dn.3   676.489962: rtg_try_acquire_lock: rtg_acquire: comm=tau_rt_3 rtgid=1002 tgid=3292 pid=3295 prio=94
       deepPicar-3262  [000] d..3   676.489965: rtg_try_acquire_lock: rtg_preemptor: comm=deepPicar rtgid=1001 tgid=3245 pid=3253 prio=93
       deepPicar-3262  [000] d..3   676.489965: rtg_try_acquire_lock: rtg_preemptee: comm=tau_rt_3 rtgid=1002 tgid=3292 pid=3295 prio=94
        tau_rt_3-3295  [004] dn.3   676.489968: rtg_try_acquire_lock: rtg_block: comm=tau_rt_3 rtgid=1002 tgid=3292 pid=3295 prio=94
        tau_rt_4-3296  [005] dn.3   676.489970: rtg_try_acquire_lock: rtg_block: comm=tau_rt_4 rtgid=1002 tgid=3293 pid=3296 prio=94
       deepPicar-3245  [000] d..3   676.501160: rtg_try_acquire_lock: rtg_block: comm=tau_rt_1 rtgid=1002 tgid=3288 pid=3294 prio=94
       deepPicar-3250  [005] d..3   676.516741: rtg_try_release_lock: rtg_release: comm=deepPicar rtgid=1001 tgid=3250 pid=3250 prio=93
       deepPicar-3249  [004] dn.3   676.516745: rtg_try_acquire_lock: rtg_acquire: comm=tau_rt_3 rtgid=1002 tgid=3292 pid=3295 prio=94
        tau_rt_3-3295  [004] d..3   676.528921: rtg_try_release_lock: rtg_release: comm=tau_rt_3 rtgid=1002 tgid=3292 pid=3295 prio=94
          <idle>-0     [003] dn.3   676.529560: rtg_try_acquire_lock: rtg_acquire: comm=tau_rt_2 rtgid=1002 tgid=3291 pid=3297 prio=94
        tau_rt_1-3294  [000] ...1   676.542172: tracing_mark_write: gid=1002: job_start
        tau_rt_1-3294  [000] dn.3   676.562999: rtg_try_acquire_lock: rtg_preemptor: comm=deepPicar rtgid=1001 tgid=3245 pid=3245 prio=93
        tau_rt_1-3294  [000] dn.3   676.563002: rtg_try_acquire_lock: rtg_preemptee: comm=tau_rt_2 rtgid=1002 tgid=3291 pid=3297 prio=94
        tau_rt_4-3296  [005] dn.3   676.563013: rtg_try_acquire_lock: rtg_block: comm=tau_rt_4 rtgid=1002 tgid=3293 pid=3296 prio=94
        tau_rt_3-3295  [004] dn.3   676.563017: rtg_try_acquire_lock: rtg_block: comm=tau_rt_3 rtgid=1002 tgid=3292 pid=3295 prio=94
       deepPicar-3245  [000] ...1   676.563033: tracing_mark_write: gid=1001: job_start
       deepPicar-3245  [000] d..3   676.564216: rtg_try_release_lock: rtg_release: comm=deepPicar rtgid=1001 tgid=3245 pid=3245 prio=93
          <idle>-0     [004] dn.3   676.564219: rtg_try_acquire_lock: rtg_acquire: comm=tau_rt_3 rtgid=1002 tgid=3292 pid=3295 prio=94
       deepPicar-3245  [000] d..3   676.564221: rtg_try_acquire_lock: rtg_preemptor: comm=deepPicar rtgid=1001 tgid=3245 pid=3263 prio=93
       deepPicar-3245  [000] d..3   676.564222: rtg_try_acquire_lock: rtg_preemptee: comm=tau_rt_3 rtgid=1002 tgid=3292 pid=3295 prio=94
        tau_rt_3-3295  [004] dn.3   676.564225: rtg_try_acquire_lock: rtg_block: comm=tau_rt_3 rtgid=1002 tgid=3292 pid=3295 prio=94
        tau_rt_4-3296  [005] dn.3   676.564227: rtg_try_acquire_lock: rtg_block: comm=tau_rt_4 rtgid=1002 tgid=3293 pid=3296 prio=94
       deepPicar-3263  [000] d..3   676.565109: rtg_try_release_lock: rtg_release: comm=deepPicar rtgid=1001 tgid=3245 pid=3263 prio=93
          <idle>-0     [004] dn.3   676.565110: rtg_try_acquire_lock: rtg_acquire: comm=tau_rt_3 rtgid=1002 tgid=3292 pid=3295 prio=94
       deepPicar-3263  [000] d..3   676.565113: rtg_try_acquire_lock: rtg_preemptor: comm=deepPicar rtgid=1001 tgid=3245 pid=3253 prio=93
       deepPicar-3263  [000] d..3   676.565113: rtg_try_acquire_lock: rtg_preemptee: comm=tau_rt_3 rtgid=1002 tgid=3292 pid=3295 prio=94
        tau_rt_3-3295  [004] dn.3   676.565116: rtg_try_acquire_lock: rtg_block: comm=tau_rt_3 rtgid=1002 tgid=3292 pid=3295 prio=94
        tau_rt_4-3296  [005] dn.3   676.565118: rtg_try_acquire_lock: rtg_block: comm=tau_rt_4 rtgid=1002 tgid=3293 pid=3296 prio=94
       deepPicar-3245  [000] d..3   676.576367: rtg_try_acquire_lock: rtg_block: comm=tau_rt_1 rtgid=1002 tgid=3288 pid=3294 prio=94
       deepPicar-3249  [004] d..3   676.592005: rtg_try_release_lock: rtg_release: comm=deepPicar rtgid=1001 tgid=3249 pid=3249 prio=93
          <idle>-0     [000] dn.3   676.592009: rtg_try_acquire_lock: rtg_acquire: comm=tau_rt_1 rtgid=1002 tgid=3288 pid=3294 prio=94
        tau_rt_3-3295  [004] d..3   676.604132: rtg_try_release_lock: rtg_release: comm=tau_rt_3 rtgid=1002 tgid=3292 pid=3295 prio=94
          <idle>-0     [003] dn.3   676.604561: rtg_try_acquire_lock: rtg_acquire: comm=tau_rt_2 rtgid=1002 tgid=3291 pid=3297 prio=94
        tau_rt_1-3294  [000] ...1   676.617172: tracing_mark_write: gid=1002: job_start
        tau_rt_1-3294  [000] dn.3   676.637998: rtg_try_acquire_lock: rtg_preemptor: comm=deepPicar rtgid=1001 tgid=3245 pid=3245 prio=93
        tau_rt_1-3294  [000] dn.3   676.638001: rtg_try_acquire_lock: rtg_preemptee: comm=tau_rt_2 rtgid=1002 tgid=3291 pid=3297 prio=94
        tau_rt_4-3296  [005] dn.3   676.638012: rtg_try_acquire_lock: rtg_block: comm=tau_rt_4 rtgid=1002 tgid=3293 pid=3296 prio=94
        tau_rt_3-3295  [004] dn.3   676.638016: rtg_try_acquire_lock: rtg_block: comm=tau_rt_3 rtgid=1002 tgid=3292 pid=3295 prio=94
       deepPicar-3245  [000] ...1   676.638032: tracing_mark_write: gid=1001: job_start
       deepPicar-3245  [000] d..3   676.639201: rtg_try_release_lock: rtg_release: comm=deepPicar rtgid=1001 tgid=3245 pid=3245 prio=93
          <idle>-0     [004] dn.3   676.639204: rtg_try_acquire_lock: rtg_acquire: comm=tau_rt_3 rtgid=1002 tgid=3292 pid=3295 prio=94
       deepPicar-3245  [000] d..3   676.639207: rtg_try_acquire_lock: rtg_preemptor: comm=deepPicar rtgid=1001 tgid=3245 pid=3264 prio=93
       deepPicar-3245  [000] d..3   676.639208: rtg_try_acquire_lock: rtg_preemptee: comm=tau_rt_3 rtgid=1002 tgid=3292 pid=3295 prio=94
        tau_rt_3-3295  [004] dn.3   676.639211: rtg_try_acquire_lock: rtg_block: comm=tau_rt_3 rtgid=1002 tgid=3292 pid=3295 prio=94
        tau_rt_4-3296  [005] dn.3   676.639213: rtg_try_acquire_lock: rtg_block: comm=tau_rt_4 rtgid=1002 tgid=3293 pid=3296 prio=94
       deepPicar-3264  [000] d..3   676.640067: rtg_try_release_lock: rtg_release: comm=deepPicar rtgid=1001 tgid=3245 pid=3264 prio=93
          <idle>-0     [005] dn.3   676.640069: rtg_try_acquire_lock: rtg_acquire: comm=tau_rt_4 rtgid=1002 tgid=3293 pid=3296 prio=94
       deepPicar-3264  [000] d..3   676.640072: rtg_try_acquire_lock: rtg_preemptor: comm=deepPicar rtgid=1001 tgid=3245 pid=3253 prio=93
       deepPicar-3264  [000] d..3   676.640073: rtg_try_acquire_lock: rtg_preemptee: comm=tau_rt_4 rtgid=1002 tgid=3293 pid=3296 prio=94
        tau_rt_3-3295  [004] dn.3   676.640075: rtg_try_acquire_lock: rtg_block: comm=tau_rt_3 rtgid=1002 tgid=3292 pid=3295 prio=94
        tau_rt_4-3296  [005] dn.3   676.640077: rtg_try_acquire_lock: rtg_block: comm=tau_rt_4 rtgid=1002 tgid=3293 pid=3296 prio=94
       deepPicar-3245  [000] d..3   676.651200: rtg_try_acquire_lock: rtg_block: comm=tau_rt_1 rtgid=1002 tgid=3288 pid=3294 prio=94
       deepPicar-3257  [003] d..3   676.666835: rtg_try_release_lock: rtg_release: comm=deepPicar rtgid=1001 tgid=3248 pid=3257 prio=93
       deepPicar-3259  [005] dn.3   676.666839: rtg_try_acquire_lock: rtg_acquire: comm=deepPicar rtgid=1001 tgid=3250 pid=3250 prio=93
          <idle>-0     [000] dn.3   676.666843: rtg_try_acquire_lock: rtg_block: comm=tau_rt_1 rtgid=1002 tgid=3288 pid=3294 prio=94
       deepPicar-3249  [004] d..3   676.666957: rtg_try_release_lock: rtg_release: comm=deepPicar rtgid=1001 tgid=3249 pid=3249 prio=93
       deepPicar-3250  [005] d..3   676.666960: rtg_try_acquire_lock: rtg_acquire: comm=tau_rt_4 rtgid=1002 tgid=3293 pid=3296 prio=94
        tau_rt_4-3296  [005] d..3   676.678980: rtg_try_release_lock: rtg_release: comm=tau_rt_4 rtgid=1002 tgid=3293 pid=3296 prio=94
          <idle>-0     [003] dn.3   676.679562: rtg_try_acquire_lock: rtg_acquire: comm=tau_rt_2 rtgid=1002 tgid=3291 pid=3297 prio=94
        tau_rt_1-3294  [000] ...1   676.692169: tracing_mark_write: gid=1002: job_start
        tau_rt_1-3294  [000] dn.3   676.712998: rtg_try_acquire_lock: rtg_preemptor: comm=deepPicar rtgid=1001 tgid=3245 pid=3245 prio=93
        tau_rt_1-3294  [000] dn.3   676.713000: rtg_try_acquire_lock: rtg_preemptee: comm=tau_rt_2 rtgid=1002 tgid=3291 pid=3297 prio=94
        tau_rt_3-3295  [004] dn.3   676.713012: rtg_try_acquire_lock: rtg_block: comm=tau_rt_3 rtgid=1002 tgid=3292 pid=3295 prio=94
        tau_rt_4-3296  [005] dn.3   676.713015: rtg_try_acquire_lock: rtg_block: comm=tau_rt_4 rtgid=1002 tgid=3293 pid=3296 prio=94
       deepPicar-3245  [000] ...1   676.713033: tracing_mark_write: gid=1001: job_start
       deepPicar-3245  [000] d..3   676.714235: rtg_try_release_lock: rtg_release: comm=deepPicar rtgid=1001 tgid=3245 pid=3245 prio=93
          <idle>-0     [004] dn.3   676.714237: rtg_try_acquire_lock: rtg_acquire: comm=tau_rt_3 rtgid=1002 tgid=3292 pid=3295 prio=94
       deepPicar-3245  [000] d..3   676.714240: rtg_try_acquire_lock: rtg_preemptor: comm=deepPicar rtgid=1001 tgid=3245 pid=3265 prio=93
       deepPicar-3245  [000] d..3   676.714241: rtg_try_acquire_lock: rtg_preemptee: comm=tau_rt_3 rtgid=1002 tgid=3292 pid=3295 prio=94
        tau_rt_3-3295  [004] dn.3   676.714244: rtg_try_acquire_lock: rtg_block: comm=tau_rt_3 rtgid=1002 tgid=3292 pid=3295 prio=94
        tau_rt_4-3296  [005] dn.3   676.714245: rtg_try_acquire_lock: rtg_block: comm=tau_rt_4 rtgid=1002 tgid=3293 pid=3296 prio=94
       deepPicar-3265  [000] d..3   676.715168: rtg_try_release_lock: rtg_release: comm=deepPicar rtgid=1001 tgid=3245 pid=3265 prio=93
          <idle>-0     [005] dn.3   676.715171: rtg_try_acquire_lock: rtg_acquire: comm=tau_rt_4 rtgid=1002 tgid=3293 pid=3296 prio=94
       deepPicar-3265  [000] d..3   676.715173: rtg_try_acquire_lock: rtg_preemptor: comm=deepPicar rtgid=1001 tgid=3245 pid=3253 prio=93
       deepPicar-3265  [000] d..3   676.715174: rtg_try_acquire_lock: rtg_preemptee: comm=tau_rt_4 rtgid=1002 tgid=3293 pid=3296 prio=94
        tau_rt_3-3295  [004] dn.3   676.715176: rtg_try_acquire_lock: rtg_block: comm=tau_rt_3 rtgid=1002 tgid=3292 pid=3295 prio=94
        tau_rt_4-3296  [005] dn.3   676.715178: rtg_try_acquire_lock: rtg_block: comm=tau_rt_4 rtgid=1002 tgid=3293 pid=3296 prio=94
       deepPicar-3245  [000] d..3   676.726586: rtg_try_acquire_lock: rtg_block: comm=tau_rt_1 rtgid=1002 tgid=3288 pid=3294 prio=94
       deepPicar-3256  [004] d..3   676.742085: rtg_try_release_lock: rtg_release: comm=deepPicar rtgid=1001 tgid=3249 pid=3256 prio=93
       deepPicar-3257  [003] d..3   676.742089: rtg_try_acquire_lock: rtg_acquire: comm=deepPicar rtgid=1001 tgid=3248 pid=3248 prio=93
          <idle>-0     [000] dn.3   676.742093: rtg_try_acquire_lock: rtg_block: comm=tau_rt_1 rtgid=1002 tgid=3288 pid=3294 prio=94
       deepPicar-3250  [005] d..3   676.742204: rtg_try_release_lock: rtg_release: comm=deepPicar rtgid=1001 tgid=3250 pid=3250 prio=93
       deepPicar-3249  [004] d..3   676.742207: rtg_try_acquire_lock: rtg_acquire: comm=tau_rt_3 rtgid=1002 tgid=3292 pid=3295 prio=94
        tau_rt_3-3295  [004] d..3   676.754252: rtg_try_release_lock: rtg_release: comm=tau_rt_3 rtgid=1002 tgid=3292 pid=3295 prio=94
          <idle>-0     [003] dn.3   676.754560: rtg_try_acquire_lock: rtg_acquire: comm=tau_rt_2 rtgid=1002 tgid=3291 pid=3297 prio=94
        tau_rt_1-3294  [000] ...1   676.767171: tracing_mark_write: gid=1002: job_start
        tau_rt_1-3294  [000] dn.3   676.787990: rtg_try_acquire_lock: rtg_preemptor: comm=deepPicar rtgid=1001 tgid=3245 pid=3245 prio=93
        tau_rt_1-3294  [000] dn.3   676.787992: rtg_try_acquire_lock: rtg_preemptee: comm=tau_rt_2 rtgid=1002 tgid=3291 pid=3297 prio=94
        tau_rt_4-3296  [005] dn.3   676.788001: rtg_try_acquire_lock: rtg_block: comm=tau_rt_4 rtgid=1002 tgid=3293 pid=3296 prio=94
        tau_rt_3-3295  [004] dn.3   676.788005: rtg_try_acquire_lock: rtg_block: comm=tau_rt_3 rtgid=1002 tgid=3292 pid=3295 prio=94
       deepPicar-3245  [000] ...1   676.788022: tracing_mark_write: gid=1001: job_start
       deepPicar-3245  [000] d..3   676.789187: rtg_try_release_lock: rtg_release: comm=deepPicar rtgid=1001 tgid=3245 pid=3245 prio=93
          <idle>-0     [004] dn.3   676.789190: rtg_try_acquire_lock: rtg_acquire: comm=tau_rt_3 rtgid=1002 tgid=3292 pid=3295 prio=94
       deepPicar-3245  [000] d..3   676.789192: rtg_try_acquire_lock: rtg_preemptor: comm=deepPicar rtgid=1001 tgid=3245 pid=3266 prio=93
       deepPicar-3245  [000] d..3   676.789193: rtg_try_acquire_lock: rtg_preemptee: comm=tau_rt_3 rtgid=1002 tgid=3292 pid=3295 prio=94
        tau_rt_3-3295  [004] dn.3   676.789196: rtg_try_acquire_lock: rtg_block: comm=tau_rt_3 rtgid=1002 tgid=3292 pid=3295 prio=94
        tau_rt_4-3296  [005] dn.3   676.789197: rtg_try_acquire_lock: rtg_block: comm=tau_rt_4 rtgid=1002 tgid=3293 pid=3296 prio=94
       deepPicar-3266  [000] d..3   676.789962: rtg_try_release_lock: rtg_release: comm=deepPicar rtgid=1001 tgid=3245 pid=3266 prio=93
          <idle>-0     [004] dn.3   676.789964: rtg_try_acquire_lock: rtg_acquire: comm=tau_rt_3 rtgid=1002 tgid=3292 pid=3295 prio=94
       deepPicar-3266  [000] d..3   676.789966: rtg_try_acquire_lock: rtg_preemptor: comm=deepPicar rtgid=1001 tgid=3245 pid=3253 prio=93
       deepPicar-3266  [000] d..3   676.789967: rtg_try_acquire_lock: rtg_preemptee: comm=tau_rt_3 rtgid=1002 tgid=3292 pid=3295 prio=94
        tau_rt_3-3295  [004] dn.3   676.789969: rtg_try_acquire_lock: rtg_block: comm=tau_rt_3 rtgid=1002 tgid=3292 pid=3295 prio=94
        tau_rt_4-3296  [005] dn.3   676.789971: rtg_try_acquire_lock: rtg_block: comm=tau_rt_4 rtgid=1002 tgid=3293 pid=3296 prio=94
       deepPicar-3245  [000] d..3   676.801243: rtg_try_acquire_lock: rtg_block: comm=tau_rt_1 rtgid=1002 tgid=3288 pid=3294 prio=94
       deepPicar-3248  [003] d..3   676.816887: rtg_try_release_lock: rtg_release: comm=deepPicar rtgid=1001 tgid=3248 pid=3248 prio=93
       deepPicar-3249  [004] dn.3   676.816892: rtg_try_acquire_lock: rtg_acquire: comm=tau_rt_3 rtgid=1002 tgid=3292 pid=3295 prio=94
        tau_rt_3-3295  [004] d..3   676.828958: rtg_try_release_lock: rtg_release: comm=tau_rt_3 rtgid=1002 tgid=3292 pid=3295 prio=94
          <idle>-0     [003] dn.3   676.829559: rtg_try_acquire_lock: rtg_acquire: comm=tau_rt_2 rtgid=1002 tgid=3291 pid=3297 prio=94
        tau_rt_1-3294  [000] ...1   676.842172: tracing_mark_write: gid=1002: job_start
        tau_rt_1-3294  [000] dn.3   676.862998: rtg_try_acquire_lock: rtg_preemptor: comm=deepPicar rtgid=1001 tgid=3245 pid=3245 prio=93
        tau_rt_1-3294  [000] dn.3   676.863001: rtg_try_acquire_lock: rtg_preemptee: comm=tau_rt_2 rtgid=1002 tgid=3291 pid=3297 prio=94
        tau_rt_4-3296  [005] dn.3   676.863012: rtg_try_acquire_lock: rtg_block: comm=tau_rt_4 rtgid=1002 tgid=3293 pid=3296 prio=94
        tau_rt_3-3295  [004] dn.3   676.863015: rtg_try_acquire_lock: rtg_block: comm=tau_rt_3 rtgid=1002 tgid=3292 pid=3295 prio=94
       deepPicar-3245  [000] ...1   676.863033: tracing_mark_write: gid=1001: job_start
       deepPicar-3245  [000] d..3   676.864225: rtg_try_release_lock: rtg_release: comm=deepPicar rtgid=1001 tgid=3245 pid=3245 prio=93
          <idle>-0     [004] dn.3   676.864228: rtg_try_acquire_lock: rtg_acquire: comm=tau_rt_3 rtgid=1002 tgid=3292 pid=3295 prio=94
       deepPicar-3245  [000] d..3   676.864231: rtg_try_acquire_lock: rtg_preemptor: comm=deepPicar rtgid=1001 tgid=3245 pid=3261 prio=93
       deepPicar-3245  [000] d..3   676.864232: rtg_try_acquire_lock: rtg_preemptee: comm=tau_rt_3 rtgid=1002 tgid=3292 pid=3295 prio=94
        tau_rt_3-3295  [004] dn.3   676.864235: rtg_try_acquire_lock: rtg_block: comm=tau_rt_3 rtgid=1002 tgid=3292 pid=3295 prio=94
        tau_rt_4-3296  [005] dn.3   676.864236: rtg_try_acquire_lock: rtg_block: comm=tau_rt_4 rtgid=1002 tgid=3293 pid=3296 prio=94
       deepPicar-3261  [000] d..3   676.865113: rtg_try_release_lock: rtg_release: comm=deepPicar rtgid=1001 tgid=3245 pid=3261 prio=93
          <idle>-0     [004] dn.3   676.865115: rtg_try_acquire_lock: rtg_acquire: comm=tau_rt_3 rtgid=1002 tgid=3292 pid=3295 prio=94
       deepPicar-3261  [000] d..3   676.865116: rtg_try_acquire_lock: rtg_preemptor: comm=deepPicar rtgid=1001 tgid=3245 pid=3253 prio=93
       deepPicar-3261  [000] d..3   676.865117: rtg_try_acquire_lock: rtg_preemptee: comm=tau_rt_3 rtgid=1002 tgid=3292 pid=3295 prio=94
        tau_rt_3-3295  [004] dn.3   676.865120: rtg_try_acquire_lock: rtg_block: comm=tau_rt_3 rtgid=1002 tgid=3292 pid=3295 prio=94
        tau_rt_4-3296  [005] dn.3   676.865121: rtg_try_acquire_lock: rtg_block: comm=tau_rt_4 rtgid=1002 tgid=3293 pid=3296 prio=94
       deepPicar-3245  [000] d..3   676.876543: rtg_try_acquire_lock: rtg_block: comm=tau_rt_1 rtgid=1002 tgid=3288 pid=3294 prio=94
       deepPicar-3257  [003] d..3   676.891982: rtg_try_release_lock: rtg_release: comm=deepPicar rtgid=1001 tgid=3248 pid=3257 prio=93
       deepPicar-3256  [004] dn.3   676.891986: rtg_try_acquire_lock: rtg_acquire: comm=deepPicar rtgid=1001 tgid=3249 pid=3249 prio=93
          <idle>-0     [000] dn.3   676.891996: rtg_try_acquire_lock: rtg_block: comm=tau_rt_1 rtgid=1002 tgid=3288 pid=3294 prio=94
       deepPicar-3249  [004] d..3   676.892102: rtg_try_release_lock: rtg_release: comm=deepPicar rtgid=1001 tgid=3249 pid=3249 prio=93
       deepPicar-3250  [005] d..3   676.892105: rtg_try_acquire_lock: rtg_acquire: comm=tau_rt_4 rtgid=1002 tgid=3293 pid=3296 prio=94
        tau_rt_4-3296  [005] d..3   676.904096: rtg_try_release_lock: rtg_release: comm=tau_rt_4 rtgid=1002 tgid=3293 pid=3296 prio=94
          <idle>-0     [003] dn.3   676.904560: rtg_try_acquire_lock: rtg_acquire: comm=tau_rt_2 rtgid=1002 tgid=3291 pid=3297 prio=94
        tau_rt_1-3294  [000] ...1   676.917171: tracing_mark_write: gid=1002: job_start
        tau_rt_1-3294  [000] dn.3   676.937997: rtg_try_acquire_lock: rtg_preemptor: comm=deepPicar rtgid=1001 tgid=3245 pid=3245 prio=93
        tau_rt_1-3294  [000] dn.3   676.938000: rtg_try_acquire_lock: rtg_preemptee: comm=tau_rt_2 rtgid=1002 tgid=3291 pid=3297 prio=94
        tau_rt_3-3295  [004] dn.3   676.938011: rtg_try_acquire_lock: rtg_block: comm=tau_rt_3 rtgid=1002 tgid=3292 pid=3295 prio=94
        tau_rt_4-3296  [005] dn.3   676.938015: rtg_try_acquire_lock: rtg_block: comm=tau_rt_4 rtgid=1002 tgid=3293 pid=3296 prio=94
       deepPicar-3245  [000] ...1   676.938032: tracing_mark_write: gid=1001: job_start
       deepPicar-3245  [000] d..3   676.939195: rtg_try_release_lock: rtg_release: comm=deepPicar rtgid=1001 tgid=3245 pid=3245 prio=93
          <idle>-0     [005] dn.3   676.939199: rtg_try_acquire_lock: rtg_acquire: comm=tau_rt_4 rtgid=1002 tgid=3293 pid=3296 prio=94
       deepPicar-3245  [000] d..3   676.939202: rtg_try_acquire_lock: rtg_preemptor: comm=deepPicar rtgid=1001 tgid=3245 pid=3262 prio=93
       deepPicar-3245  [000] d..3   676.939203: rtg_try_acquire_lock: rtg_preemptee: comm=tau_rt_4 rtgid=1002 tgid=3293 pid=3296 prio=94
        tau_rt_3-3295  [004] dn.3   676.939205: rtg_try_acquire_lock: rtg_block: comm=tau_rt_3 rtgid=1002 tgid=3292 pid=3295 prio=94
        tau_rt_4-3296  [005] dn.3   676.939207: rtg_try_acquire_lock: rtg_block: comm=tau_rt_4 rtgid=1002 tgid=3293 pid=3296 prio=94
       deepPicar-3262  [000] d..3   676.939938: rtg_try_release_lock: rtg_release: comm=deepPicar rtgid=1001 tgid=3245 pid=3262 prio=93
          <idle>-0     [004] dn.3   676.939940: rtg_try_acquire_lock: rtg_acquire: comm=tau_rt_3 rtgid=1002 tgid=3292 pid=3295 prio=94
       deepPicar-3262  [000] d..3   676.939942: rtg_try_acquire_lock: rtg_preemptor: comm=deepPicar rtgid=1001 tgid=3245 pid=3253 prio=93
       deepPicar-3262  [000] d..3   676.939943: rtg_try_acquire_lock: rtg_preemptee: comm=tau_rt_3 rtgid=1002 tgid=3292 pid=3295 prio=94
        tau_rt_3-3295  [004] dn.3   676.939946: rtg_try_acquire_lock: rtg_block: comm=tau_rt_3 rtgid=1002 tgid=3292 pid=3295 prio=94
        tau_rt_4-3296  [005] dn.3   676.939947: rtg_try_acquire_lock: rtg_block: comm=tau_rt_4 rtgid=1002 tgid=3293 pid=3296 prio=94
       deepPicar-3245  [000] d..3   676.951026: rtg_try_acquire_lock: rtg_block: comm=tau_rt_1 rtgid=1002 tgid=3288 pid=3294 prio=94
       deepPicar-3257  [003] d..3   676.966687: rtg_try_release_lock: rtg_release: comm=deepPicar rtgid=1001 tgid=3248 pid=3257 prio=93
       deepPicar-3259  [005] dn.3   676.966691: rtg_try_acquire_lock: rtg_acquire: comm=deepPicar rtgid=1001 tgid=3250 pid=3250 prio=93
          <idle>-0     [000] dn.3   676.966695: rtg_try_acquire_lock: rtg_block: comm=tau_rt_1 rtgid=1002 tgid=3288 pid=3294 prio=94
       deepPicar-3248  [003] d..3   676.966807: rtg_try_release_lock: rtg_release: comm=deepPicar rtgid=1001 tgid=3248 pid=3248 prio=93
       deepPicar-3249  [004] d..3   676.966810: rtg_try_acquire_lock: rtg_acquire: comm=tau_rt_3 rtgid=1002 tgid=3292 pid=3295 prio=94
        tau_rt_3-3295  [004] d..3   676.978904: rtg_try_release_lock: rtg_release: comm=tau_rt_3 rtgid=1002 tgid=3292 pid=3295 prio=94
          <idle>-0     [003] dn.3   676.979560: rtg_try_acquire_lock: rtg_acquire: comm=tau_rt_2 rtgid=1002 tgid=3291 pid=3297 prio=94
        tau_rt_1-3294  [000] ...1   676.992166: tracing_mark_write: gid=1002: job_start
        tau_rt_1-3294  [000] dn.3   677.012994: rtg_try_acquire_lock: rtg_preemptor: comm=deepPicar rtgid=1001 tgid=3245 pid=3245 prio=93
        tau_rt_1-3294  [000] dn.3   677.012997: rtg_try_acquire_lock: rtg_preemptee: comm=tau_rt_2 rtgid=1002 tgid=3291 pid=3297 prio=94
        tau_rt_3-3295  [004] dn.3   677.013008: rtg_try_acquire_lock: rtg_block: comm=tau_rt_3 rtgid=1002 tgid=3292 pid=3295 prio=94
        tau_rt_4-3296  [005] dn.3   677.013012: rtg_try_acquire_lock: rtg_block: comm=tau_rt_4 rtgid=1002 tgid=3293 pid=3296 prio=94
       deepPicar-3245  [000] ...1   677.013031: tracing_mark_write: gid=1001: job_start
       deepPicar-3245  [000] d..3   677.014216: rtg_try_release_lock: rtg_release: comm=deepPicar rtgid=1001 tgid=3245 pid=3245 prio=93
          <idle>-0     [004] dn.3   677.014219: rtg_try_acquire_lock: rtg_acquire: comm=tau_rt_3 rtgid=1002 tgid=3292 pid=3295 prio=94
       deepPicar-3245  [000] d..3   677.014222: rtg_try_acquire_lock: rtg_preemptor: comm=deepPicar rtgid=1001 tgid=3245 pid=3263 prio=93
       deepPicar-3245  [000] d..3   677.014223: rtg_try_acquire_lock: rtg_preemptee: comm=tau_rt_3 rtgid=1002 tgid=3292 pid=3295 prio=94
        tau_rt_3-3295  [004] dn.3   677.014226: rtg_try_acquire_lock: rtg_block: comm=tau_rt_3 rtgid=1002 tgid=3292 pid=3295 prio=94
        tau_rt_4-3296  [005] dn.3   677.014228: rtg_try_acquire_lock: rtg_block: comm=tau_rt_4 rtgid=1002 tgid=3293 pid=3296 prio=94
       deepPicar-3263  [000] d..3   677.014999: rtg_try_release_lock: rtg_release: comm=deepPicar rtgid=1001 tgid=3245 pid=3263 prio=93
          <idle>-0     [005] dn.3   677.015002: rtg_try_acquire_lock: rtg_acquire: comm=tau_rt_4 rtgid=1002 tgid=3293 pid=3296 prio=94
       deepPicar-3263  [000] d..3   677.015004: rtg_try_acquire_lock: rtg_preemptor: comm=deepPicar rtgid=1001 tgid=3245 pid=3253 prio=93
       deepPicar-3263  [000] d..3   677.015005: rtg_try_acquire_lock: rtg_preemptee: comm=tau_rt_4 rtgid=1002 tgid=3293 pid=3296 prio=94
        tau_rt_3-3295  [004] dn.3   677.015008: rtg_try_acquire_lock: rtg_block: comm=tau_rt_3 rtgid=1002 tgid=3292 pid=3295 prio=94
        tau_rt_4-3296  [005] dn.3   677.015010: rtg_try_acquire_lock: rtg_block: comm=tau_rt_4 rtgid=1002 tgid=3293 pid=3296 prio=94
       deepPicar-3245  [000] d..3   677.026361: rtg_try_acquire_lock: rtg_block: comm=tau_rt_1 rtgid=1002 tgid=3288 pid=3294 prio=94
       deepPicar-3257  [003] d..3   677.041867: rtg_try_release_lock: rtg_release: comm=deepPicar rtgid=1001 tgid=3248 pid=3257 prio=93
       deepPicar-3259  [005] dn.3   677.041871: rtg_try_acquire_lock: rtg_acquire: comm=deepPicar rtgid=1001 tgid=3250 pid=3250 prio=93
          <idle>-0     [000] dn.3   677.041875: rtg_try_acquire_lock: rtg_block: comm=tau_rt_1 rtgid=1002 tgid=3288 pid=3294 prio=94
       deepPicar-3249  [004] d..3   677.041986: rtg_try_release_lock: rtg_release: comm=deepPicar rtgid=1001 tgid=3249 pid=3249 prio=93
       deepPicar-3250  [005] d..3   677.041989: rtg_try_acquire_lock: rtg_acquire: comm=tau_rt_4 rtgid=1002 tgid=3293 pid=3296 prio=94
        tau_rt_3-3295  [004] d..3   677.054142: rtg_try_release_lock: rtg_release: comm=tau_rt_3 rtgid=1002 tgid=3292 pid=3295 prio=94
          <idle>-0     [003] dn.3   677.054560: rtg_try_acquire_lock: rtg_acquire: comm=tau_rt_2 rtgid=1002 tgid=3291 pid=3297 prio=94
        tau_rt_1-3294  [000] ...1   677.067172: tracing_mark_write: gid=1002: job_start
        tau_rt_1-3294  [000] dn.3   677.087992: rtg_try_acquire_lock: rtg_preemptor: comm=deepPicar rtgid=1001 tgid=3245 pid=3245 prio=93
        tau_rt_1-3294  [000] dn.3   677.087995: rtg_try_acquire_lock: rtg_preemptee: comm=tau_rt_2 rtgid=1002 tgid=3291 pid=3297 prio=94
        tau_rt_3-3295  [004] dn.3   677.088004: rtg_try_acquire_lock: rtg_block: comm=tau_rt_3 rtgid=1002 tgid=3292 pid=3295 prio=94
        tau_rt_4-3296  [005] dn.3   677.088007: rtg_try_acquire_lock: rtg_block: comm=tau_rt_4 rtgid=1002 tgid=3293 pid=3296 prio=94
       deepPicar-3245  [000] ...1   677.088025: tracing_mark_write: gid=1001: job_start
       deepPicar-3245  [000] d..3   677.089180: rtg_try_release_lock: rtg_release: comm=deepPicar rtgid=1001 tgid=3245 pid=3245 prio=93
          <idle>-0     [004] dn.3   677.089184: rtg_try_acquire_lock: rtg_acquire: comm=tau_rt_3 rtgid=1002 tgid=3292 pid=3295 prio=94
       deepPicar-3245  [000] d..3   677.089187: rtg_try_acquire_lock: rtg_preemptor: comm=deepPicar rtgid=1001 tgid=3245 pid=3264 prio=93
       deepPicar-3245  [000] d..3   677.089187: rtg_try_acquire_lock: rtg_preemptee: comm=tau_rt_3 rtgid=1002 tgid=3292 pid=3295 prio=94
        tau_rt_3-3295  [004] dn.3   677.089190: rtg_try_acquire_lock: rtg_block: comm=tau_rt_3 rtgid=1002 tgid=3292 pid=3295 prio=94
        tau_rt_4-3296  [005] dn.3   677.089192: rtg_try_acquire_lock: rtg_block: comm=tau_rt_4 rtgid=1002 tgid=3293 pid=3296 prio=94
       deepPicar-3264  [000] d..3   677.089943: rtg_try_release_lock: rtg_release: comm=deepPicar rtgid=1001 tgid=3245 pid=3264 prio=93
          <idle>-0     [005] dn.3   677.089945: rtg_try_acquire_lock: rtg_acquire: comm=tau_rt_4 rtgid=1002 tgid=3293 pid=3296 prio=94
       deepPicar-3264  [000] d..3   677.089947: rtg_try_acquire_lock: rtg_preemptor: comm=deepPicar rtgid=1001 tgid=3245 pid=3253 prio=93
       deepPicar-3264  [000] d..3   677.089948: rtg_try_acquire_lock: rtg_preemptee: comm=tau_rt_4 rtgid=1002 tgid=3293 pid=3296 prio=94
        tau_rt_3-3295  [004] dn.3   677.089952: rtg_try_acquire_lock: rtg_block: comm=tau_rt_3 rtgid=1002 tgid=3292 pid=3295 prio=94
        tau_rt_4-3296  [005] dn.3   677.089953: rtg_try_acquire_lock: rtg_block: comm=tau_rt_4 rtgid=1002 tgid=3293 pid=3296 prio=94
       deepPicar-3245  [000] d..3   677.101141: rtg_try_acquire_lock: rtg_block: comm=tau_rt_1 rtgid=1002 tgid=3288 pid=3294 prio=94
       deepPicar-3256  [004] d..3   677.116745: rtg_try_release_lock: rtg_release: comm=deepPicar rtgid=1001 tgid=3249 pid=3256 prio=93
          <idle>-0     [005] dn.3   677.116749: rtg_try_acquire_lock: rtg_acquire: comm=tau_rt_4 rtgid=1002 tgid=3293 pid=3296 prio=94
       deepPicar-3256  [004] d..3   677.116752: rtg_try_acquire_lock: rtg_preemptor: comm=deepPicar rtgid=1001 tgid=3249 pid=3249 prio=93
       deepPicar-3256  [004] d..3   677.116753: rtg_try_acquire_lock: rtg_preemptee: comm=tau_rt_4 rtgid=1002 tgid=3293 pid=3296 prio=94
        tau_rt_4-3296  [005] dn.3   677.116757: rtg_try_acquire_lock: rtg_block: comm=tau_rt_4 rtgid=1002 tgid=3293 pid=3296 prio=94
        tau_rt_1-3294  [000] dn.3   677.116759: rtg_try_acquire_lock: rtg_block: comm=tau_rt_1 rtgid=1002 tgid=3288 pid=3294 prio=94
       deepPicar-3249  [004] d..3   677.116841: rtg_try_release_lock: rtg_release: comm=deepPicar rtgid=1001 tgid=3249 pid=3249 prio=93
          <idle>-0     [000] dn.3   677.116843: rtg_try_acquire_lock: rtg_acquire: comm=tau_rt_1 rtgid=1002 tgid=3288 pid=3294 prio=94
        tau_rt_4-3296  [005] d..3   677.128915: rtg_try_release_lock: rtg_release: comm=tau_rt_4 rtgid=1002 tgid=3293 pid=3296 prio=94
          <idle>-0     [003] dn.3   677.129559: rtg_try_acquire_lock: rtg_acquire: comm=tau_rt_2 rtgid=1002 tgid=3291 pid=3297 prio=94
        tau_rt_1-3294  [000] ...1   677.142176: tracing_mark_write: gid=1002: job_start
        tau_rt_1-3294  [000] dn.3   677.162998: rtg_try_acquire_lock: rtg_preemptor: comm=deepPicar rtgid=1001 tgid=3245 pid=3245 prio=93
        tau_rt_1-3294  [000] dn.3   677.163001: rtg_try_acquire_lock: rtg_preemptee: comm=tau_rt_2 rtgid=1002 tgid=3291 pid=3297 prio=94
        tau_rt_4-3296  [005] dn.3   677.163011: rtg_try_acquire_lock: rtg_block: comm=tau_rt_4 rtgid=1002 tgid=3293 pid=3296 prio=94
        tau_rt_3-3295  [004] dn.3   677.163015: rtg_try_acquire_lock: rtg_block: comm=tau_rt_3 rtgid=1002 tgid=3292 pid=3295 prio=94
       deepPicar-3245  [000] ...1   677.163033: tracing_mark_write: gid=1001: job_start
       deepPicar-3245  [000] d..3   677.164241: rtg_try_release_lock: rtg_release: comm=deepPicar rtgid=1001 tgid=3245 pid=3245 prio=93
          <idle>-0     [004] dn.3   677.164244: rtg_try_acquire_lock: rtg_acquire: comm=tau_rt_3 rtgid=1002 tgid=3292 pid=3295 prio=94
       deepPicar-3245  [000] d..3   677.164247: rtg_try_acquire_lock: rtg_preemptor: comm=deepPicar rtgid=1001 tgid=3245 pid=3265 prio=93
       deepPicar-3245  [000] d..3   677.164248: rtg_try_acquire_lock: rtg_preemptee: comm=tau_rt_3 rtgid=1002 tgid=3292 pid=3295 prio=94
        tau_rt_3-3295  [004] dn.3   677.164251: rtg_try_acquire_lock: rtg_block: comm=tau_rt_3 rtgid=1002 tgid=3292 pid=3295 prio=94
        tau_rt_4-3296  [005] dn.3   677.164252: rtg_try_acquire_lock: rtg_block: comm=tau_rt_4 rtgid=1002 tgid=3293 pid=3296 prio=94
       deepPicar-3265  [000] d..3   677.165017: rtg_try_release_lock: rtg_release: comm=deepPicar rtgid=1001 tgid=3245 pid=3265 prio=93
          <idle>-0     [004] dn.3   677.165019: rtg_try_acquire_lock: rtg_acquire: comm=tau_rt_3 rtgid=1002 tgid=3292 pid=3295 prio=94
       deepPicar-3265  [000] d..3   677.165021: rtg_try_acquire_lock: rtg_preemptor: comm=deepPicar rtgid=1001 tgid=3245 pid=3253 prio=93
       deepPicar-3265  [000] d..3   677.165022: rtg_try_acquire_lock: rtg_preemptee: comm=tau_rt_3 rtgid=1002 tgid=3292 pid=3295 prio=94
        tau_rt_3-3295  [004] dn.3   677.165024: rtg_try_acquire_lock: rtg_block: comm=tau_rt_3 rtgid=1002 tgid=3292 pid=3295 prio=94
        tau_rt_4-3296  [005] dn.3   677.165026: rtg_try_acquire_lock: rtg_block: comm=tau_rt_4 rtgid=1002 tgid=3293 pid=3296 prio=94
       deepPicar-3245  [000] d..3   677.176443: rtg_try_acquire_lock: rtg_block: comm=tau_rt_1 rtgid=1002 tgid=3288 pid=3294 prio=94
       deepPicar-3249  [004] d..3   677.191787: rtg_try_release_lock: rtg_release: comm=deepPicar rtgid=1001 tgid=3249 pid=3249 prio=93
          <idle>-0     [000] dn.3   677.191790: rtg_try_acquire_lock: rtg_acquire: comm=tau_rt_1 rtgid=1002 tgid=3288 pid=3294 prio=94
        tau_rt_3-3295  [004] d..3   677.199984: rtg_try_release_lock: rtg_release: comm=tau_rt_3 rtgid=1002 tgid=3292 pid=3295 prio=94
          <idle>-0     [003] dn.3   677.204562: rtg_try_acquire_lock: rtg_acquire: comm=tau_rt_2 rtgid=1002 tgid=3291 pid=3297 prio=94
        tau_rt_1-3294  [000] ...1   677.217170: tracing_mark_write: gid=1002: job_start
        tau_rt_1-3294  [000] dn.3   677.237994: rtg_try_acquire_lock: rtg_preemptor: comm=deepPicar rtgid=1001 tgid=3245 pid=3245 prio=93
        tau_rt_1-3294  [000] dn.3   677.237997: rtg_try_acquire_lock: rtg_preemptee: comm=tau_rt_2 rtgid=1002 tgid=3291 pid=3297 prio=94
        tau_rt_3-3295  [004] dn.3   677.238005: rtg_try_acquire_lock: rtg_block: comm=tau_rt_3 rtgid=1002 tgid=3292 pid=3295 prio=94
       deepPicar-3245  [000] ...1   677.238025: tracing_mark_write: gid=1001: job_start
       deepPicar-3245  [000] d..3   677.239192: rtg_try_release_lock: rtg_release: comm=deepPicar rtgid=1001 tgid=3245 pid=3245 prio=93
          <idle>-0     [004] dn.3   677.239196: rtg_try_acquire_lock: rtg_acquire: comm=tau_rt_3 rtgid=1002 tgid=3292 pid=3295 prio=94
       deepPicar-3245  [000] d..3   677.239198: rtg_try_acquire_lock: rtg_preemptor: comm=deepPicar rtgid=1001 tgid=3245 pid=3266 prio=93
       deepPicar-3245  [000] d..3   677.239199: rtg_try_acquire_lock: rtg_preemptee: comm=tau_rt_3 rtgid=1002 tgid=3292 pid=3295 prio=94
        tau_rt_3-3295  [004] dn.3   677.239202: rtg_try_acquire_lock: rtg_block: comm=tau_rt_3 rtgid=1002 tgid=3292 pid=3295 prio=94
       deepPicar-3266  [000] d..3   677.239933: rtg_try_release_lock: rtg_release: comm=deepPicar rtgid=1001 tgid=3245 pid=3266 prio=93
          <idle>-0     [004] dn.3   677.239934: rtg_try_acquire_lock: rtg_acquire: comm=tau_rt_3 rtgid=1002 tgid=3292 pid=3295 prio=94
       deepPicar-3266  [000] d..3   677.239936: rtg_try_acquire_lock: rtg_preemptor: comm=deepPicar rtgid=1001 tgid=3245 pid=3253 prio=93
       deepPicar-3266  [000] d..3   677.239937: rtg_try_acquire_lock: rtg_preemptee: comm=tau_rt_3 rtgid=1002 tgid=3292 pid=3295 prio=94
        tau_rt_3-3295  [004] dn.3   677.239940: rtg_try_acquire_lock: rtg_block: comm=tau_rt_3 rtgid=1002 tgid=3292 pid=3295 prio=94
       deepPicar-3245  [000] d..3   677.251033: rtg_try_acquire_lock: rtg_block: comm=tau_rt_1 rtgid=1002 tgid=3288 pid=3294 prio=94
       deepPicar-3248  [003] d..3   677.266769: rtg_try_release_lock: rtg_release: comm=deepPicar rtgid=1001 tgid=3248 pid=3248 prio=93
       deepPicar-3249  [004] dn.3   677.266774: rtg_try_acquire_lock: rtg_acquire: comm=tau_rt_3 rtgid=1002 tgid=3292 pid=3295 prio=94
        tau_rt_1-3294  [000] ...1   677.292171: tracing_mark_write: gid=1002: job_start
        tau_rt_1-3294  [000] dn.3   677.312993: rtg_try_acquire_lock: rtg_preemptor: comm=deepPicar rtgid=1001 tgid=3245 pid=3245 prio=93
        tau_rt_1-3294  [000] dn.3   677.312996: rtg_try_acquire_lock: rtg_preemptee: comm=tau_rt_3 rtgid=1002 tgid=3292 pid=3295 prio=94
        tau_rt_3-3295  [004] dn.3   677.313007: rtg_try_acquire_lock: rtg_block: comm=tau_rt_3 rtgid=1002 tgid=3292 pid=3295 prio=94
        tau_rt_4-3296  [005] dn.3   677.313010: rtg_try_acquire_lock: rtg_block: comm=tau_rt_4 rtgid=1002 tgid=3293 pid=3296 prio=94
       deepPicar-3245  [000] ...1   677.313027: tracing_mark_write: gid=1001: job_start
       deepPicar-3245  [000] d..3   677.314198: rtg_try_release_lock: rtg_release: comm=deepPicar rtgid=1001 tgid=3245 pid=3245 prio=93
          <idle>-0     [004] dn.3   677.314201: rtg_try_acquire_lock: rtg_acquire: comm=tau_rt_3 rtgid=1002 tgid=3292 pid=3295 prio=94
       deepPicar-3245  [000] d..3   677.314204: rtg_try_acquire_lock: rtg_preemptor: comm=deepPicar rtgid=1001 tgid=3245 pid=3261 prio=93
       deepPicar-3245  [000] d..3   677.314205: rtg_try_acquire_lock: rtg_preemptee: comm=tau_rt_3 rtgid=1002 tgid=3292 pid=3295 prio=94
        tau_rt_4-3296  [005] dn.3   677.314210: rtg_try_acquire_lock: rtg_block: comm=tau_rt_4 rtgid=1002 tgid=3293 pid=3296 prio=94
        tau_rt_3-3295  [004] dn.3   677.314211: rtg_try_acquire_lock: rtg_block: comm=tau_rt_3 rtgid=1002 tgid=3292 pid=3295 prio=94
       deepPicar-3261  [000] d..3   677.315135: rtg_try_release_lock: rtg_release: comm=deepPicar rtgid=1001 tgid=3245 pid=3261 prio=93
          <idle>-0     [005] dn.3   677.315137: rtg_try_acquire_lock: rtg_acquire: comm=tau_rt_4 rtgid=1002 tgid=3293 pid=3296 prio=94
       deepPicar-3261  [000] d..3   677.315140: rtg_try_acquire_lock: rtg_preemptor: comm=deepPicar rtgid=1001 tgid=3245 pid=3253 prio=93
       deepPicar-3261  [000] d..3   677.315140: rtg_try_acquire_lock: rtg_preemptee: comm=tau_rt_4 rtgid=1002 tgid=3293 pid=3296 prio=94
        tau_rt_3-3295  [004] dn.3   677.315143: rtg_try_acquire_lock: rtg_block: comm=tau_rt_3 rtgid=1002 tgid=3292 pid=3295 prio=94
        tau_rt_4-3296  [005] dn.3   677.315145: rtg_try_acquire_lock: rtg_block: comm=tau_rt_4 rtgid=1002 tgid=3293 pid=3296 prio=94
       deepPicar-3245  [000] d..3   677.326595: rtg_try_acquire_lock: rtg_block: comm=tau_rt_1 rtgid=1002 tgid=3288 pid=3294 prio=94
       deepPicar-3256  [004] d..3   677.341988: rtg_try_release_lock: rtg_release: comm=deepPicar rtgid=1001 tgid=3249 pid=3256 prio=93
       deepPicar-3257  [003] d..3   677.341992: rtg_try_acquire_lock: rtg_acquire: comm=deepPicar rtgid=1001 tgid=3248 pid=3248 prio=93
          <idle>-0     [000] dn.3   677.341997: rtg_try_acquire_lock: rtg_block: comm=tau_rt_1 rtgid=1002 tgid=3288 pid=3294 prio=94
       deepPicar-3249  [004] d..3   677.342109: rtg_try_release_lock: rtg_release: comm=deepPicar rtgid=1001 tgid=3249 pid=3249 prio=93
       deepPicar-3250  [005] d..3   677.342112: rtg_try_acquire_lock: rtg_acquire: comm=tau_rt_4 rtgid=1002 tgid=3293 pid=3296 prio=94
        tau_rt_1-3294  [000] ...1   677.367170: tracing_mark_write: gid=1002: job_start
        tau_rt_1-3294  [000] dn.3   677.387993: rtg_try_acquire_lock: rtg_preemptor: comm=deepPicar rtgid=1001 tgid=3245 pid=3245 prio=93
        tau_rt_1-3294  [000] dn.3   677.387996: rtg_try_acquire_lock: rtg_preemptee: comm=tau_rt_4 rtgid=1002 tgid=3293 pid=3296 prio=94
        tau_rt_3-3295  [004] dn.3   677.388006: rtg_try_acquire_lock: rtg_block: comm=tau_rt_3 rtgid=1002 tgid=3292 pid=3295 prio=94
        tau_rt_4-3296  [005] dn.3   677.388009: rtg_try_acquire_lock: rtg_block: comm=tau_rt_4 rtgid=1002 tgid=3293 pid=3296 prio=94
       deepPicar-3245  [000] ...1   677.388026: tracing_mark_write: gid=1001: job_start
       deepPicar-3245  [000] d..3   677.389205: rtg_try_release_lock: rtg_release: comm=deepPicar rtgid=1001 tgid=3245 pid=3245 prio=93
          <idle>-0     [004] dn.3   677.389208: rtg_try_acquire_lock: rtg_acquire: comm=tau_rt_3 rtgid=1002 tgid=3292 pid=3295 prio=94
       deepPicar-3245  [000] d..3   677.389211: rtg_try_acquire_lock: rtg_preemptor: comm=deepPicar rtgid=1001 tgid=3245 pid=3262 prio=93
       deepPicar-3245  [000] d..3   677.389212: rtg_try_acquire_lock: rtg_preemptee: comm=tau_rt_3 rtgid=1002 tgid=3292 pid=3295 prio=94
        tau_rt_3-3295  [004] dn.3   677.389215: rtg_try_acquire_lock: rtg_block: comm=tau_rt_3 rtgid=1002 tgid=3292 pid=3295 prio=94
        tau_rt_4-3296  [005] dn.3   677.389216: rtg_try_acquire_lock: rtg_block: comm=tau_rt_4 rtgid=1002 tgid=3293 pid=3296 prio=94
       deepPicar-3262  [000] d..3   677.389946: rtg_try_release_lock: rtg_release: comm=deepPicar rtgid=1001 tgid=3245 pid=3262 prio=93
          <idle>-0     [004] dn.3   677.389948: rtg_try_acquire_lock: rtg_acquire: comm=tau_rt_3 rtgid=1002 tgid=3292 pid=3295 prio=94
       deepPicar-3262  [000] d..3   677.389951: rtg_try_acquire_lock: rtg_preemptor: comm=deepPicar rtgid=1001 tgid=3245 pid=3253 prio=93
       deepPicar-3262  [000] d..3   677.389951: rtg_try_acquire_lock: rtg_preemptee: comm=tau_rt_3 rtgid=1002 tgid=3292 pid=3295 prio=94
        tau_rt_3-3295  [004] dn.3   677.389954: rtg_try_acquire_lock: rtg_block: comm=tau_rt_3 rtgid=1002 tgid=3292 pid=3295 prio=94
        tau_rt_4-3296  [005] dn.3   677.389956: rtg_try_acquire_lock: rtg_block: comm=tau_rt_4 rtgid=1002 tgid=3293 pid=3296 prio=94
       deepPicar-3245  [000] d..3   677.401086: rtg_try_acquire_lock: rtg_block: comm=tau_rt_1 rtgid=1002 tgid=3288 pid=3294 prio=94
       deepPicar-3249  [004] d..3   677.416733: rtg_try_release_lock: rtg_release: comm=deepPicar rtgid=1001 tgid=3249 pid=3249 prio=93
          <idle>-0     [005] dn.3   677.416736: rtg_try_acquire_lock: rtg_acquire: comm=tau_rt_4 rtgid=1002 tgid=3293 pid=3296 prio=94
        tau_rt_4-3296  [005] d..3   677.428945: rtg_try_release_lock: rtg_release: comm=tau_rt_4 rtgid=1002 tgid=3293 pid=3296 prio=94
          <idle>-0     [003] dn.3   677.429561: rtg_try_acquire_lock: rtg_acquire: comm=tau_rt_2 rtgid=1002 tgid=3291 pid=3297 prio=94
        tau_rt_1-3294  [000] ...1   677.442170: tracing_mark_write: gid=1002: job_start
        tau_rt_1-3294  [000] dn.3   677.462997: rtg_try_acquire_lock: rtg_preemptor: comm=deepPicar rtgid=1001 tgid=3245 pid=3245 prio=93
        tau_rt_1-3294  [000] dn.3   677.463000: rtg_try_acquire_lock: rtg_preemptee: comm=tau_rt_2 rtgid=1002 tgid=3291 pid=3297 prio=94
        tau_rt_4-3296  [005] dn.3   677.463011: rtg_try_acquire_lock: rtg_block: comm=tau_rt_4 rtgid=1002 tgid=3293 pid=3296 prio=94
        tau_rt_3-3295  [004] dn.3   677.463014: rtg_try_acquire_lock: rtg_block: comm=tau_rt_3 rtgid=1002 tgid=3292 pid=3295 prio=94
       deepPicar-3245  [000] ...1   677.463033: tracing_mark_write: gid=1001: job_start
       deepPicar-3245  [000] d..3   677.464232: rtg_try_release_lock: rtg_release: comm=deepPicar rtgid=1001 tgid=3245 pid=3245 prio=93
          <idle>-0     [004] dn.3   677.464235: rtg_try_acquire_lock: rtg_acquire: comm=tau_rt_3 rtgid=1002 tgid=3292 pid=3295 prio=94
       deepPicar-3245  [000] d..3   677.464238: rtg_try_acquire_lock: rtg_preemptor: comm=deepPicar rtgid=1001 tgid=3245 pid=3263 prio=93
       deepPicar-3245  [000] d..3   677.464238: rtg_try_acquire_lock: rtg_preemptee: comm=tau_rt_3 rtgid=1002 tgid=3292 pid=3295 prio=94
        tau_rt_3-3295  [004] dn.3   677.464242: rtg_try_acquire_lock: rtg_block: comm=tau_rt_3 rtgid=1002 tgid=3292 pid=3295 prio=94
        tau_rt_4-3296  [005] dn.3   677.464244: rtg_try_acquire_lock: rtg_block: comm=tau_rt_4 rtgid=1002 tgid=3293 pid=3296 prio=94
       deepPicar-3263  [000] d..3   677.465003: rtg_try_release_lock: rtg_release: comm=deepPicar rtgid=1001 tgid=3245 pid=3263 prio=93
          <idle>-0     [004] dn.3   677.465004: rtg_try_acquire_lock: rtg_acquire: comm=tau_rt_3 rtgid=1002 tgid=3292 pid=3295 prio=94
       deepPicar-3263  [000] d..3   677.465006: rtg_try_acquire_lock: rtg_preemptor: comm=deepPicar rtgid=1001 tgid=3245 pid=3253 prio=93
       deepPicar-3263  [000] d..3   677.465007: rtg_try_acquire_lock: rtg_preemptee: comm=tau_rt_3 rtgid=1002 tgid=3292 pid=3295 prio=94
        tau_rt_3-3295  [004] dn.3   677.465010: rtg_try_acquire_lock: rtg_block: comm=tau_rt_3 rtgid=1002 tgid=3292 pid=3295 prio=94
        tau_rt_4-3296  [005] dn.3   677.465011: rtg_try_acquire_lock: rtg_block: comm=tau_rt_4 rtgid=1002 tgid=3293 pid=3296 prio=94
       deepPicar-3245  [000] d..3   677.476225: rtg_try_acquire_lock: rtg_block: comm=tau_rt_1 rtgid=1002 tgid=3288 pid=3294 prio=94
       deepPicar-3249  [004] d..3   677.491768: rtg_try_release_lock: rtg_release: comm=deepPicar rtgid=1001 tgid=3249 pid=3249 prio=93
       deepPicar-3250  [005] dn.3   677.491772: rtg_try_acquire_lock: rtg_acquire: comm=tau_rt_4 rtgid=1002 tgid=3293 pid=3296 prio=94
        tau_rt_4-3296  [005] d..3   677.503776: rtg_try_release_lock: rtg_release: comm=tau_rt_4 rtgid=1002 tgid=3293 pid=3296 prio=94
          <idle>-0     [003] dn.3   677.504564: rtg_try_acquire_lock: rtg_acquire: comm=tau_rt_2 rtgid=1002 tgid=3291 pid=3297 prio=94
        tau_rt_1-3294  [000] ...1   677.517168: tracing_mark_write: gid=1002: job_start
        tau_rt_1-3294  [000] dn.3   677.537997: rtg_try_acquire_lock: rtg_preemptor: comm=deepPicar rtgid=1001 tgid=3245 pid=3245 prio=93
        tau_rt_1-3294  [000] dn.3   677.537999: rtg_try_acquire_lock: rtg_preemptee: comm=tau_rt_2 rtgid=1002 tgid=3291 pid=3297 prio=94
        tau_rt_4-3296  [005] dn.3   677.538010: rtg_try_acquire_lock: rtg_block: comm=tau_rt_4 rtgid=1002 tgid=3293 pid=3296 prio=94
        tau_rt_3-3295  [004] dn.3   677.538014: rtg_try_acquire_lock: rtg_block: comm=tau_rt_3 rtgid=1002 tgid=3292 pid=3295 prio=94
       deepPicar-3245  [000] ...1   677.538032: tracing_mark_write: gid=1001: job_start
       deepPicar-3245  [000] d..3   677.539234: rtg_try_release_lock: rtg_release: comm=deepPicar rtgid=1001 tgid=3245 pid=3245 prio=93
          <idle>-0     [004] dn.3   677.539237: rtg_try_acquire_lock: rtg_acquire: comm=tau_rt_3 rtgid=1002 tgid=3292 pid=3295 prio=94
       deepPicar-3245  [000] d..3   677.539240: rtg_try_acquire_lock: rtg_preemptor: comm=deepPicar rtgid=1001 tgid=3245 pid=3264 prio=93
       deepPicar-3245  [000] d..3   677.539241: rtg_try_acquire_lock: rtg_preemptee: comm=tau_rt_3 rtgid=1002 tgid=3292 pid=3295 prio=94
        tau_rt_3-3295  [004] dn.3   677.539244: rtg_try_acquire_lock: rtg_block: comm=tau_rt_3 rtgid=1002 tgid=3292 pid=3295 prio=94
        tau_rt_4-3296  [005] dn.3   677.539245: rtg_try_acquire_lock: rtg_block: comm=tau_rt_4 rtgid=1002 tgid=3293 pid=3296 prio=94
       deepPicar-3264  [000] d..3   677.540017: rtg_try_release_lock: rtg_release: comm=deepPicar rtgid=1001 tgid=3245 pid=3264 prio=93
          <idle>-0     [004] dn.3   677.540019: rtg_try_acquire_lock: rtg_acquire: comm=tau_rt_3 rtgid=1002 tgid=3292 pid=3295 prio=94
       deepPicar-3264  [000] d..3   677.540021: rtg_try_acquire_lock: rtg_preemptor: comm=deepPicar rtgid=1001 tgid=3245 pid=3253 prio=93
       deepPicar-3264  [000] d..3   677.540023: rtg_try_acquire_lock: rtg_preemptee: comm=tau_rt_3 rtgid=1002 tgid=3292 pid=3295 prio=94
        tau_rt_4-3296  [005] dn.3   677.540026: rtg_try_acquire_lock: rtg_block: comm=tau_rt_4 rtgid=1002 tgid=3293 pid=3296 prio=94
        tau_rt_3-3295  [004] dn.3   677.540027: rtg_try_acquire_lock: rtg_block: comm=tau_rt_3 rtgid=1002 tgid=3292 pid=3295 prio=94
       deepPicar-3245  [000] d..3   677.551352: rtg_try_acquire_lock: rtg_block: comm=tau_rt_1 rtgid=1002 tgid=3288 pid=3294 prio=94
       deepPicar-3257  [003] d..3   677.566714: rtg_try_release_lock: rtg_release: comm=deepPicar rtgid=1001 tgid=3248 pid=3257 prio=93
       deepPicar-3259  [005] dn.3   677.566719: rtg_try_acquire_lock: rtg_acquire: comm=deepPicar rtgid=1001 tgid=3250 pid=3250 prio=93
          <idle>-0     [000] dn.3   677.566723: rtg_try_acquire_lock: rtg_block: comm=tau_rt_1 rtgid=1002 tgid=3288 pid=3294 prio=94
       deepPicar-3249  [004] d..3   677.566836: rtg_try_release_lock: rtg_release: comm=deepPicar rtgid=1001 tgid=3249 pid=3249 prio=93
       deepPicar-3250  [005] d..3   677.566839: rtg_try_acquire_lock: rtg_acquire: comm=tau_rt_4 rtgid=1002 tgid=3293 pid=3296 prio=94
        tau_rt_3-3295  [004] d..3   677.578974: rtg_try_release_lock: rtg_release: comm=tau_rt_3 rtgid=1002 tgid=3292 pid=3295 prio=94
          <idle>-0     [003] dn.3   677.579561: rtg_try_acquire_lock: rtg_acquire: comm=tau_rt_2 rtgid=1002 tgid=3291 pid=3297 prio=94
        tau_rt_1-3294  [000] ...1   677.592167: tracing_mark_write: gid=1002: job_start
        tau_rt_1-3294  [000] dn.3   677.612997: rtg_try_acquire_lock: rtg_preemptor: comm=deepPicar rtgid=1001 tgid=3245 pid=3245 prio=93
        tau_rt_1-3294  [000] dn.3   677.613000: rtg_try_acquire_lock: rtg_preemptee: comm=tau_rt_2 rtgid=1002 tgid=3291 pid=3297 prio=94
        tau_rt_3-3295  [004] dn.3   677.613011: rtg_try_acquire_lock: rtg_block: comm=tau_rt_3 rtgid=1002 tgid=3292 pid=3295 prio=94
        tau_rt_4-3296  [005] dn.3   677.613014: rtg_try_acquire_lock: rtg_block: comm=tau_rt_4 rtgid=1002 tgid=3293 pid=3296 prio=94
       deepPicar-3245  [000] ...1   677.613032: tracing_mark_write: gid=1001: job_start
       deepPicar-3245  [000] d..3   677.614196: rtg_try_release_lock: rtg_release: comm=deepPicar rtgid=1001 tgid=3245 pid=3245 prio=93
          <idle>-0     [004] dn.3   677.614199: rtg_try_acquire_lock: rtg_acquire: comm=tau_rt_3 rtgid=1002 tgid=3292 pid=3295 prio=94
       deepPicar-3245  [000] d..3   677.614202: rtg_try_acquire_lock: rtg_preemptor: comm=deepPicar rtgid=1001 tgid=3245 pid=3265 prio=93
       deepPicar-3245  [000] d..3   677.614202: rtg_try_acquire_lock: rtg_preemptee: comm=tau_rt_3 rtgid=1002 tgid=3292 pid=3295 prio=94
        tau_rt_3-3295  [004] dn.3   677.614205: rtg_try_acquire_lock: rtg_block: comm=tau_rt_3 rtgid=1002 tgid=3292 pid=3295 prio=94
        tau_rt_4-3296  [005] dn.3   677.614207: rtg_try_acquire_lock: rtg_block: comm=tau_rt_4 rtgid=1002 tgid=3293 pid=3296 prio=94
       deepPicar-3265  [000] d..3   677.614971: rtg_try_release_lock: rtg_release: comm=deepPicar rtgid=1001 tgid=3245 pid=3265 prio=93
          <idle>-0     [005] dn.3   677.614973: rtg_try_acquire_lock: rtg_acquire: comm=tau_rt_4 rtgid=1002 tgid=3293 pid=3296 prio=94
       deepPicar-3265  [000] d..3   677.614976: rtg_try_acquire_lock: rtg_preemptor: comm=deepPicar rtgid=1001 tgid=3245 pid=3253 prio=93
       deepPicar-3265  [000] d..3   677.614977: rtg_try_acquire_lock: rtg_preemptee: comm=tau_rt_4 rtgid=1002 tgid=3293 pid=3296 prio=94
        tau_rt_3-3295  [004] dn.3   677.614979: rtg_try_acquire_lock: rtg_block: comm=tau_rt_3 rtgid=1002 tgid=3292 pid=3295 prio=94
        tau_rt_4-3296  [005] dn.3   677.614981: rtg_try_acquire_lock: rtg_block: comm=tau_rt_4 rtgid=1002 tgid=3293 pid=3296 prio=94
