       deepPicar-3790  [000] d..3  1245.940517: rtg_try_acquire_lock: rtg_preemptor: comm=deepPicar rtgid=1001 tgid=3790 pid=3810 prio=93
       deepPicar-3790  [000] d..3  1245.940517: rtg_try_acquire_lock: rtg_preemptee: comm=tau_rt_4 rtgid=1002 tgid=3839 pid=3840 prio=94
        tau_rt_2-3841  [003] dn.3  1245.940521: rtg_try_acquire_lock: rtg_block: comm=tau_rt_2 rtgid=1002 tgid=3837 pid=3841 prio=94
        tau_rt_3-3842  [004] dn.3  1245.940522: rtg_try_acquire_lock: rtg_block: comm=tau_rt_3 rtgid=1002 tgid=3838 pid=3842 prio=94
        tau_rt_4-3840  [005] dn.3  1245.940524: rtg_try_acquire_lock: rtg_block: comm=tau_rt_4 rtgid=1002 tgid=3839 pid=3840 prio=94
       deepPicar-3810  [000] d..3  1245.941308: rtg_try_release_lock: rtg_release: comm=deepPicar rtgid=1001 tgid=3790 pid=3810 prio=93
          <idle>-0     [004] dn.3  1245.941310: rtg_try_acquire_lock: rtg_acquire: comm=tau_rt_3 rtgid=1002 tgid=3838 pid=3842 prio=94
       deepPicar-3810  [000] d..3  1245.941313: rtg_try_acquire_lock: rtg_preemptor: comm=deepPicar rtgid=1001 tgid=3790 pid=3798 prio=93
       deepPicar-3810  [000] d..3  1245.941314: rtg_try_acquire_lock: rtg_preemptee: comm=tau_rt_3 rtgid=1002 tgid=3838 pid=3842 prio=94
        tau_rt_2-3841  [003] dn.3  1245.941318: rtg_try_acquire_lock: rtg_block: comm=tau_rt_2 rtgid=1002 tgid=3837 pid=3841 prio=94
        tau_rt_3-3842  [004] dn.3  1245.941319: rtg_try_acquire_lock: rtg_block: comm=tau_rt_3 rtgid=1002 tgid=3838 pid=3842 prio=94
        tau_rt_4-3840  [005] dn.3  1245.941320: rtg_try_acquire_lock: rtg_block: comm=tau_rt_4 rtgid=1002 tgid=3839 pid=3840 prio=94
       deepPicar-3790  [000] d..3  1245.953324: rtg_try_acquire_lock: rtg_block: comm=tau_rt_1 rtgid=1002 tgid=3833 pid=3836 prio=94
       deepPicar-3803  [004] d..3  1245.967260: rtg_try_release_lock: rtg_release: comm=deepPicar rtgid=1001 tgid=3794 pid=3803 prio=93
       deepPicar-3804  [003] dn.3  1245.967264: rtg_try_acquire_lock: rtg_acquire: comm=deepPicar rtgid=1001 tgid=3793 pid=3793 prio=93
          <idle>-0     [000] dn.3  1245.967268: rtg_try_acquire_lock: rtg_block: comm=tau_rt_1 rtgid=1002 tgid=3833 pid=3836 prio=94
       deepPicar-3795  [005] d..3  1245.967379: rtg_try_release_lock: rtg_release: comm=deepPicar rtgid=1001 tgid=3795 pid=3795 prio=93
       deepPicar-3794  [004] d..3  1245.967382: rtg_try_acquire_lock: rtg_acquire: comm=tau_rt_3 rtgid=1002 tgid=3838 pid=3842 prio=94
        tau_rt_1-3836  [000] ...1  1245.983738: tracing_mark_write: gid=1002: job_start
        tau_rt_1-3836  [000] dn.3  1245.989242: rtg_try_acquire_lock: rtg_preemptor: comm=deepPicar rtgid=1001 tgid=3790 pid=3790 prio=93
        tau_rt_1-3836  [000] dn.3  1245.989245: rtg_try_acquire_lock: rtg_preemptee: comm=tau_rt_3 rtgid=1002 tgid=3838 pid=3842 prio=94
        tau_rt_4-3840  [005] dn.3  1245.989256: rtg_try_acquire_lock: rtg_block: comm=tau_rt_4 rtgid=1002 tgid=3839 pid=3840 prio=94
        tau_rt_2-3841  [003] dn.3  1245.989260: rtg_try_acquire_lock: rtg_block: comm=tau_rt_2 rtgid=1002 tgid=3837 pid=3841 prio=94
        tau_rt_3-3842  [004] dn.3  1245.989264: rtg_try_acquire_lock: rtg_block: comm=tau_rt_3 rtgid=1002 tgid=3838 pid=3842 prio=94
       deepPicar-3790  [000] ...1  1245.989279: tracing_mark_write: gid=1001: job_start
       deepPicar-3790  [000] d..3  1245.990441: rtg_try_release_lock: rtg_release: comm=deepPicar rtgid=1001 tgid=3790 pid=3790 prio=93
          <idle>-0     [004] dn.3  1245.990444: rtg_try_acquire_lock: rtg_acquire: comm=tau_rt_3 rtgid=1002 tgid=3838 pid=3842 prio=94
       deepPicar-3790  [000] d..3  1245.990447: rtg_try_acquire_lock: rtg_preemptor: comm=deepPicar rtgid=1001 tgid=3790 pid=3811 prio=93
       deepPicar-3790  [000] d..3  1245.990448: rtg_try_acquire_lock: rtg_preemptee: comm=tau_rt_3 rtgid=1002 tgid=3838 pid=3842 prio=94
        tau_rt_2-3841  [003] dn.3  1245.990451: rtg_try_acquire_lock: rtg_block: comm=tau_rt_2 rtgid=1002 tgid=3837 pid=3841 prio=94
        tau_rt_3-3842  [004] dn.3  1245.990453: rtg_try_acquire_lock: rtg_block: comm=tau_rt_3 rtgid=1002 tgid=3838 pid=3842 prio=94
        tau_rt_4-3840  [005] dn.3  1245.990455: rtg_try_acquire_lock: rtg_block: comm=tau_rt_4 rtgid=1002 tgid=3839 pid=3840 prio=94
       deepPicar-3811  [000] d..3  1245.991199: rtg_try_release_lock: rtg_release: comm=deepPicar rtgid=1001 tgid=3790 pid=3811 prio=93
          <idle>-0     [003] dn.3  1245.991201: rtg_try_acquire_lock: rtg_acquire: comm=tau_rt_2 rtgid=1002 tgid=3837 pid=3841 prio=94
       deepPicar-3811  [000] d..3  1245.991204: rtg_try_acquire_lock: rtg_preemptor: comm=deepPicar rtgid=1001 tgid=3790 pid=3798 prio=93
       deepPicar-3811  [000] d..3  1245.991205: rtg_try_acquire_lock: rtg_preemptee: comm=tau_rt_2 rtgid=1002 tgid=3837 pid=3841 prio=94
        tau_rt_2-3841  [003] dn.3  1245.991208: rtg_try_acquire_lock: rtg_block: comm=tau_rt_2 rtgid=1002 tgid=3837 pid=3841 prio=94
        tau_rt_3-3842  [004] dn.3  1245.991210: rtg_try_acquire_lock: rtg_block: comm=tau_rt_3 rtgid=1002 tgid=3838 pid=3842 prio=94
        tau_rt_4-3840  [005] dn.3  1245.991211: rtg_try_acquire_lock: rtg_block: comm=tau_rt_4 rtgid=1002 tgid=3839 pid=3840 prio=94
       deepPicar-3790  [000] d..3  1246.002878: rtg_try_acquire_lock: rtg_block: comm=tau_rt_1 rtgid=1002 tgid=3833 pid=3836 prio=94
       deepPicar-3826  [005] d..3  1246.003276: rtg_try_release_lock: rtg_release: comm=deepPicar rtgid=1001 tgid=3795 pid=3826 prio=93
       deepPicar-3827  [003] dn.3  1246.003280: rtg_try_acquire_lock: rtg_acquire: comm=deepPicar rtgid=1001 tgid=3793 pid=3804 prio=93
          <idle>-0     [000] dn.3  1246.003283: rtg_try_acquire_lock: rtg_block: comm=tau_rt_1 rtgid=1002 tgid=3833 pid=3836 prio=94
       deepPicar-3795  [005] d..3  1246.017293: rtg_try_release_lock: rtg_release: comm=deepPicar rtgid=1001 tgid=3795 pid=3795 prio=93
       deepPicar-3793  [003] d..3  1246.017298: rtg_try_acquire_lock: rtg_acquire: comm=tau_rt_2 rtgid=1002 tgid=3837 pid=3841 prio=94
        tau_rt_1-3836  [000] ...1  1246.035194: tracing_mark_write: gid=1002: job_start
        tau_rt_1-3836  [000] dn.3  1246.039244: rtg_try_acquire_lock: rtg_preemptor: comm=deepPicar rtgid=1001 tgid=3790 pid=3790 prio=93
        tau_rt_1-3836  [000] dn.3  1246.039247: rtg_try_acquire_lock: rtg_preemptee: comm=tau_rt_2 rtgid=1002 tgid=3837 pid=3841 prio=94
        tau_rt_4-3840  [005] dn.3  1246.039260: rtg_try_acquire_lock: rtg_block: comm=tau_rt_4 rtgid=1002 tgid=3839 pid=3840 prio=94
        tau_rt_3-3842  [004] dn.3  1246.039264: rtg_try_acquire_lock: rtg_block: comm=tau_rt_3 rtgid=1002 tgid=3838 pid=3842 prio=94
        tau_rt_2-3841  [003] dn.3  1246.039267: rtg_try_acquire_lock: rtg_block: comm=tau_rt_2 rtgid=1002 tgid=3837 pid=3841 prio=94
       deepPicar-3790  [000] ...1  1246.039282: tracing_mark_write: gid=1001: job_start
       deepPicar-3790  [000] d..3  1246.040495: rtg_try_release_lock: rtg_release: comm=deepPicar rtgid=1001 tgid=3790 pid=3790 prio=93
          <idle>-0     [004] dn.3  1246.040498: rtg_try_acquire_lock: rtg_acquire: comm=tau_rt_3 rtgid=1002 tgid=3838 pid=3842 prio=94
       deepPicar-3790  [000] d..3  1246.040501: rtg_try_acquire_lock: rtg_preemptor: comm=deepPicar rtgid=1001 tgid=3790 pid=3806 prio=93
       deepPicar-3790  [000] d..3  1246.040502: rtg_try_acquire_lock: rtg_preemptee: comm=tau_rt_3 rtgid=1002 tgid=3838 pid=3842 prio=94
        tau_rt_2-3841  [003] dn.3  1246.040505: rtg_try_acquire_lock: rtg_block: comm=tau_rt_2 rtgid=1002 tgid=3837 pid=3841 prio=94
        tau_rt_3-3842  [004] dn.3  1246.040507: rtg_try_acquire_lock: rtg_block: comm=tau_rt_3 rtgid=1002 tgid=3838 pid=3842 prio=94
        tau_rt_4-3840  [005] dn.3  1246.040508: rtg_try_acquire_lock: rtg_block: comm=tau_rt_4 rtgid=1002 tgid=3839 pid=3840 prio=94
       deepPicar-3806  [000] d..3  1246.041292: rtg_try_release_lock: rtg_release: comm=deepPicar rtgid=1001 tgid=3790 pid=3806 prio=93
          <idle>-0     [003] dn.3  1246.041294: rtg_try_acquire_lock: rtg_acquire: comm=tau_rt_2 rtgid=1002 tgid=3837 pid=3841 prio=94
       deepPicar-3806  [000] d..3  1246.041298: rtg_try_acquire_lock: rtg_preemptor: comm=deepPicar rtgid=1001 tgid=3790 pid=3798 prio=93
       deepPicar-3806  [000] d..3  1246.041298: rtg_try_acquire_lock: rtg_preemptee: comm=tau_rt_2 rtgid=1002 tgid=3837 pid=3841 prio=94
        tau_rt_2-3841  [003] dn.3  1246.041302: rtg_try_acquire_lock: rtg_block: comm=tau_rt_2 rtgid=1002 tgid=3837 pid=3841 prio=94
        tau_rt_3-3842  [004] dn.3  1246.041303: rtg_try_acquire_lock: rtg_block: comm=tau_rt_3 rtgid=1002 tgid=3838 pid=3842 prio=94
        tau_rt_4-3840  [005] dn.3  1246.041305: rtg_try_acquire_lock: rtg_block: comm=tau_rt_4 rtgid=1002 tgid=3839 pid=3840 prio=94
       deepPicar-3790  [000] d..3  1246.053156: rtg_try_acquire_lock: rtg_block: comm=tau_rt_1 rtgid=1002 tgid=3833 pid=3836 prio=94
       deepPicar-3804  [003] d..3  1246.067124: rtg_try_release_lock: rtg_release: comm=deepPicar rtgid=1001 tgid=3793 pid=3804 prio=93
       deepPicar-3802  [005] dn.3  1246.067128: rtg_try_acquire_lock: rtg_acquire: comm=deepPicar rtgid=1001 tgid=3795 pid=3795 prio=93
          <idle>-0     [000] dn.3  1246.067133: rtg_try_acquire_lock: rtg_block: comm=tau_rt_1 rtgid=1002 tgid=3833 pid=3836 prio=94
       deepPicar-3795  [005] d..3  1246.067242: rtg_try_release_lock: rtg_release: comm=deepPicar rtgid=1001 tgid=3795 pid=3795 prio=93
       deepPicar-3794  [004] d..3  1246.067246: rtg_try_acquire_lock: rtg_acquire: comm=tau_rt_3 rtgid=1002 tgid=3838 pid=3842 prio=94
        tau_rt_1-3836  [000] ...1  1246.086761: tracing_mark_write: gid=1002: job_start
        tau_rt_1-3836  [000] dn.3  1246.089244: rtg_try_acquire_lock: rtg_preemptor: comm=deepPicar rtgid=1001 tgid=3790 pid=3790 prio=93
        tau_rt_1-3836  [000] dn.3  1246.089247: rtg_try_acquire_lock: rtg_preemptee: comm=tau_rt_3 rtgid=1002 tgid=3838 pid=3842 prio=94
        tau_rt_2-3841  [003] dn.3  1246.089259: rtg_try_acquire_lock: rtg_block: comm=tau_rt_2 rtgid=1002 tgid=3837 pid=3841 prio=94
        tau_rt_4-3840  [005] dn.3  1246.089263: rtg_try_acquire_lock: rtg_block: comm=tau_rt_4 rtgid=1002 tgid=3839 pid=3840 prio=94
        tau_rt_3-3842  [004] dn.3  1246.089266: rtg_try_acquire_lock: rtg_block: comm=tau_rt_3 rtgid=1002 tgid=3838 pid=3842 prio=94
       deepPicar-3790  [000] ...1  1246.089282: tracing_mark_write: gid=1001: job_start
       deepPicar-3790  [000] d..3  1246.090451: rtg_try_release_lock: rtg_release: comm=deepPicar rtgid=1001 tgid=3790 pid=3790 prio=93
          <idle>-0     [003] dn.3  1246.090455: rtg_try_acquire_lock: rtg_acquire: comm=tau_rt_2 rtgid=1002 tgid=3837 pid=3841 prio=94
       deepPicar-3790  [000] d..3  1246.090458: rtg_try_acquire_lock: rtg_preemptor: comm=deepPicar rtgid=1001 tgid=3790 pid=3807 prio=93
       deepPicar-3790  [000] d..3  1246.090459: rtg_try_acquire_lock: rtg_preemptee: comm=tau_rt_2 rtgid=1002 tgid=3837 pid=3841 prio=94
        tau_rt_2-3841  [003] dn.3  1246.090463: rtg_try_acquire_lock: rtg_block: comm=tau_rt_2 rtgid=1002 tgid=3837 pid=3841 prio=94
        tau_rt_4-3840  [005] dn.3  1246.090465: rtg_try_acquire_lock: rtg_block: comm=tau_rt_4 rtgid=1002 tgid=3839 pid=3840 prio=94
        tau_rt_3-3842  [004] dn.3  1246.090467: rtg_try_acquire_lock: rtg_block: comm=tau_rt_3 rtgid=1002 tgid=3838 pid=3842 prio=94
       deepPicar-3807  [000] d..3  1246.091207: rtg_try_release_lock: rtg_release: comm=deepPicar rtgid=1001 tgid=3790 pid=3807 prio=93
          <idle>-0     [003] dn.3  1246.091209: rtg_try_acquire_lock: rtg_acquire: comm=tau_rt_2 rtgid=1002 tgid=3837 pid=3841 prio=94
       deepPicar-3807  [000] d..3  1246.091211: rtg_try_acquire_lock: rtg_preemptor: comm=deepPicar rtgid=1001 tgid=3790 pid=3798 prio=93
       deepPicar-3807  [000] d..3  1246.091212: rtg_try_acquire_lock: rtg_preemptee: comm=tau_rt_2 rtgid=1002 tgid=3837 pid=3841 prio=94
        tau_rt_2-3841  [003] dn.3  1246.091215: rtg_try_acquire_lock: rtg_block: comm=tau_rt_2 rtgid=1002 tgid=3837 pid=3841 prio=94
        tau_rt_3-3842  [004] dn.3  1246.091216: rtg_try_acquire_lock: rtg_block: comm=tau_rt_3 rtgid=1002 tgid=3838 pid=3842 prio=94
        tau_rt_4-3840  [005] dn.3  1246.091219: rtg_try_acquire_lock: rtg_block: comm=tau_rt_4 rtgid=1002 tgid=3839 pid=3840 prio=94
       deepPicar-3790  [000] d..3  1246.102931: rtg_try_acquire_lock: rtg_block: comm=tau_rt_1 rtgid=1002 tgid=3833 pid=3836 prio=94
       deepPicar-3795  [005] d..3  1246.117353: rtg_try_release_lock: rtg_release: comm=deepPicar rtgid=1001 tgid=3795 pid=3795 prio=93
       deepPicar-3794  [004] dn.3  1246.117357: rtg_try_acquire_lock: rtg_acquire: comm=tau_rt_3 rtgid=1002 tgid=3838 pid=3842 prio=94
        tau_rt_1-3836  [000] ...1  1246.138288: tracing_mark_write: gid=1002: job_start
        tau_rt_1-3836  [000] dn.3  1246.139249: rtg_try_acquire_lock: rtg_preemptor: comm=deepPicar rtgid=1001 tgid=3790 pid=3790 prio=93
        tau_rt_1-3836  [000] dn.3  1246.139251: rtg_try_acquire_lock: rtg_preemptee: comm=tau_rt_3 rtgid=1002 tgid=3838 pid=3842 prio=94
        tau_rt_2-3841  [003] dn.3  1246.139264: rtg_try_acquire_lock: rtg_block: comm=tau_rt_2 rtgid=1002 tgid=3837 pid=3841 prio=94
        tau_rt_3-3842  [004] dn.3  1246.139268: rtg_try_acquire_lock: rtg_block: comm=tau_rt_3 rtgid=1002 tgid=3838 pid=3842 prio=94
        tau_rt_4-3840  [005] dn.3  1246.139270: rtg_try_acquire_lock: rtg_block: comm=tau_rt_4 rtgid=1002 tgid=3839 pid=3840 prio=94
       deepPicar-3790  [000] ...1  1246.139283: tracing_mark_write: gid=1001: job_start
       deepPicar-3790  [000] d..3  1246.140506: rtg_try_release_lock: rtg_release: comm=deepPicar rtgid=1001 tgid=3790 pid=3790 prio=93
          <idle>-0     [004] dn.3  1246.140508: rtg_try_acquire_lock: rtg_acquire: comm=tau_rt_3 rtgid=1002 tgid=3838 pid=3842 prio=94
       deepPicar-3790  [000] d..3  1246.140511: rtg_try_acquire_lock: rtg_preemptor: comm=deepPicar rtgid=1001 tgid=3790 pid=3808 prio=93
       deepPicar-3790  [000] d..3  1246.140512: rtg_try_acquire_lock: rtg_preemptee: comm=tau_rt_3 rtgid=1002 tgid=3838 pid=3842 prio=94
        tau_rt_2-3841  [003] dn.3  1246.140516: rtg_try_acquire_lock: rtg_block: comm=tau_rt_2 rtgid=1002 tgid=3837 pid=3841 prio=94
        tau_rt_3-3842  [004] dn.3  1246.140517: rtg_try_acquire_lock: rtg_block: comm=tau_rt_3 rtgid=1002 tgid=3838 pid=3842 prio=94
        tau_rt_4-3840  [005] dn.3  1246.140519: rtg_try_acquire_lock: rtg_block: comm=tau_rt_4 rtgid=1002 tgid=3839 pid=3840 prio=94
       deepPicar-3808  [000] d..3  1246.141286: rtg_try_release_lock: rtg_release: comm=deepPicar rtgid=1001 tgid=3790 pid=3808 prio=93
          <idle>-0     [004] dn.3  1246.141287: rtg_try_acquire_lock: rtg_acquire: comm=tau_rt_3 rtgid=1002 tgid=3838 pid=3842 prio=94
       deepPicar-3808  [000] d..3  1246.141290: rtg_try_acquire_lock: rtg_preemptor: comm=deepPicar rtgid=1001 tgid=3790 pid=3798 prio=93
       deepPicar-3808  [000] d..3  1246.141290: rtg_try_acquire_lock: rtg_preemptee: comm=tau_rt_3 rtgid=1002 tgid=3838 pid=3842 prio=94
        tau_rt_2-3841  [003] dn.3  1246.141294: rtg_try_acquire_lock: rtg_block: comm=tau_rt_2 rtgid=1002 tgid=3837 pid=3841 prio=94
        tau_rt_3-3842  [004] dn.3  1246.141295: rtg_try_acquire_lock: rtg_block: comm=tau_rt_3 rtgid=1002 tgid=3838 pid=3842 prio=94
        tau_rt_4-3840  [005] dn.3  1246.141297: rtg_try_acquire_lock: rtg_block: comm=tau_rt_4 rtgid=1002 tgid=3839 pid=3840 prio=94
       deepPicar-3790  [000] d..3  1246.153009: rtg_try_acquire_lock: rtg_block: comm=tau_rt_1 rtgid=1002 tgid=3833 pid=3836 prio=94
       deepPicar-3802  [005] d..3  1246.167411: rtg_try_release_lock: rtg_release: comm=deepPicar rtgid=1001 tgid=3795 pid=3802 prio=93
       deepPicar-3803  [004] dn.3  1246.167416: rtg_try_acquire_lock: rtg_acquire: comm=deepPicar rtgid=1001 tgid=3794 pid=3794 prio=93
          <idle>-0     [000] dn.3  1246.167420: rtg_try_acquire_lock: rtg_block: comm=tau_rt_1 rtgid=1002 tgid=3833 pid=3836 prio=94
       deepPicar-3794  [004] d..3  1246.167531: rtg_try_release_lock: rtg_release: comm=deepPicar rtgid=1001 tgid=3794 pid=3794 prio=93
       deepPicar-3793  [003] d..3  1246.167534: rtg_try_acquire_lock: rtg_acquire: comm=tau_rt_2 rtgid=1002 tgid=3837 pid=3841 prio=94
        tau_rt_1-3836  [000] dn.3  1246.189242: rtg_try_acquire_lock: rtg_preemptor: comm=deepPicar rtgid=1001 tgid=3790 pid=3790 prio=93
        tau_rt_1-3836  [000] dn.3  1246.189246: rtg_try_acquire_lock: rtg_preemptee: comm=tau_rt_2 rtgid=1002 tgid=3837 pid=3841 prio=94
        tau_rt_2-3841  [003] dn.3  1246.189257: rtg_try_acquire_lock: rtg_block: comm=tau_rt_2 rtgid=1002 tgid=3837 pid=3841 prio=94
        tau_rt_4-3840  [005] dn.3  1246.189261: rtg_try_acquire_lock: rtg_block: comm=tau_rt_4 rtgid=1002 tgid=3839 pid=3840 prio=94
        tau_rt_3-3842  [004] dn.3  1246.189264: rtg_try_acquire_lock: rtg_block: comm=tau_rt_3 rtgid=1002 tgid=3838 pid=3842 prio=94
       deepPicar-3790  [000] ...1  1246.189281: tracing_mark_write: gid=1001: job_start
       deepPicar-3790  [000] d..3  1246.190430: rtg_try_release_lock: rtg_release: comm=deepPicar rtgid=1001 tgid=3790 pid=3790 prio=93
          <idle>-0     [005] dn.3  1246.190432: rtg_try_acquire_lock: rtg_acquire: comm=tau_rt_4 rtgid=1002 tgid=3839 pid=3840 prio=94
       deepPicar-3790  [000] d..3  1246.190435: rtg_try_acquire_lock: rtg_preemptor: comm=deepPicar rtgid=1001 tgid=3790 pid=3809 prio=93
       deepPicar-3790  [000] d..3  1246.190436: rtg_try_acquire_lock: rtg_preemptee: comm=tau_rt_4 rtgid=1002 tgid=3839 pid=3840 prio=94
        tau_rt_2-3841  [003] dn.3  1246.190440: rtg_try_acquire_lock: rtg_block: comm=tau_rt_2 rtgid=1002 tgid=3837 pid=3841 prio=94
        tau_rt_3-3842  [004] dn.3  1246.190441: rtg_try_acquire_lock: rtg_block: comm=tau_rt_3 rtgid=1002 tgid=3838 pid=3842 prio=94
        tau_rt_4-3840  [005] dn.3  1246.190444: rtg_try_acquire_lock: rtg_block: comm=tau_rt_4 rtgid=1002 tgid=3839 pid=3840 prio=94
       deepPicar-3809  [000] d..3  1246.191166: rtg_try_release_lock: rtg_release: comm=deepPicar rtgid=1001 tgid=3790 pid=3809 prio=93
          <idle>-0     [003] dn.3  1246.191167: rtg_try_acquire_lock: rtg_acquire: comm=tau_rt_2 rtgid=1002 tgid=3837 pid=3841 prio=94
       deepPicar-3809  [000] d..3  1246.191171: rtg_try_acquire_lock: rtg_preemptor: comm=deepPicar rtgid=1001 tgid=3790 pid=3798 prio=93
       deepPicar-3809  [000] d..3  1246.191172: rtg_try_acquire_lock: rtg_preemptee: comm=tau_rt_2 rtgid=1002 tgid=3837 pid=3841 prio=94
        tau_rt_2-3841  [003] dn.3  1246.191175: rtg_try_acquire_lock: rtg_block: comm=tau_rt_2 rtgid=1002 tgid=3837 pid=3841 prio=94
        tau_rt_3-3842  [004] dn.3  1246.191176: rtg_try_acquire_lock: rtg_block: comm=tau_rt_3 rtgid=1002 tgid=3838 pid=3842 prio=94
        tau_rt_4-3840  [005] dn.3  1246.191177: rtg_try_acquire_lock: rtg_block: comm=tau_rt_4 rtgid=1002 tgid=3839 pid=3840 prio=94
       deepPicar-3790  [000] d..3  1246.202703: rtg_try_acquire_lock: rtg_block: comm=tau_rt_1 rtgid=1002 tgid=3833 pid=3836 prio=94
       deepPicar-3794  [004] d..3  1246.217466: rtg_try_release_lock: rtg_release: comm=deepPicar rtgid=1001 tgid=3794 pid=3794 prio=93
          <idle>-0     [005] dn.3  1246.217469: rtg_try_acquire_lock: rtg_acquire: comm=tau_rt_4 rtgid=1002 tgid=3839 pid=3840 prio=94
        tau_rt_1-3836  [000] ...1  1246.218267: tracing_mark_write: gid=1002: job_start
        tau_rt_1-3836  [000] dn.3  1246.239246: rtg_try_acquire_lock: rtg_preemptor: comm=deepPicar rtgid=1001 tgid=3790 pid=3790 prio=93
        tau_rt_1-3836  [000] dn.3  1246.239249: rtg_try_acquire_lock: rtg_preemptee: comm=tau_rt_4 rtgid=1002 tgid=3839 pid=3840 prio=94
        tau_rt_2-3841  [003] dn.3  1246.239262: rtg_try_acquire_lock: rtg_block: comm=tau_rt_2 rtgid=1002 tgid=3837 pid=3841 prio=94
        tau_rt_3-3842  [004] dn.3  1246.239265: rtg_try_acquire_lock: rtg_block: comm=tau_rt_3 rtgid=1002 tgid=3838 pid=3842 prio=94
        tau_rt_4-3840  [005] dn.3  1246.239267: rtg_try_acquire_lock: rtg_block: comm=tau_rt_4 rtgid=1002 tgid=3839 pid=3840 prio=94
       deepPicar-3790  [000] ...1  1246.239285: tracing_mark_write: gid=1001: job_start
       deepPicar-3790  [000] d..3  1246.240474: rtg_try_release_lock: rtg_release: comm=deepPicar rtgid=1001 tgid=3790 pid=3790 prio=93
          <idle>-0     [004] dn.3  1246.240477: rtg_try_acquire_lock: rtg_acquire: comm=tau_rt_3 rtgid=1002 tgid=3838 pid=3842 prio=94
       deepPicar-3790  [000] d..3  1246.240480: rtg_try_acquire_lock: rtg_preemptor: comm=deepPicar rtgid=1001 tgid=3790 pid=3810 prio=93
       deepPicar-3790  [000] d..3  1246.240481: rtg_try_acquire_lock: rtg_preemptee: comm=tau_rt_3 rtgid=1002 tgid=3838 pid=3842 prio=94
        tau_rt_2-3841  [003] dn.3  1246.240484: rtg_try_acquire_lock: rtg_block: comm=tau_rt_2 rtgid=1002 tgid=3837 pid=3841 prio=94
        tau_rt_3-3842  [004] dn.3  1246.240486: rtg_try_acquire_lock: rtg_block: comm=tau_rt_3 rtgid=1002 tgid=3838 pid=3842 prio=94
        tau_rt_4-3840  [005] dn.3  1246.240488: rtg_try_acquire_lock: rtg_block: comm=tau_rt_4 rtgid=1002 tgid=3839 pid=3840 prio=94
       deepPicar-3810  [000] d..3  1246.241276: rtg_try_release_lock: rtg_release: comm=deepPicar rtgid=1001 tgid=3790 pid=3810 prio=93
          <idle>-0     [004] dn.3  1246.241278: rtg_try_acquire_lock: rtg_acquire: comm=tau_rt_3 rtgid=1002 tgid=3838 pid=3842 prio=94
       deepPicar-3810  [000] d..3  1246.241280: rtg_try_acquire_lock: rtg_preemptor: comm=deepPicar rtgid=1001 tgid=3790 pid=3798 prio=93
       deepPicar-3810  [000] d..3  1246.241281: rtg_try_acquire_lock: rtg_preemptee: comm=tau_rt_3 rtgid=1002 tgid=3838 pid=3842 prio=94
        tau_rt_2-3841  [003] dn.3  1246.241285: rtg_try_acquire_lock: rtg_block: comm=tau_rt_2 rtgid=1002 tgid=3837 pid=3841 prio=94
        tau_rt_3-3842  [004] dn.3  1246.241286: rtg_try_acquire_lock: rtg_block: comm=tau_rt_3 rtgid=1002 tgid=3838 pid=3842 prio=94
        tau_rt_4-3840  [005] dn.3  1246.241287: rtg_try_acquire_lock: rtg_block: comm=tau_rt_4 rtgid=1002 tgid=3839 pid=3840 prio=94
       deepPicar-3790  [000] d..3  1246.252906: rtg_try_acquire_lock: rtg_block: comm=tau_rt_1 rtgid=1002 tgid=3833 pid=3836 prio=94
       deepPicar-3794  [004] d..3  1246.267288: rtg_try_release_lock: rtg_release: comm=deepPicar rtgid=1001 tgid=3794 pid=3794 prio=93
          <idle>-0     [003] dn.3  1246.267291: rtg_try_acquire_lock: rtg_acquire: comm=tau_rt_2 rtgid=1002 tgid=3837 pid=3841 prio=94
        tau_rt_1-3836  [000] ...1  1246.269889: tracing_mark_write: gid=1002: job_start
        tau_rt_1-3836  [000] dn.3  1246.289244: rtg_try_acquire_lock: rtg_preemptor: comm=deepPicar rtgid=1001 tgid=3790 pid=3790 prio=93
        tau_rt_1-3836  [000] dn.3  1246.289247: rtg_try_acquire_lock: rtg_preemptee: comm=tau_rt_2 rtgid=1002 tgid=3837 pid=3841 prio=94
        tau_rt_2-3841  [003] dn.3  1246.289260: rtg_try_acquire_lock: rtg_block: comm=tau_rt_2 rtgid=1002 tgid=3837 pid=3841 prio=94
        tau_rt_4-3840  [005] dn.3  1246.289264: rtg_try_acquire_lock: rtg_block: comm=tau_rt_4 rtgid=1002 tgid=3839 pid=3840 prio=94
        tau_rt_3-3842  [004] dn.3  1246.289267: rtg_try_acquire_lock: rtg_block: comm=tau_rt_3 rtgid=1002 tgid=3838 pid=3842 prio=94
       deepPicar-3790  [000] ...1  1246.289282: tracing_mark_write: gid=1001: job_start
       deepPicar-3790  [000] d..3  1246.290459: rtg_try_release_lock: rtg_release: comm=deepPicar rtgid=1001 tgid=3790 pid=3790 prio=93
          <idle>-0     [004] dn.3  1246.290462: rtg_try_acquire_lock: rtg_acquire: comm=tau_rt_3 rtgid=1002 tgid=3838 pid=3842 prio=94
       deepPicar-3790  [000] d..3  1246.290466: rtg_try_acquire_lock: rtg_preemptor: comm=deepPicar rtgid=1001 tgid=3790 pid=3811 prio=93
       deepPicar-3790  [000] d..3  1246.290467: rtg_try_acquire_lock: rtg_preemptee: comm=tau_rt_3 rtgid=1002 tgid=3838 pid=3842 prio=94
        tau_rt_2-3841  [003] dn.3  1246.290470: rtg_try_acquire_lock: rtg_block: comm=tau_rt_2 rtgid=1002 tgid=3837 pid=3841 prio=94
        tau_rt_3-3842  [004] dn.3  1246.290472: rtg_try_acquire_lock: rtg_block: comm=tau_rt_3 rtgid=1002 tgid=3838 pid=3842 prio=94
        tau_rt_4-3840  [005] dn.3  1246.290474: rtg_try_acquire_lock: rtg_block: comm=tau_rt_4 rtgid=1002 tgid=3839 pid=3840 prio=94
       deepPicar-3811  [000] d..3  1246.291219: rtg_try_release_lock: rtg_release: comm=deepPicar rtgid=1001 tgid=3790 pid=3811 prio=93
          <idle>-0     [004] dn.3  1246.291220: rtg_try_acquire_lock: rtg_acquire: comm=tau_rt_3 rtgid=1002 tgid=3838 pid=3842 prio=94
       deepPicar-3811  [000] d..3  1246.291223: rtg_try_acquire_lock: rtg_preemptor: comm=deepPicar rtgid=1001 tgid=3790 pid=3798 prio=93
       deepPicar-3811  [000] d..3  1246.291223: rtg_try_acquire_lock: rtg_preemptee: comm=tau_rt_3 rtgid=1002 tgid=3838 pid=3842 prio=94
        tau_rt_2-3841  [003] dn.3  1246.291227: rtg_try_acquire_lock: rtg_block: comm=tau_rt_2 rtgid=1002 tgid=3837 pid=3841 prio=94
        tau_rt_3-3842  [004] dn.3  1246.291228: rtg_try_acquire_lock: rtg_block: comm=tau_rt_3 rtgid=1002 tgid=3838 pid=3842 prio=94
        tau_rt_4-3840  [005] dn.3  1246.291229: rtg_try_acquire_lock: rtg_block: comm=tau_rt_4 rtgid=1002 tgid=3839 pid=3840 prio=94
       deepPicar-3790  [000] d..3  1246.302799: rtg_try_acquire_lock: rtg_block: comm=tau_rt_1 rtgid=1002 tgid=3833 pid=3836 prio=94
       deepPicar-3832  [004] d..3  1246.303275: rtg_try_release_lock: rtg_release: comm=deepPicar rtgid=1001 tgid=3794 pid=3832 prio=93
       deepPicar-3826  [005] dn.3  1246.303279: rtg_try_acquire_lock: rtg_acquire: comm=deepPicar rtgid=1001 tgid=3795 pid=3802 prio=93
          <idle>-0     [000] dn.3  1246.303283: rtg_try_acquire_lock: rtg_block: comm=tau_rt_1 rtgid=1002 tgid=3833 pid=3836 prio=94
       deepPicar-3795  [005] d..3  1246.317233: rtg_try_acquire_lock: rtg_block: comm=tau_rt_4 rtgid=1002 tgid=3839 pid=3840 prio=94
       deepPicar-3793  [003] d..3  1246.317236: rtg_try_acquire_lock: rtg_block: comm=tau_rt_2 rtgid=1002 tgid=3837 pid=3841 prio=94
       deepPicar-3794  [004] d..3  1246.317254: rtg_try_release_lock: rtg_release: comm=deepPicar rtgid=1001 tgid=3794 pid=3794 prio=93
          <idle>-0     [003] dn.3  1246.317256: rtg_try_acquire_lock: rtg_acquire: comm=tau_rt_2 rtgid=1002 tgid=3837 pid=3841 prio=94
        tau_rt_1-3836  [000] ...1  1246.321258: tracing_mark_write: gid=1002: job_start
        tau_rt_1-3836  [000] dn.3  1246.339246: rtg_try_acquire_lock: rtg_preemptor: comm=deepPicar rtgid=1001 tgid=3790 pid=3790 prio=93
        tau_rt_1-3836  [000] dn.3  1246.339250: rtg_try_acquire_lock: rtg_preemptee: comm=tau_rt_2 rtgid=1002 tgid=3837 pid=3841 prio=94
        tau_rt_2-3841  [003] dn.3  1246.339262: rtg_try_acquire_lock: rtg_block: comm=tau_rt_2 rtgid=1002 tgid=3837 pid=3841 prio=94
        tau_rt_3-3842  [004] dn.3  1246.339265: rtg_try_acquire_lock: rtg_block: comm=tau_rt_3 rtgid=1002 tgid=3838 pid=3842 prio=94
        tau_rt_4-3840  [005] dn.3  1246.339268: rtg_try_acquire_lock: rtg_block: comm=tau_rt_4 rtgid=1002 tgid=3839 pid=3840 prio=94
       deepPicar-3790  [000] ...1  1246.339286: tracing_mark_write: gid=1001: job_start
       deepPicar-3790  [000] d..3  1246.340474: rtg_try_release_lock: rtg_release: comm=deepPicar rtgid=1001 tgid=3790 pid=3790 prio=93
          <idle>-0     [003] dn.3  1246.340478: rtg_try_acquire_lock: rtg_acquire: comm=tau_rt_2 rtgid=1002 tgid=3837 pid=3841 prio=94
       deepPicar-3790  [000] d..3  1246.340480: rtg_try_acquire_lock: rtg_preemptor: comm=deepPicar rtgid=1001 tgid=3790 pid=3806 prio=93
       deepPicar-3790  [000] d..3  1246.340481: rtg_try_acquire_lock: rtg_preemptee: comm=tau_rt_2 rtgid=1002 tgid=3837 pid=3841 prio=94
        tau_rt_2-3841  [003] dn.3  1246.340485: rtg_try_acquire_lock: rtg_block: comm=tau_rt_2 rtgid=1002 tgid=3837 pid=3841 prio=94
        tau_rt_3-3842  [004] dn.3  1246.340486: rtg_try_acquire_lock: rtg_block: comm=tau_rt_3 rtgid=1002 tgid=3838 pid=3842 prio=94
        tau_rt_4-3840  [005] dn.3  1246.340487: rtg_try_acquire_lock: rtg_block: comm=tau_rt_4 rtgid=1002 tgid=3839 pid=3840 prio=94
       deepPicar-3806  [000] d..3  1246.341417: rtg_try_release_lock: rtg_release: comm=deepPicar rtgid=1001 tgid=3790 pid=3806 prio=93
          <idle>-0     [004] dn.3  1246.341419: rtg_try_acquire_lock: rtg_acquire: comm=tau_rt_3 rtgid=1002 tgid=3838 pid=3842 prio=94
       deepPicar-3806  [000] d..3  1246.341422: rtg_try_acquire_lock: rtg_preemptor: comm=deepPicar rtgid=1001 tgid=3790 pid=3798 prio=93
       deepPicar-3806  [000] d..3  1246.341423: rtg_try_acquire_lock: rtg_preemptee: comm=tau_rt_3 rtgid=1002 tgid=3838 pid=3842 prio=94
        tau_rt_2-3841  [003] dn.3  1246.341426: rtg_try_acquire_lock: rtg_block: comm=tau_rt_2 rtgid=1002 tgid=3837 pid=3841 prio=94
        tau_rt_4-3840  [005] dn.3  1246.341428: rtg_try_acquire_lock: rtg_block: comm=tau_rt_4 rtgid=1002 tgid=3839 pid=3840 prio=94
        tau_rt_3-3842  [004] dn.3  1246.341429: rtg_try_acquire_lock: rtg_block: comm=tau_rt_3 rtgid=1002 tgid=3838 pid=3842 prio=94
       deepPicar-3790  [000] d..3  1246.353217: rtg_try_acquire_lock: rtg_block: comm=tau_rt_1 rtgid=1002 tgid=3833 pid=3836 prio=94
       deepPicar-3795  [005] d..3  1246.367424: rtg_try_release_lock: rtg_release: comm=deepPicar rtgid=1001 tgid=3795 pid=3795 prio=93
       deepPicar-3794  [004] dn.3  1246.367428: rtg_try_acquire_lock: rtg_acquire: comm=tau_rt_3 rtgid=1002 tgid=3838 pid=3842 prio=94
        tau_rt_1-3836  [000] ...1  1246.372879: tracing_mark_write: gid=1002: job_start
        tau_rt_1-3836  [000] dn.3  1246.389245: rtg_try_acquire_lock: rtg_preemptor: comm=deepPicar rtgid=1001 tgid=3790 pid=3790 prio=93
        tau_rt_1-3836  [000] dn.3  1246.389248: rtg_try_acquire_lock: rtg_preemptee: comm=tau_rt_3 rtgid=1002 tgid=3838 pid=3842 prio=94
        tau_rt_2-3841  [003] dn.3  1246.389261: rtg_try_acquire_lock: rtg_block: comm=tau_rt_2 rtgid=1002 tgid=3837 pid=3841 prio=94
        tau_rt_3-3842  [004] dn.3  1246.389264: rtg_try_acquire_lock: rtg_block: comm=tau_rt_3 rtgid=1002 tgid=3838 pid=3842 prio=94
        tau_rt_4-3840  [005] dn.3  1246.389267: rtg_try_acquire_lock: rtg_block: comm=tau_rt_4 rtgid=1002 tgid=3839 pid=3840 prio=94
       deepPicar-3790  [000] ...1  1246.389284: tracing_mark_write: gid=1001: job_start
       deepPicar-3790  [000] d..3  1246.390470: rtg_try_release_lock: rtg_release: comm=deepPicar rtgid=1001 tgid=3790 pid=3790 prio=93
          <idle>-0     [003] dn.3  1246.390473: rtg_try_acquire_lock: rtg_acquire: comm=tau_rt_2 rtgid=1002 tgid=3837 pid=3841 prio=94
       deepPicar-3790  [000] d..3  1246.390477: rtg_try_acquire_lock: rtg_preemptor: comm=deepPicar rtgid=1001 tgid=3790 pid=3807 prio=93
       deepPicar-3790  [000] d..3  1246.390477: rtg_try_acquire_lock: rtg_preemptee: comm=tau_rt_2 rtgid=1002 tgid=3837 pid=3841 prio=94
        tau_rt_3-3842  [004] dn.3  1246.390482: rtg_try_acquire_lock: rtg_block: comm=tau_rt_3 rtgid=1002 tgid=3838 pid=3842 prio=94
        tau_rt_2-3841  [003] dn.3  1246.390483: rtg_try_acquire_lock: rtg_block: comm=tau_rt_2 rtgid=1002 tgid=3837 pid=3841 prio=94
        tau_rt_4-3840  [005] dn.3  1246.390485: rtg_try_acquire_lock: rtg_block: comm=tau_rt_4 rtgid=1002 tgid=3839 pid=3840 prio=94
       deepPicar-3807  [000] d..3  1246.391244: rtg_try_release_lock: rtg_release: comm=deepPicar rtgid=1001 tgid=3790 pid=3807 prio=93
          <idle>-0     [003] dn.3  1246.391246: rtg_try_acquire_lock: rtg_acquire: comm=tau_rt_2 rtgid=1002 tgid=3837 pid=3841 prio=94
       deepPicar-3807  [000] d..3  1246.391248: rtg_try_acquire_lock: rtg_preemptor: comm=deepPicar rtgid=1001 tgid=3790 pid=3798 prio=93
       deepPicar-3807  [000] d..3  1246.391249: rtg_try_acquire_lock: rtg_preemptee: comm=tau_rt_2 rtgid=1002 tgid=3837 pid=3841 prio=94
        tau_rt_2-3841  [003] dn.3  1246.391253: rtg_try_acquire_lock: rtg_block: comm=tau_rt_2 rtgid=1002 tgid=3837 pid=3841 prio=94
        tau_rt_3-3842  [004] dn.3  1246.391254: rtg_try_acquire_lock: rtg_block: comm=tau_rt_3 rtgid=1002 tgid=3838 pid=3842 prio=94
        tau_rt_4-3840  [005] dn.3  1246.391256: rtg_try_acquire_lock: rtg_block: comm=tau_rt_4 rtgid=1002 tgid=3839 pid=3840 prio=94
       deepPicar-3790  [000] d..3  1246.402928: rtg_try_acquire_lock: rtg_block: comm=tau_rt_1 rtgid=1002 tgid=3833 pid=3836 prio=94
       deepPicar-3803  [004] d..3  1246.417454: rtg_try_release_lock: rtg_release: comm=deepPicar rtgid=1001 tgid=3794 pid=3803 prio=93
          <idle>-0     [003] dn.3  1246.417459: rtg_try_acquire_lock: rtg_acquire: comm=tau_rt_2 rtgid=1002 tgid=3837 pid=3841 prio=94
       deepPicar-3803  [004] d..3  1246.417462: rtg_try_acquire_lock: rtg_preemptor: comm=deepPicar rtgid=1001 tgid=3794 pid=3794 prio=93
       deepPicar-3803  [004] d..3  1246.417463: rtg_try_acquire_lock: rtg_preemptee: comm=tau_rt_2 rtgid=1002 tgid=3837 pid=3841 prio=94
        tau_rt_1-3836  [000] dn.3  1246.417467: rtg_try_acquire_lock: rtg_block: comm=tau_rt_1 rtgid=1002 tgid=3833 pid=3836 prio=94
        tau_rt_2-3841  [003] dn.3  1246.417468: rtg_try_acquire_lock: rtg_block: comm=tau_rt_2 rtgid=1002 tgid=3837 pid=3841 prio=94
        tau_rt_4-3840  [005] dn.3  1246.417471: rtg_try_acquire_lock: rtg_block: comm=tau_rt_4 rtgid=1002 tgid=3839 pid=3840 prio=94
       deepPicar-3794  [004] d..3  1246.417557: rtg_try_release_lock: rtg_release: comm=deepPicar rtgid=1001 tgid=3794 pid=3794 prio=93
          <idle>-0     [003] dn.3  1246.417558: rtg_try_acquire_lock: rtg_acquire: comm=tau_rt_2 rtgid=1002 tgid=3837 pid=3841 prio=94
        tau_rt_1-3836  [000] ...1  1246.424654: tracing_mark_write: gid=1002: job_start
        tau_rt_1-3836  [000] dn.3  1246.439245: rtg_try_acquire_lock: rtg_preemptor: comm=deepPicar rtgid=1001 tgid=3790 pid=3790 prio=93
        tau_rt_1-3836  [000] dn.3  1246.439248: rtg_try_acquire_lock: rtg_preemptee: comm=tau_rt_2 rtgid=1002 tgid=3837 pid=3841 prio=94
        tau_rt_2-3841  [003] dn.3  1246.439260: rtg_try_acquire_lock: rtg_block: comm=tau_rt_2 rtgid=1002 tgid=3837 pid=3841 prio=94
        tau_rt_3-3842  [004] dn.3  1246.439262: rtg_try_acquire_lock: rtg_block: comm=tau_rt_3 rtgid=1002 tgid=3838 pid=3842 prio=94
        tau_rt_4-3840  [005] dn.3  1246.439266: rtg_try_acquire_lock: rtg_block: comm=tau_rt_4 rtgid=1002 tgid=3839 pid=3840 prio=94
       deepPicar-3790  [000] ...1  1246.439282: tracing_mark_write: gid=1001: job_start
       deepPicar-3790  [000] d..3  1246.440525: rtg_try_release_lock: rtg_release: comm=deepPicar rtgid=1001 tgid=3790 pid=3790 prio=93
          <idle>-0     [005] dn.3  1246.440528: rtg_try_acquire_lock: rtg_acquire: comm=tau_rt_4 rtgid=1002 tgid=3839 pid=3840 prio=94
       deepPicar-3790  [000] d..3  1246.440531: rtg_try_acquire_lock: rtg_preemptor: comm=deepPicar rtgid=1001 tgid=3790 pid=3808 prio=93
       deepPicar-3790  [000] d..3  1246.440532: rtg_try_acquire_lock: rtg_preemptee: comm=tau_rt_4 rtgid=1002 tgid=3839 pid=3840 prio=94
        tau_rt_2-3841  [003] dn.3  1246.440535: rtg_try_acquire_lock: rtg_block: comm=tau_rt_2 rtgid=1002 tgid=3837 pid=3841 prio=94
        tau_rt_3-3842  [004] dn.3  1246.440536: rtg_try_acquire_lock: rtg_block: comm=tau_rt_3 rtgid=1002 tgid=3838 pid=3842 prio=94
        tau_rt_4-3840  [005] dn.3  1246.440539: rtg_try_acquire_lock: rtg_block: comm=tau_rt_4 rtgid=1002 tgid=3839 pid=3840 prio=94
       deepPicar-3808  [000] d..3  1246.441300: rtg_try_release_lock: rtg_release: comm=deepPicar rtgid=1001 tgid=3790 pid=3808 prio=93
          <idle>-0     [003] dn.3  1246.441302: rtg_try_acquire_lock: rtg_acquire: comm=tau_rt_2 rtgid=1002 tgid=3837 pid=3841 prio=94
       deepPicar-3808  [000] d..3  1246.441305: rtg_try_acquire_lock: rtg_preemptor: comm=deepPicar rtgid=1001 tgid=3790 pid=3798 prio=93
       deepPicar-3808  [000] d..3  1246.441306: rtg_try_acquire_lock: rtg_preemptee: comm=tau_rt_2 rtgid=1002 tgid=3837 pid=3841 prio=94
        tau_rt_2-3841  [003] dn.3  1246.441309: rtg_try_acquire_lock: rtg_block: comm=tau_rt_2 rtgid=1002 tgid=3837 pid=3841 prio=94
        tau_rt_3-3842  [004] dn.3  1246.441310: rtg_try_acquire_lock: rtg_block: comm=tau_rt_3 rtgid=1002 tgid=3838 pid=3842 prio=94
        tau_rt_4-3840  [005] dn.3  1246.441311: rtg_try_acquire_lock: rtg_block: comm=tau_rt_4 rtgid=1002 tgid=3839 pid=3840 prio=94
       deepPicar-3790  [000] d..3  1246.453081: rtg_try_acquire_lock: rtg_block: comm=tau_rt_1 rtgid=1002 tgid=3833 pid=3836 prio=94
       deepPicar-3794  [004] d..3  1246.467244: rtg_try_release_lock: rtg_release: comm=deepPicar rtgid=1001 tgid=3794 pid=3794 prio=93
          <idle>-0     [003] dn.3  1246.467248: rtg_try_acquire_lock: rtg_acquire: comm=tau_rt_2 rtgid=1002 tgid=3837 pid=3841 prio=94
        tau_rt_1-3836  [000] ...1  1246.476122: tracing_mark_write: gid=1002: job_start
        tau_rt_1-3836  [000] dn.3  1246.489245: rtg_try_acquire_lock: rtg_preemptor: comm=deepPicar rtgid=1001 tgid=3790 pid=3790 prio=93
        tau_rt_1-3836  [000] dn.3  1246.489248: rtg_try_acquire_lock: rtg_preemptee: comm=tau_rt_2 rtgid=1002 tgid=3837 pid=3841 prio=94
        tau_rt_3-3842  [004] dn.3  1246.489261: rtg_try_acquire_lock: rtg_block: comm=tau_rt_3 rtgid=1002 tgid=3838 pid=3842 prio=94
        tau_rt_2-3841  [003] dn.3  1246.489264: rtg_try_acquire_lock: rtg_block: comm=tau_rt_2 rtgid=1002 tgid=3837 pid=3841 prio=94
        tau_rt_4-3840  [005] dn.3  1246.489268: rtg_try_acquire_lock: rtg_block: comm=tau_rt_4 rtgid=1002 tgid=3839 pid=3840 prio=94
       deepPicar-3790  [000] ...1  1246.489284: tracing_mark_write: gid=1001: job_start
       deepPicar-3790  [000] d..3  1246.490470: rtg_try_release_lock: rtg_release: comm=deepPicar rtgid=1001 tgid=3790 pid=3790 prio=93
          <idle>-0     [004] dn.3  1246.490473: rtg_try_acquire_lock: rtg_acquire: comm=tau_rt_3 rtgid=1002 tgid=3838 pid=3842 prio=94
       deepPicar-3790  [000] d..3  1246.490477: rtg_try_acquire_lock: rtg_preemptor: comm=deepPicar rtgid=1001 tgid=3790 pid=3809 prio=93
       deepPicar-3790  [000] d..3  1246.490477: rtg_try_acquire_lock: rtg_preemptee: comm=tau_rt_3 rtgid=1002 tgid=3838 pid=3842 prio=94
        tau_rt_2-3841  [003] dn.3  1246.490481: rtg_try_acquire_lock: rtg_block: comm=tau_rt_2 rtgid=1002 tgid=3837 pid=3841 prio=94
        tau_rt_3-3842  [004] dn.3  1246.490482: rtg_try_acquire_lock: rtg_block: comm=tau_rt_3 rtgid=1002 tgid=3838 pid=3842 prio=94
        tau_rt_4-3840  [005] dn.3  1246.490486: rtg_try_acquire_lock: rtg_block: comm=tau_rt_4 rtgid=1002 tgid=3839 pid=3840 prio=94
       deepPicar-3809  [000] d..3  1246.491213: rtg_try_release_lock: rtg_release: comm=deepPicar rtgid=1001 tgid=3790 pid=3809 prio=93
          <idle>-0     [003] dn.3  1246.491215: rtg_try_acquire_lock: rtg_acquire: comm=tau_rt_2 rtgid=1002 tgid=3837 pid=3841 prio=94
       deepPicar-3809  [000] d..3  1246.491218: rtg_try_acquire_lock: rtg_preemptor: comm=deepPicar rtgid=1001 tgid=3790 pid=3798 prio=93
       deepPicar-3809  [000] d..3  1246.491218: rtg_try_acquire_lock: rtg_preemptee: comm=tau_rt_2 rtgid=1002 tgid=3837 pid=3841 prio=94
        tau_rt_2-3841  [003] dn.3  1246.491222: rtg_try_acquire_lock: rtg_block: comm=tau_rt_2 rtgid=1002 tgid=3837 pid=3841 prio=94
        tau_rt_3-3842  [004] dn.3  1246.491223: rtg_try_acquire_lock: rtg_block: comm=tau_rt_3 rtgid=1002 tgid=3838 pid=3842 prio=94
        tau_rt_4-3840  [005] dn.3  1246.491225: rtg_try_acquire_lock: rtg_block: comm=tau_rt_4 rtgid=1002 tgid=3839 pid=3840 prio=94
       deepPicar-3790  [000] d..3  1246.503047: rtg_try_acquire_lock: rtg_block: comm=tau_rt_1 rtgid=1002 tgid=3833 pid=3836 prio=94
       deepPicar-3804  [003] d..3  1246.517249: rtg_try_release_lock: rtg_release: comm=deepPicar rtgid=1001 tgid=3793 pid=3804 prio=93
       deepPicar-3802  [005] dn.3  1246.517253: rtg_try_acquire_lock: rtg_acquire: comm=deepPicar rtgid=1001 tgid=3795 pid=3795 prio=93
          <idle>-0     [000] dn.3  1246.517257: rtg_try_acquire_lock: rtg_block: comm=tau_rt_1 rtgid=1002 tgid=3833 pid=3836 prio=94
       deepPicar-3793  [003] d..3  1246.517365: rtg_try_release_lock: rtg_release: comm=deepPicar rtgid=1001 tgid=3793 pid=3793 prio=93
       deepPicar-3795  [005] d..3  1246.517367: rtg_try_acquire_lock: rtg_acquire: comm=tau_rt_4 rtgid=1002 tgid=3839 pid=3840 prio=94
        tau_rt_1-3836  [000] ...1  1246.527718: tracing_mark_write: gid=1002: job_start
        tau_rt_1-3836  [000] dn.3  1246.539245: rtg_try_acquire_lock: rtg_preemptor: comm=deepPicar rtgid=1001 tgid=3790 pid=3790 prio=93
        tau_rt_1-3836  [000] dn.3  1246.539248: rtg_try_acquire_lock: rtg_preemptee: comm=tau_rt_4 rtgid=1002 tgid=3839 pid=3840 prio=94
        tau_rt_2-3841  [003] dn.3  1246.539261: rtg_try_acquire_lock: rtg_block: comm=tau_rt_2 rtgid=1002 tgid=3837 pid=3841 prio=94
        tau_rt_3-3842  [004] dn.3  1246.539264: rtg_try_acquire_lock: rtg_block: comm=tau_rt_3 rtgid=1002 tgid=3838 pid=3842 prio=94
        tau_rt_4-3840  [005] dn.3  1246.539267: rtg_try_acquire_lock: rtg_block: comm=tau_rt_4 rtgid=1002 tgid=3839 pid=3840 prio=94
       deepPicar-3790  [000] ...1  1246.539282: tracing_mark_write: gid=1001: job_start
       deepPicar-3790  [000] d..3  1246.540506: rtg_try_release_lock: rtg_release: comm=deepPicar rtgid=1001 tgid=3790 pid=3790 prio=93
          <idle>-0     [004] dn.3  1246.540509: rtg_try_acquire_lock: rtg_acquire: comm=tau_rt_3 rtgid=1002 tgid=3838 pid=3842 prio=94
       deepPicar-3790  [000] d..3  1246.540512: rtg_try_acquire_lock: rtg_preemptor: comm=deepPicar rtgid=1001 tgid=3790 pid=3810 prio=93
       deepPicar-3790  [000] d..3  1246.540513: rtg_try_acquire_lock: rtg_preemptee: comm=tau_rt_3 rtgid=1002 tgid=3838 pid=3842 prio=94
        tau_rt_2-3841  [003] dn.3  1246.540517: rtg_try_acquire_lock: rtg_block: comm=tau_rt_2 rtgid=1002 tgid=3837 pid=3841 prio=94
        tau_rt_4-3840  [005] dn.3  1246.540518: rtg_try_acquire_lock: rtg_block: comm=tau_rt_4 rtgid=1002 tgid=3839 pid=3840 prio=94
        tau_rt_3-3842  [004] dn.3  1246.540519: rtg_try_acquire_lock: rtg_block: comm=tau_rt_3 rtgid=1002 tgid=3838 pid=3842 prio=94
       deepPicar-3810  [000] d..3  1246.541332: rtg_try_release_lock: rtg_release: comm=deepPicar rtgid=1001 tgid=3790 pid=3810 prio=93
          <idle>-0     [003] dn.3  1246.541335: rtg_try_acquire_lock: rtg_acquire: comm=tau_rt_2 rtgid=1002 tgid=3837 pid=3841 prio=94
       deepPicar-3810  [000] d..3  1246.541337: rtg_try_acquire_lock: rtg_preemptor: comm=deepPicar rtgid=1001 tgid=3790 pid=3798 prio=93
       deepPicar-3810  [000] d..3  1246.541338: rtg_try_acquire_lock: rtg_preemptee: comm=tau_rt_2 rtgid=1002 tgid=3837 pid=3841 prio=94
        tau_rt_2-3841  [003] dn.3  1246.541341: rtg_try_acquire_lock: rtg_block: comm=tau_rt_2 rtgid=1002 tgid=3837 pid=3841 prio=94
        tau_rt_3-3842  [004] dn.3  1246.541343: rtg_try_acquire_lock: rtg_block: comm=tau_rt_3 rtgid=1002 tgid=3838 pid=3842 prio=94
        tau_rt_4-3840  [005] dn.3  1246.541344: rtg_try_acquire_lock: rtg_block: comm=tau_rt_4 rtgid=1002 tgid=3839 pid=3840 prio=94
       deepPicar-3790  [000] d..3  1246.553190: rtg_try_acquire_lock: rtg_block: comm=tau_rt_1 rtgid=1002 tgid=3833 pid=3836 prio=94
       deepPicar-3794  [004] d..3  1246.567393: rtg_try_release_lock: rtg_release: comm=deepPicar rtgid=1001 tgid=3794 pid=3794 prio=93
          <idle>-0     [003] dn.3  1246.567397: rtg_try_acquire_lock: rtg_acquire: comm=tau_rt_2 rtgid=1002 tgid=3837 pid=3841 prio=94
        tau_rt_1-3836  [000] ...1  1246.579250: tracing_mark_write: gid=1002: job_start
        tau_rt_1-3836  [000] dn.3  1246.589244: rtg_try_acquire_lock: rtg_preemptor: comm=deepPicar rtgid=1001 tgid=3790 pid=3790 prio=93
        tau_rt_1-3836  [000] dn.3  1246.589246: rtg_try_acquire_lock: rtg_preemptee: comm=tau_rt_2 rtgid=1002 tgid=3837 pid=3841 prio=94
        tau_rt_4-3840  [005] dn.3  1246.589261: rtg_try_acquire_lock: rtg_block: comm=tau_rt_4 rtgid=1002 tgid=3839 pid=3840 prio=94
        tau_rt_2-3841  [003] dn.3  1246.589264: rtg_try_acquire_lock: rtg_block: comm=tau_rt_2 rtgid=1002 tgid=3837 pid=3841 prio=94
        tau_rt_3-3842  [004] dn.3  1246.589267: rtg_try_acquire_lock: rtg_block: comm=tau_rt_3 rtgid=1002 tgid=3838 pid=3842 prio=94
       deepPicar-3790  [000] ...1  1246.589282: tracing_mark_write: gid=1001: job_start
       deepPicar-3790  [000] d..3  1246.590432: rtg_try_release_lock: rtg_release: comm=deepPicar rtgid=1001 tgid=3790 pid=3790 prio=93
          <idle>-0     [003] dn.3  1246.590435: rtg_try_acquire_lock: rtg_acquire: comm=tau_rt_2 rtgid=1002 tgid=3837 pid=3841 prio=94
       deepPicar-3790  [000] d..3  1246.590438: rtg_try_acquire_lock: rtg_preemptor: comm=deepPicar rtgid=1001 tgid=3790 pid=3811 prio=93
       deepPicar-3790  [000] d..3  1246.590439: rtg_try_acquire_lock: rtg_preemptee: comm=tau_rt_2 rtgid=1002 tgid=3837 pid=3841 prio=94
        tau_rt_2-3841  [003] dn.3  1246.590442: rtg_try_acquire_lock: rtg_block: comm=tau_rt_2 rtgid=1002 tgid=3837 pid=3841 prio=94
        tau_rt_3-3842  [004] dn.3  1246.590445: rtg_try_acquire_lock: rtg_block: comm=tau_rt_3 rtgid=1002 tgid=3838 pid=3842 prio=94
        tau_rt_4-3840  [005] dn.3  1246.590447: rtg_try_acquire_lock: rtg_block: comm=tau_rt_4 rtgid=1002 tgid=3839 pid=3840 prio=94
       deepPicar-3811  [000] d..3  1246.591197: rtg_try_release_lock: rtg_release: comm=deepPicar rtgid=1001 tgid=3790 pid=3811 prio=93
          <idle>-0     [004] dn.3  1246.591199: rtg_try_acquire_lock: rtg_acquire: comm=tau_rt_3 rtgid=1002 tgid=3838 pid=3842 prio=94
       deepPicar-3811  [000] d..3  1246.591201: rtg_try_acquire_lock: rtg_preemptor: comm=deepPicar rtgid=1001 tgid=3790 pid=3798 prio=93
       deepPicar-3811  [000] d..3  1246.591202: rtg_try_acquire_lock: rtg_preemptee: comm=tau_rt_3 rtgid=1002 tgid=3838 pid=3842 prio=94
        tau_rt_2-3841  [003] dn.3  1246.591205: rtg_try_acquire_lock: rtg_block: comm=tau_rt_2 rtgid=1002 tgid=3837 pid=3841 prio=94
        tau_rt_3-3842  [004] dn.3  1246.591206: rtg_try_acquire_lock: rtg_block: comm=tau_rt_3 rtgid=1002 tgid=3838 pid=3842 prio=94
        tau_rt_4-3840  [005] dn.3  1246.591208: rtg_try_acquire_lock: rtg_block: comm=tau_rt_4 rtgid=1002 tgid=3839 pid=3840 prio=94
       deepPicar-3790  [000] d..3  1246.602842: rtg_try_acquire_lock: rtg_block: comm=tau_rt_1 rtgid=1002 tgid=3833 pid=3836 prio=94
       deepPicar-3827  [003] d..3  1246.603275: rtg_try_release_lock: rtg_release: comm=deepPicar rtgid=1001 tgid=3793 pid=3827 prio=93
       deepPicar-3826  [005] dn.3  1246.603279: rtg_try_acquire_lock: rtg_acquire: comm=deepPicar rtgid=1001 tgid=3795 pid=3802 prio=93
          <idle>-0     [000] dn.3  1246.603282: rtg_try_acquire_lock: rtg_block: comm=tau_rt_1 rtgid=1002 tgid=3833 pid=3836 prio=94
       deepPicar-3795  [005] d..3  1246.617266: rtg_try_release_lock: rtg_release: comm=deepPicar rtgid=1001 tgid=3795 pid=3795 prio=93
       deepPicar-3793  [003] d..3  1246.617270: rtg_try_acquire_lock: rtg_acquire: comm=tau_rt_2 rtgid=1002 tgid=3837 pid=3841 prio=94
        tau_rt_1-3836  [000] ...1  1246.630722: tracing_mark_write: gid=1002: job_start
        tau_rt_1-3836  [000] dn.3  1246.639245: rtg_try_acquire_lock: rtg_preemptor: comm=deepPicar rtgid=1001 tgid=3790 pid=3790 prio=93
        tau_rt_1-3836  [000] dn.3  1246.639247: rtg_try_acquire_lock: rtg_preemptee: comm=tau_rt_2 rtgid=1002 tgid=3837 pid=3841 prio=94
        tau_rt_2-3841  [003] dn.3  1246.639259: rtg_try_acquire_lock: rtg_block: comm=tau_rt_2 rtgid=1002 tgid=3837 pid=3841 prio=94
        tau_rt_4-3840  [005] dn.3  1246.639262: rtg_try_acquire_lock: rtg_block: comm=tau_rt_4 rtgid=1002 tgid=3839 pid=3840 prio=94
        tau_rt_3-3842  [004] dn.3  1246.639266: rtg_try_acquire_lock: rtg_block: comm=tau_rt_3 rtgid=1002 tgid=3838 pid=3842 prio=94
       deepPicar-3790  [000] ...1  1246.639282: tracing_mark_write: gid=1001: job_start
       deepPicar-3790  [000] d..3  1246.640482: rtg_try_release_lock: rtg_release: comm=deepPicar rtgid=1001 tgid=3790 pid=3790 prio=93
          <idle>-0     [004] dn.3  1246.640484: rtg_try_acquire_lock: rtg_acquire: comm=tau_rt_3 rtgid=1002 tgid=3838 pid=3842 prio=94
       deepPicar-3790  [000] d..3  1246.640487: rtg_try_acquire_lock: rtg_preemptor: comm=deepPicar rtgid=1001 tgid=3790 pid=3806 prio=93
       deepPicar-3790  [000] d..3  1246.640488: rtg_try_acquire_lock: rtg_preemptee: comm=tau_rt_3 rtgid=1002 tgid=3838 pid=3842 prio=94
        tau_rt_2-3841  [003] dn.3  1246.640492: rtg_try_acquire_lock: rtg_block: comm=tau_rt_2 rtgid=1002 tgid=3837 pid=3841 prio=94
        tau_rt_3-3842  [004] dn.3  1246.640493: rtg_try_acquire_lock: rtg_block: comm=tau_rt_3 rtgid=1002 tgid=3838 pid=3842 prio=94
        tau_rt_4-3840  [005] dn.3  1246.640495: rtg_try_acquire_lock: rtg_block: comm=tau_rt_4 rtgid=1002 tgid=3839 pid=3840 prio=94
       deepPicar-3806  [000] d..3  1246.641312: rtg_try_release_lock: rtg_release: comm=deepPicar rtgid=1001 tgid=3790 pid=3806 prio=93
          <idle>-0     [003] dn.3  1246.641314: rtg_try_acquire_lock: rtg_acquire: comm=tau_rt_2 rtgid=1002 tgid=3837 pid=3841 prio=94
       deepPicar-3806  [000] d..3  1246.641317: rtg_try_acquire_lock: rtg_preemptor: comm=deepPicar rtgid=1001 tgid=3790 pid=3798 prio=93
       deepPicar-3806  [000] d..3  1246.641319: rtg_try_acquire_lock: rtg_preemptee: comm=tau_rt_2 rtgid=1002 tgid=3837 pid=3841 prio=94
        tau_rt_2-3841  [003] dn.3  1246.641323: rtg_try_acquire_lock: rtg_block: comm=tau_rt_2 rtgid=1002 tgid=3837 pid=3841 prio=94
        tau_rt_3-3842  [004] dn.3  1246.641324: rtg_try_acquire_lock: rtg_block: comm=tau_rt_3 rtgid=1002 tgid=3838 pid=3842 prio=94
        tau_rt_4-3840  [005] dn.3  1246.641325: rtg_try_acquire_lock: rtg_block: comm=tau_rt_4 rtgid=1002 tgid=3839 pid=3840 prio=94
       deepPicar-3790  [000] d..3  1246.652978: rtg_try_acquire_lock: rtg_block: comm=tau_rt_1 rtgid=1002 tgid=3833 pid=3836 prio=94
       deepPicar-3794  [004] d..3  1246.667252: rtg_try_release_lock: rtg_release: comm=deepPicar rtgid=1001 tgid=3794 pid=3794 prio=93
          <idle>-0     [003] dn.3  1246.667256: rtg_try_acquire_lock: rtg_acquire: comm=tau_rt_2 rtgid=1002 tgid=3837 pid=3841 prio=94
