        tau_rt_3-3777  [004] dn.3  1190.924301: rtg_try_acquire_lock: rtg_preemptee: comm=tau_rt_3 rtgid=1002 tgid=3766 pid=3777 prio=94
       deepPicar-3769  [000] dn.3  1190.924310: rtg_try_acquire_lock: rtg_block: comm=deepPicar rtgid=1002 tgid=3762 pid=3769 prio=94
        tau_rt_4-3761  [000] ...1  1190.924448: tracing_mark_write: gid=1001: job_start
       deepPicar-3730  [003] d..3  1190.944557: rtg_try_acquire_lock: rtg_block: comm=tau_rt_2 rtgid=1002 tgid=3765 pid=3779 prio=94
       deepPicar-3731  [004] d..3  1190.944561: rtg_try_acquire_lock: rtg_block: comm=tau_rt_3 rtgid=1002 tgid=3766 pid=3777 prio=94
       deepPicar-3732  [005] d..3  1190.944564: rtg_try_acquire_lock: rtg_block: comm=tau_rt_4 rtgid=1002 tgid=3767 pid=3778 prio=94
        tau_rt_4-3761  [000] d..3  1190.944761: rtg_try_release_lock: rtg_release: comm=tau_rt_4 rtgid=1001 tgid=3727 pid=3761 prio=93
          <idle>-0     [004] dn.3  1190.944764: rtg_try_acquire_lock: rtg_acquire: comm=tau_rt_3 rtgid=1002 tgid=3766 pid=3777 prio=94
       deepPicar-3762  [000] ...1  1190.970126: tracing_mark_write: gid=1002: job_start
        tau_rt_3-3777  [004] dn.3  1190.974300: rtg_try_acquire_lock: rtg_preemptor: comm=deepPicar rtgid=1001 tgid=3731 pid=3731 prio=93
        tau_rt_3-3777  [004] dn.3  1190.974303: rtg_try_acquire_lock: rtg_preemptee: comm=tau_rt_3 rtgid=1002 tgid=3766 pid=3777 prio=94
       deepPicar-3769  [000] dn.3  1190.974315: rtg_try_acquire_lock: rtg_block: comm=deepPicar rtgid=1002 tgid=3762 pid=3769 prio=94
        tau_rt_4-3761  [000] ...1  1190.974450: tracing_mark_write: gid=1001: job_start
       deepPicar-3730  [003] d..3  1190.994601: rtg_try_release_lock: rtg_release: comm=deepPicar rtgid=1001 tgid=3730 pid=3730 prio=93
       deepPicar-3731  [004] d..3  1190.994605: rtg_try_acquire_lock: rtg_acquire: comm=tau_rt_3 rtgid=1002 tgid=3766 pid=3777 prio=94
       deepPicar-3762  [000] ...1  1191.019940: tracing_mark_write: gid=1002: job_start
        tau_rt_3-3777  [004] dn.3  1191.024297: rtg_try_acquire_lock: rtg_preemptor: comm=deepPicar rtgid=1001 tgid=3731 pid=3731 prio=93
        tau_rt_3-3777  [004] dn.3  1191.024300: rtg_try_acquire_lock: rtg_preemptee: comm=tau_rt_3 rtgid=1002 tgid=3766 pid=3777 prio=94
       deepPicar-3769  [000] dn.3  1191.024309: rtg_try_acquire_lock: rtg_block: comm=deepPicar rtgid=1002 tgid=3762 pid=3769 prio=94
        tau_rt_4-3761  [000] ...1  1191.024448: tracing_mark_write: gid=1001: job_start
       deepPicar-3731  [004] d..3  1191.044383: rtg_try_acquire_lock: rtg_block: comm=tau_rt_3 rtgid=1002 tgid=3766 pid=3777 prio=94
       deepPicar-3730  [003] d..3  1191.044388: rtg_try_acquire_lock: rtg_block: comm=tau_rt_2 rtgid=1002 tgid=3765 pid=3779 prio=94
       deepPicar-3732  [005] d..3  1191.044391: rtg_try_acquire_lock: rtg_block: comm=tau_rt_4 rtgid=1002 tgid=3767 pid=3778 prio=94
        tau_rt_4-3761  [000] d..3  1191.044629: rtg_try_release_lock: rtg_release: comm=tau_rt_4 rtgid=1001 tgid=3727 pid=3761 prio=93
          <idle>-0     [004] dn.3  1191.044632: rtg_try_acquire_lock: rtg_acquire: comm=tau_rt_3 rtgid=1002 tgid=3766 pid=3777 prio=94
       deepPicar-3762  [000] ...1  1191.069936: tracing_mark_write: gid=1002: job_start
        tau_rt_3-3777  [004] dn.3  1191.074299: rtg_try_acquire_lock: rtg_preemptor: comm=deepPicar rtgid=1001 tgid=3731 pid=3731 prio=93
        tau_rt_3-3777  [004] dn.3  1191.074302: rtg_try_acquire_lock: rtg_preemptee: comm=tau_rt_3 rtgid=1002 tgid=3766 pid=3777 prio=94
       deepPicar-3769  [000] dn.3  1191.074316: rtg_try_acquire_lock: rtg_block: comm=deepPicar rtgid=1002 tgid=3762 pid=3769 prio=94
        tau_rt_4-3761  [000] ...1  1191.074448: tracing_mark_write: gid=1001: job_start
       deepPicar-3731  [004] d..3  1191.094620: rtg_try_acquire_lock: rtg_block: comm=tau_rt_3 rtgid=1002 tgid=3766 pid=3777 prio=94
       deepPicar-3730  [003] d..3  1191.094624: rtg_try_acquire_lock: rtg_block: comm=tau_rt_2 rtgid=1002 tgid=3765 pid=3779 prio=94
       deepPicar-3732  [005] d..3  1191.094628: rtg_try_acquire_lock: rtg_block: comm=tau_rt_4 rtgid=1002 tgid=3767 pid=3778 prio=94
        tau_rt_4-3761  [000] d..3  1191.094672: rtg_try_release_lock: rtg_release: comm=tau_rt_4 rtgid=1001 tgid=3727 pid=3761 prio=93
          <idle>-0     [004] dn.3  1191.094674: rtg_try_acquire_lock: rtg_acquire: comm=tau_rt_3 rtgid=1002 tgid=3766 pid=3777 prio=94
       deepPicar-3762  [000] ...1  1191.119865: tracing_mark_write: gid=1002: job_start
        tau_rt_3-3777  [004] dn.3  1191.124298: rtg_try_acquire_lock: rtg_preemptor: comm=deepPicar rtgid=1001 tgid=3731 pid=3731 prio=93
        tau_rt_3-3777  [004] dn.3  1191.124301: rtg_try_acquire_lock: rtg_preemptee: comm=tau_rt_3 rtgid=1002 tgid=3766 pid=3777 prio=94
       deepPicar-3769  [000] dn.3  1191.124309: rtg_try_acquire_lock: rtg_block: comm=deepPicar rtgid=1002 tgid=3762 pid=3769 prio=94
        tau_rt_4-3761  [000] ...1  1191.124449: tracing_mark_write: gid=1001: job_start
       deepPicar-3732  [005] d..3  1191.144518: rtg_try_acquire_lock: rtg_block: comm=tau_rt_4 rtgid=1002 tgid=3767 pid=3778 prio=94
       deepPicar-3730  [003] d..3  1191.144523: rtg_try_acquire_lock: rtg_block: comm=tau_rt_2 rtgid=1002 tgid=3765 pid=3779 prio=94
       deepPicar-3731  [004] d..3  1191.144526: rtg_try_acquire_lock: rtg_block: comm=tau_rt_3 rtgid=1002 tgid=3766 pid=3777 prio=94
        tau_rt_4-3761  [000] d..3  1191.144736: rtg_try_release_lock: rtg_release: comm=tau_rt_4 rtgid=1001 tgid=3727 pid=3761 prio=93
          <idle>-0     [004] dn.3  1191.144739: rtg_try_acquire_lock: rtg_acquire: comm=tau_rt_3 rtgid=1002 tgid=3766 pid=3777 prio=94
       deepPicar-3762  [000] ...1  1191.170049: tracing_mark_write: gid=1002: job_start
        tau_rt_3-3777  [004] dn.3  1191.174299: rtg_try_acquire_lock: rtg_preemptor: comm=deepPicar rtgid=1001 tgid=3731 pid=3731 prio=93
        tau_rt_3-3777  [004] dn.3  1191.174302: rtg_try_acquire_lock: rtg_preemptee: comm=tau_rt_3 rtgid=1002 tgid=3766 pid=3777 prio=94
       deepPicar-3769  [000] dn.3  1191.174314: rtg_try_acquire_lock: rtg_block: comm=deepPicar rtgid=1002 tgid=3762 pid=3769 prio=94
        tau_rt_4-3761  [000] ...1  1191.174451: tracing_mark_write: gid=1001: job_start
       deepPicar-3731  [004] d..3  1191.194708: rtg_try_release_lock: rtg_release: comm=deepPicar rtgid=1001 tgid=3731 pid=3731 prio=93
       deepPicar-3730  [003] d..3  1191.194713: rtg_try_acquire_lock: rtg_acquire: comm=tau_rt_2 rtgid=1002 tgid=3765 pid=3779 prio=94
       deepPicar-3762  [000] ...1  1191.220183: tracing_mark_write: gid=1002: job_start
        tau_rt_4-3778  [005] dn.3  1191.224300: rtg_try_acquire_lock: rtg_preemptor: comm=deepPicar rtgid=1001 tgid=3732 pid=3732 prio=93
        tau_rt_4-3778  [005] dn.3  1191.224302: rtg_try_acquire_lock: rtg_preemptee: comm=tau_rt_2 rtgid=1002 tgid=3765 pid=3779 prio=94
       deepPicar-3769  [000] dn.3  1191.224311: rtg_try_acquire_lock: rtg_block: comm=deepPicar rtgid=1002 tgid=3762 pid=3769 prio=94
        tau_rt_4-3761  [000] ...1  1191.224448: tracing_mark_write: gid=1001: job_start
       deepPicar-3731  [004] d..3  1191.244404: rtg_try_acquire_lock: rtg_block: comm=tau_rt_3 rtgid=1002 tgid=3766 pid=3777 prio=94
       deepPicar-3732  [005] d..3  1191.244410: rtg_try_acquire_lock: rtg_block: comm=tau_rt_4 rtgid=1002 tgid=3767 pid=3778 prio=94
       deepPicar-3730  [003] d..3  1191.244413: rtg_try_acquire_lock: rtg_block: comm=tau_rt_2 rtgid=1002 tgid=3765 pid=3779 prio=94
        tau_rt_4-3761  [000] d..3  1191.244688: rtg_try_release_lock: rtg_release: comm=tau_rt_4 rtgid=1001 tgid=3727 pid=3761 prio=93
          <idle>-0     [003] dn.3  1191.244691: rtg_try_acquire_lock: rtg_acquire: comm=tau_rt_2 rtgid=1002 tgid=3765 pid=3779 prio=94
       deepPicar-3762  [000] ...1  1191.269951: tracing_mark_write: gid=1002: job_start
        tau_rt_3-3777  [004] dn.3  1191.274299: rtg_try_acquire_lock: rtg_preemptor: comm=deepPicar rtgid=1001 tgid=3731 pid=3731 prio=93
        tau_rt_3-3777  [004] dn.3  1191.274302: rtg_try_acquire_lock: rtg_preemptee: comm=tau_rt_2 rtgid=1002 tgid=3765 pid=3779 prio=94
       deepPicar-3769  [000] dn.3  1191.274315: rtg_try_acquire_lock: rtg_block: comm=deepPicar rtgid=1002 tgid=3762 pid=3769 prio=94
        tau_rt_4-3761  [000] ...1  1191.274452: tracing_mark_write: gid=1001: job_start
       deepPicar-3731  [004] d..3  1191.294505: rtg_try_acquire_lock: rtg_block: comm=tau_rt_3 rtgid=1002 tgid=3766 pid=3777 prio=94
       deepPicar-3732  [005] d..3  1191.294509: rtg_try_acquire_lock: rtg_block: comm=tau_rt_4 rtgid=1002 tgid=3767 pid=3778 prio=94
       deepPicar-3730  [003] d..3  1191.294512: rtg_try_acquire_lock: rtg_block: comm=tau_rt_2 rtgid=1002 tgid=3765 pid=3779 prio=94
        tau_rt_4-3761  [000] d..3  1191.294572: rtg_try_release_lock: rtg_release: comm=tau_rt_4 rtgid=1001 tgid=3727 pid=3761 prio=93
          <idle>-0     [004] dn.3  1191.294575: rtg_try_acquire_lock: rtg_acquire: comm=tau_rt_3 rtgid=1002 tgid=3766 pid=3777 prio=94
       deepPicar-3762  [000] ...1  1191.319627: tracing_mark_write: gid=1002: job_start
        tau_rt_3-3777  [004] dn.3  1191.324298: rtg_try_acquire_lock: rtg_preemptor: comm=deepPicar rtgid=1001 tgid=3731 pid=3731 prio=93
        tau_rt_3-3777  [004] dn.3  1191.324300: rtg_try_acquire_lock: rtg_preemptee: comm=tau_rt_3 rtgid=1002 tgid=3766 pid=3777 prio=94
       deepPicar-3769  [000] dn.3  1191.324310: rtg_try_acquire_lock: rtg_block: comm=deepPicar rtgid=1002 tgid=3762 pid=3769 prio=94
        tau_rt_4-3761  [000] ...1  1191.324449: tracing_mark_write: gid=1001: job_start
       deepPicar-3731  [004] d..3  1191.344448: rtg_try_acquire_lock: rtg_block: comm=tau_rt_3 rtgid=1002 tgid=3766 pid=3777 prio=94
       deepPicar-3730  [003] d..3  1191.344452: rtg_try_acquire_lock: rtg_block: comm=tau_rt_2 rtgid=1002 tgid=3765 pid=3779 prio=94
       deepPicar-3732  [005] d..3  1191.344456: rtg_try_acquire_lock: rtg_block: comm=tau_rt_4 rtgid=1002 tgid=3767 pid=3778 prio=94
        tau_rt_4-3761  [000] d..3  1191.344650: rtg_try_release_lock: rtg_release: comm=tau_rt_4 rtgid=1001 tgid=3727 pid=3761 prio=93
          <idle>-0     [004] dn.3  1191.344653: rtg_try_acquire_lock: rtg_acquire: comm=tau_rt_3 rtgid=1002 tgid=3766 pid=3777 prio=94
       deepPicar-3762  [000] ...1  1191.369873: tracing_mark_write: gid=1002: job_start
        tau_rt_3-3777  [004] dn.3  1191.374299: rtg_try_acquire_lock: rtg_preemptor: comm=deepPicar rtgid=1001 tgid=3731 pid=3731 prio=93
        tau_rt_3-3777  [004] dn.3  1191.374301: rtg_try_acquire_lock: rtg_preemptee: comm=tau_rt_3 rtgid=1002 tgid=3766 pid=3777 prio=94
       deepPicar-3769  [000] dn.3  1191.374314: rtg_try_acquire_lock: rtg_block: comm=deepPicar rtgid=1002 tgid=3762 pid=3769 prio=94
        tau_rt_4-3761  [000] ...1  1191.374450: tracing_mark_write: gid=1001: job_start
       deepPicar-3731  [004] d..3  1191.394642: rtg_try_acquire_lock: rtg_block: comm=tau_rt_3 rtgid=1002 tgid=3766 pid=3777 prio=94
       deepPicar-3730  [003] d..3  1191.394647: rtg_try_acquire_lock: rtg_block: comm=tau_rt_2 rtgid=1002 tgid=3765 pid=3779 prio=94
       deepPicar-3732  [005] d..3  1191.394650: rtg_try_acquire_lock: rtg_block: comm=tau_rt_4 rtgid=1002 tgid=3767 pid=3778 prio=94
        tau_rt_4-3761  [000] d..3  1191.394721: rtg_try_release_lock: rtg_release: comm=tau_rt_4 rtgid=1001 tgid=3727 pid=3761 prio=93
          <idle>-0     [004] dn.3  1191.394723: rtg_try_acquire_lock: rtg_acquire: comm=tau_rt_3 rtgid=1002 tgid=3766 pid=3777 prio=94
       deepPicar-3762  [000] ...1  1191.420057: tracing_mark_write: gid=1002: job_start
        tau_rt_4-3778  [005] dn.3  1191.424298: rtg_try_acquire_lock: rtg_preemptor: comm=deepPicar rtgid=1001 tgid=3732 pid=3732 prio=93
        tau_rt_4-3778  [005] dn.3  1191.424301: rtg_try_acquire_lock: rtg_preemptee: comm=tau_rt_3 rtgid=1002 tgid=3766 pid=3777 prio=94
       deepPicar-3769  [000] dn.3  1191.424311: rtg_try_acquire_lock: rtg_block: comm=deepPicar rtgid=1002 tgid=3762 pid=3769 prio=94
        tau_rt_4-3761  [000] ...1  1191.424449: tracing_mark_write: gid=1001: job_start
       deepPicar-3732  [005] d..3  1191.444472: rtg_try_acquire_lock: rtg_block: comm=tau_rt_4 rtgid=1002 tgid=3767 pid=3778 prio=94
       deepPicar-3731  [004] d..3  1191.444476: rtg_try_acquire_lock: rtg_block: comm=tau_rt_3 rtgid=1002 tgid=3766 pid=3777 prio=94
       deepPicar-3730  [003] d..3  1191.444479: rtg_try_acquire_lock: rtg_block: comm=tau_rt_2 rtgid=1002 tgid=3765 pid=3779 prio=94
        tau_rt_4-3761  [000] d..3  1191.444707: rtg_try_release_lock: rtg_release: comm=tau_rt_4 rtgid=1001 tgid=3727 pid=3761 prio=93
          <idle>-0     [005] dn.3  1191.444710: rtg_try_acquire_lock: rtg_acquire: comm=tau_rt_4 rtgid=1002 tgid=3767 pid=3778 prio=94
       deepPicar-3762  [000] ...1  1191.470322: tracing_mark_write: gid=1002: job_start
        tau_rt_3-3777  [004] dn.3  1191.474300: rtg_try_acquire_lock: rtg_preemptor: comm=deepPicar rtgid=1001 tgid=3731 pid=3731 prio=93
        tau_rt_3-3777  [004] dn.3  1191.474303: rtg_try_acquire_lock: rtg_preemptee: comm=tau_rt_4 rtgid=1002 tgid=3767 pid=3778 prio=94
       deepPicar-3769  [000] dn.3  1191.474315: rtg_try_acquire_lock: rtg_block: comm=deepPicar rtgid=1002 tgid=3762 pid=3769 prio=94
        tau_rt_4-3761  [000] ...1  1191.474452: tracing_mark_write: gid=1001: job_start
       deepPicar-3732  [005] d..3  1191.494574: rtg_try_acquire_lock: rtg_block: comm=tau_rt_4 rtgid=1002 tgid=3767 pid=3778 prio=94
       deepPicar-3731  [004] d..3  1191.494579: rtg_try_acquire_lock: rtg_block: comm=tau_rt_3 rtgid=1002 tgid=3766 pid=3777 prio=94
       deepPicar-3730  [003] d..3  1191.494583: rtg_try_acquire_lock: rtg_block: comm=tau_rt_2 rtgid=1002 tgid=3765 pid=3779 prio=94
        tau_rt_4-3761  [000] d..3  1191.494665: rtg_try_release_lock: rtg_release: comm=tau_rt_4 rtgid=1001 tgid=3727 pid=3761 prio=93
          <idle>-0     [005] dn.3  1191.494668: rtg_try_acquire_lock: rtg_acquire: comm=tau_rt_4 rtgid=1002 tgid=3767 pid=3778 prio=94
       deepPicar-3762  [000] ...1  1191.520116: tracing_mark_write: gid=1002: job_start
        tau_rt_3-3777  [004] dn.3  1191.524299: rtg_try_acquire_lock: rtg_preemptor: comm=deepPicar rtgid=1001 tgid=3731 pid=3731 prio=93
        tau_rt_3-3777  [004] dn.3  1191.524302: rtg_try_acquire_lock: rtg_preemptee: comm=tau_rt_4 rtgid=1002 tgid=3767 pid=3778 prio=94
       deepPicar-3769  [000] dn.3  1191.524312: rtg_try_acquire_lock: rtg_block: comm=deepPicar rtgid=1002 tgid=3762 pid=3769 prio=94
        tau_rt_4-3761  [000] ...1  1191.524450: tracing_mark_write: gid=1001: job_start
       deepPicar-3731  [004] d..3  1191.544517: rtg_try_acquire_lock: rtg_block: comm=tau_rt_3 rtgid=1002 tgid=3766 pid=3777 prio=94
       deepPicar-3732  [005] d..3  1191.544521: rtg_try_acquire_lock: rtg_block: comm=tau_rt_4 rtgid=1002 tgid=3767 pid=3778 prio=94
       deepPicar-3730  [003] d..3  1191.544525: rtg_try_acquire_lock: rtg_block: comm=tau_rt_2 rtgid=1002 tgid=3765 pid=3779 prio=94
        tau_rt_4-3761  [000] d..3  1191.544676: rtg_try_release_lock: rtg_release: comm=tau_rt_4 rtgid=1001 tgid=3727 pid=3761 prio=93
          <idle>-0     [003] dn.3  1191.544679: rtg_try_acquire_lock: rtg_acquire: comm=tau_rt_2 rtgid=1002 tgid=3765 pid=3779 prio=94
       deepPicar-3762  [000] ...1  1191.570218: tracing_mark_write: gid=1002: job_start
        tau_rt_3-3777  [004] dn.3  1191.574300: rtg_try_acquire_lock: rtg_preemptor: comm=deepPicar rtgid=1001 tgid=3731 pid=3731 prio=93
        tau_rt_3-3777  [004] dn.3  1191.574303: rtg_try_acquire_lock: rtg_preemptee: comm=tau_rt_2 rtgid=1002 tgid=3765 pid=3779 prio=94
       deepPicar-3769  [000] dn.3  1191.574316: rtg_try_acquire_lock: rtg_block: comm=deepPicar rtgid=1002 tgid=3762 pid=3769 prio=94
        tau_rt_4-3761  [000] ...1  1191.574452: tracing_mark_write: gid=1001: job_start
       deepPicar-3730  [003] d..3  1191.594664: rtg_try_release_lock: rtg_release: comm=deepPicar rtgid=1001 tgid=3730 pid=3730 prio=93
       deepPicar-3731  [004] d..3  1191.594667: rtg_try_acquire_lock: rtg_acquire: comm=tau_rt_3 rtgid=1002 tgid=3766 pid=3777 prio=94
       deepPicar-3762  [000] ...1  1191.620044: tracing_mark_write: gid=1002: job_start
        tau_rt_3-3777  [004] dn.3  1191.624297: rtg_try_acquire_lock: rtg_preemptor: comm=deepPicar rtgid=1001 tgid=3731 pid=3731 prio=93
        tau_rt_3-3777  [004] dn.3  1191.624300: rtg_try_acquire_lock: rtg_preemptee: comm=tau_rt_3 rtgid=1002 tgid=3766 pid=3777 prio=94
       deepPicar-3769  [000] dn.3  1191.624309: rtg_try_acquire_lock: rtg_block: comm=deepPicar rtgid=1002 tgid=3762 pid=3769 prio=94
        tau_rt_4-3761  [000] ...1  1191.624449: tracing_mark_write: gid=1001: job_start
       deepPicar-3730  [003] d..3  1191.644413: rtg_try_acquire_lock: rtg_block: comm=tau_rt_2 rtgid=1002 tgid=3765 pid=3779 prio=94
       deepPicar-3731  [004] d..3  1191.644418: rtg_try_acquire_lock: rtg_block: comm=tau_rt_3 rtgid=1002 tgid=3766 pid=3777 prio=94
       deepPicar-3732  [005] d..3  1191.644454: rtg_try_acquire_lock: rtg_block: comm=tau_rt_4 rtgid=1002 tgid=3767 pid=3778 prio=94
        tau_rt_4-3761  [000] d..3  1191.644758: rtg_try_release_lock: rtg_release: comm=tau_rt_4 rtgid=1001 tgid=3727 pid=3761 prio=93
          <idle>-0     [004] dn.3  1191.644761: rtg_try_acquire_lock: rtg_acquire: comm=tau_rt_3 rtgid=1002 tgid=3766 pid=3777 prio=94
       deepPicar-3762  [000] ...1  1191.670132: tracing_mark_write: gid=1002: job_start
        tau_rt_4-3778  [005] dn.3  1191.674300: rtg_try_acquire_lock: rtg_preemptor: comm=deepPicar rtgid=1001 tgid=3732 pid=3732 prio=93
        tau_rt_4-3778  [005] dn.3  1191.674303: rtg_try_acquire_lock: rtg_preemptee: comm=tau_rt_3 rtgid=1002 tgid=3766 pid=3777 prio=94
       deepPicar-3769  [000] dn.3  1191.674316: rtg_try_acquire_lock: rtg_block: comm=deepPicar rtgid=1002 tgid=3762 pid=3769 prio=94
        tau_rt_4-3761  [000] ...1  1191.674450: tracing_mark_write: gid=1001: job_start
       deepPicar-3731  [004] d..3  1191.694593: rtg_try_release_lock: rtg_release: comm=deepPicar rtgid=1001 tgid=3731 pid=3731 prio=93
       deepPicar-3732  [005] d..3  1191.694597: rtg_try_acquire_lock: rtg_acquire: comm=tau_rt_4 rtgid=1002 tgid=3767 pid=3778 prio=94
       deepPicar-3762  [000] ...1  1191.719743: tracing_mark_write: gid=1002: job_start
        tau_rt_3-3777  [004] dn.3  1191.724297: rtg_try_acquire_lock: rtg_preemptor: comm=deepPicar rtgid=1001 tgid=3731 pid=3731 prio=93
        tau_rt_3-3777  [004] dn.3  1191.724300: rtg_try_acquire_lock: rtg_preemptee: comm=tau_rt_4 rtgid=1002 tgid=3767 pid=3778 prio=94
       deepPicar-3769  [000] dn.3  1191.724309: rtg_try_acquire_lock: rtg_block: comm=deepPicar rtgid=1002 tgid=3762 pid=3769 prio=94
        tau_rt_4-3761  [000] ...1  1191.724448: tracing_mark_write: gid=1001: job_start
       deepPicar-3731  [004] d..3  1191.744472: rtg_try_acquire_lock: rtg_block: comm=tau_rt_3 rtgid=1002 tgid=3766 pid=3777 prio=94
       deepPicar-3730  [003] d..3  1191.744476: rtg_try_acquire_lock: rtg_block: comm=tau_rt_2 rtgid=1002 tgid=3765 pid=3779 prio=94
       deepPicar-3732  [005] d..3  1191.744479: rtg_try_acquire_lock: rtg_block: comm=tau_rt_4 rtgid=1002 tgid=3767 pid=3778 prio=94
        tau_rt_4-3761  [000] d..3  1191.744599: rtg_try_release_lock: rtg_release: comm=tau_rt_4 rtgid=1001 tgid=3727 pid=3761 prio=93
          <idle>-0     [005] dn.3  1191.744601: rtg_try_acquire_lock: rtg_acquire: comm=tau_rt_4 rtgid=1002 tgid=3767 pid=3778 prio=94
       deepPicar-3762  [000] ...1  1191.769719: tracing_mark_write: gid=1002: job_start
        tau_rt_3-3777  [004] dn.3  1191.774301: rtg_try_acquire_lock: rtg_preemptor: comm=deepPicar rtgid=1001 tgid=3731 pid=3731 prio=93
        tau_rt_3-3777  [004] dn.3  1191.774303: rtg_try_acquire_lock: rtg_preemptee: comm=tau_rt_4 rtgid=1002 tgid=3767 pid=3778 prio=94
       deepPicar-3769  [000] dn.3  1191.774316: rtg_try_acquire_lock: rtg_block: comm=deepPicar rtgid=1002 tgid=3762 pid=3769 prio=94
        tau_rt_4-3761  [000] ...1  1191.774452: tracing_mark_write: gid=1001: job_start
       deepPicar-3732  [005] d..3  1191.794579: rtg_try_acquire_lock: rtg_block: comm=tau_rt_4 rtgid=1002 tgid=3767 pid=3778 prio=94
       deepPicar-3731  [004] d..3  1191.794583: rtg_try_acquire_lock: rtg_block: comm=tau_rt_3 rtgid=1002 tgid=3766 pid=3777 prio=94
       deepPicar-3730  [003] d..3  1191.794586: rtg_try_acquire_lock: rtg_block: comm=tau_rt_2 rtgid=1002 tgid=3765 pid=3779 prio=94
        tau_rt_4-3761  [000] d..3  1191.794606: rtg_try_release_lock: rtg_release: comm=tau_rt_4 rtgid=1001 tgid=3727 pid=3761 prio=93
   kworker/u13:0-143   [003] dn.3  1191.794609: rtg_try_acquire_lock: rtg_acquire: comm=tau_rt_2 rtgid=1002 tgid=3765 pid=3779 prio=94
       deepPicar-3769  [000] d..3  1191.813818: rtg_try_release_lock: rtg_release: comm=deepPicar rtgid=1002 tgid=3762 pid=3769 prio=94
       deepPicar-3769  [000] d..3  1191.813822: rtg_try_acquire_lock: rtg_acquire: comm=deepPicar rtgid=1002 tgid=3762 pid=3762 prio=94
       deepPicar-3762  [000] ...1  1191.813933: tracing_mark_write: gid=1002: job_start
       deepPicar-3762  [000] d..3  1191.815040: rtg_try_release_lock: rtg_release: comm=deepPicar rtgid=1002 tgid=3762 pid=3762 prio=94
       deepPicar-3762  [000] d..3  1191.815042: rtg_try_acquire_lock: rtg_acquire: comm=deepPicar rtgid=1002 tgid=3762 pid=3776 prio=94
       deepPicar-3776  [000] d..3  1191.815779: rtg_try_release_lock: rtg_release: comm=deepPicar rtgid=1002 tgid=3762 pid=3776 prio=94
       deepPicar-3776  [000] d..3  1191.815781: rtg_try_acquire_lock: rtg_acquire: comm=deepPicar rtgid=1002 tgid=3762 pid=3769 prio=94
        tau_rt_3-3777  [004] dn.3  1191.824299: rtg_try_acquire_lock: rtg_preemptor: comm=deepPicar rtgid=1001 tgid=3731 pid=3731 prio=93
        tau_rt_3-3777  [004] dn.3  1191.824301: rtg_try_acquire_lock: rtg_preemptee: comm=deepPicar rtgid=1002 tgid=3762 pid=3769 prio=94
       deepPicar-3769  [000] dn.3  1191.824312: rtg_try_acquire_lock: rtg_block: comm=deepPicar rtgid=1002 tgid=3762 pid=3769 prio=94
        tau_rt_4-3761  [000] ...1  1191.824448: tracing_mark_write: gid=1001: job_start
       deepPicar-3732  [005] d..3  1191.844653: rtg_try_acquire_lock: rtg_block: comm=tau_rt_4 rtgid=1002 tgid=3767 pid=3778 prio=94
       deepPicar-3731  [004] d..3  1191.844657: rtg_try_acquire_lock: rtg_block: comm=tau_rt_3 rtgid=1002 tgid=3766 pid=3777 prio=94
       deepPicar-3730  [003] d..3  1191.844660: rtg_try_acquire_lock: rtg_block: comm=tau_rt_2 rtgid=1002 tgid=3765 pid=3779 prio=94
        tau_rt_4-3761  [000] d..3  1191.844772: rtg_try_release_lock: rtg_release: comm=tau_rt_4 rtgid=1001 tgid=3727 pid=3761 prio=93
          <idle>-0     [004] dn.3  1191.844775: rtg_try_acquire_lock: rtg_acquire: comm=tau_rt_3 rtgid=1002 tgid=3766 pid=3777 prio=94
       deepPicar-3762  [000] ...1  1191.863576: tracing_mark_write: gid=1002: job_start
        tau_rt_3-3777  [004] dn.3  1191.874298: rtg_try_acquire_lock: rtg_preemptor: comm=deepPicar rtgid=1001 tgid=3731 pid=3731 prio=93
        tau_rt_3-3777  [004] dn.3  1191.874300: rtg_try_acquire_lock: rtg_preemptee: comm=tau_rt_3 rtgid=1002 tgid=3766 pid=3777 prio=94
       deepPicar-3769  [000] dn.3  1191.874312: rtg_try_acquire_lock: rtg_block: comm=deepPicar rtgid=1002 tgid=3762 pid=3769 prio=94
        tau_rt_4-3761  [000] ...1  1191.874449: tracing_mark_write: gid=1001: job_start
       deepPicar-3730  [003] d..3  1191.894714: rtg_try_release_lock: rtg_release: comm=deepPicar rtgid=1001 tgid=3730 pid=3730 prio=93
       deepPicar-3732  [005] d..3  1191.894718: rtg_try_acquire_lock: rtg_acquire: comm=tau_rt_4 rtgid=1002 tgid=3767 pid=3778 prio=94
       deepPicar-3762  [000] ...1  1191.916160: tracing_mark_write: gid=1002: job_start
        tau_rt_3-3777  [004] dn.3  1191.924300: rtg_try_acquire_lock: rtg_preemptor: comm=deepPicar rtgid=1001 tgid=3731 pid=3731 prio=93
        tau_rt_3-3777  [004] dn.3  1191.924303: rtg_try_acquire_lock: rtg_preemptee: comm=tau_rt_4 rtgid=1002 tgid=3767 pid=3778 prio=94
       deepPicar-3769  [000] dn.3  1191.924313: rtg_try_acquire_lock: rtg_block: comm=deepPicar rtgid=1002 tgid=3762 pid=3769 prio=94
        tau_rt_4-3761  [000] ...1  1191.924448: tracing_mark_write: gid=1001: job_start
       deepPicar-3731  [004] d..3  1191.944569: rtg_try_acquire_lock: rtg_block: comm=tau_rt_3 rtgid=1002 tgid=3766 pid=3777 prio=94
       deepPicar-3730  [003] d..3  1191.944573: rtg_try_acquire_lock: rtg_block: comm=tau_rt_2 rtgid=1002 tgid=3765 pid=3779 prio=94
       deepPicar-3732  [005] d..3  1191.944576: rtg_try_acquire_lock: rtg_block: comm=tau_rt_4 rtgid=1002 tgid=3767 pid=3778 prio=94
        tau_rt_4-3761  [000] d..3  1191.944682: rtg_try_release_lock: rtg_release: comm=tau_rt_4 rtgid=1001 tgid=3727 pid=3761 prio=93
          <idle>-0     [005] dn.3  1191.944684: rtg_try_acquire_lock: rtg_acquire: comm=tau_rt_4 rtgid=1002 tgid=3767 pid=3778 prio=94
       deepPicar-3762  [000] ...1  1191.967867: tracing_mark_write: gid=1002: job_start
        tau_rt_3-3777  [004] dn.3  1191.974301: rtg_try_acquire_lock: rtg_preemptor: comm=deepPicar rtgid=1001 tgid=3731 pid=3731 prio=93
        tau_rt_3-3777  [004] dn.3  1191.974303: rtg_try_acquire_lock: rtg_preemptee: comm=tau_rt_4 rtgid=1002 tgid=3767 pid=3778 prio=94
       deepPicar-3769  [000] dn.3  1191.974313: rtg_try_acquire_lock: rtg_block: comm=deepPicar rtgid=1002 tgid=3762 pid=3769 prio=94
        tau_rt_4-3761  [000] ...1  1191.974449: tracing_mark_write: gid=1001: job_start
       deepPicar-3731  [004] d..3  1191.994807: rtg_try_release_lock: rtg_release: comm=deepPicar rtgid=1001 tgid=3731 pid=3731 prio=93
       deepPicar-3730  [003] d..3  1191.994812: rtg_try_acquire_lock: rtg_acquire: comm=tau_rt_2 rtgid=1002 tgid=3765 pid=3779 prio=94
       deepPicar-3762  [000] ...1  1192.020137: tracing_mark_write: gid=1002: job_start
        tau_rt_3-3777  [004] dn.3  1192.024299: rtg_try_acquire_lock: rtg_preemptor: comm=deepPicar rtgid=1001 tgid=3731 pid=3731 prio=93
        tau_rt_3-3777  [004] dn.3  1192.024302: rtg_try_acquire_lock: rtg_preemptee: comm=tau_rt_2 rtgid=1002 tgid=3765 pid=3779 prio=94
       deepPicar-3769  [000] dn.3  1192.024311: rtg_try_acquire_lock: rtg_block: comm=deepPicar rtgid=1002 tgid=3762 pid=3769 prio=94
        tau_rt_4-3761  [000] ...1  1192.024449: tracing_mark_write: gid=1001: job_start
       deepPicar-3732  [005] d..3  1192.044509: rtg_try_acquire_lock: rtg_block: comm=tau_rt_4 rtgid=1002 tgid=3767 pid=3778 prio=94
       deepPicar-3731  [004] d..3  1192.044513: rtg_try_acquire_lock: rtg_block: comm=tau_rt_3 rtgid=1002 tgid=3766 pid=3777 prio=94
       deepPicar-3730  [003] d..3  1192.044516: rtg_try_acquire_lock: rtg_block: comm=tau_rt_2 rtgid=1002 tgid=3765 pid=3779 prio=94
        tau_rt_4-3761  [000] d..3  1192.044672: rtg_try_release_lock: rtg_release: comm=tau_rt_4 rtgid=1001 tgid=3727 pid=3761 prio=93
          <idle>-0     [003] dn.3  1192.044675: rtg_try_acquire_lock: rtg_acquire: comm=tau_rt_2 rtgid=1002 tgid=3765 pid=3779 prio=94
       deepPicar-3762  [000] ...1  1192.072179: tracing_mark_write: gid=1002: job_start
        tau_rt_3-3777  [004] dn.3  1192.074297: rtg_try_acquire_lock: rtg_preemptor: comm=deepPicar rtgid=1001 tgid=3731 pid=3731 prio=93
        tau_rt_3-3777  [004] dn.3  1192.074299: rtg_try_acquire_lock: rtg_preemptee: comm=tau_rt_2 rtgid=1002 tgid=3765 pid=3779 prio=94
       deepPicar-3775  [000] dn.3  1192.074309: rtg_try_acquire_lock: rtg_block: comm=deepPicar rtgid=1002 tgid=3762 pid=3775 prio=94
        tau_rt_4-3761  [000] ...1  1192.074454: tracing_mark_write: gid=1001: job_start
       deepPicar-3731  [004] d..3  1192.094661: rtg_try_acquire_lock: rtg_block: comm=tau_rt_3 rtgid=1002 tgid=3766 pid=3777 prio=94
       deepPicar-3730  [003] d..3  1192.094665: rtg_try_acquire_lock: rtg_block: comm=tau_rt_2 rtgid=1002 tgid=3765 pid=3779 prio=94
       deepPicar-3732  [005] d..3  1192.094712: rtg_try_acquire_lock: rtg_block: comm=tau_rt_4 rtgid=1002 tgid=3767 pid=3778 prio=94
        tau_rt_4-3761  [000] d..3  1192.094737: rtg_try_release_lock: rtg_release: comm=tau_rt_4 rtgid=1001 tgid=3727 pid=3761 prio=93
          <idle>-0     [005] dn.3  1192.094739: rtg_try_acquire_lock: rtg_acquire: comm=tau_rt_4 rtgid=1002 tgid=3767 pid=3778 prio=94
       deepPicar-3762  [000] ...1  1192.121559: tracing_mark_write: gid=1002: job_start
        tau_rt_3-3777  [004] dn.3  1192.124300: rtg_try_acquire_lock: rtg_preemptor: comm=deepPicar rtgid=1001 tgid=3731 pid=3731 prio=93
        tau_rt_3-3777  [004] dn.3  1192.124302: rtg_try_acquire_lock: rtg_preemptee: comm=tau_rt_4 rtgid=1002 tgid=3767 pid=3778 prio=94
       deepPicar-3776  [000] dn.3  1192.124311: rtg_try_acquire_lock: rtg_block: comm=deepPicar rtgid=1002 tgid=3762 pid=3776 prio=94
        tau_rt_4-3761  [000] ...1  1192.124449: tracing_mark_write: gid=1001: job_start
       deepPicar-3732  [005] d..3  1192.144552: rtg_try_acquire_lock: rtg_block: comm=tau_rt_4 rtgid=1002 tgid=3767 pid=3778 prio=94
       deepPicar-3730  [003] d..3  1192.144556: rtg_try_acquire_lock: rtg_block: comm=tau_rt_2 rtgid=1002 tgid=3765 pid=3779 prio=94
       deepPicar-3731  [004] d..3  1192.144559: rtg_try_acquire_lock: rtg_block: comm=tau_rt_3 rtgid=1002 tgid=3766 pid=3777 prio=94
        tau_rt_4-3761  [000] d..3  1192.144638: rtg_try_release_lock: rtg_release: comm=tau_rt_4 rtgid=1001 tgid=3727 pid=3761 prio=93
          <idle>-0     [004] dn.3  1192.144641: rtg_try_acquire_lock: rtg_acquire: comm=tau_rt_3 rtgid=1002 tgid=3766 pid=3777 prio=94
       deepPicar-3762  [000] ...1  1192.170896: tracing_mark_write: gid=1002: job_start
        tau_rt_3-3777  [004] dn.3  1192.174301: rtg_try_acquire_lock: rtg_preemptor: comm=deepPicar rtgid=1001 tgid=3731 pid=3731 prio=93
        tau_rt_3-3777  [004] dn.3  1192.174304: rtg_try_acquire_lock: rtg_preemptee: comm=tau_rt_3 rtgid=1002 tgid=3766 pid=3777 prio=94
       deepPicar-3769  [000] dn.3  1192.174314: rtg_try_acquire_lock: rtg_block: comm=deepPicar rtgid=1002 tgid=3762 pid=3769 prio=94
        tau_rt_4-3761  [000] ...1  1192.174451: tracing_mark_write: gid=1001: job_start
       deepPicar-3737  [005] d..3  1192.194585: rtg_try_release_lock: rtg_release: comm=deepPicar rtgid=1001 tgid=3732 pid=3737 prio=93
       deepPicar-3736  [004] d..3  1192.194589: rtg_try_acquire_lock: rtg_acquire: comm=deepPicar rtgid=1001 tgid=3731 pid=3731 prio=93
          <idle>-0     [000] dn.3  1192.194593: rtg_try_acquire_lock: rtg_block: comm=deepPicar rtgid=1002 tgid=3762 pid=3769 prio=94
       deepPicar-3731  [004] d..3  1192.194704: rtg_try_release_lock: rtg_release: comm=deepPicar rtgid=1001 tgid=3731 pid=3731 prio=93
       deepPicar-3732  [005] d..3  1192.194707: rtg_try_acquire_lock: rtg_acquire: comm=tau_rt_4 rtgid=1002 tgid=3767 pid=3778 prio=94
       deepPicar-3762  [000] ...1  1192.220186: tracing_mark_write: gid=1002: job_start
        tau_rt_3-3777  [004] dn.3  1192.224296: rtg_try_acquire_lock: rtg_preemptor: comm=deepPicar rtgid=1001 tgid=3731 pid=3731 prio=93
        tau_rt_3-3777  [004] dn.3  1192.224298: rtg_try_acquire_lock: rtg_preemptee: comm=tau_rt_4 rtgid=1002 tgid=3767 pid=3778 prio=94
       deepPicar-3769  [000] dn.3  1192.224307: rtg_try_acquire_lock: rtg_block: comm=deepPicar rtgid=1002 tgid=3762 pid=3769 prio=94
        tau_rt_4-3761  [000] ...1  1192.224450: tracing_mark_write: gid=1001: job_start
       deepPicar-3730  [003] d..3  1192.244409: rtg_try_acquire_lock: rtg_block: comm=tau_rt_2 rtgid=1002 tgid=3765 pid=3779 prio=94
       deepPicar-3731  [004] d..3  1192.244414: rtg_try_acquire_lock: rtg_block: comm=tau_rt_3 rtgid=1002 tgid=3766 pid=3777 prio=94
       deepPicar-3732  [005] d..3  1192.244417: rtg_try_acquire_lock: rtg_block: comm=tau_rt_4 rtgid=1002 tgid=3767 pid=3778 prio=94
        tau_rt_4-3761  [000] d..3  1192.244667: rtg_try_release_lock: rtg_release: comm=tau_rt_4 rtgid=1001 tgid=3727 pid=3761 prio=93
          <idle>-0     [005] dn.3  1192.244670: rtg_try_acquire_lock: rtg_acquire: comm=tau_rt_4 rtgid=1002 tgid=3767 pid=3778 prio=94
       deepPicar-3762  [000] ...1  1192.269921: tracing_mark_write: gid=1002: job_start
        tau_rt_3-3777  [004] dn.3  1192.274300: rtg_try_acquire_lock: rtg_preemptor: comm=deepPicar rtgid=1001 tgid=3731 pid=3731 prio=93
        tau_rt_3-3777  [004] dn.3  1192.274303: rtg_try_acquire_lock: rtg_preemptee: comm=tau_rt_4 rtgid=1002 tgid=3767 pid=3778 prio=94
       deepPicar-3769  [000] dn.3  1192.274315: rtg_try_acquire_lock: rtg_block: comm=deepPicar rtgid=1002 tgid=3762 pid=3769 prio=94
        tau_rt_4-3761  [000] ...1  1192.274452: tracing_mark_write: gid=1001: job_start
       deepPicar-3730  [003] d..3  1192.294641: rtg_try_acquire_lock: rtg_block: comm=tau_rt_2 rtgid=1002 tgid=3765 pid=3779 prio=94
       deepPicar-3732  [005] d..3  1192.294645: rtg_try_acquire_lock: rtg_block: comm=tau_rt_4 rtgid=1002 tgid=3767 pid=3778 prio=94
       deepPicar-3731  [004] d..3  1192.294648: rtg_try_acquire_lock: rtg_block: comm=tau_rt_3 rtgid=1002 tgid=3766 pid=3777 prio=94
        tau_rt_4-3761  [000] d..3  1192.294689: rtg_try_release_lock: rtg_release: comm=tau_rt_4 rtgid=1001 tgid=3727 pid=3761 prio=93
          <idle>-0     [004] dn.3  1192.294692: rtg_try_acquire_lock: rtg_acquire: comm=tau_rt_3 rtgid=1002 tgid=3766 pid=3777 prio=94
       deepPicar-3762  [000] ...1  1192.320177: tracing_mark_write: gid=1002: job_start
        tau_rt_3-3777  [004] dn.3  1192.324297: rtg_try_acquire_lock: rtg_preemptor: comm=deepPicar rtgid=1001 tgid=3731 pid=3731 prio=93
        tau_rt_3-3777  [004] dn.3  1192.324300: rtg_try_acquire_lock: rtg_preemptee: comm=tau_rt_3 rtgid=1002 tgid=3766 pid=3777 prio=94
       deepPicar-3769  [000] dn.3  1192.324309: rtg_try_acquire_lock: rtg_block: comm=deepPicar rtgid=1002 tgid=3762 pid=3769 prio=94
        tau_rt_4-3761  [000] ...1  1192.324450: tracing_mark_write: gid=1001: job_start
       deepPicar-3732  [005] d..3  1192.344678: rtg_try_acquire_lock: rtg_block: comm=tau_rt_4 rtgid=1002 tgid=3767 pid=3778 prio=94
       deepPicar-3731  [004] d..3  1192.344682: rtg_try_acquire_lock: rtg_block: comm=tau_rt_3 rtgid=1002 tgid=3766 pid=3777 prio=94
       deepPicar-3730  [003] d..3  1192.344684: rtg_try_acquire_lock: rtg_block: comm=tau_rt_2 rtgid=1002 tgid=3765 pid=3779 prio=94
        tau_rt_4-3761  [000] d..3  1192.344693: rtg_try_release_lock: rtg_release: comm=tau_rt_4 rtgid=1001 tgid=3727 pid=3761 prio=93
        tau_rt_4-3761  [000] d..3  1192.344696: rtg_try_acquire_lock: rtg_acquire: comm=deepPicar rtgid=1002 tgid=3762 pid=3769 prio=94
       deepPicar-3762  [000] ...1  1192.356328: tracing_mark_write: gid=1002: job_start
        tau_rt_3-3777  [004] dn.3  1192.374300: rtg_try_acquire_lock: rtg_preemptor: comm=deepPicar rtgid=1001 tgid=3731 pid=3731 prio=93
        tau_rt_3-3777  [004] dn.3  1192.374303: rtg_try_acquire_lock: rtg_preemptee: comm=deepPicar rtgid=1002 tgid=3762 pid=3769 prio=94
       deepPicar-3769  [000] dn.3  1192.374312: rtg_try_acquire_lock: rtg_block: comm=deepPicar rtgid=1002 tgid=3762 pid=3769 prio=94
        tau_rt_4-3761  [000] ...1  1192.374453: tracing_mark_write: gid=1001: job_start
       deepPicar-3731  [004] d..3  1192.394613: rtg_try_acquire_lock: rtg_block: comm=tau_rt_3 rtgid=1002 tgid=3766 pid=3777 prio=94
       deepPicar-3730  [003] d..3  1192.394617: rtg_try_acquire_lock: rtg_block: comm=tau_rt_2 rtgid=1002 tgid=3765 pid=3779 prio=94
       deepPicar-3732  [005] d..3  1192.394620: rtg_try_acquire_lock: rtg_block: comm=tau_rt_4 rtgid=1002 tgid=3767 pid=3778 prio=94
        tau_rt_4-3761  [000] d..3  1192.394628: rtg_try_release_lock: rtg_release: comm=tau_rt_4 rtgid=1001 tgid=3727 pid=3761 prio=93
        tau_rt_4-3761  [000] d..3  1192.394631: rtg_try_acquire_lock: rtg_acquire: comm=deepPicar rtgid=1002 tgid=3762 pid=3769 prio=94
       deepPicar-3762  [000] ...1  1192.398569: tracing_mark_write: gid=1002: job_start
        tau_rt_3-3777  [004] dn.3  1192.424301: rtg_try_acquire_lock: rtg_preemptor: comm=deepPicar rtgid=1001 tgid=3731 pid=3731 prio=93
        tau_rt_3-3777  [004] dn.3  1192.424304: rtg_try_acquire_lock: rtg_preemptee: comm=deepPicar rtgid=1002 tgid=3762 pid=3769 prio=94
       deepPicar-3769  [000] dn.3  1192.424315: rtg_try_acquire_lock: rtg_block: comm=deepPicar rtgid=1002 tgid=3762 pid=3769 prio=94
        tau_rt_4-3761  [000] ...1  1192.424451: tracing_mark_write: gid=1001: job_start
       deepPicar-3731  [004] d..3  1192.444475: rtg_try_acquire_lock: rtg_block: comm=tau_rt_3 rtgid=1002 tgid=3766 pid=3777 prio=94
       deepPicar-3730  [003] d..3  1192.444479: rtg_try_acquire_lock: rtg_block: comm=tau_rt_2 rtgid=1002 tgid=3765 pid=3779 prio=94
       deepPicar-3732  [005] d..3  1192.444482: rtg_try_acquire_lock: rtg_block: comm=tau_rt_4 rtgid=1002 tgid=3767 pid=3778 prio=94
        tau_rt_4-3761  [000] d..3  1192.444632: rtg_try_release_lock: rtg_release: comm=tau_rt_4 rtgid=1001 tgid=3727 pid=3761 prio=93
          <idle>-0     [003] dn.3  1192.444635: rtg_try_acquire_lock: rtg_acquire: comm=tau_rt_2 rtgid=1002 tgid=3765 pid=3779 prio=94
       deepPicar-3762  [000] ...1  1192.450935: tracing_mark_write: gid=1002: job_start
        tau_rt_3-3777  [004] dn.3  1192.474302: rtg_try_acquire_lock: rtg_preemptor: comm=deepPicar rtgid=1001 tgid=3731 pid=3731 prio=93
        tau_rt_3-3777  [004] dn.3  1192.474305: rtg_try_acquire_lock: rtg_preemptee: comm=tau_rt_2 rtgid=1002 tgid=3765 pid=3779 prio=94
       deepPicar-3769  [000] dn.3  1192.474315: rtg_try_acquire_lock: rtg_block: comm=deepPicar rtgid=1002 tgid=3762 pid=3769 prio=94
        tau_rt_4-3761  [000] ...1  1192.474450: tracing_mark_write: gid=1001: job_start
       deepPicar-3731  [004] d..3  1192.494687: rtg_try_acquire_lock: rtg_block: comm=tau_rt_3 rtgid=1002 tgid=3766 pid=3777 prio=94
       deepPicar-3730  [003] d..3  1192.494693: rtg_try_acquire_lock: rtg_block: comm=tau_rt_2 rtgid=1002 tgid=3765 pid=3779 prio=94
       deepPicar-3732  [005] d..3  1192.494696: rtg_try_acquire_lock: rtg_block: comm=tau_rt_4 rtgid=1002 tgid=3767 pid=3778 prio=94
        tau_rt_4-3761  [000] d..3  1192.494753: rtg_try_release_lock: rtg_release: comm=tau_rt_4 rtgid=1001 tgid=3727 pid=3761 prio=93
          <idle>-0     [004] dn.3  1192.494755: rtg_try_acquire_lock: rtg_acquire: comm=tau_rt_3 rtgid=1002 tgid=3766 pid=3777 prio=94
       deepPicar-3762  [000] ...1  1192.503353: tracing_mark_write: gid=1002: job_start
        tau_rt_3-3777  [004] dn.3  1192.524300: rtg_try_acquire_lock: rtg_preemptor: comm=deepPicar rtgid=1001 tgid=3731 pid=3731 prio=93
        tau_rt_3-3777  [004] dn.3  1192.524302: rtg_try_acquire_lock: rtg_preemptee: comm=tau_rt_3 rtgid=1002 tgid=3766 pid=3777 prio=94
       deepPicar-3769  [000] dn.3  1192.524311: rtg_try_acquire_lock: rtg_block: comm=deepPicar rtgid=1002 tgid=3762 pid=3769 prio=94
        tau_rt_4-3761  [000] ...1  1192.524449: tracing_mark_write: gid=1001: job_start
       deepPicar-3732  [005] d..3  1192.544400: rtg_try_acquire_lock: rtg_block: comm=tau_rt_4 rtgid=1002 tgid=3767 pid=3778 prio=94
       deepPicar-3731  [004] d..3  1192.544406: rtg_try_acquire_lock: rtg_block: comm=tau_rt_3 rtgid=1002 tgid=3766 pid=3777 prio=94
       deepPicar-3730  [003] d..3  1192.544409: rtg_try_acquire_lock: rtg_block: comm=tau_rt_2 rtgid=1002 tgid=3765 pid=3779 prio=94
        tau_rt_4-3761  [000] d..3  1192.544638: rtg_try_release_lock: rtg_release: comm=tau_rt_4 rtgid=1001 tgid=3727 pid=3761 prio=93
          <idle>-0     [005] dn.3  1192.544641: rtg_try_acquire_lock: rtg_acquire: comm=tau_rt_4 rtgid=1002 tgid=3767 pid=3778 prio=94
       deepPicar-3762  [000] ...1  1192.555933: tracing_mark_write: gid=1002: job_start
        tau_rt_3-3777  [004] dn.3  1192.574300: rtg_try_acquire_lock: rtg_preemptor: comm=deepPicar rtgid=1001 tgid=3731 pid=3731 prio=93
        tau_rt_3-3777  [004] dn.3  1192.574302: rtg_try_acquire_lock: rtg_preemptee: comm=tau_rt_4 rtgid=1002 tgid=3767 pid=3778 prio=94
       deepPicar-3769  [000] dn.3  1192.574312: rtg_try_acquire_lock: rtg_block: comm=deepPicar rtgid=1002 tgid=3762 pid=3769 prio=94
        tau_rt_4-3761  [000] ...1  1192.574447: tracing_mark_write: gid=1001: job_start
       deepPicar-3730  [003] d..3  1192.594580: rtg_try_acquire_lock: rtg_block: comm=tau_rt_2 rtgid=1002 tgid=3765 pid=3779 prio=94
       deepPicar-3732  [005] d..3  1192.594584: rtg_try_acquire_lock: rtg_block: comm=tau_rt_4 rtgid=1002 tgid=3767 pid=3778 prio=94
       deepPicar-3731  [004] d..3  1192.594588: rtg_try_acquire_lock: rtg_block: comm=tau_rt_3 rtgid=1002 tgid=3766 pid=3777 prio=94
        tau_rt_4-3761  [000] d..3  1192.594621: rtg_try_release_lock: rtg_release: comm=tau_rt_4 rtgid=1001 tgid=3727 pid=3761 prio=93
          <idle>-0     [003] dn.3  1192.594623: rtg_try_acquire_lock: rtg_acquire: comm=tau_rt_2 rtgid=1002 tgid=3765 pid=3779 prio=94
       deepPicar-3762  [000] ...1  1192.608285: tracing_mark_write: gid=1002: job_start
        tau_rt_3-3777  [004] dn.3  1192.624298: rtg_try_acquire_lock: rtg_preemptor: comm=deepPicar rtgid=1001 tgid=3731 pid=3731 prio=93
        tau_rt_3-3777  [004] dn.3  1192.624301: rtg_try_acquire_lock: rtg_preemptee: comm=tau_rt_2 rtgid=1002 tgid=3765 pid=3779 prio=94
       deepPicar-3769  [000] dn.3  1192.624310: rtg_try_acquire_lock: rtg_block: comm=deepPicar rtgid=1002 tgid=3762 pid=3769 prio=94
        tau_rt_4-3761  [000] ...1  1192.624448: tracing_mark_write: gid=1001: job_start
       deepPicar-3732  [005] d..3  1192.644442: rtg_try_acquire_lock: rtg_block: comm=tau_rt_4 rtgid=1002 tgid=3767 pid=3778 prio=94
       deepPicar-3731  [004] d..3  1192.644447: rtg_try_acquire_lock: rtg_block: comm=tau_rt_3 rtgid=1002 tgid=3766 pid=3777 prio=94
       deepPicar-3730  [003] d..3  1192.644450: rtg_try_acquire_lock: rtg_block: comm=tau_rt_2 rtgid=1002 tgid=3765 pid=3779 prio=94
        tau_rt_4-3761  [000] d..3  1192.644648: rtg_try_release_lock: rtg_release: comm=tau_rt_4 rtgid=1001 tgid=3727 pid=3761 prio=93
          <idle>-0     [004] dn.3  1192.644651: rtg_try_acquire_lock: rtg_acquire: comm=tau_rt_3 rtgid=1002 tgid=3766 pid=3777 prio=94
       deepPicar-3762  [000] ...1  1192.660705: tracing_mark_write: gid=1002: job_start
        tau_rt_3-3777  [004] dn.3  1192.674301: rtg_try_acquire_lock: rtg_preemptor: comm=deepPicar rtgid=1001 tgid=3731 pid=3731 prio=93
        tau_rt_3-3777  [004] dn.3  1192.674304: rtg_try_acquire_lock: rtg_preemptee: comm=tau_rt_3 rtgid=1002 tgid=3766 pid=3777 prio=94
       deepPicar-3769  [000] dn.3  1192.674314: rtg_try_acquire_lock: rtg_block: comm=deepPicar rtgid=1002 tgid=3762 pid=3769 prio=94
        tau_rt_4-3761  [000] ...1  1192.674450: tracing_mark_write: gid=1001: job_start
       deepPicar-3731  [004] d..3  1192.694492: rtg_try_acquire_lock: rtg_block: comm=tau_rt_3 rtgid=1002 tgid=3766 pid=3777 prio=94
       deepPicar-3730  [003] d..3  1192.694497: rtg_try_acquire_lock: rtg_block: comm=tau_rt_2 rtgid=1002 tgid=3765 pid=3779 prio=94
       deepPicar-3732  [005] d..3  1192.694500: rtg_try_acquire_lock: rtg_block: comm=tau_rt_4 rtgid=1002 tgid=3767 pid=3778 prio=94
        tau_rt_4-3761  [000] d..3  1192.694626: rtg_try_release_lock: rtg_release: comm=tau_rt_4 rtgid=1001 tgid=3727 pid=3761 prio=93
          <idle>-0     [004] dn.3  1192.694628: rtg_try_acquire_lock: rtg_acquire: comm=tau_rt_3 rtgid=1002 tgid=3766 pid=3777 prio=94
       deepPicar-3762  [000] ...1  1192.713883: tracing_mark_write: gid=1002: job_start
        tau_rt_3-3777  [004] dn.3  1192.724300: rtg_try_acquire_lock: rtg_preemptor: comm=deepPicar rtgid=1001 tgid=3731 pid=3731 prio=93
        tau_rt_3-3777  [004] dn.3  1192.724302: rtg_try_acquire_lock: rtg_preemptee: comm=tau_rt_3 rtgid=1002 tgid=3766 pid=3777 prio=94
       deepPicar-3769  [000] dn.3  1192.724312: rtg_try_acquire_lock: rtg_block: comm=deepPicar rtgid=1002 tgid=3762 pid=3769 prio=94
        tau_rt_4-3761  [000] ...1  1192.724448: tracing_mark_write: gid=1001: job_start
       deepPicar-3731  [004] d..3  1192.744665: rtg_try_acquire_lock: rtg_block: comm=tau_rt_3 rtgid=1002 tgid=3766 pid=3777 prio=94
       deepPicar-3730  [003] d..3  1192.744669: rtg_try_acquire_lock: rtg_block: comm=tau_rt_2 rtgid=1002 tgid=3765 pid=3779 prio=94
       deepPicar-3732  [005] d..3  1192.744672: rtg_try_acquire_lock: rtg_block: comm=tau_rt_4 rtgid=1002 tgid=3767 pid=3778 prio=94
        tau_rt_4-3761  [000] d..3  1192.744734: rtg_try_release_lock: rtg_release: comm=tau_rt_4 rtgid=1001 tgid=3727 pid=3761 prio=93
          <idle>-0     [005] dn.3  1192.744737: rtg_try_acquire_lock: rtg_acquire: comm=tau_rt_4 rtgid=1002 tgid=3767 pid=3778 prio=94
       deepPicar-3762  [000] ...1  1192.766961: tracing_mark_write: gid=1002: job_start
       deepPicar-3762  [000] d..3  1192.768308: rtg_try_release_lock: rtg_release: comm=deepPicar rtgid=1002 tgid=3762 pid=3762 prio=94
       deepPicar-3762  [000] d..3  1192.768311: rtg_try_acquire_lock: rtg_acquire: comm=deepPicar rtgid=1002 tgid=3762 pid=3771 prio=94
        tau_rt_3-3777  [004] dn.3  1192.774301: rtg_try_acquire_lock: rtg_preemptor: comm=deepPicar rtgid=1001 tgid=3731 pid=3731 prio=93
        tau_rt_3-3777  [004] dn.3  1192.774304: rtg_try_acquire_lock: rtg_preemptee: comm=deepPicar rtgid=1002 tgid=3762 pid=3771 prio=94
       deepPicar-3769  [000] dn.3  1192.774316: rtg_try_acquire_lock: rtg_block: comm=deepPicar rtgid=1002 tgid=3762 pid=3769 prio=94
        tau_rt_4-3761  [000] ...1  1192.774450: tracing_mark_write: gid=1001: job_start
       deepPicar-3731  [004] d..3  1192.794647: rtg_try_release_lock: rtg_release: comm=deepPicar rtgid=1001 tgid=3731 pid=3731 prio=93
       deepPicar-3730  [003] d..3  1192.794651: rtg_try_acquire_lock: rtg_acquire: comm=tau_rt_2 rtgid=1002 tgid=3765 pid=3779 prio=94
       deepPicar-3769  [000] d..3  1192.817719: rtg_try_release_lock: rtg_release: comm=deepPicar rtgid=1002 tgid=3762 pid=3769 prio=94
       deepPicar-3769  [000] d..3  1192.817722: rtg_try_acquire_lock: rtg_acquire: comm=deepPicar rtgid=1002 tgid=3762 pid=3762 prio=94
       deepPicar-3762  [000] ...1  1192.817837: tracing_mark_write: gid=1002: job_start
        tau_rt_3-3777  [004] dn.3  1192.824297: rtg_try_acquire_lock: rtg_preemptor: comm=deepPicar rtgid=1001 tgid=3731 pid=3731 prio=93
        tau_rt_3-3777  [004] dn.3  1192.824299: rtg_try_acquire_lock: rtg_preemptee: comm=deepPicar rtgid=1002 tgid=3762 pid=3762 prio=94
       deepPicar-3769  [000] dn.3  1192.824308: rtg_try_acquire_lock: rtg_block: comm=deepPicar rtgid=1002 tgid=3762 pid=3769 prio=94
        tau_rt_4-3761  [000] ...1  1192.824449: tracing_mark_write: gid=1001: job_start
       deepPicar-3732  [005] d..3  1192.844570: rtg_try_acquire_lock: rtg_block: comm=tau_rt_4 rtgid=1002 tgid=3767 pid=3778 prio=94
       deepPicar-3731  [004] d..3  1192.844574: rtg_try_acquire_lock: rtg_block: comm=tau_rt_3 rtgid=1002 tgid=3766 pid=3777 prio=94
       deepPicar-3730  [003] d..3  1192.844577: rtg_try_acquire_lock: rtg_block: comm=tau_rt_2 rtgid=1002 tgid=3765 pid=3779 prio=94
        tau_rt_4-3761  [000] d..3  1192.844621: rtg_try_release_lock: rtg_release: comm=tau_rt_4 rtgid=1001 tgid=3727 pid=3761 prio=93
        tau_rt_4-3761  [000] d..3  1192.844625: rtg_try_acquire_lock: rtg_acquire: comm=deepPicar rtgid=1002 tgid=3762 pid=3769 prio=94
       deepPicar-3762  [000] ...1  1192.855810: tracing_mark_write: gid=1002: job_start
       deepPicar-3762  [000] ...1  1192.869840: tracing_mark_write: gid=1002: job_start
          <idle>-0     [004] dn.3  1192.874299: rtg_try_acquire_lock: rtg_preemptor: comm=deepPicar rtgid=1001 tgid=3731 pid=3731 prio=93
          <idle>-0     [004] dn.3  1192.874302: rtg_try_acquire_lock: rtg_preemptee: comm=deepPicar rtgid=1002 tgid=3762 pid=3769 prio=94
       deepPicar-3769  [000] dn.3  1192.874313: rtg_try_acquire_lock: rtg_block: comm=deepPicar rtgid=1002 tgid=3762 pid=3769 prio=94
        tau_rt_4-3761  [000] ...1  1192.874450: tracing_mark_write: gid=1001: job_start
       deepPicar-3731  [004] d..3  1192.894600: rtg_try_acquire_lock: rtg_block: comm=tau_rt_3 rtgid=1002 tgid=3766 pid=3777 prio=94
       deepPicar-3732  [005] d..3  1192.894604: rtg_try_acquire_lock: rtg_block: comm=tau_rt_4 rtgid=1002 tgid=3767 pid=3778 prio=94
       deepPicar-3730  [003] d..3  1192.894608: rtg_try_acquire_lock: rtg_block: comm=tau_rt_2 rtgid=1002 tgid=3765 pid=3779 prio=94
        tau_rt_4-3761  [000] d..3  1192.894726: rtg_try_release_lock: rtg_release: comm=tau_rt_4 rtgid=1001 tgid=3727 pid=3761 prio=93
          <idle>-0     [004] dn.3  1192.894729: rtg_try_acquire_lock: rtg_acquire: comm=tau_rt_3 rtgid=1002 tgid=3766 pid=3777 prio=94
       deepPicar-3762  [000] ...1  1192.919638: tracing_mark_write: gid=1002: job_start
        tau_rt_4-3778  [005] dn.3  1192.924301: rtg_try_acquire_lock: rtg_preemptor: comm=deepPicar rtgid=1001 tgid=3732 pid=3732 prio=93
        tau_rt_4-3778  [005] dn.3  1192.924304: rtg_try_acquire_lock: rtg_preemptee: comm=tau_rt_3 rtgid=1002 tgid=3766 pid=3777 prio=94
       deepPicar-3769  [000] dn.3  1192.924314: rtg_try_acquire_lock: rtg_block: comm=deepPicar rtgid=1002 tgid=3762 pid=3769 prio=94
        tau_rt_4-3761  [000] ...1  1192.924449: tracing_mark_write: gid=1001: job_start
       deepPicar-3730  [003] d..3  1192.944540: rtg_try_acquire_lock: rtg_block: comm=tau_rt_2 rtgid=1002 tgid=3765 pid=3779 prio=94
       deepPicar-3731  [004] d..3  1192.944544: rtg_try_acquire_lock: rtg_block: comm=tau_rt_3 rtgid=1002 tgid=3766 pid=3777 prio=94
       deepPicar-3732  [005] d..3  1192.944547: rtg_try_acquire_lock: rtg_block: comm=tau_rt_4 rtgid=1002 tgid=3767 pid=3778 prio=94
        tau_rt_4-3761  [000] d..3  1192.944643: rtg_try_release_lock: rtg_release: comm=tau_rt_4 rtgid=1001 tgid=3727 pid=3761 prio=93
          <idle>-0     [004] dn.3  1192.944645: rtg_try_acquire_lock: rtg_acquire: comm=tau_rt_3 rtgid=1002 tgid=3766 pid=3777 prio=94
       deepPicar-3762  [000] ...1  1192.972550: tracing_mark_write: gid=1002: job_start
