       deepPicar-3811  [000] d..3  1243.891369: rtg_try_acquire_lock: rtg_preemptee: comm=tau_rt_3 rtgid=1002 tgid=3838 pid=3842 prio=94
        tau_rt_2-3841  [003] dn.3  1243.891373: rtg_try_acquire_lock: rtg_block: comm=tau_rt_2 rtgid=1002 tgid=3837 pid=3841 prio=94
        tau_rt_3-3842  [004] dn.3  1243.891374: rtg_try_acquire_lock: rtg_block: comm=tau_rt_3 rtgid=1002 tgid=3838 pid=3842 prio=94
        tau_rt_4-3840  [005] dn.3  1243.891375: rtg_try_acquire_lock: rtg_block: comm=tau_rt_4 rtgid=1002 tgid=3839 pid=3840 prio=94
       deepPicar-3790  [000] d..3  1243.902946: rtg_try_acquire_lock: rtg_block: comm=tau_rt_1 rtgid=1002 tgid=3833 pid=3836 prio=94
       deepPicar-3826  [005] d..3  1243.903387: rtg_try_release_lock: rtg_release: comm=deepPicar rtgid=1001 tgid=3795 pid=3826 prio=93
       deepPicar-3827  [003] dn.3  1243.903390: rtg_try_acquire_lock: rtg_acquire: comm=deepPicar rtgid=1001 tgid=3793 pid=3804 prio=93
          <idle>-0     [000] dn.3  1243.903393: rtg_try_acquire_lock: rtg_block: comm=tau_rt_1 rtgid=1002 tgid=3833 pid=3836 prio=94
       deepPicar-3795  [005] d..3  1243.917398: rtg_try_release_lock: rtg_release: comm=deepPicar rtgid=1001 tgid=3795 pid=3795 prio=93
       deepPicar-3794  [004] d..3  1243.917402: rtg_try_acquire_lock: rtg_acquire: comm=tau_rt_3 rtgid=1002 tgid=3838 pid=3842 prio=94
        tau_rt_1-3836  [000] ...1  1243.938974: tracing_mark_write: gid=1002: job_start
        tau_rt_1-3836  [000] dn.3  1243.939248: rtg_try_acquire_lock: rtg_preemptor: comm=deepPicar rtgid=1001 tgid=3790 pid=3790 prio=93
        tau_rt_1-3836  [000] dn.3  1243.939250: rtg_try_acquire_lock: rtg_preemptee: comm=tau_rt_3 rtgid=1002 tgid=3838 pid=3842 prio=94
        tau_rt_2-3841  [003] dn.3  1243.939265: rtg_try_acquire_lock: rtg_block: comm=tau_rt_2 rtgid=1002 tgid=3837 pid=3841 prio=94
        tau_rt_3-3842  [004] dn.3  1243.939268: rtg_try_acquire_lock: rtg_block: comm=tau_rt_3 rtgid=1002 tgid=3838 pid=3842 prio=94
        tau_rt_4-3840  [005] dn.3  1243.939270: rtg_try_acquire_lock: rtg_block: comm=tau_rt_4 rtgid=1002 tgid=3839 pid=3840 prio=94
       deepPicar-3790  [000] ...1  1243.939282: tracing_mark_write: gid=1001: job_start
       deepPicar-3790  [000] d..3  1243.940512: rtg_try_release_lock: rtg_release: comm=deepPicar rtgid=1001 tgid=3790 pid=3790 prio=93
          <idle>-0     [004] dn.3  1243.940514: rtg_try_acquire_lock: rtg_acquire: comm=tau_rt_3 rtgid=1002 tgid=3838 pid=3842 prio=94
       deepPicar-3790  [000] d..3  1243.940517: rtg_try_acquire_lock: rtg_preemptor: comm=deepPicar rtgid=1001 tgid=3790 pid=3806 prio=93
       deepPicar-3790  [000] d..3  1243.940518: rtg_try_acquire_lock: rtg_preemptee: comm=tau_rt_3 rtgid=1002 tgid=3838 pid=3842 prio=94
        tau_rt_2-3841  [003] dn.3  1243.940522: rtg_try_acquire_lock: rtg_block: comm=tau_rt_2 rtgid=1002 tgid=3837 pid=3841 prio=94
        tau_rt_3-3842  [004] dn.3  1243.940524: rtg_try_acquire_lock: rtg_block: comm=tau_rt_3 rtgid=1002 tgid=3838 pid=3842 prio=94
        tau_rt_4-3840  [005] dn.3  1243.940525: rtg_try_acquire_lock: rtg_block: comm=tau_rt_4 rtgid=1002 tgid=3839 pid=3840 prio=94
       deepPicar-3806  [000] d..3  1243.941500: rtg_try_release_lock: rtg_release: comm=deepPicar rtgid=1001 tgid=3790 pid=3806 prio=93
          <idle>-0     [004] dn.3  1243.941501: rtg_try_acquire_lock: rtg_acquire: comm=tau_rt_3 rtgid=1002 tgid=3838 pid=3842 prio=94
       deepPicar-3806  [000] d..3  1243.941504: rtg_try_acquire_lock: rtg_preemptor: comm=deepPicar rtgid=1001 tgid=3790 pid=3798 prio=93
       deepPicar-3806  [000] d..3  1243.941504: rtg_try_acquire_lock: rtg_preemptee: comm=tau_rt_3 rtgid=1002 tgid=3838 pid=3842 prio=94
        tau_rt_2-3841  [003] dn.3  1243.941508: rtg_try_acquire_lock: rtg_block: comm=tau_rt_2 rtgid=1002 tgid=3837 pid=3841 prio=94
        tau_rt_3-3842  [004] dn.3  1243.941509: rtg_try_acquire_lock: rtg_block: comm=tau_rt_3 rtgid=1002 tgid=3838 pid=3842 prio=94
        tau_rt_4-3840  [005] dn.3  1243.941511: rtg_try_acquire_lock: rtg_block: comm=tau_rt_4 rtgid=1002 tgid=3839 pid=3840 prio=94
       deepPicar-3790  [000] d..3  1243.953282: rtg_try_acquire_lock: rtg_block: comm=tau_rt_1 rtgid=1002 tgid=3833 pid=3836 prio=94
       deepPicar-3795  [005] d..3  1243.967473: rtg_try_release_lock: rtg_release: comm=deepPicar rtgid=1001 tgid=3795 pid=3795 prio=93
       deepPicar-3794  [004] dn.3  1243.967477: rtg_try_acquire_lock: rtg_acquire: comm=tau_rt_3 rtgid=1002 tgid=3838 pid=3842 prio=94
        tau_rt_1-3836  [000] dn.3  1243.989242: rtg_try_acquire_lock: rtg_preemptor: comm=deepPicar rtgid=1001 tgid=3790 pid=3790 prio=93
        tau_rt_1-3836  [000] dn.3  1243.989246: rtg_try_acquire_lock: rtg_preemptee: comm=tau_rt_3 rtgid=1002 tgid=3838 pid=3842 prio=94
        tau_rt_2-3841  [003] dn.3  1243.989259: rtg_try_acquire_lock: rtg_block: comm=tau_rt_2 rtgid=1002 tgid=3837 pid=3841 prio=94
        tau_rt_4-3840  [005] dn.3  1243.989262: rtg_try_acquire_lock: rtg_block: comm=tau_rt_4 rtgid=1002 tgid=3839 pid=3840 prio=94
        tau_rt_3-3842  [004] dn.3  1243.989265: rtg_try_acquire_lock: rtg_block: comm=tau_rt_3 rtgid=1002 tgid=3838 pid=3842 prio=94
       deepPicar-3790  [000] ...1  1243.989281: tracing_mark_write: gid=1001: job_start
       deepPicar-3790  [000] d..3  1243.990466: rtg_try_release_lock: rtg_release: comm=deepPicar rtgid=1001 tgid=3790 pid=3790 prio=93
          <idle>-0     [003] dn.3  1243.990469: rtg_try_acquire_lock: rtg_acquire: comm=tau_rt_2 rtgid=1002 tgid=3837 pid=3841 prio=94
       deepPicar-3790  [000] d..3  1243.990472: rtg_try_acquire_lock: rtg_preemptor: comm=deepPicar rtgid=1001 tgid=3790 pid=3807 prio=93
       deepPicar-3790  [000] d..3  1243.990473: rtg_try_acquire_lock: rtg_preemptee: comm=tau_rt_2 rtgid=1002 tgid=3837 pid=3841 prio=94
        tau_rt_2-3841  [003] dn.3  1243.990476: rtg_try_acquire_lock: rtg_block: comm=tau_rt_2 rtgid=1002 tgid=3837 pid=3841 prio=94
        tau_rt_3-3842  [004] dn.3  1243.990478: rtg_try_acquire_lock: rtg_block: comm=tau_rt_3 rtgid=1002 tgid=3838 pid=3842 prio=94
        tau_rt_4-3840  [005] dn.3  1243.990480: rtg_try_acquire_lock: rtg_block: comm=tau_rt_4 rtgid=1002 tgid=3839 pid=3840 prio=94
       deepPicar-3807  [000] d..3  1243.991245: rtg_try_release_lock: rtg_release: comm=deepPicar rtgid=1001 tgid=3790 pid=3807 prio=93
          <idle>-0     [003] dn.3  1243.991247: rtg_try_acquire_lock: rtg_acquire: comm=tau_rt_2 rtgid=1002 tgid=3837 pid=3841 prio=94
       deepPicar-3807  [000] d..3  1243.991249: rtg_try_acquire_lock: rtg_preemptor: comm=deepPicar rtgid=1001 tgid=3790 pid=3798 prio=93
       deepPicar-3807  [000] d..3  1243.991250: rtg_try_acquire_lock: rtg_preemptee: comm=tau_rt_2 rtgid=1002 tgid=3837 pid=3841 prio=94
        tau_rt_2-3841  [003] dn.3  1243.991253: rtg_try_acquire_lock: rtg_block: comm=tau_rt_2 rtgid=1002 tgid=3837 pid=3841 prio=94
        tau_rt_3-3842  [004] dn.3  1243.991254: rtg_try_acquire_lock: rtg_block: comm=tau_rt_3 rtgid=1002 tgid=3838 pid=3842 prio=94
        tau_rt_4-3840  [005] dn.3  1243.991256: rtg_try_acquire_lock: rtg_block: comm=tau_rt_4 rtgid=1002 tgid=3839 pid=3840 prio=94
       deepPicar-3790  [000] d..3  1244.002892: rtg_try_acquire_lock: rtg_block: comm=tau_rt_1 rtgid=1002 tgid=3833 pid=3836 prio=94
       deepPicar-3794  [004] d..3  1244.017196: rtg_try_release_lock: rtg_release: comm=deepPicar rtgid=1001 tgid=3794 pid=3794 prio=93
       deepPicar-3793  [003] dn.3  1244.017200: rtg_try_acquire_lock: rtg_acquire: comm=tau_rt_2 rtgid=1002 tgid=3837 pid=3841 prio=94
        tau_rt_1-3836  [000] ...1  1244.018702: tracing_mark_write: gid=1002: job_start
        tau_rt_1-3836  [000] dn.3  1244.039249: rtg_try_acquire_lock: rtg_preemptor: comm=deepPicar rtgid=1001 tgid=3790 pid=3790 prio=93
        tau_rt_1-3836  [000] dn.3  1244.039252: rtg_try_acquire_lock: rtg_preemptee: comm=tau_rt_2 rtgid=1002 tgid=3837 pid=3841 prio=94
        tau_rt_2-3841  [003] dn.3  1244.039264: rtg_try_acquire_lock: rtg_block: comm=tau_rt_2 rtgid=1002 tgid=3837 pid=3841 prio=94
        tau_rt_4-3840  [005] dn.3  1244.039268: rtg_try_acquire_lock: rtg_block: comm=tau_rt_4 rtgid=1002 tgid=3839 pid=3840 prio=94
        tau_rt_3-3842  [004] dn.3  1244.039271: rtg_try_acquire_lock: rtg_block: comm=tau_rt_3 rtgid=1002 tgid=3838 pid=3842 prio=94
       deepPicar-3790  [000] ...1  1244.039287: tracing_mark_write: gid=1001: job_start
       deepPicar-3790  [000] d..3  1244.040531: rtg_try_release_lock: rtg_release: comm=deepPicar rtgid=1001 tgid=3790 pid=3790 prio=93
          <idle>-0     [005] dn.3  1244.040535: rtg_try_acquire_lock: rtg_acquire: comm=tau_rt_4 rtgid=1002 tgid=3839 pid=3840 prio=94
       deepPicar-3790  [000] d..3  1244.040538: rtg_try_acquire_lock: rtg_preemptor: comm=deepPicar rtgid=1001 tgid=3790 pid=3808 prio=93
       deepPicar-3790  [000] d..3  1244.040539: rtg_try_acquire_lock: rtg_preemptee: comm=tau_rt_4 rtgid=1002 tgid=3839 pid=3840 prio=94
        tau_rt_2-3841  [003] dn.3  1244.040543: rtg_try_acquire_lock: rtg_block: comm=tau_rt_2 rtgid=1002 tgid=3837 pid=3841 prio=94
        tau_rt_3-3842  [004] dn.3  1244.040545: rtg_try_acquire_lock: rtg_block: comm=tau_rt_3 rtgid=1002 tgid=3838 pid=3842 prio=94
        tau_rt_4-3840  [005] dn.3  1244.040546: rtg_try_acquire_lock: rtg_block: comm=tau_rt_4 rtgid=1002 tgid=3839 pid=3840 prio=94
       deepPicar-3808  [000] d..3  1244.041336: rtg_try_release_lock: rtg_release: comm=deepPicar rtgid=1001 tgid=3790 pid=3808 prio=93
          <idle>-0     [003] dn.3  1244.041338: rtg_try_acquire_lock: rtg_acquire: comm=tau_rt_2 rtgid=1002 tgid=3837 pid=3841 prio=94
       deepPicar-3808  [000] d..3  1244.041341: rtg_try_acquire_lock: rtg_preemptor: comm=deepPicar rtgid=1001 tgid=3790 pid=3798 prio=93
       deepPicar-3808  [000] d..3  1244.041342: rtg_try_acquire_lock: rtg_preemptee: comm=tau_rt_2 rtgid=1002 tgid=3837 pid=3841 prio=94
        tau_rt_2-3841  [003] dn.3  1244.041346: rtg_try_acquire_lock: rtg_block: comm=tau_rt_2 rtgid=1002 tgid=3837 pid=3841 prio=94
        tau_rt_3-3842  [004] dn.3  1244.041347: rtg_try_acquire_lock: rtg_block: comm=tau_rt_3 rtgid=1002 tgid=3838 pid=3842 prio=94
        tau_rt_4-3840  [005] dn.3  1244.041349: rtg_try_acquire_lock: rtg_block: comm=tau_rt_4 rtgid=1002 tgid=3839 pid=3840 prio=94
       deepPicar-3790  [000] d..3  1244.053269: rtg_try_acquire_lock: rtg_block: comm=tau_rt_1 rtgid=1002 tgid=3833 pid=3836 prio=94
       deepPicar-3802  [005] d..3  1244.067173: rtg_try_release_lock: rtg_release: comm=deepPicar rtgid=1001 tgid=3795 pid=3802 prio=93
       deepPicar-3804  [003] dn.3  1244.067177: rtg_try_acquire_lock: rtg_acquire: comm=deepPicar rtgid=1001 tgid=3793 pid=3793 prio=93
          <idle>-0     [000] dn.3  1244.067181: rtg_try_acquire_lock: rtg_block: comm=tau_rt_1 rtgid=1002 tgid=3833 pid=3836 prio=94
       deepPicar-3795  [005] d..3  1244.067291: rtg_try_release_lock: rtg_release: comm=deepPicar rtgid=1001 tgid=3795 pid=3795 prio=93
       deepPicar-3794  [004] d..3  1244.067294: rtg_try_acquire_lock: rtg_acquire: comm=tau_rt_3 rtgid=1002 tgid=3838 pid=3842 prio=94
        tau_rt_1-3836  [000] ...1  1244.070327: tracing_mark_write: gid=1002: job_start
        tau_rt_1-3836  [000] dn.3  1244.089242: rtg_try_acquire_lock: rtg_preemptor: comm=deepPicar rtgid=1001 tgid=3790 pid=3790 prio=93
        tau_rt_1-3836  [000] dn.3  1244.089245: rtg_try_acquire_lock: rtg_preemptee: comm=tau_rt_3 rtgid=1002 tgid=3838 pid=3842 prio=94
        tau_rt_2-3841  [003] dn.3  1244.089258: rtg_try_acquire_lock: rtg_block: comm=tau_rt_2 rtgid=1002 tgid=3837 pid=3841 prio=94
        tau_rt_3-3842  [004] dn.3  1244.089262: rtg_try_acquire_lock: rtg_block: comm=tau_rt_3 rtgid=1002 tgid=3838 pid=3842 prio=94
        tau_rt_4-3840  [005] dn.3  1244.089265: rtg_try_acquire_lock: rtg_block: comm=tau_rt_4 rtgid=1002 tgid=3839 pid=3840 prio=94
       deepPicar-3790  [000] ...1  1244.089281: tracing_mark_write: gid=1001: job_start
       deepPicar-3790  [000] d..3  1244.090462: rtg_try_release_lock: rtg_release: comm=deepPicar rtgid=1001 tgid=3790 pid=3790 prio=93
          <idle>-0     [005] dn.3  1244.090464: rtg_try_acquire_lock: rtg_acquire: comm=tau_rt_4 rtgid=1002 tgid=3839 pid=3840 prio=94
       deepPicar-3790  [000] d..3  1244.090467: rtg_try_acquire_lock: rtg_preemptor: comm=deepPicar rtgid=1001 tgid=3790 pid=3809 prio=93
       deepPicar-3790  [000] d..3  1244.090468: rtg_try_acquire_lock: rtg_preemptee: comm=tau_rt_4 rtgid=1002 tgid=3839 pid=3840 prio=94
        tau_rt_2-3841  [003] dn.3  1244.090472: rtg_try_acquire_lock: rtg_block: comm=tau_rt_2 rtgid=1002 tgid=3837 pid=3841 prio=94
        tau_rt_3-3842  [004] dn.3  1244.090473: rtg_try_acquire_lock: rtg_block: comm=tau_rt_3 rtgid=1002 tgid=3838 pid=3842 prio=94
        tau_rt_4-3840  [005] dn.3  1244.090476: rtg_try_acquire_lock: rtg_block: comm=tau_rt_4 rtgid=1002 tgid=3839 pid=3840 prio=94
       deepPicar-3809  [000] d..3  1244.091240: rtg_try_release_lock: rtg_release: comm=deepPicar rtgid=1001 tgid=3790 pid=3809 prio=93
          <idle>-0     [003] dn.3  1244.091242: rtg_try_acquire_lock: rtg_acquire: comm=tau_rt_2 rtgid=1002 tgid=3837 pid=3841 prio=94
       deepPicar-3809  [000] d..3  1244.091245: rtg_try_acquire_lock: rtg_preemptor: comm=deepPicar rtgid=1001 tgid=3790 pid=3798 prio=93
       deepPicar-3809  [000] d..3  1244.091246: rtg_try_acquire_lock: rtg_preemptee: comm=tau_rt_2 rtgid=1002 tgid=3837 pid=3841 prio=94
        tau_rt_3-3842  [004] dn.3  1244.091250: rtg_try_acquire_lock: rtg_block: comm=tau_rt_3 rtgid=1002 tgid=3838 pid=3842 prio=94
        tau_rt_2-3841  [003] dn.3  1244.091251: rtg_try_acquire_lock: rtg_block: comm=tau_rt_2 rtgid=1002 tgid=3837 pid=3841 prio=94
        tau_rt_4-3840  [005] dn.3  1244.091253: rtg_try_acquire_lock: rtg_block: comm=tau_rt_4 rtgid=1002 tgid=3839 pid=3840 prio=94
       deepPicar-3798  [000] dn.3  1244.099973: rtg_try_release_lock: rtg_release: comm=deepPicar rtgid=1001 tgid=3790 pid=3798 prio=93
          <idle>-0     [003] dn.3  1244.099975: rtg_try_acquire_lock: rtg_acquire: comm=tau_rt_2 rtgid=1002 tgid=3837 pid=3841 prio=94
      watchdog/0-11    [000] d..3  1244.099983: rtg_try_acquire_lock: rtg_preemptor: comm=deepPicar rtgid=1001 tgid=3790 pid=3798 prio=93
      watchdog/0-11    [000] d..3  1244.099984: rtg_try_acquire_lock: rtg_preemptee: comm=tau_rt_2 rtgid=1002 tgid=3837 pid=3841 prio=94
        tau_rt_2-3841  [003] dn.3  1244.099988: rtg_try_acquire_lock: rtg_block: comm=tau_rt_2 rtgid=1002 tgid=3837 pid=3841 prio=94
        tau_rt_4-3840  [005] dn.3  1244.099989: rtg_try_acquire_lock: rtg_block: comm=tau_rt_4 rtgid=1002 tgid=3839 pid=3840 prio=94
          <idle>-0     [004] dn.3  1244.099991: rtg_try_acquire_lock: rtg_block: comm=tau_rt_3 rtgid=1002 tgid=3838 pid=3842 prio=94
       deepPicar-3790  [000] d..3  1244.103076: rtg_try_acquire_lock: rtg_block: comm=tau_rt_1 rtgid=1002 tgid=3833 pid=3836 prio=94
       deepPicar-3804  [003] d..3  1244.117275: rtg_try_release_lock: rtg_release: comm=deepPicar rtgid=1001 tgid=3793 pid=3804 prio=93
       deepPicar-3803  [004] dn.3  1244.117279: rtg_try_acquire_lock: rtg_acquire: comm=deepPicar rtgid=1001 tgid=3794 pid=3794 prio=93
          <idle>-0     [000] dn.3  1244.117283: rtg_try_acquire_lock: rtg_block: comm=tau_rt_1 rtgid=1002 tgid=3833 pid=3836 prio=94
       deepPicar-3795  [005] d..3  1244.117394: rtg_try_release_lock: rtg_release: comm=deepPicar rtgid=1001 tgid=3795 pid=3795 prio=93
       deepPicar-3794  [004] d..3  1244.117397: rtg_try_acquire_lock: rtg_acquire: comm=tau_rt_3 rtgid=1002 tgid=3838 pid=3842 prio=94
        tau_rt_1-3836  [000] ...1  1244.121925: tracing_mark_write: gid=1002: job_start
        tau_rt_1-3836  [000] dn.3  1244.139244: rtg_try_acquire_lock: rtg_preemptor: comm=deepPicar rtgid=1001 tgid=3790 pid=3790 prio=93
        tau_rt_1-3836  [000] dn.3  1244.139247: rtg_try_acquire_lock: rtg_preemptee: comm=tau_rt_3 rtgid=1002 tgid=3838 pid=3842 prio=94
        tau_rt_3-3842  [004] dn.3  1244.139261: rtg_try_acquire_lock: rtg_block: comm=tau_rt_3 rtgid=1002 tgid=3838 pid=3842 prio=94
        tau_rt_2-3841  [003] dn.3  1244.139264: rtg_try_acquire_lock: rtg_block: comm=tau_rt_2 rtgid=1002 tgid=3837 pid=3841 prio=94
        tau_rt_4-3840  [005] dn.3  1244.139267: rtg_try_acquire_lock: rtg_block: comm=tau_rt_4 rtgid=1002 tgid=3839 pid=3840 prio=94
       deepPicar-3790  [000] ...1  1244.139282: tracing_mark_write: gid=1001: job_start
       deepPicar-3790  [000] d..3  1244.140496: rtg_try_release_lock: rtg_release: comm=deepPicar rtgid=1001 tgid=3790 pid=3790 prio=93
          <idle>-0     [004] dn.3  1244.140498: rtg_try_acquire_lock: rtg_acquire: comm=tau_rt_3 rtgid=1002 tgid=3838 pid=3842 prio=94
       deepPicar-3790  [000] d..3  1244.140501: rtg_try_acquire_lock: rtg_preemptor: comm=deepPicar rtgid=1001 tgid=3790 pid=3810 prio=93
       deepPicar-3790  [000] d..3  1244.140502: rtg_try_acquire_lock: rtg_preemptee: comm=tau_rt_3 rtgid=1002 tgid=3838 pid=3842 prio=94
        tau_rt_2-3841  [003] dn.3  1244.140505: rtg_try_acquire_lock: rtg_block: comm=tau_rt_2 rtgid=1002 tgid=3837 pid=3841 prio=94
        tau_rt_3-3842  [004] dn.3  1244.140507: rtg_try_acquire_lock: rtg_block: comm=tau_rt_3 rtgid=1002 tgid=3838 pid=3842 prio=94
        tau_rt_4-3840  [005] dn.3  1244.140508: rtg_try_acquire_lock: rtg_block: comm=tau_rt_4 rtgid=1002 tgid=3839 pid=3840 prio=94
       deepPicar-3810  [000] d..3  1244.141333: rtg_try_release_lock: rtg_release: comm=deepPicar rtgid=1001 tgid=3790 pid=3810 prio=93
          <idle>-0     [003] dn.3  1244.141334: rtg_try_acquire_lock: rtg_acquire: comm=tau_rt_2 rtgid=1002 tgid=3837 pid=3841 prio=94
       deepPicar-3810  [000] d..3  1244.141337: rtg_try_acquire_lock: rtg_preemptor: comm=deepPicar rtgid=1001 tgid=3790 pid=3798 prio=93
       deepPicar-3810  [000] d..3  1244.141338: rtg_try_acquire_lock: rtg_preemptee: comm=tau_rt_2 rtgid=1002 tgid=3837 pid=3841 prio=94
        tau_rt_2-3841  [003] dn.3  1244.141342: rtg_try_acquire_lock: rtg_block: comm=tau_rt_2 rtgid=1002 tgid=3837 pid=3841 prio=94
        tau_rt_3-3842  [004] dn.3  1244.141343: rtg_try_acquire_lock: rtg_block: comm=tau_rt_3 rtgid=1002 tgid=3838 pid=3842 prio=94
        tau_rt_4-3840  [005] dn.3  1244.141344: rtg_try_acquire_lock: rtg_block: comm=tau_rt_4 rtgid=1002 tgid=3839 pid=3840 prio=94
       deepPicar-3790  [000] d..3  1244.153077: rtg_try_acquire_lock: rtg_block: comm=tau_rt_1 rtgid=1002 tgid=3833 pid=3836 prio=94
       deepPicar-3824  [003] d..3  1244.153347: rtg_try_release_lock: rtg_release: comm=deepPicar rtgid=1001 tgid=3793 pid=3824 prio=93
       deepPicar-3831  [004] dn.3  1244.153351: rtg_try_acquire_lock: rtg_acquire: comm=deepPicar rtgid=1001 tgid=3794 pid=3803 prio=93
          <idle>-0     [000] dn.3  1244.153354: rtg_try_acquire_lock: rtg_block: comm=tau_rt_1 rtgid=1002 tgid=3833 pid=3836 prio=94
       deepPicar-3793  [003] d..3  1244.167354: rtg_try_acquire_lock: rtg_block: comm=tau_rt_2 rtgid=1002 tgid=3837 pid=3841 prio=94
       deepPicar-3795  [005] d..3  1244.167358: rtg_try_acquire_lock: rtg_block: comm=tau_rt_4 rtgid=1002 tgid=3839 pid=3840 prio=94
       deepPicar-3794  [004] d..3  1244.167402: rtg_try_release_lock: rtg_release: comm=deepPicar rtgid=1001 tgid=3794 pid=3794 prio=93
          <idle>-0     [000] dn.3  1244.167405: rtg_try_acquire_lock: rtg_acquire: comm=tau_rt_1 rtgid=1002 tgid=3833 pid=3836 prio=94
        tau_rt_1-3836  [000] ...1  1244.173555: tracing_mark_write: gid=1002: job_start
        tau_rt_1-3836  [000] dn.3  1244.189243: rtg_try_acquire_lock: rtg_preemptor: comm=deepPicar rtgid=1001 tgid=3790 pid=3790 prio=93
        tau_rt_1-3836  [000] dn.3  1244.189246: rtg_try_acquire_lock: rtg_preemptee: comm=tau_rt_1 rtgid=1002 tgid=3833 pid=3836 prio=94
        tau_rt_3-3842  [004] dn.3  1244.189257: rtg_try_acquire_lock: rtg_block: comm=tau_rt_3 rtgid=1002 tgid=3838 pid=3842 prio=94
        tau_rt_2-3841  [003] dn.3  1244.189261: rtg_try_acquire_lock: rtg_block: comm=tau_rt_2 rtgid=1002 tgid=3837 pid=3841 prio=94
        tau_rt_4-3840  [005] dn.3  1244.189264: rtg_try_acquire_lock: rtg_block: comm=tau_rt_4 rtgid=1002 tgid=3839 pid=3840 prio=94
       deepPicar-3790  [000] ...1  1244.189282: tracing_mark_write: gid=1001: job_start
       deepPicar-3790  [000] d..3  1244.190446: rtg_try_release_lock: rtg_release: comm=deepPicar rtgid=1001 tgid=3790 pid=3790 prio=93
          <idle>-0     [003] dn.3  1244.190449: rtg_try_acquire_lock: rtg_acquire: comm=tau_rt_2 rtgid=1002 tgid=3837 pid=3841 prio=94
       deepPicar-3790  [000] d..3  1244.190453: rtg_try_acquire_lock: rtg_preemptor: comm=deepPicar rtgid=1001 tgid=3790 pid=3811 prio=93
       deepPicar-3790  [000] d..3  1244.190453: rtg_try_acquire_lock: rtg_preemptee: comm=tau_rt_2 rtgid=1002 tgid=3837 pid=3841 prio=94
        tau_rt_2-3841  [003] dn.3  1244.190457: rtg_try_acquire_lock: rtg_block: comm=tau_rt_2 rtgid=1002 tgid=3837 pid=3841 prio=94
        tau_rt_3-3842  [004] dn.3  1244.190459: rtg_try_acquire_lock: rtg_block: comm=tau_rt_3 rtgid=1002 tgid=3838 pid=3842 prio=94
        tau_rt_4-3840  [005] dn.3  1244.190461: rtg_try_acquire_lock: rtg_block: comm=tau_rt_4 rtgid=1002 tgid=3839 pid=3840 prio=94
       deepPicar-3811  [000] d..3  1244.191228: rtg_try_release_lock: rtg_release: comm=deepPicar rtgid=1001 tgid=3790 pid=3811 prio=93
          <idle>-0     [003] dn.3  1244.191230: rtg_try_acquire_lock: rtg_acquire: comm=tau_rt_2 rtgid=1002 tgid=3837 pid=3841 prio=94
       deepPicar-3811  [000] d..3  1244.191232: rtg_try_acquire_lock: rtg_preemptor: comm=deepPicar rtgid=1001 tgid=3790 pid=3798 prio=93
       deepPicar-3811  [000] d..3  1244.191233: rtg_try_acquire_lock: rtg_preemptee: comm=tau_rt_2 rtgid=1002 tgid=3837 pid=3841 prio=94
        tau_rt_2-3841  [003] dn.3  1244.191236: rtg_try_acquire_lock: rtg_block: comm=tau_rt_2 rtgid=1002 tgid=3837 pid=3841 prio=94
        tau_rt_3-3842  [004] dn.3  1244.191237: rtg_try_acquire_lock: rtg_block: comm=tau_rt_3 rtgid=1002 tgid=3838 pid=3842 prio=94
        tau_rt_4-3840  [005] dn.3  1244.191239: rtg_try_acquire_lock: rtg_block: comm=tau_rt_4 rtgid=1002 tgid=3839 pid=3840 prio=94
       deepPicar-3790  [000] d..3  1244.202798: rtg_try_acquire_lock: rtg_block: comm=tau_rt_1 rtgid=1002 tgid=3833 pid=3836 prio=94
       deepPicar-3832  [004] d..3  1244.203281: rtg_try_release_lock: rtg_release: comm=deepPicar rtgid=1001 tgid=3794 pid=3832 prio=93
       deepPicar-3826  [005] dn.3  1244.203285: rtg_try_acquire_lock: rtg_acquire: comm=deepPicar rtgid=1001 tgid=3795 pid=3802 prio=93
          <idle>-0     [000] dn.3  1244.203288: rtg_try_acquire_lock: rtg_block: comm=tau_rt_1 rtgid=1002 tgid=3833 pid=3836 prio=94
       deepPicar-3794  [004] d..3  1244.217270: rtg_try_release_lock: rtg_release: comm=deepPicar rtgid=1001 tgid=3794 pid=3794 prio=93
       deepPicar-3793  [003] d..3  1244.217274: rtg_try_acquire_lock: rtg_acquire: comm=tau_rt_2 rtgid=1002 tgid=3837 pid=3841 prio=94
        tau_rt_1-3836  [000] ...1  1244.224983: tracing_mark_write: gid=1002: job_start
        tau_rt_1-3836  [000] dn.3  1244.239244: rtg_try_acquire_lock: rtg_preemptor: comm=deepPicar rtgid=1001 tgid=3790 pid=3790 prio=93
        tau_rt_1-3836  [000] dn.3  1244.239247: rtg_try_acquire_lock: rtg_preemptee: comm=tau_rt_2 rtgid=1002 tgid=3837 pid=3841 prio=94
        tau_rt_2-3841  [003] dn.3  1244.239259: rtg_try_acquire_lock: rtg_block: comm=tau_rt_2 rtgid=1002 tgid=3837 pid=3841 prio=94
        tau_rt_3-3842  [004] dn.3  1244.239262: rtg_try_acquire_lock: rtg_block: comm=tau_rt_3 rtgid=1002 tgid=3838 pid=3842 prio=94
        tau_rt_4-3840  [005] dn.3  1244.239266: rtg_try_acquire_lock: rtg_block: comm=tau_rt_4 rtgid=1002 tgid=3839 pid=3840 prio=94
       deepPicar-3790  [000] ...1  1244.239283: tracing_mark_write: gid=1001: job_start
       deepPicar-3790  [000] d..3  1244.240505: rtg_try_release_lock: rtg_release: comm=deepPicar rtgid=1001 tgid=3790 pid=3790 prio=93
          <idle>-0     [004] dn.3  1244.240508: rtg_try_acquire_lock: rtg_acquire: comm=tau_rt_3 rtgid=1002 tgid=3838 pid=3842 prio=94
       deepPicar-3790  [000] d..3  1244.240512: rtg_try_acquire_lock: rtg_preemptor: comm=deepPicar rtgid=1001 tgid=3790 pid=3806 prio=93
       deepPicar-3790  [000] d..3  1244.240513: rtg_try_acquire_lock: rtg_preemptee: comm=tau_rt_3 rtgid=1002 tgid=3838 pid=3842 prio=94
        tau_rt_2-3841  [003] dn.3  1244.240516: rtg_try_acquire_lock: rtg_block: comm=tau_rt_2 rtgid=1002 tgid=3837 pid=3841 prio=94
        tau_rt_3-3842  [004] dn.3  1244.240518: rtg_try_acquire_lock: rtg_block: comm=tau_rt_3 rtgid=1002 tgid=3838 pid=3842 prio=94
        tau_rt_4-3840  [005] dn.3  1244.240520: rtg_try_acquire_lock: rtg_block: comm=tau_rt_4 rtgid=1002 tgid=3839 pid=3840 prio=94
       deepPicar-3806  [000] d..3  1244.241380: rtg_try_release_lock: rtg_release: comm=deepPicar rtgid=1001 tgid=3790 pid=3806 prio=93
          <idle>-0     [003] dn.3  1244.241382: rtg_try_acquire_lock: rtg_acquire: comm=tau_rt_2 rtgid=1002 tgid=3837 pid=3841 prio=94
       deepPicar-3806  [000] d..3  1244.241385: rtg_try_acquire_lock: rtg_preemptor: comm=deepPicar rtgid=1001 tgid=3790 pid=3798 prio=93
       deepPicar-3806  [000] d..3  1244.241386: rtg_try_acquire_lock: rtg_preemptee: comm=tau_rt_2 rtgid=1002 tgid=3837 pid=3841 prio=94
        tau_rt_2-3841  [003] dn.3  1244.241389: rtg_try_acquire_lock: rtg_block: comm=tau_rt_2 rtgid=1002 tgid=3837 pid=3841 prio=94
        tau_rt_4-3840  [005] dn.3  1244.241391: rtg_try_acquire_lock: rtg_block: comm=tau_rt_4 rtgid=1002 tgid=3839 pid=3840 prio=94
        tau_rt_3-3842  [004] dn.3  1244.241392: rtg_try_acquire_lock: rtg_block: comm=tau_rt_3 rtgid=1002 tgid=3838 pid=3842 prio=94
       deepPicar-3790  [000] d..3  1244.253276: rtg_try_acquire_lock: rtg_block: comm=tau_rt_1 rtgid=1002 tgid=3833 pid=3836 prio=94
       deepPicar-3803  [004] d..3  1244.267284: rtg_try_release_lock: rtg_release: comm=deepPicar rtgid=1001 tgid=3794 pid=3803 prio=93
          <idle>-0     [003] dn.3  1244.267288: rtg_try_acquire_lock: rtg_acquire: comm=tau_rt_2 rtgid=1002 tgid=3837 pid=3841 prio=94
       deepPicar-3803  [004] d..3  1244.267292: rtg_try_acquire_lock: rtg_preemptor: comm=deepPicar rtgid=1001 tgid=3794 pid=3794 prio=93
       deepPicar-3803  [004] d..3  1244.267292: rtg_try_acquire_lock: rtg_preemptee: comm=tau_rt_2 rtgid=1002 tgid=3837 pid=3841 prio=94
        tau_rt_1-3836  [000] dn.3  1244.267296: rtg_try_acquire_lock: rtg_block: comm=tau_rt_1 rtgid=1002 tgid=3833 pid=3836 prio=94
        tau_rt_4-3840  [005] dn.3  1244.267301: rtg_try_acquire_lock: rtg_block: comm=tau_rt_4 rtgid=1002 tgid=3839 pid=3840 prio=94
        tau_rt_2-3841  [003] dn.3  1244.267303: rtg_try_acquire_lock: rtg_block: comm=tau_rt_2 rtgid=1002 tgid=3837 pid=3841 prio=94
       deepPicar-3794  [004] d..3  1244.267384: rtg_try_release_lock: rtg_release: comm=deepPicar rtgid=1001 tgid=3794 pid=3794 prio=93
          <idle>-0     [000] dn.3  1244.267386: rtg_try_acquire_lock: rtg_acquire: comm=tau_rt_1 rtgid=1002 tgid=3833 pid=3836 prio=94
        tau_rt_1-3836  [000] ...1  1244.276567: tracing_mark_write: gid=1002: job_start
        tau_rt_1-3836  [000] dn.3  1244.289244: rtg_try_acquire_lock: rtg_preemptor: comm=deepPicar rtgid=1001 tgid=3790 pid=3790 prio=93
        tau_rt_1-3836  [000] dn.3  1244.289247: rtg_try_acquire_lock: rtg_preemptee: comm=tau_rt_1 rtgid=1002 tgid=3833 pid=3836 prio=94
        tau_rt_2-3841  [003] dn.3  1244.289259: rtg_try_acquire_lock: rtg_block: comm=tau_rt_2 rtgid=1002 tgid=3837 pid=3841 prio=94
        tau_rt_3-3842  [004] dn.3  1244.289262: rtg_try_acquire_lock: rtg_block: comm=tau_rt_3 rtgid=1002 tgid=3838 pid=3842 prio=94
        tau_rt_4-3840  [005] dn.3  1244.289266: rtg_try_acquire_lock: rtg_block: comm=tau_rt_4 rtgid=1002 tgid=3839 pid=3840 prio=94
       deepPicar-3790  [000] ...1  1244.289282: tracing_mark_write: gid=1001: job_start
       deepPicar-3790  [000] d..3  1244.290486: rtg_try_release_lock: rtg_release: comm=deepPicar rtgid=1001 tgid=3790 pid=3790 prio=93
          <idle>-0     [004] dn.3  1244.290489: rtg_try_acquire_lock: rtg_acquire: comm=tau_rt_3 rtgid=1002 tgid=3838 pid=3842 prio=94
       deepPicar-3790  [000] d..3  1244.290492: rtg_try_acquire_lock: rtg_preemptor: comm=deepPicar rtgid=1001 tgid=3790 pid=3807 prio=93
       deepPicar-3790  [000] d..3  1244.290493: rtg_try_acquire_lock: rtg_preemptee: comm=tau_rt_3 rtgid=1002 tgid=3838 pid=3842 prio=94
        tau_rt_2-3841  [003] dn.3  1244.290496: rtg_try_acquire_lock: rtg_block: comm=tau_rt_2 rtgid=1002 tgid=3837 pid=3841 prio=94
        tau_rt_3-3842  [004] dn.3  1244.290498: rtg_try_acquire_lock: rtg_block: comm=tau_rt_3 rtgid=1002 tgid=3838 pid=3842 prio=94
        tau_rt_4-3840  [005] dn.3  1244.290500: rtg_try_acquire_lock: rtg_block: comm=tau_rt_4 rtgid=1002 tgid=3839 pid=3840 prio=94
       deepPicar-3807  [000] d..3  1244.291266: rtg_try_release_lock: rtg_release: comm=deepPicar rtgid=1001 tgid=3790 pid=3807 prio=93
          <idle>-0     [004] dn.3  1244.291267: rtg_try_acquire_lock: rtg_acquire: comm=tau_rt_3 rtgid=1002 tgid=3838 pid=3842 prio=94
       deepPicar-3807  [000] d..3  1244.291270: rtg_try_acquire_lock: rtg_preemptor: comm=deepPicar rtgid=1001 tgid=3790 pid=3798 prio=93
       deepPicar-3807  [000] d..3  1244.291270: rtg_try_acquire_lock: rtg_preemptee: comm=tau_rt_3 rtgid=1002 tgid=3838 pid=3842 prio=94
        tau_rt_2-3841  [003] dn.3  1244.291274: rtg_try_acquire_lock: rtg_block: comm=tau_rt_2 rtgid=1002 tgid=3837 pid=3841 prio=94
        tau_rt_3-3842  [004] dn.3  1244.291275: rtg_try_acquire_lock: rtg_block: comm=tau_rt_3 rtgid=1002 tgid=3838 pid=3842 prio=94
        tau_rt_4-3840  [005] dn.3  1244.291277: rtg_try_acquire_lock: rtg_block: comm=tau_rt_4 rtgid=1002 tgid=3839 pid=3840 prio=94
       deepPicar-3790  [000] d..3  1244.302948: rtg_try_acquire_lock: rtg_block: comm=tau_rt_1 rtgid=1002 tgid=3833 pid=3836 prio=94
       deepPicar-3804  [003] d..3  1244.317348: rtg_try_release_lock: rtg_release: comm=deepPicar rtgid=1001 tgid=3793 pid=3804 prio=93
       deepPicar-3803  [004] dn.3  1244.317352: rtg_try_acquire_lock: rtg_acquire: comm=deepPicar rtgid=1001 tgid=3794 pid=3794 prio=93
          <idle>-0     [000] dn.3  1244.317356: rtg_try_acquire_lock: rtg_block: comm=tau_rt_1 rtgid=1002 tgid=3833 pid=3836 prio=94
       deepPicar-3795  [005] d..3  1244.317463: rtg_try_release_lock: rtg_release: comm=deepPicar rtgid=1001 tgid=3795 pid=3795 prio=93
       deepPicar-3794  [004] d..3  1244.317466: rtg_try_acquire_lock: rtg_acquire: comm=tau_rt_3 rtgid=1002 tgid=3838 pid=3842 prio=94
        tau_rt_1-3836  [000] ...1  1244.328269: tracing_mark_write: gid=1002: job_start
        tau_rt_1-3836  [000] dn.3  1244.339244: rtg_try_acquire_lock: rtg_preemptor: comm=deepPicar rtgid=1001 tgid=3790 pid=3790 prio=93
        tau_rt_1-3836  [000] dn.3  1244.339247: rtg_try_acquire_lock: rtg_preemptee: comm=tau_rt_3 rtgid=1002 tgid=3838 pid=3842 prio=94
        tau_rt_3-3842  [004] dn.3  1244.339259: rtg_try_acquire_lock: rtg_block: comm=tau_rt_3 rtgid=1002 tgid=3838 pid=3842 prio=94
        tau_rt_2-3841  [003] dn.3  1244.339262: rtg_try_acquire_lock: rtg_block: comm=tau_rt_2 rtgid=1002 tgid=3837 pid=3841 prio=94
        tau_rt_4-3840  [005] dn.3  1244.339266: rtg_try_acquire_lock: rtg_block: comm=tau_rt_4 rtgid=1002 tgid=3839 pid=3840 prio=94
       deepPicar-3790  [000] ...1  1244.339282: tracing_mark_write: gid=1001: job_start
       deepPicar-3790  [000] d..3  1244.340519: rtg_try_release_lock: rtg_release: comm=deepPicar rtgid=1001 tgid=3790 pid=3790 prio=93
          <idle>-0     [003] dn.3  1244.340522: rtg_try_acquire_lock: rtg_acquire: comm=tau_rt_2 rtgid=1002 tgid=3837 pid=3841 prio=94
       deepPicar-3790  [000] d..3  1244.340525: rtg_try_acquire_lock: rtg_preemptor: comm=deepPicar rtgid=1001 tgid=3790 pid=3808 prio=93
       deepPicar-3790  [000] d..3  1244.340526: rtg_try_acquire_lock: rtg_preemptee: comm=tau_rt_2 rtgid=1002 tgid=3837 pid=3841 prio=94
        tau_rt_2-3841  [003] dn.3  1244.340529: rtg_try_acquire_lock: rtg_block: comm=tau_rt_2 rtgid=1002 tgid=3837 pid=3841 prio=94
        tau_rt_3-3842  [004] dn.3  1244.340531: rtg_try_acquire_lock: rtg_block: comm=tau_rt_3 rtgid=1002 tgid=3838 pid=3842 prio=94
        tau_rt_4-3840  [005] dn.3  1244.340533: rtg_try_acquire_lock: rtg_block: comm=tau_rt_4 rtgid=1002 tgid=3839 pid=3840 prio=94
       deepPicar-3808  [000] d..3  1244.341338: rtg_try_release_lock: rtg_release: comm=deepPicar rtgid=1001 tgid=3790 pid=3808 prio=93
          <idle>-0     [004] dn.3  1244.341340: rtg_try_acquire_lock: rtg_acquire: comm=tau_rt_3 rtgid=1002 tgid=3838 pid=3842 prio=94
       deepPicar-3808  [000] d..3  1244.341342: rtg_try_acquire_lock: rtg_preemptor: comm=deepPicar rtgid=1001 tgid=3790 pid=3798 prio=93
       deepPicar-3808  [000] d..3  1244.341343: rtg_try_acquire_lock: rtg_preemptee: comm=tau_rt_3 rtgid=1002 tgid=3838 pid=3842 prio=94
        tau_rt_2-3841  [003] dn.3  1244.341346: rtg_try_acquire_lock: rtg_block: comm=tau_rt_2 rtgid=1002 tgid=3837 pid=3841 prio=94
        tau_rt_3-3842  [004] dn.3  1244.341348: rtg_try_acquire_lock: rtg_block: comm=tau_rt_3 rtgid=1002 tgid=3838 pid=3842 prio=94
        tau_rt_4-3840  [005] dn.3  1244.341349: rtg_try_acquire_lock: rtg_block: comm=tau_rt_4 rtgid=1002 tgid=3839 pid=3840 prio=94
       deepPicar-3790  [000] d..3  1244.353106: rtg_try_acquire_lock: rtg_block: comm=tau_rt_1 rtgid=1002 tgid=3833 pid=3836 prio=94
       deepPicar-3794  [004] d..3  1244.367368: rtg_try_release_lock: rtg_release: comm=deepPicar rtgid=1001 tgid=3794 pid=3794 prio=93
          <idle>-0     [003] dn.3  1244.367372: rtg_try_acquire_lock: rtg_acquire: comm=tau_rt_2 rtgid=1002 tgid=3837 pid=3841 prio=94
        tau_rt_1-3836  [000] ...1  1244.379756: tracing_mark_write: gid=1002: job_start
        tau_rt_1-3836  [000] dn.3  1244.389245: rtg_try_acquire_lock: rtg_preemptor: comm=deepPicar rtgid=1001 tgid=3790 pid=3790 prio=93
        tau_rt_1-3836  [000] dn.3  1244.389248: rtg_try_acquire_lock: rtg_preemptee: comm=tau_rt_2 rtgid=1002 tgid=3837 pid=3841 prio=94
        tau_rt_2-3841  [003] dn.3  1244.389260: rtg_try_acquire_lock: rtg_block: comm=tau_rt_2 rtgid=1002 tgid=3837 pid=3841 prio=94
        tau_rt_3-3842  [004] dn.3  1244.389264: rtg_try_acquire_lock: rtg_block: comm=tau_rt_3 rtgid=1002 tgid=3838 pid=3842 prio=94
        tau_rt_4-3840  [005] dn.3  1244.389267: rtg_try_acquire_lock: rtg_block: comm=tau_rt_4 rtgid=1002 tgid=3839 pid=3840 prio=94
       deepPicar-3790  [000] ...1  1244.389284: tracing_mark_write: gid=1001: job_start
       deepPicar-3790  [000] d..3  1244.390453: rtg_try_release_lock: rtg_release: comm=deepPicar rtgid=1001 tgid=3790 pid=3790 prio=93
          <idle>-0     [003] dn.3  1244.390456: rtg_try_acquire_lock: rtg_acquire: comm=tau_rt_2 rtgid=1002 tgid=3837 pid=3841 prio=94
       deepPicar-3790  [000] d..3  1244.390459: rtg_try_acquire_lock: rtg_preemptor: comm=deepPicar rtgid=1001 tgid=3790 pid=3809 prio=93
       deepPicar-3790  [000] d..3  1244.390460: rtg_try_acquire_lock: rtg_preemptee: comm=tau_rt_2 rtgid=1002 tgid=3837 pid=3841 prio=94
        tau_rt_2-3841  [003] dn.3  1244.390463: rtg_try_acquire_lock: rtg_block: comm=tau_rt_2 rtgid=1002 tgid=3837 pid=3841 prio=94
        tau_rt_3-3842  [004] dn.3  1244.390465: rtg_try_acquire_lock: rtg_block: comm=tau_rt_3 rtgid=1002 tgid=3838 pid=3842 prio=94
        tau_rt_4-3840  [005] dn.3  1244.390468: rtg_try_acquire_lock: rtg_block: comm=tau_rt_4 rtgid=1002 tgid=3839 pid=3840 prio=94
       deepPicar-3809  [000] d..3  1244.391199: rtg_try_release_lock: rtg_release: comm=deepPicar rtgid=1001 tgid=3790 pid=3809 prio=93
          <idle>-0     [003] dn.3  1244.391201: rtg_try_acquire_lock: rtg_acquire: comm=tau_rt_2 rtgid=1002 tgid=3837 pid=3841 prio=94
       deepPicar-3809  [000] d..3  1244.391203: rtg_try_acquire_lock: rtg_preemptor: comm=deepPicar rtgid=1001 tgid=3790 pid=3798 prio=93
       deepPicar-3809  [000] d..3  1244.391204: rtg_try_acquire_lock: rtg_preemptee: comm=tau_rt_2 rtgid=1002 tgid=3837 pid=3841 prio=94
        tau_rt_2-3841  [003] dn.3  1244.391207: rtg_try_acquire_lock: rtg_block: comm=tau_rt_2 rtgid=1002 tgid=3837 pid=3841 prio=94
        tau_rt_3-3842  [004] dn.3  1244.391208: rtg_try_acquire_lock: rtg_block: comm=tau_rt_3 rtgid=1002 tgid=3838 pid=3842 prio=94
        tau_rt_4-3840  [005] dn.3  1244.391210: rtg_try_acquire_lock: rtg_block: comm=tau_rt_4 rtgid=1002 tgid=3839 pid=3840 prio=94
       deepPicar-3790  [000] d..3  1244.402874: rtg_try_acquire_lock: rtg_block: comm=tau_rt_1 rtgid=1002 tgid=3833 pid=3836 prio=94
       deepPicar-3793  [003] d..3  1244.417256: rtg_try_release_lock: rtg_release: comm=deepPicar rtgid=1001 tgid=3793 pid=3793 prio=93
          <idle>-0     [005] dn.3  1244.417260: rtg_try_acquire_lock: rtg_acquire: comm=tau_rt_4 rtgid=1002 tgid=3839 pid=3840 prio=94
        tau_rt_1-3836  [000] ...1  1244.431141: tracing_mark_write: gid=1002: job_start
        tau_rt_1-3836  [000] dn.3  1244.439246: rtg_try_acquire_lock: rtg_preemptor: comm=deepPicar rtgid=1001 tgid=3790 pid=3790 prio=93
        tau_rt_1-3836  [000] dn.3  1244.439249: rtg_try_acquire_lock: rtg_preemptee: comm=tau_rt_4 rtgid=1002 tgid=3839 pid=3840 prio=94
        tau_rt_3-3842  [004] dn.3  1244.439262: rtg_try_acquire_lock: rtg_block: comm=tau_rt_3 rtgid=1002 tgid=3838 pid=3842 prio=94
        tau_rt_2-3841  [003] dn.3  1244.439266: rtg_try_acquire_lock: rtg_block: comm=tau_rt_2 rtgid=1002 tgid=3837 pid=3841 prio=94
        tau_rt_4-3840  [005] dn.3  1244.439268: rtg_try_acquire_lock: rtg_block: comm=tau_rt_4 rtgid=1002 tgid=3839 pid=3840 prio=94
       deepPicar-3790  [000] ...1  1244.439286: tracing_mark_write: gid=1001: job_start
       deepPicar-3790  [000] d..3  1244.440493: rtg_try_release_lock: rtg_release: comm=deepPicar rtgid=1001 tgid=3790 pid=3790 prio=93
          <idle>-0     [005] dn.3  1244.440496: rtg_try_acquire_lock: rtg_acquire: comm=tau_rt_4 rtgid=1002 tgid=3839 pid=3840 prio=94
       deepPicar-3790  [000] d..3  1244.440499: rtg_try_acquire_lock: rtg_preemptor: comm=deepPicar rtgid=1001 tgid=3790 pid=3810 prio=93
       deepPicar-3790  [000] d..3  1244.440500: rtg_try_acquire_lock: rtg_preemptee: comm=tau_rt_4 rtgid=1002 tgid=3839 pid=3840 prio=94
        tau_rt_2-3841  [003] dn.3  1244.440504: rtg_try_acquire_lock: rtg_block: comm=tau_rt_2 rtgid=1002 tgid=3837 pid=3841 prio=94
        tau_rt_3-3842  [004] dn.3  1244.440506: rtg_try_acquire_lock: rtg_block: comm=tau_rt_3 rtgid=1002 tgid=3838 pid=3842 prio=94
        tau_rt_4-3840  [005] dn.3  1244.440507: rtg_try_acquire_lock: rtg_block: comm=tau_rt_4 rtgid=1002 tgid=3839 pid=3840 prio=94
       deepPicar-3810  [000] d..3  1244.441315: rtg_try_release_lock: rtg_release: comm=deepPicar rtgid=1001 tgid=3790 pid=3810 prio=93
          <idle>-0     [003] dn.3  1244.441317: rtg_try_acquire_lock: rtg_acquire: comm=tau_rt_2 rtgid=1002 tgid=3837 pid=3841 prio=94
       deepPicar-3810  [000] d..3  1244.441321: rtg_try_acquire_lock: rtg_preemptor: comm=deepPicar rtgid=1001 tgid=3790 pid=3798 prio=93
       deepPicar-3810  [000] d..3  1244.441323: rtg_try_acquire_lock: rtg_preemptee: comm=tau_rt_2 rtgid=1002 tgid=3837 pid=3841 prio=94
        tau_rt_2-3841  [003] dn.3  1244.441326: rtg_try_acquire_lock: rtg_block: comm=tau_rt_2 rtgid=1002 tgid=3837 pid=3841 prio=94
        tau_rt_3-3842  [004] dn.3  1244.441328: rtg_try_acquire_lock: rtg_block: comm=tau_rt_3 rtgid=1002 tgid=3838 pid=3842 prio=94
        tau_rt_4-3840  [005] dn.3  1244.441330: rtg_try_acquire_lock: rtg_block: comm=tau_rt_4 rtgid=1002 tgid=3839 pid=3840 prio=94
       deepPicar-3790  [000] d..3  1244.453084: rtg_try_acquire_lock: rtg_block: comm=tau_rt_1 rtgid=1002 tgid=3833 pid=3836 prio=94
       deepPicar-3825  [005] d..3  1244.453355: rtg_try_release_lock: rtg_release: comm=deepPicar rtgid=1001 tgid=3795 pid=3825 prio=93
       deepPicar-3824  [003] dn.3  1244.453358: rtg_try_acquire_lock: rtg_acquire: comm=deepPicar rtgid=1001 tgid=3793 pid=3804 prio=93
          <idle>-0     [000] dn.3  1244.453361: rtg_try_acquire_lock: rtg_block: comm=tau_rt_1 rtgid=1002 tgid=3833 pid=3836 prio=94
       deepPicar-3803  [004] d..3  1244.467178: rtg_try_release_lock: rtg_release: comm=deepPicar rtgid=1001 tgid=3794 pid=3803 prio=93
       deepPicar-3804  [003] d..3  1244.467182: rtg_try_acquire_lock: rtg_acquire: comm=deepPicar rtgid=1001 tgid=3793 pid=3793 prio=93
          <idle>-0     [000] dn.3  1244.467185: rtg_try_acquire_lock: rtg_block: comm=tau_rt_1 rtgid=1002 tgid=3833 pid=3836 prio=94
       deepPicar-3793  [003] d..3  1244.467294: rtg_try_release_lock: rtg_release: comm=deepPicar rtgid=1001 tgid=3793 pid=3793 prio=93
       deepPicar-3795  [005] d..3  1244.467296: rtg_try_acquire_lock: rtg_acquire: comm=tau_rt_4 rtgid=1002 tgid=3839 pid=3840 prio=94
        tau_rt_1-3836  [000] ...1  1244.482659: tracing_mark_write: gid=1002: job_start
        tau_rt_1-3836  [000] dn.3  1244.489244: rtg_try_acquire_lock: rtg_preemptor: comm=deepPicar rtgid=1001 tgid=3790 pid=3790 prio=93
        tau_rt_1-3836  [000] dn.3  1244.489247: rtg_try_acquire_lock: rtg_preemptee: comm=tau_rt_4 rtgid=1002 tgid=3839 pid=3840 prio=94
        tau_rt_2-3841  [003] dn.3  1244.489259: rtg_try_acquire_lock: rtg_block: comm=tau_rt_2 rtgid=1002 tgid=3837 pid=3841 prio=94
        tau_rt_3-3842  [004] dn.3  1244.489264: rtg_try_acquire_lock: rtg_block: comm=tau_rt_3 rtgid=1002 tgid=3838 pid=3842 prio=94
        tau_rt_4-3840  [005] dn.3  1244.489267: rtg_try_acquire_lock: rtg_block: comm=tau_rt_4 rtgid=1002 tgid=3839 pid=3840 prio=94
       deepPicar-3790  [000] ...1  1244.489281: tracing_mark_write: gid=1001: job_start
       deepPicar-3790  [000] d..3  1244.490450: rtg_try_release_lock: rtg_release: comm=deepPicar rtgid=1001 tgid=3790 pid=3790 prio=93
          <idle>-0     [003] dn.3  1244.490452: rtg_try_acquire_lock: rtg_acquire: comm=tau_rt_2 rtgid=1002 tgid=3837 pid=3841 prio=94
       deepPicar-3790  [000] d..3  1244.490455: rtg_try_acquire_lock: rtg_preemptor: comm=deepPicar rtgid=1001 tgid=3790 pid=3811 prio=93
       deepPicar-3790  [000] d..3  1244.490456: rtg_try_acquire_lock: rtg_preemptee: comm=tau_rt_2 rtgid=1002 tgid=3837 pid=3841 prio=94
        tau_rt_2-3841  [003] dn.3  1244.490459: rtg_try_acquire_lock: rtg_block: comm=tau_rt_2 rtgid=1002 tgid=3837 pid=3841 prio=94
        tau_rt_3-3842  [004] dn.3  1244.490461: rtg_try_acquire_lock: rtg_block: comm=tau_rt_3 rtgid=1002 tgid=3838 pid=3842 prio=94
        tau_rt_4-3840  [005] dn.3  1244.490463: rtg_try_acquire_lock: rtg_block: comm=tau_rt_4 rtgid=1002 tgid=3839 pid=3840 prio=94
       deepPicar-3811  [000] d..3  1244.491198: rtg_try_release_lock: rtg_release: comm=deepPicar rtgid=1001 tgid=3790 pid=3811 prio=93
          <idle>-0     [003] dn.3  1244.491200: rtg_try_acquire_lock: rtg_acquire: comm=tau_rt_2 rtgid=1002 tgid=3837 pid=3841 prio=94
       deepPicar-3811  [000] d..3  1244.491202: rtg_try_acquire_lock: rtg_preemptor: comm=deepPicar rtgid=1001 tgid=3790 pid=3798 prio=93
       deepPicar-3811  [000] d..3  1244.491203: rtg_try_acquire_lock: rtg_preemptee: comm=tau_rt_2 rtgid=1002 tgid=3837 pid=3841 prio=94
        tau_rt_2-3841  [003] dn.3  1244.491207: rtg_try_acquire_lock: rtg_block: comm=tau_rt_2 rtgid=1002 tgid=3837 pid=3841 prio=94
        tau_rt_3-3842  [004] dn.3  1244.491208: rtg_try_acquire_lock: rtg_block: comm=tau_rt_3 rtgid=1002 tgid=3838 pid=3842 prio=94
        tau_rt_4-3840  [005] dn.3  1244.491209: rtg_try_acquire_lock: rtg_block: comm=tau_rt_4 rtgid=1002 tgid=3839 pid=3840 prio=94
       deepPicar-3790  [000] d..3  1244.502762: rtg_try_acquire_lock: rtg_block: comm=tau_rt_1 rtgid=1002 tgid=3833 pid=3836 prio=94
       deepPicar-3832  [004] d..3  1244.503263: rtg_try_release_lock: rtg_release: comm=deepPicar rtgid=1001 tgid=3794 pid=3832 prio=93
       deepPicar-3826  [005] dn.3  1244.503266: rtg_try_acquire_lock: rtg_acquire: comm=deepPicar rtgid=1001 tgid=3795 pid=3802 prio=93
          <idle>-0     [000] dn.3  1244.503270: rtg_try_acquire_lock: rtg_block: comm=tau_rt_1 rtgid=1002 tgid=3833 pid=3836 prio=94
       deepPicar-3804  [003] d..3  1244.517322: rtg_try_release_lock: rtg_release: comm=deepPicar rtgid=1001 tgid=3793 pid=3804 prio=93
       deepPicar-3803  [004] d..3  1244.517326: rtg_try_acquire_lock: rtg_acquire: comm=deepPicar rtgid=1001 tgid=3794 pid=3794 prio=93
          <idle>-0     [000] dn.3  1244.517329: rtg_try_acquire_lock: rtg_block: comm=tau_rt_1 rtgid=1002 tgid=3833 pid=3836 prio=94
       deepPicar-3793  [003] d..3  1244.517439: rtg_try_release_lock: rtg_release: comm=deepPicar rtgid=1001 tgid=3793 pid=3793 prio=93
       deepPicar-3794  [004] d..3  1244.517441: rtg_try_acquire_lock: rtg_acquire: comm=tau_rt_3 rtgid=1002 tgid=3838 pid=3842 prio=94
        tau_rt_1-3836  [000] ...1  1244.534486: tracing_mark_write: gid=1002: job_start
        tau_rt_1-3836  [000] dn.3  1244.539246: rtg_try_acquire_lock: rtg_preemptor: comm=deepPicar rtgid=1001 tgid=3790 pid=3790 prio=93
        tau_rt_1-3836  [000] dn.3  1244.539249: rtg_try_acquire_lock: rtg_preemptee: comm=tau_rt_3 rtgid=1002 tgid=3838 pid=3842 prio=94
        tau_rt_2-3841  [003] dn.3  1244.539263: rtg_try_acquire_lock: rtg_block: comm=tau_rt_2 rtgid=1002 tgid=3837 pid=3841 prio=94
        tau_rt_3-3842  [004] dn.3  1244.539266: rtg_try_acquire_lock: rtg_block: comm=tau_rt_3 rtgid=1002 tgid=3838 pid=3842 prio=94
        tau_rt_4-3840  [005] dn.3  1244.539270: rtg_try_acquire_lock: rtg_block: comm=tau_rt_4 rtgid=1002 tgid=3839 pid=3840 prio=94
       deepPicar-3790  [000] ...1  1244.539285: tracing_mark_write: gid=1001: job_start
       deepPicar-3790  [000] d..3  1244.540480: rtg_try_release_lock: rtg_release: comm=deepPicar rtgid=1001 tgid=3790 pid=3790 prio=93
          <idle>-0     [004] dn.3  1244.540482: rtg_try_acquire_lock: rtg_acquire: comm=tau_rt_3 rtgid=1002 tgid=3838 pid=3842 prio=94
       deepPicar-3790  [000] d..3  1244.540485: rtg_try_acquire_lock: rtg_preemptor: comm=deepPicar rtgid=1001 tgid=3790 pid=3806 prio=93
       deepPicar-3790  [000] d..3  1244.540486: rtg_try_acquire_lock: rtg_preemptee: comm=tau_rt_3 rtgid=1002 tgid=3838 pid=3842 prio=94
        tau_rt_2-3841  [003] dn.3  1244.540490: rtg_try_acquire_lock: rtg_block: comm=tau_rt_2 rtgid=1002 tgid=3837 pid=3841 prio=94
        tau_rt_3-3842  [004] dn.3  1244.540492: rtg_try_acquire_lock: rtg_block: comm=tau_rt_3 rtgid=1002 tgid=3838 pid=3842 prio=94
        tau_rt_4-3840  [005] dn.3  1244.540493: rtg_try_acquire_lock: rtg_block: comm=tau_rt_4 rtgid=1002 tgid=3839 pid=3840 prio=94
       deepPicar-3806  [000] d..3  1244.541416: rtg_try_release_lock: rtg_release: comm=deepPicar rtgid=1001 tgid=3790 pid=3806 prio=93
          <idle>-0     [003] dn.3  1244.541418: rtg_try_acquire_lock: rtg_acquire: comm=tau_rt_2 rtgid=1002 tgid=3837 pid=3841 prio=94
       deepPicar-3806  [000] d..3  1244.541420: rtg_try_acquire_lock: rtg_preemptor: comm=deepPicar rtgid=1001 tgid=3790 pid=3798 prio=93
       deepPicar-3806  [000] d..3  1244.541421: rtg_try_acquire_lock: rtg_preemptee: comm=tau_rt_2 rtgid=1002 tgid=3837 pid=3841 prio=94
        tau_rt_2-3841  [003] dn.3  1244.541424: rtg_try_acquire_lock: rtg_block: comm=tau_rt_2 rtgid=1002 tgid=3837 pid=3841 prio=94
        tau_rt_3-3842  [004] dn.3  1244.541425: rtg_try_acquire_lock: rtg_block: comm=tau_rt_3 rtgid=1002 tgid=3838 pid=3842 prio=94
        tau_rt_4-3840  [005] dn.3  1244.541427: rtg_try_acquire_lock: rtg_block: comm=tau_rt_4 rtgid=1002 tgid=3839 pid=3840 prio=94
       deepPicar-3790  [000] d..3  1244.553236: rtg_try_acquire_lock: rtg_block: comm=tau_rt_1 rtgid=1002 tgid=3833 pid=3836 prio=94
       deepPicar-3793  [003] d..3  1244.567387: rtg_try_release_lock: rtg_release: comm=deepPicar rtgid=1001 tgid=3793 pid=3793 prio=93
       deepPicar-3795  [005] dn.3  1244.567391: rtg_try_acquire_lock: rtg_acquire: comm=tau_rt_4 rtgid=1002 tgid=3839 pid=3840 prio=94
        tau_rt_1-3836  [000] ...1  1244.586047: tracing_mark_write: gid=1002: job_start
        tau_rt_1-3836  [000] dn.3  1244.589242: rtg_try_acquire_lock: rtg_preemptor: comm=deepPicar rtgid=1001 tgid=3790 pid=3790 prio=93
        tau_rt_1-3836  [000] dn.3  1244.589245: rtg_try_acquire_lock: rtg_preemptee: comm=tau_rt_4 rtgid=1002 tgid=3839 pid=3840 prio=94
        tau_rt_4-3840  [005] dn.3  1244.589258: rtg_try_acquire_lock: rtg_block: comm=tau_rt_4 rtgid=1002 tgid=3839 pid=3840 prio=94
        tau_rt_2-3841  [003] dn.3  1244.589260: rtg_try_acquire_lock: rtg_block: comm=tau_rt_2 rtgid=1002 tgid=3837 pid=3841 prio=94
        tau_rt_3-3842  [004] dn.3  1244.589264: rtg_try_acquire_lock: rtg_block: comm=tau_rt_3 rtgid=1002 tgid=3838 pid=3842 prio=94
       deepPicar-3790  [000] ...1  1244.589279: tracing_mark_write: gid=1001: job_start
       deepPicar-3790  [000] d..3  1244.590488: rtg_try_release_lock: rtg_release: comm=deepPicar rtgid=1001 tgid=3790 pid=3790 prio=93
     kworker/4:0-30    [004] dn.3  1244.590491: rtg_try_acquire_lock: rtg_acquire: comm=tau_rt_3 rtgid=1002 tgid=3838 pid=3842 prio=94
       deepPicar-3790  [000] d..3  1244.590495: rtg_try_acquire_lock: rtg_preemptor: comm=deepPicar rtgid=1001 tgid=3790 pid=3807 prio=93
       deepPicar-3790  [000] d..3  1244.590495: rtg_try_acquire_lock: rtg_preemptee: comm=tau_rt_3 rtgid=1002 tgid=3838 pid=3842 prio=94
        tau_rt_2-3841  [003] dn.3  1244.590499: rtg_try_acquire_lock: rtg_block: comm=tau_rt_2 rtgid=1002 tgid=3837 pid=3841 prio=94
        tau_rt_4-3840  [005] dn.3  1244.590500: rtg_try_acquire_lock: rtg_block: comm=tau_rt_4 rtgid=1002 tgid=3839 pid=3840 prio=94
       deepPicar-3807  [000] d..3  1244.591365: rtg_try_release_lock: rtg_release: comm=deepPicar rtgid=1001 tgid=3790 pid=3807 prio=93
          <idle>-0     [003] dn.3  1244.591368: rtg_try_acquire_lock: rtg_acquire: comm=tau_rt_2 rtgid=1002 tgid=3837 pid=3841 prio=94
