        tau_rt_4-3296  [005] dn.3   678.740029: rtg_try_acquire_lock: rtg_block: comm=tau_rt_4 rtgid=1002 tgid=3293 pid=3296 prio=94
       deepPicar-3245  [000] d..3   678.751289: rtg_try_acquire_lock: rtg_block: comm=tau_rt_1 rtgid=1002 tgid=3288 pid=3294 prio=94
       deepPicar-3257  [003] d..3   678.766887: rtg_try_release_lock: rtg_release: comm=deepPicar rtgid=1001 tgid=3248 pid=3257 prio=93
       deepPicar-3259  [005] dn.3   678.766891: rtg_try_acquire_lock: rtg_acquire: comm=deepPicar rtgid=1001 tgid=3250 pid=3250 prio=93
          <idle>-0     [000] dn.3   678.766895: rtg_try_acquire_lock: rtg_block: comm=tau_rt_1 rtgid=1002 tgid=3288 pid=3294 prio=94
       deepPicar-3250  [005] d..3   678.767007: rtg_try_release_lock: rtg_release: comm=deepPicar rtgid=1001 tgid=3250 pid=3250 prio=93
       deepPicar-3249  [004] d..3   678.767010: rtg_try_acquire_lock: rtg_acquire: comm=tau_rt_3 rtgid=1002 tgid=3292 pid=3295 prio=94
        tau_rt_4-3296  [005] d..3   678.778956: rtg_try_release_lock: rtg_release: comm=tau_rt_4 rtgid=1002 tgid=3293 pid=3296 prio=94
          <idle>-0     [003] dn.3   678.779562: rtg_try_acquire_lock: rtg_acquire: comm=tau_rt_2 rtgid=1002 tgid=3291 pid=3297 prio=94
        tau_rt_1-3294  [000] ...1   678.792168: tracing_mark_write: gid=1002: job_start
        tau_rt_1-3294  [000] dn.3   678.812999: rtg_try_acquire_lock: rtg_preemptor: comm=deepPicar rtgid=1001 tgid=3245 pid=3245 prio=93
        tau_rt_1-3294  [000] dn.3   678.813002: rtg_try_acquire_lock: rtg_preemptee: comm=tau_rt_2 rtgid=1002 tgid=3291 pid=3297 prio=94
        tau_rt_3-3295  [004] dn.3   678.813013: rtg_try_acquire_lock: rtg_block: comm=tau_rt_3 rtgid=1002 tgid=3292 pid=3295 prio=94
        tau_rt_4-3296  [005] dn.3   678.813016: rtg_try_acquire_lock: rtg_block: comm=tau_rt_4 rtgid=1002 tgid=3293 pid=3296 prio=94
       deepPicar-3245  [000] ...1   678.813035: tracing_mark_write: gid=1001: job_start
       deepPicar-3245  [000] d..3   678.814222: rtg_try_release_lock: rtg_release: comm=deepPicar rtgid=1001 tgid=3245 pid=3245 prio=93
          <idle>-0     [004] dn.3   678.814226: rtg_try_acquire_lock: rtg_acquire: comm=tau_rt_3 rtgid=1002 tgid=3292 pid=3295 prio=94
       deepPicar-3245  [000] d..3   678.814228: rtg_try_acquire_lock: rtg_preemptor: comm=deepPicar rtgid=1001 tgid=3245 pid=3263 prio=93
       deepPicar-3245  [000] d..3   678.814229: rtg_try_acquire_lock: rtg_preemptee: comm=tau_rt_3 rtgid=1002 tgid=3292 pid=3295 prio=94
        tau_rt_3-3295  [004] dn.3   678.814232: rtg_try_acquire_lock: rtg_block: comm=tau_rt_3 rtgid=1002 tgid=3292 pid=3295 prio=94
        tau_rt_4-3296  [005] dn.3   678.814233: rtg_try_acquire_lock: rtg_block: comm=tau_rt_4 rtgid=1002 tgid=3293 pid=3296 prio=94
       deepPicar-3263  [000] d..3   678.815057: rtg_try_release_lock: rtg_release: comm=deepPicar rtgid=1001 tgid=3245 pid=3263 prio=93
          <idle>-0     [005] dn.3   678.815059: rtg_try_acquire_lock: rtg_acquire: comm=tau_rt_4 rtgid=1002 tgid=3293 pid=3296 prio=94
       deepPicar-3263  [000] d..3   678.815062: rtg_try_acquire_lock: rtg_preemptor: comm=deepPicar rtgid=1001 tgid=3245 pid=3253 prio=93
       deepPicar-3263  [000] d..3   678.815064: rtg_try_acquire_lock: rtg_preemptee: comm=tau_rt_4 rtgid=1002 tgid=3293 pid=3296 prio=94
        tau_rt_3-3295  [004] dn.3   678.815067: rtg_try_acquire_lock: rtg_block: comm=tau_rt_3 rtgid=1002 tgid=3292 pid=3295 prio=94
        tau_rt_4-3296  [005] dn.3   678.815068: rtg_try_acquire_lock: rtg_block: comm=tau_rt_4 rtgid=1002 tgid=3293 pid=3296 prio=94
       deepPicar-3245  [000] d..3   678.826536: rtg_try_acquire_lock: rtg_block: comm=tau_rt_1 rtgid=1002 tgid=3288 pid=3294 prio=94
       deepPicar-3257  [003] d..3   678.841932: rtg_try_release_lock: rtg_release: comm=deepPicar rtgid=1001 tgid=3248 pid=3257 prio=93
       deepPicar-3259  [005] dn.3   678.841936: rtg_try_acquire_lock: rtg_acquire: comm=deepPicar rtgid=1001 tgid=3250 pid=3250 prio=93
          <idle>-0     [000] dn.3   678.841940: rtg_try_acquire_lock: rtg_block: comm=tau_rt_1 rtgid=1002 tgid=3288 pid=3294 prio=94
       deepPicar-3249  [004] d..3   678.842051: rtg_try_release_lock: rtg_release: comm=deepPicar rtgid=1001 tgid=3249 pid=3249 prio=93
       deepPicar-3250  [005] d..3   678.842054: rtg_try_acquire_lock: rtg_acquire: comm=tau_rt_4 rtgid=1002 tgid=3293 pid=3296 prio=94
        tau_rt_3-3295  [004] d..3   678.854060: rtg_try_release_lock: rtg_release: comm=tau_rt_3 rtgid=1002 tgid=3292 pid=3295 prio=94
          <idle>-0     [003] dn.3   678.854560: rtg_try_acquire_lock: rtg_acquire: comm=tau_rt_2 rtgid=1002 tgid=3291 pid=3297 prio=94
        tau_rt_1-3294  [000] ...1   678.867170: tracing_mark_write: gid=1002: job_start
        tau_rt_1-3294  [000] dn.3   678.887991: rtg_try_acquire_lock: rtg_preemptor: comm=deepPicar rtgid=1001 tgid=3245 pid=3245 prio=93
        tau_rt_1-3294  [000] dn.3   678.887994: rtg_try_acquire_lock: rtg_preemptee: comm=tau_rt_2 rtgid=1002 tgid=3291 pid=3297 prio=94
        tau_rt_3-3295  [004] dn.3   678.888003: rtg_try_acquire_lock: rtg_block: comm=tau_rt_3 rtgid=1002 tgid=3292 pid=3295 prio=94
        tau_rt_4-3296  [005] dn.3   678.888007: rtg_try_acquire_lock: rtg_block: comm=tau_rt_4 rtgid=1002 tgid=3293 pid=3296 prio=94
       deepPicar-3245  [000] ...1   678.888024: tracing_mark_write: gid=1001: job_start
       deepPicar-3245  [000] d..3   678.889188: rtg_try_release_lock: rtg_release: comm=deepPicar rtgid=1001 tgid=3245 pid=3245 prio=93
          <idle>-0     [004] dn.3   678.889191: rtg_try_acquire_lock: rtg_acquire: comm=tau_rt_3 rtgid=1002 tgid=3292 pid=3295 prio=94
       deepPicar-3245  [000] d..3   678.889194: rtg_try_acquire_lock: rtg_preemptor: comm=deepPicar rtgid=1001 tgid=3245 pid=3264 prio=93
       deepPicar-3245  [000] d..3   678.889195: rtg_try_acquire_lock: rtg_preemptee: comm=tau_rt_3 rtgid=1002 tgid=3292 pid=3295 prio=94
        tau_rt_3-3295  [004] dn.3   678.889198: rtg_try_acquire_lock: rtg_block: comm=tau_rt_3 rtgid=1002 tgid=3292 pid=3295 prio=94
        tau_rt_4-3296  [005] dn.3   678.889199: rtg_try_acquire_lock: rtg_block: comm=tau_rt_4 rtgid=1002 tgid=3293 pid=3296 prio=94
       deepPicar-3264  [000] d..3   678.889952: rtg_try_release_lock: rtg_release: comm=deepPicar rtgid=1001 tgid=3245 pid=3264 prio=93
          <idle>-0     [004] dn.3   678.889954: rtg_try_acquire_lock: rtg_acquire: comm=tau_rt_3 rtgid=1002 tgid=3292 pid=3295 prio=94
       deepPicar-3264  [000] d..3   678.889956: rtg_try_acquire_lock: rtg_preemptor: comm=deepPicar rtgid=1001 tgid=3245 pid=3253 prio=93
       deepPicar-3264  [000] d..3   678.889957: rtg_try_acquire_lock: rtg_preemptee: comm=tau_rt_3 rtgid=1002 tgid=3292 pid=3295 prio=94
        tau_rt_3-3295  [004] dn.3   678.889960: rtg_try_acquire_lock: rtg_block: comm=tau_rt_3 rtgid=1002 tgid=3292 pid=3295 prio=94
        tau_rt_4-3296  [005] dn.3   678.889961: rtg_try_acquire_lock: rtg_block: comm=tau_rt_4 rtgid=1002 tgid=3293 pid=3296 prio=94
       deepPicar-3245  [000] d..3   678.901149: rtg_try_acquire_lock: rtg_block: comm=tau_rt_1 rtgid=1002 tgid=3288 pid=3294 prio=94
       deepPicar-3256  [004] d..3   678.916669: rtg_try_release_lock: rtg_release: comm=deepPicar rtgid=1001 tgid=3249 pid=3256 prio=93
          <idle>-0     [000] dn.3   678.916672: rtg_try_acquire_lock: rtg_acquire: comm=tau_rt_1 rtgid=1002 tgid=3288 pid=3294 prio=94
       deepPicar-3256  [004] d..3   678.916676: rtg_try_acquire_lock: rtg_preemptor: comm=deepPicar rtgid=1001 tgid=3249 pid=3249 prio=93
       deepPicar-3256  [004] d..3   678.916677: rtg_try_acquire_lock: rtg_preemptee: comm=tau_rt_1 rtgid=1002 tgid=3288 pid=3294 prio=94
        tau_rt_1-3294  [000] dn.3   678.916680: rtg_try_acquire_lock: rtg_block: comm=tau_rt_1 rtgid=1002 tgid=3288 pid=3294 prio=94
        tau_rt_4-3296  [005] dn.3   678.916683: rtg_try_acquire_lock: rtg_block: comm=tau_rt_4 rtgid=1002 tgid=3293 pid=3296 prio=94
       deepPicar-3249  [004] d..3   678.916767: rtg_try_release_lock: rtg_release: comm=deepPicar rtgid=1001 tgid=3249 pid=3249 prio=93
          <idle>-0     [000] dn.3   678.916769: rtg_try_acquire_lock: rtg_acquire: comm=tau_rt_1 rtgid=1002 tgid=3288 pid=3294 prio=94
        tau_rt_4-3296  [005] d..3   678.928745: rtg_try_release_lock: rtg_release: comm=tau_rt_4 rtgid=1002 tgid=3293 pid=3296 prio=94
          <idle>-0     [003] dn.3   678.929559: rtg_try_acquire_lock: rtg_acquire: comm=tau_rt_2 rtgid=1002 tgid=3291 pid=3297 prio=94
        tau_rt_1-3294  [000] ...1   678.942171: tracing_mark_write: gid=1002: job_start
        tau_rt_1-3294  [000] dn.3   678.962997: rtg_try_acquire_lock: rtg_preemptor: comm=deepPicar rtgid=1001 tgid=3245 pid=3245 prio=93
        tau_rt_1-3294  [000] dn.3   678.963000: rtg_try_acquire_lock: rtg_preemptee: comm=tau_rt_2 rtgid=1002 tgid=3291 pid=3297 prio=94
        tau_rt_4-3296  [005] dn.3   678.963011: rtg_try_acquire_lock: rtg_block: comm=tau_rt_4 rtgid=1002 tgid=3293 pid=3296 prio=94
        tau_rt_3-3295  [004] dn.3   678.963015: rtg_try_acquire_lock: rtg_block: comm=tau_rt_3 rtgid=1002 tgid=3292 pid=3295 prio=94
       deepPicar-3245  [000] ...1   678.963032: tracing_mark_write: gid=1001: job_start
       deepPicar-3245  [000] d..3   678.964237: rtg_try_release_lock: rtg_release: comm=deepPicar rtgid=1001 tgid=3245 pid=3245 prio=93
          <idle>-0     [004] dn.3   678.964240: rtg_try_acquire_lock: rtg_acquire: comm=tau_rt_3 rtgid=1002 tgid=3292 pid=3295 prio=94
       deepPicar-3245  [000] d..3   678.964242: rtg_try_acquire_lock: rtg_preemptor: comm=deepPicar rtgid=1001 tgid=3245 pid=3265 prio=93
       deepPicar-3245  [000] d..3   678.964243: rtg_try_acquire_lock: rtg_preemptee: comm=tau_rt_3 rtgid=1002 tgid=3292 pid=3295 prio=94
        tau_rt_3-3295  [004] dn.3   678.964246: rtg_try_acquire_lock: rtg_block: comm=tau_rt_3 rtgid=1002 tgid=3292 pid=3295 prio=94
        tau_rt_4-3296  [005] dn.3   678.964247: rtg_try_acquire_lock: rtg_block: comm=tau_rt_4 rtgid=1002 tgid=3293 pid=3296 prio=94
       deepPicar-3265  [000] d..3   678.965075: rtg_try_release_lock: rtg_release: comm=deepPicar rtgid=1001 tgid=3245 pid=3265 prio=93
          <idle>-0     [004] dn.3   678.965077: rtg_try_acquire_lock: rtg_acquire: comm=tau_rt_3 rtgid=1002 tgid=3292 pid=3295 prio=94
       deepPicar-3265  [000] d..3   678.965078: rtg_try_acquire_lock: rtg_preemptor: comm=deepPicar rtgid=1001 tgid=3245 pid=3253 prio=93
       deepPicar-3265  [000] d..3   678.965079: rtg_try_acquire_lock: rtg_preemptee: comm=tau_rt_3 rtgid=1002 tgid=3292 pid=3295 prio=94
        tau_rt_3-3295  [004] dn.3   678.965082: rtg_try_acquire_lock: rtg_block: comm=tau_rt_3 rtgid=1002 tgid=3292 pid=3295 prio=94
        tau_rt_4-3296  [005] dn.3   678.965084: rtg_try_acquire_lock: rtg_block: comm=tau_rt_4 rtgid=1002 tgid=3293 pid=3296 prio=94
       deepPicar-3245  [000] d..3   678.976483: rtg_try_acquire_lock: rtg_block: comm=tau_rt_1 rtgid=1002 tgid=3288 pid=3294 prio=94
       deepPicar-3249  [004] d..3   678.991906: rtg_try_release_lock: rtg_release: comm=deepPicar rtgid=1001 tgid=3249 pid=3249 prio=93
          <idle>-0     [005] dn.3   678.991910: rtg_try_acquire_lock: rtg_acquire: comm=tau_rt_4 rtgid=1002 tgid=3293 pid=3296 prio=94
        tau_rt_3-3295  [004] d..3   679.004007: rtg_try_release_lock: rtg_release: comm=tau_rt_3 rtgid=1002 tgid=3292 pid=3295 prio=94
          <idle>-0     [003] dn.3   679.004561: rtg_try_acquire_lock: rtg_acquire: comm=tau_rt_2 rtgid=1002 tgid=3291 pid=3297 prio=94
        tau_rt_1-3294  [000] ...1   679.017169: tracing_mark_write: gid=1002: job_start
        tau_rt_1-3294  [000] dn.3   679.037999: rtg_try_acquire_lock: rtg_preemptor: comm=deepPicar rtgid=1001 tgid=3245 pid=3245 prio=93
        tau_rt_1-3294  [000] dn.3   679.038002: rtg_try_acquire_lock: rtg_preemptee: comm=tau_rt_2 rtgid=1002 tgid=3291 pid=3297 prio=94
        tau_rt_4-3296  [005] dn.3   679.038013: rtg_try_acquire_lock: rtg_block: comm=tau_rt_4 rtgid=1002 tgid=3293 pid=3296 prio=94
        tau_rt_3-3295  [004] dn.3   679.038017: rtg_try_acquire_lock: rtg_block: comm=tau_rt_3 rtgid=1002 tgid=3292 pid=3295 prio=94
       deepPicar-3245  [000] ...1   679.038035: tracing_mark_write: gid=1001: job_start
       deepPicar-3245  [000] d..3   679.039193: rtg_try_release_lock: rtg_release: comm=deepPicar rtgid=1001 tgid=3245 pid=3245 prio=93
          <idle>-0     [004] dn.3   679.039195: rtg_try_acquire_lock: rtg_acquire: comm=tau_rt_3 rtgid=1002 tgid=3292 pid=3295 prio=94
       deepPicar-3245  [000] d..3   679.039198: rtg_try_acquire_lock: rtg_preemptor: comm=deepPicar rtgid=1001 tgid=3245 pid=3266 prio=93
       deepPicar-3245  [000] d..3   679.039199: rtg_try_acquire_lock: rtg_preemptee: comm=tau_rt_3 rtgid=1002 tgid=3292 pid=3295 prio=94
        tau_rt_3-3295  [004] dn.3   679.039202: rtg_try_acquire_lock: rtg_block: comm=tau_rt_3 rtgid=1002 tgid=3292 pid=3295 prio=94
        tau_rt_4-3296  [005] dn.3   679.039203: rtg_try_acquire_lock: rtg_block: comm=tau_rt_4 rtgid=1002 tgid=3293 pid=3296 prio=94
       deepPicar-3266  [000] d..3   679.039981: rtg_try_release_lock: rtg_release: comm=deepPicar rtgid=1001 tgid=3245 pid=3266 prio=93
          <idle>-0     [004] dn.3   679.039983: rtg_try_acquire_lock: rtg_acquire: comm=tau_rt_3 rtgid=1002 tgid=3292 pid=3295 prio=94
       deepPicar-3266  [000] d..3   679.039985: rtg_try_acquire_lock: rtg_preemptor: comm=deepPicar rtgid=1001 tgid=3245 pid=3253 prio=93
       deepPicar-3266  [000] d..3   679.039985: rtg_try_acquire_lock: rtg_preemptee: comm=tau_rt_3 rtgid=1002 tgid=3292 pid=3295 prio=94
        tau_rt_3-3295  [004] dn.3   679.039988: rtg_try_acquire_lock: rtg_block: comm=tau_rt_3 rtgid=1002 tgid=3292 pid=3295 prio=94
        tau_rt_4-3296  [005] dn.3   679.039990: rtg_try_acquire_lock: rtg_block: comm=tau_rt_4 rtgid=1002 tgid=3293 pid=3296 prio=94
       deepPicar-3245  [000] d..3   679.051389: rtg_try_acquire_lock: rtg_block: comm=tau_rt_1 rtgid=1002 tgid=3288 pid=3294 prio=94
       deepPicar-3249  [004] d..3   679.066786: rtg_try_release_lock: rtg_release: comm=deepPicar rtgid=1001 tgid=3249 pid=3249 prio=93
       deepPicar-3250  [005] dn.3   679.066791: rtg_try_acquire_lock: rtg_acquire: comm=tau_rt_4 rtgid=1002 tgid=3293 pid=3296 prio=94
        tau_rt_4-3296  [005] d..3   679.078721: rtg_try_release_lock: rtg_release: comm=tau_rt_4 rtgid=1002 tgid=3293 pid=3296 prio=94
          <idle>-0     [003] dn.3   679.079561: rtg_try_acquire_lock: rtg_acquire: comm=tau_rt_2 rtgid=1002 tgid=3291 pid=3297 prio=94
        tau_rt_1-3294  [000] ...1   679.092168: tracing_mark_write: gid=1002: job_start
        tau_rt_1-3294  [000] dn.3   679.112999: rtg_try_acquire_lock: rtg_preemptor: comm=deepPicar rtgid=1001 tgid=3245 pid=3245 prio=93
        tau_rt_1-3294  [000] dn.3   679.113001: rtg_try_acquire_lock: rtg_preemptee: comm=tau_rt_2 rtgid=1002 tgid=3291 pid=3297 prio=94
        tau_rt_4-3296  [005] dn.3   679.113012: rtg_try_acquire_lock: rtg_block: comm=tau_rt_4 rtgid=1002 tgid=3293 pid=3296 prio=94
        tau_rt_3-3295  [004] dn.3   679.113016: rtg_try_acquire_lock: rtg_block: comm=tau_rt_3 rtgid=1002 tgid=3292 pid=3295 prio=94
       deepPicar-3245  [000] ...1   679.113033: tracing_mark_write: gid=1001: job_start
       deepPicar-3245  [000] d..3   679.114215: rtg_try_release_lock: rtg_release: comm=deepPicar rtgid=1001 tgid=3245 pid=3245 prio=93
          <idle>-0     [004] dn.3   679.114219: rtg_try_acquire_lock: rtg_acquire: comm=tau_rt_3 rtgid=1002 tgid=3292 pid=3295 prio=94
       deepPicar-3245  [000] d..3   679.114221: rtg_try_acquire_lock: rtg_preemptor: comm=deepPicar rtgid=1001 tgid=3245 pid=3261 prio=93
       deepPicar-3245  [000] d..3   679.114222: rtg_try_acquire_lock: rtg_preemptee: comm=tau_rt_3 rtgid=1002 tgid=3292 pid=3295 prio=94
        tau_rt_3-3295  [004] dn.3   679.114225: rtg_try_acquire_lock: rtg_block: comm=tau_rt_3 rtgid=1002 tgid=3292 pid=3295 prio=94
        tau_rt_4-3296  [005] dn.3   679.114227: rtg_try_acquire_lock: rtg_block: comm=tau_rt_4 rtgid=1002 tgid=3293 pid=3296 prio=94
       deepPicar-3261  [000] d..3   679.115086: rtg_try_release_lock: rtg_release: comm=deepPicar rtgid=1001 tgid=3245 pid=3261 prio=93
          <idle>-0     [005] dn.3   679.115088: rtg_try_acquire_lock: rtg_acquire: comm=tau_rt_4 rtgid=1002 tgid=3293 pid=3296 prio=94
       deepPicar-3261  [000] d..3   679.115091: rtg_try_acquire_lock: rtg_preemptor: comm=deepPicar rtgid=1001 tgid=3245 pid=3253 prio=93
       deepPicar-3261  [000] d..3   679.115091: rtg_try_acquire_lock: rtg_preemptee: comm=tau_rt_4 rtgid=1002 tgid=3293 pid=3296 prio=94
        tau_rt_3-3295  [004] dn.3   679.115094: rtg_try_acquire_lock: rtg_block: comm=tau_rt_3 rtgid=1002 tgid=3292 pid=3295 prio=94
        tau_rt_4-3296  [005] dn.3   679.115095: rtg_try_acquire_lock: rtg_block: comm=tau_rt_4 rtgid=1002 tgid=3293 pid=3296 prio=94
       deepPicar-3245  [000] d..3   679.126525: rtg_try_acquire_lock: rtg_block: comm=tau_rt_1 rtgid=1002 tgid=3288 pid=3294 prio=94
       deepPicar-3256  [004] d..3   679.141964: rtg_try_release_lock: rtg_release: comm=deepPicar rtgid=1001 tgid=3249 pid=3256 prio=93
       deepPicar-3257  [003] d..3   679.141968: rtg_try_acquire_lock: rtg_acquire: comm=deepPicar rtgid=1001 tgid=3248 pid=3248 prio=93
          <idle>-0     [000] dn.3   679.141973: rtg_try_acquire_lock: rtg_block: comm=tau_rt_1 rtgid=1002 tgid=3288 pid=3294 prio=94
       deepPicar-3249  [004] d..3   679.142082: rtg_try_release_lock: rtg_release: comm=deepPicar rtgid=1001 tgid=3249 pid=3249 prio=93
       deepPicar-3250  [005] d..3   679.142084: rtg_try_acquire_lock: rtg_acquire: comm=tau_rt_4 rtgid=1002 tgid=3293 pid=3296 prio=94
        tau_rt_4-3296  [005] d..3   679.154207: rtg_try_release_lock: rtg_release: comm=tau_rt_4 rtgid=1002 tgid=3293 pid=3296 prio=94
          <idle>-0     [003] dn.3   679.154561: rtg_try_acquire_lock: rtg_acquire: comm=tau_rt_2 rtgid=1002 tgid=3291 pid=3297 prio=94
        tau_rt_1-3294  [000] ...1   679.167170: tracing_mark_write: gid=1002: job_start
        tau_rt_1-3294  [000] dn.3   679.187991: rtg_try_acquire_lock: rtg_preemptor: comm=deepPicar rtgid=1001 tgid=3245 pid=3245 prio=93
        tau_rt_1-3294  [000] dn.3   679.187994: rtg_try_acquire_lock: rtg_preemptee: comm=tau_rt_2 rtgid=1002 tgid=3291 pid=3297 prio=94
        tau_rt_4-3296  [005] dn.3   679.188003: rtg_try_acquire_lock: rtg_block: comm=tau_rt_4 rtgid=1002 tgid=3293 pid=3296 prio=94
        tau_rt_3-3295  [004] dn.3   679.188006: rtg_try_acquire_lock: rtg_block: comm=tau_rt_3 rtgid=1002 tgid=3292 pid=3295 prio=94
       deepPicar-3245  [000] ...1   679.188024: tracing_mark_write: gid=1001: job_start
       deepPicar-3245  [000] d..3   679.189217: rtg_try_release_lock: rtg_release: comm=deepPicar rtgid=1001 tgid=3245 pid=3245 prio=93
          <idle>-0     [004] dn.3   679.189219: rtg_try_acquire_lock: rtg_acquire: comm=tau_rt_3 rtgid=1002 tgid=3292 pid=3295 prio=94
       deepPicar-3245  [000] d..3   679.189222: rtg_try_acquire_lock: rtg_preemptor: comm=deepPicar rtgid=1001 tgid=3245 pid=3262 prio=93
       deepPicar-3245  [000] d..3   679.189223: rtg_try_acquire_lock: rtg_preemptee: comm=tau_rt_3 rtgid=1002 tgid=3292 pid=3295 prio=94
        tau_rt_3-3295  [004] dn.3   679.189226: rtg_try_acquire_lock: rtg_block: comm=tau_rt_3 rtgid=1002 tgid=3292 pid=3295 prio=94
        tau_rt_4-3296  [005] dn.3   679.189227: rtg_try_acquire_lock: rtg_block: comm=tau_rt_4 rtgid=1002 tgid=3293 pid=3296 prio=94
       deepPicar-3262  [000] d..3   679.189957: rtg_try_release_lock: rtg_release: comm=deepPicar rtgid=1001 tgid=3245 pid=3262 prio=93
          <idle>-0     [004] dn.3   679.189959: rtg_try_acquire_lock: rtg_acquire: comm=tau_rt_3 rtgid=1002 tgid=3292 pid=3295 prio=94
       deepPicar-3262  [000] d..3   679.189961: rtg_try_acquire_lock: rtg_preemptor: comm=deepPicar rtgid=1001 tgid=3245 pid=3253 prio=93
       deepPicar-3262  [000] d..3   679.189962: rtg_try_acquire_lock: rtg_preemptee: comm=tau_rt_3 rtgid=1002 tgid=3292 pid=3295 prio=94
        tau_rt_3-3295  [004] dn.3   679.189965: rtg_try_acquire_lock: rtg_block: comm=tau_rt_3 rtgid=1002 tgid=3292 pid=3295 prio=94
        tau_rt_4-3296  [005] dn.3   679.189966: rtg_try_acquire_lock: rtg_block: comm=tau_rt_4 rtgid=1002 tgid=3293 pid=3296 prio=94
       deepPicar-3245  [000] d..3   679.201337: rtg_try_acquire_lock: rtg_block: comm=tau_rt_1 rtgid=1002 tgid=3288 pid=3294 prio=94
       deepPicar-3249  [004] d..3   679.216765: rtg_try_release_lock: rtg_release: comm=deepPicar rtgid=1001 tgid=3249 pid=3249 prio=93
          <idle>-0     [000] dn.3   679.216768: rtg_try_acquire_lock: rtg_acquire: comm=tau_rt_1 rtgid=1002 tgid=3288 pid=3294 prio=94
        tau_rt_4-3296  [005] d..3   679.228833: rtg_try_release_lock: rtg_release: comm=tau_rt_4 rtgid=1002 tgid=3293 pid=3296 prio=94
          <idle>-0     [003] dn.3   679.229558: rtg_try_acquire_lock: rtg_acquire: comm=tau_rt_2 rtgid=1002 tgid=3291 pid=3297 prio=94
        tau_rt_1-3294  [000] ...1   679.242169: tracing_mark_write: gid=1002: job_start
        tau_rt_1-3294  [000] dn.3   679.262999: rtg_try_acquire_lock: rtg_preemptor: comm=deepPicar rtgid=1001 tgid=3245 pid=3245 prio=93
        tau_rt_1-3294  [000] dn.3   679.263002: rtg_try_acquire_lock: rtg_preemptee: comm=tau_rt_2 rtgid=1002 tgid=3291 pid=3297 prio=94
        tau_rt_3-3295  [004] dn.3   679.263012: rtg_try_acquire_lock: rtg_block: comm=tau_rt_3 rtgid=1002 tgid=3292 pid=3295 prio=94
        tau_rt_4-3296  [005] dn.3   679.263016: rtg_try_acquire_lock: rtg_block: comm=tau_rt_4 rtgid=1002 tgid=3293 pid=3296 prio=94
       deepPicar-3245  [000] ...1   679.263033: tracing_mark_write: gid=1001: job_start
       deepPicar-3245  [000] d..3   679.264239: rtg_try_release_lock: rtg_release: comm=deepPicar rtgid=1001 tgid=3245 pid=3245 prio=93
          <idle>-0     [004] dn.3   679.264242: rtg_try_acquire_lock: rtg_acquire: comm=tau_rt_3 rtgid=1002 tgid=3292 pid=3295 prio=94
       deepPicar-3245  [000] d..3   679.264246: rtg_try_acquire_lock: rtg_preemptor: comm=deepPicar rtgid=1001 tgid=3245 pid=3263 prio=93
       deepPicar-3245  [000] d..3   679.264247: rtg_try_acquire_lock: rtg_preemptee: comm=tau_rt_3 rtgid=1002 tgid=3292 pid=3295 prio=94
        tau_rt_3-3295  [004] dn.3   679.264250: rtg_try_acquire_lock: rtg_block: comm=tau_rt_3 rtgid=1002 tgid=3292 pid=3295 prio=94
        tau_rt_4-3296  [005] dn.3   679.264251: rtg_try_acquire_lock: rtg_block: comm=tau_rt_4 rtgid=1002 tgid=3293 pid=3296 prio=94
       deepPicar-3263  [000] d..3   679.265102: rtg_try_release_lock: rtg_release: comm=deepPicar rtgid=1001 tgid=3245 pid=3263 prio=93
          <idle>-0     [004] dn.3   679.265104: rtg_try_acquire_lock: rtg_acquire: comm=tau_rt_3 rtgid=1002 tgid=3292 pid=3295 prio=94
       deepPicar-3263  [000] d..3   679.265106: rtg_try_acquire_lock: rtg_preemptor: comm=deepPicar rtgid=1001 tgid=3245 pid=3253 prio=93
       deepPicar-3263  [000] d..3   679.265107: rtg_try_acquire_lock: rtg_preemptee: comm=tau_rt_3 rtgid=1002 tgid=3292 pid=3295 prio=94
        tau_rt_3-3295  [004] dn.3   679.265109: rtg_try_acquire_lock: rtg_block: comm=tau_rt_3 rtgid=1002 tgid=3292 pid=3295 prio=94
        tau_rt_4-3296  [005] dn.3   679.265111: rtg_try_acquire_lock: rtg_block: comm=tau_rt_4 rtgid=1002 tgid=3293 pid=3296 prio=94
       deepPicar-3245  [000] d..3   679.276326: rtg_try_acquire_lock: rtg_block: comm=tau_rt_1 rtgid=1002 tgid=3288 pid=3294 prio=94
       deepPicar-3257  [003] d..3   679.291785: rtg_try_release_lock: rtg_release: comm=deepPicar rtgid=1001 tgid=3248 pid=3257 prio=93
       deepPicar-3259  [005] dn.3   679.291790: rtg_try_acquire_lock: rtg_acquire: comm=deepPicar rtgid=1001 tgid=3250 pid=3250 prio=93
          <idle>-0     [000] dn.3   679.291794: rtg_try_acquire_lock: rtg_block: comm=tau_rt_1 rtgid=1002 tgid=3288 pid=3294 prio=94
       deepPicar-3249  [004] d..3   679.291904: rtg_try_release_lock: rtg_release: comm=deepPicar rtgid=1001 tgid=3249 pid=3249 prio=93
       deepPicar-3250  [005] d..3   679.291906: rtg_try_acquire_lock: rtg_acquire: comm=tau_rt_4 rtgid=1002 tgid=3293 pid=3296 prio=94
        tau_rt_3-3295  [004] d..3   679.303809: rtg_try_release_lock: rtg_release: comm=tau_rt_3 rtgid=1002 tgid=3292 pid=3295 prio=94
          <idle>-0     [003] dn.3   679.304563: rtg_try_acquire_lock: rtg_acquire: comm=tau_rt_2 rtgid=1002 tgid=3291 pid=3297 prio=94
        tau_rt_1-3294  [000] ...1   679.317178: tracing_mark_write: gid=1002: job_start
        tau_rt_1-3294  [000] dn.3   679.337998: rtg_try_acquire_lock: rtg_preemptor: comm=deepPicar rtgid=1001 tgid=3245 pid=3245 prio=93
        tau_rt_1-3294  [000] dn.3   679.338001: rtg_try_acquire_lock: rtg_preemptee: comm=tau_rt_2 rtgid=1002 tgid=3291 pid=3297 prio=94
        tau_rt_3-3295  [004] dn.3   679.338012: rtg_try_acquire_lock: rtg_block: comm=tau_rt_3 rtgid=1002 tgid=3292 pid=3295 prio=94
        tau_rt_4-3296  [005] dn.3   679.338015: rtg_try_acquire_lock: rtg_block: comm=tau_rt_4 rtgid=1002 tgid=3293 pid=3296 prio=94
       deepPicar-3245  [000] ...1   679.338032: tracing_mark_write: gid=1001: job_start
       deepPicar-3245  [000] d..3   679.339207: rtg_try_release_lock: rtg_release: comm=deepPicar rtgid=1001 tgid=3245 pid=3245 prio=93
          <idle>-0     [004] dn.3   679.339210: rtg_try_acquire_lock: rtg_acquire: comm=tau_rt_3 rtgid=1002 tgid=3292 pid=3295 prio=94
       deepPicar-3245  [000] d..3   679.339213: rtg_try_acquire_lock: rtg_preemptor: comm=deepPicar rtgid=1001 tgid=3245 pid=3264 prio=93
       deepPicar-3245  [000] d..3   679.339214: rtg_try_acquire_lock: rtg_preemptee: comm=tau_rt_3 rtgid=1002 tgid=3292 pid=3295 prio=94
        tau_rt_3-3295  [004] dn.3   679.339216: rtg_try_acquire_lock: rtg_block: comm=tau_rt_3 rtgid=1002 tgid=3292 pid=3295 prio=94
        tau_rt_4-3296  [005] dn.3   679.339218: rtg_try_acquire_lock: rtg_block: comm=tau_rt_4 rtgid=1002 tgid=3293 pid=3296 prio=94
       deepPicar-3264  [000] d..3   679.340043: rtg_try_release_lock: rtg_release: comm=deepPicar rtgid=1001 tgid=3245 pid=3264 prio=93
          <idle>-0     [005] dn.3   679.340045: rtg_try_acquire_lock: rtg_acquire: comm=tau_rt_4 rtgid=1002 tgid=3293 pid=3296 prio=94
       deepPicar-3264  [000] d..3   679.340048: rtg_try_acquire_lock: rtg_preemptor: comm=deepPicar rtgid=1001 tgid=3245 pid=3253 prio=93
       deepPicar-3264  [000] d..3   679.340049: rtg_try_acquire_lock: rtg_preemptee: comm=tau_rt_4 rtgid=1002 tgid=3293 pid=3296 prio=94
        tau_rt_3-3295  [004] dn.3   679.340051: rtg_try_acquire_lock: rtg_block: comm=tau_rt_3 rtgid=1002 tgid=3292 pid=3295 prio=94
        tau_rt_4-3296  [005] dn.3   679.340053: rtg_try_acquire_lock: rtg_block: comm=tau_rt_4 rtgid=1002 tgid=3293 pid=3296 prio=94
       deepPicar-3245  [000] d..3   679.351144: rtg_try_acquire_lock: rtg_block: comm=tau_rt_1 rtgid=1002 tgid=3288 pid=3294 prio=94
       deepPicar-3256  [004] d..3   679.366726: rtg_try_release_lock: rtg_release: comm=deepPicar rtgid=1001 tgid=3249 pid=3256 prio=93
       deepPicar-3259  [005] dn.3   679.366731: rtg_try_acquire_lock: rtg_acquire: comm=deepPicar rtgid=1001 tgid=3250 pid=3250 prio=93
          <idle>-0     [000] dn.3   679.366735: rtg_try_acquire_lock: rtg_block: comm=tau_rt_1 rtgid=1002 tgid=3288 pid=3294 prio=94
       deepPicar-3249  [004] d..3   679.366846: rtg_try_release_lock: rtg_release: comm=deepPicar rtgid=1001 tgid=3249 pid=3249 prio=93
       deepPicar-3250  [005] d..3   679.366849: rtg_try_acquire_lock: rtg_acquire: comm=tau_rt_4 rtgid=1002 tgid=3293 pid=3296 prio=94
        tau_rt_4-3296  [005] d..3   679.378878: rtg_try_release_lock: rtg_release: comm=tau_rt_4 rtgid=1002 tgid=3293 pid=3296 prio=94
          <idle>-0     [003] dn.3   679.379561: rtg_try_acquire_lock: rtg_acquire: comm=tau_rt_2 rtgid=1002 tgid=3291 pid=3297 prio=94
        tau_rt_1-3294  [000] ...1   679.392167: tracing_mark_write: gid=1002: job_start
        tau_rt_1-3294  [000] dn.3   679.413000: rtg_try_acquire_lock: rtg_preemptor: comm=deepPicar rtgid=1001 tgid=3245 pid=3245 prio=93
        tau_rt_1-3294  [000] dn.3   679.413003: rtg_try_acquire_lock: rtg_preemptee: comm=tau_rt_2 rtgid=1002 tgid=3291 pid=3297 prio=94
        tau_rt_3-3295  [004] dn.3   679.413015: rtg_try_acquire_lock: rtg_block: comm=tau_rt_3 rtgid=1002 tgid=3292 pid=3295 prio=94
        tau_rt_4-3296  [005] dn.3   679.413018: rtg_try_acquire_lock: rtg_block: comm=tau_rt_4 rtgid=1002 tgid=3293 pid=3296 prio=94
       deepPicar-3245  [000] ...1   679.413036: tracing_mark_write: gid=1001: job_start
       deepPicar-3245  [000] d..3   679.414149: rtg_try_release_lock: rtg_release: comm=deepPicar rtgid=1001 tgid=3245 pid=3245 prio=93
          <idle>-0     [005] dn.3   679.414152: rtg_try_acquire_lock: rtg_acquire: comm=tau_rt_4 rtgid=1002 tgid=3293 pid=3296 prio=94
       deepPicar-3245  [000] d..3   679.414155: rtg_try_acquire_lock: rtg_preemptor: comm=deepPicar rtgid=1001 tgid=3245 pid=3265 prio=93
       deepPicar-3245  [000] d..3   679.414156: rtg_try_acquire_lock: rtg_preemptee: comm=tau_rt_4 rtgid=1002 tgid=3293 pid=3296 prio=94
        tau_rt_3-3295  [004] dn.3   679.414160: rtg_try_acquire_lock: rtg_block: comm=tau_rt_3 rtgid=1002 tgid=3292 pid=3295 prio=94
        tau_rt_4-3296  [005] dn.3   679.414162: rtg_try_acquire_lock: rtg_block: comm=tau_rt_4 rtgid=1002 tgid=3293 pid=3296 prio=94
       deepPicar-3265  [000] d..3   679.415049: rtg_try_release_lock: rtg_release: comm=deepPicar rtgid=1001 tgid=3245 pid=3265 prio=93
          <idle>-0     [005] dn.3   679.415050: rtg_try_acquire_lock: rtg_acquire: comm=tau_rt_4 rtgid=1002 tgid=3293 pid=3296 prio=94
       deepPicar-3265  [000] d..3   679.415052: rtg_try_acquire_lock: rtg_preemptor: comm=deepPicar rtgid=1001 tgid=3245 pid=3253 prio=93
       deepPicar-3265  [000] d..3   679.415053: rtg_try_acquire_lock: rtg_preemptee: comm=tau_rt_4 rtgid=1002 tgid=3293 pid=3296 prio=94
        tau_rt_3-3295  [004] dn.3   679.415056: rtg_try_acquire_lock: rtg_block: comm=tau_rt_3 rtgid=1002 tgid=3292 pid=3295 prio=94
        tau_rt_4-3296  [005] dn.3   679.415057: rtg_try_acquire_lock: rtg_block: comm=tau_rt_4 rtgid=1002 tgid=3293 pid=3296 prio=94
       deepPicar-3245  [000] d..3   679.426594: rtg_try_acquire_lock: rtg_block: comm=tau_rt_1 rtgid=1002 tgid=3288 pid=3294 prio=94
       deepPicar-3257  [003] d..3   679.441984: rtg_try_release_lock: rtg_release: comm=deepPicar rtgid=1001 tgid=3248 pid=3257 prio=93
       deepPicar-3259  [005] dn.3   679.441988: rtg_try_acquire_lock: rtg_acquire: comm=deepPicar rtgid=1001 tgid=3250 pid=3250 prio=93
          <idle>-0     [000] dn.3   679.441992: rtg_try_acquire_lock: rtg_block: comm=tau_rt_1 rtgid=1002 tgid=3288 pid=3294 prio=94
       deepPicar-3249  [004] d..3   679.442106: rtg_try_release_lock: rtg_release: comm=deepPicar rtgid=1001 tgid=3249 pid=3249 prio=93
       deepPicar-3250  [005] d..3   679.442109: rtg_try_acquire_lock: rtg_acquire: comm=tau_rt_4 rtgid=1002 tgid=3293 pid=3296 prio=94
        tau_rt_3-3295  [004] d..3   679.454148: rtg_try_release_lock: rtg_release: comm=tau_rt_3 rtgid=1002 tgid=3292 pid=3295 prio=94
          <idle>-0     [003] dn.3   679.454561: rtg_try_acquire_lock: rtg_acquire: comm=tau_rt_2 rtgid=1002 tgid=3291 pid=3297 prio=94
        tau_rt_1-3294  [000] ...1   679.467167: tracing_mark_write: gid=1002: job_start
        tau_rt_1-3294  [000] dn.3   679.487993: rtg_try_acquire_lock: rtg_preemptor: comm=deepPicar rtgid=1001 tgid=3245 pid=3245 prio=93
        tau_rt_1-3294  [000] dn.3   679.487996: rtg_try_acquire_lock: rtg_preemptee: comm=tau_rt_2 rtgid=1002 tgid=3291 pid=3297 prio=94
        tau_rt_4-3296  [005] dn.3   679.488005: rtg_try_acquire_lock: rtg_block: comm=tau_rt_4 rtgid=1002 tgid=3293 pid=3296 prio=94
        tau_rt_3-3295  [004] dn.3   679.488009: rtg_try_acquire_lock: rtg_block: comm=tau_rt_3 rtgid=1002 tgid=3292 pid=3295 prio=94
       deepPicar-3245  [000] ...1   679.488025: tracing_mark_write: gid=1001: job_start
       deepPicar-3245  [000] d..3   679.489216: rtg_try_release_lock: rtg_release: comm=deepPicar rtgid=1001 tgid=3245 pid=3245 prio=93
          <idle>-0     [005] dn.3   679.489219: rtg_try_acquire_lock: rtg_acquire: comm=tau_rt_4 rtgid=1002 tgid=3293 pid=3296 prio=94
       deepPicar-3245  [000] d..3   679.489221: rtg_try_acquire_lock: rtg_preemptor: comm=deepPicar rtgid=1001 tgid=3245 pid=3266 prio=93
       deepPicar-3245  [000] d..3   679.489222: rtg_try_acquire_lock: rtg_preemptee: comm=tau_rt_4 rtgid=1002 tgid=3293 pid=3296 prio=94
        tau_rt_3-3295  [004] dn.3   679.489226: rtg_try_acquire_lock: rtg_block: comm=tau_rt_3 rtgid=1002 tgid=3292 pid=3295 prio=94
        tau_rt_4-3296  [005] dn.3   679.489227: rtg_try_acquire_lock: rtg_block: comm=tau_rt_4 rtgid=1002 tgid=3293 pid=3296 prio=94
       deepPicar-3266  [000] d..3   679.490073: rtg_try_release_lock: rtg_release: comm=deepPicar rtgid=1001 tgid=3245 pid=3266 prio=93
          <idle>-0     [004] dn.3   679.490075: rtg_try_acquire_lock: rtg_acquire: comm=tau_rt_3 rtgid=1002 tgid=3292 pid=3295 prio=94
       deepPicar-3266  [000] d..3   679.490077: rtg_try_acquire_lock: rtg_preemptor: comm=deepPicar rtgid=1001 tgid=3245 pid=3253 prio=93
       deepPicar-3266  [000] d..3   679.490079: rtg_try_acquire_lock: rtg_preemptee: comm=tau_rt_3 rtgid=1002 tgid=3292 pid=3295 prio=94
        tau_rt_3-3295  [004] dn.3   679.490081: rtg_try_acquire_lock: rtg_block: comm=tau_rt_3 rtgid=1002 tgid=3292 pid=3295 prio=94
        tau_rt_4-3296  [005] dn.3   679.490083: rtg_try_acquire_lock: rtg_block: comm=tau_rt_4 rtgid=1002 tgid=3293 pid=3296 prio=94
       deepPicar-3245  [000] d..3   679.501487: rtg_try_acquire_lock: rtg_block: comm=tau_rt_1 rtgid=1002 tgid=3288 pid=3294 prio=94
       deepPicar-3256  [004] d..3   679.516837: rtg_try_release_lock: rtg_release: comm=deepPicar rtgid=1001 tgid=3249 pid=3256 prio=93
          <idle>-0     [005] dn.3   679.516841: rtg_try_acquire_lock: rtg_acquire: comm=tau_rt_4 rtgid=1002 tgid=3293 pid=3296 prio=94
       deepPicar-3256  [004] d..3   679.516844: rtg_try_acquire_lock: rtg_preemptor: comm=deepPicar rtgid=1001 tgid=3249 pid=3249 prio=93
       deepPicar-3256  [004] d..3   679.516845: rtg_try_acquire_lock: rtg_preemptee: comm=tau_rt_4 rtgid=1002 tgid=3293 pid=3296 prio=94
        tau_rt_1-3294  [000] dn.3   679.516848: rtg_try_acquire_lock: rtg_block: comm=tau_rt_1 rtgid=1002 tgid=3288 pid=3294 prio=94
        tau_rt_4-3296  [005] dn.3   679.516850: rtg_try_acquire_lock: rtg_block: comm=tau_rt_4 rtgid=1002 tgid=3293 pid=3296 prio=94
       deepPicar-3249  [004] d..3   679.516938: rtg_try_release_lock: rtg_release: comm=deepPicar rtgid=1001 tgid=3249 pid=3249 prio=93
          <idle>-0     [000] dn.3   679.516939: rtg_try_acquire_lock: rtg_acquire: comm=tau_rt_1 rtgid=1002 tgid=3288 pid=3294 prio=94
        tau_rt_4-3296  [005] d..3   679.528926: rtg_try_release_lock: rtg_release: comm=tau_rt_4 rtgid=1002 tgid=3293 pid=3296 prio=94
          <idle>-0     [003] dn.3   679.529559: rtg_try_acquire_lock: rtg_acquire: comm=tau_rt_2 rtgid=1002 tgid=3291 pid=3297 prio=94
        tau_rt_1-3294  [000] ...1   679.542170: tracing_mark_write: gid=1002: job_start
        tau_rt_1-3294  [000] dn.3   679.562997: rtg_try_acquire_lock: rtg_preemptor: comm=deepPicar rtgid=1001 tgid=3245 pid=3245 prio=93
        tau_rt_1-3294  [000] dn.3   679.562999: rtg_try_acquire_lock: rtg_preemptee: comm=tau_rt_2 rtgid=1002 tgid=3291 pid=3297 prio=94
        tau_rt_3-3295  [004] dn.3   679.563011: rtg_try_acquire_lock: rtg_block: comm=tau_rt_3 rtgid=1002 tgid=3292 pid=3295 prio=94
        tau_rt_4-3296  [005] dn.3   679.563015: rtg_try_acquire_lock: rtg_block: comm=tau_rt_4 rtgid=1002 tgid=3293 pid=3296 prio=94
       deepPicar-3245  [000] ...1   679.563030: tracing_mark_write: gid=1001: job_start
       deepPicar-3245  [000] d..3   679.564234: rtg_try_release_lock: rtg_release: comm=deepPicar rtgid=1001 tgid=3245 pid=3245 prio=93
          <idle>-0     [004] dn.3   679.564237: rtg_try_acquire_lock: rtg_acquire: comm=tau_rt_3 rtgid=1002 tgid=3292 pid=3295 prio=94
       deepPicar-3245  [000] d..3   679.564240: rtg_try_acquire_lock: rtg_preemptor: comm=deepPicar rtgid=1001 tgid=3245 pid=3261 prio=93
       deepPicar-3245  [000] d..3   679.564241: rtg_try_acquire_lock: rtg_preemptee: comm=tau_rt_3 rtgid=1002 tgid=3292 pid=3295 prio=94
        tau_rt_3-3295  [004] dn.3   679.564244: rtg_try_acquire_lock: rtg_block: comm=tau_rt_3 rtgid=1002 tgid=3292 pid=3295 prio=94
        tau_rt_4-3296  [005] dn.3   679.564245: rtg_try_acquire_lock: rtg_block: comm=tau_rt_4 rtgid=1002 tgid=3293 pid=3296 prio=94
       deepPicar-3261  [000] d..3   679.565213: rtg_try_release_lock: rtg_release: comm=deepPicar rtgid=1001 tgid=3245 pid=3261 prio=93
          <idle>-0     [004] dn.3   679.565214: rtg_try_acquire_lock: rtg_acquire: comm=tau_rt_3 rtgid=1002 tgid=3292 pid=3295 prio=94
       deepPicar-3261  [000] d..3   679.565217: rtg_try_acquire_lock: rtg_preemptor: comm=deepPicar rtgid=1001 tgid=3245 pid=3253 prio=93
       deepPicar-3261  [000] d..3   679.565217: rtg_try_acquire_lock: rtg_preemptee: comm=tau_rt_3 rtgid=1002 tgid=3292 pid=3295 prio=94
        tau_rt_3-3295  [004] dn.3   679.565220: rtg_try_acquire_lock: rtg_block: comm=tau_rt_3 rtgid=1002 tgid=3292 pid=3295 prio=94
        tau_rt_4-3296  [005] dn.3   679.565222: rtg_try_acquire_lock: rtg_block: comm=tau_rt_4 rtgid=1002 tgid=3293 pid=3296 prio=94
       deepPicar-3245  [000] d..3   679.576520: rtg_try_acquire_lock: rtg_block: comm=tau_rt_1 rtgid=1002 tgid=3288 pid=3294 prio=94
       deepPicar-3248  [003] d..3   679.592038: rtg_try_release_lock: rtg_release: comm=deepPicar rtgid=1001 tgid=3248 pid=3248 prio=93
       deepPicar-3250  [005] dn.3   679.592042: rtg_try_acquire_lock: rtg_acquire: comm=tau_rt_4 rtgid=1002 tgid=3293 pid=3296 prio=94
        tau_rt_3-3295  [004] d..3   679.604109: rtg_try_release_lock: rtg_release: comm=tau_rt_3 rtgid=1002 tgid=3292 pid=3295 prio=94
          <idle>-0     [003] dn.3   679.604560: rtg_try_acquire_lock: rtg_acquire: comm=tau_rt_2 rtgid=1002 tgid=3291 pid=3297 prio=94
        tau_rt_1-3294  [000] ...1   679.617171: tracing_mark_write: gid=1002: job_start
        tau_rt_1-3294  [000] dn.3   679.637998: rtg_try_acquire_lock: rtg_preemptor: comm=deepPicar rtgid=1001 tgid=3245 pid=3245 prio=93
        tau_rt_1-3294  [000] dn.3   679.638001: rtg_try_acquire_lock: rtg_preemptee: comm=tau_rt_2 rtgid=1002 tgid=3291 pid=3297 prio=94
        tau_rt_3-3295  [004] dn.3   679.638012: rtg_try_acquire_lock: rtg_block: comm=tau_rt_3 rtgid=1002 tgid=3292 pid=3295 prio=94
        tau_rt_4-3296  [005] dn.3   679.638015: rtg_try_acquire_lock: rtg_block: comm=tau_rt_4 rtgid=1002 tgid=3293 pid=3296 prio=94
       deepPicar-3245  [000] ...1   679.638032: tracing_mark_write: gid=1001: job_start
       deepPicar-3245  [000] d..3   679.639222: rtg_try_release_lock: rtg_release: comm=deepPicar rtgid=1001 tgid=3245 pid=3245 prio=93
          <idle>-0     [004] dn.3   679.639226: rtg_try_acquire_lock: rtg_acquire: comm=tau_rt_3 rtgid=1002 tgid=3292 pid=3295 prio=94
       deepPicar-3245  [000] d..3   679.639229: rtg_try_acquire_lock: rtg_preemptor: comm=deepPicar rtgid=1001 tgid=3245 pid=3262 prio=93
       deepPicar-3245  [000] d..3   679.639230: rtg_try_acquire_lock: rtg_preemptee: comm=tau_rt_3 rtgid=1002 tgid=3292 pid=3295 prio=94
        tau_rt_4-3296  [005] dn.3   679.639233: rtg_try_acquire_lock: rtg_block: comm=tau_rt_4 rtgid=1002 tgid=3293 pid=3296 prio=94
        tau_rt_3-3295  [004] dn.3   679.639234: rtg_try_acquire_lock: rtg_block: comm=tau_rt_3 rtgid=1002 tgid=3292 pid=3295 prio=94
       deepPicar-3262  [000] d..3   679.640143: rtg_try_release_lock: rtg_release: comm=deepPicar rtgid=1001 tgid=3245 pid=3262 prio=93
          <idle>-0     [004] dn.3   679.640146: rtg_try_acquire_lock: rtg_acquire: comm=tau_rt_3 rtgid=1002 tgid=3292 pid=3295 prio=94
       deepPicar-3262  [000] d..3   679.640148: rtg_try_acquire_lock: rtg_preemptor: comm=deepPicar rtgid=1001 tgid=3245 pid=3253 prio=93
       deepPicar-3262  [000] d..3   679.640149: rtg_try_acquire_lock: rtg_preemptee: comm=tau_rt_3 rtgid=1002 tgid=3292 pid=3295 prio=94
        tau_rt_3-3295  [004] dn.3   679.640151: rtg_try_acquire_lock: rtg_block: comm=tau_rt_3 rtgid=1002 tgid=3292 pid=3295 prio=94
        tau_rt_4-3296  [005] dn.3   679.640153: rtg_try_acquire_lock: rtg_block: comm=tau_rt_4 rtgid=1002 tgid=3293 pid=3296 prio=94
       deepPicar-3245  [000] d..3   679.651556: rtg_try_acquire_lock: rtg_block: comm=tau_rt_1 rtgid=1002 tgid=3288 pid=3294 prio=94
       deepPicar-3249  [004] d..3   679.666960: rtg_try_release_lock: rtg_release: comm=deepPicar rtgid=1001 tgid=3249 pid=3249 prio=93
       deepPicar-3250  [005] dn.3   679.666964: rtg_try_acquire_lock: rtg_acquire: comm=tau_rt_4 rtgid=1002 tgid=3293 pid=3296 prio=94
        tau_rt_3-3295  [004] d..3   679.678948: rtg_try_release_lock: rtg_release: comm=tau_rt_3 rtgid=1002 tgid=3292 pid=3295 prio=94
          <idle>-0     [003] dn.3   679.679561: rtg_try_acquire_lock: rtg_acquire: comm=tau_rt_2 rtgid=1002 tgid=3291 pid=3297 prio=94
        tau_rt_1-3294  [000] ...1   679.692170: tracing_mark_write: gid=1002: job_start
        tau_rt_1-3294  [000] dn.3   679.713000: rtg_try_acquire_lock: rtg_preemptor: comm=deepPicar rtgid=1001 tgid=3245 pid=3245 prio=93
        tau_rt_1-3294  [000] dn.3   679.713003: rtg_try_acquire_lock: rtg_preemptee: comm=tau_rt_2 rtgid=1002 tgid=3291 pid=3297 prio=94
        tau_rt_3-3295  [004] dn.3   679.713014: rtg_try_acquire_lock: rtg_block: comm=tau_rt_3 rtgid=1002 tgid=3292 pid=3295 prio=94
        tau_rt_4-3296  [005] dn.3   679.713017: rtg_try_acquire_lock: rtg_block: comm=tau_rt_4 rtgid=1002 tgid=3293 pid=3296 prio=94
       deepPicar-3245  [000] ...1   679.713035: tracing_mark_write: gid=1001: job_start
       deepPicar-3245  [000] d..3   679.714191: rtg_try_release_lock: rtg_release: comm=deepPicar rtgid=1001 tgid=3245 pid=3245 prio=93
          <idle>-0     [005] dn.3   679.714194: rtg_try_acquire_lock: rtg_acquire: comm=tau_rt_4 rtgid=1002 tgid=3293 pid=3296 prio=94
       deepPicar-3245  [000] d..3   679.714197: rtg_try_acquire_lock: rtg_preemptor: comm=deepPicar rtgid=1001 tgid=3245 pid=3263 prio=93
       deepPicar-3245  [000] d..3   679.714197: rtg_try_acquire_lock: rtg_preemptee: comm=tau_rt_4 rtgid=1002 tgid=3293 pid=3296 prio=94
        tau_rt_3-3295  [004] dn.3   679.714200: rtg_try_acquire_lock: rtg_block: comm=tau_rt_3 rtgid=1002 tgid=3292 pid=3295 prio=94
        tau_rt_4-3296  [005] dn.3   679.714201: rtg_try_acquire_lock: rtg_block: comm=tau_rt_4 rtgid=1002 tgid=3293 pid=3296 prio=94
       deepPicar-3263  [000] d..3   679.715086: rtg_try_release_lock: rtg_release: comm=deepPicar rtgid=1001 tgid=3245 pid=3263 prio=93
          <idle>-0     [004] dn.3   679.715088: rtg_try_acquire_lock: rtg_acquire: comm=tau_rt_3 rtgid=1002 tgid=3292 pid=3295 prio=94
       deepPicar-3263  [000] d..3   679.715091: rtg_try_acquire_lock: rtg_preemptor: comm=deepPicar rtgid=1001 tgid=3245 pid=3253 prio=93
       deepPicar-3263  [000] d..3   679.715092: rtg_try_acquire_lock: rtg_preemptee: comm=tau_rt_3 rtgid=1002 tgid=3292 pid=3295 prio=94
        tau_rt_3-3295  [004] dn.3   679.715095: rtg_try_acquire_lock: rtg_block: comm=tau_rt_3 rtgid=1002 tgid=3292 pid=3295 prio=94
        tau_rt_4-3296  [005] dn.3   679.715096: rtg_try_acquire_lock: rtg_block: comm=tau_rt_4 rtgid=1002 tgid=3293 pid=3296 prio=94
       deepPicar-3245  [000] d..3   679.726672: rtg_try_acquire_lock: rtg_block: comm=tau_rt_1 rtgid=1002 tgid=3288 pid=3294 prio=94
       deepPicar-3256  [004] d..3   679.742016: rtg_try_release_lock: rtg_release: comm=deepPicar rtgid=1001 tgid=3249 pid=3256 prio=93
       deepPicar-3257  [003] d..3   679.742019: rtg_try_acquire_lock: rtg_acquire: comm=deepPicar rtgid=1001 tgid=3248 pid=3248 prio=93
          <idle>-0     [000] dn.3   679.742023: rtg_try_acquire_lock: rtg_block: comm=tau_rt_1 rtgid=1002 tgid=3288 pid=3294 prio=94
       deepPicar-3249  [004] d..3   679.742131: rtg_try_release_lock: rtg_release: comm=deepPicar rtgid=1001 tgid=3249 pid=3249 prio=93
       deepPicar-3250  [005] d..3   679.742134: rtg_try_acquire_lock: rtg_acquire: comm=tau_rt_4 rtgid=1002 tgid=3293 pid=3296 prio=94
        tau_rt_3-3295  [004] d..3   679.754255: rtg_try_release_lock: rtg_release: comm=tau_rt_3 rtgid=1002 tgid=3292 pid=3295 prio=94
          <idle>-0     [003] dn.3   679.754560: rtg_try_acquire_lock: rtg_acquire: comm=tau_rt_2 rtgid=1002 tgid=3291 pid=3297 prio=94
        tau_rt_1-3294  [000] ...1   679.767169: tracing_mark_write: gid=1002: job_start
        tau_rt_1-3294  [000] dn.3   679.787991: rtg_try_acquire_lock: rtg_preemptor: comm=deepPicar rtgid=1001 tgid=3245 pid=3245 prio=93
        tau_rt_1-3294  [000] dn.3   679.787994: rtg_try_acquire_lock: rtg_preemptee: comm=tau_rt_2 rtgid=1002 tgid=3291 pid=3297 prio=94
        tau_rt_3-3295  [004] dn.3   679.788003: rtg_try_acquire_lock: rtg_block: comm=tau_rt_3 rtgid=1002 tgid=3292 pid=3295 prio=94
        tau_rt_4-3296  [005] dn.3   679.788006: rtg_try_acquire_lock: rtg_block: comm=tau_rt_4 rtgid=1002 tgid=3293 pid=3296 prio=94
       deepPicar-3245  [000] ...1   679.788023: tracing_mark_write: gid=1001: job_start
       deepPicar-3245  [000] d..3   679.789186: rtg_try_release_lock: rtg_release: comm=deepPicar rtgid=1001 tgid=3245 pid=3245 prio=93
          <idle>-0     [004] dn.3   679.789189: rtg_try_acquire_lock: rtg_acquire: comm=tau_rt_3 rtgid=1002 tgid=3292 pid=3295 prio=94
       deepPicar-3245  [000] d..3   679.789192: rtg_try_acquire_lock: rtg_preemptor: comm=deepPicar rtgid=1001 tgid=3245 pid=3264 prio=93
       deepPicar-3245  [000] d..3   679.789192: rtg_try_acquire_lock: rtg_preemptee: comm=tau_rt_3 rtgid=1002 tgid=3292 pid=3295 prio=94
        tau_rt_3-3295  [004] dn.3   679.789195: rtg_try_acquire_lock: rtg_block: comm=tau_rt_3 rtgid=1002 tgid=3292 pid=3295 prio=94
        tau_rt_4-3296  [005] dn.3   679.789197: rtg_try_acquire_lock: rtg_block: comm=tau_rt_4 rtgid=1002 tgid=3293 pid=3296 prio=94
       deepPicar-3264  [000] d..3   679.789985: rtg_try_release_lock: rtg_release: comm=deepPicar rtgid=1001 tgid=3245 pid=3264 prio=93
          <idle>-0     [004] dn.3   679.789987: rtg_try_acquire_lock: rtg_acquire: comm=tau_rt_3 rtgid=1002 tgid=3292 pid=3295 prio=94
       deepPicar-3264  [000] d..3   679.789989: rtg_try_acquire_lock: rtg_preemptor: comm=deepPicar rtgid=1001 tgid=3245 pid=3253 prio=93
       deepPicar-3264  [000] d..3   679.789990: rtg_try_acquire_lock: rtg_preemptee: comm=tau_rt_3 rtgid=1002 tgid=3292 pid=3295 prio=94
        tau_rt_4-3296  [005] dn.3   679.789993: rtg_try_acquire_lock: rtg_block: comm=tau_rt_4 rtgid=1002 tgid=3293 pid=3296 prio=94
        tau_rt_3-3295  [004] dn.3   679.789994: rtg_try_acquire_lock: rtg_block: comm=tau_rt_3 rtgid=1002 tgid=3292 pid=3295 prio=94
       deepPicar-3245  [000] d..3   679.801184: rtg_try_acquire_lock: rtg_block: comm=tau_rt_1 rtgid=1002 tgid=3288 pid=3294 prio=94
       deepPicar-3257  [003] d..3   679.816750: rtg_try_release_lock: rtg_release: comm=deepPicar rtgid=1001 tgid=3248 pid=3257 prio=93
       deepPicar-3259  [005] dn.3   679.816754: rtg_try_acquire_lock: rtg_acquire: comm=deepPicar rtgid=1001 tgid=3250 pid=3250 prio=93
          <idle>-0     [000] dn.3   679.816758: rtg_try_acquire_lock: rtg_block: comm=tau_rt_1 rtgid=1002 tgid=3288 pid=3294 prio=94
       deepPicar-3249  [004] d..3   679.816866: rtg_try_release_lock: rtg_release: comm=deepPicar rtgid=1001 tgid=3249 pid=3249 prio=93
       deepPicar-3250  [005] d..3   679.816869: rtg_try_acquire_lock: rtg_acquire: comm=tau_rt_4 rtgid=1002 tgid=3293 pid=3296 prio=94
        tau_rt_3-3295  [004] d..3   679.828839: rtg_try_release_lock: rtg_release: comm=tau_rt_3 rtgid=1002 tgid=3292 pid=3295 prio=94
          <idle>-0     [003] dn.3   679.829554: rtg_try_acquire_lock: rtg_acquire: comm=tau_rt_2 rtgid=1002 tgid=3291 pid=3297 prio=94
        tau_rt_1-3294  [000] ...1   679.842172: tracing_mark_write: gid=1002: job_start
        tau_rt_1-3294  [000] dn.3   679.862997: rtg_try_acquire_lock: rtg_preemptor: comm=deepPicar rtgid=1001 tgid=3245 pid=3245 prio=93
        tau_rt_1-3294  [000] dn.3   679.863000: rtg_try_acquire_lock: rtg_preemptee: comm=tau_rt_2 rtgid=1002 tgid=3291 pid=3297 prio=94
        tau_rt_4-3296  [005] dn.3   679.863011: rtg_try_acquire_lock: rtg_block: comm=tau_rt_4 rtgid=1002 tgid=3293 pid=3296 prio=94
        tau_rt_3-3295  [004] dn.3   679.863014: rtg_try_acquire_lock: rtg_block: comm=tau_rt_3 rtgid=1002 tgid=3292 pid=3295 prio=94
       deepPicar-3245  [000] ...1   679.863033: tracing_mark_write: gid=1001: job_start
       deepPicar-3245  [000] d..3   679.864231: rtg_try_release_lock: rtg_release: comm=deepPicar rtgid=1001 tgid=3245 pid=3245 prio=93
          <idle>-0     [004] dn.3   679.864234: rtg_try_acquire_lock: rtg_acquire: comm=tau_rt_3 rtgid=1002 tgid=3292 pid=3295 prio=94
       deepPicar-3245  [000] d..3   679.864238: rtg_try_acquire_lock: rtg_preemptor: comm=deepPicar rtgid=1001 tgid=3245 pid=3265 prio=93
       deepPicar-3245  [000] d..3   679.864238: rtg_try_acquire_lock: rtg_preemptee: comm=tau_rt_3 rtgid=1002 tgid=3292 pid=3295 prio=94
        tau_rt_3-3295  [004] dn.3   679.864241: rtg_try_acquire_lock: rtg_block: comm=tau_rt_3 rtgid=1002 tgid=3292 pid=3295 prio=94
        tau_rt_4-3296  [005] dn.3   679.864243: rtg_try_acquire_lock: rtg_block: comm=tau_rt_4 rtgid=1002 tgid=3293 pid=3296 prio=94
       deepPicar-3265  [000] d..3   679.865112: rtg_try_release_lock: rtg_release: comm=deepPicar rtgid=1001 tgid=3245 pid=3265 prio=93
          <idle>-0     [005] dn.3   679.865114: rtg_try_acquire_lock: rtg_acquire: comm=tau_rt_4 rtgid=1002 tgid=3293 pid=3296 prio=94
       deepPicar-3265  [000] d..3   679.865116: rtg_try_acquire_lock: rtg_preemptor: comm=deepPicar rtgid=1001 tgid=3245 pid=3253 prio=93
       deepPicar-3265  [000] d..3   679.865117: rtg_try_acquire_lock: rtg_preemptee: comm=tau_rt_4 rtgid=1002 tgid=3293 pid=3296 prio=94
