# tracer: nop
#
# entries-in-buffer/entries-written: 19106/19106   #P:6
#
#                              _-----=> irqs-off
#                             / _----=> need-resched
#                            | / _---=> hardirq/softirq
#                            || / _--=> preempt-depth
#                            ||| /     delay
#           TASK-PID   CPU#  ||||    TIMESTAMP  FUNCTION
#              | |       |   ||||       |         |
        tau_rt_4-4307  [000] d..3  3022.693451: rtg_try_acquire_lock: rtg_acquire: comm=tau_rt_4 rtgid=1001 tgid=4307 pid=4314 prio=93
        tau_rt_4-4314  [000] ...1  3022.693518: tracing_mark_write: gid=1001: job_start
        tau_rt_4-4314  [000] d..3  3022.716839: rtg_try_release_lock: rtg_release: comm=tau_rt_4 rtgid=1001 tgid=4307 pid=4314 prio=93
          <idle>-0     [000] dn.3  3022.793526: rtg_try_acquire_lock: rtg_acquire: comm=tau_rt_4 rtgid=1001 tgid=4307 pid=4314 prio=93
        tau_rt_4-4314  [000] ...1  3022.793560: tracing_mark_write: gid=1001: job_start
        tau_rt_4-4314  [000] d..3  3022.815848: rtg_try_release_lock: rtg_release: comm=tau_rt_4 rtgid=1001 tgid=4307 pid=4314 prio=93
       deepPicar-4312  [005] d..3  3022.885212: rtg_try_acquire_lock: rtg_acquire: comm=deepPicar rtgid=1001 tgid=4312 pid=4315 prio=93
       deepPicar-4315  [005] d..3  3022.885283: rtg_try_release_lock: rtg_release: comm=deepPicar rtgid=1001 tgid=4312 pid=4315 prio=93
       deepPicar-4316  [003] d..3  3022.885286: rtg_try_acquire_lock: rtg_acquire: comm=deepPicar rtgid=1001 tgid=4310 pid=4317 prio=93
       deepPicar-4317  [003] d..3  3022.885323: rtg_try_release_lock: rtg_release: comm=deepPicar rtgid=1001 tgid=4310 pid=4317 prio=93
       deepPicar-4318  [005] d..3  3022.885325: rtg_try_acquire_lock: rtg_acquire: comm=deepPicar rtgid=1001 tgid=4312 pid=4321 prio=93
       deepPicar-4323  [005] d..3  3022.886553: rtg_try_release_lock: rtg_release: comm=deepPicar rtgid=1001 tgid=4312 pid=4323 prio=93
           <...>-4324  [003] d..3  3022.886556: rtg_try_acquire_lock: rtg_acquire: comm=deepPicar rtgid=1001 tgid=4310 pid=4326 prio=93
       deepPicar-4326  [003] d..3  3022.886575: rtg_try_release_lock: rtg_release: comm=deepPicar rtgid=1001 tgid=4310 pid=4326 prio=93
       deepPicar-4325  [005] d..3  3022.886576: rtg_try_acquire_lock: rtg_acquire: comm=deepPicar rtgid=1001 tgid=4312 pid=4327 prio=93
       deepPicar-4310  [003] d..3  3022.886780: rtg_try_release_lock: rtg_release: comm=deepPicar rtgid=1001 tgid=4310 pid=4310 prio=93
       deepPicar-4312  [005] d..3  3022.886783: rtg_try_acquire_lock: rtg_acquire: comm=deepPicar rtgid=1001 tgid=4312 pid=4325 prio=93
       deepPicar-4312  [005] d..3  3022.887650: rtg_try_release_lock: rtg_release: comm=deepPicar rtgid=1001 tgid=4312 pid=4312 prio=93
       deepPicar-4310  [003] d..3  3022.887653: rtg_try_acquire_lock: rtg_acquire: comm=deepPicar rtgid=1001 tgid=4310 pid=4328 prio=93
       deepPicar-4312  [005] d..3  3022.888513: rtg_try_release_lock: rtg_release: comm=deepPicar rtgid=1001 tgid=4312 pid=4312 prio=93
       deepPicar-4310  [003] d..3  3022.888516: rtg_try_acquire_lock: rtg_acquire: comm=deepPicar rtgid=1001 tgid=4310 pid=4330 prio=93
       deepPicar-4312  [005] d..3  3022.889323: rtg_try_release_lock: rtg_release: comm=deepPicar rtgid=1001 tgid=4312 pid=4312 prio=93
       deepPicar-4310  [003] d..3  3022.889326: rtg_try_acquire_lock: rtg_acquire: comm=deepPicar rtgid=1001 tgid=4310 pid=4332 prio=93
       deepPicar-4332  [003] d..3  3022.889834: rtg_try_release_lock: rtg_release: comm=deepPicar rtgid=1001 tgid=4310 pid=4332 prio=93
       deepPicar-4331  [005] d..3  3022.889837: rtg_try_acquire_lock: rtg_acquire: comm=deepPicar rtgid=1001 tgid=4312 pid=4312 prio=93
        tau_rt_4-4314  [000] ...1  3022.893552: tracing_mark_write: gid=1001: job_start
        tau_rt_4-4314  [000] ...1  3022.993545: tracing_mark_write: gid=1001: job_start
       deepPicar-4320  [004] d..3  3023.028346: rtg_try_release_lock: rtg_release: comm=deepPicar rtgid=1001 tgid=4311 pid=4320 prio=93
       deepPicar-4320  [004] d..3  3023.028351: rtg_try_acquire_lock: rtg_acquire: comm=deepPicar rtgid=1001 tgid=4311 pid=4311 prio=93
       deepPicar-4311  [004] d..3  3023.028501: rtg_try_release_lock: rtg_release: comm=deepPicar rtgid=1001 tgid=4311 pid=4311 prio=93
          <idle>-0     [003] dn.3  3023.091926: rtg_try_acquire_lock: rtg_acquire: comm=deepPicar rtgid=1001 tgid=4310 pid=4310 prio=93
        tau_rt_4-4314  [000] ...1  3023.093546: tracing_mark_write: gid=1001: job_start
       deepPicar-4311  [004] d..3  3023.116270: rtg_try_release_lock: rtg_release: comm=deepPicar rtgid=1001 tgid=4311 pid=4311 prio=93
       deepPicar-4311  [004] d..3  3023.116273: rtg_try_acquire_lock: rtg_acquire: comm=deepPicar rtgid=1001 tgid=4311 pid=4337 prio=93
       deepPicar-4337  [004] d..3  3023.116707: rtg_try_release_lock: rtg_release: comm=deepPicar rtgid=1001 tgid=4311 pid=4337 prio=93
       deepPicar-4337  [004] d..3  3023.116710: rtg_try_acquire_lock: rtg_acquire: comm=deepPicar rtgid=1001 tgid=4311 pid=4320 prio=93
       deepPicar-4320  [004] d..3  3023.127716: rtg_try_release_lock: rtg_release: comm=deepPicar rtgid=1001 tgid=4311 pid=4320 prio=93
       deepPicar-4320  [004] d..3  3023.127719: rtg_try_acquire_lock: rtg_acquire: comm=deepPicar rtgid=1001 tgid=4311 pid=4311 prio=93
       deepPicar-4311  [004] d..3  3023.127828: rtg_try_release_lock: rtg_release: comm=deepPicar rtgid=1001 tgid=4311 pid=4311 prio=93
          <idle>-0     [003] dn.3  3023.191919: rtg_try_acquire_lock: rtg_acquire: comm=deepPicar rtgid=1001 tgid=4310 pid=4310 prio=93
        tau_rt_4-4314  [000] ...1  3023.193544: tracing_mark_write: gid=1001: job_start
       deepPicar-4311  [004] d..3  3023.216246: rtg_try_release_lock: rtg_release: comm=deepPicar rtgid=1001 tgid=4311 pid=4311 prio=93
       deepPicar-4311  [004] d..3  3023.216249: rtg_try_acquire_lock: rtg_acquire: comm=deepPicar rtgid=1001 tgid=4311 pid=4338 prio=93
       deepPicar-4338  [004] d..3  3023.216669: rtg_try_release_lock: rtg_release: comm=deepPicar rtgid=1001 tgid=4311 pid=4338 prio=93
       deepPicar-4338  [004] d..3  3023.216671: rtg_try_acquire_lock: rtg_acquire: comm=deepPicar rtgid=1001 tgid=4311 pid=4320 prio=93
       deepPicar-4320  [004] d..3  3023.227979: rtg_try_release_lock: rtg_release: comm=deepPicar rtgid=1001 tgid=4311 pid=4320 prio=93
       deepPicar-4320  [004] d..3  3023.227982: rtg_try_acquire_lock: rtg_acquire: comm=deepPicar rtgid=1001 tgid=4311 pid=4311 prio=93
       deepPicar-4311  [004] d..3  3023.228095: rtg_try_release_lock: rtg_release: comm=deepPicar rtgid=1001 tgid=4311 pid=4311 prio=93
          <idle>-0     [003] dn.3  3023.291918: rtg_try_acquire_lock: rtg_acquire: comm=deepPicar rtgid=1001 tgid=4310 pid=4310 prio=93
        tau_rt_4-4314  [000] ...1  3023.293547: tracing_mark_write: gid=1001: job_start
       deepPicar-4311  [004] d..3  3023.316250: rtg_try_release_lock: rtg_release: comm=deepPicar rtgid=1001 tgid=4311 pid=4311 prio=93
       deepPicar-4311  [004] d..3  3023.316253: rtg_try_acquire_lock: rtg_acquire: comm=deepPicar rtgid=1001 tgid=4311 pid=4339 prio=93
       deepPicar-4339  [004] d..3  3023.316676: rtg_try_release_lock: rtg_release: comm=deepPicar rtgid=1001 tgid=4311 pid=4339 prio=93
       deepPicar-4339  [004] d..3  3023.316679: rtg_try_acquire_lock: rtg_acquire: comm=deepPicar rtgid=1001 tgid=4311 pid=4320 prio=93
       deepPicar-4320  [004] d..3  3023.327681: rtg_try_release_lock: rtg_release: comm=deepPicar rtgid=1001 tgid=4311 pid=4320 prio=93
       deepPicar-4320  [004] d..3  3023.327684: rtg_try_acquire_lock: rtg_acquire: comm=deepPicar rtgid=1001 tgid=4311 pid=4311 prio=93
       deepPicar-4311  [004] d..3  3023.327794: rtg_try_release_lock: rtg_release: comm=deepPicar rtgid=1001 tgid=4311 pid=4311 prio=93
          <idle>-0     [003] dn.3  3023.391919: rtg_try_acquire_lock: rtg_acquire: comm=deepPicar rtgid=1001 tgid=4310 pid=4310 prio=93
        tau_rt_4-4314  [000] ...1  3023.393547: tracing_mark_write: gid=1001: job_start
       deepPicar-4311  [004] d..3  3023.416241: rtg_try_release_lock: rtg_release: comm=deepPicar rtgid=1001 tgid=4311 pid=4311 prio=93
       deepPicar-4311  [004] d..3  3023.416244: rtg_try_acquire_lock: rtg_acquire: comm=deepPicar rtgid=1001 tgid=4311 pid=4340 prio=93
       deepPicar-4340  [004] d..3  3023.416672: rtg_try_release_lock: rtg_release: comm=deepPicar rtgid=1001 tgid=4311 pid=4340 prio=93
       deepPicar-4340  [004] d..3  3023.416674: rtg_try_acquire_lock: rtg_acquire: comm=deepPicar rtgid=1001 tgid=4311 pid=4320 prio=93
       deepPicar-4320  [004] d..3  3023.427693: rtg_try_release_lock: rtg_release: comm=deepPicar rtgid=1001 tgid=4311 pid=4320 prio=93
       deepPicar-4320  [004] d..3  3023.427696: rtg_try_acquire_lock: rtg_acquire: comm=deepPicar rtgid=1001 tgid=4311 pid=4311 prio=93
       deepPicar-4311  [004] d..3  3023.427806: rtg_try_release_lock: rtg_release: comm=deepPicar rtgid=1001 tgid=4311 pid=4311 prio=93
          <idle>-0     [003] dn.3  3023.491921: rtg_try_acquire_lock: rtg_acquire: comm=deepPicar rtgid=1001 tgid=4310 pid=4310 prio=93
        tau_rt_4-4314  [000] ...1  3023.493543: tracing_mark_write: gid=1001: job_start
       deepPicar-4311  [004] d..3  3023.516254: rtg_try_release_lock: rtg_release: comm=deepPicar rtgid=1001 tgid=4311 pid=4311 prio=93
       deepPicar-4311  [004] d..3  3023.516257: rtg_try_acquire_lock: rtg_acquire: comm=deepPicar rtgid=1001 tgid=4311 pid=4341 prio=93
       deepPicar-4341  [004] d..3  3023.516688: rtg_try_release_lock: rtg_release: comm=deepPicar rtgid=1001 tgid=4311 pid=4341 prio=93
       deepPicar-4341  [004] d..3  3023.516690: rtg_try_acquire_lock: rtg_acquire: comm=deepPicar rtgid=1001 tgid=4311 pid=4320 prio=93
       deepPicar-4320  [004] d..3  3023.527857: rtg_try_release_lock: rtg_release: comm=deepPicar rtgid=1001 tgid=4311 pid=4320 prio=93
       deepPicar-4320  [004] d..3  3023.527860: rtg_try_acquire_lock: rtg_acquire: comm=deepPicar rtgid=1001 tgid=4311 pid=4311 prio=93
       deepPicar-4311  [004] d..3  3023.527990: rtg_try_release_lock: rtg_release: comm=deepPicar rtgid=1001 tgid=4311 pid=4311 prio=93
          <idle>-0     [003] dn.3  3023.591921: rtg_try_acquire_lock: rtg_acquire: comm=deepPicar rtgid=1001 tgid=4310 pid=4310 prio=93
        tau_rt_4-4314  [000] ...1  3023.593543: tracing_mark_write: gid=1001: job_start
       deepPicar-4311  [004] d..3  3023.616296: rtg_try_release_lock: rtg_release: comm=deepPicar rtgid=1001 tgid=4311 pid=4311 prio=93
       deepPicar-4311  [004] d..3  3023.616299: rtg_try_acquire_lock: rtg_acquire: comm=deepPicar rtgid=1001 tgid=4311 pid=4336 prio=93
       deepPicar-4336  [004] d..3  3023.617344: rtg_try_release_lock: rtg_release: comm=deepPicar rtgid=1001 tgid=4311 pid=4336 prio=93
       deepPicar-4336  [004] d..3  3023.617346: rtg_try_acquire_lock: rtg_acquire: comm=deepPicar rtgid=1001 tgid=4311 pid=4320 prio=93
       deepPicar-4320  [004] d..3  3023.628442: rtg_try_release_lock: rtg_release: comm=deepPicar rtgid=1001 tgid=4311 pid=4320 prio=93
       deepPicar-4320  [004] d..3  3023.628444: rtg_try_acquire_lock: rtg_acquire: comm=deepPicar rtgid=1001 tgid=4311 pid=4311 prio=93
       deepPicar-4311  [004] d..3  3023.628556: rtg_try_release_lock: rtg_release: comm=deepPicar rtgid=1001 tgid=4311 pid=4311 prio=93
          <idle>-0     [003] dn.3  3023.691922: rtg_try_acquire_lock: rtg_acquire: comm=deepPicar rtgid=1001 tgid=4310 pid=4310 prio=93
        tau_rt_4-4314  [000] ...1  3023.693544: tracing_mark_write: gid=1001: job_start
        tau_rt_4-4314  [000] d..3  3023.713979: rtg_try_release_lock: rtg_release: comm=tau_rt_4 rtgid=1001 tgid=4307 pid=4314 prio=93
        tau_rt_3-4346  [004] dn.3  3023.714865: rtg_try_acquire_lock: rtg_acquire: comm=deepPicar rtgid=1001 tgid=4311 pid=4311 prio=93
       deepPicar-4311  [004] d..3  3023.716275: rtg_try_release_lock: rtg_release: comm=deepPicar rtgid=1001 tgid=4311 pid=4311 prio=93
       deepPicar-4311  [004] d..3  3023.716278: rtg_try_acquire_lock: rtg_acquire: comm=deepPicar rtgid=1001 tgid=4311 pid=4337 prio=93
       deepPicar-4337  [004] d..3  3023.716855: rtg_try_release_lock: rtg_release: comm=deepPicar rtgid=1001 tgid=4311 pid=4337 prio=93
       deepPicar-4337  [004] d..3  3023.716858: rtg_try_acquire_lock: rtg_acquire: comm=deepPicar rtgid=1001 tgid=4311 pid=4320 prio=93
        tau_rt_4-4347  [005] d..3  3023.722279: rtg_try_acquire_lock: rtg_block: comm=tau_rt_4 rtgid=1002 tgid=4347 pid=4348 prio=94
        tau_rt_2-4345  [003] d..3  3023.722283: rtg_try_acquire_lock: rtg_block: comm=tau_rt_2 rtgid=1002 tgid=4345 pid=4349 prio=94
       deepPicar-4320  [004] d..3  3023.730335: rtg_try_release_lock: rtg_release: comm=deepPicar rtgid=1001 tgid=4311 pid=4320 prio=93
          <idle>-0     [005] dn.3  3023.730339: rtg_try_acquire_lock: rtg_acquire: comm=tau_rt_4 rtgid=1002 tgid=4347 pid=4348 prio=94
       deepPicar-4320  [004] d..3  3023.730342: rtg_try_acquire_lock: rtg_preemptor: comm=deepPicar rtgid=1001 tgid=4311 pid=4311 prio=93
       deepPicar-4320  [004] d..3  3023.730343: rtg_try_acquire_lock: rtg_preemptee: comm=tau_rt_4 rtgid=1002 tgid=4347 pid=4348 prio=94
        tau_rt_4-4348  [005] dn.3  3023.730347: rtg_try_acquire_lock: rtg_block: comm=tau_rt_4 rtgid=1002 tgid=4347 pid=4348 prio=94
        tau_rt_2-4349  [003] dn.3  3023.730349: rtg_try_acquire_lock: rtg_block: comm=tau_rt_2 rtgid=1002 tgid=4345 pid=4349 prio=94
       deepPicar-4311  [004] d..3  3023.730472: rtg_try_release_lock: rtg_release: comm=deepPicar rtgid=1001 tgid=4311 pid=4311 prio=93
          <idle>-0     [003] dn.3  3023.730474: rtg_try_acquire_lock: rtg_acquire: comm=tau_rt_2 rtgid=1002 tgid=4345 pid=4349 prio=94
        tau_rt_3-4350  [004] d..3  3023.760952: rtg_try_release_lock: rtg_release: comm=tau_rt_3 rtgid=1002 tgid=4346 pid=4350 prio=94
          <idle>-0     [003] dn.3  3023.791928: rtg_try_acquire_lock: rtg_acquire: comm=deepPicar rtgid=1001 tgid=4310 pid=4310 prio=93
        tau_rt_4-4314  [000] ...1  3023.793550: tracing_mark_write: gid=1001: job_start
       deepPicar-4311  [004] d..3  3023.816265: rtg_try_release_lock: rtg_release: comm=deepPicar rtgid=1001 tgid=4311 pid=4311 prio=93
       deepPicar-4311  [004] d..3  3023.816268: rtg_try_acquire_lock: rtg_acquire: comm=deepPicar rtgid=1001 tgid=4311 pid=4338 prio=93
       deepPicar-4338  [004] d..3  3023.817010: rtg_try_release_lock: rtg_release: comm=deepPicar rtgid=1001 tgid=4311 pid=4338 prio=93
       deepPicar-4338  [004] d..3  3023.817012: rtg_try_acquire_lock: rtg_acquire: comm=deepPicar rtgid=1001 tgid=4311 pid=4320 prio=93
       deepPicar-4320  [004] d..3  3023.829155: rtg_try_release_lock: rtg_release: comm=deepPicar rtgid=1001 tgid=4311 pid=4320 prio=93
       deepPicar-4320  [004] d..3  3023.829158: rtg_try_acquire_lock: rtg_acquire: comm=deepPicar rtgid=1001 tgid=4311 pid=4311 prio=93
       deepPicar-4311  [004] d..3  3023.829272: rtg_try_release_lock: rtg_release: comm=deepPicar rtgid=1001 tgid=4311 pid=4311 prio=93
          <idle>-0     [003] dn.3  3023.830558: rtg_try_acquire_lock: rtg_acquire: comm=tau_rt_2 rtgid=1002 tgid=4345 pid=4349 prio=94
        tau_rt_3-4350  [004] d..3  3023.860160: rtg_try_release_lock: rtg_release: comm=tau_rt_3 rtgid=1002 tgid=4346 pid=4350 prio=94
          <idle>-0     [003] dn.3  3023.891929: rtg_try_acquire_lock: rtg_acquire: comm=deepPicar rtgid=1001 tgid=4310 pid=4310 prio=93
        tau_rt_4-4314  [000] ...1  3023.893553: tracing_mark_write: gid=1001: job_start
        tau_rt_4-4314  [000] d..3  3023.915925: rtg_try_acquire_lock: rtg_block: comm=deepPicar rtgid=1002 tgid=4342 pid=4342 prio=94
       deepPicar-4311  [004] d..3  3023.916236: rtg_try_release_lock: rtg_release: comm=deepPicar rtgid=1001 tgid=4311 pid=4311 prio=93
          <idle>-0     [000] dn.3  3023.916238: rtg_try_acquire_lock: rtg_acquire: comm=deepPicar rtgid=1002 tgid=4342 pid=4342 prio=94
       deepPicar-4311  [004] d..3  3023.916241: rtg_try_acquire_lock: rtg_preemptor: comm=deepPicar rtgid=1001 tgid=4311 pid=4339 prio=93
       deepPicar-4311  [004] d..3  3023.916242: rtg_try_acquire_lock: rtg_preemptee: comm=deepPicar rtgid=1002 tgid=4342 pid=4342 prio=94
       deepPicar-4342  [000] dn.3  3023.916245: rtg_try_acquire_lock: rtg_block: comm=deepPicar rtgid=1002 tgid=4342 pid=4342 prio=94
       deepPicar-4339  [004] d..3  3023.916984: rtg_try_release_lock: rtg_release: comm=deepPicar rtgid=1001 tgid=4311 pid=4339 prio=93
          <idle>-0     [000] dn.3  3023.916987: rtg_try_acquire_lock: rtg_acquire: comm=deepPicar rtgid=1002 tgid=4342 pid=4342 prio=94
       deepPicar-4339  [004] d..3  3023.916989: rtg_try_acquire_lock: rtg_preemptor: comm=deepPicar rtgid=1001 tgid=4311 pid=4320 prio=93
       deepPicar-4339  [004] d..3  3023.916990: rtg_try_acquire_lock: rtg_preemptee: comm=deepPicar rtgid=1002 tgid=4342 pid=4342 prio=94
       deepPicar-4342  [000] dn.3  3023.916992: rtg_try_acquire_lock: rtg_block: comm=deepPicar rtgid=1002 tgid=4342 pid=4342 prio=94
       deepPicar-4320  [004] d..3  3023.928080: rtg_try_release_lock: rtg_release: comm=deepPicar rtgid=1001 tgid=4311 pid=4320 prio=93
          <idle>-0     [000] dn.3  3023.928083: rtg_try_acquire_lock: rtg_acquire: comm=deepPicar rtgid=1002 tgid=4342 pid=4342 prio=94
       deepPicar-4320  [004] d..3  3023.928086: rtg_try_acquire_lock: rtg_preemptor: comm=deepPicar rtgid=1001 tgid=4311 pid=4311 prio=93
       deepPicar-4320  [004] d..3  3023.928086: rtg_try_acquire_lock: rtg_preemptee: comm=deepPicar rtgid=1002 tgid=4342 pid=4342 prio=94
       deepPicar-4342  [000] dn.3  3023.928090: rtg_try_acquire_lock: rtg_block: comm=deepPicar rtgid=1002 tgid=4342 pid=4342 prio=94
       deepPicar-4311  [004] d..3  3023.928198: rtg_try_release_lock: rtg_release: comm=deepPicar rtgid=1001 tgid=4311 pid=4311 prio=93
          <idle>-0     [000] dn.3  3023.928200: rtg_try_acquire_lock: rtg_acquire: comm=deepPicar rtgid=1002 tgid=4342 pid=4342 prio=94
       deepPicar-4342  [000] d..3  3023.980533: rtg_try_release_lock: rtg_release: comm=deepPicar rtgid=1002 tgid=4342 pid=4342 prio=94
       deepPicar-4342  [000] d..3  3023.980537: rtg_try_acquire_lock: rtg_acquire: comm=deepPicar rtgid=1002 tgid=4342 pid=4351 prio=94
       deepPicar-4351  [000] d..3  3023.980599: rtg_try_release_lock: rtg_release: comm=deepPicar rtgid=1002 tgid=4342 pid=4351 prio=94
       deepPicar-4351  [000] d..3  3023.980601: rtg_try_acquire_lock: rtg_acquire: comm=deepPicar rtgid=1002 tgid=4342 pid=4352 prio=94
       deepPicar-4352  [000] d..3  3023.980633: rtg_try_release_lock: rtg_release: comm=deepPicar rtgid=1002 tgid=4342 pid=4352 prio=94
       deepPicar-4352  [000] d..3  3023.980634: rtg_try_acquire_lock: rtg_acquire: comm=deepPicar rtgid=1002 tgid=4342 pid=4353 prio=94
       deepPicar-4353  [000] d..3  3023.980665: rtg_try_release_lock: rtg_release: comm=deepPicar rtgid=1002 tgid=4342 pid=4353 prio=94
       deepPicar-4353  [000] d..3  3023.980666: rtg_try_acquire_lock: rtg_acquire: comm=deepPicar rtgid=1002 tgid=4342 pid=4354 prio=94
       deepPicar-4354  [000] d..3  3023.981829: rtg_try_release_lock: rtg_release: comm=deepPicar rtgid=1002 tgid=4342 pid=4354 prio=94
       deepPicar-4354  [000] d..3  3023.981832: rtg_try_acquire_lock: rtg_acquire: comm=deepPicar rtgid=1002 tgid=4342 pid=4355 prio=94
       deepPicar-4355  [000] d..3  3023.981843: rtg_try_release_lock: rtg_release: comm=deepPicar rtgid=1002 tgid=4342 pid=4355 prio=94
       deepPicar-4355  [000] d..3  3023.981845: rtg_try_acquire_lock: rtg_acquire: comm=deepPicar rtgid=1002 tgid=4342 pid=4356 prio=94
       deepPicar-4356  [000] d..3  3023.981853: rtg_try_release_lock: rtg_release: comm=deepPicar rtgid=1002 tgid=4342 pid=4356 prio=94
       deepPicar-4356  [000] d..3  3023.981854: rtg_try_acquire_lock: rtg_acquire: comm=deepPicar rtgid=1002 tgid=4342 pid=4357 prio=94
       deepPicar-4357  [000] d..3  3023.981863: rtg_try_release_lock: rtg_release: comm=deepPicar rtgid=1002 tgid=4342 pid=4357 prio=94
       deepPicar-4357  [000] d..3  3023.981864: rtg_try_acquire_lock: rtg_acquire: comm=deepPicar rtgid=1002 tgid=4342 pid=4358 prio=94
       deepPicar-4358  [000] d..3  3023.981873: rtg_try_release_lock: rtg_release: comm=deepPicar rtgid=1002 tgid=4342 pid=4358 prio=94
       deepPicar-4358  [000] d..3  3023.981875: rtg_try_acquire_lock: rtg_acquire: comm=deepPicar rtgid=1002 tgid=4342 pid=4359 prio=94
       deepPicar-4359  [000] d..3  3023.981887: rtg_try_release_lock: rtg_release: comm=deepPicar rtgid=1002 tgid=4342 pid=4359 prio=94
       deepPicar-4359  [000] d..3  3023.981888: rtg_try_acquire_lock: rtg_acquire: comm=deepPicar rtgid=1002 tgid=4342 pid=4342 prio=94
       deepPicar-4342  [000] d..3  3023.982018: rtg_try_release_lock: rtg_release: comm=deepPicar rtgid=1002 tgid=4342 pid=4342 prio=94
       deepPicar-4342  [000] d..3  3023.982019: rtg_try_acquire_lock: rtg_acquire: comm=deepPicar rtgid=1002 tgid=4342 pid=4355 prio=94
       deepPicar-4355  [000] d..3  3023.982636: rtg_try_release_lock: rtg_release: comm=deepPicar rtgid=1002 tgid=4342 pid=4355 prio=94
       deepPicar-4355  [000] d..3  3023.982638: rtg_try_acquire_lock: rtg_acquire: comm=deepPicar rtgid=1002 tgid=4342 pid=4342 prio=94
       deepPicar-4342  [000] d..3  3023.982789: rtg_try_release_lock: rtg_release: comm=deepPicar rtgid=1002 tgid=4342 pid=4342 prio=94
       deepPicar-4342  [000] d..3  3023.982791: rtg_try_acquire_lock: rtg_acquire: comm=deepPicar rtgid=1002 tgid=4342 pid=4356 prio=94
       deepPicar-4356  [000] d..3  3023.983301: rtg_try_release_lock: rtg_release: comm=deepPicar rtgid=1002 tgid=4342 pid=4356 prio=94
       deepPicar-4356  [000] d..3  3023.983303: rtg_try_acquire_lock: rtg_acquire: comm=deepPicar rtgid=1002 tgid=4342 pid=4342 prio=94
       deepPicar-4342  [000] d..3  3023.983517: rtg_try_release_lock: rtg_release: comm=deepPicar rtgid=1002 tgid=4342 pid=4342 prio=94
       deepPicar-4342  [000] d..3  3023.983519: rtg_try_acquire_lock: rtg_acquire: comm=deepPicar rtgid=1002 tgid=4342 pid=4357 prio=94
       deepPicar-4357  [000] d..3  3023.984023: rtg_try_release_lock: rtg_release: comm=deepPicar rtgid=1002 tgid=4342 pid=4357 prio=94
       deepPicar-4357  [000] d..3  3023.984024: rtg_try_acquire_lock: rtg_acquire: comm=deepPicar rtgid=1002 tgid=4342 pid=4342 prio=94
       deepPicar-4342  [000] d..3  3023.984235: rtg_try_release_lock: rtg_release: comm=deepPicar rtgid=1002 tgid=4342 pid=4342 prio=94
       deepPicar-4342  [000] d..3  3023.984237: rtg_try_acquire_lock: rtg_acquire: comm=deepPicar rtgid=1002 tgid=4342 pid=4358 prio=94
       deepPicar-4358  [000] d..3  3023.984697: rtg_try_release_lock: rtg_release: comm=deepPicar rtgid=1002 tgid=4342 pid=4358 prio=94
       deepPicar-4358  [000] d..3  3023.984699: rtg_try_acquire_lock: rtg_acquire: comm=deepPicar rtgid=1002 tgid=4342 pid=4342 prio=94
          <idle>-0     [003] dn.3  3023.991929: rtg_try_acquire_lock: rtg_preemptor: comm=deepPicar rtgid=1001 tgid=4310 pid=4310 prio=93
          <idle>-0     [003] dn.3  3023.991932: rtg_try_acquire_lock: rtg_preemptee: comm=deepPicar rtgid=1002 tgid=4342 pid=4342 prio=94
       deepPicar-4342  [000] dn.3  3023.991943: rtg_try_acquire_lock: rtg_block: comm=deepPicar rtgid=1002 tgid=4342 pid=4342 prio=94
        tau_rt_4-4314  [000] ...1  3023.993547: tracing_mark_write: gid=1001: job_start
       deepPicar-4311  [004] d..3  3024.016217: rtg_try_release_lock: rtg_release: comm=deepPicar rtgid=1001 tgid=4311 pid=4311 prio=93
          <idle>-0     [000] dn.3  3024.016221: rtg_try_acquire_lock: rtg_acquire: comm=deepPicar rtgid=1002 tgid=4342 pid=4342 prio=94
       deepPicar-4311  [004] d..3  3024.016223: rtg_try_acquire_lock: rtg_preemptor: comm=deepPicar rtgid=1001 tgid=4311 pid=4340 prio=93
       deepPicar-4311  [004] d..3  3024.016224: rtg_try_acquire_lock: rtg_preemptee: comm=deepPicar rtgid=1002 tgid=4342 pid=4342 prio=94
       deepPicar-4342  [000] dn.3  3024.016227: rtg_try_acquire_lock: rtg_block: comm=deepPicar rtgid=1002 tgid=4342 pid=4342 prio=94
       deepPicar-4340  [004] d..3  3024.016983: rtg_try_release_lock: rtg_release: comm=deepPicar rtgid=1001 tgid=4311 pid=4340 prio=93
          <idle>-0     [000] dn.3  3024.016985: rtg_try_acquire_lock: rtg_acquire: comm=deepPicar rtgid=1002 tgid=4342 pid=4342 prio=94
       deepPicar-4340  [004] d..3  3024.016987: rtg_try_acquire_lock: rtg_preemptor: comm=deepPicar rtgid=1001 tgid=4311 pid=4320 prio=93
       deepPicar-4340  [004] d..3  3024.016988: rtg_try_acquire_lock: rtg_preemptee: comm=deepPicar rtgid=1002 tgid=4342 pid=4342 prio=94
       deepPicar-4342  [000] dn.3  3024.016990: rtg_try_acquire_lock: rtg_block: comm=deepPicar rtgid=1002 tgid=4342 pid=4342 prio=94
       deepPicar-4320  [004] d..3  3024.028171: rtg_try_release_lock: rtg_release: comm=deepPicar rtgid=1001 tgid=4311 pid=4320 prio=93
          <idle>-0     [000] dn.3  3024.028175: rtg_try_acquire_lock: rtg_acquire: comm=deepPicar rtgid=1002 tgid=4342 pid=4342 prio=94
       deepPicar-4320  [004] d..3  3024.028177: rtg_try_acquire_lock: rtg_preemptor: comm=deepPicar rtgid=1001 tgid=4311 pid=4311 prio=93
       deepPicar-4320  [004] d..3  3024.028178: rtg_try_acquire_lock: rtg_preemptee: comm=deepPicar rtgid=1002 tgid=4342 pid=4342 prio=94
       deepPicar-4342  [000] dn.3  3024.028180: rtg_try_acquire_lock: rtg_block: comm=deepPicar rtgid=1002 tgid=4342 pid=4342 prio=94
       deepPicar-4311  [004] d..3  3024.028288: rtg_try_release_lock: rtg_release: comm=deepPicar rtgid=1001 tgid=4311 pid=4311 prio=93
          <idle>-0     [000] dn.3  3024.028289: rtg_try_acquire_lock: rtg_acquire: comm=deepPicar rtgid=1002 tgid=4342 pid=4342 prio=94
          <idle>-0     [003] dn.3  3024.091923: rtg_try_acquire_lock: rtg_preemptor: comm=deepPicar rtgid=1001 tgid=4310 pid=4310 prio=93
          <idle>-0     [003] dn.3  3024.091925: rtg_try_acquire_lock: rtg_preemptee: comm=deepPicar rtgid=1002 tgid=4342 pid=4342 prio=94
       deepPicar-4342  [000] dn.3  3024.091938: rtg_try_acquire_lock: rtg_block: comm=deepPicar rtgid=1002 tgid=4342 pid=4342 prio=94
        tau_rt_4-4314  [000] ...1  3024.093546: tracing_mark_write: gid=1001: job_start
       deepPicar-4311  [004] d..3  3024.116271: rtg_try_release_lock: rtg_release: comm=deepPicar rtgid=1001 tgid=4311 pid=4311 prio=93
          <idle>-0     [000] dn.3  3024.116275: rtg_try_acquire_lock: rtg_acquire: comm=deepPicar rtgid=1002 tgid=4342 pid=4342 prio=94
       deepPicar-4311  [004] d..3  3024.116278: rtg_try_acquire_lock: rtg_preemptor: comm=deepPicar rtgid=1001 tgid=4311 pid=4341 prio=93
       deepPicar-4311  [004] d..3  3024.116279: rtg_try_acquire_lock: rtg_preemptee: comm=deepPicar rtgid=1002 tgid=4342 pid=4342 prio=94
       deepPicar-4342  [000] dn.3  3024.116283: rtg_try_acquire_lock: rtg_block: comm=deepPicar rtgid=1002 tgid=4342 pid=4342 prio=94
       deepPicar-4341  [004] d..3  3024.117053: rtg_try_release_lock: rtg_release: comm=deepPicar rtgid=1001 tgid=4311 pid=4341 prio=93
          <idle>-0     [000] dn.3  3024.117055: rtg_try_acquire_lock: rtg_acquire: comm=deepPicar rtgid=1002 tgid=4342 pid=4342 prio=94
       deepPicar-4341  [004] d..3  3024.117057: rtg_try_acquire_lock: rtg_preemptor: comm=deepPicar rtgid=1001 tgid=4311 pid=4320 prio=93
       deepPicar-4341  [004] d..3  3024.117058: rtg_try_acquire_lock: rtg_preemptee: comm=deepPicar rtgid=1002 tgid=4342 pid=4342 prio=94
       deepPicar-4342  [000] dn.3  3024.117060: rtg_try_acquire_lock: rtg_block: comm=deepPicar rtgid=1002 tgid=4342 pid=4342 prio=94
       deepPicar-4320  [004] d..3  3024.128295: rtg_try_release_lock: rtg_release: comm=deepPicar rtgid=1001 tgid=4311 pid=4320 prio=93
          <idle>-0     [000] dn.3  3024.128298: rtg_try_acquire_lock: rtg_acquire: comm=deepPicar rtgid=1002 tgid=4342 pid=4342 prio=94
       deepPicar-4320  [004] d..3  3024.128300: rtg_try_acquire_lock: rtg_preemptor: comm=deepPicar rtgid=1001 tgid=4311 pid=4311 prio=93
       deepPicar-4320  [004] d..3  3024.128301: rtg_try_acquire_lock: rtg_preemptee: comm=deepPicar rtgid=1002 tgid=4342 pid=4342 prio=94
       deepPicar-4342  [000] dn.3  3024.128303: rtg_try_acquire_lock: rtg_block: comm=deepPicar rtgid=1002 tgid=4342 pid=4342 prio=94
       deepPicar-4311  [004] d..3  3024.128411: rtg_try_release_lock: rtg_release: comm=deepPicar rtgid=1001 tgid=4311 pid=4311 prio=93
          <idle>-0     [000] dn.3  3024.128413: rtg_try_acquire_lock: rtg_acquire: comm=deepPicar rtgid=1002 tgid=4342 pid=4342 prio=94
       deepPicar-4352  [000] d..3  3024.163163: rtg_try_release_lock: rtg_release: comm=deepPicar rtgid=1002 tgid=4342 pid=4352 prio=94
       deepPicar-4352  [000] d..3  3024.163167: rtg_try_acquire_lock: rtg_acquire: comm=deepPicar rtgid=1002 tgid=4342 pid=4342 prio=94
       deepPicar-4342  [000] ...1  3024.163270: tracing_mark_write: gid=1002: job_start
       deepPicar-4342  [000] d..3  3024.164409: rtg_try_release_lock: rtg_release: comm=deepPicar rtgid=1002 tgid=4342 pid=4342 prio=94
       deepPicar-4342  [000] d..3  3024.164412: rtg_try_acquire_lock: rtg_acquire: comm=deepPicar rtgid=1002 tgid=4342 pid=4354 prio=94
       deepPicar-4354  [000] d..3  3024.164908: rtg_try_release_lock: rtg_release: comm=deepPicar rtgid=1002 tgid=4342 pid=4354 prio=94
       deepPicar-4354  [000] d..3  3024.164911: rtg_try_acquire_lock: rtg_acquire: comm=deepPicar rtgid=1002 tgid=4342 pid=4352 prio=94
       deepPicar-4352  [000] d..3  3024.176271: rtg_try_release_lock: rtg_release: comm=deepPicar rtgid=1002 tgid=4342 pid=4352 prio=94
       deepPicar-4352  [000] d..3  3024.176274: rtg_try_acquire_lock: rtg_acquire: comm=deepPicar rtgid=1002 tgid=4342 pid=4342 prio=94
       deepPicar-4342  [000] d..3  3024.176424: rtg_try_release_lock: rtg_release: comm=deepPicar rtgid=1002 tgid=4342 pid=4342 prio=94
          <idle>-0     [003] dn.3  3024.191918: rtg_try_acquire_lock: rtg_acquire: comm=deepPicar rtgid=1001 tgid=4310 pid=4310 prio=93
        tau_rt_4-4314  [000] ...1  3024.193549: tracing_mark_write: gid=1001: job_start
       deepPicar-4311  [004] d..3  3024.216279: rtg_try_release_lock: rtg_release: comm=deepPicar rtgid=1001 tgid=4311 pid=4311 prio=93
       deepPicar-4311  [004] d..3  3024.216282: rtg_try_acquire_lock: rtg_acquire: comm=deepPicar rtgid=1001 tgid=4311 pid=4336 prio=93
       deepPicar-4336  [004] d..3  3024.217057: rtg_try_release_lock: rtg_release: comm=deepPicar rtgid=1001 tgid=4311 pid=4336 prio=93
       deepPicar-4336  [004] d..3  3024.217059: rtg_try_acquire_lock: rtg_acquire: comm=deepPicar rtgid=1001 tgid=4311 pid=4320 prio=93
       deepPicar-4320  [004] d..3  3024.228122: rtg_try_release_lock: rtg_release: comm=deepPicar rtgid=1001 tgid=4311 pid=4320 prio=93
       deepPicar-4320  [004] d..3  3024.228125: rtg_try_acquire_lock: rtg_acquire: comm=deepPicar rtgid=1001 tgid=4311 pid=4311 prio=93
       deepPicar-4311  [004] d..3  3024.228235: rtg_try_release_lock: rtg_release: comm=deepPicar rtgid=1001 tgid=4311 pid=4311 prio=93
          <idle>-0     [005] dn.3  3024.230559: rtg_try_acquire_lock: rtg_acquire: comm=tau_rt_4 rtgid=1002 tgid=4347 pid=4348 prio=94
        tau_rt_3-4350  [004] d..3  3024.259228: rtg_try_release_lock: rtg_release: comm=tau_rt_3 rtgid=1002 tgid=4346 pid=4350 prio=94
          <idle>-0     [000] dn.3  3024.263271: rtg_try_acquire_lock: rtg_acquire: comm=deepPicar rtgid=1002 tgid=4342 pid=4342 prio=94
       deepPicar-4342  [000] ...1  3024.263295: tracing_mark_write: gid=1002: job_start
       deepPicar-4342  [000] d..3  3024.264453: rtg_try_release_lock: rtg_release: comm=deepPicar rtgid=1002 tgid=4342 pid=4342 prio=94
       deepPicar-4342  [000] d..3  3024.264457: rtg_try_acquire_lock: rtg_acquire: comm=deepPicar rtgid=1002 tgid=4342 pid=4355 prio=94
       deepPicar-4355  [000] d..3  3024.264874: rtg_try_release_lock: rtg_release: comm=deepPicar rtgid=1002 tgid=4342 pid=4355 prio=94
       deepPicar-4355  [000] d..3  3024.264876: rtg_try_acquire_lock: rtg_acquire: comm=deepPicar rtgid=1002 tgid=4342 pid=4352 prio=94
       deepPicar-4352  [000] d..3  3024.275901: rtg_try_release_lock: rtg_release: comm=deepPicar rtgid=1002 tgid=4342 pid=4352 prio=94
       deepPicar-4352  [000] d..3  3024.275904: rtg_try_acquire_lock: rtg_acquire: comm=deepPicar rtgid=1002 tgid=4342 pid=4342 prio=94
       deepPicar-4342  [000] d..3  3024.276034: rtg_try_release_lock: rtg_release: comm=deepPicar rtgid=1002 tgid=4342 pid=4342 prio=94
          <idle>-0     [003] dn.3  3024.291918: rtg_try_acquire_lock: rtg_acquire: comm=deepPicar rtgid=1001 tgid=4310 pid=4310 prio=93
        tau_rt_4-4314  [000] ...1  3024.293548: tracing_mark_write: gid=1001: job_start
       deepPicar-4311  [004] d..3  3024.316234: rtg_try_release_lock: rtg_release: comm=deepPicar rtgid=1001 tgid=4311 pid=4311 prio=93
       deepPicar-4311  [004] d..3  3024.316238: rtg_try_acquire_lock: rtg_acquire: comm=deepPicar rtgid=1001 tgid=4311 pid=4337 prio=93
       deepPicar-4337  [004] d..3  3024.316911: rtg_try_release_lock: rtg_release: comm=deepPicar rtgid=1001 tgid=4311 pid=4337 prio=93
       deepPicar-4337  [004] d..3  3024.316914: rtg_try_acquire_lock: rtg_acquire: comm=deepPicar rtgid=1001 tgid=4311 pid=4320 prio=93
       deepPicar-4320  [004] d..3  3024.327940: rtg_try_release_lock: rtg_release: comm=deepPicar rtgid=1001 tgid=4311 pid=4320 prio=93
       deepPicar-4320  [004] d..3  3024.327944: rtg_try_acquire_lock: rtg_acquire: comm=deepPicar rtgid=1001 tgid=4311 pid=4311 prio=93
       deepPicar-4311  [004] d..3  3024.328070: rtg_try_release_lock: rtg_release: comm=deepPicar rtgid=1001 tgid=4311 pid=4311 prio=93
          <idle>-0     [005] dn.3  3024.330556: rtg_try_acquire_lock: rtg_acquire: comm=tau_rt_4 rtgid=1002 tgid=4347 pid=4348 prio=94
        tau_rt_3-4350  [004] d..3  3024.359204: rtg_try_release_lock: rtg_release: comm=tau_rt_3 rtgid=1002 tgid=4346 pid=4350 prio=94
          <idle>-0     [000] dn.3  3024.363264: rtg_try_acquire_lock: rtg_acquire: comm=deepPicar rtgid=1002 tgid=4342 pid=4342 prio=94
       deepPicar-4342  [000] ...1  3024.363288: tracing_mark_write: gid=1002: job_start
       deepPicar-4342  [000] d..3  3024.364476: rtg_try_release_lock: rtg_release: comm=deepPicar rtgid=1002 tgid=4342 pid=4342 prio=94
       deepPicar-4342  [000] d..3  3024.364479: rtg_try_acquire_lock: rtg_acquire: comm=deepPicar rtgid=1002 tgid=4342 pid=4356 prio=94
       deepPicar-4356  [000] d..3  3024.364881: rtg_try_release_lock: rtg_release: comm=deepPicar rtgid=1002 tgid=4342 pid=4356 prio=94
       deepPicar-4356  [000] d..3  3024.364884: rtg_try_acquire_lock: rtg_acquire: comm=deepPicar rtgid=1002 tgid=4342 pid=4352 prio=94
       deepPicar-4352  [000] d..3  3024.376023: rtg_try_release_lock: rtg_release: comm=deepPicar rtgid=1002 tgid=4342 pid=4352 prio=94
       deepPicar-4352  [000] d..3  3024.376026: rtg_try_acquire_lock: rtg_acquire: comm=deepPicar rtgid=1002 tgid=4342 pid=4342 prio=94
       deepPicar-4342  [000] d..3  3024.376137: rtg_try_release_lock: rtg_release: comm=deepPicar rtgid=1002 tgid=4342 pid=4342 prio=94
          <idle>-0     [003] dn.3  3024.391919: rtg_try_acquire_lock: rtg_acquire: comm=deepPicar rtgid=1001 tgid=4310 pid=4310 prio=93
        tau_rt_4-4314  [000] ...1  3024.393549: tracing_mark_write: gid=1001: job_start
       deepPicar-4311  [004] d..3  3024.416240: rtg_try_release_lock: rtg_release: comm=deepPicar rtgid=1001 tgid=4311 pid=4311 prio=93
       deepPicar-4311  [004] d..3  3024.416244: rtg_try_acquire_lock: rtg_acquire: comm=deepPicar rtgid=1001 tgid=4311 pid=4338 prio=93
       deepPicar-4338  [004] d..3  3024.417021: rtg_try_release_lock: rtg_release: comm=deepPicar rtgid=1001 tgid=4311 pid=4338 prio=93
       deepPicar-4338  [004] d..3  3024.417023: rtg_try_acquire_lock: rtg_acquire: comm=deepPicar rtgid=1001 tgid=4311 pid=4320 prio=93
       deepPicar-4320  [004] d..3  3024.428092: rtg_try_release_lock: rtg_release: comm=deepPicar rtgid=1001 tgid=4311 pid=4320 prio=93
       deepPicar-4320  [004] d..3  3024.428095: rtg_try_acquire_lock: rtg_acquire: comm=deepPicar rtgid=1001 tgid=4311 pid=4311 prio=93
       deepPicar-4311  [004] d..3  3024.428206: rtg_try_release_lock: rtg_release: comm=deepPicar rtgid=1001 tgid=4311 pid=4311 prio=93
          <idle>-0     [005] dn.3  3024.430559: rtg_try_acquire_lock: rtg_acquire: comm=tau_rt_4 rtgid=1002 tgid=4347 pid=4348 prio=94
        tau_rt_3-4350  [004] d..3  3024.459316: rtg_try_release_lock: rtg_release: comm=tau_rt_3 rtgid=1002 tgid=4346 pid=4350 prio=94
          <idle>-0     [000] dn.3  3024.463270: rtg_try_acquire_lock: rtg_acquire: comm=deepPicar rtgid=1002 tgid=4342 pid=4342 prio=94
       deepPicar-4342  [000] ...1  3024.463295: tracing_mark_write: gid=1002: job_start
       deepPicar-4342  [000] d..3  3024.464498: rtg_try_release_lock: rtg_release: comm=deepPicar rtgid=1002 tgid=4342 pid=4342 prio=94
       deepPicar-4342  [000] d..3  3024.464501: rtg_try_acquire_lock: rtg_acquire: comm=deepPicar rtgid=1002 tgid=4342 pid=4357 prio=94
       deepPicar-4357  [000] d..3  3024.464910: rtg_try_release_lock: rtg_release: comm=deepPicar rtgid=1002 tgid=4342 pid=4357 prio=94
       deepPicar-4357  [000] d..3  3024.464911: rtg_try_acquire_lock: rtg_acquire: comm=deepPicar rtgid=1002 tgid=4342 pid=4352 prio=94
       deepPicar-4352  [000] d..3  3024.475952: rtg_try_release_lock: rtg_release: comm=deepPicar rtgid=1002 tgid=4342 pid=4352 prio=94
       deepPicar-4352  [000] d..3  3024.475955: rtg_try_acquire_lock: rtg_acquire: comm=deepPicar rtgid=1002 tgid=4342 pid=4342 prio=94
       deepPicar-4342  [000] d..3  3024.476082: rtg_try_release_lock: rtg_release: comm=deepPicar rtgid=1002 tgid=4342 pid=4342 prio=94
          <idle>-0     [003] dn.3  3024.491918: rtg_try_acquire_lock: rtg_acquire: comm=deepPicar rtgid=1001 tgid=4310 pid=4310 prio=93
        tau_rt_4-4314  [000] ...1  3024.493548: tracing_mark_write: gid=1001: job_start
       deepPicar-4311  [004] d..3  3024.516226: rtg_try_release_lock: rtg_release: comm=deepPicar rtgid=1001 tgid=4311 pid=4311 prio=93
       deepPicar-4311  [004] d..3  3024.516230: rtg_try_acquire_lock: rtg_acquire: comm=deepPicar rtgid=1001 tgid=4311 pid=4339 prio=93
       deepPicar-4339  [004] d..3  3024.517001: rtg_try_release_lock: rtg_release: comm=deepPicar rtgid=1001 tgid=4311 pid=4339 prio=93
       deepPicar-4339  [004] d..3  3024.517003: rtg_try_acquire_lock: rtg_acquire: comm=deepPicar rtgid=1001 tgid=4311 pid=4320 prio=93
       deepPicar-4320  [004] d..3  3024.528061: rtg_try_release_lock: rtg_release: comm=deepPicar rtgid=1001 tgid=4311 pid=4320 prio=93
       deepPicar-4320  [004] d..3  3024.528064: rtg_try_acquire_lock: rtg_acquire: comm=deepPicar rtgid=1001 tgid=4311 pid=4311 prio=93
       deepPicar-4311  [004] d..3  3024.528173: rtg_try_release_lock: rtg_release: comm=deepPicar rtgid=1001 tgid=4311 pid=4311 prio=93
          <idle>-0     [005] dn.3  3024.530558: rtg_try_acquire_lock: rtg_acquire: comm=tau_rt_4 rtgid=1002 tgid=4347 pid=4348 prio=94
        tau_rt_3-4350  [004] d..3  3024.559208: rtg_try_release_lock: rtg_release: comm=tau_rt_3 rtgid=1002 tgid=4346 pid=4350 prio=94
          <idle>-0     [000] dn.3  3024.563270: rtg_try_acquire_lock: rtg_acquire: comm=deepPicar rtgid=1002 tgid=4342 pid=4342 prio=94
       deepPicar-4342  [000] ...1  3024.563293: tracing_mark_write: gid=1002: job_start
       deepPicar-4342  [000] d..3  3024.564473: rtg_try_release_lock: rtg_release: comm=deepPicar rtgid=1002 tgid=4342 pid=4342 prio=94
       deepPicar-4342  [000] d..3  3024.564475: rtg_try_acquire_lock: rtg_acquire: comm=deepPicar rtgid=1002 tgid=4342 pid=4358 prio=94
       deepPicar-4358  [000] d..3  3024.564881: rtg_try_release_lock: rtg_release: comm=deepPicar rtgid=1002 tgid=4342 pid=4358 prio=94
       deepPicar-4358  [000] d..3  3024.564883: rtg_try_acquire_lock: rtg_acquire: comm=deepPicar rtgid=1002 tgid=4342 pid=4352 prio=94
       deepPicar-4352  [000] d..3  3024.575909: rtg_try_release_lock: rtg_release: comm=deepPicar rtgid=1002 tgid=4342 pid=4352 prio=94
       deepPicar-4352  [000] d..3  3024.575911: rtg_try_acquire_lock: rtg_acquire: comm=deepPicar rtgid=1002 tgid=4342 pid=4342 prio=94
       deepPicar-4342  [000] d..3  3024.576039: rtg_try_release_lock: rtg_release: comm=deepPicar rtgid=1002 tgid=4342 pid=4342 prio=94
          <idle>-0     [003] dn.3  3024.591919: rtg_try_acquire_lock: rtg_acquire: comm=deepPicar rtgid=1001 tgid=4310 pid=4310 prio=93
        tau_rt_4-4314  [000] ...1  3024.593546: tracing_mark_write: gid=1001: job_start
       deepPicar-4311  [004] d..3  3024.616245: rtg_try_release_lock: rtg_release: comm=deepPicar rtgid=1001 tgid=4311 pid=4311 prio=93
       deepPicar-4311  [004] d..3  3024.616249: rtg_try_acquire_lock: rtg_acquire: comm=deepPicar rtgid=1001 tgid=4311 pid=4340 prio=93
       deepPicar-4340  [004] d..3  3024.617033: rtg_try_release_lock: rtg_release: comm=deepPicar rtgid=1001 tgid=4311 pid=4340 prio=93
       deepPicar-4340  [004] d..3  3024.617035: rtg_try_acquire_lock: rtg_acquire: comm=deepPicar rtgid=1001 tgid=4311 pid=4320 prio=93
       deepPicar-4320  [004] d..3  3024.628075: rtg_try_release_lock: rtg_release: comm=deepPicar rtgid=1001 tgid=4311 pid=4320 prio=93
       deepPicar-4320  [004] d..3  3024.628079: rtg_try_acquire_lock: rtg_acquire: comm=deepPicar rtgid=1001 tgid=4311 pid=4311 prio=93
       deepPicar-4311  [004] d..3  3024.628190: rtg_try_release_lock: rtg_release: comm=deepPicar rtgid=1001 tgid=4311 pid=4311 prio=93
          <idle>-0     [005] dn.3  3024.630558: rtg_try_acquire_lock: rtg_acquire: comm=tau_rt_4 rtgid=1002 tgid=4347 pid=4348 prio=94
        tau_rt_3-4350  [004] d..3  3024.659794: rtg_try_release_lock: rtg_release: comm=tau_rt_3 rtgid=1002 tgid=4346 pid=4350 prio=94
          <idle>-0     [000] dn.3  3024.663263: rtg_try_acquire_lock: rtg_acquire: comm=deepPicar rtgid=1002 tgid=4342 pid=4342 prio=94
       deepPicar-4342  [000] ...1  3024.663287: tracing_mark_write: gid=1002: job_start
       deepPicar-4342  [000] d..3  3024.664451: rtg_try_release_lock: rtg_release: comm=deepPicar rtgid=1002 tgid=4342 pid=4342 prio=94
       deepPicar-4342  [000] d..3  3024.664453: rtg_try_acquire_lock: rtg_acquire: comm=deepPicar rtgid=1002 tgid=4342 pid=4359 prio=94
       deepPicar-4359  [000] d..3  3024.664850: rtg_try_release_lock: rtg_release: comm=deepPicar rtgid=1002 tgid=4342 pid=4359 prio=94
       deepPicar-4359  [000] d..3  3024.664852: rtg_try_acquire_lock: rtg_acquire: comm=deepPicar rtgid=1002 tgid=4342 pid=4352 prio=94
       deepPicar-4352  [000] d..3  3024.675900: rtg_try_release_lock: rtg_release: comm=deepPicar rtgid=1002 tgid=4342 pid=4352 prio=94
       deepPicar-4352  [000] d..3  3024.675903: rtg_try_acquire_lock: rtg_acquire: comm=deepPicar rtgid=1002 tgid=4342 pid=4342 prio=94
       deepPicar-4342  [000] d..3  3024.676034: rtg_try_release_lock: rtg_release: comm=deepPicar rtgid=1002 tgid=4342 pid=4342 prio=94
          <idle>-0     [003] dn.3  3024.691918: rtg_try_acquire_lock: rtg_acquire: comm=deepPicar rtgid=1001 tgid=4310 pid=4310 prio=93
        tau_rt_4-4314  [000] ...1  3024.693549: tracing_mark_write: gid=1001: job_start
       deepPicar-4311  [004] d..3  3024.716267: rtg_try_release_lock: rtg_release: comm=deepPicar rtgid=1001 tgid=4311 pid=4311 prio=93
       deepPicar-4311  [004] d..3  3024.716270: rtg_try_acquire_lock: rtg_acquire: comm=deepPicar rtgid=1001 tgid=4311 pid=4341 prio=93
       deepPicar-4341  [004] d..3  3024.717011: rtg_try_release_lock: rtg_release: comm=deepPicar rtgid=1001 tgid=4311 pid=4341 prio=93
       deepPicar-4341  [004] d..3  3024.717014: rtg_try_acquire_lock: rtg_acquire: comm=deepPicar rtgid=1001 tgid=4311 pid=4320 prio=93
       deepPicar-4320  [004] d..3  3024.728036: rtg_try_release_lock: rtg_release: comm=deepPicar rtgid=1001 tgid=4311 pid=4320 prio=93
       deepPicar-4320  [004] d..3  3024.728039: rtg_try_acquire_lock: rtg_acquire: comm=deepPicar rtgid=1001 tgid=4311 pid=4311 prio=93
       deepPicar-4311  [004] d..3  3024.728152: rtg_try_release_lock: rtg_release: comm=deepPicar rtgid=1001 tgid=4311 pid=4311 prio=93
          <idle>-0     [005] dn.3  3024.730559: rtg_try_acquire_lock: rtg_acquire: comm=tau_rt_4 rtgid=1002 tgid=4347 pid=4348 prio=94
        tau_rt_3-4350  [004] d..3  3024.759263: rtg_try_release_lock: rtg_release: comm=tau_rt_3 rtgid=1002 tgid=4346 pid=4350 prio=94
          <idle>-0     [000] dn.3  3024.763270: rtg_try_acquire_lock: rtg_acquire: comm=deepPicar rtgid=1002 tgid=4342 pid=4342 prio=94
       deepPicar-4342  [000] ...1  3024.763294: tracing_mark_write: gid=1002: job_start
       deepPicar-4342  [000] d..3  3024.764459: rtg_try_release_lock: rtg_release: comm=deepPicar rtgid=1002 tgid=4342 pid=4342 prio=94
       deepPicar-4342  [000] d..3  3024.764462: rtg_try_acquire_lock: rtg_acquire: comm=deepPicar rtgid=1002 tgid=4342 pid=4354 prio=94
       deepPicar-4354  [000] d..3  3024.765488: rtg_try_release_lock: rtg_release: comm=deepPicar rtgid=1002 tgid=4342 pid=4354 prio=94
       deepPicar-4354  [000] d..3  3024.765490: rtg_try_acquire_lock: rtg_acquire: comm=deepPicar rtgid=1002 tgid=4342 pid=4352 prio=94
       deepPicar-4352  [000] d..3  3024.776617: rtg_try_release_lock: rtg_release: comm=deepPicar rtgid=1002 tgid=4342 pid=4352 prio=94
       deepPicar-4352  [000] d..3  3024.776620: rtg_try_acquire_lock: rtg_acquire: comm=deepPicar rtgid=1002 tgid=4342 pid=4342 prio=94
       deepPicar-4342  [000] d..3  3024.776729: rtg_try_release_lock: rtg_release: comm=deepPicar rtgid=1002 tgid=4342 pid=4342 prio=94
          <idle>-0     [003] dn.3  3024.791919: rtg_try_acquire_lock: rtg_acquire: comm=deepPicar rtgid=1001 tgid=4310 pid=4310 prio=93
        tau_rt_4-4314  [000] ...1  3024.793547: tracing_mark_write: gid=1001: job_start
       deepPicar-4311  [004] d..3  3024.816235: rtg_try_release_lock: rtg_release: comm=deepPicar rtgid=1001 tgid=4311 pid=4311 prio=93
       deepPicar-4311  [004] d..3  3024.816238: rtg_try_acquire_lock: rtg_acquire: comm=deepPicar rtgid=1001 tgid=4311 pid=4336 prio=93
       deepPicar-4336  [004] d..3  3024.817290: rtg_try_release_lock: rtg_release: comm=deepPicar rtgid=1001 tgid=4311 pid=4336 prio=93
       deepPicar-4336  [004] d..3  3024.817293: rtg_try_acquire_lock: rtg_acquire: comm=deepPicar rtgid=1001 tgid=4311 pid=4320 prio=93
       deepPicar-4320  [004] d..3  3024.828475: rtg_try_release_lock: rtg_release: comm=deepPicar rtgid=1001 tgid=4311 pid=4320 prio=93
       deepPicar-4320  [004] d..3  3024.828478: rtg_try_acquire_lock: rtg_acquire: comm=deepPicar rtgid=1001 tgid=4311 pid=4311 prio=93
       deepPicar-4311  [004] d..3  3024.828587: rtg_try_release_lock: rtg_release: comm=deepPicar rtgid=1001 tgid=4311 pid=4311 prio=93
          <idle>-0     [005] dn.3  3024.830556: rtg_try_acquire_lock: rtg_acquire: comm=tau_rt_4 rtgid=1002 tgid=4347 pid=4348 prio=94
        tau_rt_3-4350  [004] d..3  3024.859272: rtg_try_release_lock: rtg_release: comm=tau_rt_3 rtgid=1002 tgid=4346 pid=4350 prio=94
          <idle>-0     [000] dn.3  3024.863264: rtg_try_acquire_lock: rtg_acquire: comm=deepPicar rtgid=1002 tgid=4342 pid=4342 prio=94
       deepPicar-4342  [000] ...1  3024.863287: tracing_mark_write: gid=1002: job_start
       deepPicar-4342  [000] d..3  3024.864493: rtg_try_release_lock: rtg_release: comm=deepPicar rtgid=1002 tgid=4342 pid=4342 prio=94
       deepPicar-4342  [000] d..3  3024.864496: rtg_try_acquire_lock: rtg_acquire: comm=deepPicar rtgid=1002 tgid=4342 pid=4355 prio=94
       deepPicar-4355  [000] d..3  3024.865012: rtg_try_release_lock: rtg_release: comm=deepPicar rtgid=1002 tgid=4342 pid=4355 prio=94
       deepPicar-4355  [000] d..3  3024.865014: rtg_try_acquire_lock: rtg_acquire: comm=deepPicar rtgid=1002 tgid=4342 pid=4352 prio=94
       deepPicar-4352  [000] d..3  3024.876212: rtg_try_release_lock: rtg_release: comm=deepPicar rtgid=1002 tgid=4342 pid=4352 prio=94
       deepPicar-4352  [000] d..3  3024.876216: rtg_try_acquire_lock: rtg_acquire: comm=deepPicar rtgid=1002 tgid=4342 pid=4342 prio=94
       deepPicar-4342  [000] d..3  3024.876326: rtg_try_release_lock: rtg_release: comm=deepPicar rtgid=1002 tgid=4342 pid=4342 prio=94
          <idle>-0     [003] dn.3  3024.891920: rtg_try_acquire_lock: rtg_acquire: comm=deepPicar rtgid=1001 tgid=4310 pid=4310 prio=93
        tau_rt_4-4314  [000] ...1  3024.893548: tracing_mark_write: gid=1001: job_start
       deepPicar-4311  [004] d..3  3024.916229: rtg_try_release_lock: rtg_release: comm=deepPicar rtgid=1001 tgid=4311 pid=4311 prio=93
       deepPicar-4311  [004] d..3  3024.916232: rtg_try_acquire_lock: rtg_acquire: comm=deepPicar rtgid=1001 tgid=4311 pid=4337 prio=93
       deepPicar-4337  [004] d..3  3024.917013: rtg_try_release_lock: rtg_release: comm=deepPicar rtgid=1001 tgid=4311 pid=4337 prio=93
       deepPicar-4337  [004] d..3  3024.917015: rtg_try_acquire_lock: rtg_acquire: comm=deepPicar rtgid=1001 tgid=4311 pid=4320 prio=93
       deepPicar-4320  [004] d..3  3024.928006: rtg_try_release_lock: rtg_release: comm=deepPicar rtgid=1001 tgid=4311 pid=4320 prio=93
       deepPicar-4320  [004] d..3  3024.928009: rtg_try_acquire_lock: rtg_acquire: comm=deepPicar rtgid=1001 tgid=4311 pid=4311 prio=93
       deepPicar-4311  [004] d..3  3024.928120: rtg_try_release_lock: rtg_release: comm=deepPicar rtgid=1001 tgid=4311 pid=4311 prio=93
          <idle>-0     [005] dn.3  3024.930557: rtg_try_acquire_lock: rtg_acquire: comm=tau_rt_4 rtgid=1002 tgid=4347 pid=4348 prio=94
        tau_rt_3-4350  [004] d..3  3024.959195: rtg_try_release_lock: rtg_release: comm=tau_rt_3 rtgid=1002 tgid=4346 pid=4350 prio=94
          <idle>-0     [000] dn.3  3024.963265: rtg_try_acquire_lock: rtg_acquire: comm=deepPicar rtgid=1002 tgid=4342 pid=4342 prio=94
       deepPicar-4342  [000] ...1  3024.963287: tracing_mark_write: gid=1002: job_start
