        tau_rt_2-3704  [003] dn.3  1119.375633: rtg_try_acquire_lock: rtg_block: comm=tau_rt_2 rtgid=1002 tgid=3701 pid=3704 prio=94
        tau_rt_3-3705  [004] dn.3  1119.375635: rtg_try_acquire_lock: rtg_block: comm=tau_rt_3 rtgid=1002 tgid=3702 pid=3705 prio=94
        tau_rt_4-3706  [005] dn.3  1119.375637: rtg_try_acquire_lock: rtg_block: comm=tau_rt_4 rtgid=1002 tgid=3703 pid=3706 prio=94
        tau_rt_4-3670  [000] ...1  1119.375657: tracing_mark_write: gid=1001: job_start
        tau_rt_4-3670  [000] d..3  1119.396552: rtg_try_acquire_lock: rtg_block: comm=deepPicar rtgid=1002 tgid=3698 pid=3708 prio=94
       deepPicar-3676  [005] d..3  1119.410641: rtg_try_release_lock: rtg_release: comm=deepPicar rtgid=1001 tgid=3668 pid=3676 prio=93
          <idle>-0     [004] dn.3  1119.410645: rtg_try_acquire_lock: rtg_acquire: comm=tau_rt_3 rtgid=1002 tgid=3702 pid=3705 prio=94
       deepPicar-3676  [005] d..3  1119.410649: rtg_try_acquire_lock: rtg_preemptor: comm=deepPicar rtgid=1001 tgid=3668 pid=3668 prio=93
       deepPicar-3676  [005] d..3  1119.410650: rtg_try_acquire_lock: rtg_preemptee: comm=tau_rt_3 rtgid=1002 tgid=3702 pid=3705 prio=94
       deepPicar-3708  [000] dn.3  1119.410654: rtg_try_acquire_lock: rtg_block: comm=deepPicar rtgid=1002 tgid=3698 pid=3708 prio=94
        tau_rt_3-3705  [004] dn.3  1119.410656: rtg_try_acquire_lock: rtg_block: comm=tau_rt_3 rtgid=1002 tgid=3702 pid=3705 prio=94
        tau_rt_2-3704  [003] dn.3  1119.410659: rtg_try_acquire_lock: rtg_block: comm=tau_rt_2 rtgid=1002 tgid=3701 pid=3704 prio=94
       deepPicar-3668  [005] d..3  1119.410759: rtg_try_release_lock: rtg_release: comm=deepPicar rtgid=1001 tgid=3668 pid=3668 prio=93
          <idle>-0     [000] dn.3  1119.410761: rtg_try_acquire_lock: rtg_acquire: comm=deepPicar rtgid=1002 tgid=3698 pid=3708 prio=94
       deepPicar-3698  [000] ...1  1119.422403: tracing_mark_write: gid=1002: job_start
       deepPicar-3714  [000] dn.3  1119.425635: rtg_try_acquire_lock: rtg_preemptor: comm=tau_rt_4 rtgid=1001 tgid=3663 pid=3670 prio=93
       deepPicar-3714  [000] dn.3  1119.425640: rtg_try_acquire_lock: rtg_preemptee: comm=deepPicar rtgid=1002 tgid=3698 pid=3708 prio=94
        tau_rt_2-3704  [003] dn.3  1119.425654: rtg_try_acquire_lock: rtg_block: comm=tau_rt_2 rtgid=1002 tgid=3701 pid=3704 prio=94
        tau_rt_3-3705  [004] dn.3  1119.425657: rtg_try_acquire_lock: rtg_block: comm=tau_rt_3 rtgid=1002 tgid=3702 pid=3705 prio=94
        tau_rt_4-3706  [005] dn.3  1119.425659: rtg_try_acquire_lock: rtg_block: comm=tau_rt_4 rtgid=1002 tgid=3703 pid=3706 prio=94
        tau_rt_4-3670  [000] ...1  1119.425682: tracing_mark_write: gid=1001: job_start
        tau_rt_4-3670  [000] d..3  1119.446895: rtg_try_acquire_lock: rtg_block: comm=deepPicar rtgid=1002 tgid=3698 pid=3714 prio=94
       deepPicar-3676  [005] d..3  1119.460702: rtg_try_release_lock: rtg_release: comm=deepPicar rtgid=1001 tgid=3668 pid=3676 prio=93
          <idle>-0     [004] dn.3  1119.460706: rtg_try_acquire_lock: rtg_acquire: comm=tau_rt_3 rtgid=1002 tgid=3702 pid=3705 prio=94
       deepPicar-3676  [005] d..3  1119.460710: rtg_try_acquire_lock: rtg_preemptor: comm=deepPicar rtgid=1001 tgid=3668 pid=3668 prio=93
       deepPicar-3676  [005] d..3  1119.460710: rtg_try_acquire_lock: rtg_preemptee: comm=tau_rt_3 rtgid=1002 tgid=3702 pid=3705 prio=94
       deepPicar-3714  [000] dn.3  1119.460714: rtg_try_acquire_lock: rtg_block: comm=deepPicar rtgid=1002 tgid=3698 pid=3714 prio=94
        tau_rt_2-3704  [003] dn.3  1119.460717: rtg_try_acquire_lock: rtg_block: comm=tau_rt_2 rtgid=1002 tgid=3701 pid=3704 prio=94
        tau_rt_3-3705  [004] dn.3  1119.460719: rtg_try_acquire_lock: rtg_block: comm=tau_rt_3 rtgid=1002 tgid=3702 pid=3705 prio=94
       deepPicar-3668  [005] d..3  1119.460819: rtg_try_release_lock: rtg_release: comm=deepPicar rtgid=1001 tgid=3668 pid=3668 prio=93
          <idle>-0     [000] dn.3  1119.460821: rtg_try_acquire_lock: rtg_acquire: comm=deepPicar rtgid=1002 tgid=3698 pid=3714 prio=94
       deepPicar-3708  [000] dn.3  1119.475623: rtg_try_acquire_lock: rtg_preemptor: comm=tau_rt_4 rtgid=1001 tgid=3663 pid=3670 prio=93
       deepPicar-3708  [000] dn.3  1119.475628: rtg_try_acquire_lock: rtg_preemptee: comm=deepPicar rtgid=1002 tgid=3698 pid=3714 prio=94
        tau_rt_2-3704  [003] dn.3  1119.475640: rtg_try_acquire_lock: rtg_block: comm=tau_rt_2 rtgid=1002 tgid=3701 pid=3704 prio=94
        tau_rt_4-3706  [005] dn.3  1119.475643: rtg_try_acquire_lock: rtg_block: comm=tau_rt_4 rtgid=1002 tgid=3703 pid=3706 prio=94
        tau_rt_3-3705  [004] dn.3  1119.475645: rtg_try_acquire_lock: rtg_block: comm=tau_rt_3 rtgid=1002 tgid=3702 pid=3705 prio=94
        tau_rt_4-3670  [000] ...1  1119.475669: tracing_mark_write: gid=1001: job_start
        tau_rt_4-3670  [000] d..3  1119.496673: rtg_try_acquire_lock: rtg_block: comm=deepPicar rtgid=1002 tgid=3698 pid=3708 prio=94
       deepPicar-3676  [005] d..3  1119.510708: rtg_try_release_lock: rtg_release: comm=deepPicar rtgid=1001 tgid=3668 pid=3676 prio=93
          <idle>-0     [004] dn.3  1119.510712: rtg_try_acquire_lock: rtg_acquire: comm=tau_rt_3 rtgid=1002 tgid=3702 pid=3705 prio=94
       deepPicar-3676  [005] d..3  1119.510716: rtg_try_acquire_lock: rtg_preemptor: comm=deepPicar rtgid=1001 tgid=3668 pid=3668 prio=93
       deepPicar-3676  [005] d..3  1119.510717: rtg_try_acquire_lock: rtg_preemptee: comm=tau_rt_3 rtgid=1002 tgid=3702 pid=3705 prio=94
       deepPicar-3708  [000] dn.3  1119.510721: rtg_try_acquire_lock: rtg_block: comm=deepPicar rtgid=1002 tgid=3698 pid=3708 prio=94
        tau_rt_2-3704  [003] dn.3  1119.510724: rtg_try_acquire_lock: rtg_block: comm=tau_rt_2 rtgid=1002 tgid=3701 pid=3704 prio=94
        tau_rt_3-3705  [004] dn.3  1119.510726: rtg_try_acquire_lock: rtg_block: comm=tau_rt_3 rtgid=1002 tgid=3702 pid=3705 prio=94
       deepPicar-3668  [005] d..3  1119.510825: rtg_try_release_lock: rtg_release: comm=deepPicar rtgid=1001 tgid=3668 pid=3668 prio=93
          <idle>-0     [000] dn.3  1119.510827: rtg_try_acquire_lock: rtg_acquire: comm=deepPicar rtgid=1002 tgid=3698 pid=3708 prio=94
       deepPicar-3708  [000] dn.3  1119.525636: rtg_try_acquire_lock: rtg_preemptor: comm=tau_rt_4 rtgid=1001 tgid=3663 pid=3670 prio=93
       deepPicar-3708  [000] dn.3  1119.525640: rtg_try_acquire_lock: rtg_preemptee: comm=deepPicar rtgid=1002 tgid=3698 pid=3708 prio=94
        tau_rt_2-3704  [003] dn.3  1119.525653: rtg_try_acquire_lock: rtg_block: comm=tau_rt_2 rtgid=1002 tgid=3701 pid=3704 prio=94
        tau_rt_3-3705  [004] dn.3  1119.525655: rtg_try_acquire_lock: rtg_block: comm=tau_rt_3 rtgid=1002 tgid=3702 pid=3705 prio=94
        tau_rt_4-3706  [005] dn.3  1119.525659: rtg_try_acquire_lock: rtg_block: comm=tau_rt_4 rtgid=1002 tgid=3703 pid=3706 prio=94
        tau_rt_4-3670  [000] ...1  1119.525680: tracing_mark_write: gid=1001: job_start
        tau_rt_4-3670  [000] d..3  1119.546603: rtg_try_acquire_lock: rtg_block: comm=deepPicar rtgid=1002 tgid=3698 pid=3708 prio=94
       deepPicar-3676  [005] d..3  1119.560563: rtg_try_release_lock: rtg_release: comm=deepPicar rtgid=1001 tgid=3668 pid=3676 prio=93
          <idle>-0     [004] dn.3  1119.560567: rtg_try_acquire_lock: rtg_acquire: comm=tau_rt_3 rtgid=1002 tgid=3702 pid=3705 prio=94
       deepPicar-3676  [005] d..3  1119.560571: rtg_try_acquire_lock: rtg_preemptor: comm=deepPicar rtgid=1001 tgid=3668 pid=3668 prio=93
       deepPicar-3676  [005] d..3  1119.560571: rtg_try_acquire_lock: rtg_preemptee: comm=tau_rt_3 rtgid=1002 tgid=3702 pid=3705 prio=94
       deepPicar-3708  [000] dn.3  1119.560576: rtg_try_acquire_lock: rtg_block: comm=deepPicar rtgid=1002 tgid=3698 pid=3708 prio=94
        tau_rt_2-3704  [003] dn.3  1119.560578: rtg_try_acquire_lock: rtg_block: comm=tau_rt_2 rtgid=1002 tgid=3701 pid=3704 prio=94
        tau_rt_3-3705  [004] dn.3  1119.560580: rtg_try_acquire_lock: rtg_block: comm=tau_rt_3 rtgid=1002 tgid=3702 pid=3705 prio=94
       deepPicar-3668  [005] d..3  1119.560675: rtg_try_release_lock: rtg_release: comm=deepPicar rtgid=1001 tgid=3668 pid=3668 prio=93
          <idle>-0     [000] dn.3  1119.560676: rtg_try_acquire_lock: rtg_acquire: comm=deepPicar rtgid=1002 tgid=3698 pid=3708 prio=94
       deepPicar-3698  [000] ...1  1119.561060: tracing_mark_write: gid=1002: job_start
       deepPicar-3708  [000] dn.3  1119.575623: rtg_try_acquire_lock: rtg_preemptor: comm=tau_rt_4 rtgid=1001 tgid=3663 pid=3670 prio=93
       deepPicar-3708  [000] dn.3  1119.575627: rtg_try_acquire_lock: rtg_preemptee: comm=deepPicar rtgid=1002 tgid=3698 pid=3708 prio=94
        tau_rt_3-3705  [004] dn.3  1119.575640: rtg_try_acquire_lock: rtg_block: comm=tau_rt_3 rtgid=1002 tgid=3702 pid=3705 prio=94
        tau_rt_2-3704  [003] dn.3  1119.575643: rtg_try_acquire_lock: rtg_block: comm=tau_rt_2 rtgid=1002 tgid=3701 pid=3704 prio=94
        tau_rt_4-3706  [005] dn.3  1119.575645: rtg_try_acquire_lock: rtg_block: comm=tau_rt_4 rtgid=1002 tgid=3703 pid=3706 prio=94
        tau_rt_4-3670  [000] ...1  1119.575668: tracing_mark_write: gid=1001: job_start
        tau_rt_4-3670  [000] d..3  1119.596633: rtg_try_acquire_lock: rtg_block: comm=deepPicar rtgid=1002 tgid=3698 pid=3708 prio=94
       deepPicar-3676  [005] d..3  1119.610736: rtg_try_release_lock: rtg_release: comm=deepPicar rtgid=1001 tgid=3668 pid=3676 prio=93
          <idle>-0     [004] dn.3  1119.610739: rtg_try_acquire_lock: rtg_acquire: comm=tau_rt_3 rtgid=1002 tgid=3702 pid=3705 prio=94
       deepPicar-3676  [005] d..3  1119.610743: rtg_try_acquire_lock: rtg_preemptor: comm=deepPicar rtgid=1001 tgid=3668 pid=3668 prio=93
       deepPicar-3676  [005] d..3  1119.610744: rtg_try_acquire_lock: rtg_preemptee: comm=tau_rt_3 rtgid=1002 tgid=3702 pid=3705 prio=94
       deepPicar-3708  [000] dn.3  1119.610748: rtg_try_acquire_lock: rtg_block: comm=deepPicar rtgid=1002 tgid=3698 pid=3708 prio=94
        tau_rt_2-3704  [003] dn.3  1119.610751: rtg_try_acquire_lock: rtg_block: comm=tau_rt_2 rtgid=1002 tgid=3701 pid=3704 prio=94
        tau_rt_3-3705  [004] dn.3  1119.610753: rtg_try_acquire_lock: rtg_block: comm=tau_rt_3 rtgid=1002 tgid=3702 pid=3705 prio=94
       deepPicar-3668  [005] d..3  1119.610852: rtg_try_release_lock: rtg_release: comm=deepPicar rtgid=1001 tgid=3668 pid=3668 prio=93
          <idle>-0     [000] dn.3  1119.610854: rtg_try_acquire_lock: rtg_acquire: comm=deepPicar rtgid=1002 tgid=3698 pid=3708 prio=94
       deepPicar-3708  [000] dn.3  1119.625624: rtg_try_acquire_lock: rtg_preemptor: comm=tau_rt_4 rtgid=1001 tgid=3663 pid=3670 prio=93
       deepPicar-3708  [000] dn.3  1119.625628: rtg_try_acquire_lock: rtg_preemptee: comm=deepPicar rtgid=1002 tgid=3698 pid=3708 prio=94
        tau_rt_2-3704  [003] dn.3  1119.625640: rtg_try_acquire_lock: rtg_block: comm=tau_rt_2 rtgid=1002 tgid=3701 pid=3704 prio=94
        tau_rt_3-3705  [004] dn.3  1119.625642: rtg_try_acquire_lock: rtg_block: comm=tau_rt_3 rtgid=1002 tgid=3702 pid=3705 prio=94
        tau_rt_4-3706  [005] dn.3  1119.625645: rtg_try_acquire_lock: rtg_block: comm=tau_rt_4 rtgid=1002 tgid=3703 pid=3706 prio=94
        tau_rt_4-3670  [000] ...1  1119.625668: tracing_mark_write: gid=1001: job_start
        tau_rt_4-3670  [000] d..3  1119.646610: rtg_try_acquire_lock: rtg_block: comm=deepPicar rtgid=1002 tgid=3698 pid=3708 prio=94
       deepPicar-3676  [005] d..3  1119.660896: rtg_try_release_lock: rtg_release: comm=deepPicar rtgid=1001 tgid=3668 pid=3676 prio=93
          <idle>-0     [004] dn.3  1119.660900: rtg_try_acquire_lock: rtg_acquire: comm=tau_rt_3 rtgid=1002 tgid=3702 pid=3705 prio=94
       deepPicar-3676  [005] d..3  1119.660904: rtg_try_acquire_lock: rtg_preemptor: comm=deepPicar rtgid=1001 tgid=3668 pid=3668 prio=93
       deepPicar-3676  [005] d..3  1119.660905: rtg_try_acquire_lock: rtg_preemptee: comm=tau_rt_3 rtgid=1002 tgid=3702 pid=3705 prio=94
       deepPicar-3708  [000] dn.3  1119.660908: rtg_try_acquire_lock: rtg_block: comm=deepPicar rtgid=1002 tgid=3698 pid=3708 prio=94
        tau_rt_2-3704  [003] dn.3  1119.660912: rtg_try_acquire_lock: rtg_block: comm=tau_rt_2 rtgid=1002 tgid=3701 pid=3704 prio=94
        tau_rt_3-3705  [004] dn.3  1119.660913: rtg_try_acquire_lock: rtg_block: comm=tau_rt_3 rtgid=1002 tgid=3702 pid=3705 prio=94
       deepPicar-3668  [005] d..3  1119.661011: rtg_try_release_lock: rtg_release: comm=deepPicar rtgid=1001 tgid=3668 pid=3668 prio=93
          <idle>-0     [000] dn.3  1119.661013: rtg_try_acquire_lock: rtg_acquire: comm=deepPicar rtgid=1002 tgid=3698 pid=3708 prio=94
       deepPicar-3698  [000] ...1  1119.664884: tracing_mark_write: gid=1002: job_start
       deepPicar-3708  [000] dn.3  1119.675638: rtg_try_acquire_lock: rtg_preemptor: comm=tau_rt_4 rtgid=1001 tgid=3663 pid=3670 prio=93
       deepPicar-3708  [000] dn.3  1119.675643: rtg_try_acquire_lock: rtg_preemptee: comm=deepPicar rtgid=1002 tgid=3698 pid=3708 prio=94
        tau_rt_2-3704  [003] dn.3  1119.675656: rtg_try_acquire_lock: rtg_block: comm=tau_rt_2 rtgid=1002 tgid=3701 pid=3704 prio=94
        tau_rt_4-3706  [005] dn.3  1119.675658: rtg_try_acquire_lock: rtg_block: comm=tau_rt_4 rtgid=1002 tgid=3703 pid=3706 prio=94
        tau_rt_3-3705  [004] dn.3  1119.675661: rtg_try_acquire_lock: rtg_block: comm=tau_rt_3 rtgid=1002 tgid=3702 pid=3705 prio=94
        tau_rt_4-3670  [000] ...1  1119.675684: tracing_mark_write: gid=1001: job_start
        tau_rt_4-3670  [000] d..3  1119.696623: rtg_try_acquire_lock: rtg_block: comm=deepPicar rtgid=1002 tgid=3698 pid=3708 prio=94
       deepPicar-3676  [005] d..3  1119.710584: rtg_try_release_lock: rtg_release: comm=deepPicar rtgid=1001 tgid=3668 pid=3676 prio=93
          <idle>-0     [004] dn.3  1119.710588: rtg_try_acquire_lock: rtg_acquire: comm=tau_rt_3 rtgid=1002 tgid=3702 pid=3705 prio=94
       deepPicar-3676  [005] d..3  1119.710592: rtg_try_acquire_lock: rtg_preemptor: comm=deepPicar rtgid=1001 tgid=3668 pid=3668 prio=93
       deepPicar-3676  [005] d..3  1119.710593: rtg_try_acquire_lock: rtg_preemptee: comm=tau_rt_3 rtgid=1002 tgid=3702 pid=3705 prio=94
       deepPicar-3708  [000] dn.3  1119.710596: rtg_try_acquire_lock: rtg_block: comm=deepPicar rtgid=1002 tgid=3698 pid=3708 prio=94
        tau_rt_2-3704  [003] dn.3  1119.710599: rtg_try_acquire_lock: rtg_block: comm=tau_rt_2 rtgid=1002 tgid=3701 pid=3704 prio=94
        tau_rt_3-3705  [004] dn.3  1119.710601: rtg_try_acquire_lock: rtg_block: comm=tau_rt_3 rtgid=1002 tgid=3702 pid=3705 prio=94
       deepPicar-3668  [005] d..3  1119.710702: rtg_try_release_lock: rtg_release: comm=deepPicar rtgid=1001 tgid=3668 pid=3668 prio=93
          <idle>-0     [003] dn.3  1119.710704: rtg_try_acquire_lock: rtg_acquire: comm=tau_rt_2 rtgid=1002 tgid=3701 pid=3704 prio=94
       deepPicar-3708  [000] dn.3  1119.725616: rtg_try_acquire_lock: rtg_preemptor: comm=tau_rt_4 rtgid=1001 tgid=3663 pid=3670 prio=93
       deepPicar-3708  [000] dn.3  1119.725620: rtg_try_acquire_lock: rtg_preemptee: comm=tau_rt_2 rtgid=1002 tgid=3701 pid=3704 prio=94
        tau_rt_2-3704  [003] dn.3  1119.725632: rtg_try_acquire_lock: rtg_block: comm=tau_rt_2 rtgid=1002 tgid=3701 pid=3704 prio=94
        tau_rt_3-3705  [004] dn.3  1119.725635: rtg_try_acquire_lock: rtg_block: comm=tau_rt_3 rtgid=1002 tgid=3702 pid=3705 prio=94
        tau_rt_4-3706  [005] dn.3  1119.725638: rtg_try_acquire_lock: rtg_block: comm=tau_rt_4 rtgid=1002 tgid=3703 pid=3706 prio=94
        tau_rt_4-3670  [000] ...1  1119.725656: tracing_mark_write: gid=1001: job_start
        tau_rt_4-3670  [000] d..3  1119.746666: rtg_try_acquire_lock: rtg_block: comm=deepPicar rtgid=1002 tgid=3698 pid=3708 prio=94
       deepPicar-3676  [005] d..3  1119.760712: rtg_try_release_lock: rtg_release: comm=deepPicar rtgid=1001 tgid=3668 pid=3676 prio=93
          <idle>-0     [004] dn.3  1119.760716: rtg_try_acquire_lock: rtg_acquire: comm=tau_rt_3 rtgid=1002 tgid=3702 pid=3705 prio=94
       deepPicar-3676  [005] d..3  1119.760720: rtg_try_acquire_lock: rtg_preemptor: comm=deepPicar rtgid=1001 tgid=3668 pid=3668 prio=93
       deepPicar-3676  [005] d..3  1119.760720: rtg_try_acquire_lock: rtg_preemptee: comm=tau_rt_3 rtgid=1002 tgid=3702 pid=3705 prio=94
        tau_rt_2-3704  [003] dn.3  1119.760725: rtg_try_acquire_lock: rtg_block: comm=tau_rt_2 rtgid=1002 tgid=3701 pid=3704 prio=94
        tau_rt_3-3705  [004] dn.3  1119.760727: rtg_try_acquire_lock: rtg_block: comm=tau_rt_3 rtgid=1002 tgid=3702 pid=3705 prio=94
       deepPicar-3708  [000] dn.3  1119.760729: rtg_try_acquire_lock: rtg_block: comm=deepPicar rtgid=1002 tgid=3698 pid=3708 prio=94
       deepPicar-3668  [005] d..3  1119.760825: rtg_try_release_lock: rtg_release: comm=deepPicar rtgid=1001 tgid=3668 pid=3668 prio=93
          <idle>-0     [000] dn.3  1119.760827: rtg_try_acquire_lock: rtg_acquire: comm=deepPicar rtgid=1002 tgid=3698 pid=3708 prio=94
       deepPicar-3698  [000] ...1  1119.768430: tracing_mark_write: gid=1002: job_start
       deepPicar-3708  [000] dn.3  1119.775623: rtg_try_acquire_lock: rtg_preemptor: comm=tau_rt_4 rtgid=1001 tgid=3663 pid=3670 prio=93
       deepPicar-3708  [000] dn.3  1119.775628: rtg_try_acquire_lock: rtg_preemptee: comm=deepPicar rtgid=1002 tgid=3698 pid=3708 prio=94
        tau_rt_3-3705  [004] dn.3  1119.775641: rtg_try_acquire_lock: rtg_block: comm=tau_rt_3 rtgid=1002 tgid=3702 pid=3705 prio=94
        tau_rt_2-3704  [003] dn.3  1119.775643: rtg_try_acquire_lock: rtg_block: comm=tau_rt_2 rtgid=1002 tgid=3701 pid=3704 prio=94
        tau_rt_4-3706  [005] dn.3  1119.775646: rtg_try_acquire_lock: rtg_block: comm=tau_rt_4 rtgid=1002 tgid=3703 pid=3706 prio=94
        tau_rt_4-3670  [000] ...1  1119.775669: tracing_mark_write: gid=1001: job_start
        tau_rt_4-3670  [000] d..3  1119.796643: rtg_try_acquire_lock: rtg_block: comm=deepPicar rtgid=1002 tgid=3698 pid=3708 prio=94
       deepPicar-3676  [005] d..3  1119.810692: rtg_try_release_lock: rtg_release: comm=deepPicar rtgid=1001 tgid=3668 pid=3676 prio=93
          <idle>-0     [004] dn.3  1119.810695: rtg_try_acquire_lock: rtg_acquire: comm=tau_rt_3 rtgid=1002 tgid=3702 pid=3705 prio=94
       deepPicar-3676  [005] d..3  1119.810699: rtg_try_acquire_lock: rtg_preemptor: comm=deepPicar rtgid=1001 tgid=3668 pid=3668 prio=93
       deepPicar-3676  [005] d..3  1119.810700: rtg_try_acquire_lock: rtg_preemptee: comm=tau_rt_3 rtgid=1002 tgid=3702 pid=3705 prio=94
       deepPicar-3708  [000] dn.3  1119.810704: rtg_try_acquire_lock: rtg_block: comm=deepPicar rtgid=1002 tgid=3698 pid=3708 prio=94
        tau_rt_2-3704  [003] dn.3  1119.810707: rtg_try_acquire_lock: rtg_block: comm=tau_rt_2 rtgid=1002 tgid=3701 pid=3704 prio=94
        tau_rt_3-3705  [004] dn.3  1119.810709: rtg_try_acquire_lock: rtg_block: comm=tau_rt_3 rtgid=1002 tgid=3702 pid=3705 prio=94
       deepPicar-3668  [005] d..3  1119.810810: rtg_try_release_lock: rtg_release: comm=deepPicar rtgid=1001 tgid=3668 pid=3668 prio=93
          <idle>-0     [000] dn.3  1119.810812: rtg_try_acquire_lock: rtg_acquire: comm=deepPicar rtgid=1002 tgid=3698 pid=3708 prio=94
       deepPicar-3708  [000] dn.3  1119.825626: rtg_try_acquire_lock: rtg_preemptor: comm=tau_rt_4 rtgid=1001 tgid=3663 pid=3670 prio=93
       deepPicar-3708  [000] dn.3  1119.825629: rtg_try_acquire_lock: rtg_preemptee: comm=deepPicar rtgid=1002 tgid=3698 pid=3708 prio=94
        tau_rt_2-3704  [003] dn.3  1119.825641: rtg_try_acquire_lock: rtg_block: comm=tau_rt_2 rtgid=1002 tgid=3701 pid=3704 prio=94
        tau_rt_3-3705  [004] dn.3  1119.825643: rtg_try_acquire_lock: rtg_block: comm=tau_rt_3 rtgid=1002 tgid=3702 pid=3705 prio=94
        tau_rt_4-3706  [005] dn.3  1119.825646: rtg_try_acquire_lock: rtg_block: comm=tau_rt_4 rtgid=1002 tgid=3703 pid=3706 prio=94
        tau_rt_4-3670  [000] ...1  1119.825670: tracing_mark_write: gid=1001: job_start
        tau_rt_4-3670  [000] d..3  1119.846573: rtg_try_acquire_lock: rtg_block: comm=deepPicar rtgid=1002 tgid=3698 pid=3708 prio=94
       deepPicar-3676  [005] d..3  1119.860589: rtg_try_release_lock: rtg_release: comm=deepPicar rtgid=1001 tgid=3668 pid=3676 prio=93
          <idle>-0     [000] dn.3  1119.860593: rtg_try_acquire_lock: rtg_acquire: comm=deepPicar rtgid=1002 tgid=3698 pid=3708 prio=94
       deepPicar-3676  [005] d..3  1119.860597: rtg_try_acquire_lock: rtg_preemptor: comm=deepPicar rtgid=1001 tgid=3668 pid=3668 prio=93
       deepPicar-3676  [005] d..3  1119.860597: rtg_try_acquire_lock: rtg_preemptee: comm=deepPicar rtgid=1002 tgid=3698 pid=3708 prio=94
       deepPicar-3708  [000] dn.3  1119.860601: rtg_try_acquire_lock: rtg_block: comm=deepPicar rtgid=1002 tgid=3698 pid=3708 prio=94
        tau_rt_2-3704  [003] dn.3  1119.860604: rtg_try_acquire_lock: rtg_block: comm=tau_rt_2 rtgid=1002 tgid=3701 pid=3704 prio=94
        tau_rt_3-3705  [004] dn.3  1119.860607: rtg_try_acquire_lock: rtg_block: comm=tau_rt_3 rtgid=1002 tgid=3702 pid=3705 prio=94
       deepPicar-3668  [005] d..3  1119.860707: rtg_try_release_lock: rtg_release: comm=deepPicar rtgid=1001 tgid=3668 pid=3668 prio=93
          <idle>-0     [004] dn.3  1119.860709: rtg_try_acquire_lock: rtg_acquire: comm=tau_rt_3 rtgid=1002 tgid=3702 pid=3705 prio=94
       deepPicar-3698  [000] ...1  1119.871647: tracing_mark_write: gid=1002: job_start
       deepPicar-3708  [000] dn.3  1119.875639: rtg_try_acquire_lock: rtg_preemptor: comm=tau_rt_4 rtgid=1001 tgid=3663 pid=3670 prio=93
       deepPicar-3708  [000] dn.3  1119.875644: rtg_try_acquire_lock: rtg_preemptee: comm=tau_rt_3 rtgid=1002 tgid=3702 pid=3705 prio=94
        tau_rt_2-3704  [003] dn.3  1119.875657: rtg_try_acquire_lock: rtg_block: comm=tau_rt_2 rtgid=1002 tgid=3701 pid=3704 prio=94
        tau_rt_3-3705  [004] dn.3  1119.875659: rtg_try_acquire_lock: rtg_block: comm=tau_rt_3 rtgid=1002 tgid=3702 pid=3705 prio=94
        tau_rt_4-3706  [005] dn.3  1119.875662: rtg_try_acquire_lock: rtg_block: comm=tau_rt_4 rtgid=1002 tgid=3703 pid=3706 prio=94
        tau_rt_4-3670  [000] ...1  1119.875684: tracing_mark_write: gid=1001: job_start
        tau_rt_4-3670  [000] d..3  1119.896584: rtg_try_acquire_lock: rtg_block: comm=deepPicar rtgid=1002 tgid=3698 pid=3708 prio=94
       deepPicar-3676  [005] d..3  1119.910767: rtg_try_release_lock: rtg_release: comm=deepPicar rtgid=1001 tgid=3668 pid=3676 prio=93
          <idle>-0     [004] dn.3  1119.910771: rtg_try_acquire_lock: rtg_acquire: comm=tau_rt_3 rtgid=1002 tgid=3702 pid=3705 prio=94
       deepPicar-3676  [005] d..3  1119.910775: rtg_try_acquire_lock: rtg_preemptor: comm=deepPicar rtgid=1001 tgid=3668 pid=3668 prio=93
       deepPicar-3676  [005] d..3  1119.910776: rtg_try_acquire_lock: rtg_preemptee: comm=tau_rt_3 rtgid=1002 tgid=3702 pid=3705 prio=94
        tau_rt_2-3704  [003] dn.3  1119.910781: rtg_try_acquire_lock: rtg_block: comm=tau_rt_2 rtgid=1002 tgid=3701 pid=3704 prio=94
       deepPicar-3708  [000] dn.3  1119.910783: rtg_try_acquire_lock: rtg_block: comm=deepPicar rtgid=1002 tgid=3698 pid=3708 prio=94
        tau_rt_3-3705  [004] dn.3  1119.910785: rtg_try_acquire_lock: rtg_block: comm=tau_rt_3 rtgid=1002 tgid=3702 pid=3705 prio=94
       deepPicar-3668  [005] d..3  1119.910885: rtg_try_release_lock: rtg_release: comm=deepPicar rtgid=1001 tgid=3668 pid=3668 prio=93
          <idle>-0     [000] dn.3  1119.910887: rtg_try_acquire_lock: rtg_acquire: comm=deepPicar rtgid=1002 tgid=3698 pid=3708 prio=94
       deepPicar-3708  [000] dn.3  1119.925621: rtg_try_acquire_lock: rtg_preemptor: comm=tau_rt_4 rtgid=1001 tgid=3663 pid=3670 prio=93
       deepPicar-3708  [000] dn.3  1119.925625: rtg_try_acquire_lock: rtg_preemptee: comm=deepPicar rtgid=1002 tgid=3698 pid=3708 prio=94
        tau_rt_2-3704  [003] dn.3  1119.925639: rtg_try_acquire_lock: rtg_block: comm=tau_rt_2 rtgid=1002 tgid=3701 pid=3704 prio=94
        tau_rt_3-3705  [004] dn.3  1119.925641: rtg_try_acquire_lock: rtg_block: comm=tau_rt_3 rtgid=1002 tgid=3702 pid=3705 prio=94
        tau_rt_4-3706  [005] dn.3  1119.925644: rtg_try_acquire_lock: rtg_block: comm=tau_rt_4 rtgid=1002 tgid=3703 pid=3706 prio=94
        tau_rt_4-3670  [000] ...1  1119.925667: tracing_mark_write: gid=1001: job_start
        tau_rt_4-3670  [000] d..3  1119.946545: rtg_try_acquire_lock: rtg_block: comm=deepPicar rtgid=1002 tgid=3698 pid=3708 prio=94
       deepPicar-3676  [005] d..3  1119.960594: rtg_try_release_lock: rtg_release: comm=deepPicar rtgid=1001 tgid=3668 pid=3676 prio=93
          <idle>-0     [004] dn.3  1119.960598: rtg_try_acquire_lock: rtg_acquire: comm=tau_rt_3 rtgid=1002 tgid=3702 pid=3705 prio=94
       deepPicar-3676  [005] d..3  1119.960602: rtg_try_acquire_lock: rtg_preemptor: comm=deepPicar rtgid=1001 tgid=3668 pid=3668 prio=93
       deepPicar-3676  [005] d..3  1119.960603: rtg_try_acquire_lock: rtg_preemptee: comm=tau_rt_3 rtgid=1002 tgid=3702 pid=3705 prio=94
       deepPicar-3708  [000] dn.3  1119.960607: rtg_try_acquire_lock: rtg_block: comm=deepPicar rtgid=1002 tgid=3698 pid=3708 prio=94
        tau_rt_2-3704  [003] dn.3  1119.960610: rtg_try_acquire_lock: rtg_block: comm=tau_rt_2 rtgid=1002 tgid=3701 pid=3704 prio=94
        tau_rt_3-3705  [004] dn.3  1119.960612: rtg_try_acquire_lock: rtg_block: comm=tau_rt_3 rtgid=1002 tgid=3702 pid=3705 prio=94
       deepPicar-3668  [005] d..3  1119.960711: rtg_try_release_lock: rtg_release: comm=deepPicar rtgid=1001 tgid=3668 pid=3668 prio=93
          <idle>-0     [000] dn.3  1119.960712: rtg_try_acquire_lock: rtg_acquire: comm=deepPicar rtgid=1002 tgid=3698 pid=3708 prio=94
       deepPicar-3698  [000] ...1  1119.974922: tracing_mark_write: gid=1002: job_start
       deepPicar-3698  [000] dn.3  1119.975634: rtg_try_acquire_lock: rtg_preemptor: comm=tau_rt_4 rtgid=1001 tgid=3663 pid=3670 prio=93
       deepPicar-3698  [000] dn.3  1119.975638: rtg_try_acquire_lock: rtg_preemptee: comm=deepPicar rtgid=1002 tgid=3698 pid=3708 prio=94
        tau_rt_2-3704  [003] dn.3  1119.975651: rtg_try_acquire_lock: rtg_block: comm=tau_rt_2 rtgid=1002 tgid=3701 pid=3704 prio=94
        tau_rt_3-3705  [004] dn.3  1119.975654: rtg_try_acquire_lock: rtg_block: comm=tau_rt_3 rtgid=1002 tgid=3702 pid=3705 prio=94
        tau_rt_4-3706  [005] dn.3  1119.975657: rtg_try_acquire_lock: rtg_block: comm=tau_rt_4 rtgid=1002 tgid=3703 pid=3706 prio=94
        tau_rt_4-3670  [000] ...1  1119.975678: tracing_mark_write: gid=1001: job_start
        tau_rt_4-3670  [000] d..3  1119.996640: rtg_try_acquire_lock: rtg_block: comm=deepPicar rtgid=1002 tgid=3698 pid=3698 prio=94
       deepPicar-3676  [005] d..3  1120.010692: rtg_try_release_lock: rtg_release: comm=deepPicar rtgid=1001 tgid=3668 pid=3676 prio=93
          <idle>-0     [004] dn.3  1120.010696: rtg_try_acquire_lock: rtg_acquire: comm=tau_rt_3 rtgid=1002 tgid=3702 pid=3705 prio=94
       deepPicar-3676  [005] d..3  1120.010699: rtg_try_acquire_lock: rtg_preemptor: comm=deepPicar rtgid=1001 tgid=3668 pid=3668 prio=93
       deepPicar-3676  [005] d..3  1120.010700: rtg_try_acquire_lock: rtg_preemptee: comm=tau_rt_3 rtgid=1002 tgid=3702 pid=3705 prio=94
       deepPicar-3698  [000] dn.3  1120.010704: rtg_try_acquire_lock: rtg_block: comm=deepPicar rtgid=1002 tgid=3698 pid=3698 prio=94
        tau_rt_2-3704  [003] dn.3  1120.010707: rtg_try_acquire_lock: rtg_block: comm=tau_rt_2 rtgid=1002 tgid=3701 pid=3704 prio=94
        tau_rt_3-3705  [004] dn.3  1120.010709: rtg_try_acquire_lock: rtg_block: comm=tau_rt_3 rtgid=1002 tgid=3702 pid=3705 prio=94
       deepPicar-3668  [005] d..3  1120.010811: rtg_try_release_lock: rtg_release: comm=deepPicar rtgid=1001 tgid=3668 pid=3668 prio=93
          <idle>-0     [004] dn.3  1120.010812: rtg_try_acquire_lock: rtg_acquire: comm=tau_rt_3 rtgid=1002 tgid=3702 pid=3705 prio=94
       deepPicar-3708  [000] dn.3  1120.025622: rtg_try_acquire_lock: rtg_preemptor: comm=tau_rt_4 rtgid=1001 tgid=3663 pid=3670 prio=93
       deepPicar-3708  [000] dn.3  1120.025627: rtg_try_acquire_lock: rtg_preemptee: comm=tau_rt_3 rtgid=1002 tgid=3702 pid=3705 prio=94
        tau_rt_2-3704  [003] dn.3  1120.025639: rtg_try_acquire_lock: rtg_block: comm=tau_rt_2 rtgid=1002 tgid=3701 pid=3704 prio=94
        tau_rt_3-3705  [004] dn.3  1120.025642: rtg_try_acquire_lock: rtg_block: comm=tau_rt_3 rtgid=1002 tgid=3702 pid=3705 prio=94
        tau_rt_4-3706  [005] dn.3  1120.025645: rtg_try_acquire_lock: rtg_block: comm=tau_rt_4 rtgid=1002 tgid=3703 pid=3706 prio=94
        tau_rt_4-3670  [000] ...1  1120.025668: tracing_mark_write: gid=1001: job_start
        tau_rt_4-3670  [000] d..3  1120.046605: rtg_try_acquire_lock: rtg_block: comm=deepPicar rtgid=1002 tgid=3698 pid=3708 prio=94
       deepPicar-3676  [005] d..3  1120.060669: rtg_try_release_lock: rtg_release: comm=deepPicar rtgid=1001 tgid=3668 pid=3676 prio=93
          <idle>-0     [000] dn.3  1120.060673: rtg_try_acquire_lock: rtg_acquire: comm=deepPicar rtgid=1002 tgid=3698 pid=3708 prio=94
       deepPicar-3676  [005] d..3  1120.060676: rtg_try_acquire_lock: rtg_preemptor: comm=deepPicar rtgid=1001 tgid=3668 pid=3668 prio=93
       deepPicar-3676  [005] d..3  1120.060676: rtg_try_acquire_lock: rtg_preemptee: comm=deepPicar rtgid=1002 tgid=3698 pid=3708 prio=94
       deepPicar-3708  [000] dn.3  1120.060680: rtg_try_acquire_lock: rtg_block: comm=deepPicar rtgid=1002 tgid=3698 pid=3708 prio=94
        tau_rt_2-3704  [003] dn.3  1120.060683: rtg_try_acquire_lock: rtg_block: comm=tau_rt_2 rtgid=1002 tgid=3701 pid=3704 prio=94
        tau_rt_3-3705  [004] dn.3  1120.060686: rtg_try_acquire_lock: rtg_block: comm=tau_rt_3 rtgid=1002 tgid=3702 pid=3705 prio=94
       deepPicar-3668  [005] d..3  1120.060784: rtg_try_release_lock: rtg_release: comm=deepPicar rtgid=1001 tgid=3668 pid=3668 prio=93
          <idle>-0     [000] dn.3  1120.060786: rtg_try_acquire_lock: rtg_acquire: comm=deepPicar rtgid=1002 tgid=3698 pid=3708 prio=94
       deepPicar-3708  [000] dn.3  1120.075631: rtg_try_acquire_lock: rtg_preemptor: comm=tau_rt_4 rtgid=1001 tgid=3663 pid=3670 prio=93
       deepPicar-3708  [000] dn.3  1120.075636: rtg_try_acquire_lock: rtg_preemptee: comm=deepPicar rtgid=1002 tgid=3698 pid=3708 prio=94
        tau_rt_4-3706  [005] dn.3  1120.075647: rtg_try_acquire_lock: rtg_block: comm=tau_rt_4 rtgid=1002 tgid=3703 pid=3706 prio=94
        tau_rt_3-3705  [004] dn.3  1120.075650: rtg_try_acquire_lock: rtg_block: comm=tau_rt_3 rtgid=1002 tgid=3702 pid=3705 prio=94
        tau_rt_2-3704  [003] dn.3  1120.075653: rtg_try_acquire_lock: rtg_block: comm=tau_rt_2 rtgid=1002 tgid=3701 pid=3704 prio=94
        tau_rt_4-3670  [000] ...1  1120.075676: tracing_mark_write: gid=1001: job_start
        tau_rt_4-3670  [000] d..3  1120.096682: rtg_try_acquire_lock: rtg_block: comm=deepPicar rtgid=1002 tgid=3698 pid=3708 prio=94
       deepPicar-3676  [005] d..3  1120.110708: rtg_try_release_lock: rtg_release: comm=deepPicar rtgid=1001 tgid=3668 pid=3676 prio=93
          <idle>-0     [000] dn.3  1120.110712: rtg_try_acquire_lock: rtg_acquire: comm=deepPicar rtgid=1002 tgid=3698 pid=3708 prio=94
       deepPicar-3676  [005] d..3  1120.110715: rtg_try_acquire_lock: rtg_preemptor: comm=deepPicar rtgid=1001 tgid=3668 pid=3668 prio=93
       deepPicar-3676  [005] d..3  1120.110716: rtg_try_acquire_lock: rtg_preemptee: comm=deepPicar rtgid=1002 tgid=3698 pid=3708 prio=94
       deepPicar-3708  [000] dn.3  1120.110719: rtg_try_acquire_lock: rtg_block: comm=deepPicar rtgid=1002 tgid=3698 pid=3708 prio=94
        tau_rt_2-3704  [003] dn.3  1120.110722: rtg_try_acquire_lock: rtg_block: comm=tau_rt_2 rtgid=1002 tgid=3701 pid=3704 prio=94
        tau_rt_3-3705  [004] dn.3  1120.110726: rtg_try_acquire_lock: rtg_block: comm=tau_rt_3 rtgid=1002 tgid=3702 pid=3705 prio=94
       deepPicar-3668  [005] d..3  1120.110827: rtg_try_release_lock: rtg_release: comm=deepPicar rtgid=1001 tgid=3668 pid=3668 prio=93
          <idle>-0     [003] dn.3  1120.110830: rtg_try_acquire_lock: rtg_acquire: comm=tau_rt_2 rtgid=1002 tgid=3701 pid=3704 prio=94
       deepPicar-3698  [000] ...1  1120.113744: tracing_mark_write: gid=1002: job_start
       deepPicar-3708  [000] dn.3  1120.125623: rtg_try_acquire_lock: rtg_preemptor: comm=tau_rt_4 rtgid=1001 tgid=3663 pid=3670 prio=93
       deepPicar-3708  [000] dn.3  1120.125628: rtg_try_acquire_lock: rtg_preemptee: comm=tau_rt_2 rtgid=1002 tgid=3701 pid=3704 prio=94
        tau_rt_2-3704  [003] dn.3  1120.125641: rtg_try_acquire_lock: rtg_block: comm=tau_rt_2 rtgid=1002 tgid=3701 pid=3704 prio=94
        tau_rt_3-3705  [004] dn.3  1120.125643: rtg_try_acquire_lock: rtg_block: comm=tau_rt_3 rtgid=1002 tgid=3702 pid=3705 prio=94
        tau_rt_4-3706  [005] dn.3  1120.125646: rtg_try_acquire_lock: rtg_block: comm=tau_rt_4 rtgid=1002 tgid=3703 pid=3706 prio=94
        tau_rt_4-3670  [000] ...1  1120.125668: tracing_mark_write: gid=1001: job_start
        tau_rt_4-3670  [000] d..3  1120.146672: rtg_try_acquire_lock: rtg_block: comm=deepPicar rtgid=1002 tgid=3698 pid=3708 prio=94
       deepPicar-3676  [005] dn.3  1120.159986: rtg_try_release_lock: rtg_release: comm=deepPicar rtgid=1001 tgid=3668 pid=3676 prio=93
          <idle>-0     [000] dn.3  1120.159989: rtg_try_acquire_lock: rtg_acquire: comm=deepPicar rtgid=1002 tgid=3698 pid=3708 prio=94
      watchdog/5-32    [005] d..3  1120.159996: rtg_try_acquire_lock: rtg_preemptor: comm=deepPicar rtgid=1001 tgid=3668 pid=3676 prio=93
      watchdog/5-32    [005] d..3  1120.159997: rtg_try_acquire_lock: rtg_preemptee: comm=deepPicar rtgid=1002 tgid=3698 pid=3708 prio=94
       deepPicar-3708  [000] dn.3  1120.160000: rtg_try_acquire_lock: rtg_block: comm=deepPicar rtgid=1002 tgid=3698 pid=3708 prio=94
        tau_rt_2-3704  [003] dn.3  1120.160003: rtg_try_acquire_lock: rtg_block: comm=tau_rt_2 rtgid=1002 tgid=3701 pid=3704 prio=94
        tau_rt_3-3705  [004] dn.3  1120.160006: rtg_try_acquire_lock: rtg_block: comm=tau_rt_3 rtgid=1002 tgid=3702 pid=3705 prio=94
       deepPicar-3676  [005] d..3  1120.160604: rtg_try_release_lock: rtg_release: comm=deepPicar rtgid=1001 tgid=3668 pid=3676 prio=93
          <idle>-0     [000] dn.3  1120.160606: rtg_try_acquire_lock: rtg_acquire: comm=deepPicar rtgid=1002 tgid=3698 pid=3708 prio=94
       deepPicar-3676  [005] d..3  1120.160608: rtg_try_acquire_lock: rtg_preemptor: comm=deepPicar rtgid=1001 tgid=3668 pid=3668 prio=93
       deepPicar-3676  [005] d..3  1120.160609: rtg_try_acquire_lock: rtg_preemptee: comm=deepPicar rtgid=1002 tgid=3698 pid=3708 prio=94
       deepPicar-3708  [000] dn.3  1120.160612: rtg_try_acquire_lock: rtg_block: comm=deepPicar rtgid=1002 tgid=3698 pid=3708 prio=94
        tau_rt_2-3704  [003] dn.3  1120.160614: rtg_try_acquire_lock: rtg_block: comm=tau_rt_2 rtgid=1002 tgid=3701 pid=3704 prio=94
        tau_rt_3-3705  [004] dn.3  1120.160615: rtg_try_acquire_lock: rtg_block: comm=tau_rt_3 rtgid=1002 tgid=3702 pid=3705 prio=94
       deepPicar-3668  [005] d..3  1120.160718: rtg_try_release_lock: rtg_release: comm=deepPicar rtgid=1001 tgid=3668 pid=3668 prio=93
          <idle>-0     [000] dn.3  1120.160720: rtg_try_acquire_lock: rtg_acquire: comm=deepPicar rtgid=1002 tgid=3698 pid=3708 prio=94
       deepPicar-3708  [000] dn.3  1120.175637: rtg_try_acquire_lock: rtg_preemptor: comm=tau_rt_4 rtgid=1001 tgid=3663 pid=3670 prio=93
       deepPicar-3708  [000] dn.3  1120.175642: rtg_try_acquire_lock: rtg_preemptee: comm=deepPicar rtgid=1002 tgid=3698 pid=3708 prio=94
        tau_rt_2-3704  [003] dn.3  1120.175654: rtg_try_acquire_lock: rtg_block: comm=tau_rt_2 rtgid=1002 tgid=3701 pid=3704 prio=94
        tau_rt_3-3705  [004] dn.3  1120.175657: rtg_try_acquire_lock: rtg_block: comm=tau_rt_3 rtgid=1002 tgid=3702 pid=3705 prio=94
        tau_rt_4-3706  [005] dn.3  1120.175659: rtg_try_acquire_lock: rtg_block: comm=tau_rt_4 rtgid=1002 tgid=3703 pid=3706 prio=94
        tau_rt_4-3670  [000] ...1  1120.175681: tracing_mark_write: gid=1001: job_start
        tau_rt_4-3670  [000] d..3  1120.196645: rtg_try_acquire_lock: rtg_block: comm=deepPicar rtgid=1002 tgid=3698 pid=3708 prio=94
       deepPicar-3676  [005] d..3  1120.210570: rtg_try_release_lock: rtg_release: comm=deepPicar rtgid=1001 tgid=3668 pid=3676 prio=93
          <idle>-0     [004] dn.3  1120.210574: rtg_try_acquire_lock: rtg_acquire: comm=tau_rt_3 rtgid=1002 tgid=3702 pid=3705 prio=94
       deepPicar-3676  [005] d..3  1120.210577: rtg_try_acquire_lock: rtg_preemptor: comm=deepPicar rtgid=1001 tgid=3668 pid=3668 prio=93
       deepPicar-3676  [005] d..3  1120.210578: rtg_try_acquire_lock: rtg_preemptee: comm=tau_rt_3 rtgid=1002 tgid=3702 pid=3705 prio=94
       deepPicar-3708  [000] dn.3  1120.210582: rtg_try_acquire_lock: rtg_block: comm=deepPicar rtgid=1002 tgid=3698 pid=3708 prio=94
        tau_rt_2-3704  [003] dn.3  1120.210585: rtg_try_acquire_lock: rtg_block: comm=tau_rt_2 rtgid=1002 tgid=3701 pid=3704 prio=94
        tau_rt_3-3705  [004] dn.3  1120.210587: rtg_try_acquire_lock: rtg_block: comm=tau_rt_3 rtgid=1002 tgid=3702 pid=3705 prio=94
       deepPicar-3668  [005] d..3  1120.210689: rtg_try_release_lock: rtg_release: comm=deepPicar rtgid=1001 tgid=3668 pid=3668 prio=93
          <idle>-0     [000] dn.3  1120.210691: rtg_try_acquire_lock: rtg_acquire: comm=deepPicar rtgid=1002 tgid=3698 pid=3708 prio=94
       deepPicar-3698  [000] ...1  1120.217030: tracing_mark_write: gid=1002: job_start
       deepPicar-3708  [000] dn.3  1120.225634: rtg_try_acquire_lock: rtg_preemptor: comm=tau_rt_4 rtgid=1001 tgid=3663 pid=3670 prio=93
       deepPicar-3708  [000] dn.3  1120.225639: rtg_try_acquire_lock: rtg_preemptee: comm=deepPicar rtgid=1002 tgid=3698 pid=3708 prio=94
        tau_rt_3-3705  [004] dn.3  1120.225653: rtg_try_acquire_lock: rtg_block: comm=tau_rt_3 rtgid=1002 tgid=3702 pid=3705 prio=94
        tau_rt_4-3706  [005] dn.3  1120.225656: rtg_try_acquire_lock: rtg_block: comm=tau_rt_4 rtgid=1002 tgid=3703 pid=3706 prio=94
        tau_rt_2-3704  [003] dn.3  1120.225659: rtg_try_acquire_lock: rtg_block: comm=tau_rt_2 rtgid=1002 tgid=3701 pid=3704 prio=94
        tau_rt_4-3670  [000] ...1  1120.225682: tracing_mark_write: gid=1001: job_start
        tau_rt_4-3670  [000] d..3  1120.246625: rtg_try_acquire_lock: rtg_block: comm=deepPicar rtgid=1002 tgid=3698 pid=3708 prio=94
       deepPicar-3676  [005] d..3  1120.260741: rtg_try_release_lock: rtg_release: comm=deepPicar rtgid=1001 tgid=3668 pid=3676 prio=93
          <idle>-0     [004] dn.3  1120.260746: rtg_try_acquire_lock: rtg_acquire: comm=tau_rt_3 rtgid=1002 tgid=3702 pid=3705 prio=94
       deepPicar-3676  [005] d..3  1120.260749: rtg_try_acquire_lock: rtg_preemptor: comm=deepPicar rtgid=1001 tgid=3668 pid=3668 prio=93
       deepPicar-3676  [005] d..3  1120.260750: rtg_try_acquire_lock: rtg_preemptee: comm=tau_rt_3 rtgid=1002 tgid=3702 pid=3705 prio=94
        tau_rt_2-3704  [003] dn.3  1120.260755: rtg_try_acquire_lock: rtg_block: comm=tau_rt_2 rtgid=1002 tgid=3701 pid=3704 prio=94
       deepPicar-3708  [000] dn.3  1120.260757: rtg_try_acquire_lock: rtg_block: comm=deepPicar rtgid=1002 tgid=3698 pid=3708 prio=94
        tau_rt_3-3705  [004] dn.3  1120.260759: rtg_try_acquire_lock: rtg_block: comm=tau_rt_3 rtgid=1002 tgid=3702 pid=3705 prio=94
       deepPicar-3668  [005] d..3  1120.260861: rtg_try_release_lock: rtg_release: comm=deepPicar rtgid=1001 tgid=3668 pid=3668 prio=93
          <idle>-0     [003] dn.3  1120.260863: rtg_try_acquire_lock: rtg_acquire: comm=tau_rt_2 rtgid=1002 tgid=3701 pid=3704 prio=94
       deepPicar-3708  [000] dn.3  1120.275620: rtg_try_acquire_lock: rtg_preemptor: comm=tau_rt_4 rtgid=1001 tgid=3663 pid=3670 prio=93
       deepPicar-3708  [000] dn.3  1120.275625: rtg_try_acquire_lock: rtg_preemptee: comm=tau_rt_2 rtgid=1002 tgid=3701 pid=3704 prio=94
        tau_rt_2-3704  [003] dn.3  1120.275637: rtg_try_acquire_lock: rtg_block: comm=tau_rt_2 rtgid=1002 tgid=3701 pid=3704 prio=94
        tau_rt_3-3705  [004] dn.3  1120.275639: rtg_try_acquire_lock: rtg_block: comm=tau_rt_3 rtgid=1002 tgid=3702 pid=3705 prio=94
        tau_rt_4-3706  [005] dn.3  1120.275642: rtg_try_acquire_lock: rtg_block: comm=tau_rt_4 rtgid=1002 tgid=3703 pid=3706 prio=94
        tau_rt_4-3670  [000] ...1  1120.275665: tracing_mark_write: gid=1001: job_start
        tau_rt_4-3670  [000] d..3  1120.296605: rtg_try_acquire_lock: rtg_block: comm=deepPicar rtgid=1002 tgid=3698 pid=3708 prio=94
       deepPicar-3676  [005] d..3  1120.310759: rtg_try_release_lock: rtg_release: comm=deepPicar rtgid=1001 tgid=3668 pid=3676 prio=93
          <idle>-0     [000] dn.3  1120.310762: rtg_try_acquire_lock: rtg_acquire: comm=deepPicar rtgid=1002 tgid=3698 pid=3708 prio=94
       deepPicar-3676  [005] d..3  1120.310765: rtg_try_acquire_lock: rtg_preemptor: comm=deepPicar rtgid=1001 tgid=3668 pid=3668 prio=93
       deepPicar-3676  [005] d..3  1120.310766: rtg_try_acquire_lock: rtg_preemptee: comm=deepPicar rtgid=1002 tgid=3698 pid=3708 prio=94
        tau_rt_2-3704  [003] dn.3  1120.310771: rtg_try_acquire_lock: rtg_block: comm=tau_rt_2 rtgid=1002 tgid=3701 pid=3704 prio=94
       deepPicar-3708  [000] dn.3  1120.310772: rtg_try_acquire_lock: rtg_block: comm=deepPicar rtgid=1002 tgid=3698 pid=3708 prio=94
        tau_rt_3-3705  [004] dn.3  1120.310775: rtg_try_acquire_lock: rtg_block: comm=tau_rt_3 rtgid=1002 tgid=3702 pid=3705 prio=94
       deepPicar-3668  [005] d..3  1120.310875: rtg_try_release_lock: rtg_release: comm=deepPicar rtgid=1001 tgid=3668 pid=3668 prio=93
          <idle>-0     [000] dn.3  1120.310876: rtg_try_acquire_lock: rtg_acquire: comm=deepPicar rtgid=1002 tgid=3698 pid=3708 prio=94
       deepPicar-3698  [000] ...1  1120.320567: tracing_mark_write: gid=1002: job_start
       deepPicar-3708  [000] dn.3  1120.325625: rtg_try_acquire_lock: rtg_preemptor: comm=tau_rt_4 rtgid=1001 tgid=3663 pid=3670 prio=93
       deepPicar-3708  [000] dn.3  1120.325632: rtg_try_acquire_lock: rtg_preemptee: comm=deepPicar rtgid=1002 tgid=3698 pid=3708 prio=94
        tau_rt_3-3705  [004] dn.3  1120.325646: rtg_try_acquire_lock: rtg_block: comm=tau_rt_3 rtgid=1002 tgid=3702 pid=3705 prio=94
        tau_rt_2-3704  [003] dn.3  1120.325648: rtg_try_acquire_lock: rtg_block: comm=tau_rt_2 rtgid=1002 tgid=3701 pid=3704 prio=94
        tau_rt_4-3706  [005] dn.3  1120.325651: rtg_try_acquire_lock: rtg_block: comm=tau_rt_4 rtgid=1002 tgid=3703 pid=3706 prio=94
        tau_rt_4-3670  [000] ...1  1120.325674: tracing_mark_write: gid=1001: job_start
        tau_rt_4-3670  [000] d..3  1120.346702: rtg_try_acquire_lock: rtg_block: comm=deepPicar rtgid=1002 tgid=3698 pid=3708 prio=94
       deepPicar-3676  [005] d..3  1120.360689: rtg_try_release_lock: rtg_release: comm=deepPicar rtgid=1001 tgid=3668 pid=3676 prio=93
          <idle>-0     [004] dn.3  1120.360693: rtg_try_acquire_lock: rtg_acquire: comm=tau_rt_3 rtgid=1002 tgid=3702 pid=3705 prio=94
       deepPicar-3676  [005] d..3  1120.360697: rtg_try_acquire_lock: rtg_preemptor: comm=deepPicar rtgid=1001 tgid=3668 pid=3668 prio=93
       deepPicar-3676  [005] d..3  1120.360698: rtg_try_acquire_lock: rtg_preemptee: comm=tau_rt_3 rtgid=1002 tgid=3702 pid=3705 prio=94
       deepPicar-3708  [000] dn.3  1120.360702: rtg_try_acquire_lock: rtg_block: comm=deepPicar rtgid=1002 tgid=3698 pid=3708 prio=94
        tau_rt_2-3704  [003] dn.3  1120.360705: rtg_try_acquire_lock: rtg_block: comm=tau_rt_2 rtgid=1002 tgid=3701 pid=3704 prio=94
        tau_rt_3-3705  [004] dn.3  1120.360707: rtg_try_acquire_lock: rtg_block: comm=tau_rt_3 rtgid=1002 tgid=3702 pid=3705 prio=94
       deepPicar-3668  [005] d..3  1120.360805: rtg_try_release_lock: rtg_release: comm=deepPicar rtgid=1001 tgid=3668 pid=3668 prio=93
          <idle>-0     [003] dn.3  1120.360807: rtg_try_acquire_lock: rtg_acquire: comm=tau_rt_2 rtgid=1002 tgid=3701 pid=3704 prio=94
       deepPicar-3708  [000] dn.3  1120.375620: rtg_try_acquire_lock: rtg_preemptor: comm=tau_rt_4 rtgid=1001 tgid=3663 pid=3670 prio=93
       deepPicar-3708  [000] dn.3  1120.375624: rtg_try_acquire_lock: rtg_preemptee: comm=tau_rt_2 rtgid=1002 tgid=3701 pid=3704 prio=94
        tau_rt_2-3704  [003] dn.3  1120.375636: rtg_try_acquire_lock: rtg_block: comm=tau_rt_2 rtgid=1002 tgid=3701 pid=3704 prio=94
        tau_rt_3-3705  [004] dn.3  1120.375639: rtg_try_acquire_lock: rtg_block: comm=tau_rt_3 rtgid=1002 tgid=3702 pid=3705 prio=94
        tau_rt_4-3706  [005] dn.3  1120.375641: rtg_try_acquire_lock: rtg_block: comm=tau_rt_4 rtgid=1002 tgid=3703 pid=3706 prio=94
        tau_rt_4-3670  [000] ...1  1120.375665: tracing_mark_write: gid=1001: job_start
        tau_rt_4-3670  [000] d..3  1120.396564: rtg_try_acquire_lock: rtg_block: comm=deepPicar rtgid=1002 tgid=3698 pid=3708 prio=94
       deepPicar-3676  [005] d..3  1120.410531: rtg_try_release_lock: rtg_release: comm=deepPicar rtgid=1001 tgid=3668 pid=3676 prio=93
          <idle>-0     [004] dn.3  1120.410535: rtg_try_acquire_lock: rtg_acquire: comm=tau_rt_3 rtgid=1002 tgid=3702 pid=3705 prio=94
       deepPicar-3676  [005] d..3  1120.410539: rtg_try_acquire_lock: rtg_preemptor: comm=deepPicar rtgid=1001 tgid=3668 pid=3668 prio=93
       deepPicar-3676  [005] d..3  1120.410540: rtg_try_acquire_lock: rtg_preemptee: comm=tau_rt_3 rtgid=1002 tgid=3702 pid=3705 prio=94
       deepPicar-3708  [000] dn.3  1120.410544: rtg_try_acquire_lock: rtg_block: comm=deepPicar rtgid=1002 tgid=3698 pid=3708 prio=94
        tau_rt_2-3704  [003] dn.3  1120.410547: rtg_try_acquire_lock: rtg_block: comm=tau_rt_2 rtgid=1002 tgid=3701 pid=3704 prio=94
        tau_rt_3-3705  [004] dn.3  1120.410549: rtg_try_acquire_lock: rtg_block: comm=tau_rt_3 rtgid=1002 tgid=3702 pid=3705 prio=94
       deepPicar-3668  [005] d..3  1120.410648: rtg_try_release_lock: rtg_release: comm=deepPicar rtgid=1001 tgid=3668 pid=3668 prio=93
          <idle>-0     [003] dn.3  1120.410651: rtg_try_acquire_lock: rtg_acquire: comm=tau_rt_2 rtgid=1002 tgid=3701 pid=3704 prio=94
       deepPicar-3698  [000] ...1  1120.423931: tracing_mark_write: gid=1002: job_start
       deepPicar-3698  [000] dn.3  1120.425640: rtg_try_acquire_lock: rtg_preemptor: comm=tau_rt_4 rtgid=1001 tgid=3663 pid=3670 prio=93
       deepPicar-3698  [000] dn.3  1120.425645: rtg_try_acquire_lock: rtg_preemptee: comm=tau_rt_2 rtgid=1002 tgid=3701 pid=3704 prio=94
        tau_rt_2-3704  [003] dn.3  1120.425658: rtg_try_acquire_lock: rtg_block: comm=tau_rt_2 rtgid=1002 tgid=3701 pid=3704 prio=94
        tau_rt_3-3705  [004] dn.3  1120.425660: rtg_try_acquire_lock: rtg_block: comm=tau_rt_3 rtgid=1002 tgid=3702 pid=3705 prio=94
        tau_rt_4-3706  [005] dn.3  1120.425663: rtg_try_acquire_lock: rtg_block: comm=tau_rt_4 rtgid=1002 tgid=3703 pid=3706 prio=94
        tau_rt_4-3670  [000] ...1  1120.425687: tracing_mark_write: gid=1001: job_start
        tau_rt_4-3670  [000] d..3  1120.446696: rtg_try_acquire_lock: rtg_block: comm=deepPicar rtgid=1002 tgid=3698 pid=3698 prio=94
       deepPicar-3676  [005] d..3  1120.460591: rtg_try_release_lock: rtg_release: comm=deepPicar rtgid=1001 tgid=3668 pid=3676 prio=93
          <idle>-0     [004] dn.3  1120.460594: rtg_try_acquire_lock: rtg_acquire: comm=tau_rt_3 rtgid=1002 tgid=3702 pid=3705 prio=94
       deepPicar-3676  [005] d..3  1120.460598: rtg_try_acquire_lock: rtg_preemptor: comm=deepPicar rtgid=1001 tgid=3668 pid=3668 prio=93
       deepPicar-3676  [005] d..3  1120.460599: rtg_try_acquire_lock: rtg_preemptee: comm=tau_rt_3 rtgid=1002 tgid=3702 pid=3705 prio=94
       deepPicar-3698  [000] dn.3  1120.460602: rtg_try_acquire_lock: rtg_block: comm=deepPicar rtgid=1002 tgid=3698 pid=3698 prio=94
        tau_rt_2-3704  [003] dn.3  1120.460605: rtg_try_acquire_lock: rtg_block: comm=tau_rt_2 rtgid=1002 tgid=3701 pid=3704 prio=94
        tau_rt_3-3705  [004] dn.3  1120.460607: rtg_try_acquire_lock: rtg_block: comm=tau_rt_3 rtgid=1002 tgid=3702 pid=3705 prio=94
       deepPicar-3668  [005] d..3  1120.460704: rtg_try_release_lock: rtg_release: comm=deepPicar rtgid=1001 tgid=3668 pid=3668 prio=93
          <idle>-0     [000] dn.3  1120.460706: rtg_try_acquire_lock: rtg_acquire: comm=deepPicar rtgid=1002 tgid=3698 pid=3698 prio=94
       deepPicar-3708  [000] dn.3  1120.475622: rtg_try_acquire_lock: rtg_preemptor: comm=tau_rt_4 rtgid=1001 tgid=3663 pid=3670 prio=93
       deepPicar-3708  [000] dn.3  1120.475628: rtg_try_acquire_lock: rtg_preemptee: comm=deepPicar rtgid=1002 tgid=3698 pid=3698 prio=94
        tau_rt_2-3704  [003] dn.3  1120.475640: rtg_try_acquire_lock: rtg_block: comm=tau_rt_2 rtgid=1002 tgid=3701 pid=3704 prio=94
        tau_rt_4-3706  [005] dn.3  1120.475642: rtg_try_acquire_lock: rtg_block: comm=tau_rt_4 rtgid=1002 tgid=3703 pid=3706 prio=94
        tau_rt_3-3705  [004] dn.3  1120.475645: rtg_try_acquire_lock: rtg_block: comm=tau_rt_3 rtgid=1002 tgid=3702 pid=3705 prio=94
        tau_rt_4-3670  [000] ...1  1120.475668: tracing_mark_write: gid=1001: job_start
        tau_rt_4-3670  [000] d..3  1120.496645: rtg_try_acquire_lock: rtg_block: comm=deepPicar rtgid=1002 tgid=3698 pid=3708 prio=94
       deepPicar-3676  [005] d..3  1120.510586: rtg_try_release_lock: rtg_release: comm=deepPicar rtgid=1001 tgid=3668 pid=3676 prio=93
          <idle>-0     [003] dn.3  1120.510590: rtg_try_acquire_lock: rtg_acquire: comm=tau_rt_2 rtgid=1002 tgid=3701 pid=3704 prio=94
       deepPicar-3676  [005] d..3  1120.510594: rtg_try_acquire_lock: rtg_preemptor: comm=deepPicar rtgid=1001 tgid=3668 pid=3668 prio=93
       deepPicar-3676  [005] d..3  1120.510595: rtg_try_acquire_lock: rtg_preemptee: comm=tau_rt_2 rtgid=1002 tgid=3701 pid=3704 prio=94
       deepPicar-3708  [000] dn.3  1120.510599: rtg_try_acquire_lock: rtg_block: comm=deepPicar rtgid=1002 tgid=3698 pid=3708 prio=94
        tau_rt_3-3705  [004] dn.3  1120.510602: rtg_try_acquire_lock: rtg_block: comm=tau_rt_3 rtgid=1002 tgid=3702 pid=3705 prio=94
        tau_rt_2-3704  [003] dn.3  1120.510604: rtg_try_acquire_lock: rtg_block: comm=tau_rt_2 rtgid=1002 tgid=3701 pid=3704 prio=94
