        tau_rt_1-3836  [000] ...1  1246.682149: tracing_mark_write: gid=1002: job_start
        tau_rt_1-3836  [000] dn.3  1246.689245: rtg_try_acquire_lock: rtg_preemptor: comm=deepPicar rtgid=1001 tgid=3790 pid=3790 prio=93
        tau_rt_1-3836  [000] dn.3  1246.689249: rtg_try_acquire_lock: rtg_preemptee: comm=tau_rt_2 rtgid=1002 tgid=3837 pid=3841 prio=94
        tau_rt_2-3841  [003] dn.3  1246.689261: rtg_try_acquire_lock: rtg_block: comm=tau_rt_2 rtgid=1002 tgid=3837 pid=3841 prio=94
        tau_rt_4-3840  [005] dn.3  1246.689266: rtg_try_acquire_lock: rtg_block: comm=tau_rt_4 rtgid=1002 tgid=3839 pid=3840 prio=94
        tau_rt_3-3842  [004] dn.3  1246.689269: rtg_try_acquire_lock: rtg_block: comm=tau_rt_3 rtgid=1002 tgid=3838 pid=3842 prio=94
       deepPicar-3790  [000] ...1  1246.689284: tracing_mark_write: gid=1001: job_start
       deepPicar-3790  [000] d..3  1246.690450: rtg_try_release_lock: rtg_release: comm=deepPicar rtgid=1001 tgid=3790 pid=3790 prio=93
          <idle>-0     [004] dn.3  1246.690452: rtg_try_acquire_lock: rtg_acquire: comm=tau_rt_3 rtgid=1002 tgid=3838 pid=3842 prio=94
       deepPicar-3790  [000] d..3  1246.690456: rtg_try_acquire_lock: rtg_preemptor: comm=deepPicar rtgid=1001 tgid=3790 pid=3807 prio=93
       deepPicar-3790  [000] d..3  1246.690456: rtg_try_acquire_lock: rtg_preemptee: comm=tau_rt_3 rtgid=1002 tgid=3838 pid=3842 prio=94
        tau_rt_2-3841  [003] dn.3  1246.690460: rtg_try_acquire_lock: rtg_block: comm=tau_rt_2 rtgid=1002 tgid=3837 pid=3841 prio=94
        tau_rt_3-3842  [004] dn.3  1246.690461: rtg_try_acquire_lock: rtg_block: comm=tau_rt_3 rtgid=1002 tgid=3838 pid=3842 prio=94
        tau_rt_4-3840  [005] dn.3  1246.690463: rtg_try_acquire_lock: rtg_block: comm=tau_rt_4 rtgid=1002 tgid=3839 pid=3840 prio=94
       deepPicar-3807  [000] d..3  1246.691244: rtg_try_release_lock: rtg_release: comm=deepPicar rtgid=1001 tgid=3790 pid=3807 prio=93
          <idle>-0     [004] dn.3  1246.691245: rtg_try_acquire_lock: rtg_acquire: comm=tau_rt_3 rtgid=1002 tgid=3838 pid=3842 prio=94
       deepPicar-3807  [000] d..3  1246.691248: rtg_try_acquire_lock: rtg_preemptor: comm=deepPicar rtgid=1001 tgid=3790 pid=3798 prio=93
       deepPicar-3807  [000] d..3  1246.691248: rtg_try_acquire_lock: rtg_preemptee: comm=tau_rt_3 rtgid=1002 tgid=3838 pid=3842 prio=94
        tau_rt_2-3841  [003] dn.3  1246.691252: rtg_try_acquire_lock: rtg_block: comm=tau_rt_2 rtgid=1002 tgid=3837 pid=3841 prio=94
        tau_rt_3-3842  [004] dn.3  1246.691253: rtg_try_acquire_lock: rtg_block: comm=tau_rt_3 rtgid=1002 tgid=3838 pid=3842 prio=94
        tau_rt_4-3840  [005] dn.3  1246.691255: rtg_try_acquire_lock: rtg_block: comm=tau_rt_4 rtgid=1002 tgid=3839 pid=3840 prio=94
       deepPicar-3790  [000] d..3  1246.703037: rtg_try_acquire_lock: rtg_block: comm=tau_rt_1 rtgid=1002 tgid=3833 pid=3836 prio=94
       deepPicar-3794  [004] d..3  1246.717252: rtg_try_release_lock: rtg_release: comm=deepPicar rtgid=1001 tgid=3794 pid=3794 prio=93
          <idle>-0     [003] dn.3  1246.717256: rtg_try_acquire_lock: rtg_acquire: comm=tau_rt_2 rtgid=1002 tgid=3837 pid=3841 prio=94
        tau_rt_1-3836  [000] ...1  1246.733674: tracing_mark_write: gid=1002: job_start
        tau_rt_1-3836  [000] dn.3  1246.739246: rtg_try_acquire_lock: rtg_preemptor: comm=deepPicar rtgid=1001 tgid=3790 pid=3790 prio=93
        tau_rt_1-3836  [000] dn.3  1246.739249: rtg_try_acquire_lock: rtg_preemptee: comm=tau_rt_2 rtgid=1002 tgid=3837 pid=3841 prio=94
        tau_rt_2-3841  [003] dn.3  1246.739260: rtg_try_acquire_lock: rtg_block: comm=tau_rt_2 rtgid=1002 tgid=3837 pid=3841 prio=94
        tau_rt_4-3840  [005] dn.3  1246.739264: rtg_try_acquire_lock: rtg_block: comm=tau_rt_4 rtgid=1002 tgid=3839 pid=3840 prio=94
        tau_rt_3-3842  [004] dn.3  1246.739267: rtg_try_acquire_lock: rtg_block: comm=tau_rt_3 rtgid=1002 tgid=3838 pid=3842 prio=94
       deepPicar-3790  [000] ...1  1246.739284: tracing_mark_write: gid=1001: job_start
       deepPicar-3790  [000] d..3  1246.740525: rtg_try_release_lock: rtg_release: comm=deepPicar rtgid=1001 tgid=3790 pid=3790 prio=93
          <idle>-0     [005] dn.3  1246.740528: rtg_try_acquire_lock: rtg_acquire: comm=tau_rt_4 rtgid=1002 tgid=3839 pid=3840 prio=94
       deepPicar-3790  [000] d..3  1246.740531: rtg_try_acquire_lock: rtg_preemptor: comm=deepPicar rtgid=1001 tgid=3790 pid=3808 prio=93
       deepPicar-3790  [000] d..3  1246.740531: rtg_try_acquire_lock: rtg_preemptee: comm=tau_rt_4 rtgid=1002 tgid=3839 pid=3840 prio=94
        tau_rt_2-3841  [003] dn.3  1246.740535: rtg_try_acquire_lock: rtg_block: comm=tau_rt_2 rtgid=1002 tgid=3837 pid=3841 prio=94
        tau_rt_3-3842  [004] dn.3  1246.740536: rtg_try_acquire_lock: rtg_block: comm=tau_rt_3 rtgid=1002 tgid=3838 pid=3842 prio=94
        tau_rt_4-3840  [005] dn.3  1246.740538: rtg_try_acquire_lock: rtg_block: comm=tau_rt_4 rtgid=1002 tgid=3839 pid=3840 prio=94
       deepPicar-3808  [000] d..3  1246.741355: rtg_try_release_lock: rtg_release: comm=deepPicar rtgid=1001 tgid=3790 pid=3808 prio=93
          <idle>-0     [004] dn.3  1246.741357: rtg_try_acquire_lock: rtg_acquire: comm=tau_rt_3 rtgid=1002 tgid=3838 pid=3842 prio=94
       deepPicar-3808  [000] d..3  1246.741359: rtg_try_acquire_lock: rtg_preemptor: comm=deepPicar rtgid=1001 tgid=3790 pid=3798 prio=93
       deepPicar-3808  [000] d..3  1246.741360: rtg_try_acquire_lock: rtg_preemptee: comm=tau_rt_3 rtgid=1002 tgid=3838 pid=3842 prio=94
        tau_rt_2-3841  [003] dn.3  1246.741363: rtg_try_acquire_lock: rtg_block: comm=tau_rt_2 rtgid=1002 tgid=3837 pid=3841 prio=94
        tau_rt_3-3842  [004] dn.3  1246.741365: rtg_try_acquire_lock: rtg_block: comm=tau_rt_3 rtgid=1002 tgid=3838 pid=3842 prio=94
        tau_rt_4-3840  [005] dn.3  1246.741366: rtg_try_acquire_lock: rtg_block: comm=tau_rt_4 rtgid=1002 tgid=3839 pid=3840 prio=94
       deepPicar-3790  [000] d..3  1246.753154: rtg_try_acquire_lock: rtg_block: comm=tau_rt_1 rtgid=1002 tgid=3833 pid=3836 prio=94
       deepPicar-3803  [004] d..3  1246.767320: rtg_try_release_lock: rtg_release: comm=deepPicar rtgid=1001 tgid=3794 pid=3803 prio=93
          <idle>-0     [003] dn.3  1246.767323: rtg_try_acquire_lock: rtg_acquire: comm=tau_rt_2 rtgid=1002 tgid=3837 pid=3841 prio=94
       deepPicar-3803  [004] d..3  1246.767327: rtg_try_acquire_lock: rtg_preemptor: comm=deepPicar rtgid=1001 tgid=3794 pid=3794 prio=93
       deepPicar-3803  [004] d..3  1246.767328: rtg_try_acquire_lock: rtg_preemptee: comm=tau_rt_2 rtgid=1002 tgid=3837 pid=3841 prio=94
        tau_rt_1-3836  [000] dn.3  1246.767332: rtg_try_acquire_lock: rtg_block: comm=tau_rt_1 rtgid=1002 tgid=3833 pid=3836 prio=94
        tau_rt_2-3841  [003] dn.3  1246.767334: rtg_try_acquire_lock: rtg_block: comm=tau_rt_2 rtgid=1002 tgid=3837 pid=3841 prio=94
        tau_rt_4-3840  [005] dn.3  1246.767337: rtg_try_acquire_lock: rtg_block: comm=tau_rt_4 rtgid=1002 tgid=3839 pid=3840 prio=94
       deepPicar-3794  [004] d..3  1246.767416: rtg_try_release_lock: rtg_release: comm=deepPicar rtgid=1001 tgid=3794 pid=3794 prio=93
          <idle>-0     [000] dn.3  1246.767418: rtg_try_acquire_lock: rtg_acquire: comm=tau_rt_1 rtgid=1002 tgid=3833 pid=3836 prio=94
        tau_rt_1-3836  [000] ...1  1246.785298: tracing_mark_write: gid=1002: job_start
        tau_rt_1-3836  [000] dn.3  1246.789244: rtg_try_acquire_lock: rtg_preemptor: comm=deepPicar rtgid=1001 tgid=3790 pid=3790 prio=93
        tau_rt_1-3836  [000] dn.3  1246.789248: rtg_try_acquire_lock: rtg_preemptee: comm=tau_rt_1 rtgid=1002 tgid=3833 pid=3836 prio=94
        tau_rt_2-3841  [003] dn.3  1246.789259: rtg_try_acquire_lock: rtg_block: comm=tau_rt_2 rtgid=1002 tgid=3837 pid=3841 prio=94
        tau_rt_4-3840  [005] dn.3  1246.789263: rtg_try_acquire_lock: rtg_block: comm=tau_rt_4 rtgid=1002 tgid=3839 pid=3840 prio=94
        tau_rt_3-3842  [004] dn.3  1246.789267: rtg_try_acquire_lock: rtg_block: comm=tau_rt_3 rtgid=1002 tgid=3838 pid=3842 prio=94
       deepPicar-3790  [000] ...1  1246.789281: tracing_mark_write: gid=1001: job_start
       deepPicar-3790  [000] d..3  1246.790454: rtg_try_release_lock: rtg_release: comm=deepPicar rtgid=1001 tgid=3790 pid=3790 prio=93
          <idle>-0     [003] dn.3  1246.790457: rtg_try_acquire_lock: rtg_acquire: comm=tau_rt_2 rtgid=1002 tgid=3837 pid=3841 prio=94
       deepPicar-3790  [000] d..3  1246.790460: rtg_try_acquire_lock: rtg_preemptor: comm=deepPicar rtgid=1001 tgid=3790 pid=3809 prio=93
       deepPicar-3790  [000] d..3  1246.790461: rtg_try_acquire_lock: rtg_preemptee: comm=tau_rt_2 rtgid=1002 tgid=3837 pid=3841 prio=94
        tau_rt_2-3841  [003] dn.3  1246.790464: rtg_try_acquire_lock: rtg_block: comm=tau_rt_2 rtgid=1002 tgid=3837 pid=3841 prio=94
        tau_rt_4-3840  [005] dn.3  1246.790466: rtg_try_acquire_lock: rtg_block: comm=tau_rt_4 rtgid=1002 tgid=3839 pid=3840 prio=94
        tau_rt_3-3842  [004] dn.3  1246.790468: rtg_try_acquire_lock: rtg_block: comm=tau_rt_3 rtgid=1002 tgid=3838 pid=3842 prio=94
       deepPicar-3809  [000] d..3  1246.791217: rtg_try_release_lock: rtg_release: comm=deepPicar rtgid=1001 tgid=3790 pid=3809 prio=93
          <idle>-0     [003] dn.3  1246.791218: rtg_try_acquire_lock: rtg_acquire: comm=tau_rt_2 rtgid=1002 tgid=3837 pid=3841 prio=94
       deepPicar-3809  [000] d..3  1246.791221: rtg_try_acquire_lock: rtg_preemptor: comm=deepPicar rtgid=1001 tgid=3790 pid=3798 prio=93
       deepPicar-3809  [000] d..3  1246.791221: rtg_try_acquire_lock: rtg_preemptee: comm=tau_rt_2 rtgid=1002 tgid=3837 pid=3841 prio=94
        tau_rt_2-3841  [003] dn.3  1246.791225: rtg_try_acquire_lock: rtg_block: comm=tau_rt_2 rtgid=1002 tgid=3837 pid=3841 prio=94
        tau_rt_3-3842  [004] dn.3  1246.791226: rtg_try_acquire_lock: rtg_block: comm=tau_rt_3 rtgid=1002 tgid=3838 pid=3842 prio=94
        tau_rt_4-3840  [005] dn.3  1246.791227: rtg_try_acquire_lock: rtg_block: comm=tau_rt_4 rtgid=1002 tgid=3839 pid=3840 prio=94
       deepPicar-3790  [000] d..3  1246.803063: rtg_try_acquire_lock: rtg_block: comm=tau_rt_1 rtgid=1002 tgid=3833 pid=3836 prio=94
       deepPicar-3794  [004] d..3  1246.817379: rtg_try_release_lock: rtg_release: comm=deepPicar rtgid=1001 tgid=3794 pid=3794 prio=93
          <idle>-0     [005] dn.3  1246.817383: rtg_try_acquire_lock: rtg_acquire: comm=tau_rt_4 rtgid=1002 tgid=3839 pid=3840 prio=94
        tau_rt_1-3836  [000] ...1  1246.836894: tracing_mark_write: gid=1002: job_start
        tau_rt_1-3836  [000] dn.3  1246.839250: rtg_try_acquire_lock: rtg_preemptor: comm=deepPicar rtgid=1001 tgid=3790 pid=3790 prio=93
        tau_rt_1-3836  [000] dn.3  1246.839253: rtg_try_acquire_lock: rtg_preemptee: comm=tau_rt_4 rtgid=1002 tgid=3839 pid=3840 prio=94
        tau_rt_2-3841  [003] dn.3  1246.839266: rtg_try_acquire_lock: rtg_block: comm=tau_rt_2 rtgid=1002 tgid=3837 pid=3841 prio=94
        tau_rt_3-3842  [004] dn.3  1246.839269: rtg_try_acquire_lock: rtg_block: comm=tau_rt_3 rtgid=1002 tgid=3838 pid=3842 prio=94
        tau_rt_4-3840  [005] dn.3  1246.839272: rtg_try_acquire_lock: rtg_block: comm=tau_rt_4 rtgid=1002 tgid=3839 pid=3840 prio=94
       deepPicar-3790  [000] ...1  1246.839287: tracing_mark_write: gid=1001: job_start
       deepPicar-3790  [000] d..3  1246.840496: rtg_try_release_lock: rtg_release: comm=deepPicar rtgid=1001 tgid=3790 pid=3790 prio=93
          <idle>-0     [005] dn.3  1246.840499: rtg_try_acquire_lock: rtg_acquire: comm=tau_rt_4 rtgid=1002 tgid=3839 pid=3840 prio=94
       deepPicar-3790  [000] d..3  1246.840502: rtg_try_acquire_lock: rtg_preemptor: comm=deepPicar rtgid=1001 tgid=3790 pid=3810 prio=93
       deepPicar-3790  [000] d..3  1246.840503: rtg_try_acquire_lock: rtg_preemptee: comm=tau_rt_4 rtgid=1002 tgid=3839 pid=3840 prio=94
        tau_rt_2-3841  [003] dn.3  1246.840506: rtg_try_acquire_lock: rtg_block: comm=tau_rt_2 rtgid=1002 tgid=3837 pid=3841 prio=94
        tau_rt_3-3842  [004] dn.3  1246.840508: rtg_try_acquire_lock: rtg_block: comm=tau_rt_3 rtgid=1002 tgid=3838 pid=3842 prio=94
        tau_rt_4-3840  [005] dn.3  1246.840510: rtg_try_acquire_lock: rtg_block: comm=tau_rt_4 rtgid=1002 tgid=3839 pid=3840 prio=94
       deepPicar-3810  [000] d..3  1246.841334: rtg_try_release_lock: rtg_release: comm=deepPicar rtgid=1001 tgid=3790 pid=3810 prio=93
          <idle>-0     [003] dn.3  1246.841337: rtg_try_acquire_lock: rtg_acquire: comm=tau_rt_2 rtgid=1002 tgid=3837 pid=3841 prio=94
       deepPicar-3810  [000] d..3  1246.841340: rtg_try_acquire_lock: rtg_preemptor: comm=deepPicar rtgid=1001 tgid=3790 pid=3798 prio=93
       deepPicar-3810  [000] d..3  1246.841340: rtg_try_acquire_lock: rtg_preemptee: comm=tau_rt_2 rtgid=1002 tgid=3837 pid=3841 prio=94
        tau_rt_2-3841  [003] dn.3  1246.841344: rtg_try_acquire_lock: rtg_block: comm=tau_rt_2 rtgid=1002 tgid=3837 pid=3841 prio=94
        tau_rt_3-3842  [004] dn.3  1246.841345: rtg_try_acquire_lock: rtg_block: comm=tau_rt_3 rtgid=1002 tgid=3838 pid=3842 prio=94
        tau_rt_4-3840  [005] dn.3  1246.841346: rtg_try_acquire_lock: rtg_block: comm=tau_rt_4 rtgid=1002 tgid=3839 pid=3840 prio=94
       deepPicar-3790  [000] d..3  1246.853054: rtg_try_acquire_lock: rtg_block: comm=tau_rt_1 rtgid=1002 tgid=3833 pid=3836 prio=94
       deepPicar-3831  [004] d..3  1246.853353: rtg_try_release_lock: rtg_release: comm=deepPicar rtgid=1001 tgid=3794 pid=3831 prio=93
       deepPicar-3824  [003] dn.3  1246.853356: rtg_try_acquire_lock: rtg_acquire: comm=deepPicar rtgid=1001 tgid=3793 pid=3804 prio=93
          <idle>-0     [000] dn.3  1246.853359: rtg_try_acquire_lock: rtg_block: comm=tau_rt_1 rtgid=1002 tgid=3833 pid=3836 prio=94
       deepPicar-3803  [004] d..3  1246.867118: rtg_try_release_lock: rtg_release: comm=deepPicar rtgid=1001 tgid=3794 pid=3803 prio=93
       deepPicar-3804  [003] d..3  1246.867122: rtg_try_acquire_lock: rtg_acquire: comm=deepPicar rtgid=1001 tgid=3793 pid=3793 prio=93
          <idle>-0     [000] dn.3  1246.867125: rtg_try_acquire_lock: rtg_block: comm=tau_rt_1 rtgid=1002 tgid=3833 pid=3836 prio=94
       deepPicar-3795  [005] d..3  1246.867235: rtg_try_release_lock: rtg_release: comm=deepPicar rtgid=1001 tgid=3795 pid=3795 prio=93
       deepPicar-3794  [004] d..3  1246.867238: rtg_try_acquire_lock: rtg_acquire: comm=tau_rt_3 rtgid=1002 tgid=3838 pid=3842 prio=94
        tau_rt_1-3836  [000] ...1  1246.888322: tracing_mark_write: gid=1002: job_start
        tau_rt_1-3836  [000] dn.3  1246.889250: rtg_try_acquire_lock: rtg_preemptor: comm=deepPicar rtgid=1001 tgid=3790 pid=3790 prio=93
        tau_rt_1-3836  [000] dn.3  1246.889252: rtg_try_acquire_lock: rtg_preemptee: comm=tau_rt_3 rtgid=1002 tgid=3838 pid=3842 prio=94
        tau_rt_2-3841  [003] dn.3  1246.889264: rtg_try_acquire_lock: rtg_block: comm=tau_rt_2 rtgid=1002 tgid=3837 pid=3841 prio=94
        tau_rt_4-3840  [005] dn.3  1246.889268: rtg_try_acquire_lock: rtg_block: comm=tau_rt_4 rtgid=1002 tgid=3839 pid=3840 prio=94
        tau_rt_3-3842  [004] dn.3  1246.889271: rtg_try_acquire_lock: rtg_block: comm=tau_rt_3 rtgid=1002 tgid=3838 pid=3842 prio=94
       deepPicar-3790  [000] ...1  1246.889286: tracing_mark_write: gid=1001: job_start
       deepPicar-3790  [000] d..3  1246.890442: rtg_try_release_lock: rtg_release: comm=deepPicar rtgid=1001 tgid=3790 pid=3790 prio=93
          <idle>-0     [004] dn.3  1246.890445: rtg_try_acquire_lock: rtg_acquire: comm=tau_rt_3 rtgid=1002 tgid=3838 pid=3842 prio=94
       deepPicar-3790  [000] d..3  1246.890448: rtg_try_acquire_lock: rtg_preemptor: comm=deepPicar rtgid=1001 tgid=3790 pid=3811 prio=93
       deepPicar-3790  [000] d..3  1246.890448: rtg_try_acquire_lock: rtg_preemptee: comm=tau_rt_3 rtgid=1002 tgid=3838 pid=3842 prio=94
        tau_rt_2-3841  [003] dn.3  1246.890452: rtg_try_acquire_lock: rtg_block: comm=tau_rt_2 rtgid=1002 tgid=3837 pid=3841 prio=94
        tau_rt_4-3840  [005] dn.3  1246.890454: rtg_try_acquire_lock: rtg_block: comm=tau_rt_4 rtgid=1002 tgid=3839 pid=3840 prio=94
        tau_rt_3-3842  [004] dn.3  1246.890455: rtg_try_acquire_lock: rtg_block: comm=tau_rt_3 rtgid=1002 tgid=3838 pid=3842 prio=94
       deepPicar-3811  [000] d..3  1246.891204: rtg_try_release_lock: rtg_release: comm=deepPicar rtgid=1001 tgid=3790 pid=3811 prio=93
          <idle>-0     [003] dn.3  1246.891206: rtg_try_acquire_lock: rtg_acquire: comm=tau_rt_2 rtgid=1002 tgid=3837 pid=3841 prio=94
       deepPicar-3811  [000] d..3  1246.891209: rtg_try_acquire_lock: rtg_preemptor: comm=deepPicar rtgid=1001 tgid=3790 pid=3798 prio=93
       deepPicar-3811  [000] d..3  1246.891210: rtg_try_acquire_lock: rtg_preemptee: comm=tau_rt_2 rtgid=1002 tgid=3837 pid=3841 prio=94
        tau_rt_2-3841  [003] dn.3  1246.891213: rtg_try_acquire_lock: rtg_block: comm=tau_rt_2 rtgid=1002 tgid=3837 pid=3841 prio=94
        tau_rt_3-3842  [004] dn.3  1246.891214: rtg_try_acquire_lock: rtg_block: comm=tau_rt_3 rtgid=1002 tgid=3838 pid=3842 prio=94
        tau_rt_4-3840  [005] dn.3  1246.891216: rtg_try_acquire_lock: rtg_block: comm=tau_rt_4 rtgid=1002 tgid=3839 pid=3840 prio=94
       deepPicar-3790  [000] d..3  1246.902815: rtg_try_acquire_lock: rtg_block: comm=tau_rt_1 rtgid=1002 tgid=3833 pid=3836 prio=94
       deepPicar-3827  [003] d..3  1246.903293: rtg_try_release_lock: rtg_release: comm=deepPicar rtgid=1001 tgid=3793 pid=3827 prio=93
       deepPicar-3826  [005] dn.3  1246.903297: rtg_try_acquire_lock: rtg_acquire: comm=deepPicar rtgid=1001 tgid=3795 pid=3802 prio=93
          <idle>-0     [000] dn.3  1246.903300: rtg_try_acquire_lock: rtg_block: comm=tau_rt_1 rtgid=1002 tgid=3833 pid=3836 prio=94
       deepPicar-3793  [003] d..3  1246.917404: rtg_try_acquire_lock: rtg_block: comm=tau_rt_2 rtgid=1002 tgid=3837 pid=3841 prio=94
       deepPicar-3795  [005] d..3  1246.917407: rtg_try_acquire_lock: rtg_block: comm=tau_rt_4 rtgid=1002 tgid=3839 pid=3840 prio=94
       deepPicar-3803  [004] d..3  1246.917418: rtg_try_release_lock: rtg_release: comm=deepPicar rtgid=1001 tgid=3794 pid=3803 prio=93
          <idle>-0     [000] dn.3  1246.917420: rtg_try_acquire_lock: rtg_acquire: comm=tau_rt_1 rtgid=1002 tgid=3833 pid=3836 prio=94
       deepPicar-3803  [004] d..3  1246.917423: rtg_try_acquire_lock: rtg_preemptor: comm=deepPicar rtgid=1001 tgid=3794 pid=3794 prio=93
       deepPicar-3803  [004] d..3  1246.917424: rtg_try_acquire_lock: rtg_preemptee: comm=tau_rt_1 rtgid=1002 tgid=3833 pid=3836 prio=94
          <idle>-0     [005] dn.3  1246.917426: rtg_try_acquire_lock: rtg_block: comm=tau_rt_4 rtgid=1002 tgid=3839 pid=3840 prio=94
          <idle>-0     [003] dn.3  1246.917428: rtg_try_acquire_lock: rtg_block: comm=tau_rt_2 rtgid=1002 tgid=3837 pid=3841 prio=94
        tau_rt_1-3836  [000] dn.3  1246.917430: rtg_try_acquire_lock: rtg_block: comm=tau_rt_1 rtgid=1002 tgid=3833 pid=3836 prio=94
       deepPicar-3794  [004] d..3  1246.917512: rtg_try_release_lock: rtg_release: comm=deepPicar rtgid=1001 tgid=3794 pid=3794 prio=93
          <idle>-0     [000] dn.3  1246.917513: rtg_try_acquire_lock: rtg_acquire: comm=tau_rt_1 rtgid=1002 tgid=3833 pid=3836 prio=94
        tau_rt_1-3836  [000] dn.3  1246.939243: rtg_try_acquire_lock: rtg_preemptor: comm=deepPicar rtgid=1001 tgid=3790 pid=3790 prio=93
        tau_rt_1-3836  [000] dn.3  1246.939246: rtg_try_acquire_lock: rtg_preemptee: comm=tau_rt_1 rtgid=1002 tgid=3833 pid=3836 prio=94
        tau_rt_2-3841  [003] dn.3  1246.939258: rtg_try_acquire_lock: rtg_block: comm=tau_rt_2 rtgid=1002 tgid=3837 pid=3841 prio=94
        tau_rt_3-3842  [004] dn.3  1246.939260: rtg_try_acquire_lock: rtg_block: comm=tau_rt_3 rtgid=1002 tgid=3838 pid=3842 prio=94
        tau_rt_4-3840  [005] dn.3  1246.939263: rtg_try_acquire_lock: rtg_block: comm=tau_rt_4 rtgid=1002 tgid=3839 pid=3840 prio=94
       deepPicar-3790  [000] ...1  1246.939283: tracing_mark_write: gid=1001: job_start
       deepPicar-3790  [000] d..3  1246.940511: rtg_try_release_lock: rtg_release: comm=deepPicar rtgid=1001 tgid=3790 pid=3790 prio=93
          <idle>-0     [005] dn.3  1246.940513: rtg_try_acquire_lock: rtg_acquire: comm=tau_rt_4 rtgid=1002 tgid=3839 pid=3840 prio=94
       deepPicar-3790  [000] d..3  1246.940516: rtg_try_acquire_lock: rtg_preemptor: comm=deepPicar rtgid=1001 tgid=3790 pid=3806 prio=93
       deepPicar-3790  [000] d..3  1246.940517: rtg_try_acquire_lock: rtg_preemptee: comm=tau_rt_4 rtgid=1002 tgid=3839 pid=3840 prio=94
        tau_rt_2-3841  [003] dn.3  1246.940521: rtg_try_acquire_lock: rtg_block: comm=tau_rt_2 rtgid=1002 tgid=3837 pid=3841 prio=94
        tau_rt_3-3842  [004] dn.3  1246.940522: rtg_try_acquire_lock: rtg_block: comm=tau_rt_3 rtgid=1002 tgid=3838 pid=3842 prio=94
        tau_rt_4-3840  [005] dn.3  1246.940523: rtg_try_acquire_lock: rtg_block: comm=tau_rt_4 rtgid=1002 tgid=3839 pid=3840 prio=94
       deepPicar-3806  [000] d..3  1246.941380: rtg_try_release_lock: rtg_release: comm=deepPicar rtgid=1001 tgid=3790 pid=3806 prio=93
          <idle>-0     [005] dn.3  1246.941382: rtg_try_acquire_lock: rtg_acquire: comm=tau_rt_4 rtgid=1002 tgid=3839 pid=3840 prio=94
       deepPicar-3806  [000] d..3  1246.941385: rtg_try_acquire_lock: rtg_preemptor: comm=deepPicar rtgid=1001 tgid=3790 pid=3798 prio=93
       deepPicar-3806  [000] d..3  1246.941385: rtg_try_acquire_lock: rtg_preemptee: comm=tau_rt_4 rtgid=1002 tgid=3839 pid=3840 prio=94
        tau_rt_2-3841  [003] dn.3  1246.941389: rtg_try_acquire_lock: rtg_block: comm=tau_rt_2 rtgid=1002 tgid=3837 pid=3841 prio=94
        tau_rt_3-3842  [004] dn.3  1246.941390: rtg_try_acquire_lock: rtg_block: comm=tau_rt_3 rtgid=1002 tgid=3838 pid=3842 prio=94
        tau_rt_4-3840  [005] dn.3  1246.941391: rtg_try_acquire_lock: rtg_block: comm=tau_rt_4 rtgid=1002 tgid=3839 pid=3840 prio=94
       deepPicar-3790  [000] d..3  1246.953141: rtg_try_acquire_lock: rtg_block: comm=tau_rt_1 rtgid=1002 tgid=3833 pid=3836 prio=94
       deepPicar-3803  [004] d..3  1246.967257: rtg_try_release_lock: rtg_release: comm=deepPicar rtgid=1001 tgid=3794 pid=3803 prio=93
       deepPicar-3804  [003] dn.3  1246.967262: rtg_try_acquire_lock: rtg_acquire: comm=deepPicar rtgid=1001 tgid=3793 pid=3793 prio=93
          <idle>-0     [000] dn.3  1246.967265: rtg_try_acquire_lock: rtg_block: comm=tau_rt_1 rtgid=1002 tgid=3833 pid=3836 prio=94
       deepPicar-3795  [005] d..3  1246.967376: rtg_try_release_lock: rtg_release: comm=deepPicar rtgid=1001 tgid=3795 pid=3795 prio=93
       deepPicar-3794  [004] d..3  1246.967379: rtg_try_acquire_lock: rtg_acquire: comm=tau_rt_3 rtgid=1002 tgid=3838 pid=3842 prio=94
        tau_rt_1-3836  [000] ...1  1246.968252: tracing_mark_write: gid=1002: job_start
        tau_rt_1-3836  [000] dn.3  1246.989263: rtg_try_acquire_lock: rtg_preemptor: comm=deepPicar rtgid=1001 tgid=3790 pid=3790 prio=93
        tau_rt_1-3836  [000] dn.3  1246.989267: rtg_try_acquire_lock: rtg_preemptee: comm=tau_rt_3 rtgid=1002 tgid=3838 pid=3842 prio=94
        tau_rt_2-3841  [003] dn.3  1246.989279: rtg_try_acquire_lock: rtg_block: comm=tau_rt_2 rtgid=1002 tgid=3837 pid=3841 prio=94
        tau_rt_3-3842  [004] dn.3  1246.989282: rtg_try_acquire_lock: rtg_block: comm=tau_rt_3 rtgid=1002 tgid=3838 pid=3842 prio=94
        tau_rt_4-3840  [005] dn.3  1246.989285: rtg_try_acquire_lock: rtg_block: comm=tau_rt_4 rtgid=1002 tgid=3839 pid=3840 prio=94
       deepPicar-3790  [000] ...1  1246.989301: tracing_mark_write: gid=1001: job_start
       deepPicar-3790  [000] d..3  1246.990480: rtg_try_release_lock: rtg_release: comm=deepPicar rtgid=1001 tgid=3790 pid=3790 prio=93
          <idle>-0     [003] dn.3  1246.990483: rtg_try_acquire_lock: rtg_acquire: comm=tau_rt_2 rtgid=1002 tgid=3837 pid=3841 prio=94
       deepPicar-3790  [000] d..3  1246.990486: rtg_try_acquire_lock: rtg_preemptor: comm=deepPicar rtgid=1001 tgid=3790 pid=3807 prio=93
       deepPicar-3790  [000] d..3  1246.990486: rtg_try_acquire_lock: rtg_preemptee: comm=tau_rt_2 rtgid=1002 tgid=3837 pid=3841 prio=94
        tau_rt_2-3841  [003] dn.3  1246.990490: rtg_try_acquire_lock: rtg_block: comm=tau_rt_2 rtgid=1002 tgid=3837 pid=3841 prio=94
        tau_rt_3-3842  [004] dn.3  1246.990492: rtg_try_acquire_lock: rtg_block: comm=tau_rt_3 rtgid=1002 tgid=3838 pid=3842 prio=94
        tau_rt_4-3840  [005] dn.3  1246.990494: rtg_try_acquire_lock: rtg_block: comm=tau_rt_4 rtgid=1002 tgid=3839 pid=3840 prio=94
       deepPicar-3807  [000] d..3  1246.991228: rtg_try_release_lock: rtg_release: comm=deepPicar rtgid=1001 tgid=3790 pid=3807 prio=93
          <idle>-0     [004] dn.3  1246.991230: rtg_try_acquire_lock: rtg_acquire: comm=tau_rt_3 rtgid=1002 tgid=3838 pid=3842 prio=94
       deepPicar-3807  [000] d..3  1246.991233: rtg_try_acquire_lock: rtg_preemptor: comm=deepPicar rtgid=1001 tgid=3790 pid=3798 prio=93
       deepPicar-3807  [000] d..3  1246.991234: rtg_try_acquire_lock: rtg_preemptee: comm=tau_rt_3 rtgid=1002 tgid=3838 pid=3842 prio=94
        tau_rt_2-3841  [003] dn.3  1246.991238: rtg_try_acquire_lock: rtg_block: comm=tau_rt_2 rtgid=1002 tgid=3837 pid=3841 prio=94
        tau_rt_4-3840  [005] dn.3  1246.991239: rtg_try_acquire_lock: rtg_block: comm=tau_rt_4 rtgid=1002 tgid=3839 pid=3840 prio=94
        tau_rt_3-3842  [004] dn.3  1246.991241: rtg_try_acquire_lock: rtg_block: comm=tau_rt_3 rtgid=1002 tgid=3838 pid=3842 prio=94
       deepPicar-3790  [000] d..3  1247.003104: rtg_try_acquire_lock: rtg_block: comm=tau_rt_1 rtgid=1002 tgid=3833 pid=3836 prio=94
       deepPicar-3794  [004] d..3  1247.017397: rtg_try_release_lock: rtg_release: comm=deepPicar rtgid=1001 tgid=3794 pid=3794 prio=93
          <idle>-0     [000] dn.3  1247.017401: rtg_try_acquire_lock: rtg_acquire: comm=tau_rt_1 rtgid=1002 tgid=3833 pid=3836 prio=94
        tau_rt_1-3836  [000] ...1  1247.019841: tracing_mark_write: gid=1002: job_start
        tau_rt_1-3836  [000] dn.3  1247.039245: rtg_try_acquire_lock: rtg_preemptor: comm=deepPicar rtgid=1001 tgid=3790 pid=3790 prio=93
        tau_rt_1-3836  [000] dn.3  1247.039248: rtg_try_acquire_lock: rtg_preemptee: comm=tau_rt_1 rtgid=1002 tgid=3833 pid=3836 prio=94
        tau_rt_2-3841  [003] dn.3  1247.039263: rtg_try_acquire_lock: rtg_block: comm=tau_rt_2 rtgid=1002 tgid=3837 pid=3841 prio=94
        tau_rt_4-3840  [005] dn.3  1247.039267: rtg_try_acquire_lock: rtg_block: comm=tau_rt_4 rtgid=1002 tgid=3839 pid=3840 prio=94
        tau_rt_3-3842  [004] dn.3  1247.039270: rtg_try_acquire_lock: rtg_block: comm=tau_rt_3 rtgid=1002 tgid=3838 pid=3842 prio=94
       deepPicar-3790  [000] ...1  1247.039284: tracing_mark_write: gid=1001: job_start
       deepPicar-3790  [000] d..3  1247.040463: rtg_try_release_lock: rtg_release: comm=deepPicar rtgid=1001 tgid=3790 pid=3790 prio=93
          <idle>-0     [004] dn.3  1247.040466: rtg_try_acquire_lock: rtg_acquire: comm=tau_rt_3 rtgid=1002 tgid=3838 pid=3842 prio=94
       deepPicar-3790  [000] d..3  1247.040469: rtg_try_acquire_lock: rtg_preemptor: comm=deepPicar rtgid=1001 tgid=3790 pid=3808 prio=93
       deepPicar-3790  [000] d..3  1247.040469: rtg_try_acquire_lock: rtg_preemptee: comm=tau_rt_3 rtgid=1002 tgid=3838 pid=3842 prio=94
        tau_rt_2-3841  [003] dn.3  1247.040473: rtg_try_acquire_lock: rtg_block: comm=tau_rt_2 rtgid=1002 tgid=3837 pid=3841 prio=94
        tau_rt_3-3842  [004] dn.3  1247.040475: rtg_try_acquire_lock: rtg_block: comm=tau_rt_3 rtgid=1002 tgid=3838 pid=3842 prio=94
        tau_rt_4-3840  [005] dn.3  1247.040477: rtg_try_acquire_lock: rtg_block: comm=tau_rt_4 rtgid=1002 tgid=3839 pid=3840 prio=94
       deepPicar-3808  [000] d..3  1247.041328: rtg_try_release_lock: rtg_release: comm=deepPicar rtgid=1001 tgid=3790 pid=3808 prio=93
          <idle>-0     [004] dn.3  1247.041329: rtg_try_acquire_lock: rtg_acquire: comm=tau_rt_3 rtgid=1002 tgid=3838 pid=3842 prio=94
       deepPicar-3808  [000] d..3  1247.041331: rtg_try_acquire_lock: rtg_preemptor: comm=deepPicar rtgid=1001 tgid=3790 pid=3798 prio=93
       deepPicar-3808  [000] d..3  1247.041332: rtg_try_acquire_lock: rtg_preemptee: comm=tau_rt_3 rtgid=1002 tgid=3838 pid=3842 prio=94
        tau_rt_3-3842  [004] dn.3  1247.041335: rtg_try_acquire_lock: rtg_block: comm=tau_rt_3 rtgid=1002 tgid=3838 pid=3842 prio=94
        tau_rt_2-3841  [003] dn.3  1247.041336: rtg_try_acquire_lock: rtg_block: comm=tau_rt_2 rtgid=1002 tgid=3837 pid=3841 prio=94
        tau_rt_4-3840  [005] dn.3  1247.041338: rtg_try_acquire_lock: rtg_block: comm=tau_rt_4 rtgid=1002 tgid=3839 pid=3840 prio=94
       deepPicar-3790  [000] d..3  1247.053094: rtg_try_acquire_lock: rtg_block: comm=tau_rt_1 rtgid=1002 tgid=3833 pid=3836 prio=94
       deepPicar-3804  [003] d..3  1247.067426: rtg_try_release_lock: rtg_release: comm=deepPicar rtgid=1001 tgid=3793 pid=3804 prio=93
       deepPicar-3803  [004] dn.3  1247.067431: rtg_try_acquire_lock: rtg_acquire: comm=deepPicar rtgid=1001 tgid=3794 pid=3794 prio=93
          <idle>-0     [000] dn.3  1247.067434: rtg_try_acquire_lock: rtg_block: comm=tau_rt_1 rtgid=1002 tgid=3833 pid=3836 prio=94
       deepPicar-3793  [003] d..3  1247.067545: rtg_try_release_lock: rtg_release: comm=deepPicar rtgid=1001 tgid=3793 pid=3793 prio=93
       deepPicar-3795  [005] d..3  1247.067548: rtg_try_acquire_lock: rtg_acquire: comm=tau_rt_4 rtgid=1002 tgid=3839 pid=3840 prio=94
        tau_rt_1-3836  [000] ...1  1247.071724: tracing_mark_write: gid=1002: job_start
        tau_rt_1-3836  [000] dn.3  1247.089244: rtg_try_acquire_lock: rtg_preemptor: comm=deepPicar rtgid=1001 tgid=3790 pid=3790 prio=93
        tau_rt_1-3836  [000] dn.3  1247.089248: rtg_try_acquire_lock: rtg_preemptee: comm=tau_rt_4 rtgid=1002 tgid=3839 pid=3840 prio=94
        tau_rt_2-3841  [003] dn.3  1247.089261: rtg_try_acquire_lock: rtg_block: comm=tau_rt_2 rtgid=1002 tgid=3837 pid=3841 prio=94
        tau_rt_3-3842  [004] dn.3  1247.089264: rtg_try_acquire_lock: rtg_block: comm=tau_rt_3 rtgid=1002 tgid=3838 pid=3842 prio=94
        tau_rt_4-3840  [005] dn.3  1247.089267: rtg_try_acquire_lock: rtg_block: comm=tau_rt_4 rtgid=1002 tgid=3839 pid=3840 prio=94
       deepPicar-3790  [000] ...1  1247.089285: tracing_mark_write: gid=1001: job_start
       deepPicar-3790  [000] d..3  1247.090461: rtg_try_release_lock: rtg_release: comm=deepPicar rtgid=1001 tgid=3790 pid=3790 prio=93
          <idle>-0     [004] dn.3  1247.090465: rtg_try_acquire_lock: rtg_acquire: comm=tau_rt_3 rtgid=1002 tgid=3838 pid=3842 prio=94
       deepPicar-3790  [000] d..3  1247.090468: rtg_try_acquire_lock: rtg_preemptor: comm=deepPicar rtgid=1001 tgid=3790 pid=3809 prio=93
       deepPicar-3790  [000] d..3  1247.090468: rtg_try_acquire_lock: rtg_preemptee: comm=tau_rt_3 rtgid=1002 tgid=3838 pid=3842 prio=94
        tau_rt_2-3841  [003] dn.3  1247.090472: rtg_try_acquire_lock: rtg_block: comm=tau_rt_2 rtgid=1002 tgid=3837 pid=3841 prio=94
        tau_rt_3-3842  [004] dn.3  1247.090474: rtg_try_acquire_lock: rtg_block: comm=tau_rt_3 rtgid=1002 tgid=3838 pid=3842 prio=94
        tau_rt_4-3840  [005] dn.3  1247.090475: rtg_try_acquire_lock: rtg_block: comm=tau_rt_4 rtgid=1002 tgid=3839 pid=3840 prio=94
       deepPicar-3809  [000] d..3  1247.091261: rtg_try_release_lock: rtg_release: comm=deepPicar rtgid=1001 tgid=3790 pid=3809 prio=93
          <idle>-0     [004] dn.3  1247.091263: rtg_try_acquire_lock: rtg_acquire: comm=tau_rt_3 rtgid=1002 tgid=3838 pid=3842 prio=94
       deepPicar-3809  [000] d..3  1247.091265: rtg_try_acquire_lock: rtg_preemptor: comm=deepPicar rtgid=1001 tgid=3790 pid=3798 prio=93
       deepPicar-3809  [000] d..3  1247.091266: rtg_try_acquire_lock: rtg_preemptee: comm=tau_rt_3 rtgid=1002 tgid=3838 pid=3842 prio=94
        tau_rt_2-3841  [003] dn.3  1247.091269: rtg_try_acquire_lock: rtg_block: comm=tau_rt_2 rtgid=1002 tgid=3837 pid=3841 prio=94
        tau_rt_3-3842  [004] dn.3  1247.091271: rtg_try_acquire_lock: rtg_block: comm=tau_rt_3 rtgid=1002 tgid=3838 pid=3842 prio=94
        tau_rt_4-3840  [005] dn.3  1247.091272: rtg_try_acquire_lock: rtg_block: comm=tau_rt_4 rtgid=1002 tgid=3839 pid=3840 prio=94
       deepPicar-3790  [000] d..3  1247.102849: rtg_try_acquire_lock: rtg_block: comm=tau_rt_1 rtgid=1002 tgid=3833 pid=3836 prio=94
       deepPicar-3793  [003] d..3  1247.117480: rtg_try_release_lock: rtg_release: comm=deepPicar rtgid=1001 tgid=3793 pid=3793 prio=93
          <idle>-0     [005] dn.3  1247.117483: rtg_try_acquire_lock: rtg_acquire: comm=tau_rt_4 rtgid=1002 tgid=3839 pid=3840 prio=94
        tau_rt_1-3836  [000] ...1  1247.123524: tracing_mark_write: gid=1002: job_start
        tau_rt_1-3836  [000] dn.3  1247.139246: rtg_try_acquire_lock: rtg_preemptor: comm=deepPicar rtgid=1001 tgid=3790 pid=3790 prio=93
        tau_rt_1-3836  [000] dn.3  1247.139249: rtg_try_acquire_lock: rtg_preemptee: comm=tau_rt_4 rtgid=1002 tgid=3839 pid=3840 prio=94
        tau_rt_2-3841  [003] dn.3  1247.139262: rtg_try_acquire_lock: rtg_block: comm=tau_rt_2 rtgid=1002 tgid=3837 pid=3841 prio=94
        tau_rt_3-3842  [004] dn.3  1247.139266: rtg_try_acquire_lock: rtg_block: comm=tau_rt_3 rtgid=1002 tgid=3838 pid=3842 prio=94
        tau_rt_4-3840  [005] dn.3  1247.139270: rtg_try_acquire_lock: rtg_block: comm=tau_rt_4 rtgid=1002 tgid=3839 pid=3840 prio=94
       deepPicar-3790  [000] ...1  1247.139286: tracing_mark_write: gid=1001: job_start
       deepPicar-3790  [000] d..3  1247.140458: rtg_try_release_lock: rtg_release: comm=deepPicar rtgid=1001 tgid=3790 pid=3790 prio=93
          <idle>-0     [005] dn.3  1247.140461: rtg_try_acquire_lock: rtg_acquire: comm=tau_rt_4 rtgid=1002 tgid=3839 pid=3840 prio=94
       deepPicar-3790  [000] d..3  1247.140464: rtg_try_acquire_lock: rtg_preemptor: comm=deepPicar rtgid=1001 tgid=3790 pid=3810 prio=93
       deepPicar-3790  [000] d..3  1247.140464: rtg_try_acquire_lock: rtg_preemptee: comm=tau_rt_4 rtgid=1002 tgid=3839 pid=3840 prio=94
        tau_rt_2-3841  [003] dn.3  1247.140468: rtg_try_acquire_lock: rtg_block: comm=tau_rt_2 rtgid=1002 tgid=3837 pid=3841 prio=94
        tau_rt_3-3842  [004] dn.3  1247.140470: rtg_try_acquire_lock: rtg_block: comm=tau_rt_3 rtgid=1002 tgid=3838 pid=3842 prio=94
        tau_rt_4-3840  [005] dn.3  1247.140471: rtg_try_acquire_lock: rtg_block: comm=tau_rt_4 rtgid=1002 tgid=3839 pid=3840 prio=94
       deepPicar-3810  [000] d..3  1247.141357: rtg_try_release_lock: rtg_release: comm=deepPicar rtgid=1001 tgid=3790 pid=3810 prio=93
          <idle>-0     [004] dn.3  1247.141359: rtg_try_acquire_lock: rtg_acquire: comm=tau_rt_3 rtgid=1002 tgid=3838 pid=3842 prio=94
       deepPicar-3810  [000] d..3  1247.141362: rtg_try_acquire_lock: rtg_preemptor: comm=deepPicar rtgid=1001 tgid=3790 pid=3798 prio=93
       deepPicar-3810  [000] d..3  1247.141363: rtg_try_acquire_lock: rtg_preemptee: comm=tau_rt_3 rtgid=1002 tgid=3838 pid=3842 prio=94
        tau_rt_2-3841  [003] dn.3  1247.141367: rtg_try_acquire_lock: rtg_block: comm=tau_rt_2 rtgid=1002 tgid=3837 pid=3841 prio=94
        tau_rt_3-3842  [004] dn.3  1247.141368: rtg_try_acquire_lock: rtg_block: comm=tau_rt_3 rtgid=1002 tgid=3838 pid=3842 prio=94
        tau_rt_4-3840  [005] dn.3  1247.141370: rtg_try_acquire_lock: rtg_block: comm=tau_rt_4 rtgid=1002 tgid=3839 pid=3840 prio=94
       deepPicar-3790  [000] d..3  1247.153154: rtg_try_acquire_lock: rtg_block: comm=tau_rt_1 rtgid=1002 tgid=3833 pid=3836 prio=94
       deepPicar-3794  [004] d..3  1247.167306: rtg_try_release_lock: rtg_release: comm=deepPicar rtgid=1001 tgid=3794 pid=3794 prio=93
          <idle>-0     [000] dn.3  1247.167310: rtg_try_acquire_lock: rtg_acquire: comm=tau_rt_1 rtgid=1002 tgid=3833 pid=3836 prio=94
        tau_rt_1-3836  [000] ...1  1247.175147: tracing_mark_write: gid=1002: job_start
        tau_rt_1-3836  [000] dn.3  1247.189245: rtg_try_acquire_lock: rtg_preemptor: comm=deepPicar rtgid=1001 tgid=3790 pid=3790 prio=93
        tau_rt_1-3836  [000] dn.3  1247.189248: rtg_try_acquire_lock: rtg_preemptee: comm=tau_rt_1 rtgid=1002 tgid=3833 pid=3836 prio=94
        tau_rt_2-3841  [003] dn.3  1247.189262: rtg_try_acquire_lock: rtg_block: comm=tau_rt_2 rtgid=1002 tgid=3837 pid=3841 prio=94
        tau_rt_4-3840  [005] dn.3  1247.189265: rtg_try_acquire_lock: rtg_block: comm=tau_rt_4 rtgid=1002 tgid=3839 pid=3840 prio=94
        tau_rt_3-3842  [004] dn.3  1247.189269: rtg_try_acquire_lock: rtg_block: comm=tau_rt_3 rtgid=1002 tgid=3838 pid=3842 prio=94
       deepPicar-3790  [000] ...1  1247.189282: tracing_mark_write: gid=1001: job_start
       deepPicar-3790  [000] d..3  1247.190435: rtg_try_release_lock: rtg_release: comm=deepPicar rtgid=1001 tgid=3790 pid=3790 prio=93
          <idle>-0     [005] dn.3  1247.190437: rtg_try_acquire_lock: rtg_acquire: comm=tau_rt_4 rtgid=1002 tgid=3839 pid=3840 prio=94
       deepPicar-3790  [000] d..3  1247.190440: rtg_try_acquire_lock: rtg_preemptor: comm=deepPicar rtgid=1001 tgid=3790 pid=3811 prio=93
       deepPicar-3790  [000] d..3  1247.190441: rtg_try_acquire_lock: rtg_preemptee: comm=tau_rt_4 rtgid=1002 tgid=3839 pid=3840 prio=94
        tau_rt_2-3841  [003] dn.3  1247.190445: rtg_try_acquire_lock: rtg_block: comm=tau_rt_2 rtgid=1002 tgid=3837 pid=3841 prio=94
        tau_rt_3-3842  [004] dn.3  1247.190447: rtg_try_acquire_lock: rtg_block: comm=tau_rt_3 rtgid=1002 tgid=3838 pid=3842 prio=94
        tau_rt_4-3840  [005] dn.3  1247.190449: rtg_try_acquire_lock: rtg_block: comm=tau_rt_4 rtgid=1002 tgid=3839 pid=3840 prio=94
       deepPicar-3811  [000] d..3  1247.191269: rtg_try_release_lock: rtg_release: comm=deepPicar rtgid=1001 tgid=3790 pid=3811 prio=93
          <idle>-0     [003] dn.3  1247.191271: rtg_try_acquire_lock: rtg_acquire: comm=tau_rt_2 rtgid=1002 tgid=3837 pid=3841 prio=94
       deepPicar-3811  [000] d..3  1247.191274: rtg_try_acquire_lock: rtg_preemptor: comm=deepPicar rtgid=1001 tgid=3790 pid=3798 prio=93
       deepPicar-3811  [000] d..3  1247.191275: rtg_try_acquire_lock: rtg_preemptee: comm=tau_rt_2 rtgid=1002 tgid=3837 pid=3841 prio=94
        tau_rt_2-3841  [003] dn.3  1247.191279: rtg_try_acquire_lock: rtg_block: comm=tau_rt_2 rtgid=1002 tgid=3837 pid=3841 prio=94
        tau_rt_3-3842  [004] dn.3  1247.191281: rtg_try_acquire_lock: rtg_block: comm=tau_rt_3 rtgid=1002 tgid=3838 pid=3842 prio=94
        tau_rt_4-3840  [005] dn.3  1247.191282: rtg_try_acquire_lock: rtg_block: comm=tau_rt_4 rtgid=1002 tgid=3839 pid=3840 prio=94
       deepPicar-3790  [000] d..3  1247.203039: rtg_try_acquire_lock: rtg_block: comm=tau_rt_1 rtgid=1002 tgid=3833 pid=3836 prio=94
       deepPicar-3793  [003] d..3  1247.217497: rtg_try_release_lock: rtg_release: comm=deepPicar rtgid=1001 tgid=3793 pid=3793 prio=93
          <idle>-0     [005] dn.3  1247.217500: rtg_try_acquire_lock: rtg_acquire: comm=tau_rt_4 rtgid=1002 tgid=3839 pid=3840 prio=94
        tau_rt_1-3836  [000] ...1  1247.226900: tracing_mark_write: gid=1002: job_start
        tau_rt_1-3836  [000] dn.3  1247.239248: rtg_try_acquire_lock: rtg_preemptor: comm=deepPicar rtgid=1001 tgid=3790 pid=3790 prio=93
        tau_rt_1-3836  [000] dn.3  1247.239251: rtg_try_acquire_lock: rtg_preemptee: comm=tau_rt_4 rtgid=1002 tgid=3839 pid=3840 prio=94
        tau_rt_2-3841  [003] dn.3  1247.239265: rtg_try_acquire_lock: rtg_block: comm=tau_rt_2 rtgid=1002 tgid=3837 pid=3841 prio=94
        tau_rt_3-3842  [004] dn.3  1247.239268: rtg_try_acquire_lock: rtg_block: comm=tau_rt_3 rtgid=1002 tgid=3838 pid=3842 prio=94
        tau_rt_4-3840  [005] dn.3  1247.239271: rtg_try_acquire_lock: rtg_block: comm=tau_rt_4 rtgid=1002 tgid=3839 pid=3840 prio=94
       deepPicar-3790  [000] ...1  1247.239288: tracing_mark_write: gid=1001: job_start
       deepPicar-3790  [000] d..3  1247.240485: rtg_try_release_lock: rtg_release: comm=deepPicar rtgid=1001 tgid=3790 pid=3790 prio=93
          <idle>-0     [005] dn.3  1247.240487: rtg_try_acquire_lock: rtg_acquire: comm=tau_rt_4 rtgid=1002 tgid=3839 pid=3840 prio=94
       deepPicar-3790  [000] d..3  1247.240490: rtg_try_acquire_lock: rtg_preemptor: comm=deepPicar rtgid=1001 tgid=3790 pid=3806 prio=93
       deepPicar-3790  [000] d..3  1247.240491: rtg_try_acquire_lock: rtg_preemptee: comm=tau_rt_4 rtgid=1002 tgid=3839 pid=3840 prio=94
        tau_rt_2-3841  [003] dn.3  1247.240494: rtg_try_acquire_lock: rtg_block: comm=tau_rt_2 rtgid=1002 tgid=3837 pid=3841 prio=94
        tau_rt_3-3842  [004] dn.3  1247.240496: rtg_try_acquire_lock: rtg_block: comm=tau_rt_3 rtgid=1002 tgid=3838 pid=3842 prio=94
        tau_rt_4-3840  [005] dn.3  1247.240498: rtg_try_acquire_lock: rtg_block: comm=tau_rt_4 rtgid=1002 tgid=3839 pid=3840 prio=94
       deepPicar-3806  [000] d..3  1247.241464: rtg_try_release_lock: rtg_release: comm=deepPicar rtgid=1001 tgid=3790 pid=3806 prio=93
          <idle>-0     [003] dn.3  1247.241467: rtg_try_acquire_lock: rtg_acquire: comm=tau_rt_2 rtgid=1002 tgid=3837 pid=3841 prio=94
       deepPicar-3806  [000] d..3  1247.241470: rtg_try_acquire_lock: rtg_preemptor: comm=deepPicar rtgid=1001 tgid=3790 pid=3798 prio=93
       deepPicar-3806  [000] d..3  1247.241470: rtg_try_acquire_lock: rtg_preemptee: comm=tau_rt_2 rtgid=1002 tgid=3837 pid=3841 prio=94
        tau_rt_2-3841  [003] dn.3  1247.241474: rtg_try_acquire_lock: rtg_block: comm=tau_rt_2 rtgid=1002 tgid=3837 pid=3841 prio=94
        tau_rt_3-3842  [004] dn.3  1247.241475: rtg_try_acquire_lock: rtg_block: comm=tau_rt_3 rtgid=1002 tgid=3838 pid=3842 prio=94
        tau_rt_4-3840  [005] dn.3  1247.241476: rtg_try_acquire_lock: rtg_block: comm=tau_rt_4 rtgid=1002 tgid=3839 pid=3840 prio=94
       deepPicar-3790  [000] d..3  1247.253275: rtg_try_acquire_lock: rtg_block: comm=tau_rt_1 rtgid=1002 tgid=3833 pid=3836 prio=94
       deepPicar-3804  [003] d..3  1247.267457: rtg_try_release_lock: rtg_release: comm=deepPicar rtgid=1001 tgid=3793 pid=3804 prio=93
       deepPicar-3802  [005] dn.3  1247.267461: rtg_try_acquire_lock: rtg_acquire: comm=deepPicar rtgid=1001 tgid=3795 pid=3795 prio=93
          <idle>-0     [000] dn.3  1247.267464: rtg_try_acquire_lock: rtg_block: comm=tau_rt_1 rtgid=1002 tgid=3833 pid=3836 prio=94
       deepPicar-3795  [005] d..3  1247.267575: rtg_try_release_lock: rtg_release: comm=deepPicar rtgid=1001 tgid=3795 pid=3795 prio=93
       deepPicar-3793  [003] d..3  1247.267578: rtg_try_acquire_lock: rtg_acquire: comm=tau_rt_2 rtgid=1002 tgid=3837 pid=3841 prio=94
        tau_rt_1-3836  [000] ...1  1247.278683: tracing_mark_write: gid=1002: job_start
        tau_rt_1-3836  [000] dn.3  1247.289245: rtg_try_acquire_lock: rtg_preemptor: comm=deepPicar rtgid=1001 tgid=3790 pid=3790 prio=93
        tau_rt_1-3836  [000] dn.3  1247.289248: rtg_try_acquire_lock: rtg_preemptee: comm=tau_rt_2 rtgid=1002 tgid=3837 pid=3841 prio=94
        tau_rt_2-3841  [003] dn.3  1247.289260: rtg_try_acquire_lock: rtg_block: comm=tau_rt_2 rtgid=1002 tgid=3837 pid=3841 prio=94
        tau_rt_4-3840  [005] dn.3  1247.289262: rtg_try_acquire_lock: rtg_block: comm=tau_rt_4 rtgid=1002 tgid=3839 pid=3840 prio=94
        tau_rt_3-3842  [004] dn.3  1247.289266: rtg_try_acquire_lock: rtg_block: comm=tau_rt_3 rtgid=1002 tgid=3838 pid=3842 prio=94
       deepPicar-3790  [000] ...1  1247.289283: tracing_mark_write: gid=1001: job_start
       deepPicar-3790  [000] d..3  1247.290482: rtg_try_release_lock: rtg_release: comm=deepPicar rtgid=1001 tgid=3790 pid=3790 prio=93
          <idle>-0     [004] dn.3  1247.290485: rtg_try_acquire_lock: rtg_acquire: comm=tau_rt_3 rtgid=1002 tgid=3838 pid=3842 prio=94
       deepPicar-3790  [000] d..3  1247.290489: rtg_try_acquire_lock: rtg_preemptor: comm=deepPicar rtgid=1001 tgid=3790 pid=3807 prio=93
       deepPicar-3790  [000] d..3  1247.290489: rtg_try_acquire_lock: rtg_preemptee: comm=tau_rt_3 rtgid=1002 tgid=3838 pid=3842 prio=94
        tau_rt_2-3841  [003] dn.3  1247.290493: rtg_try_acquire_lock: rtg_block: comm=tau_rt_2 rtgid=1002 tgid=3837 pid=3841 prio=94
        tau_rt_3-3842  [004] dn.3  1247.290494: rtg_try_acquire_lock: rtg_block: comm=tau_rt_3 rtgid=1002 tgid=3838 pid=3842 prio=94
        tau_rt_4-3840  [005] dn.3  1247.290496: rtg_try_acquire_lock: rtg_block: comm=tau_rt_4 rtgid=1002 tgid=3839 pid=3840 prio=94
       deepPicar-3807  [000] d..3  1247.291383: rtg_try_release_lock: rtg_release: comm=deepPicar rtgid=1001 tgid=3790 pid=3807 prio=93
          <idle>-0     [003] dn.3  1247.291385: rtg_try_acquire_lock: rtg_acquire: comm=tau_rt_2 rtgid=1002 tgid=3837 pid=3841 prio=94
       deepPicar-3807  [000] d..3  1247.291388: rtg_try_acquire_lock: rtg_preemptor: comm=deepPicar rtgid=1001 tgid=3790 pid=3798 prio=93
       deepPicar-3807  [000] d..3  1247.291389: rtg_try_acquire_lock: rtg_preemptee: comm=tau_rt_2 rtgid=1002 tgid=3837 pid=3841 prio=94
        tau_rt_2-3841  [003] dn.3  1247.291392: rtg_try_acquire_lock: rtg_block: comm=tau_rt_2 rtgid=1002 tgid=3837 pid=3841 prio=94
        tau_rt_3-3842  [004] dn.3  1247.291393: rtg_try_acquire_lock: rtg_block: comm=tau_rt_3 rtgid=1002 tgid=3838 pid=3842 prio=94
        tau_rt_4-3840  [005] dn.3  1247.291395: rtg_try_acquire_lock: rtg_block: comm=tau_rt_4 rtgid=1002 tgid=3839 pid=3840 prio=94
       deepPicar-3790  [000] d..3  1247.303073: rtg_try_acquire_lock: rtg_block: comm=tau_rt_1 rtgid=1002 tgid=3833 pid=3836 prio=94
       deepPicar-3794  [004] d..3  1247.317393: rtg_try_release_lock: rtg_release: comm=deepPicar rtgid=1001 tgid=3794 pid=3794 prio=93
          <idle>-0     [005] dn.3  1247.317397: rtg_try_acquire_lock: rtg_acquire: comm=tau_rt_4 rtgid=1002 tgid=3839 pid=3840 prio=94
        tau_rt_1-3836  [000] ...1  1247.330298: tracing_mark_write: gid=1002: job_start
        tau_rt_1-3836  [000] dn.3  1247.339245: rtg_try_acquire_lock: rtg_preemptor: comm=deepPicar rtgid=1001 tgid=3790 pid=3790 prio=93
        tau_rt_1-3836  [000] dn.3  1247.339249: rtg_try_acquire_lock: rtg_preemptee: comm=tau_rt_4 rtgid=1002 tgid=3839 pid=3840 prio=94
        tau_rt_2-3841  [003] dn.3  1247.339261: rtg_try_acquire_lock: rtg_block: comm=tau_rt_2 rtgid=1002 tgid=3837 pid=3841 prio=94
        tau_rt_3-3842  [004] dn.3  1247.339264: rtg_try_acquire_lock: rtg_block: comm=tau_rt_3 rtgid=1002 tgid=3838 pid=3842 prio=94
        tau_rt_4-3840  [005] dn.3  1247.339267: rtg_try_acquire_lock: rtg_block: comm=tau_rt_4 rtgid=1002 tgid=3839 pid=3840 prio=94
       deepPicar-3790  [000] ...1  1247.339282: tracing_mark_write: gid=1001: job_start
       deepPicar-3790  [000] d..3  1247.340454: rtg_try_release_lock: rtg_release: comm=deepPicar rtgid=1001 tgid=3790 pid=3790 prio=93
          <idle>-0     [005] dn.3  1247.340457: rtg_try_acquire_lock: rtg_acquire: comm=tau_rt_4 rtgid=1002 tgid=3839 pid=3840 prio=94
       deepPicar-3790  [000] d..3  1247.340460: rtg_try_acquire_lock: rtg_preemptor: comm=deepPicar rtgid=1001 tgid=3790 pid=3808 prio=93
       deepPicar-3790  [000] d..3  1247.340461: rtg_try_acquire_lock: rtg_preemptee: comm=tau_rt_4 rtgid=1002 tgid=3839 pid=3840 prio=94
        tau_rt_2-3841  [003] dn.3  1247.340464: rtg_try_acquire_lock: rtg_block: comm=tau_rt_2 rtgid=1002 tgid=3837 pid=3841 prio=94
        tau_rt_3-3842  [004] dn.3  1247.340466: rtg_try_acquire_lock: rtg_block: comm=tau_rt_3 rtgid=1002 tgid=3838 pid=3842 prio=94
        tau_rt_4-3840  [005] dn.3  1247.340467: rtg_try_acquire_lock: rtg_block: comm=tau_rt_4 rtgid=1002 tgid=3839 pid=3840 prio=94
       deepPicar-3808  [000] d..3  1247.341362: rtg_try_release_lock: rtg_release: comm=deepPicar rtgid=1001 tgid=3790 pid=3808 prio=93
          <idle>-0     [004] dn.3  1247.341364: rtg_try_acquire_lock: rtg_acquire: comm=tau_rt_3 rtgid=1002 tgid=3838 pid=3842 prio=94
       deepPicar-3808  [000] d..3  1247.341366: rtg_try_acquire_lock: rtg_preemptor: comm=deepPicar rtgid=1001 tgid=3790 pid=3798 prio=93
       deepPicar-3808  [000] d..3  1247.341367: rtg_try_acquire_lock: rtg_preemptee: comm=tau_rt_3 rtgid=1002 tgid=3838 pid=3842 prio=94
        tau_rt_2-3841  [003] dn.3  1247.341370: rtg_try_acquire_lock: rtg_block: comm=tau_rt_2 rtgid=1002 tgid=3837 pid=3841 prio=94
        tau_rt_3-3842  [004] dn.3  1247.341372: rtg_try_acquire_lock: rtg_block: comm=tau_rt_3 rtgid=1002 tgid=3838 pid=3842 prio=94
        tau_rt_4-3840  [005] dn.3  1247.341374: rtg_try_acquire_lock: rtg_block: comm=tau_rt_4 rtgid=1002 tgid=3839 pid=3840 prio=94
       deepPicar-3790  [000] d..3  1247.353355: rtg_try_acquire_lock: rtg_block: comm=tau_rt_1 rtgid=1002 tgid=3833 pid=3836 prio=94
       deepPicar-3803  [004] d..3  1247.367362: rtg_try_release_lock: rtg_release: comm=deepPicar rtgid=1001 tgid=3794 pid=3803 prio=93
          <idle>-0     [005] dn.3  1247.367366: rtg_try_acquire_lock: rtg_acquire: comm=tau_rt_4 rtgid=1002 tgid=3839 pid=3840 prio=94
       deepPicar-3803  [004] d..3  1247.367369: rtg_try_acquire_lock: rtg_preemptor: comm=deepPicar rtgid=1001 tgid=3794 pid=3794 prio=93
       deepPicar-3803  [004] d..3  1247.367370: rtg_try_acquire_lock: rtg_preemptee: comm=tau_rt_4 rtgid=1002 tgid=3839 pid=3840 prio=94
        tau_rt_1-3836  [000] dn.3  1247.367374: rtg_try_acquire_lock: rtg_block: comm=tau_rt_1 rtgid=1002 tgid=3833 pid=3836 prio=94
        tau_rt_2-3841  [003] dn.3  1247.367378: rtg_try_acquire_lock: rtg_block: comm=tau_rt_2 rtgid=1002 tgid=3837 pid=3841 prio=94
        tau_rt_4-3840  [005] dn.3  1247.367379: rtg_try_acquire_lock: rtg_block: comm=tau_rt_4 rtgid=1002 tgid=3839 pid=3840 prio=94
       deepPicar-3794  [004] d..3  1247.367460: rtg_try_release_lock: rtg_release: comm=deepPicar rtgid=1001 tgid=3794 pid=3794 prio=93
          <idle>-0     [000] dn.3  1247.367462: rtg_try_acquire_lock: rtg_acquire: comm=tau_rt_1 rtgid=1002 tgid=3833 pid=3836 prio=94
        tau_rt_1-3836  [000] ...1  1247.382007: tracing_mark_write: gid=1002: job_start
        tau_rt_1-3836  [000] dn.3  1247.389243: rtg_try_acquire_lock: rtg_preemptor: comm=deepPicar rtgid=1001 tgid=3790 pid=3790 prio=93
        tau_rt_1-3836  [000] dn.3  1247.389246: rtg_try_acquire_lock: rtg_preemptee: comm=tau_rt_1 rtgid=1002 tgid=3833 pid=3836 prio=94
        tau_rt_2-3841  [003] dn.3  1247.389257: rtg_try_acquire_lock: rtg_block: comm=tau_rt_2 rtgid=1002 tgid=3837 pid=3841 prio=94
