        tau_rt_3-3777  [004] dn.3  1204.874300: rtg_try_acquire_lock: rtg_preemptor: comm=deepPicar rtgid=1001 tgid=3731 pid=3731 prio=93
        tau_rt_3-3777  [004] dn.3  1204.874303: rtg_try_acquire_lock: rtg_preemptee: comm=tau_rt_3 rtgid=1002 tgid=3766 pid=3777 prio=94
       deepPicar-3769  [000] dn.3  1204.874316: rtg_try_acquire_lock: rtg_block: comm=deepPicar rtgid=1002 tgid=3762 pid=3769 prio=94
        tau_rt_4-3761  [000] ...1  1204.874451: tracing_mark_write: gid=1001: job_start
       deepPicar-3731  [004] d..3  1204.894471: rtg_try_acquire_lock: rtg_block: comm=tau_rt_3 rtgid=1002 tgid=3766 pid=3777 prio=94
       deepPicar-3730  [003] d..3  1204.894476: rtg_try_acquire_lock: rtg_block: comm=tau_rt_2 rtgid=1002 tgid=3765 pid=3779 prio=94
       deepPicar-3732  [005] d..3  1204.894479: rtg_try_acquire_lock: rtg_block: comm=tau_rt_4 rtgid=1002 tgid=3767 pid=3778 prio=94
        tau_rt_4-3761  [000] d..3  1204.894594: rtg_try_release_lock: rtg_release: comm=tau_rt_4 rtgid=1001 tgid=3727 pid=3761 prio=93
          <idle>-0     [003] dn.3  1204.894597: rtg_try_acquire_lock: rtg_acquire: comm=tau_rt_2 rtgid=1002 tgid=3765 pid=3779 prio=94
       deepPicar-3762  [000] ...1  1204.919128: tracing_mark_write: gid=1002: job_start
        tau_rt_3-3777  [004] dn.3  1204.924299: rtg_try_acquire_lock: rtg_preemptor: comm=deepPicar rtgid=1001 tgid=3731 pid=3731 prio=93
        tau_rt_3-3777  [004] dn.3  1204.924302: rtg_try_acquire_lock: rtg_preemptee: comm=tau_rt_2 rtgid=1002 tgid=3765 pid=3779 prio=94
       deepPicar-3769  [000] dn.3  1204.924311: rtg_try_acquire_lock: rtg_block: comm=deepPicar rtgid=1002 tgid=3762 pid=3769 prio=94
        tau_rt_4-3761  [000] ...1  1204.924450: tracing_mark_write: gid=1001: job_start
       deepPicar-3730  [003] d..3  1204.943850: rtg_try_acquire_lock: rtg_block: comm=tau_rt_2 rtgid=1002 tgid=3765 pid=3779 prio=94
       deepPicar-3732  [005] d..3  1204.943854: rtg_try_acquire_lock: rtg_block: comm=tau_rt_4 rtgid=1002 tgid=3767 pid=3778 prio=94
       deepPicar-3731  [004] d..3  1204.943856: rtg_try_acquire_lock: rtg_block: comm=tau_rt_3 rtgid=1002 tgid=3766 pid=3777 prio=94
        tau_rt_4-3761  [000] d..3  1204.944515: rtg_try_release_lock: rtg_release: comm=tau_rt_4 rtgid=1001 tgid=3727 pid=3761 prio=93
          <idle>-0     [004] dn.3  1204.944518: rtg_try_acquire_lock: rtg_acquire: comm=tau_rt_3 rtgid=1002 tgid=3766 pid=3777 prio=94
       deepPicar-3769  [000] d..3  1204.968548: rtg_try_release_lock: rtg_release: comm=deepPicar rtgid=1002 tgid=3762 pid=3769 prio=94
       deepPicar-3769  [000] d..3  1204.968551: rtg_try_acquire_lock: rtg_acquire: comm=deepPicar rtgid=1002 tgid=3762 pid=3762 prio=94
       deepPicar-3762  [000] ...1  1204.968668: tracing_mark_write: gid=1002: job_start
        tau_rt_3-3777  [004] dn.3  1204.974301: rtg_try_acquire_lock: rtg_preemptor: comm=deepPicar rtgid=1001 tgid=3731 pid=3731 prio=93
        tau_rt_3-3777  [004] dn.3  1204.974304: rtg_try_acquire_lock: rtg_preemptee: comm=deepPicar rtgid=1002 tgid=3762 pid=3762 prio=94
       deepPicar-3769  [000] dn.3  1204.974315: rtg_try_acquire_lock: rtg_block: comm=deepPicar rtgid=1002 tgid=3762 pid=3769 prio=94
        tau_rt_4-3761  [000] ...1  1204.974450: tracing_mark_write: gid=1001: job_start
       deepPicar-3732  [005] d..3  1204.994371: rtg_try_acquire_lock: rtg_block: comm=tau_rt_4 rtgid=1002 tgid=3767 pid=3778 prio=94
       deepPicar-3731  [004] d..3  1204.994375: rtg_try_acquire_lock: rtg_block: comm=tau_rt_3 rtgid=1002 tgid=3766 pid=3777 prio=94
       deepPicar-3730  [003] d..3  1204.994378: rtg_try_acquire_lock: rtg_block: comm=tau_rt_2 rtgid=1002 tgid=3765 pid=3779 prio=94
        tau_rt_4-3761  [000] d..3  1204.994631: rtg_try_release_lock: rtg_release: comm=tau_rt_4 rtgid=1001 tgid=3727 pid=3761 prio=93
          <idle>-0     [005] dn.3  1204.994634: rtg_try_acquire_lock: rtg_acquire: comm=tau_rt_4 rtgid=1002 tgid=3767 pid=3778 prio=94
       deepPicar-3762  [000] ...1  1205.018894: tracing_mark_write: gid=1002: job_start
        tau_rt_3-3777  [004] dn.3  1205.024299: rtg_try_acquire_lock: rtg_preemptor: comm=deepPicar rtgid=1001 tgid=3731 pid=3731 prio=93
        tau_rt_3-3777  [004] dn.3  1205.024302: rtg_try_acquire_lock: rtg_preemptee: comm=tau_rt_4 rtgid=1002 tgid=3767 pid=3778 prio=94
       deepPicar-3769  [000] dn.3  1205.024310: rtg_try_acquire_lock: rtg_block: comm=deepPicar rtgid=1002 tgid=3762 pid=3769 prio=94
        tau_rt_4-3761  [000] ...1  1205.024449: tracing_mark_write: gid=1001: job_start
       deepPicar-3732  [005] d..3  1205.044292: rtg_try_acquire_lock: rtg_block: comm=tau_rt_4 rtgid=1002 tgid=3767 pid=3778 prio=94
       deepPicar-3730  [003] d..3  1205.044296: rtg_try_acquire_lock: rtg_block: comm=tau_rt_2 rtgid=1002 tgid=3765 pid=3779 prio=94
       deepPicar-3731  [004] d..3  1205.044300: rtg_try_acquire_lock: rtg_block: comm=tau_rt_3 rtgid=1002 tgid=3766 pid=3777 prio=94
        tau_rt_4-3761  [000] d..3  1205.044642: rtg_try_release_lock: rtg_release: comm=tau_rt_4 rtgid=1001 tgid=3727 pid=3761 prio=93
          <idle>-0     [004] dn.3  1205.044645: rtg_try_acquire_lock: rtg_acquire: comm=tau_rt_3 rtgid=1002 tgid=3766 pid=3777 prio=94
       deepPicar-3762  [000] ...1  1205.069283: tracing_mark_write: gid=1002: job_start
        tau_rt_3-3777  [004] dn.3  1205.074300: rtg_try_acquire_lock: rtg_preemptor: comm=deepPicar rtgid=1001 tgid=3731 pid=3731 prio=93
        tau_rt_3-3777  [004] dn.3  1205.074303: rtg_try_acquire_lock: rtg_preemptee: comm=tau_rt_3 rtgid=1002 tgid=3766 pid=3777 prio=94
       deepPicar-3769  [000] dn.3  1205.074316: rtg_try_acquire_lock: rtg_block: comm=deepPicar rtgid=1002 tgid=3762 pid=3769 prio=94
        tau_rt_4-3761  [000] ...1  1205.074452: tracing_mark_write: gid=1001: job_start
       deepPicar-3730  [003] d..3  1205.094115: rtg_try_acquire_lock: rtg_block: comm=tau_rt_2 rtgid=1002 tgid=3765 pid=3779 prio=94
       deepPicar-3732  [005] d..3  1205.094119: rtg_try_acquire_lock: rtg_block: comm=tau_rt_4 rtgid=1002 tgid=3767 pid=3778 prio=94
       deepPicar-3731  [004] d..3  1205.094122: rtg_try_acquire_lock: rtg_block: comm=tau_rt_3 rtgid=1002 tgid=3766 pid=3777 prio=94
        tau_rt_4-3761  [000] d..3  1205.094669: rtg_try_release_lock: rtg_release: comm=tau_rt_4 rtgid=1001 tgid=3727 pid=3761 prio=93
          <idle>-0     [004] dn.3  1205.094672: rtg_try_acquire_lock: rtg_acquire: comm=tau_rt_3 rtgid=1002 tgid=3766 pid=3777 prio=94
       deepPicar-3762  [000] ...1  1205.119202: tracing_mark_write: gid=1002: job_start
        tau_rt_3-3777  [004] dn.3  1205.124298: rtg_try_acquire_lock: rtg_preemptor: comm=deepPicar rtgid=1001 tgid=3731 pid=3731 prio=93
        tau_rt_3-3777  [004] dn.3  1205.124301: rtg_try_acquire_lock: rtg_preemptee: comm=tau_rt_3 rtgid=1002 tgid=3766 pid=3777 prio=94
       deepPicar-3769  [000] dn.3  1205.124311: rtg_try_acquire_lock: rtg_block: comm=deepPicar rtgid=1002 tgid=3762 pid=3769 prio=94
        tau_rt_4-3761  [000] ...1  1205.124447: tracing_mark_write: gid=1001: job_start
       deepPicar-3732  [005] d..3  1205.144443: rtg_try_acquire_lock: rtg_block: comm=tau_rt_4 rtgid=1002 tgid=3767 pid=3778 prio=94
       deepPicar-3731  [004] d..3  1205.144448: rtg_try_acquire_lock: rtg_block: comm=tau_rt_3 rtgid=1002 tgid=3766 pid=3777 prio=94
       deepPicar-3730  [003] d..3  1205.144452: rtg_try_acquire_lock: rtg_block: comm=tau_rt_2 rtgid=1002 tgid=3765 pid=3779 prio=94
        tau_rt_4-3761  [000] d..3  1205.144667: rtg_try_release_lock: rtg_release: comm=tau_rt_4 rtgid=1001 tgid=3727 pid=3761 prio=93
          <idle>-0     [005] dn.3  1205.144670: rtg_try_acquire_lock: rtg_acquire: comm=tau_rt_4 rtgid=1002 tgid=3767 pid=3778 prio=94
       deepPicar-3762  [000] ...1  1205.169333: tracing_mark_write: gid=1002: job_start
        tau_rt_4-3778  [005] dn.3  1205.174300: rtg_try_acquire_lock: rtg_preemptor: comm=deepPicar rtgid=1001 tgid=3732 pid=3732 prio=93
        tau_rt_4-3778  [005] dn.3  1205.174303: rtg_try_acquire_lock: rtg_preemptee: comm=tau_rt_4 rtgid=1002 tgid=3767 pid=3778 prio=94
       deepPicar-3769  [000] dn.3  1205.174315: rtg_try_acquire_lock: rtg_block: comm=deepPicar rtgid=1002 tgid=3762 pid=3769 prio=94
        tau_rt_4-3761  [000] ...1  1205.174450: tracing_mark_write: gid=1001: job_start
       deepPicar-3731  [004] d..3  1205.193998: rtg_try_acquire_lock: rtg_block: comm=tau_rt_3 rtgid=1002 tgid=3766 pid=3777 prio=94
       deepPicar-3730  [003] d..3  1205.194002: rtg_try_acquire_lock: rtg_block: comm=tau_rt_2 rtgid=1002 tgid=3765 pid=3779 prio=94
       deepPicar-3732  [005] d..3  1205.194006: rtg_try_acquire_lock: rtg_block: comm=tau_rt_4 rtgid=1002 tgid=3767 pid=3778 prio=94
        tau_rt_4-3761  [000] d..3  1205.194555: rtg_try_release_lock: rtg_release: comm=tau_rt_4 rtgid=1001 tgid=3727 pid=3761 prio=93
          <idle>-0     [004] dn.3  1205.194557: rtg_try_acquire_lock: rtg_acquire: comm=tau_rt_3 rtgid=1002 tgid=3766 pid=3777 prio=94
       deepPicar-3762  [000] ...1  1205.219250: tracing_mark_write: gid=1002: job_start
        tau_rt_4-3778  [005] dn.3  1205.224299: rtg_try_acquire_lock: rtg_preemptor: comm=deepPicar rtgid=1001 tgid=3732 pid=3732 prio=93
        tau_rt_4-3778  [005] dn.3  1205.224301: rtg_try_acquire_lock: rtg_preemptee: comm=tau_rt_3 rtgid=1002 tgid=3766 pid=3777 prio=94
       deepPicar-3769  [000] dn.3  1205.224311: rtg_try_acquire_lock: rtg_block: comm=deepPicar rtgid=1002 tgid=3762 pid=3769 prio=94
        tau_rt_4-3761  [000] ...1  1205.224448: tracing_mark_write: gid=1001: job_start
       deepPicar-3731  [004] d..3  1205.244414: rtg_try_acquire_lock: rtg_block: comm=tau_rt_3 rtgid=1002 tgid=3766 pid=3777 prio=94
       deepPicar-3730  [003] d..3  1205.244418: rtg_try_acquire_lock: rtg_block: comm=tau_rt_2 rtgid=1002 tgid=3765 pid=3779 prio=94
       deepPicar-3732  [005] d..3  1205.244421: rtg_try_acquire_lock: rtg_block: comm=tau_rt_4 rtgid=1002 tgid=3767 pid=3778 prio=94
        tau_rt_4-3761  [000] d..3  1205.244659: rtg_try_release_lock: rtg_release: comm=tau_rt_4 rtgid=1001 tgid=3727 pid=3761 prio=93
          <idle>-0     [004] dn.3  1205.244662: rtg_try_acquire_lock: rtg_acquire: comm=tau_rt_3 rtgid=1002 tgid=3766 pid=3777 prio=94
       deepPicar-3762  [000] ...1  1205.269587: tracing_mark_write: gid=1002: job_start
        tau_rt_3-3777  [004] dn.3  1205.274302: rtg_try_acquire_lock: rtg_preemptor: comm=deepPicar rtgid=1001 tgid=3731 pid=3731 prio=93
        tau_rt_3-3777  [004] dn.3  1205.274305: rtg_try_acquire_lock: rtg_preemptee: comm=tau_rt_3 rtgid=1002 tgid=3766 pid=3777 prio=94
       deepPicar-3769  [000] dn.3  1205.274317: rtg_try_acquire_lock: rtg_block: comm=deepPicar rtgid=1002 tgid=3762 pid=3769 prio=94
        tau_rt_4-3761  [000] ...1  1205.274452: tracing_mark_write: gid=1001: job_start
       deepPicar-3731  [004] d..3  1205.294406: rtg_try_acquire_lock: rtg_block: comm=tau_rt_3 rtgid=1002 tgid=3766 pid=3777 prio=94
       deepPicar-3732  [005] d..3  1205.294411: rtg_try_acquire_lock: rtg_block: comm=tau_rt_4 rtgid=1002 tgid=3767 pid=3778 prio=94
       deepPicar-3730  [003] d..3  1205.294414: rtg_try_acquire_lock: rtg_block: comm=tau_rt_2 rtgid=1002 tgid=3765 pid=3779 prio=94
        tau_rt_4-3761  [000] d..3  1205.294651: rtg_try_release_lock: rtg_release: comm=tau_rt_4 rtgid=1001 tgid=3727 pid=3761 prio=93
          <idle>-0     [004] dn.3  1205.294654: rtg_try_acquire_lock: rtg_acquire: comm=tau_rt_3 rtgid=1002 tgid=3766 pid=3777 prio=94
       deepPicar-3762  [000] ...1  1205.319972: tracing_mark_write: gid=1002: job_start
        tau_rt_4-3778  [005] dn.3  1205.324300: rtg_try_acquire_lock: rtg_preemptor: comm=deepPicar rtgid=1001 tgid=3732 pid=3732 prio=93
        tau_rt_4-3778  [005] dn.3  1205.324303: rtg_try_acquire_lock: rtg_preemptee: comm=tau_rt_3 rtgid=1002 tgid=3766 pid=3777 prio=94
       deepPicar-3769  [000] dn.3  1205.324313: rtg_try_acquire_lock: rtg_block: comm=deepPicar rtgid=1002 tgid=3762 pid=3769 prio=94
        tau_rt_4-3761  [000] ...1  1205.324447: tracing_mark_write: gid=1001: job_start
       deepPicar-3730  [003] d..3  1205.344079: rtg_try_acquire_lock: rtg_block: comm=tau_rt_2 rtgid=1002 tgid=3765 pid=3779 prio=94
       deepPicar-3731  [004] d..3  1205.344083: rtg_try_acquire_lock: rtg_block: comm=tau_rt_3 rtgid=1002 tgid=3766 pid=3777 prio=94
       deepPicar-3732  [005] d..3  1205.344086: rtg_try_acquire_lock: rtg_block: comm=tau_rt_4 rtgid=1002 tgid=3767 pid=3778 prio=94
        tau_rt_4-3761  [000] d..3  1205.344685: rtg_try_release_lock: rtg_release: comm=tau_rt_4 rtgid=1001 tgid=3727 pid=3761 prio=93
          <idle>-0     [004] dn.3  1205.344688: rtg_try_acquire_lock: rtg_acquire: comm=tau_rt_3 rtgid=1002 tgid=3766 pid=3777 prio=94
       deepPicar-3762  [000] ...1  1205.369960: tracing_mark_write: gid=1002: job_start
        tau_rt_4-3778  [005] dn.3  1205.374300: rtg_try_acquire_lock: rtg_preemptor: comm=deepPicar rtgid=1001 tgid=3732 pid=3732 prio=93
        tau_rt_4-3778  [005] dn.3  1205.374302: rtg_try_acquire_lock: rtg_preemptee: comm=tau_rt_3 rtgid=1002 tgid=3766 pid=3777 prio=94
       deepPicar-3769  [000] dn.3  1205.374317: rtg_try_acquire_lock: rtg_block: comm=deepPicar rtgid=1002 tgid=3762 pid=3769 prio=94
        tau_rt_4-3761  [000] ...1  1205.374452: tracing_mark_write: gid=1001: job_start
       deepPicar-3730  [003] d..3  1205.394592: rtg_try_release_lock: rtg_release: comm=deepPicar rtgid=1001 tgid=3730 pid=3730 prio=93
       deepPicar-3731  [004] d..3  1205.394596: rtg_try_acquire_lock: rtg_acquire: comm=tau_rt_3 rtgid=1002 tgid=3766 pid=3777 prio=94
       deepPicar-3762  [000] ...1  1205.419606: tracing_mark_write: gid=1002: job_start
        tau_rt_3-3777  [004] dn.3  1205.424297: rtg_try_acquire_lock: rtg_preemptor: comm=deepPicar rtgid=1001 tgid=3731 pid=3731 prio=93
        tau_rt_3-3777  [004] dn.3  1205.424300: rtg_try_acquire_lock: rtg_preemptee: comm=tau_rt_3 rtgid=1002 tgid=3766 pid=3777 prio=94
       deepPicar-3769  [000] dn.3  1205.424309: rtg_try_acquire_lock: rtg_block: comm=deepPicar rtgid=1002 tgid=3762 pid=3769 prio=94
        tau_rt_4-3761  [000] ...1  1205.424450: tracing_mark_write: gid=1001: job_start
       deepPicar-3730  [003] d..3  1205.444061: rtg_try_acquire_lock: rtg_block: comm=tau_rt_2 rtgid=1002 tgid=3765 pid=3779 prio=94
       deepPicar-3731  [004] d..3  1205.444065: rtg_try_acquire_lock: rtg_block: comm=tau_rt_3 rtgid=1002 tgid=3766 pid=3777 prio=94
       deepPicar-3732  [005] d..3  1205.444069: rtg_try_acquire_lock: rtg_block: comm=tau_rt_4 rtgid=1002 tgid=3767 pid=3778 prio=94
        tau_rt_4-3761  [000] d..3  1205.444746: rtg_try_release_lock: rtg_release: comm=tau_rt_4 rtgid=1001 tgid=3727 pid=3761 prio=93
          <idle>-0     [004] dn.3  1205.444749: rtg_try_acquire_lock: rtg_acquire: comm=tau_rt_3 rtgid=1002 tgid=3766 pid=3777 prio=94
       deepPicar-3762  [000] ...1  1205.469624: tracing_mark_write: gid=1002: job_start
        tau_rt_4-3778  [005] dn.3  1205.474299: rtg_try_acquire_lock: rtg_preemptor: comm=deepPicar rtgid=1001 tgid=3732 pid=3732 prio=93
        tau_rt_4-3778  [005] dn.3  1205.474301: rtg_try_acquire_lock: rtg_preemptee: comm=tau_rt_3 rtgid=1002 tgid=3766 pid=3777 prio=94
       deepPicar-3769  [000] dn.3  1205.474315: rtg_try_acquire_lock: rtg_block: comm=deepPicar rtgid=1002 tgid=3762 pid=3769 prio=94
        tau_rt_4-3761  [000] ...1  1205.474449: tracing_mark_write: gid=1001: job_start
       deepPicar-3732  [005] d..3  1205.494501: rtg_try_acquire_lock: rtg_block: comm=tau_rt_4 rtgid=1002 tgid=3767 pid=3778 prio=94
       deepPicar-3731  [004] d..3  1205.494505: rtg_try_acquire_lock: rtg_block: comm=tau_rt_3 rtgid=1002 tgid=3766 pid=3777 prio=94
       deepPicar-3730  [003] d..3  1205.494508: rtg_try_acquire_lock: rtg_block: comm=tau_rt_2 rtgid=1002 tgid=3765 pid=3779 prio=94
        tau_rt_4-3761  [000] d..3  1205.494670: rtg_try_release_lock: rtg_release: comm=tau_rt_4 rtgid=1001 tgid=3727 pid=3761 prio=93
          <idle>-0     [004] dn.3  1205.494673: rtg_try_acquire_lock: rtg_acquire: comm=tau_rt_3 rtgid=1002 tgid=3766 pid=3777 prio=94
       deepPicar-3762  [000] ...1  1205.519725: tracing_mark_write: gid=1002: job_start
        tau_rt_3-3777  [004] dn.3  1205.524298: rtg_try_acquire_lock: rtg_preemptor: comm=deepPicar rtgid=1001 tgid=3731 pid=3731 prio=93
        tau_rt_3-3777  [004] dn.3  1205.524301: rtg_try_acquire_lock: rtg_preemptee: comm=tau_rt_3 rtgid=1002 tgid=3766 pid=3777 prio=94
       deepPicar-3769  [000] dn.3  1205.524310: rtg_try_acquire_lock: rtg_block: comm=deepPicar rtgid=1002 tgid=3762 pid=3769 prio=94
        tau_rt_4-3761  [000] ...1  1205.524448: tracing_mark_write: gid=1001: job_start
       deepPicar-3730  [003] d..3  1205.544039: rtg_try_acquire_lock: rtg_block: comm=tau_rt_2 rtgid=1002 tgid=3765 pid=3779 prio=94
       deepPicar-3731  [004] d..3  1205.544043: rtg_try_acquire_lock: rtg_block: comm=tau_rt_3 rtgid=1002 tgid=3766 pid=3777 prio=94
       deepPicar-3732  [005] d..3  1205.544047: rtg_try_acquire_lock: rtg_block: comm=tau_rt_4 rtgid=1002 tgid=3767 pid=3778 prio=94
        tau_rt_4-3761  [000] d..3  1205.544755: rtg_try_release_lock: rtg_release: comm=tau_rt_4 rtgid=1001 tgid=3727 pid=3761 prio=93
          <idle>-0     [004] dn.3  1205.544758: rtg_try_acquire_lock: rtg_acquire: comm=tau_rt_3 rtgid=1002 tgid=3766 pid=3777 prio=94
       deepPicar-3762  [000] ...1  1205.569947: tracing_mark_write: gid=1002: job_start
        tau_rt_3-3777  [004] dn.3  1205.574297: rtg_try_acquire_lock: rtg_preemptor: comm=deepPicar rtgid=1001 tgid=3731 pid=3731 prio=93
        tau_rt_3-3777  [004] dn.3  1205.574300: rtg_try_acquire_lock: rtg_preemptee: comm=tau_rt_3 rtgid=1002 tgid=3766 pid=3777 prio=94
       deepPicar-3769  [000] dn.3  1205.574313: rtg_try_acquire_lock: rtg_block: comm=deepPicar rtgid=1002 tgid=3762 pid=3769 prio=94
        tau_rt_4-3761  [000] ...1  1205.574451: tracing_mark_write: gid=1001: job_start
       deepPicar-3732  [005] d..3  1205.594356: rtg_try_acquire_lock: rtg_block: comm=tau_rt_4 rtgid=1002 tgid=3767 pid=3778 prio=94
       deepPicar-3731  [004] d..3  1205.594360: rtg_try_acquire_lock: rtg_block: comm=tau_rt_3 rtgid=1002 tgid=3766 pid=3777 prio=94
       deepPicar-3730  [003] d..3  1205.594363: rtg_try_acquire_lock: rtg_block: comm=tau_rt_2 rtgid=1002 tgid=3765 pid=3779 prio=94
        tau_rt_4-3761  [000] d..3  1205.594656: rtg_try_release_lock: rtg_release: comm=tau_rt_4 rtgid=1001 tgid=3727 pid=3761 prio=93
          <idle>-0     [004] dn.3  1205.594659: rtg_try_acquire_lock: rtg_acquire: comm=tau_rt_3 rtgid=1002 tgid=3766 pid=3777 prio=94
       deepPicar-3762  [000] ...1  1205.619786: tracing_mark_write: gid=1002: job_start
        tau_rt_3-3777  [004] dn.3  1205.624298: rtg_try_acquire_lock: rtg_preemptor: comm=deepPicar rtgid=1001 tgid=3731 pid=3731 prio=93
        tau_rt_3-3777  [004] dn.3  1205.624300: rtg_try_acquire_lock: rtg_preemptee: comm=tau_rt_3 rtgid=1002 tgid=3766 pid=3777 prio=94
       deepPicar-3769  [000] dn.3  1205.624309: rtg_try_acquire_lock: rtg_block: comm=deepPicar rtgid=1002 tgid=3762 pid=3769 prio=94
        tau_rt_4-3761  [000] ...1  1205.624449: tracing_mark_write: gid=1001: job_start
       deepPicar-3732  [005] d..3  1205.643881: rtg_try_acquire_lock: rtg_block: comm=tau_rt_4 rtgid=1002 tgid=3767 pid=3778 prio=94
       deepPicar-3730  [003] d..3  1205.643886: rtg_try_acquire_lock: rtg_block: comm=tau_rt_2 rtgid=1002 tgid=3765 pid=3779 prio=94
       deepPicar-3731  [004] d..3  1205.643889: rtg_try_acquire_lock: rtg_block: comm=tau_rt_3 rtgid=1002 tgid=3766 pid=3777 prio=94
        tau_rt_4-3761  [000] d..3  1205.644584: rtg_try_release_lock: rtg_release: comm=tau_rt_4 rtgid=1001 tgid=3727 pid=3761 prio=93
          <idle>-0     [004] dn.3  1205.644587: rtg_try_acquire_lock: rtg_acquire: comm=tau_rt_3 rtgid=1002 tgid=3766 pid=3777 prio=94
       deepPicar-3762  [000] ...1  1205.669376: tracing_mark_write: gid=1002: job_start
        tau_rt_4-3778  [005] dn.3  1205.674301: rtg_try_acquire_lock: rtg_preemptor: comm=deepPicar rtgid=1001 tgid=3732 pid=3732 prio=93
        tau_rt_4-3778  [005] dn.3  1205.674303: rtg_try_acquire_lock: rtg_preemptee: comm=tau_rt_3 rtgid=1002 tgid=3766 pid=3777 prio=94
       deepPicar-3769  [000] dn.3  1205.674317: rtg_try_acquire_lock: rtg_block: comm=deepPicar rtgid=1002 tgid=3762 pid=3769 prio=94
        tau_rt_4-3761  [000] ...1  1205.674451: tracing_mark_write: gid=1001: job_start
       deepPicar-3732  [005] d..3  1205.694457: rtg_try_acquire_lock: rtg_block: comm=tau_rt_4 rtgid=1002 tgid=3767 pid=3778 prio=94
       deepPicar-3730  [003] d..3  1205.694461: rtg_try_acquire_lock: rtg_block: comm=tau_rt_2 rtgid=1002 tgid=3765 pid=3779 prio=94
       deepPicar-3731  [004] d..3  1205.694465: rtg_try_acquire_lock: rtg_block: comm=tau_rt_3 rtgid=1002 tgid=3766 pid=3777 prio=94
        tau_rt_4-3761  [000] d..3  1205.694630: rtg_try_release_lock: rtg_release: comm=tau_rt_4 rtgid=1001 tgid=3727 pid=3761 prio=93
          <idle>-0     [005] dn.3  1205.694633: rtg_try_acquire_lock: rtg_acquire: comm=tau_rt_4 rtgid=1002 tgid=3767 pid=3778 prio=94
       deepPicar-3762  [000] ...1  1205.719254: tracing_mark_write: gid=1002: job_start
        tau_rt_3-3777  [004] dn.3  1205.724297: rtg_try_acquire_lock: rtg_preemptor: comm=deepPicar rtgid=1001 tgid=3731 pid=3731 prio=93
        tau_rt_3-3777  [004] dn.3  1205.724300: rtg_try_acquire_lock: rtg_preemptee: comm=tau_rt_4 rtgid=1002 tgid=3767 pid=3778 prio=94
       deepPicar-3769  [000] dn.3  1205.724310: rtg_try_acquire_lock: rtg_block: comm=deepPicar rtgid=1002 tgid=3762 pid=3769 prio=94
        tau_rt_4-3761  [000] ...1  1205.724450: tracing_mark_write: gid=1001: job_start
       deepPicar-3731  [004] d..3  1205.744511: rtg_try_acquire_lock: rtg_block: comm=tau_rt_3 rtgid=1002 tgid=3766 pid=3777 prio=94
       deepPicar-3732  [005] d..3  1205.744515: rtg_try_acquire_lock: rtg_block: comm=tau_rt_4 rtgid=1002 tgid=3767 pid=3778 prio=94
       deepPicar-3730  [003] d..3  1205.744518: rtg_try_acquire_lock: rtg_block: comm=tau_rt_2 rtgid=1002 tgid=3765 pid=3779 prio=94
        tau_rt_4-3761  [000] d..3  1205.744620: rtg_try_release_lock: rtg_release: comm=tau_rt_4 rtgid=1001 tgid=3727 pid=3761 prio=93
          <idle>-0     [004] dn.3  1205.744623: rtg_try_acquire_lock: rtg_acquire: comm=tau_rt_3 rtgid=1002 tgid=3766 pid=3777 prio=94
       deepPicar-3762  [000] ...1  1205.769028: tracing_mark_write: gid=1002: job_start
        tau_rt_3-3777  [004] dn.3  1205.774300: rtg_try_acquire_lock: rtg_preemptor: comm=deepPicar rtgid=1001 tgid=3731 pid=3731 prio=93
        tau_rt_3-3777  [004] dn.3  1205.774302: rtg_try_acquire_lock: rtg_preemptee: comm=tau_rt_3 rtgid=1002 tgid=3766 pid=3777 prio=94
       deepPicar-3769  [000] dn.3  1205.774316: rtg_try_acquire_lock: rtg_block: comm=deepPicar rtgid=1002 tgid=3762 pid=3769 prio=94
        tau_rt_4-3761  [000] ...1  1205.774451: tracing_mark_write: gid=1001: job_start
       deepPicar-3731  [004] d..3  1205.793955: rtg_try_acquire_lock: rtg_block: comm=tau_rt_3 rtgid=1002 tgid=3766 pid=3777 prio=94
       deepPicar-3732  [005] d..3  1205.793960: rtg_try_acquire_lock: rtg_block: comm=tau_rt_4 rtgid=1002 tgid=3767 pid=3778 prio=94
       deepPicar-3730  [003] d..3  1205.793963: rtg_try_acquire_lock: rtg_block: comm=tau_rt_2 rtgid=1002 tgid=3765 pid=3779 prio=94
        tau_rt_4-3761  [000] d..3  1205.794490: rtg_try_release_lock: rtg_release: comm=tau_rt_4 rtgid=1001 tgid=3727 pid=3761 prio=93
          <idle>-0     [004] dn.3  1205.794494: rtg_try_acquire_lock: rtg_acquire: comm=tau_rt_3 rtgid=1002 tgid=3766 pid=3777 prio=94
       deepPicar-3769  [000] d..3  1205.818608: rtg_try_release_lock: rtg_release: comm=deepPicar rtgid=1002 tgid=3762 pid=3769 prio=94
       deepPicar-3769  [000] d..3  1205.818611: rtg_try_acquire_lock: rtg_acquire: comm=deepPicar rtgid=1002 tgid=3762 pid=3762 prio=94
       deepPicar-3762  [000] ...1  1205.818765: tracing_mark_write: gid=1002: job_start
        tau_rt_3-3777  [004] dn.3  1205.824297: rtg_try_acquire_lock: rtg_preemptor: comm=deepPicar rtgid=1001 tgid=3731 pid=3731 prio=93
        tau_rt_3-3777  [004] dn.3  1205.824300: rtg_try_acquire_lock: rtg_preemptee: comm=deepPicar rtgid=1002 tgid=3762 pid=3762 prio=94
       deepPicar-3769  [000] dn.3  1205.824309: rtg_try_acquire_lock: rtg_block: comm=deepPicar rtgid=1002 tgid=3762 pid=3769 prio=94
        tau_rt_4-3761  [000] ...1  1205.824447: tracing_mark_write: gid=1001: job_start
       deepPicar-3730  [003] d..3  1205.844548: rtg_try_acquire_lock: rtg_block: comm=tau_rt_2 rtgid=1002 tgid=3765 pid=3779 prio=94
       deepPicar-3731  [004] d..3  1205.844552: rtg_try_acquire_lock: rtg_block: comm=tau_rt_3 rtgid=1002 tgid=3766 pid=3777 prio=94
       deepPicar-3732  [005] d..3  1205.844555: rtg_try_acquire_lock: rtg_block: comm=tau_rt_4 rtgid=1002 tgid=3767 pid=3778 prio=94
        tau_rt_4-3761  [000] d..3  1205.844709: rtg_try_release_lock: rtg_release: comm=tau_rt_4 rtgid=1001 tgid=3727 pid=3761 prio=93
          <idle>-0     [003] dn.3  1205.844711: rtg_try_acquire_lock: rtg_acquire: comm=tau_rt_2 rtgid=1002 tgid=3765 pid=3779 prio=94
       deepPicar-3769  [000] d..3  1205.868662: rtg_try_release_lock: rtg_release: comm=deepPicar rtgid=1002 tgid=3762 pid=3769 prio=94
       deepPicar-3769  [000] d..3  1205.868666: rtg_try_acquire_lock: rtg_acquire: comm=deepPicar rtgid=1002 tgid=3762 pid=3762 prio=94
       deepPicar-3762  [000] ...1  1205.868850: tracing_mark_write: gid=1002: job_start
        tau_rt_3-3777  [004] dn.3  1205.874300: rtg_try_acquire_lock: rtg_preemptor: comm=deepPicar rtgid=1001 tgid=3731 pid=3731 prio=93
        tau_rt_3-3777  [004] dn.3  1205.874303: rtg_try_acquire_lock: rtg_preemptee: comm=deepPicar rtgid=1002 tgid=3762 pid=3762 prio=94
       deepPicar-3769  [000] dn.3  1205.874316: rtg_try_acquire_lock: rtg_block: comm=deepPicar rtgid=1002 tgid=3762 pid=3769 prio=94
        tau_rt_4-3761  [000] ...1  1205.874450: tracing_mark_write: gid=1001: job_start
       deepPicar-3731  [004] d..3  1205.894183: rtg_try_acquire_lock: rtg_block: comm=tau_rt_3 rtgid=1002 tgid=3766 pid=3777 prio=94
       deepPicar-3732  [005] d..3  1205.894188: rtg_try_acquire_lock: rtg_block: comm=tau_rt_4 rtgid=1002 tgid=3767 pid=3778 prio=94
       deepPicar-3730  [003] d..3  1205.894191: rtg_try_acquire_lock: rtg_block: comm=tau_rt_2 rtgid=1002 tgid=3765 pid=3779 prio=94
        tau_rt_4-3761  [000] d..3  1205.894778: rtg_try_release_lock: rtg_release: comm=tau_rt_4 rtgid=1001 tgid=3727 pid=3761 prio=93
          <idle>-0     [004] dn.3  1205.894781: rtg_try_acquire_lock: rtg_acquire: comm=tau_rt_3 rtgid=1002 tgid=3766 pid=3777 prio=94
       deepPicar-3762  [000] ...1  1205.919291: tracing_mark_write: gid=1002: job_start
        tau_rt_4-3778  [005] dn.3  1205.924299: rtg_try_acquire_lock: rtg_preemptor: comm=deepPicar rtgid=1001 tgid=3732 pid=3732 prio=93
        tau_rt_4-3778  [005] dn.3  1205.924301: rtg_try_acquire_lock: rtg_preemptee: comm=tau_rt_3 rtgid=1002 tgid=3766 pid=3777 prio=94
       deepPicar-3769  [000] dn.3  1205.924311: rtg_try_acquire_lock: rtg_block: comm=deepPicar rtgid=1002 tgid=3762 pid=3769 prio=94
        tau_rt_4-3761  [000] ...1  1205.924449: tracing_mark_write: gid=1001: job_start
       deepPicar-3731  [004] d..3  1205.944387: rtg_try_acquire_lock: rtg_block: comm=tau_rt_3 rtgid=1002 tgid=3766 pid=3777 prio=94
       deepPicar-3732  [005] d..3  1205.944391: rtg_try_acquire_lock: rtg_block: comm=tau_rt_4 rtgid=1002 tgid=3767 pid=3778 prio=94
       deepPicar-3730  [003] d..3  1205.944394: rtg_try_acquire_lock: rtg_block: comm=tau_rt_2 rtgid=1002 tgid=3765 pid=3779 prio=94
        tau_rt_4-3761  [000] d..3  1205.944600: rtg_try_release_lock: rtg_release: comm=tau_rt_4 rtgid=1001 tgid=3727 pid=3761 prio=93
          <idle>-0     [004] dn.3  1205.944603: rtg_try_acquire_lock: rtg_acquire: comm=tau_rt_3 rtgid=1002 tgid=3766 pid=3777 prio=94
       deepPicar-3762  [000] ...1  1205.968853: tracing_mark_write: gid=1002: job_start
        tau_rt_3-3777  [004] dn.3  1205.974302: rtg_try_acquire_lock: rtg_preemptor: comm=deepPicar rtgid=1001 tgid=3731 pid=3731 prio=93
        tau_rt_3-3777  [004] dn.3  1205.974304: rtg_try_acquire_lock: rtg_preemptee: comm=tau_rt_3 rtgid=1002 tgid=3766 pid=3777 prio=94
       deepPicar-3769  [000] dn.3  1205.974317: rtg_try_acquire_lock: rtg_block: comm=deepPicar rtgid=1002 tgid=3762 pid=3769 prio=94
        tau_rt_4-3761  [000] ...1  1205.974451: tracing_mark_write: gid=1001: job_start
       deepPicar-3731  [004] d..3  1205.994569: rtg_try_acquire_lock: rtg_block: comm=tau_rt_3 rtgid=1002 tgid=3766 pid=3777 prio=94
       deepPicar-3730  [003] d..3  1205.994573: rtg_try_acquire_lock: rtg_block: comm=tau_rt_2 rtgid=1002 tgid=3765 pid=3779 prio=94
       deepPicar-3732  [005] d..3  1205.994577: rtg_try_acquire_lock: rtg_block: comm=tau_rt_4 rtgid=1002 tgid=3767 pid=3778 prio=94
        tau_rt_4-3761  [000] d..3  1205.994632: rtg_try_release_lock: rtg_release: comm=tau_rt_4 rtgid=1001 tgid=3727 pid=3761 prio=93
          <idle>-0     [004] dn.3  1205.994635: rtg_try_acquire_lock: rtg_acquire: comm=tau_rt_3 rtgid=1002 tgid=3766 pid=3777 prio=94
       deepPicar-3762  [000] ...1  1206.019188: tracing_mark_write: gid=1002: job_start
        tau_rt_3-3777  [004] dn.3  1206.024298: rtg_try_acquire_lock: rtg_preemptor: comm=deepPicar rtgid=1001 tgid=3731 pid=3731 prio=93
        tau_rt_3-3777  [004] dn.3  1206.024301: rtg_try_acquire_lock: rtg_preemptee: comm=tau_rt_3 rtgid=1002 tgid=3766 pid=3777 prio=94
       deepPicar-3769  [000] dn.3  1206.024311: rtg_try_acquire_lock: rtg_block: comm=deepPicar rtgid=1002 tgid=3762 pid=3769 prio=94
        tau_rt_4-3761  [000] ...1  1206.024450: tracing_mark_write: gid=1001: job_start
       deepPicar-3731  [004] d..3  1206.043936: rtg_try_acquire_lock: rtg_block: comm=tau_rt_3 rtgid=1002 tgid=3766 pid=3777 prio=94
       deepPicar-3730  [003] d..3  1206.043941: rtg_try_acquire_lock: rtg_block: comm=tau_rt_2 rtgid=1002 tgid=3765 pid=3779 prio=94
       deepPicar-3732  [005] d..3  1206.043944: rtg_try_acquire_lock: rtg_block: comm=tau_rt_4 rtgid=1002 tgid=3767 pid=3778 prio=94
        tau_rt_4-3761  [000] d..3  1206.044606: rtg_try_release_lock: rtg_release: comm=tau_rt_4 rtgid=1001 tgid=3727 pid=3761 prio=93
          <idle>-0     [004] dn.3  1206.044609: rtg_try_acquire_lock: rtg_acquire: comm=tau_rt_3 rtgid=1002 tgid=3766 pid=3777 prio=94
       deepPicar-3762  [000] ...1  1206.069346: tracing_mark_write: gid=1002: job_start
        tau_rt_4-3778  [005] dn.3  1206.074302: rtg_try_acquire_lock: rtg_preemptor: comm=deepPicar rtgid=1001 tgid=3732 pid=3732 prio=93
        tau_rt_4-3778  [005] dn.3  1206.074304: rtg_try_acquire_lock: rtg_preemptee: comm=tau_rt_3 rtgid=1002 tgid=3766 pid=3777 prio=94
       deepPicar-3769  [000] dn.3  1206.074317: rtg_try_acquire_lock: rtg_block: comm=deepPicar rtgid=1002 tgid=3762 pid=3769 prio=94
        tau_rt_4-3761  [000] ...1  1206.074451: tracing_mark_write: gid=1001: job_start
       deepPicar-3731  [004] d..3  1206.094496: rtg_try_acquire_lock: rtg_block: comm=tau_rt_3 rtgid=1002 tgid=3766 pid=3777 prio=94
       deepPicar-3732  [005] d..3  1206.094501: rtg_try_acquire_lock: rtg_block: comm=tau_rt_4 rtgid=1002 tgid=3767 pid=3778 prio=94
       deepPicar-3730  [003] d..3  1206.094504: rtg_try_acquire_lock: rtg_block: comm=tau_rt_2 rtgid=1002 tgid=3765 pid=3779 prio=94
        tau_rt_4-3761  [000] d..3  1206.094711: rtg_try_release_lock: rtg_release: comm=tau_rt_4 rtgid=1001 tgid=3727 pid=3761 prio=93
          <idle>-0     [004] dn.3  1206.094714: rtg_try_acquire_lock: rtg_acquire: comm=tau_rt_3 rtgid=1002 tgid=3766 pid=3777 prio=94
       deepPicar-3762  [000] ...1  1206.119313: tracing_mark_write: gid=1002: job_start
        tau_rt_3-3777  [004] dn.3  1206.124299: rtg_try_acquire_lock: rtg_preemptor: comm=deepPicar rtgid=1001 tgid=3731 pid=3731 prio=93
        tau_rt_3-3777  [004] dn.3  1206.124302: rtg_try_acquire_lock: rtg_preemptee: comm=tau_rt_3 rtgid=1002 tgid=3766 pid=3777 prio=94
       deepPicar-3769  [000] dn.3  1206.124312: rtg_try_acquire_lock: rtg_block: comm=deepPicar rtgid=1002 tgid=3762 pid=3769 prio=94
        tau_rt_4-3761  [000] ...1  1206.124448: tracing_mark_write: gid=1001: job_start
       deepPicar-3732  [005] d..3  1206.144017: rtg_try_acquire_lock: rtg_block: comm=tau_rt_4 rtgid=1002 tgid=3767 pid=3778 prio=94
       deepPicar-3731  [004] d..3  1206.144021: rtg_try_acquire_lock: rtg_block: comm=tau_rt_3 rtgid=1002 tgid=3766 pid=3777 prio=94
       deepPicar-3730  [003] d..3  1206.144025: rtg_try_acquire_lock: rtg_block: comm=tau_rt_2 rtgid=1002 tgid=3765 pid=3779 prio=94
        tau_rt_4-3761  [000] d..3  1206.144599: rtg_try_release_lock: rtg_release: comm=tau_rt_4 rtgid=1001 tgid=3727 pid=3761 prio=93
          <idle>-0     [004] dn.3  1206.144603: rtg_try_acquire_lock: rtg_acquire: comm=tau_rt_3 rtgid=1002 tgid=3766 pid=3777 prio=94
       deepPicar-3762  [000] ...1  1206.169310: tracing_mark_write: gid=1002: job_start
        tau_rt_3-3777  [004] dn.3  1206.174300: rtg_try_acquire_lock: rtg_preemptor: comm=deepPicar rtgid=1001 tgid=3731 pid=3731 prio=93
        tau_rt_3-3777  [004] dn.3  1206.174302: rtg_try_acquire_lock: rtg_preemptee: comm=tau_rt_3 rtgid=1002 tgid=3766 pid=3777 prio=94
       deepPicar-3769  [000] dn.3  1206.174317: rtg_try_acquire_lock: rtg_block: comm=deepPicar rtgid=1002 tgid=3762 pid=3769 prio=94
        tau_rt_4-3761  [000] ...1  1206.174450: tracing_mark_write: gid=1001: job_start
       deepPicar-3732  [005] d..3  1206.193909: rtg_try_acquire_lock: rtg_block: comm=tau_rt_4 rtgid=1002 tgid=3767 pid=3778 prio=94
       deepPicar-3730  [003] d..3  1206.193913: rtg_try_acquire_lock: rtg_block: comm=tau_rt_2 rtgid=1002 tgid=3765 pid=3779 prio=94
       deepPicar-3731  [004] d..3  1206.193916: rtg_try_acquire_lock: rtg_block: comm=tau_rt_3 rtgid=1002 tgid=3766 pid=3777 prio=94
        tau_rt_4-3761  [000] d..3  1206.194587: rtg_try_release_lock: rtg_release: comm=tau_rt_4 rtgid=1001 tgid=3727 pid=3761 prio=93
          <idle>-0     [004] dn.3  1206.194591: rtg_try_acquire_lock: rtg_acquire: comm=tau_rt_3 rtgid=1002 tgid=3766 pid=3777 prio=94
       deepPicar-3762  [000] ...1  1206.219050: tracing_mark_write: gid=1002: job_start
        tau_rt_3-3777  [004] dn.3  1206.224298: rtg_try_acquire_lock: rtg_preemptor: comm=deepPicar rtgid=1001 tgid=3731 pid=3731 prio=93
        tau_rt_3-3777  [004] dn.3  1206.224301: rtg_try_acquire_lock: rtg_preemptee: comm=tau_rt_3 rtgid=1002 tgid=3766 pid=3777 prio=94
       deepPicar-3769  [000] dn.3  1206.224310: rtg_try_acquire_lock: rtg_block: comm=deepPicar rtgid=1002 tgid=3762 pid=3769 prio=94
        tau_rt_4-3761  [000] ...1  1206.224449: tracing_mark_write: gid=1001: job_start
       deepPicar-3731  [004] d..3  1206.244595: rtg_try_acquire_lock: rtg_block: comm=tau_rt_3 rtgid=1002 tgid=3766 pid=3777 prio=94
       deepPicar-3732  [005] d..3  1206.244599: rtg_try_acquire_lock: rtg_block: comm=tau_rt_4 rtgid=1002 tgid=3767 pid=3778 prio=94
       deepPicar-3730  [003] d..3  1206.244602: rtg_try_acquire_lock: rtg_block: comm=tau_rt_2 rtgid=1002 tgid=3765 pid=3779 prio=94
        tau_rt_4-3761  [000] d..3  1206.244717: rtg_try_release_lock: rtg_release: comm=tau_rt_4 rtgid=1001 tgid=3727 pid=3761 prio=93
          <idle>-0     [005] dn.3  1206.244720: rtg_try_acquire_lock: rtg_acquire: comm=tau_rt_4 rtgid=1002 tgid=3767 pid=3778 prio=94
       deepPicar-3769  [000] d..3  1206.268603: rtg_try_release_lock: rtg_release: comm=deepPicar rtgid=1002 tgid=3762 pid=3769 prio=94
       deepPicar-3769  [000] d..3  1206.268606: rtg_try_acquire_lock: rtg_acquire: comm=deepPicar rtgid=1002 tgid=3762 pid=3762 prio=94
       deepPicar-3762  [000] ...1  1206.268762: tracing_mark_write: gid=1002: job_start
        tau_rt_3-3777  [004] dn.3  1206.274300: rtg_try_acquire_lock: rtg_preemptor: comm=deepPicar rtgid=1001 tgid=3731 pid=3731 prio=93
        tau_rt_3-3777  [004] dn.3  1206.274303: rtg_try_acquire_lock: rtg_preemptee: comm=deepPicar rtgid=1002 tgid=3762 pid=3762 prio=94
       deepPicar-3769  [000] dn.3  1206.274315: rtg_try_acquire_lock: rtg_block: comm=deepPicar rtgid=1002 tgid=3762 pid=3769 prio=94
        tau_rt_4-3761  [000] ...1  1206.274451: tracing_mark_write: gid=1001: job_start
       deepPicar-3731  [004] d..3  1206.294379: rtg_try_acquire_lock: rtg_block: comm=tau_rt_3 rtgid=1002 tgid=3766 pid=3777 prio=94
       deepPicar-3732  [005] d..3  1206.294383: rtg_try_acquire_lock: rtg_block: comm=tau_rt_4 rtgid=1002 tgid=3767 pid=3778 prio=94
       deepPicar-3730  [003] d..3  1206.294387: rtg_try_acquire_lock: rtg_block: comm=tau_rt_2 rtgid=1002 tgid=3765 pid=3779 prio=94
        tau_rt_4-3761  [000] d..3  1206.294636: rtg_try_release_lock: rtg_release: comm=tau_rt_4 rtgid=1001 tgid=3727 pid=3761 prio=93
          <idle>-0     [004] dn.3  1206.294638: rtg_try_acquire_lock: rtg_acquire: comm=tau_rt_3 rtgid=1002 tgid=3766 pid=3777 prio=94
       deepPicar-3762  [000] ...1  1206.319231: tracing_mark_write: gid=1002: job_start
        tau_rt_3-3777  [004] dn.3  1206.324299: rtg_try_acquire_lock: rtg_preemptor: comm=deepPicar rtgid=1001 tgid=3731 pid=3731 prio=93
        tau_rt_3-3777  [004] dn.3  1206.324301: rtg_try_acquire_lock: rtg_preemptee: comm=tau_rt_3 rtgid=1002 tgid=3766 pid=3777 prio=94
       deepPicar-3769  [000] dn.3  1206.324310: rtg_try_acquire_lock: rtg_block: comm=deepPicar rtgid=1002 tgid=3762 pid=3769 prio=94
        tau_rt_4-3761  [000] ...1  1206.324447: tracing_mark_write: gid=1001: job_start
       deepPicar-3731  [004] d..3  1206.344394: rtg_try_acquire_lock: rtg_block: comm=tau_rt_3 rtgid=1002 tgid=3766 pid=3777 prio=94
       deepPicar-3730  [003] d..3  1206.344398: rtg_try_acquire_lock: rtg_block: comm=tau_rt_2 rtgid=1002 tgid=3765 pid=3779 prio=94
       deepPicar-3732  [005] d..3  1206.344401: rtg_try_acquire_lock: rtg_block: comm=tau_rt_4 rtgid=1002 tgid=3767 pid=3778 prio=94
        tau_rt_4-3761  [000] d..3  1206.344615: rtg_try_release_lock: rtg_release: comm=tau_rt_4 rtgid=1001 tgid=3727 pid=3761 prio=93
          <idle>-0     [005] dn.3  1206.344619: rtg_try_acquire_lock: rtg_acquire: comm=tau_rt_4 rtgid=1002 tgid=3767 pid=3778 prio=94
       deepPicar-3762  [000] ...1  1206.369223: tracing_mark_write: gid=1002: job_start
        tau_rt_3-3777  [004] dn.3  1206.374300: rtg_try_acquire_lock: rtg_preemptor: comm=deepPicar rtgid=1001 tgid=3731 pid=3731 prio=93
        tau_rt_3-3777  [004] dn.3  1206.374303: rtg_try_acquire_lock: rtg_preemptee: comm=tau_rt_4 rtgid=1002 tgid=3767 pid=3778 prio=94
       deepPicar-3769  [000] dn.3  1206.374317: rtg_try_acquire_lock: rtg_block: comm=deepPicar rtgid=1002 tgid=3762 pid=3769 prio=94
        tau_rt_4-3761  [000] ...1  1206.374453: tracing_mark_write: gid=1001: job_start
       deepPicar-3730  [003] d..3  1206.394331: rtg_try_acquire_lock: rtg_block: comm=tau_rt_2 rtgid=1002 tgid=3765 pid=3779 prio=94
       deepPicar-3731  [004] d..3  1206.394336: rtg_try_acquire_lock: rtg_block: comm=tau_rt_3 rtgid=1002 tgid=3766 pid=3777 prio=94
       deepPicar-3732  [005] d..3  1206.394339: rtg_try_acquire_lock: rtg_block: comm=tau_rt_4 rtgid=1002 tgid=3767 pid=3778 prio=94
        tau_rt_4-3761  [000] d..3  1206.394602: rtg_try_release_lock: rtg_release: comm=tau_rt_4 rtgid=1001 tgid=3727 pid=3761 prio=93
          <idle>-0     [004] dn.3  1206.394605: rtg_try_acquire_lock: rtg_acquire: comm=tau_rt_3 rtgid=1002 tgid=3766 pid=3777 prio=94
       deepPicar-3762  [000] ...1  1206.419129: tracing_mark_write: gid=1002: job_start
        tau_rt_3-3777  [004] dn.3  1206.424299: rtg_try_acquire_lock: rtg_preemptor: comm=deepPicar rtgid=1001 tgid=3731 pid=3731 prio=93
        tau_rt_3-3777  [004] dn.3  1206.424302: rtg_try_acquire_lock: rtg_preemptee: comm=tau_rt_3 rtgid=1002 tgid=3766 pid=3777 prio=94
       deepPicar-3769  [000] dn.3  1206.424312: rtg_try_acquire_lock: rtg_block: comm=deepPicar rtgid=1002 tgid=3762 pid=3769 prio=94
        tau_rt_4-3761  [000] ...1  1206.424449: tracing_mark_write: gid=1001: job_start
       deepPicar-3731  [004] d..3  1206.444377: rtg_try_acquire_lock: rtg_block: comm=tau_rt_3 rtgid=1002 tgid=3766 pid=3777 prio=94
       deepPicar-3730  [003] d..3  1206.444382: rtg_try_acquire_lock: rtg_block: comm=tau_rt_2 rtgid=1002 tgid=3765 pid=3779 prio=94
       deepPicar-3732  [005] d..3  1206.444385: rtg_try_acquire_lock: rtg_block: comm=tau_rt_4 rtgid=1002 tgid=3767 pid=3778 prio=94
        tau_rt_4-3761  [000] d..3  1206.444614: rtg_try_release_lock: rtg_release: comm=tau_rt_4 rtgid=1001 tgid=3727 pid=3761 prio=93
          <idle>-0     [003] dn.3  1206.444617: rtg_try_acquire_lock: rtg_acquire: comm=tau_rt_2 rtgid=1002 tgid=3765 pid=3779 prio=94
       deepPicar-3762  [000] ...1  1206.469239: tracing_mark_write: gid=1002: job_start
        tau_rt_4-3778  [005] dn.3  1206.474301: rtg_try_acquire_lock: rtg_preemptor: comm=deepPicar rtgid=1001 tgid=3732 pid=3732 prio=93
        tau_rt_4-3778  [005] dn.3  1206.474303: rtg_try_acquire_lock: rtg_preemptee: comm=tau_rt_2 rtgid=1002 tgid=3765 pid=3779 prio=94
       deepPicar-3769  [000] dn.3  1206.474315: rtg_try_acquire_lock: rtg_block: comm=deepPicar rtgid=1002 tgid=3762 pid=3769 prio=94
        tau_rt_4-3761  [000] ...1  1206.474453: tracing_mark_write: gid=1001: job_start
       deepPicar-3730  [003] d..3  1206.494422: rtg_try_acquire_lock: rtg_block: comm=tau_rt_2 rtgid=1002 tgid=3765 pid=3779 prio=94
       deepPicar-3731  [004] d..3  1206.494427: rtg_try_acquire_lock: rtg_block: comm=tau_rt_3 rtgid=1002 tgid=3766 pid=3777 prio=94
       deepPicar-3732  [005] d..3  1206.494430: rtg_try_acquire_lock: rtg_block: comm=tau_rt_4 rtgid=1002 tgid=3767 pid=3778 prio=94
        tau_rt_4-3761  [000] d..3  1206.494491: rtg_try_release_lock: rtg_release: comm=tau_rt_4 rtgid=1001 tgid=3727 pid=3761 prio=93
          <idle>-0     [005] dn.3  1206.494494: rtg_try_acquire_lock: rtg_acquire: comm=tau_rt_4 rtgid=1002 tgid=3767 pid=3778 prio=94
       deepPicar-3769  [000] d..3  1206.518529: rtg_try_release_lock: rtg_release: comm=deepPicar rtgid=1002 tgid=3762 pid=3769 prio=94
       deepPicar-3769  [000] d..3  1206.518532: rtg_try_acquire_lock: rtg_acquire: comm=deepPicar rtgid=1002 tgid=3762 pid=3762 prio=94
       deepPicar-3762  [000] ...1  1206.518646: tracing_mark_write: gid=1002: job_start
        tau_rt_3-3777  [004] dn.3  1206.524298: rtg_try_acquire_lock: rtg_preemptor: comm=deepPicar rtgid=1001 tgid=3731 pid=3731 prio=93
        tau_rt_3-3777  [004] dn.3  1206.524300: rtg_try_acquire_lock: rtg_preemptee: comm=deepPicar rtgid=1002 tgid=3762 pid=3762 prio=94
       deepPicar-3769  [000] dn.3  1206.524310: rtg_try_acquire_lock: rtg_block: comm=deepPicar rtgid=1002 tgid=3762 pid=3769 prio=94
        tau_rt_4-3761  [000] ...1  1206.524449: tracing_mark_write: gid=1001: job_start
       deepPicar-3732  [005] d..3  1206.544399: rtg_try_acquire_lock: rtg_block: comm=tau_rt_4 rtgid=1002 tgid=3767 pid=3778 prio=94
       deepPicar-3731  [004] d..3  1206.544403: rtg_try_acquire_lock: rtg_block: comm=tau_rt_3 rtgid=1002 tgid=3766 pid=3777 prio=94
       deepPicar-3730  [003] d..3  1206.544406: rtg_try_acquire_lock: rtg_block: comm=tau_rt_2 rtgid=1002 tgid=3765 pid=3779 prio=94
        tau_rt_4-3761  [000] d..3  1206.544612: rtg_try_release_lock: rtg_release: comm=tau_rt_4 rtgid=1001 tgid=3727 pid=3761 prio=93
          <idle>-0     [004] dn.3  1206.544615: rtg_try_acquire_lock: rtg_acquire: comm=tau_rt_3 rtgid=1002 tgid=3766 pid=3777 prio=94
       deepPicar-3762  [000] ...1  1206.568946: tracing_mark_write: gid=1002: job_start
        tau_rt_4-3778  [005] dn.3  1206.574300: rtg_try_acquire_lock: rtg_preemptor: comm=deepPicar rtgid=1001 tgid=3732 pid=3732 prio=93
        tau_rt_4-3778  [005] dn.3  1206.574303: rtg_try_acquire_lock: rtg_preemptee: comm=tau_rt_3 rtgid=1002 tgid=3766 pid=3777 prio=94
       deepPicar-3769  [000] dn.3  1206.574314: rtg_try_acquire_lock: rtg_block: comm=deepPicar rtgid=1002 tgid=3762 pid=3769 prio=94
        tau_rt_4-3761  [000] ...1  1206.574445: tracing_mark_write: gid=1001: job_start
       deepPicar-3730  [003] d..3  1206.594603: rtg_try_release_lock: rtg_release: comm=deepPicar rtgid=1001 tgid=3730 pid=3730 prio=93
       deepPicar-3732  [005] d..3  1206.594606: rtg_try_acquire_lock: rtg_acquire: comm=tau_rt_4 rtgid=1002 tgid=3767 pid=3778 prio=94
       deepPicar-3769  [000] d..3  1206.618645: rtg_try_release_lock: rtg_release: comm=deepPicar rtgid=1002 tgid=3762 pid=3769 prio=94
       deepPicar-3769  [000] d..3  1206.618648: rtg_try_acquire_lock: rtg_acquire: comm=deepPicar rtgid=1002 tgid=3762 pid=3762 prio=94
       deepPicar-3762  [000] ...1  1206.618826: tracing_mark_write: gid=1002: job_start
        tau_rt_3-3777  [004] dn.3  1206.624300: rtg_try_acquire_lock: rtg_preemptor: comm=deepPicar rtgid=1001 tgid=3731 pid=3731 prio=93
        tau_rt_3-3777  [004] dn.3  1206.624302: rtg_try_acquire_lock: rtg_preemptee: comm=deepPicar rtgid=1002 tgid=3762 pid=3762 prio=94
       deepPicar-3769  [000] dn.3  1206.624313: rtg_try_acquire_lock: rtg_block: comm=deepPicar rtgid=1002 tgid=3762 pid=3769 prio=94
        tau_rt_4-3761  [000] ...1  1206.624450: tracing_mark_write: gid=1001: job_start
       deepPicar-3730  [003] d..3  1206.644532: rtg_try_acquire_lock: rtg_block: comm=tau_rt_2 rtgid=1002 tgid=3765 pid=3779 prio=94
       deepPicar-3732  [005] d..3  1206.644536: rtg_try_acquire_lock: rtg_block: comm=tau_rt_4 rtgid=1002 tgid=3767 pid=3778 prio=94
       deepPicar-3731  [004] d..3  1206.644539: rtg_try_acquire_lock: rtg_block: comm=tau_rt_3 rtgid=1002 tgid=3766 pid=3777 prio=94
        tau_rt_4-3761  [000] d..3  1206.644598: rtg_try_release_lock: rtg_release: comm=tau_rt_4 rtgid=1001 tgid=3727 pid=3761 prio=93
          <idle>-0     [003] dn.3  1206.644601: rtg_try_acquire_lock: rtg_acquire: comm=tau_rt_2 rtgid=1002 tgid=3765 pid=3779 prio=94
       deepPicar-3762  [000] ...1  1206.669126: tracing_mark_write: gid=1002: job_start
        tau_rt_3-3777  [004] dn.3  1206.674300: rtg_try_acquire_lock: rtg_preemptor: comm=deepPicar rtgid=1001 tgid=3731 pid=3731 prio=93
        tau_rt_3-3777  [004] dn.3  1206.674303: rtg_try_acquire_lock: rtg_preemptee: comm=tau_rt_2 rtgid=1002 tgid=3765 pid=3779 prio=94
       deepPicar-3769  [000] dn.3  1206.674316: rtg_try_acquire_lock: rtg_block: comm=deepPicar rtgid=1002 tgid=3762 pid=3769 prio=94
        tau_rt_4-3761  [000] ...1  1206.674450: tracing_mark_write: gid=1001: job_start
       deepPicar-3730  [003] d..3  1206.694527: rtg_try_acquire_lock: rtg_block: comm=tau_rt_2 rtgid=1002 tgid=3765 pid=3779 prio=94
       deepPicar-3731  [004] d..3  1206.694531: rtg_try_acquire_lock: rtg_block: comm=tau_rt_3 rtgid=1002 tgid=3766 pid=3777 prio=94
       deepPicar-3732  [005] d..3  1206.694535: rtg_try_acquire_lock: rtg_block: comm=tau_rt_4 rtgid=1002 tgid=3767 pid=3778 prio=94
        tau_rt_4-3761  [000] d..3  1206.694581: rtg_try_release_lock: rtg_release: comm=tau_rt_4 rtgid=1001 tgid=3727 pid=3761 prio=93
          <idle>-0     [003] dn.3  1206.694584: rtg_try_acquire_lock: rtg_acquire: comm=tau_rt_2 rtgid=1002 tgid=3765 pid=3779 prio=94
       deepPicar-3762  [000] ...1  1206.718917: tracing_mark_write: gid=1002: job_start
        tau_rt_4-3778  [005] dn.3  1206.724300: rtg_try_acquire_lock: rtg_preemptor: comm=deepPicar rtgid=1001 tgid=3732 pid=3732 prio=93
        tau_rt_4-3778  [005] dn.3  1206.724302: rtg_try_acquire_lock: rtg_preemptee: comm=tau_rt_2 rtgid=1002 tgid=3765 pid=3779 prio=94
       deepPicar-3769  [000] dn.3  1206.724313: rtg_try_acquire_lock: rtg_block: comm=deepPicar rtgid=1002 tgid=3762 pid=3769 prio=94
        tau_rt_4-3761  [000] ...1  1206.724448: tracing_mark_write: gid=1001: job_start
       deepPicar-3730  [003] d..3  1206.744597: rtg_try_acquire_lock: rtg_block: comm=tau_rt_2 rtgid=1002 tgid=3765 pid=3779 prio=94
       deepPicar-3731  [004] d..3  1206.744601: rtg_try_acquire_lock: rtg_block: comm=tau_rt_3 rtgid=1002 tgid=3766 pid=3777 prio=94
       deepPicar-3732  [005] d..3  1206.744604: rtg_try_acquire_lock: rtg_block: comm=tau_rt_4 rtgid=1002 tgid=3767 pid=3778 prio=94
        tau_rt_4-3761  [000] d..3  1206.744646: rtg_try_release_lock: rtg_release: comm=tau_rt_4 rtgid=1001 tgid=3727 pid=3761 prio=93
        tau_rt_4-3761  [000] d..3  1206.744648: rtg_try_acquire_lock: rtg_acquire: comm=deepPicar rtgid=1002 tgid=3762 pid=3769 prio=94
       deepPicar-3769  [000] d..3  1206.763145: rtg_try_release_lock: rtg_release: comm=deepPicar rtgid=1002 tgid=3762 pid=3769 prio=94
       deepPicar-3769  [000] d..3  1206.763149: rtg_try_acquire_lock: rtg_acquire: comm=deepPicar rtgid=1002 tgid=3762 pid=3762 prio=94
       deepPicar-3762  [000] ...1  1206.763263: tracing_mark_write: gid=1002: job_start
       deepPicar-3762  [000] d..3  1206.764420: rtg_try_release_lock: rtg_release: comm=deepPicar rtgid=1002 tgid=3762 pid=3762 prio=94
       deepPicar-3762  [000] d..3  1206.764423: rtg_try_acquire_lock: rtg_acquire: comm=deepPicar rtgid=1002 tgid=3762 pid=3771 prio=94
       deepPicar-3771  [000] d..3  1206.765402: rtg_try_release_lock: rtg_release: comm=deepPicar rtgid=1002 tgid=3762 pid=3771 prio=94
       deepPicar-3771  [000] d..3  1206.765404: rtg_try_acquire_lock: rtg_acquire: comm=deepPicar rtgid=1002 tgid=3762 pid=3769 prio=94
          <idle>-0     [004] dn.3  1206.774303: rtg_try_acquire_lock: rtg_preemptor: comm=deepPicar rtgid=1001 tgid=3731 pid=3731 prio=93
          <idle>-0     [004] dn.3  1206.774305: rtg_try_acquire_lock: rtg_preemptee: comm=deepPicar rtgid=1002 tgid=3762 pid=3769 prio=94
       deepPicar-3769  [000] dn.3  1206.774315: rtg_try_acquire_lock: rtg_block: comm=deepPicar rtgid=1002 tgid=3762 pid=3769 prio=94
        tau_rt_4-3761  [000] ...1  1206.774448: tracing_mark_write: gid=1001: job_start
       deepPicar-3730  [003] d..3  1206.794669: rtg_try_release_lock: rtg_release: comm=deepPicar rtgid=1001 tgid=3730 pid=3730 prio=93
