# tracer: nop
#
# entries-in-buffer/entries-written: 25229/25229   #P:6
#
#                              _-----=> irqs-off
#                             / _----=> need-resched
#                            | / _---=> hardirq/softirq
#                            || / _--=> preempt-depth
#                            ||| /     delay
#           TASK-PID   CPU#  ||||    TIMESTAMP  FUNCTION
#              | |       |   ||||       |         |
       deepPicar-3790  [000] d..3  1241.730574: rtg_try_acquire_lock: rtg_acquire: comm=deepPicar rtgid=1001 tgid=3790 pid=3797 prio=93
       deepPicar-3797  [000] d..3  1241.730648: rtg_try_release_lock: rtg_release: comm=deepPicar rtgid=1001 tgid=3790 pid=3797 prio=93
       deepPicar-3797  [000] d..3  1241.730650: rtg_try_acquire_lock: rtg_acquire: comm=deepPicar rtgid=1001 tgid=3790 pid=3798 prio=93
       deepPicar-3798  [000] d..3  1241.730683: rtg_try_release_lock: rtg_release: comm=deepPicar rtgid=1001 tgid=3790 pid=3798 prio=93
       deepPicar-3798  [000] d..3  1241.730685: rtg_try_acquire_lock: rtg_acquire: comm=deepPicar rtgid=1001 tgid=3790 pid=3805 prio=93
       deepPicar-3805  [000] d..3  1241.730716: rtg_try_release_lock: rtg_release: comm=deepPicar rtgid=1001 tgid=3790 pid=3805 prio=93
       deepPicar-3805  [000] d..3  1241.730717: rtg_try_acquire_lock: rtg_acquire: comm=deepPicar rtgid=1001 tgid=3790 pid=3806 prio=93
       deepPicar-3806  [000] d..3  1241.731912: rtg_try_release_lock: rtg_release: comm=deepPicar rtgid=1001 tgid=3790 pid=3806 prio=93
       deepPicar-3806  [000] d..3  1241.731915: rtg_try_acquire_lock: rtg_acquire: comm=deepPicar rtgid=1001 tgid=3790 pid=3807 prio=93
       deepPicar-3807  [000] d..3  1241.731936: rtg_try_release_lock: rtg_release: comm=deepPicar rtgid=1001 tgid=3790 pid=3807 prio=93
       deepPicar-3807  [000] d..3  1241.731937: rtg_try_acquire_lock: rtg_acquire: comm=deepPicar rtgid=1001 tgid=3790 pid=3808 prio=93
       deepPicar-3808  [000] d..3  1241.731947: rtg_try_release_lock: rtg_release: comm=deepPicar rtgid=1001 tgid=3790 pid=3808 prio=93
       deepPicar-3808  [000] d..3  1241.731948: rtg_try_acquire_lock: rtg_acquire: comm=deepPicar rtgid=1001 tgid=3790 pid=3809 prio=93
       deepPicar-3809  [000] d..3  1241.731975: rtg_try_release_lock: rtg_release: comm=deepPicar rtgid=1001 tgid=3790 pid=3809 prio=93
       deepPicar-3809  [000] d..3  1241.731977: rtg_try_acquire_lock: rtg_acquire: comm=deepPicar rtgid=1001 tgid=3790 pid=3810 prio=93
       deepPicar-3810  [000] d..3  1241.731986: rtg_try_release_lock: rtg_release: comm=deepPicar rtgid=1001 tgid=3790 pid=3810 prio=93
       deepPicar-3810  [000] d..3  1241.731988: rtg_try_acquire_lock: rtg_acquire: comm=deepPicar rtgid=1001 tgid=3790 pid=3811 prio=93
       deepPicar-3811  [000] d..3  1241.731997: rtg_try_release_lock: rtg_release: comm=deepPicar rtgid=1001 tgid=3790 pid=3811 prio=93
       deepPicar-3811  [000] d..3  1241.731998: rtg_try_acquire_lock: rtg_acquire: comm=deepPicar rtgid=1001 tgid=3790 pid=3790 prio=93
       deepPicar-3790  [000] d..3  1241.732164: rtg_try_release_lock: rtg_release: comm=deepPicar rtgid=1001 tgid=3790 pid=3790 prio=93
       deepPicar-3790  [000] d..3  1241.732166: rtg_try_acquire_lock: rtg_acquire: comm=deepPicar rtgid=1001 tgid=3790 pid=3807 prio=93
       deepPicar-3807  [000] d..3  1241.732882: rtg_try_release_lock: rtg_release: comm=deepPicar rtgid=1001 tgid=3790 pid=3807 prio=93
       deepPicar-3807  [000] d..3  1241.732886: rtg_try_acquire_lock: rtg_acquire: comm=deepPicar rtgid=1001 tgid=3790 pid=3790 prio=93
       deepPicar-3790  [000] d..3  1241.733119: rtg_try_release_lock: rtg_release: comm=deepPicar rtgid=1001 tgid=3790 pid=3790 prio=93
       deepPicar-3790  [000] d..3  1241.733121: rtg_try_acquire_lock: rtg_acquire: comm=deepPicar rtgid=1001 tgid=3790 pid=3808 prio=93
       deepPicar-3808  [000] d..3  1241.733800: rtg_try_release_lock: rtg_release: comm=deepPicar rtgid=1001 tgid=3790 pid=3808 prio=93
       deepPicar-3808  [000] d..3  1241.733803: rtg_try_acquire_lock: rtg_acquire: comm=deepPicar rtgid=1001 tgid=3790 pid=3790 prio=93
       deepPicar-3790  [000] d..3  1241.734102: rtg_try_release_lock: rtg_release: comm=deepPicar rtgid=1001 tgid=3790 pid=3790 prio=93
       deepPicar-3790  [000] d..3  1241.734105: rtg_try_acquire_lock: rtg_acquire: comm=deepPicar rtgid=1001 tgid=3790 pid=3809 prio=93
       deepPicar-3809  [000] d..3  1241.734651: rtg_try_release_lock: rtg_release: comm=deepPicar rtgid=1001 tgid=3790 pid=3809 prio=93
       deepPicar-3809  [000] d..3  1241.734654: rtg_try_acquire_lock: rtg_acquire: comm=deepPicar rtgid=1001 tgid=3790 pid=3790 prio=93
       deepPicar-3790  [000] d..3  1241.734899: rtg_try_release_lock: rtg_release: comm=deepPicar rtgid=1001 tgid=3790 pid=3790 prio=93
       deepPicar-3790  [000] d..3  1241.734901: rtg_try_acquire_lock: rtg_acquire: comm=deepPicar rtgid=1001 tgid=3790 pid=3810 prio=93
       deepPicar-3810  [000] d..3  1241.735412: rtg_try_release_lock: rtg_release: comm=deepPicar rtgid=1001 tgid=3790 pid=3810 prio=93
       deepPicar-3810  [000] d..3  1241.735415: rtg_try_acquire_lock: rtg_acquire: comm=deepPicar rtgid=1001 tgid=3790 pid=3790 prio=93
       deepPicar-3790  [000] ...1  1241.839230: tracing_mark_write: gid=1001: job_start
       deepPicar-3794  [004] d..3  1241.867402: rtg_try_release_lock: rtg_release: comm=deepPicar rtgid=1001 tgid=3794 pid=3794 prio=93
          <idle>-0     [000] dn.3  1241.889226: rtg_try_acquire_lock: rtg_acquire: comm=deepPicar rtgid=1001 tgid=3790 pid=3790 prio=93
       deepPicar-3790  [000] ...1  1241.889246: tracing_mark_write: gid=1001: job_start
       deepPicar-3790  [000] d..3  1241.890391: rtg_try_release_lock: rtg_release: comm=deepPicar rtgid=1001 tgid=3790 pid=3790 prio=93
       deepPicar-3790  [000] d..3  1241.890394: rtg_try_acquire_lock: rtg_acquire: comm=deepPicar rtgid=1001 tgid=3790 pid=3807 prio=93
       deepPicar-3807  [000] d..3  1241.890812: rtg_try_release_lock: rtg_release: comm=deepPicar rtgid=1001 tgid=3790 pid=3807 prio=93
       deepPicar-3807  [000] d..3  1241.890814: rtg_try_acquire_lock: rtg_acquire: comm=deepPicar rtgid=1001 tgid=3790 pid=3798 prio=93
       deepPicar-3795  [005] d..3  1241.902434: rtg_try_release_lock: rtg_release: comm=deepPicar rtgid=1001 tgid=3795 pid=3795 prio=93
       deepPicar-3793  [003] d..3  1241.902438: rtg_try_acquire_lock: rtg_acquire: comm=deepPicar rtgid=1001 tgid=3793 pid=3818 prio=93
       deepPicar-3803  [004] d..3  1241.916801: rtg_try_release_lock: rtg_release: comm=deepPicar rtgid=1001 tgid=3794 pid=3803 prio=93
       deepPicar-3803  [004] d..3  1241.916804: rtg_try_acquire_lock: rtg_acquire: comm=deepPicar rtgid=1001 tgid=3794 pid=3794 prio=93
       deepPicar-3794  [004] d..3  1241.916886: rtg_try_release_lock: rtg_release: comm=deepPicar rtgid=1001 tgid=3794 pid=3794 prio=93
          <idle>-0     [000] dn.3  1241.939224: rtg_try_acquire_lock: rtg_acquire: comm=deepPicar rtgid=1001 tgid=3790 pid=3790 prio=93
       deepPicar-3790  [000] ...1  1241.939240: tracing_mark_write: gid=1001: job_start
       deepPicar-3790  [000] d..3  1241.940421: rtg_try_release_lock: rtg_release: comm=deepPicar rtgid=1001 tgid=3790 pid=3790 prio=93
       deepPicar-3790  [000] d..3  1241.940424: rtg_try_acquire_lock: rtg_acquire: comm=deepPicar rtgid=1001 tgid=3790 pid=3808 prio=93
       deepPicar-3808  [000] d..3  1241.940815: rtg_try_release_lock: rtg_release: comm=deepPicar rtgid=1001 tgid=3790 pid=3808 prio=93
       deepPicar-3808  [000] d..3  1241.940817: rtg_try_acquire_lock: rtg_acquire: comm=deepPicar rtgid=1001 tgid=3790 pid=3798 prio=93
       deepPicar-3795  [005] d..3  1241.952491: rtg_try_release_lock: rtg_release: comm=deepPicar rtgid=1001 tgid=3795 pid=3795 prio=93
       deepPicar-3793  [003] d..3  1241.952495: rtg_try_acquire_lock: rtg_acquire: comm=deepPicar rtgid=1001 tgid=3793 pid=3820 prio=93
       deepPicar-3820  [003] d..3  1241.952927: rtg_try_release_lock: rtg_release: comm=deepPicar rtgid=1001 tgid=3793 pid=3820 prio=93
       deepPicar-3819  [005] d..3  1241.952930: rtg_try_acquire_lock: rtg_acquire: comm=deepPicar rtgid=1001 tgid=3795 pid=3802 prio=93
       deepPicar-3803  [004] d..3  1241.966815: rtg_try_release_lock: rtg_release: comm=deepPicar rtgid=1001 tgid=3794 pid=3803 prio=93
       deepPicar-3803  [004] d..3  1241.966818: rtg_try_acquire_lock: rtg_acquire: comm=deepPicar rtgid=1001 tgid=3794 pid=3794 prio=93
       deepPicar-3794  [004] d..3  1241.966902: rtg_try_release_lock: rtg_release: comm=deepPicar rtgid=1001 tgid=3794 pid=3794 prio=93
          <idle>-0     [000] dn.3  1241.989224: rtg_try_acquire_lock: rtg_acquire: comm=deepPicar rtgid=1001 tgid=3790 pid=3790 prio=93
       deepPicar-3790  [000] ...1  1241.989241: tracing_mark_write: gid=1001: job_start
       deepPicar-3790  [000] d..3  1241.990377: rtg_try_release_lock: rtg_release: comm=deepPicar rtgid=1001 tgid=3790 pid=3790 prio=93
       deepPicar-3790  [000] d..3  1241.990380: rtg_try_acquire_lock: rtg_acquire: comm=deepPicar rtgid=1001 tgid=3790 pid=3809 prio=93
       deepPicar-3809  [000] d..3  1241.990792: rtg_try_release_lock: rtg_release: comm=deepPicar rtgid=1001 tgid=3790 pid=3809 prio=93
       deepPicar-3809  [000] d..3  1241.990795: rtg_try_acquire_lock: rtg_acquire: comm=deepPicar rtgid=1001 tgid=3790 pid=3798 prio=93
       deepPicar-3795  [005] d..3  1242.002448: rtg_try_release_lock: rtg_release: comm=deepPicar rtgid=1001 tgid=3795 pid=3795 prio=93
       deepPicar-3793  [003] d..3  1242.002452: rtg_try_acquire_lock: rtg_acquire: comm=deepPicar rtgid=1001 tgid=3793 pid=3822 prio=93
       deepPicar-3804  [003] d..3  1242.016697: rtg_try_release_lock: rtg_release: comm=deepPicar rtgid=1001 tgid=3793 pid=3804 prio=93
       deepPicar-3802  [005] d..3  1242.016701: rtg_try_acquire_lock: rtg_acquire: comm=deepPicar rtgid=1001 tgid=3795 pid=3795 prio=93
       deepPicar-3795  [005] d..3  1242.016810: rtg_try_release_lock: rtg_release: comm=deepPicar rtgid=1001 tgid=3795 pid=3795 prio=93
          <idle>-0     [000] dn.3  1242.039225: rtg_try_acquire_lock: rtg_acquire: comm=deepPicar rtgid=1001 tgid=3790 pid=3790 prio=93
       deepPicar-3790  [000] ...1  1242.039243: tracing_mark_write: gid=1001: job_start
       deepPicar-3790  [000] d..3  1242.040433: rtg_try_release_lock: rtg_release: comm=deepPicar rtgid=1001 tgid=3790 pid=3790 prio=93
       deepPicar-3790  [000] d..3  1242.040435: rtg_try_acquire_lock: rtg_acquire: comm=deepPicar rtgid=1001 tgid=3790 pid=3810 prio=93
       deepPicar-3810  [000] d..3  1242.040842: rtg_try_release_lock: rtg_release: comm=deepPicar rtgid=1001 tgid=3790 pid=3810 prio=93
       deepPicar-3810  [000] d..3  1242.040844: rtg_try_acquire_lock: rtg_acquire: comm=deepPicar rtgid=1001 tgid=3790 pid=3798 prio=93
       deepPicar-3804  [003] d..3  1242.066843: rtg_try_release_lock: rtg_release: comm=deepPicar rtgid=1001 tgid=3793 pid=3804 prio=93
       deepPicar-3803  [004] d..3  1242.066847: rtg_try_acquire_lock: rtg_acquire: comm=deepPicar rtgid=1001 tgid=3794 pid=3794 prio=93
       deepPicar-3793  [003] d..3  1242.066958: rtg_try_release_lock: rtg_release: comm=deepPicar rtgid=1001 tgid=3793 pid=3793 prio=93
          <idle>-0     [000] dn.3  1242.089223: rtg_try_acquire_lock: rtg_acquire: comm=deepPicar rtgid=1001 tgid=3790 pid=3790 prio=93
       deepPicar-3790  [000] ...1  1242.089241: tracing_mark_write: gid=1001: job_start
       deepPicar-3790  [000] d..3  1242.090383: rtg_try_release_lock: rtg_release: comm=deepPicar rtgid=1001 tgid=3790 pid=3790 prio=93
       deepPicar-3790  [000] d..3  1242.090386: rtg_try_acquire_lock: rtg_acquire: comm=deepPicar rtgid=1001 tgid=3790 pid=3811 prio=93
       deepPicar-3811  [000] d..3  1242.090782: rtg_try_release_lock: rtg_release: comm=deepPicar rtgid=1001 tgid=3790 pid=3811 prio=93
       deepPicar-3811  [000] d..3  1242.090785: rtg_try_acquire_lock: rtg_acquire: comm=deepPicar rtgid=1001 tgid=3790 pid=3798 prio=93
       deepPicar-3804  [003] d..3  1242.116727: rtg_try_release_lock: rtg_release: comm=deepPicar rtgid=1001 tgid=3793 pid=3804 prio=93
       deepPicar-3803  [004] d..3  1242.116731: rtg_try_acquire_lock: rtg_acquire: comm=deepPicar rtgid=1001 tgid=3794 pid=3794 prio=93
       deepPicar-3795  [005] d..3  1242.116844: rtg_try_release_lock: rtg_release: comm=deepPicar rtgid=1001 tgid=3795 pid=3795 prio=93
          <idle>-0     [000] dn.3  1242.139224: rtg_try_acquire_lock: rtg_acquire: comm=deepPicar rtgid=1001 tgid=3790 pid=3790 prio=93
       deepPicar-3790  [000] ...1  1242.139242: tracing_mark_write: gid=1001: job_start
       deepPicar-3790  [000] d..3  1242.140432: rtg_try_release_lock: rtg_release: comm=deepPicar rtgid=1001 tgid=3790 pid=3790 prio=93
       deepPicar-3790  [000] d..3  1242.140435: rtg_try_acquire_lock: rtg_acquire: comm=deepPicar rtgid=1001 tgid=3790 pid=3806 prio=93
       deepPicar-3806  [000] d..3  1242.141450: rtg_try_release_lock: rtg_release: comm=deepPicar rtgid=1001 tgid=3790 pid=3806 prio=93
       deepPicar-3806  [000] d..3  1242.141452: rtg_try_acquire_lock: rtg_acquire: comm=deepPicar rtgid=1001 tgid=3790 pid=3798 prio=93
       deepPicar-3803  [004] d..3  1242.167530: rtg_try_release_lock: rtg_release: comm=deepPicar rtgid=1001 tgid=3794 pid=3803 prio=93
       deepPicar-3803  [004] d..3  1242.167533: rtg_try_acquire_lock: rtg_acquire: comm=deepPicar rtgid=1001 tgid=3794 pid=3794 prio=93
       deepPicar-3794  [004] d..3  1242.167625: rtg_try_release_lock: rtg_release: comm=deepPicar rtgid=1001 tgid=3794 pid=3794 prio=93
          <idle>-0     [000] dn.3  1242.189223: rtg_try_acquire_lock: rtg_acquire: comm=deepPicar rtgid=1001 tgid=3790 pid=3790 prio=93
       deepPicar-3790  [000] ...1  1242.189240: tracing_mark_write: gid=1001: job_start
       deepPicar-3790  [000] d..3  1242.190383: rtg_try_release_lock: rtg_release: comm=deepPicar rtgid=1001 tgid=3790 pid=3790 prio=93
       deepPicar-3790  [000] d..3  1242.190385: rtg_try_acquire_lock: rtg_acquire: comm=deepPicar rtgid=1001 tgid=3790 pid=3807 prio=93
       deepPicar-3807  [000] d..3  1242.190894: rtg_try_release_lock: rtg_release: comm=deepPicar rtgid=1001 tgid=3790 pid=3807 prio=93
       deepPicar-3807  [000] d..3  1242.190896: rtg_try_acquire_lock: rtg_acquire: comm=deepPicar rtgid=1001 tgid=3790 pid=3798 prio=93
       deepPicar-3793  [003] d..3  1242.202462: rtg_try_release_lock: rtg_release: comm=deepPicar rtgid=1001 tgid=3793 pid=3793 prio=93
       deepPicar-3794  [004] d..3  1242.202466: rtg_try_acquire_lock: rtg_acquire: comm=deepPicar rtgid=1001 tgid=3794 pid=3828 prio=93
       deepPicar-3818  [003] d..3  1242.203009: rtg_try_release_lock: rtg_release: comm=deepPicar rtgid=1001 tgid=3793 pid=3818 prio=93
       deepPicar-3828  [004] d..3  1242.203013: rtg_try_acquire_lock: rtg_acquire: comm=deepPicar rtgid=1001 tgid=3794 pid=3803 prio=93
       deepPicar-3794  [004] d..3  1242.216969: rtg_try_release_lock: rtg_release: comm=deepPicar rtgid=1001 tgid=3794 pid=3794 prio=93
          <idle>-0     [000] dn.3  1242.239225: rtg_try_acquire_lock: rtg_acquire: comm=deepPicar rtgid=1001 tgid=3790 pid=3790 prio=93
       deepPicar-3790  [000] ...1  1242.239241: tracing_mark_write: gid=1001: job_start
       deepPicar-3790  [000] d..3  1242.240435: rtg_try_release_lock: rtg_release: comm=deepPicar rtgid=1001 tgid=3790 pid=3790 prio=93
       deepPicar-3790  [000] d..3  1242.240438: rtg_try_acquire_lock: rtg_acquire: comm=deepPicar rtgid=1001 tgid=3790 pid=3808 prio=93
       deepPicar-3808  [000] d..3  1242.241128: rtg_try_release_lock: rtg_release: comm=deepPicar rtgid=1001 tgid=3790 pid=3808 prio=93
       deepPicar-3808  [000] d..3  1242.241130: rtg_try_acquire_lock: rtg_acquire: comm=deepPicar rtgid=1001 tgid=3790 pid=3798 prio=93
       deepPicar-3820  [003] d..3  1242.253246: rtg_try_release_lock: rtg_release: comm=deepPicar rtgid=1001 tgid=3793 pid=3820 prio=93
       deepPicar-3829  [004] d..3  1242.253250: rtg_try_acquire_lock: rtg_acquire: comm=deepPicar rtgid=1001 tgid=3794 pid=3803 prio=93
       deepPicar-3794  [004] d..3  1242.267161: rtg_try_release_lock: rtg_release: comm=deepPicar rtgid=1001 tgid=3794 pid=3794 prio=93
          <idle>-0     [000] dn.3  1242.289222: rtg_try_acquire_lock: rtg_acquire: comm=deepPicar rtgid=1001 tgid=3790 pid=3790 prio=93
       deepPicar-3790  [000] ...1  1242.289240: tracing_mark_write: gid=1001: job_start
       deepPicar-3790  [000] d..3  1242.290391: rtg_try_release_lock: rtg_release: comm=deepPicar rtgid=1001 tgid=3790 pid=3790 prio=93
       deepPicar-3790  [000] d..3  1242.290394: rtg_try_acquire_lock: rtg_acquire: comm=deepPicar rtgid=1001 tgid=3790 pid=3809 prio=93
       deepPicar-3809  [000] d..3  1242.291114: rtg_try_release_lock: rtg_release: comm=deepPicar rtgid=1001 tgid=3790 pid=3809 prio=93
       deepPicar-3809  [000] d..3  1242.291116: rtg_try_acquire_lock: rtg_acquire: comm=deepPicar rtgid=1001 tgid=3790 pid=3798 prio=93
       deepPicar-3803  [004] d..3  1242.317105: rtg_try_release_lock: rtg_release: comm=deepPicar rtgid=1001 tgid=3794 pid=3803 prio=93
       deepPicar-3804  [003] d..3  1242.317109: rtg_try_acquire_lock: rtg_acquire: comm=deepPicar rtgid=1001 tgid=3793 pid=3793 prio=93
       deepPicar-3793  [003] d..3  1242.317221: rtg_try_release_lock: rtg_release: comm=deepPicar rtgid=1001 tgid=3793 pid=3793 prio=93
          <idle>-0     [000] dn.3  1242.339221: rtg_try_acquire_lock: rtg_acquire: comm=deepPicar rtgid=1001 tgid=3790 pid=3790 prio=93
       deepPicar-3790  [000] ...1  1242.339239: tracing_mark_write: gid=1001: job_start
       deepPicar-3790  [000] d..3  1242.340435: rtg_try_release_lock: rtg_release: comm=deepPicar rtgid=1001 tgid=3790 pid=3790 prio=93
       deepPicar-3790  [000] d..3  1242.340438: rtg_try_acquire_lock: rtg_acquire: comm=deepPicar rtgid=1001 tgid=3790 pid=3810 prio=93
       deepPicar-3810  [000] d..3  1242.341197: rtg_try_release_lock: rtg_release: comm=deepPicar rtgid=1001 tgid=3790 pid=3810 prio=93
       deepPicar-3810  [000] d..3  1242.341199: rtg_try_acquire_lock: rtg_acquire: comm=deepPicar rtgid=1001 tgid=3790 pid=3798 prio=93
       deepPicar-3831  [004] d..3  1242.353309: rtg_try_release_lock: rtg_release: comm=deepPicar rtgid=1001 tgid=3794 pid=3831 prio=93
       deepPicar-3825  [005] d..3  1242.353314: rtg_try_acquire_lock: rtg_acquire: comm=deepPicar rtgid=1001 tgid=3795 pid=3802 prio=93
       deepPicar-3794  [004] d..3  1242.367514: rtg_try_release_lock: rtg_release: comm=deepPicar rtgid=1001 tgid=3794 pid=3794 prio=93
          <idle>-0     [000] dn.3  1242.389224: rtg_try_acquire_lock: rtg_acquire: comm=deepPicar rtgid=1001 tgid=3790 pid=3790 prio=93
       deepPicar-3790  [000] ...1  1242.389241: tracing_mark_write: gid=1001: job_start
       deepPicar-3790  [000] d..3  1242.390381: rtg_try_release_lock: rtg_release: comm=deepPicar rtgid=1001 tgid=3790 pid=3790 prio=93
       deepPicar-3790  [000] d..3  1242.390384: rtg_try_acquire_lock: rtg_acquire: comm=deepPicar rtgid=1001 tgid=3790 pid=3811 prio=93
       deepPicar-3811  [000] d..3  1242.391100: rtg_try_release_lock: rtg_release: comm=deepPicar rtgid=1001 tgid=3790 pid=3811 prio=93
       deepPicar-3811  [000] d..3  1242.391102: rtg_try_acquire_lock: rtg_acquire: comm=deepPicar rtgid=1001 tgid=3790 pid=3798 prio=93
       deepPicar-3827  [003] d..3  1242.403226: rtg_try_release_lock: rtg_release: comm=deepPicar rtgid=1001 tgid=3793 pid=3827 prio=93
       deepPicar-3832  [004] d..3  1242.403230: rtg_try_acquire_lock: rtg_acquire: comm=deepPicar rtgid=1001 tgid=3794 pid=3803 prio=93
       deepPicar-3794  [004] d..3  1242.417180: rtg_try_release_lock: rtg_release: comm=deepPicar rtgid=1001 tgid=3794 pid=3794 prio=93
          <idle>-0     [000] dn.3  1242.439224: rtg_try_acquire_lock: rtg_acquire: comm=deepPicar rtgid=1001 tgid=3790 pid=3790 prio=93
       deepPicar-3790  [000] ...1  1242.439241: tracing_mark_write: gid=1001: job_start
       deepPicar-3790  [000] d..3  1242.440471: rtg_try_release_lock: rtg_release: comm=deepPicar rtgid=1001 tgid=3790 pid=3790 prio=93
       deepPicar-3790  [000] d..3  1242.440475: rtg_try_acquire_lock: rtg_acquire: comm=deepPicar rtgid=1001 tgid=3790 pid=3806 prio=93
       deepPicar-3806  [000] d..3  1242.441215: rtg_try_release_lock: rtg_release: comm=deepPicar rtgid=1001 tgid=3790 pid=3806 prio=93
       deepPicar-3806  [000] d..3  1242.441217: rtg_try_acquire_lock: rtg_acquire: comm=deepPicar rtgid=1001 tgid=3790 pid=3798 prio=93
       deepPicar-3802  [005] d..3  1242.467097: rtg_try_release_lock: rtg_release: comm=deepPicar rtgid=1001 tgid=3795 pid=3802 prio=93
       deepPicar-3803  [004] d..3  1242.467101: rtg_try_acquire_lock: rtg_acquire: comm=deepPicar rtgid=1001 tgid=3794 pid=3794 prio=93
       deepPicar-3795  [005] d..3  1242.467211: rtg_try_release_lock: rtg_release: comm=deepPicar rtgid=1001 tgid=3795 pid=3795 prio=93
          <idle>-0     [000] dn.3  1242.489223: rtg_try_acquire_lock: rtg_acquire: comm=deepPicar rtgid=1001 tgid=3790 pid=3790 prio=93
       deepPicar-3790  [000] ...1  1242.489240: tracing_mark_write: gid=1001: job_start
       deepPicar-3790  [000] d..3  1242.490396: rtg_try_release_lock: rtg_release: comm=deepPicar rtgid=1001 tgid=3790 pid=3790 prio=93
       deepPicar-3790  [000] d..3  1242.490398: rtg_try_acquire_lock: rtg_acquire: comm=deepPicar rtgid=1001 tgid=3790 pid=3807 prio=93
       deepPicar-3807  [000] d..3  1242.491048: rtg_try_release_lock: rtg_release: comm=deepPicar rtgid=1001 tgid=3790 pid=3807 prio=93
       deepPicar-3807  [000] d..3  1242.491049: rtg_try_acquire_lock: rtg_acquire: comm=deepPicar rtgid=1001 tgid=3790 pid=3798 prio=93
       deepPicar-3795  [005] d..3  1242.517068: rtg_try_release_lock: rtg_release: comm=deepPicar rtgid=1001 tgid=3795 pid=3795 prio=93
          <idle>-0     [000] dn.3  1242.539223: rtg_try_acquire_lock: rtg_acquire: comm=deepPicar rtgid=1001 tgid=3790 pid=3790 prio=93
       deepPicar-3790  [000] ...1  1242.539240: tracing_mark_write: gid=1001: job_start
       deepPicar-3790  [000] d..3  1242.540419: rtg_try_release_lock: rtg_release: comm=deepPicar rtgid=1001 tgid=3790 pid=3790 prio=93
       deepPicar-3790  [000] d..3  1242.540422: rtg_try_acquire_lock: rtg_acquire: comm=deepPicar rtgid=1001 tgid=3790 pid=3808 prio=93
       deepPicar-3808  [000] d..3  1242.541181: rtg_try_release_lock: rtg_release: comm=deepPicar rtgid=1001 tgid=3790 pid=3808 prio=93
       deepPicar-3808  [000] d..3  1242.541183: rtg_try_acquire_lock: rtg_acquire: comm=deepPicar rtgid=1001 tgid=3790 pid=3798 prio=93
       deepPicar-3794  [004] d..3  1242.567226: rtg_try_release_lock: rtg_release: comm=deepPicar rtgid=1001 tgid=3794 pid=3794 prio=93
          <idle>-0     [000] dn.3  1242.589223: rtg_try_acquire_lock: rtg_acquire: comm=deepPicar rtgid=1001 tgid=3790 pid=3790 prio=93
       deepPicar-3790  [000] ...1  1242.589240: tracing_mark_write: gid=1001: job_start
       deepPicar-3790  [000] d..3  1242.590388: rtg_try_release_lock: rtg_release: comm=deepPicar rtgid=1001 tgid=3790 pid=3790 prio=93
       deepPicar-3790  [000] d..3  1242.590391: rtg_try_acquire_lock: rtg_acquire: comm=deepPicar rtgid=1001 tgid=3790 pid=3809 prio=93
       deepPicar-3809  [000] d..3  1242.591141: rtg_try_release_lock: rtg_release: comm=deepPicar rtgid=1001 tgid=3790 pid=3809 prio=93
       deepPicar-3809  [000] d..3  1242.591142: rtg_try_acquire_lock: rtg_acquire: comm=deepPicar rtgid=1001 tgid=3790 pid=3798 prio=93
       deepPicar-3794  [004] d..3  1242.617304: rtg_try_release_lock: rtg_release: comm=deepPicar rtgid=1001 tgid=3794 pid=3794 prio=93
          <idle>-0     [000] dn.3  1242.639225: rtg_try_acquire_lock: rtg_acquire: comm=deepPicar rtgid=1001 tgid=3790 pid=3790 prio=93
       deepPicar-3790  [000] ...1  1242.639243: tracing_mark_write: gid=1001: job_start
       deepPicar-3790  [000] d..3  1242.640455: rtg_try_release_lock: rtg_release: comm=deepPicar rtgid=1001 tgid=3790 pid=3790 prio=93
       deepPicar-3790  [000] d..3  1242.640458: rtg_try_acquire_lock: rtg_acquire: comm=deepPicar rtgid=1001 tgid=3790 pid=3810 prio=93
       deepPicar-3810  [000] d..3  1242.641248: rtg_try_release_lock: rtg_release: comm=deepPicar rtgid=1001 tgid=3790 pid=3810 prio=93
       deepPicar-3810  [000] d..3  1242.641250: rtg_try_acquire_lock: rtg_acquire: comm=deepPicar rtgid=1001 tgid=3790 pid=3798 prio=93
       deepPicar-3831  [004] d..3  1242.653294: rtg_try_release_lock: rtg_release: comm=deepPicar rtgid=1001 tgid=3794 pid=3831 prio=93
       deepPicar-3824  [003] d..3  1242.653298: rtg_try_acquire_lock: rtg_acquire: comm=deepPicar rtgid=1001 tgid=3793 pid=3804 prio=93
       deepPicar-3804  [003] d..3  1242.667145: rtg_try_release_lock: rtg_release: comm=deepPicar rtgid=1001 tgid=3793 pid=3804 prio=93
       deepPicar-3802  [005] d..3  1242.667149: rtg_try_acquire_lock: rtg_acquire: comm=deepPicar rtgid=1001 tgid=3795 pid=3795 prio=93
       deepPicar-3794  [004] d..3  1242.667259: rtg_try_release_lock: rtg_release: comm=deepPicar rtgid=1001 tgid=3794 pid=3794 prio=93
          <idle>-0     [000] dn.3  1242.689226: rtg_try_acquire_lock: rtg_acquire: comm=deepPicar rtgid=1001 tgid=3790 pid=3790 prio=93
       deepPicar-3790  [000] ...1  1242.689244: tracing_mark_write: gid=1001: job_start
       deepPicar-3790  [000] d..3  1242.690430: rtg_try_release_lock: rtg_release: comm=deepPicar rtgid=1001 tgid=3790 pid=3790 prio=93
       deepPicar-3790  [000] d..3  1242.690433: rtg_try_acquire_lock: rtg_acquire: comm=deepPicar rtgid=1001 tgid=3790 pid=3811 prio=93
       deepPicar-3811  [000] d..3  1242.691151: rtg_try_release_lock: rtg_release: comm=deepPicar rtgid=1001 tgid=3790 pid=3811 prio=93
       deepPicar-3811  [000] d..3  1242.691154: rtg_try_acquire_lock: rtg_acquire: comm=deepPicar rtgid=1001 tgid=3790 pid=3798 prio=93
       deepPicar-3827  [003] d..3  1242.703210: rtg_try_release_lock: rtg_release: comm=deepPicar rtgid=1001 tgid=3793 pid=3827 prio=93
       deepPicar-3832  [004] d..3  1242.703214: rtg_try_acquire_lock: rtg_acquire: comm=deepPicar rtgid=1001 tgid=3794 pid=3803 prio=93
       deepPicar-3794  [004] d..3  1242.717215: rtg_try_release_lock: rtg_release: comm=deepPicar rtgid=1001 tgid=3794 pid=3794 prio=93
          <idle>-0     [000] dn.3  1242.739224: rtg_try_acquire_lock: rtg_acquire: comm=deepPicar rtgid=1001 tgid=3790 pid=3790 prio=93
       deepPicar-3790  [000] ...1  1242.739241: tracing_mark_write: gid=1001: job_start
       deepPicar-3790  [000] d..3  1242.740452: rtg_try_release_lock: rtg_release: comm=deepPicar rtgid=1001 tgid=3790 pid=3790 prio=93
       deepPicar-3790  [000] d..3  1242.740455: rtg_try_acquire_lock: rtg_acquire: comm=deepPicar rtgid=1001 tgid=3790 pid=3806 prio=93
       deepPicar-3806  [000] d..3  1242.741485: rtg_try_release_lock: rtg_release: comm=deepPicar rtgid=1001 tgid=3790 pid=3806 prio=93
       deepPicar-3806  [000] d..3  1242.741488: rtg_try_acquire_lock: rtg_acquire: comm=deepPicar rtgid=1001 tgid=3790 pid=3798 prio=93
       deepPicar-3793  [003] d..3  1242.767659: rtg_try_release_lock: rtg_release: comm=deepPicar rtgid=1001 tgid=3793 pid=3793 prio=93
          <idle>-0     [000] dn.3  1242.789222: rtg_try_acquire_lock: rtg_acquire: comm=deepPicar rtgid=1001 tgid=3790 pid=3790 prio=93
       deepPicar-3790  [000] ...1  1242.789240: tracing_mark_write: gid=1001: job_start
       deepPicar-3790  [000] d..3  1242.790377: rtg_try_release_lock: rtg_release: comm=deepPicar rtgid=1001 tgid=3790 pid=3790 prio=93
       deepPicar-3790  [000] d..3  1242.790380: rtg_try_acquire_lock: rtg_acquire: comm=deepPicar rtgid=1001 tgid=3790 pid=3807 prio=93
       deepPicar-3807  [000] d..3  1242.791135: rtg_try_release_lock: rtg_release: comm=deepPicar rtgid=1001 tgid=3790 pid=3807 prio=93
       deepPicar-3807  [000] d..3  1242.791137: rtg_try_acquire_lock: rtg_acquire: comm=deepPicar rtgid=1001 tgid=3790 pid=3798 prio=93
       deepPicar-3794  [004] d..3  1242.817310: rtg_try_release_lock: rtg_release: comm=deepPicar rtgid=1001 tgid=3794 pid=3794 prio=93
          <idle>-0     [000] dn.3  1242.839222: rtg_try_acquire_lock: rtg_acquire: comm=deepPicar rtgid=1001 tgid=3790 pid=3790 prio=93
       deepPicar-3790  [000] ...1  1242.839241: tracing_mark_write: gid=1001: job_start
       deepPicar-3790  [000] d..3  1242.840448: rtg_try_release_lock: rtg_release: comm=deepPicar rtgid=1001 tgid=3790 pid=3790 prio=93
       deepPicar-3790  [000] d..3  1242.840451: rtg_try_acquire_lock: rtg_acquire: comm=deepPicar rtgid=1001 tgid=3790 pid=3808 prio=93
       deepPicar-3808  [000] d..3  1242.841278: rtg_try_release_lock: rtg_release: comm=deepPicar rtgid=1001 tgid=3790 pid=3808 prio=93
       deepPicar-3808  [000] d..3  1242.841280: rtg_try_acquire_lock: rtg_acquire: comm=deepPicar rtgid=1001 tgid=3790 pid=3798 prio=93
       deepPicar-3803  [004] d..3  1242.867168: rtg_try_release_lock: rtg_release: comm=deepPicar rtgid=1001 tgid=3794 pid=3803 prio=93
       deepPicar-3804  [003] d..3  1242.867172: rtg_try_acquire_lock: rtg_acquire: comm=deepPicar rtgid=1001 tgid=3793 pid=3793 prio=93
       deepPicar-3793  [003] d..3  1242.867288: rtg_try_release_lock: rtg_release: comm=deepPicar rtgid=1001 tgid=3793 pid=3793 prio=93
        tau_rt_1-3833  [000] d..3  1242.873198: rtg_try_acquire_lock: rtg_acquire: comm=tau_rt_1 rtgid=1002 tgid=3833 pid=3836 prio=94
        tau_rt_1-3836  [000] ...1  1242.873257: tracing_mark_write: gid=1002: job_start
        tau_rt_1-3836  [000] dn.3  1242.889232: rtg_try_release_lock: rtg_release: comm=tau_rt_1 rtgid=1002 tgid=3833 pid=3836 prio=94
        tau_rt_1-3836  [000] dn.3  1242.889236: rtg_try_acquire_lock: rtg_acquire: comm=deepPicar rtgid=1001 tgid=3790 pid=3790 prio=93
       deepPicar-3790  [000] ...1  1242.889261: tracing_mark_write: gid=1001: job_start
       deepPicar-3790  [000] d..3  1242.890460: rtg_try_release_lock: rtg_release: comm=deepPicar rtgid=1001 tgid=3790 pid=3790 prio=93
       deepPicar-3790  [000] d..3  1242.890463: rtg_try_acquire_lock: rtg_acquire: comm=deepPicar rtgid=1001 tgid=3790 pid=3809 prio=93
       deepPicar-3809  [000] d..3  1242.891223: rtg_try_release_lock: rtg_release: comm=deepPicar rtgid=1001 tgid=3790 pid=3809 prio=93
       deepPicar-3809  [000] d..3  1242.891225: rtg_try_acquire_lock: rtg_acquire: comm=deepPicar rtgid=1001 tgid=3790 pid=3798 prio=93
       deepPicar-3790  [000] d..3  1242.902897: rtg_try_acquire_lock: rtg_block: comm=tau_rt_1 rtgid=1002 tgid=3833 pid=3836 prio=94
       deepPicar-3794  [004] d..3  1242.917380: rtg_try_release_lock: rtg_release: comm=deepPicar rtgid=1001 tgid=3794 pid=3794 prio=93
          <idle>-0     [000] dn.3  1242.917384: rtg_try_acquire_lock: rtg_acquire: comm=tau_rt_1 rtgid=1002 tgid=3833 pid=3836 prio=94
        tau_rt_1-3836  [000] ...1  1242.923473: tracing_mark_write: gid=1002: job_start
        tau_rt_1-3836  [000] dn.3  1242.939250: rtg_try_acquire_lock: rtg_preemptor: comm=deepPicar rtgid=1001 tgid=3790 pid=3790 prio=93
        tau_rt_1-3836  [000] dn.3  1242.939253: rtg_try_acquire_lock: rtg_preemptee: comm=tau_rt_1 rtgid=1002 tgid=3833 pid=3836 prio=94
        tau_rt_2-3841  [003] dn.3  1242.939266: rtg_try_acquire_lock: rtg_block: comm=tau_rt_2 rtgid=1002 tgid=3837 pid=3841 prio=94
        tau_rt_3-3842  [004] dn.3  1242.939269: rtg_try_acquire_lock: rtg_block: comm=tau_rt_3 rtgid=1002 tgid=3838 pid=3842 prio=94
        tau_rt_4-3840  [005] dn.3  1242.939273: rtg_try_acquire_lock: rtg_block: comm=tau_rt_4 rtgid=1002 tgid=3839 pid=3840 prio=94
       deepPicar-3790  [000] ...1  1242.939289: tracing_mark_write: gid=1001: job_start
       deepPicar-3790  [000] d..3  1242.940512: rtg_try_release_lock: rtg_release: comm=deepPicar rtgid=1001 tgid=3790 pid=3790 prio=93
          <idle>-0     [005] dn.3  1242.940515: rtg_try_acquire_lock: rtg_acquire: comm=tau_rt_4 rtgid=1002 tgid=3839 pid=3840 prio=94
       deepPicar-3790  [000] d..3  1242.940518: rtg_try_acquire_lock: rtg_preemptor: comm=deepPicar rtgid=1001 tgid=3790 pid=3810 prio=93
       deepPicar-3790  [000] d..3  1242.940519: rtg_try_acquire_lock: rtg_preemptee: comm=tau_rt_4 rtgid=1002 tgid=3839 pid=3840 prio=94
        tau_rt_2-3841  [003] dn.3  1242.940523: rtg_try_acquire_lock: rtg_block: comm=tau_rt_2 rtgid=1002 tgid=3837 pid=3841 prio=94
        tau_rt_3-3842  [004] dn.3  1242.940525: rtg_try_acquire_lock: rtg_block: comm=tau_rt_3 rtgid=1002 tgid=3838 pid=3842 prio=94
        tau_rt_4-3840  [005] dn.3  1242.940527: rtg_try_acquire_lock: rtg_block: comm=tau_rt_4 rtgid=1002 tgid=3839 pid=3840 prio=94
       deepPicar-3810  [000] d..3  1242.941373: rtg_try_release_lock: rtg_release: comm=deepPicar rtgid=1001 tgid=3790 pid=3810 prio=93
          <idle>-0     [003] dn.3  1242.941374: rtg_try_acquire_lock: rtg_acquire: comm=tau_rt_2 rtgid=1002 tgid=3837 pid=3841 prio=94
       deepPicar-3810  [000] d..3  1242.941377: rtg_try_acquire_lock: rtg_preemptor: comm=deepPicar rtgid=1001 tgid=3790 pid=3798 prio=93
       deepPicar-3810  [000] d..3  1242.941378: rtg_try_acquire_lock: rtg_preemptee: comm=tau_rt_2 rtgid=1002 tgid=3837 pid=3841 prio=94
        tau_rt_3-3842  [004] dn.3  1242.941382: rtg_try_acquire_lock: rtg_block: comm=tau_rt_3 rtgid=1002 tgid=3838 pid=3842 prio=94
        tau_rt_2-3841  [003] dn.3  1242.941384: rtg_try_acquire_lock: rtg_block: comm=tau_rt_2 rtgid=1002 tgid=3837 pid=3841 prio=94
        tau_rt_4-3840  [005] dn.3  1242.941385: rtg_try_acquire_lock: rtg_block: comm=tau_rt_4 rtgid=1002 tgid=3839 pid=3840 prio=94
       deepPicar-3790  [000] d..3  1242.953296: rtg_try_acquire_lock: rtg_block: comm=tau_rt_1 rtgid=1002 tgid=3833 pid=3836 prio=94
       deepPicar-3803  [004] d..3  1242.967237: rtg_try_release_lock: rtg_release: comm=deepPicar rtgid=1001 tgid=3794 pid=3803 prio=93
          <idle>-0     [000] dn.3  1242.967241: rtg_try_acquire_lock: rtg_acquire: comm=tau_rt_1 rtgid=1002 tgid=3833 pid=3836 prio=94
       deepPicar-3803  [004] d..3  1242.967244: rtg_try_acquire_lock: rtg_preemptor: comm=deepPicar rtgid=1001 tgid=3794 pid=3794 prio=93
       deepPicar-3803  [004] d..3  1242.967245: rtg_try_acquire_lock: rtg_preemptee: comm=tau_rt_1 rtgid=1002 tgid=3833 pid=3836 prio=94
        tau_rt_1-3836  [000] dn.3  1242.967249: rtg_try_acquire_lock: rtg_block: comm=tau_rt_1 rtgid=1002 tgid=3833 pid=3836 prio=94
        tau_rt_2-3841  [003] dn.3  1242.967251: rtg_try_acquire_lock: rtg_block: comm=tau_rt_2 rtgid=1002 tgid=3837 pid=3841 prio=94
        tau_rt_4-3840  [005] dn.3  1242.967254: rtg_try_acquire_lock: rtg_block: comm=tau_rt_4 rtgid=1002 tgid=3839 pid=3840 prio=94
       deepPicar-3794  [004] d..3  1242.967333: rtg_try_release_lock: rtg_release: comm=deepPicar rtgid=1001 tgid=3794 pid=3794 prio=93
          <idle>-0     [000] dn.3  1242.967335: rtg_try_acquire_lock: rtg_acquire: comm=tau_rt_1 rtgid=1002 tgid=3833 pid=3836 prio=94
        tau_rt_1-3836  [000] ...1  1242.981782: tracing_mark_write: gid=1002: job_start
        tau_rt_1-3836  [000] dn.3  1242.989248: rtg_try_acquire_lock: rtg_preemptor: comm=deepPicar rtgid=1001 tgid=3790 pid=3790 prio=93
        tau_rt_1-3836  [000] dn.3  1242.989251: rtg_try_acquire_lock: rtg_preemptee: comm=tau_rt_1 rtgid=1002 tgid=3833 pid=3836 prio=94
        tau_rt_2-3841  [003] dn.3  1242.989263: rtg_try_acquire_lock: rtg_block: comm=tau_rt_2 rtgid=1002 tgid=3837 pid=3841 prio=94
        tau_rt_3-3842  [004] dn.3  1242.989266: rtg_try_acquire_lock: rtg_block: comm=tau_rt_3 rtgid=1002 tgid=3838 pid=3842 prio=94
        tau_rt_4-3840  [005] dn.3  1242.989270: rtg_try_acquire_lock: rtg_block: comm=tau_rt_4 rtgid=1002 tgid=3839 pid=3840 prio=94
       deepPicar-3790  [000] ...1  1242.989285: tracing_mark_write: gid=1001: job_start
       deepPicar-3790  [000] d..3  1242.990457: rtg_try_release_lock: rtg_release: comm=deepPicar rtgid=1001 tgid=3790 pid=3790 prio=93
          <idle>-0     [003] dn.3  1242.990460: rtg_try_acquire_lock: rtg_acquire: comm=tau_rt_2 rtgid=1002 tgid=3837 pid=3841 prio=94
       deepPicar-3790  [000] d..3  1242.990464: rtg_try_acquire_lock: rtg_preemptor: comm=deepPicar rtgid=1001 tgid=3790 pid=3811 prio=93
       deepPicar-3790  [000] d..3  1242.990464: rtg_try_acquire_lock: rtg_preemptee: comm=tau_rt_2 rtgid=1002 tgid=3837 pid=3841 prio=94
        tau_rt_2-3841  [003] dn.3  1242.990468: rtg_try_acquire_lock: rtg_block: comm=tau_rt_2 rtgid=1002 tgid=3837 pid=3841 prio=94
        tau_rt_3-3842  [004] dn.3  1242.990470: rtg_try_acquire_lock: rtg_block: comm=tau_rt_3 rtgid=1002 tgid=3838 pid=3842 prio=94
        tau_rt_4-3840  [005] dn.3  1242.990472: rtg_try_acquire_lock: rtg_block: comm=tau_rt_4 rtgid=1002 tgid=3839 pid=3840 prio=94
       deepPicar-3811  [000] d..3  1242.991250: rtg_try_release_lock: rtg_release: comm=deepPicar rtgid=1001 tgid=3790 pid=3811 prio=93
          <idle>-0     [003] dn.3  1242.991252: rtg_try_acquire_lock: rtg_acquire: comm=tau_rt_2 rtgid=1002 tgid=3837 pid=3841 prio=94
       deepPicar-3811  [000] d..3  1242.991255: rtg_try_acquire_lock: rtg_preemptor: comm=deepPicar rtgid=1001 tgid=3790 pid=3798 prio=93
       deepPicar-3811  [000] d..3  1242.991255: rtg_try_acquire_lock: rtg_preemptee: comm=tau_rt_2 rtgid=1002 tgid=3837 pid=3841 prio=94
        tau_rt_2-3841  [003] dn.3  1242.991258: rtg_try_acquire_lock: rtg_block: comm=tau_rt_2 rtgid=1002 tgid=3837 pid=3841 prio=94
        tau_rt_3-3842  [004] dn.3  1242.991260: rtg_try_acquire_lock: rtg_block: comm=tau_rt_3 rtgid=1002 tgid=3838 pid=3842 prio=94
        tau_rt_4-3840  [005] dn.3  1242.991261: rtg_try_acquire_lock: rtg_block: comm=tau_rt_4 rtgid=1002 tgid=3839 pid=3840 prio=94
       deepPicar-3790  [000] d..3  1243.003052: rtg_try_acquire_lock: rtg_block: comm=tau_rt_1 rtgid=1002 tgid=3833 pid=3836 prio=94
       deepPicar-3795  [005] d..3  1243.017364: rtg_try_release_lock: rtg_release: comm=deepPicar rtgid=1001 tgid=3795 pid=3795 prio=93
       deepPicar-3793  [003] dn.3  1243.017368: rtg_try_acquire_lock: rtg_acquire: comm=tau_rt_2 rtgid=1002 tgid=3837 pid=3841 prio=94
        tau_rt_1-3836  [000] ...1  1243.033486: tracing_mark_write: gid=1002: job_start
        tau_rt_1-3836  [000] dn.3  1243.039248: rtg_try_acquire_lock: rtg_preemptor: comm=deepPicar rtgid=1001 tgid=3790 pid=3790 prio=93
        tau_rt_1-3836  [000] dn.3  1243.039251: rtg_try_acquire_lock: rtg_preemptee: comm=tau_rt_2 rtgid=1002 tgid=3837 pid=3841 prio=94
        tau_rt_2-3841  [003] dn.3  1243.039264: rtg_try_acquire_lock: rtg_block: comm=tau_rt_2 rtgid=1002 tgid=3837 pid=3841 prio=94
        tau_rt_3-3842  [004] dn.3  1243.039268: rtg_try_acquire_lock: rtg_block: comm=tau_rt_3 rtgid=1002 tgid=3838 pid=3842 prio=94
        tau_rt_4-3840  [005] dn.3  1243.039271: rtg_try_acquire_lock: rtg_block: comm=tau_rt_4 rtgid=1002 tgid=3839 pid=3840 prio=94
       deepPicar-3790  [000] ...1  1243.039285: tracing_mark_write: gid=1001: job_start
       deepPicar-3790  [000] d..3  1243.040514: rtg_try_release_lock: rtg_release: comm=deepPicar rtgid=1001 tgid=3790 pid=3790 prio=93
          <idle>-0     [004] dn.3  1243.040517: rtg_try_acquire_lock: rtg_acquire: comm=tau_rt_3 rtgid=1002 tgid=3838 pid=3842 prio=94
       deepPicar-3790  [000] d..3  1243.040521: rtg_try_acquire_lock: rtg_preemptor: comm=deepPicar rtgid=1001 tgid=3790 pid=3806 prio=93
       deepPicar-3790  [000] d..3  1243.040522: rtg_try_acquire_lock: rtg_preemptee: comm=tau_rt_3 rtgid=1002 tgid=3838 pid=3842 prio=94
        tau_rt_2-3841  [003] dn.3  1243.040525: rtg_try_acquire_lock: rtg_block: comm=tau_rt_2 rtgid=1002 tgid=3837 pid=3841 prio=94
        tau_rt_4-3840  [005] dn.3  1243.040527: rtg_try_acquire_lock: rtg_block: comm=tau_rt_4 rtgid=1002 tgid=3839 pid=3840 prio=94
        tau_rt_3-3842  [004] dn.3  1243.040529: rtg_try_acquire_lock: rtg_block: comm=tau_rt_3 rtgid=1002 tgid=3838 pid=3842 prio=94
       deepPicar-3806  [000] d..3  1243.041355: rtg_try_release_lock: rtg_release: comm=deepPicar rtgid=1001 tgid=3790 pid=3806 prio=93
          <idle>-0     [004] dn.3  1243.041356: rtg_try_acquire_lock: rtg_acquire: comm=tau_rt_3 rtgid=1002 tgid=3838 pid=3842 prio=94
       deepPicar-3806  [000] d..3  1243.041359: rtg_try_acquire_lock: rtg_preemptor: comm=deepPicar rtgid=1001 tgid=3790 pid=3798 prio=93
       deepPicar-3806  [000] d..3  1243.041360: rtg_try_acquire_lock: rtg_preemptee: comm=tau_rt_3 rtgid=1002 tgid=3838 pid=3842 prio=94
        tau_rt_3-3842  [004] dn.3  1243.041363: rtg_try_acquire_lock: rtg_block: comm=tau_rt_3 rtgid=1002 tgid=3838 pid=3842 prio=94
        tau_rt_2-3841  [003] dn.3  1243.041364: rtg_try_acquire_lock: rtg_block: comm=tau_rt_2 rtgid=1002 tgid=3837 pid=3841 prio=94
        tau_rt_4-3840  [005] dn.3  1243.041365: rtg_try_acquire_lock: rtg_block: comm=tau_rt_4 rtgid=1002 tgid=3839 pid=3840 prio=94
       deepPicar-3790  [000] d..3  1243.053090: rtg_try_acquire_lock: rtg_block: comm=tau_rt_1 rtgid=1002 tgid=3833 pid=3836 prio=94
       deepPicar-3794  [004] d..3  1243.067450: rtg_try_release_lock: rtg_release: comm=deepPicar rtgid=1001 tgid=3794 pid=3794 prio=93
          <idle>-0     [000] dn.3  1243.067454: rtg_try_acquire_lock: rtg_acquire: comm=tau_rt_1 rtgid=1002 tgid=3833 pid=3836 prio=94
        tau_rt_1-3836  [000] ...1  1243.085234: tracing_mark_write: gid=1002: job_start
        tau_rt_1-3836  [000] dn.3  1243.089246: rtg_try_acquire_lock: rtg_preemptor: comm=deepPicar rtgid=1001 tgid=3790 pid=3790 prio=93
        tau_rt_1-3836  [000] dn.3  1243.089250: rtg_try_acquire_lock: rtg_preemptee: comm=tau_rt_1 rtgid=1002 tgid=3833 pid=3836 prio=94
        tau_rt_2-3841  [003] dn.3  1243.089263: rtg_try_acquire_lock: rtg_block: comm=tau_rt_2 rtgid=1002 tgid=3837 pid=3841 prio=94
        tau_rt_3-3842  [004] dn.3  1243.089266: rtg_try_acquire_lock: rtg_block: comm=tau_rt_3 rtgid=1002 tgid=3838 pid=3842 prio=94
        tau_rt_4-3840  [005] dn.3  1243.089270: rtg_try_acquire_lock: rtg_block: comm=tau_rt_4 rtgid=1002 tgid=3839 pid=3840 prio=94
       deepPicar-3790  [000] ...1  1243.089286: tracing_mark_write: gid=1001: job_start
       deepPicar-3790  [000] d..3  1243.090452: rtg_try_release_lock: rtg_release: comm=deepPicar rtgid=1001 tgid=3790 pid=3790 prio=93
          <idle>-0     [004] dn.3  1243.090455: rtg_try_acquire_lock: rtg_acquire: comm=tau_rt_3 rtgid=1002 tgid=3838 pid=3842 prio=94
       deepPicar-3790  [000] d..3  1243.090458: rtg_try_acquire_lock: rtg_preemptor: comm=deepPicar rtgid=1001 tgid=3790 pid=3807 prio=93
       deepPicar-3790  [000] d..3  1243.090459: rtg_try_acquire_lock: rtg_preemptee: comm=tau_rt_3 rtgid=1002 tgid=3838 pid=3842 prio=94
        tau_rt_2-3841  [003] dn.3  1243.090463: rtg_try_acquire_lock: rtg_block: comm=tau_rt_2 rtgid=1002 tgid=3837 pid=3841 prio=94
        tau_rt_3-3842  [004] dn.3  1243.090464: rtg_try_acquire_lock: rtg_block: comm=tau_rt_3 rtgid=1002 tgid=3838 pid=3842 prio=94
        tau_rt_4-3840  [005] dn.3  1243.090466: rtg_try_acquire_lock: rtg_block: comm=tau_rt_4 rtgid=1002 tgid=3839 pid=3840 prio=94
       deepPicar-3807  [000] d..3  1243.091239: rtg_try_release_lock: rtg_release: comm=deepPicar rtgid=1001 tgid=3790 pid=3807 prio=93
          <idle>-0     [004] dn.3  1243.091241: rtg_try_acquire_lock: rtg_acquire: comm=tau_rt_3 rtgid=1002 tgid=3838 pid=3842 prio=94
       deepPicar-3807  [000] d..3  1243.091243: rtg_try_acquire_lock: rtg_preemptor: comm=deepPicar rtgid=1001 tgid=3790 pid=3798 prio=93
       deepPicar-3807  [000] d..3  1243.091244: rtg_try_acquire_lock: rtg_preemptee: comm=tau_rt_3 rtgid=1002 tgid=3838 pid=3842 prio=94
        tau_rt_2-3841  [003] dn.3  1243.091248: rtg_try_acquire_lock: rtg_block: comm=tau_rt_2 rtgid=1002 tgid=3837 pid=3841 prio=94
        tau_rt_3-3842  [004] dn.3  1243.091249: rtg_try_acquire_lock: rtg_block: comm=tau_rt_3 rtgid=1002 tgid=3838 pid=3842 prio=94
        tau_rt_4-3840  [005] dn.3  1243.091250: rtg_try_acquire_lock: rtg_block: comm=tau_rt_4 rtgid=1002 tgid=3839 pid=3840 prio=94
       deepPicar-3790  [000] d..3  1243.102831: rtg_try_acquire_lock: rtg_block: comm=tau_rt_1 rtgid=1002 tgid=3833 pid=3836 prio=94
       deepPicar-3828  [004] d..3  1243.103291: rtg_try_release_lock: rtg_release: comm=deepPicar rtgid=1001 tgid=3794 pid=3828 prio=93
       deepPicar-3818  [003] dn.3  1243.103294: rtg_try_acquire_lock: rtg_acquire: comm=deepPicar rtgid=1001 tgid=3793 pid=3804 prio=93
          <idle>-0     [000] dn.3  1243.103298: rtg_try_acquire_lock: rtg_block: comm=tau_rt_1 rtgid=1002 tgid=3833 pid=3836 prio=94
       deepPicar-3804  [003] d..3  1243.117120: rtg_try_release_lock: rtg_release: comm=deepPicar rtgid=1001 tgid=3793 pid=3804 prio=93
       deepPicar-3802  [005] d..3  1243.117124: rtg_try_acquire_lock: rtg_acquire: comm=deepPicar rtgid=1001 tgid=3795 pid=3795 prio=93
          <idle>-0     [000] dn.3  1243.117127: rtg_try_acquire_lock: rtg_block: comm=tau_rt_1 rtgid=1002 tgid=3833 pid=3836 prio=94
       deepPicar-3794  [004] d..3  1243.117235: rtg_try_release_lock: rtg_release: comm=deepPicar rtgid=1001 tgid=3794 pid=3794 prio=93
       deepPicar-3793  [003] d..3  1243.117238: rtg_try_acquire_lock: rtg_acquire: comm=tau_rt_2 rtgid=1002 tgid=3837 pid=3841 prio=94
        tau_rt_1-3836  [000] ...1  1243.136632: tracing_mark_write: gid=1002: job_start
        tau_rt_1-3836  [000] dn.3  1243.139250: rtg_try_acquire_lock: rtg_preemptor: comm=deepPicar rtgid=1001 tgid=3790 pid=3790 prio=93
        tau_rt_1-3836  [000] dn.3  1243.139253: rtg_try_acquire_lock: rtg_preemptee: comm=tau_rt_2 rtgid=1002 tgid=3837 pid=3841 prio=94
        tau_rt_2-3841  [003] dn.3  1243.139265: rtg_try_acquire_lock: rtg_block: comm=tau_rt_2 rtgid=1002 tgid=3837 pid=3841 prio=94
        tau_rt_4-3840  [005] dn.3  1243.139269: rtg_try_acquire_lock: rtg_block: comm=tau_rt_4 rtgid=1002 tgid=3839 pid=3840 prio=94
        tau_rt_3-3842  [004] dn.3  1243.139273: rtg_try_acquire_lock: rtg_block: comm=tau_rt_3 rtgid=1002 tgid=3838 pid=3842 prio=94
       deepPicar-3790  [000] ...1  1243.139287: tracing_mark_write: gid=1001: job_start
       deepPicar-3790  [000] d..3  1243.140525: rtg_try_release_lock: rtg_release: comm=deepPicar rtgid=1001 tgid=3790 pid=3790 prio=93
          <idle>-0     [005] dn.3  1243.140528: rtg_try_acquire_lock: rtg_acquire: comm=tau_rt_4 rtgid=1002 tgid=3839 pid=3840 prio=94
       deepPicar-3790  [000] d..3  1243.140531: rtg_try_acquire_lock: rtg_preemptor: comm=deepPicar rtgid=1001 tgid=3790 pid=3808 prio=93
       deepPicar-3790  [000] d..3  1243.140532: rtg_try_acquire_lock: rtg_preemptee: comm=tau_rt_4 rtgid=1002 tgid=3839 pid=3840 prio=94
        tau_rt_2-3841  [003] dn.3  1243.140535: rtg_try_acquire_lock: rtg_block: comm=tau_rt_2 rtgid=1002 tgid=3837 pid=3841 prio=94
        tau_rt_3-3842  [004] dn.3  1243.140537: rtg_try_acquire_lock: rtg_block: comm=tau_rt_3 rtgid=1002 tgid=3838 pid=3842 prio=94
        tau_rt_4-3840  [005] dn.3  1243.140539: rtg_try_acquire_lock: rtg_block: comm=tau_rt_4 rtgid=1002 tgid=3839 pid=3840 prio=94
       deepPicar-3808  [000] d..3  1243.141311: rtg_try_release_lock: rtg_release: comm=deepPicar rtgid=1001 tgid=3790 pid=3808 prio=93
          <idle>-0     [004] dn.3  1243.141313: rtg_try_acquire_lock: rtg_acquire: comm=tau_rt_3 rtgid=1002 tgid=3838 pid=3842 prio=94
       deepPicar-3808  [000] d..3  1243.141316: rtg_try_acquire_lock: rtg_preemptor: comm=deepPicar rtgid=1001 tgid=3790 pid=3798 prio=93
       deepPicar-3808  [000] d..3  1243.141316: rtg_try_acquire_lock: rtg_preemptee: comm=tau_rt_3 rtgid=1002 tgid=3838 pid=3842 prio=94
        tau_rt_2-3841  [003] dn.3  1243.141320: rtg_try_acquire_lock: rtg_block: comm=tau_rt_2 rtgid=1002 tgid=3837 pid=3841 prio=94
        tau_rt_3-3842  [004] dn.3  1243.141321: rtg_try_acquire_lock: rtg_block: comm=tau_rt_3 rtgid=1002 tgid=3838 pid=3842 prio=94
        tau_rt_4-3840  [005] dn.3  1243.141322: rtg_try_acquire_lock: rtg_block: comm=tau_rt_4 rtgid=1002 tgid=3839 pid=3840 prio=94
       deepPicar-3790  [000] d..3  1243.153303: rtg_try_acquire_lock: rtg_block: comm=tau_rt_1 rtgid=1002 tgid=3833 pid=3836 prio=94
       deepPicar-3804  [003] d..3  1243.167197: rtg_try_release_lock: rtg_release: comm=deepPicar rtgid=1001 tgid=3793 pid=3804 prio=93
       deepPicar-3802  [005] dn.3  1243.167201: rtg_try_acquire_lock: rtg_acquire: comm=deepPicar rtgid=1001 tgid=3795 pid=3795 prio=93
          <idle>-0     [000] dn.3  1243.167205: rtg_try_acquire_lock: rtg_block: comm=tau_rt_1 rtgid=1002 tgid=3833 pid=3836 prio=94
       deepPicar-3795  [005] d..3  1243.167317: rtg_try_release_lock: rtg_release: comm=deepPicar rtgid=1001 tgid=3795 pid=3795 prio=93
       deepPicar-3794  [004] d..3  1243.167320: rtg_try_acquire_lock: rtg_acquire: comm=tau_rt_3 rtgid=1002 tgid=3838 pid=3842 prio=94
        tau_rt_1-3836  [000] ...1  1243.187986: tracing_mark_write: gid=1002: job_start
        tau_rt_1-3836  [000] dn.3  1243.189247: rtg_try_acquire_lock: rtg_preemptor: comm=deepPicar rtgid=1001 tgid=3790 pid=3790 prio=93
        tau_rt_1-3836  [000] dn.3  1243.189250: rtg_try_acquire_lock: rtg_preemptee: comm=tau_rt_3 rtgid=1002 tgid=3838 pid=3842 prio=94
        tau_rt_2-3841  [003] dn.3  1243.189262: rtg_try_acquire_lock: rtg_block: comm=tau_rt_2 rtgid=1002 tgid=3837 pid=3841 prio=94
        tau_rt_3-3842  [004] dn.3  1243.189266: rtg_try_acquire_lock: rtg_block: comm=tau_rt_3 rtgid=1002 tgid=3838 pid=3842 prio=94
        tau_rt_4-3840  [005] dn.3  1243.189268: rtg_try_acquire_lock: rtg_block: comm=tau_rt_4 rtgid=1002 tgid=3839 pid=3840 prio=94
       deepPicar-3790  [000] ...1  1243.189283: tracing_mark_write: gid=1001: job_start
       deepPicar-3790  [000] d..3  1243.190454: rtg_try_release_lock: rtg_release: comm=deepPicar rtgid=1001 tgid=3790 pid=3790 prio=93
          <idle>-0     [005] dn.3  1243.190457: rtg_try_acquire_lock: rtg_acquire: comm=tau_rt_4 rtgid=1002 tgid=3839 pid=3840 prio=94
       deepPicar-3790  [000] d..3  1243.190460: rtg_try_acquire_lock: rtg_preemptor: comm=deepPicar rtgid=1001 tgid=3790 pid=3809 prio=93
