# tracer: nop
#
# entries-in-buffer/entries-written: 10798/10798   #P:6
#
#                              _-----=> irqs-off
#                             / _----=> need-resched
#                            | / _---=> hardirq/softirq
#                            || / _--=> preempt-depth
#                            ||| /     delay
#           TASK-PID   CPU#  ||||    TIMESTAMP  FUNCTION
#              | |       |   ||||       |         |
        tau_rt_4-3121  [000] d..3   513.393356: rtg_try_acquire_lock: rtg_acquire: comm=tau_rt_4 rtgid=1001 tgid=3121 pid=3124 prio=93
        tau_rt_4-3124  [000] ...1   513.393413: tracing_mark_write: gid=1001: job_start
        tau_rt_4-3124  [000] d..3   513.413656: rtg_try_release_lock: rtg_release: comm=tau_rt_4 rtgid=1001 tgid=3121 pid=3124 prio=93
          <idle>-0     [000] dn.3   513.468425: rtg_try_acquire_lock: rtg_acquire: comm=tau_rt_4 rtgid=1001 tgid=3121 pid=3124 prio=93
        tau_rt_4-3124  [000] ...1   513.468460: tracing_mark_write: gid=1001: job_start
        tau_rt_4-3124  [000] d..3   513.490582: rtg_try_release_lock: rtg_release: comm=tau_rt_4 rtgid=1001 tgid=3121 pid=3124 prio=93
          <idle>-0     [000] dn.3   513.543426: rtg_try_acquire_lock: rtg_acquire: comm=tau_rt_4 rtgid=1001 tgid=3121 pid=3124 prio=93
        tau_rt_4-3124  [000] ...1   513.543453: tracing_mark_write: gid=1001: job_start
        tau_rt_4-3124  [000] d..3   513.566009: rtg_try_release_lock: rtg_release: comm=tau_rt_4 rtgid=1001 tgid=3121 pid=3124 prio=93
       deepPicar-3126  [004] d..3   513.592472: rtg_try_acquire_lock: rtg_acquire: comm=deepPicar rtgid=1001 tgid=3126 pid=3129 prio=93
       deepPicar-3130  [003] d..3   513.592544: rtg_try_release_lock: rtg_release: comm=deepPicar rtgid=1001 tgid=3125 pid=3130 prio=93
       deepPicar-3131  [005] d..3   513.592547: rtg_try_acquire_lock: rtg_acquire: comm=deepPicar rtgid=1001 tgid=3127 pid=3132 prio=93
       deepPicar-3125  [003] d..3   513.594057: rtg_try_release_lock: rtg_release: comm=deepPicar rtgid=1001 tgid=3125 pid=3125 prio=93
       deepPicar-3126  [004] d..3   513.594061: rtg_try_acquire_lock: rtg_acquire: comm=deepPicar rtgid=1001 tgid=3126 pid=3143 prio=93
       deepPicar-3125  [003] d..3   513.594952: rtg_try_release_lock: rtg_release: comm=deepPicar rtgid=1001 tgid=3125 pid=3125 prio=93
       deepPicar-3126  [004] d..3   513.594955: rtg_try_acquire_lock: rtg_acquire: comm=deepPicar rtgid=1001 tgid=3126 pid=3146 prio=93
       deepPicar-3126  [004] d..3   513.595803: rtg_try_release_lock: rtg_release: comm=deepPicar rtgid=1001 tgid=3126 pid=3126 prio=93
       deepPicar-3127  [005] d..3   513.595806: rtg_try_acquire_lock: rtg_acquire: comm=deepPicar rtgid=1001 tgid=3127 pid=3149 prio=93
       deepPicar-3127  [005] d..3   513.596632: rtg_try_release_lock: rtg_release: comm=deepPicar rtgid=1001 tgid=3127 pid=3127 prio=93
       deepPicar-3125  [003] d..3   513.596635: rtg_try_acquire_lock: rtg_acquire: comm=deepPicar rtgid=1001 tgid=3125 pid=3151 prio=93
       deepPicar-3151  [003] d..3   513.597148: rtg_try_release_lock: rtg_release: comm=deepPicar rtgid=1001 tgid=3125 pid=3151 prio=93
       deepPicar-3152  [005] d..3   513.597151: rtg_try_acquire_lock: rtg_acquire: comm=deepPicar rtgid=1001 tgid=3127 pid=3127 prio=93
        tau_rt_4-3124  [000] ...1   513.618444: tracing_mark_write: gid=1001: job_start
       deepPicar-3125  [003] d..3   513.686613: rtg_try_release_lock: rtg_release: comm=deepPicar rtgid=1001 tgid=3125 pid=3125 prio=93
       deepPicar-3126  [004] d..3   513.686617: rtg_try_acquire_lock: rtg_acquire: comm=deepPicar rtgid=1001 tgid=3126 pid=3153 prio=93
        tau_rt_4-3124  [000] ...1   513.693446: tracing_mark_write: gid=1001: job_start
       deepPicar-3134  [004] d..3   513.721439: rtg_try_release_lock: rtg_release: comm=deepPicar rtgid=1001 tgid=3126 pid=3134 prio=93
       deepPicar-3134  [004] d..3   513.721442: rtg_try_acquire_lock: rtg_acquire: comm=deepPicar rtgid=1001 tgid=3126 pid=3126 prio=93
       deepPicar-3126  [004] d..3   513.721555: rtg_try_release_lock: rtg_release: comm=deepPicar rtgid=1001 tgid=3126 pid=3126 prio=93
          <idle>-0     [000] dn.3   513.768420: rtg_try_acquire_lock: rtg_acquire: comm=tau_rt_4 rtgid=1001 tgid=3121 pid=3124 prio=93
        tau_rt_4-3124  [000] ...1   513.768439: tracing_mark_write: gid=1001: job_start
       deepPicar-3134  [004] d..3   513.796746: rtg_try_release_lock: rtg_release: comm=deepPicar rtgid=1001 tgid=3126 pid=3134 prio=93
       deepPicar-3134  [004] d..3   513.796750: rtg_try_acquire_lock: rtg_acquire: comm=deepPicar rtgid=1001 tgid=3126 pid=3126 prio=93
       deepPicar-3126  [004] d..3   513.796839: rtg_try_release_lock: rtg_release: comm=deepPicar rtgid=1001 tgid=3126 pid=3126 prio=93
          <idle>-0     [000] dn.3   513.843418: rtg_try_acquire_lock: rtg_acquire: comm=tau_rt_4 rtgid=1001 tgid=3121 pid=3124 prio=93
        tau_rt_4-3124  [000] ...1   513.843439: tracing_mark_write: gid=1001: job_start
       deepPicar-3134  [004] d..3   513.871852: rtg_try_release_lock: rtg_release: comm=deepPicar rtgid=1001 tgid=3126 pid=3134 prio=93
       deepPicar-3134  [004] d..3   513.871856: rtg_try_acquire_lock: rtg_acquire: comm=deepPicar rtgid=1001 tgid=3126 pid=3126 prio=93
       deepPicar-3126  [004] d..3   513.871944: rtg_try_release_lock: rtg_release: comm=deepPicar rtgid=1001 tgid=3126 pid=3126 prio=93
          <idle>-0     [000] dn.3   513.918421: rtg_try_acquire_lock: rtg_acquire: comm=tau_rt_4 rtgid=1001 tgid=3121 pid=3124 prio=93
        tau_rt_4-3124  [000] ...1   513.918440: tracing_mark_write: gid=1001: job_start
       deepPicar-3126  [004] d..3   513.946816: rtg_try_release_lock: rtg_release: comm=deepPicar rtgid=1001 tgid=3126 pid=3126 prio=93
          <idle>-0     [000] dn.3   513.993417: rtg_try_acquire_lock: rtg_acquire: comm=tau_rt_4 rtgid=1001 tgid=3121 pid=3124 prio=93
        tau_rt_4-3124  [000] ...1   513.993437: tracing_mark_write: gid=1001: job_start
       deepPicar-3126  [004] d..3   514.021773: rtg_try_release_lock: rtg_release: comm=deepPicar rtgid=1001 tgid=3126 pid=3126 prio=93
          <idle>-0     [000] dn.3   514.068417: rtg_try_acquire_lock: rtg_acquire: comm=tau_rt_4 rtgid=1001 tgid=3121 pid=3124 prio=93
        tau_rt_4-3124  [000] ...1   514.068436: tracing_mark_write: gid=1001: job_start
       deepPicar-3126  [004] d..3   514.096685: rtg_try_release_lock: rtg_release: comm=deepPicar rtgid=1001 tgid=3126 pid=3126 prio=93
          <idle>-0     [000] dn.3   514.143420: rtg_try_acquire_lock: rtg_acquire: comm=tau_rt_4 rtgid=1001 tgid=3121 pid=3124 prio=93
        tau_rt_4-3124  [000] ...1   514.143439: tracing_mark_write: gid=1001: job_start
       deepPicar-3134  [004] d..3   514.172235: rtg_try_release_lock: rtg_release: comm=deepPicar rtgid=1001 tgid=3126 pid=3134 prio=93
       deepPicar-3134  [004] d..3   514.172239: rtg_try_acquire_lock: rtg_acquire: comm=deepPicar rtgid=1001 tgid=3126 pid=3126 prio=93
       deepPicar-3126  [004] d..3   514.172326: rtg_try_release_lock: rtg_release: comm=deepPicar rtgid=1001 tgid=3126 pid=3126 prio=93
          <idle>-0     [000] dn.3   514.218417: rtg_try_acquire_lock: rtg_acquire: comm=tau_rt_4 rtgid=1001 tgid=3121 pid=3124 prio=93
        tau_rt_4-3124  [000] ...1   514.218437: tracing_mark_write: gid=1001: job_start
       deepPicar-3126  [004] d..3   514.246786: rtg_try_release_lock: rtg_release: comm=deepPicar rtgid=1001 tgid=3126 pid=3126 prio=93
          <idle>-0     [000] dn.3   514.293418: rtg_try_acquire_lock: rtg_acquire: comm=tau_rt_4 rtgid=1001 tgid=3121 pid=3124 prio=93
        tau_rt_4-3124  [000] ...1   514.293438: tracing_mark_write: gid=1001: job_start
       deepPicar-3134  [004] d..3   514.322117: rtg_try_release_lock: rtg_release: comm=deepPicar rtgid=1001 tgid=3126 pid=3134 prio=93
       deepPicar-3134  [004] d..3   514.322120: rtg_try_acquire_lock: rtg_acquire: comm=deepPicar rtgid=1001 tgid=3126 pid=3126 prio=93
       deepPicar-3126  [004] d..3   514.322209: rtg_try_release_lock: rtg_release: comm=deepPicar rtgid=1001 tgid=3126 pid=3126 prio=93
          <idle>-0     [000] dn.3   514.368417: rtg_try_acquire_lock: rtg_acquire: comm=tau_rt_4 rtgid=1001 tgid=3121 pid=3124 prio=93
        tau_rt_4-3124  [000] ...1   514.368437: tracing_mark_write: gid=1001: job_start
       deepPicar-3134  [004] d..3   514.396982: rtg_try_release_lock: rtg_release: comm=deepPicar rtgid=1001 tgid=3126 pid=3134 prio=93
       deepPicar-3134  [004] d..3   514.396985: rtg_try_acquire_lock: rtg_acquire: comm=deepPicar rtgid=1001 tgid=3126 pid=3126 prio=93
       deepPicar-3126  [004] d..3   514.397076: rtg_try_release_lock: rtg_release: comm=deepPicar rtgid=1001 tgid=3126 pid=3126 prio=93
          <idle>-0     [000] dn.3   514.443420: rtg_try_acquire_lock: rtg_acquire: comm=tau_rt_4 rtgid=1001 tgid=3121 pid=3124 prio=93
        tau_rt_4-3124  [000] ...1   514.443446: tracing_mark_write: gid=1001: job_start
       deepPicar-3133  [003] d..3   514.472650: rtg_try_release_lock: rtg_release: comm=deepPicar rtgid=1001 tgid=3125 pid=3133 prio=93
       deepPicar-3132  [005] d..3   514.472655: rtg_try_acquire_lock: rtg_acquire: comm=deepPicar rtgid=1001 tgid=3127 pid=3127 prio=93
       deepPicar-3125  [003] d..3   514.472772: rtg_try_release_lock: rtg_release: comm=deepPicar rtgid=1001 tgid=3125 pid=3125 prio=93
        tau_rt_2-3159  [003] d..3   514.482174: rtg_try_acquire_lock: rtg_acquire: comm=tau_rt_2 rtgid=1002 tgid=3159 pid=3159 prio=94
        tau_rt_2-3159  [003] d..3   514.482250: rtg_try_release_lock: rtg_release: comm=tau_rt_2 rtgid=1002 tgid=3159 pid=3159 prio=94
        tau_rt_3-3160  [004] d..3   514.482252: rtg_try_acquire_lock: rtg_acquire: comm=tau_rt_3 rtgid=1002 tgid=3160 pid=3162 prio=94
        tau_rt_2-3163  [003] d..3   514.510070: rtg_try_release_lock: rtg_release: comm=tau_rt_2 rtgid=1002 tgid=3159 pid=3163 prio=94
       deepPicar-3156  [000] dn.3   514.518425: rtg_try_acquire_lock: rtg_acquire: comm=tau_rt_4 rtgid=1001 tgid=3121 pid=3124 prio=93
        tau_rt_4-3124  [000] ...1   514.518455: tracing_mark_write: gid=1001: job_start
       deepPicar-3133  [003] d..3   514.547100: rtg_try_release_lock: rtg_release: comm=deepPicar rtgid=1001 tgid=3125 pid=3133 prio=93
       deepPicar-3134  [004] d..3   514.547104: rtg_try_acquire_lock: rtg_acquire: comm=deepPicar rtgid=1001 tgid=3126 pid=3126 prio=93
       deepPicar-3125  [003] d..3   514.547221: rtg_try_release_lock: rtg_release: comm=deepPicar rtgid=1001 tgid=3125 pid=3125 prio=93
          <idle>-0     [004] dn.3   514.557316: rtg_try_acquire_lock: rtg_acquire: comm=tau_rt_3 rtgid=1002 tgid=3160 pid=3162 prio=94
        tau_rt_2-3163  [003] d..3   514.584460: rtg_try_release_lock: rtg_release: comm=tau_rt_2 rtgid=1002 tgid=3159 pid=3163 prio=94
       deepPicar-3156  [000] dn.3   514.593428: rtg_try_acquire_lock: rtg_acquire: comm=tau_rt_4 rtgid=1001 tgid=3121 pid=3124 prio=93
        tau_rt_4-3124  [000] ...1   514.593454: tracing_mark_write: gid=1001: job_start
       deepPicar-3134  [004] d..3   514.622024: rtg_try_release_lock: rtg_release: comm=deepPicar rtgid=1001 tgid=3126 pid=3134 prio=93
       deepPicar-3134  [004] d..3   514.622028: rtg_try_acquire_lock: rtg_acquire: comm=deepPicar rtgid=1001 tgid=3126 pid=3126 prio=93
       deepPicar-3126  [004] d..3   514.622125: rtg_try_release_lock: rtg_release: comm=deepPicar rtgid=1001 tgid=3126 pid=3126 prio=93
          <idle>-0     [005] dn.3   514.632316: rtg_try_acquire_lock: rtg_acquire: comm=tau_rt_4 rtgid=1002 tgid=3161 pid=3164 prio=94
        tau_rt_2-3163  [003] d..3   514.659675: rtg_try_release_lock: rtg_release: comm=tau_rt_2 rtgid=1002 tgid=3159 pid=3163 prio=94
       deepPicar-3156  [000] dn.3   514.668422: rtg_try_acquire_lock: rtg_acquire: comm=tau_rt_4 rtgid=1001 tgid=3121 pid=3124 prio=93
        tau_rt_4-3124  [000] ...1   514.668452: tracing_mark_write: gid=1001: job_start
       deepPicar-3134  [004] d..3   514.696764: rtg_try_release_lock: rtg_release: comm=deepPicar rtgid=1001 tgid=3126 pid=3134 prio=93
       deepPicar-3133  [003] d..3   514.696768: rtg_try_acquire_lock: rtg_acquire: comm=deepPicar rtgid=1001 tgid=3125 pid=3125 prio=93
       deepPicar-3126  [004] d..3   514.696886: rtg_try_release_lock: rtg_release: comm=deepPicar rtgid=1001 tgid=3126 pid=3126 prio=93
          <idle>-0     [004] dn.3   514.707326: rtg_try_acquire_lock: rtg_acquire: comm=tau_rt_3 rtgid=1002 tgid=3160 pid=3162 prio=94
        tau_rt_2-3163  [003] d..3   514.734788: rtg_try_release_lock: rtg_release: comm=tau_rt_2 rtgid=1002 tgid=3159 pid=3163 prio=94
       deepPicar-3156  [000] dn.3   514.743430: rtg_try_acquire_lock: rtg_acquire: comm=tau_rt_4 rtgid=1001 tgid=3121 pid=3124 prio=93
        tau_rt_4-3124  [000] ...1   514.743462: tracing_mark_write: gid=1001: job_start
        tau_rt_4-3124  [000] d..3   514.765800: rtg_try_acquire_lock: rtg_block: comm=deepPicar rtgid=1002 tgid=3156 pid=3156 prio=94
       deepPicar-3134  [004] d..3   514.772190: rtg_try_release_lock: rtg_release: comm=deepPicar rtgid=1001 tgid=3126 pid=3134 prio=93
          <idle>-0     [000] dn.3   514.772193: rtg_try_acquire_lock: rtg_acquire: comm=deepPicar rtgid=1002 tgid=3156 pid=3156 prio=94
       deepPicar-3134  [004] d..3   514.772196: rtg_try_acquire_lock: rtg_preemptor: comm=deepPicar rtgid=1001 tgid=3126 pid=3126 prio=93
       deepPicar-3134  [004] d..3   514.772197: rtg_try_acquire_lock: rtg_preemptee: comm=deepPicar rtgid=1002 tgid=3156 pid=3156 prio=94
       deepPicar-3156  [000] dn.3   514.772200: rtg_try_acquire_lock: rtg_block: comm=deepPicar rtgid=1002 tgid=3156 pid=3156 prio=94
       deepPicar-3126  [004] d..3   514.772291: rtg_try_release_lock: rtg_release: comm=deepPicar rtgid=1001 tgid=3126 pid=3126 prio=93
          <idle>-0     [000] dn.3   514.772294: rtg_try_acquire_lock: rtg_acquire: comm=deepPicar rtgid=1002 tgid=3156 pid=3156 prio=94
       deepPicar-3156  [000] d..3   514.772298: rtg_try_release_lock: rtg_release: comm=deepPicar rtgid=1002 tgid=3156 pid=3156 prio=94
       deepPicar-3156  [000] d..3   514.772299: rtg_try_acquire_lock: rtg_acquire: comm=deepPicar rtgid=1002 tgid=3156 pid=3156 prio=94
       deepPicar-3156  [000] dn.3   514.818436: rtg_try_release_lock: rtg_release: comm=deepPicar rtgid=1002 tgid=3156 pid=3156 prio=94
       deepPicar-3156  [000] dn.3   514.818439: rtg_try_acquire_lock: rtg_acquire: comm=tau_rt_4 rtgid=1001 tgid=3121 pid=3124 prio=93
        tau_rt_4-3124  [000] ...1   514.818465: tracing_mark_write: gid=1001: job_start
        tau_rt_4-3124  [000] d..3   514.840903: rtg_try_acquire_lock: rtg_block: comm=deepPicar rtgid=1002 tgid=3156 pid=3156 prio=94
       deepPicar-3134  [004] d..3   514.846954: rtg_try_release_lock: rtg_release: comm=deepPicar rtgid=1001 tgid=3126 pid=3134 prio=93
          <idle>-0     [000] dn.3   514.846957: rtg_try_acquire_lock: rtg_acquire: comm=deepPicar rtgid=1002 tgid=3156 pid=3156 prio=94
       deepPicar-3134  [004] d..3   514.846959: rtg_try_acquire_lock: rtg_preemptor: comm=deepPicar rtgid=1001 tgid=3126 pid=3126 prio=93
       deepPicar-3134  [004] d..3   514.846960: rtg_try_acquire_lock: rtg_preemptee: comm=deepPicar rtgid=1002 tgid=3156 pid=3156 prio=94
       deepPicar-3156  [000] dn.3   514.846964: rtg_try_acquire_lock: rtg_block: comm=deepPicar rtgid=1002 tgid=3156 pid=3156 prio=94
       deepPicar-3126  [004] d..3   514.847047: rtg_try_release_lock: rtg_release: comm=deepPicar rtgid=1001 tgid=3126 pid=3126 prio=93
          <idle>-0     [000] dn.3   514.847050: rtg_try_acquire_lock: rtg_acquire: comm=deepPicar rtgid=1002 tgid=3156 pid=3156 prio=94
       deepPicar-3156  [000] dn.3   514.893441: rtg_try_release_lock: rtg_release: comm=deepPicar rtgid=1002 tgid=3156 pid=3156 prio=94
       deepPicar-3156  [000] dn.3   514.893444: rtg_try_acquire_lock: rtg_acquire: comm=tau_rt_4 rtgid=1001 tgid=3121 pid=3124 prio=93
        tau_rt_4-3124  [000] ...1   514.893470: tracing_mark_write: gid=1001: job_start
        tau_rt_4-3124  [000] d..3   514.915815: rtg_try_acquire_lock: rtg_block: comm=deepPicar rtgid=1002 tgid=3156 pid=3156 prio=94
       deepPicar-3134  [004] d..3   514.922128: rtg_try_release_lock: rtg_release: comm=deepPicar rtgid=1001 tgid=3126 pid=3134 prio=93
          <idle>-0     [000] dn.3   514.922131: rtg_try_acquire_lock: rtg_acquire: comm=deepPicar rtgid=1002 tgid=3156 pid=3156 prio=94
       deepPicar-3134  [004] d..3   514.922134: rtg_try_acquire_lock: rtg_preemptor: comm=deepPicar rtgid=1001 tgid=3126 pid=3126 prio=93
       deepPicar-3134  [004] d..3   514.922135: rtg_try_acquire_lock: rtg_preemptee: comm=deepPicar rtgid=1002 tgid=3156 pid=3156 prio=94
       deepPicar-3156  [000] dn.3   514.922139: rtg_try_acquire_lock: rtg_block: comm=deepPicar rtgid=1002 tgid=3156 pid=3156 prio=94
       deepPicar-3126  [004] d..3   514.922234: rtg_try_release_lock: rtg_release: comm=deepPicar rtgid=1001 tgid=3126 pid=3126 prio=93
          <idle>-0     [000] dn.3   514.922235: rtg_try_acquire_lock: rtg_acquire: comm=deepPicar rtgid=1002 tgid=3156 pid=3156 prio=94
       deepPicar-3166  [000] dn.3   514.968425: rtg_try_release_lock: rtg_release: comm=deepPicar rtgid=1002 tgid=3156 pid=3166 prio=94
       deepPicar-3166  [000] dn.3   514.968428: rtg_try_acquire_lock: rtg_acquire: comm=tau_rt_4 rtgid=1001 tgid=3121 pid=3124 prio=93
        tau_rt_4-3124  [000] ...1   514.968453: tracing_mark_write: gid=1001: job_start
        tau_rt_4-3124  [000] d..3   514.990870: rtg_try_acquire_lock: rtg_block: comm=deepPicar rtgid=1002 tgid=3156 pid=3166 prio=94
       deepPicar-3126  [004] d..3   514.997023: rtg_try_release_lock: rtg_release: comm=deepPicar rtgid=1001 tgid=3126 pid=3126 prio=93
          <idle>-0     [000] dn.3   514.997026: rtg_try_acquire_lock: rtg_acquire: comm=deepPicar rtgid=1002 tgid=3156 pid=3166 prio=94
       deepPicar-3166  [000] d..3   515.000948: rtg_try_release_lock: rtg_release: comm=deepPicar rtgid=1002 tgid=3156 pid=3166 prio=94
       deepPicar-3166  [000] d..3   515.000951: rtg_try_acquire_lock: rtg_acquire: comm=deepPicar rtgid=1002 tgid=3156 pid=3156 prio=94
       deepPicar-3156  [000] ...1   515.001055: tracing_mark_write: gid=1002: job_start
       deepPicar-3156  [000] d..3   515.002153: rtg_try_release_lock: rtg_release: comm=deepPicar rtgid=1002 tgid=3156 pid=3156 prio=94
       deepPicar-3156  [000] d..3   515.002155: rtg_try_acquire_lock: rtg_acquire: comm=deepPicar rtgid=1002 tgid=3156 pid=3168 prio=94
       deepPicar-3168  [000] d..3   515.002639: rtg_try_release_lock: rtg_release: comm=deepPicar rtgid=1002 tgid=3156 pid=3168 prio=94
       deepPicar-3168  [000] d..3   515.002640: rtg_try_acquire_lock: rtg_acquire: comm=deepPicar rtgid=1002 tgid=3156 pid=3166 prio=94
        tau_rt_2-3163  [003] d..3   515.034842: rtg_try_release_lock: rtg_release: comm=tau_rt_2 rtgid=1002 tgid=3159 pid=3163 prio=94
          <idle>-0     [000] dn.3   515.043424: rtg_try_acquire_lock: rtg_acquire: comm=tau_rt_4 rtgid=1001 tgid=3121 pid=3124 prio=93
        tau_rt_4-3124  [000] ...1   515.043449: tracing_mark_write: gid=1001: job_start
       deepPicar-3126  [004] d..3   515.072189: rtg_try_release_lock: rtg_release: comm=deepPicar rtgid=1001 tgid=3126 pid=3126 prio=93
          <idle>-0     [000] dn.3   515.076061: rtg_try_acquire_lock: rtg_acquire: comm=deepPicar rtgid=1002 tgid=3156 pid=3156 prio=94
       deepPicar-3156  [000] ...1   515.076081: tracing_mark_write: gid=1002: job_start
       deepPicar-3156  [000] d..3   515.077212: rtg_try_release_lock: rtg_release: comm=deepPicar rtgid=1002 tgid=3156 pid=3156 prio=94
       deepPicar-3156  [000] d..3   515.077214: rtg_try_acquire_lock: rtg_acquire: comm=deepPicar rtgid=1002 tgid=3156 pid=3169 prio=94
       deepPicar-3169  [000] d..3   515.077629: rtg_try_release_lock: rtg_release: comm=deepPicar rtgid=1002 tgid=3156 pid=3169 prio=94
       deepPicar-3169  [000] d..3   515.077632: rtg_try_acquire_lock: rtg_acquire: comm=deepPicar rtgid=1002 tgid=3156 pid=3166 prio=94
        tau_rt_2-3163  [003] d..3   515.109577: rtg_try_release_lock: rtg_release: comm=tau_rt_2 rtgid=1002 tgid=3159 pid=3163 prio=94
          <idle>-0     [000] dn.3   515.118429: rtg_try_acquire_lock: rtg_acquire: comm=tau_rt_4 rtgid=1001 tgid=3121 pid=3124 prio=93
        tau_rt_4-3124  [000] ...1   515.118454: tracing_mark_write: gid=1001: job_start
       deepPicar-3134  [004] d..3   515.147105: rtg_try_release_lock: rtg_release: comm=deepPicar rtgid=1001 tgid=3126 pid=3134 prio=93
       deepPicar-3134  [004] d..3   515.147109: rtg_try_acquire_lock: rtg_acquire: comm=deepPicar rtgid=1001 tgid=3126 pid=3126 prio=93
       deepPicar-3126  [004] d..3   515.147200: rtg_try_release_lock: rtg_release: comm=deepPicar rtgid=1001 tgid=3126 pid=3126 prio=93
          <idle>-0     [000] dn.3   515.151059: rtg_try_acquire_lock: rtg_acquire: comm=deepPicar rtgid=1002 tgid=3156 pid=3156 prio=94
       deepPicar-3156  [000] ...1   515.151080: tracing_mark_write: gid=1002: job_start
       deepPicar-3156  [000] d..3   515.152255: rtg_try_release_lock: rtg_release: comm=deepPicar rtgid=1002 tgid=3156 pid=3156 prio=94
       deepPicar-3156  [000] d..3   515.152258: rtg_try_acquire_lock: rtg_acquire: comm=deepPicar rtgid=1002 tgid=3156 pid=3170 prio=94
       deepPicar-3170  [000] d..3   515.152646: rtg_try_release_lock: rtg_release: comm=deepPicar rtgid=1002 tgid=3156 pid=3170 prio=94
       deepPicar-3170  [000] d..3   515.152648: rtg_try_acquire_lock: rtg_acquire: comm=deepPicar rtgid=1002 tgid=3156 pid=3166 prio=94
        tau_rt_2-3163  [003] d..3   515.184470: rtg_try_release_lock: rtg_release: comm=tau_rt_2 rtgid=1002 tgid=3159 pid=3163 prio=94
          <idle>-0     [000] dn.3   515.193421: rtg_try_acquire_lock: rtg_acquire: comm=tau_rt_4 rtgid=1001 tgid=3121 pid=3124 prio=93
        tau_rt_4-3124  [000] ...1   515.193447: tracing_mark_write: gid=1001: job_start
       deepPicar-3134  [004] d..3   515.222190: rtg_try_release_lock: rtg_release: comm=deepPicar rtgid=1001 tgid=3126 pid=3134 prio=93
       deepPicar-3134  [004] d..3   515.222193: rtg_try_acquire_lock: rtg_acquire: comm=deepPicar rtgid=1001 tgid=3126 pid=3126 prio=93
       deepPicar-3126  [004] d..3   515.222285: rtg_try_release_lock: rtg_release: comm=deepPicar rtgid=1001 tgid=3126 pid=3126 prio=93
          <idle>-0     [000] dn.3   515.226057: rtg_try_acquire_lock: rtg_acquire: comm=deepPicar rtgid=1002 tgid=3156 pid=3156 prio=94
       deepPicar-3156  [000] ...1   515.226077: tracing_mark_write: gid=1002: job_start
       deepPicar-3156  [000] d..3   515.227199: rtg_try_release_lock: rtg_release: comm=deepPicar rtgid=1002 tgid=3156 pid=3156 prio=94
       deepPicar-3156  [000] d..3   515.227202: rtg_try_acquire_lock: rtg_acquire: comm=deepPicar rtgid=1002 tgid=3156 pid=3171 prio=94
       deepPicar-3171  [000] d..3   515.227602: rtg_try_release_lock: rtg_release: comm=deepPicar rtgid=1002 tgid=3156 pid=3171 prio=94
       deepPicar-3171  [000] d..3   515.227604: rtg_try_acquire_lock: rtg_acquire: comm=deepPicar rtgid=1002 tgid=3156 pid=3166 prio=94
        tau_rt_2-3163  [003] d..3   515.259574: rtg_try_release_lock: rtg_release: comm=tau_rt_2 rtgid=1002 tgid=3159 pid=3163 prio=94
          <idle>-0     [000] dn.3   515.268425: rtg_try_acquire_lock: rtg_acquire: comm=tau_rt_4 rtgid=1001 tgid=3121 pid=3124 prio=93
        tau_rt_4-3124  [000] ...1   515.268450: tracing_mark_write: gid=1001: job_start
       deepPicar-3134  [004] d..3   515.297035: rtg_try_release_lock: rtg_release: comm=deepPicar rtgid=1001 tgid=3126 pid=3134 prio=93
       deepPicar-3133  [003] d..3   515.297039: rtg_try_acquire_lock: rtg_acquire: comm=deepPicar rtgid=1001 tgid=3125 pid=3125 prio=93
       deepPicar-3126  [004] d..3   515.297153: rtg_try_release_lock: rtg_release: comm=deepPicar rtgid=1001 tgid=3126 pid=3126 prio=93
          <idle>-0     [000] dn.3   515.301058: rtg_try_acquire_lock: rtg_acquire: comm=deepPicar rtgid=1002 tgid=3156 pid=3156 prio=94
       deepPicar-3156  [000] ...1   515.301079: tracing_mark_write: gid=1002: job_start
       deepPicar-3156  [000] d..3   515.302214: rtg_try_release_lock: rtg_release: comm=deepPicar rtgid=1002 tgid=3156 pid=3156 prio=94
       deepPicar-3156  [000] d..3   515.302217: rtg_try_acquire_lock: rtg_acquire: comm=deepPicar rtgid=1002 tgid=3156 pid=3172 prio=94
       deepPicar-3172  [000] d..3   515.302617: rtg_try_release_lock: rtg_release: comm=deepPicar rtgid=1002 tgid=3156 pid=3172 prio=94
       deepPicar-3172  [000] d..3   515.302619: rtg_try_acquire_lock: rtg_acquire: comm=deepPicar rtgid=1002 tgid=3156 pid=3166 prio=94
        tau_rt_2-3163  [003] d..3   515.334603: rtg_try_release_lock: rtg_release: comm=tau_rt_2 rtgid=1002 tgid=3159 pid=3163 prio=94
          <idle>-0     [000] dn.3   515.343419: rtg_try_acquire_lock: rtg_acquire: comm=tau_rt_4 rtgid=1001 tgid=3121 pid=3124 prio=93
        tau_rt_4-3124  [000] ...1   515.343441: tracing_mark_write: gid=1001: job_start
       deepPicar-3126  [004] d..3   515.372138: rtg_try_release_lock: rtg_release: comm=deepPicar rtgid=1001 tgid=3126 pid=3126 prio=93
          <idle>-0     [000] dn.3   515.376056: rtg_try_acquire_lock: rtg_acquire: comm=deepPicar rtgid=1002 tgid=3156 pid=3156 prio=94
       deepPicar-3156  [000] ...1   515.376075: tracing_mark_write: gid=1002: job_start
       deepPicar-3156  [000] d..3   515.377186: rtg_try_release_lock: rtg_release: comm=deepPicar rtgid=1002 tgid=3156 pid=3156 prio=94
       deepPicar-3156  [000] d..3   515.377189: rtg_try_acquire_lock: rtg_acquire: comm=deepPicar rtgid=1002 tgid=3156 pid=3173 prio=94
       deepPicar-3173  [000] d..3   515.377576: rtg_try_release_lock: rtg_release: comm=deepPicar rtgid=1002 tgid=3156 pid=3173 prio=94
       deepPicar-3173  [000] d..3   515.377579: rtg_try_acquire_lock: rtg_acquire: comm=deepPicar rtgid=1002 tgid=3156 pid=3166 prio=94
        tau_rt_2-3163  [003] d..3   515.409354: rtg_try_release_lock: rtg_release: comm=tau_rt_2 rtgid=1002 tgid=3159 pid=3163 prio=94
          <idle>-0     [000] dn.3   515.418429: rtg_try_acquire_lock: rtg_acquire: comm=tau_rt_4 rtgid=1001 tgid=3121 pid=3124 prio=93
        tau_rt_4-3124  [000] ...1   515.418453: tracing_mark_write: gid=1001: job_start
       deepPicar-3134  [004] d..3   515.447054: rtg_try_release_lock: rtg_release: comm=deepPicar rtgid=1001 tgid=3126 pid=3134 prio=93
       deepPicar-3134  [004] d..3   515.447057: rtg_try_acquire_lock: rtg_acquire: comm=deepPicar rtgid=1001 tgid=3126 pid=3126 prio=93
       deepPicar-3126  [004] d..3   515.447148: rtg_try_release_lock: rtg_release: comm=deepPicar rtgid=1001 tgid=3126 pid=3126 prio=93
          <idle>-0     [000] dn.3   515.451059: rtg_try_acquire_lock: rtg_acquire: comm=deepPicar rtgid=1002 tgid=3156 pid=3156 prio=94
       deepPicar-3156  [000] ...1   515.451078: tracing_mark_write: gid=1002: job_start
       deepPicar-3156  [000] d..3   515.452255: rtg_try_release_lock: rtg_release: comm=deepPicar rtgid=1002 tgid=3156 pid=3156 prio=94
       deepPicar-3156  [000] d..3   515.452257: rtg_try_acquire_lock: rtg_acquire: comm=deepPicar rtgid=1002 tgid=3156 pid=3168 prio=94
       deepPicar-3168  [000] d..3   515.453296: rtg_try_release_lock: rtg_release: comm=deepPicar rtgid=1002 tgid=3156 pid=3168 prio=94
       deepPicar-3168  [000] d..3   515.453298: rtg_try_acquire_lock: rtg_acquire: comm=deepPicar rtgid=1002 tgid=3156 pid=3166 prio=94
        tau_rt_2-3163  [003] d..3   515.484563: rtg_try_release_lock: rtg_release: comm=tau_rt_2 rtgid=1002 tgid=3159 pid=3163 prio=94
          <idle>-0     [000] dn.3   515.493421: rtg_try_acquire_lock: rtg_acquire: comm=tau_rt_4 rtgid=1001 tgid=3121 pid=3124 prio=93
        tau_rt_4-3124  [000] ...1   515.493446: tracing_mark_write: gid=1001: job_start
       deepPicar-3134  [004] d..3   515.522026: rtg_try_release_lock: rtg_release: comm=deepPicar rtgid=1001 tgid=3126 pid=3134 prio=93
       deepPicar-3134  [004] d..3   515.522030: rtg_try_acquire_lock: rtg_acquire: comm=deepPicar rtgid=1001 tgid=3126 pid=3126 prio=93
       deepPicar-3126  [004] d..3   515.522114: rtg_try_release_lock: rtg_release: comm=deepPicar rtgid=1001 tgid=3126 pid=3126 prio=93
          <idle>-0     [000] dn.3   515.526057: rtg_try_acquire_lock: rtg_acquire: comm=deepPicar rtgid=1002 tgid=3156 pid=3156 prio=94
       deepPicar-3156  [000] ...1   515.526077: tracing_mark_write: gid=1002: job_start
       deepPicar-3156  [000] d..3   515.527223: rtg_try_release_lock: rtg_release: comm=deepPicar rtgid=1002 tgid=3156 pid=3156 prio=94
       deepPicar-3156  [000] d..3   515.527226: rtg_try_acquire_lock: rtg_acquire: comm=deepPicar rtgid=1002 tgid=3156 pid=3169 prio=94
       deepPicar-3169  [000] d..3   515.527730: rtg_try_release_lock: rtg_release: comm=deepPicar rtgid=1002 tgid=3156 pid=3169 prio=94
       deepPicar-3169  [000] d..3   515.527732: rtg_try_acquire_lock: rtg_acquire: comm=deepPicar rtgid=1002 tgid=3156 pid=3166 prio=94
        tau_rt_2-3163  [003] d..3   515.559380: rtg_try_release_lock: rtg_release: comm=tau_rt_2 rtgid=1002 tgid=3159 pid=3163 prio=94
          <idle>-0     [000] dn.3   515.568431: rtg_try_acquire_lock: rtg_acquire: comm=tau_rt_4 rtgid=1001 tgid=3121 pid=3124 prio=93
        tau_rt_4-3124  [000] ...1   515.568455: tracing_mark_write: gid=1001: job_start
       deepPicar-3134  [004] d..3   515.597114: rtg_try_release_lock: rtg_release: comm=deepPicar rtgid=1001 tgid=3126 pid=3134 prio=93
       deepPicar-3134  [004] d..3   515.597118: rtg_try_acquire_lock: rtg_acquire: comm=deepPicar rtgid=1001 tgid=3126 pid=3126 prio=93
       deepPicar-3126  [004] d..3   515.597204: rtg_try_release_lock: rtg_release: comm=deepPicar rtgid=1001 tgid=3126 pid=3126 prio=93
          <idle>-0     [000] dn.3   515.601057: rtg_try_acquire_lock: rtg_acquire: comm=deepPicar rtgid=1002 tgid=3156 pid=3156 prio=94
       deepPicar-3156  [000] ...1   515.601076: tracing_mark_write: gid=1002: job_start
       deepPicar-3156  [000] d..3   515.602218: rtg_try_release_lock: rtg_release: comm=deepPicar rtgid=1002 tgid=3156 pid=3156 prio=94
       deepPicar-3156  [000] d..3   515.602221: rtg_try_acquire_lock: rtg_acquire: comm=deepPicar rtgid=1002 tgid=3156 pid=3170 prio=94
       deepPicar-3170  [000] d..3   515.602912: rtg_try_release_lock: rtg_release: comm=deepPicar rtgid=1002 tgid=3156 pid=3170 prio=94
       deepPicar-3170  [000] d..3   515.602915: rtg_try_acquire_lock: rtg_acquire: comm=deepPicar rtgid=1002 tgid=3156 pid=3166 prio=94
        tau_rt_2-3163  [003] d..3   515.634505: rtg_try_release_lock: rtg_release: comm=tau_rt_2 rtgid=1002 tgid=3159 pid=3163 prio=94
          <idle>-0     [000] dn.3   515.643425: rtg_try_acquire_lock: rtg_acquire: comm=tau_rt_4 rtgid=1001 tgid=3121 pid=3124 prio=93
        tau_rt_4-3124  [000] ...1   515.643451: tracing_mark_write: gid=1001: job_start
       deepPicar-3134  [004] d..3   515.672202: rtg_try_release_lock: rtg_release: comm=deepPicar rtgid=1001 tgid=3126 pid=3134 prio=93
       deepPicar-3134  [004] d..3   515.672206: rtg_try_acquire_lock: rtg_acquire: comm=deepPicar rtgid=1001 tgid=3126 pid=3126 prio=93
       deepPicar-3126  [004] d..3   515.672295: rtg_try_release_lock: rtg_release: comm=deepPicar rtgid=1001 tgid=3126 pid=3126 prio=93
          <idle>-0     [000] dn.3   515.676057: rtg_try_acquire_lock: rtg_acquire: comm=deepPicar rtgid=1002 tgid=3156 pid=3156 prio=94
       deepPicar-3156  [000] ...1   515.676078: tracing_mark_write: gid=1002: job_start
       deepPicar-3156  [000] d..3   515.677231: rtg_try_release_lock: rtg_release: comm=deepPicar rtgid=1002 tgid=3156 pid=3156 prio=94
       deepPicar-3156  [000] d..3   515.677234: rtg_try_acquire_lock: rtg_acquire: comm=deepPicar rtgid=1002 tgid=3156 pid=3171 prio=94
       deepPicar-3171  [000] d..3   515.677980: rtg_try_release_lock: rtg_release: comm=deepPicar rtgid=1002 tgid=3156 pid=3171 prio=94
       deepPicar-3171  [000] d..3   515.677982: rtg_try_acquire_lock: rtg_acquire: comm=deepPicar rtgid=1002 tgid=3156 pid=3166 prio=94
        tau_rt_2-3163  [003] d..3   515.709539: rtg_try_release_lock: rtg_release: comm=tau_rt_2 rtgid=1002 tgid=3159 pid=3163 prio=94
          <idle>-0     [000] dn.3   515.718429: rtg_try_acquire_lock: rtg_acquire: comm=tau_rt_4 rtgid=1001 tgid=3121 pid=3124 prio=93
        tau_rt_4-3124  [000] ...1   515.718454: tracing_mark_write: gid=1001: job_start
       deepPicar-3126  [004] d..3   515.747004: rtg_try_release_lock: rtg_release: comm=deepPicar rtgid=1001 tgid=3126 pid=3126 prio=93
          <idle>-0     [000] dn.3   515.751059: rtg_try_acquire_lock: rtg_acquire: comm=deepPicar rtgid=1002 tgid=3156 pid=3156 prio=94
       deepPicar-3156  [000] ...1   515.751079: tracing_mark_write: gid=1002: job_start
       deepPicar-3156  [000] d..3   515.752232: rtg_try_release_lock: rtg_release: comm=deepPicar rtgid=1002 tgid=3156 pid=3156 prio=94
       deepPicar-3156  [000] d..3   515.752235: rtg_try_acquire_lock: rtg_acquire: comm=deepPicar rtgid=1002 tgid=3156 pid=3172 prio=94
       deepPicar-3172  [000] d..3   515.752972: rtg_try_release_lock: rtg_release: comm=deepPicar rtgid=1002 tgid=3156 pid=3172 prio=94
       deepPicar-3172  [000] d..3   515.752974: rtg_try_acquire_lock: rtg_acquire: comm=deepPicar rtgid=1002 tgid=3156 pid=3166 prio=94
        tau_rt_2-3163  [003] d..3   515.784716: rtg_try_release_lock: rtg_release: comm=tau_rt_2 rtgid=1002 tgid=3159 pid=3163 prio=94
          <idle>-0     [000] dn.3   515.793419: rtg_try_acquire_lock: rtg_acquire: comm=tau_rt_4 rtgid=1001 tgid=3121 pid=3124 prio=93
        tau_rt_4-3124  [000] ...1   515.793445: tracing_mark_write: gid=1001: job_start
       deepPicar-3134  [004] d..3   515.822135: rtg_try_release_lock: rtg_release: comm=deepPicar rtgid=1001 tgid=3126 pid=3134 prio=93
       deepPicar-3134  [004] d..3   515.822139: rtg_try_acquire_lock: rtg_acquire: comm=deepPicar rtgid=1001 tgid=3126 pid=3126 prio=93
       deepPicar-3126  [004] d..3   515.822224: rtg_try_release_lock: rtg_release: comm=deepPicar rtgid=1001 tgid=3126 pid=3126 prio=93
          <idle>-0     [000] dn.3   515.826054: rtg_try_acquire_lock: rtg_acquire: comm=deepPicar rtgid=1002 tgid=3156 pid=3156 prio=94
       deepPicar-3156  [000] ...1   515.826074: tracing_mark_write: gid=1002: job_start
       deepPicar-3156  [000] d..3   515.827196: rtg_try_release_lock: rtg_release: comm=deepPicar rtgid=1002 tgid=3156 pid=3156 prio=94
       deepPicar-3156  [000] d..3   515.827199: rtg_try_acquire_lock: rtg_acquire: comm=deepPicar rtgid=1002 tgid=3156 pid=3173 prio=94
       deepPicar-3173  [000] d..3   515.827919: rtg_try_release_lock: rtg_release: comm=deepPicar rtgid=1002 tgid=3156 pid=3173 prio=94
       deepPicar-3173  [000] d..3   515.827921: rtg_try_acquire_lock: rtg_acquire: comm=deepPicar rtgid=1002 tgid=3156 pid=3166 prio=94
        tau_rt_2-3163  [003] d..3   515.859436: rtg_try_release_lock: rtg_release: comm=tau_rt_2 rtgid=1002 tgid=3159 pid=3163 prio=94
          <idle>-0     [000] dn.3   515.868420: rtg_try_acquire_lock: rtg_acquire: comm=tau_rt_4 rtgid=1001 tgid=3121 pid=3124 prio=93
        tau_rt_4-3124  [000] ...1   515.868445: tracing_mark_write: gid=1001: job_start
       deepPicar-3126  [004] d..3   515.896944: rtg_try_release_lock: rtg_release: comm=deepPicar rtgid=1001 tgid=3126 pid=3126 prio=93
          <idle>-0     [000] dn.3   515.901055: rtg_try_acquire_lock: rtg_acquire: comm=deepPicar rtgid=1002 tgid=3156 pid=3156 prio=94
       deepPicar-3156  [000] ...1   515.901073: tracing_mark_write: gid=1002: job_start
       deepPicar-3156  [000] d..3   515.902176: rtg_try_release_lock: rtg_release: comm=deepPicar rtgid=1002 tgid=3156 pid=3156 prio=94
       deepPicar-3156  [000] d..3   515.902179: rtg_try_acquire_lock: rtg_acquire: comm=deepPicar rtgid=1002 tgid=3156 pid=3168 prio=94
       deepPicar-3168  [000] d..3   515.902922: rtg_try_release_lock: rtg_release: comm=deepPicar rtgid=1002 tgid=3156 pid=3168 prio=94
       deepPicar-3168  [000] d..3   515.902924: rtg_try_acquire_lock: rtg_acquire: comm=deepPicar rtgid=1002 tgid=3156 pid=3166 prio=94
        tau_rt_2-3163  [003] d..3   515.934571: rtg_try_release_lock: rtg_release: comm=tau_rt_2 rtgid=1002 tgid=3159 pid=3163 prio=94
          <idle>-0     [000] dn.3   515.943423: rtg_try_acquire_lock: rtg_acquire: comm=tau_rt_4 rtgid=1001 tgid=3121 pid=3124 prio=93
        tau_rt_4-3124  [000] ...1   515.943447: tracing_mark_write: gid=1001: job_start
       deepPicar-3134  [004] d..3   515.972332: rtg_try_release_lock: rtg_release: comm=deepPicar rtgid=1001 tgid=3126 pid=3134 prio=93
       deepPicar-3134  [004] d..3   515.972336: rtg_try_acquire_lock: rtg_acquire: comm=deepPicar rtgid=1001 tgid=3126 pid=3126 prio=93
       deepPicar-3126  [004] d..3   515.972424: rtg_try_release_lock: rtg_release: comm=deepPicar rtgid=1001 tgid=3126 pid=3126 prio=93
          <idle>-0     [000] dn.3   515.976058: rtg_try_acquire_lock: rtg_acquire: comm=deepPicar rtgid=1002 tgid=3156 pid=3156 prio=94
       deepPicar-3156  [000] ...1   515.976078: tracing_mark_write: gid=1002: job_start
       deepPicar-3156  [000] d..3   515.977207: rtg_try_release_lock: rtg_release: comm=deepPicar rtgid=1002 tgid=3156 pid=3156 prio=94
       deepPicar-3156  [000] d..3   515.977210: rtg_try_acquire_lock: rtg_acquire: comm=deepPicar rtgid=1002 tgid=3156 pid=3169 prio=94
       deepPicar-3169  [000] d..3   515.977869: rtg_try_release_lock: rtg_release: comm=deepPicar rtgid=1002 tgid=3156 pid=3169 prio=94
       deepPicar-3169  [000] d..3   515.977871: rtg_try_acquire_lock: rtg_acquire: comm=deepPicar rtgid=1002 tgid=3156 pid=3166 prio=94
        tau_rt_2-3163  [003] d..3   516.009624: rtg_try_release_lock: rtg_release: comm=tau_rt_2 rtgid=1002 tgid=3159 pid=3163 prio=94
          <idle>-0     [000] dn.3   516.018430: rtg_try_acquire_lock: rtg_acquire: comm=tau_rt_4 rtgid=1001 tgid=3121 pid=3124 prio=93
        tau_rt_4-3124  [000] ...1   516.018456: tracing_mark_write: gid=1001: job_start
       deepPicar-3134  [004] d..3   516.047044: rtg_try_release_lock: rtg_release: comm=deepPicar rtgid=1001 tgid=3126 pid=3134 prio=93
       deepPicar-3134  [004] d..3   516.047047: rtg_try_acquire_lock: rtg_acquire: comm=deepPicar rtgid=1001 tgid=3126 pid=3126 prio=93
       deepPicar-3126  [004] d..3   516.047135: rtg_try_release_lock: rtg_release: comm=deepPicar rtgid=1001 tgid=3126 pid=3126 prio=93
          <idle>-0     [000] dn.3   516.051059: rtg_try_acquire_lock: rtg_acquire: comm=deepPicar rtgid=1002 tgid=3156 pid=3156 prio=94
       deepPicar-3156  [000] ...1   516.051080: tracing_mark_write: gid=1002: job_start
       deepPicar-3156  [000] d..3   516.052260: rtg_try_release_lock: rtg_release: comm=deepPicar rtgid=1002 tgid=3156 pid=3156 prio=94
       deepPicar-3156  [000] d..3   516.052263: rtg_try_acquire_lock: rtg_acquire: comm=deepPicar rtgid=1002 tgid=3156 pid=3170 prio=94
       deepPicar-3170  [000] d..3   516.053023: rtg_try_release_lock: rtg_release: comm=deepPicar rtgid=1002 tgid=3156 pid=3170 prio=94
       deepPicar-3170  [000] d..3   516.053025: rtg_try_acquire_lock: rtg_acquire: comm=deepPicar rtgid=1002 tgid=3156 pid=3166 prio=94
        tau_rt_2-3163  [003] d..3   516.084535: rtg_try_release_lock: rtg_release: comm=tau_rt_2 rtgid=1002 tgid=3159 pid=3163 prio=94
          <idle>-0     [000] dn.3   516.093420: rtg_try_acquire_lock: rtg_acquire: comm=tau_rt_4 rtgid=1001 tgid=3121 pid=3124 prio=93
        tau_rt_4-3124  [000] ...1   516.093445: tracing_mark_write: gid=1001: job_start
        tau_rt_4-3124  [000] dn.3   516.099984: rtg_try_release_lock: rtg_release: comm=tau_rt_4 rtgid=1001 tgid=3121 pid=3124 prio=93
      watchdog/0-11    [000] d..3   516.099994: rtg_try_acquire_lock: rtg_acquire: comm=tau_rt_4 rtgid=1001 tgid=3121 pid=3124 prio=93
       deepPicar-3127  [005] d..3   516.122119: rtg_try_release_lock: rtg_release: comm=deepPicar rtgid=1001 tgid=3127 pid=3127 prio=93
          <idle>-0     [000] dn.3   516.126059: rtg_try_acquire_lock: rtg_acquire: comm=deepPicar rtgid=1002 tgid=3156 pid=3156 prio=94
       deepPicar-3156  [000] ...1   516.126079: tracing_mark_write: gid=1002: job_start
       deepPicar-3156  [000] d..3   516.127210: rtg_try_release_lock: rtg_release: comm=deepPicar rtgid=1002 tgid=3156 pid=3156 prio=94
       deepPicar-3156  [000] d..3   516.127213: rtg_try_acquire_lock: rtg_acquire: comm=deepPicar rtgid=1002 tgid=3156 pid=3171 prio=94
       deepPicar-3171  [000] d..3   516.128019: rtg_try_release_lock: rtg_release: comm=deepPicar rtgid=1002 tgid=3156 pid=3171 prio=94
       deepPicar-3171  [000] d..3   516.128021: rtg_try_acquire_lock: rtg_acquire: comm=deepPicar rtgid=1002 tgid=3156 pid=3166 prio=94
        tau_rt_2-3163  [003] d..3   516.159613: rtg_try_release_lock: rtg_release: comm=tau_rt_2 rtgid=1002 tgid=3159 pid=3163 prio=94
          <idle>-0     [000] dn.3   516.168422: rtg_try_acquire_lock: rtg_acquire: comm=tau_rt_4 rtgid=1001 tgid=3121 pid=3124 prio=93
        tau_rt_4-3124  [000] ...1   516.168446: tracing_mark_write: gid=1001: job_start
       deepPicar-3134  [004] d..3   516.196973: rtg_try_release_lock: rtg_release: comm=deepPicar rtgid=1001 tgid=3126 pid=3134 prio=93
       deepPicar-3134  [004] d..3   516.196977: rtg_try_acquire_lock: rtg_acquire: comm=deepPicar rtgid=1001 tgid=3126 pid=3126 prio=93
       deepPicar-3126  [004] d..3   516.197063: rtg_try_release_lock: rtg_release: comm=deepPicar rtgid=1001 tgid=3126 pid=3126 prio=93
          <idle>-0     [000] dn.3   516.201059: rtg_try_acquire_lock: rtg_acquire: comm=deepPicar rtgid=1002 tgid=3156 pid=3156 prio=94
       deepPicar-3156  [000] ...1   516.201079: tracing_mark_write: gid=1002: job_start
       deepPicar-3156  [000] d..3   516.202217: rtg_try_release_lock: rtg_release: comm=deepPicar rtgid=1002 tgid=3156 pid=3156 prio=94
       deepPicar-3156  [000] d..3   516.202219: rtg_try_acquire_lock: rtg_acquire: comm=deepPicar rtgid=1002 tgid=3156 pid=3172 prio=94
       deepPicar-3172  [000] d..3   516.202980: rtg_try_release_lock: rtg_release: comm=deepPicar rtgid=1002 tgid=3156 pid=3172 prio=94
       deepPicar-3172  [000] d..3   516.202982: rtg_try_acquire_lock: rtg_acquire: comm=deepPicar rtgid=1002 tgid=3156 pid=3166 prio=94
        tau_rt_2-3163  [003] d..3   516.234611: rtg_try_release_lock: rtg_release: comm=tau_rt_2 rtgid=1002 tgid=3159 pid=3163 prio=94
          <idle>-0     [000] dn.3   516.243422: rtg_try_acquire_lock: rtg_acquire: comm=tau_rt_4 rtgid=1001 tgid=3121 pid=3124 prio=93
        tau_rt_4-3124  [000] ...1   516.243447: tracing_mark_write: gid=1001: job_start
       deepPicar-3134  [004] d..3   516.272165: rtg_try_release_lock: rtg_release: comm=deepPicar rtgid=1001 tgid=3126 pid=3134 prio=93
       deepPicar-3134  [004] d..3   516.272168: rtg_try_acquire_lock: rtg_acquire: comm=deepPicar rtgid=1001 tgid=3126 pid=3126 prio=93
       deepPicar-3126  [004] d..3   516.272256: rtg_try_release_lock: rtg_release: comm=deepPicar rtgid=1001 tgid=3126 pid=3126 prio=93
          <idle>-0     [000] dn.3   516.276058: rtg_try_acquire_lock: rtg_acquire: comm=deepPicar rtgid=1002 tgid=3156 pid=3156 prio=94
       deepPicar-3156  [000] ...1   516.276078: tracing_mark_write: gid=1002: job_start
       deepPicar-3156  [000] d..3   516.277235: rtg_try_release_lock: rtg_release: comm=deepPicar rtgid=1002 tgid=3156 pid=3156 prio=94
       deepPicar-3156  [000] d..3   516.277238: rtg_try_acquire_lock: rtg_acquire: comm=deepPicar rtgid=1002 tgid=3156 pid=3173 prio=94
       deepPicar-3173  [000] d..3   516.277947: rtg_try_release_lock: rtg_release: comm=deepPicar rtgid=1002 tgid=3156 pid=3173 prio=94
       deepPicar-3173  [000] d..3   516.277950: rtg_try_acquire_lock: rtg_acquire: comm=deepPicar rtgid=1002 tgid=3156 pid=3166 prio=94
        tau_rt_2-3163  [003] d..3   516.309695: rtg_try_release_lock: rtg_release: comm=tau_rt_2 rtgid=1002 tgid=3159 pid=3163 prio=94
          <idle>-0     [000] dn.3   516.318419: rtg_try_acquire_lock: rtg_acquire: comm=tau_rt_4 rtgid=1001 tgid=3121 pid=3124 prio=93
        tau_rt_4-3124  [000] ...1   516.318443: tracing_mark_write: gid=1001: job_start
       deepPicar-3134  [004] d..3   516.347194: rtg_try_release_lock: rtg_release: comm=deepPicar rtgid=1001 tgid=3126 pid=3134 prio=93
       deepPicar-3134  [004] d..3   516.347197: rtg_try_acquire_lock: rtg_acquire: comm=deepPicar rtgid=1001 tgid=3126 pid=3126 prio=93
       deepPicar-3126  [004] d..3   516.347281: rtg_try_release_lock: rtg_release: comm=deepPicar rtgid=1001 tgid=3126 pid=3126 prio=93
          <idle>-0     [000] dn.3   516.351060: rtg_try_acquire_lock: rtg_acquire: comm=deepPicar rtgid=1002 tgid=3156 pid=3156 prio=94
       deepPicar-3156  [000] ...1   516.351080: tracing_mark_write: gid=1002: job_start
       deepPicar-3156  [000] d..3   516.352264: rtg_try_release_lock: rtg_release: comm=deepPicar rtgid=1002 tgid=3156 pid=3156 prio=94
       deepPicar-3156  [000] d..3   516.352267: rtg_try_acquire_lock: rtg_acquire: comm=deepPicar rtgid=1002 tgid=3156 pid=3168 prio=94
       deepPicar-3168  [000] d..3   516.353296: rtg_try_release_lock: rtg_release: comm=deepPicar rtgid=1002 tgid=3156 pid=3168 prio=94
       deepPicar-3168  [000] d..3   516.353298: rtg_try_acquire_lock: rtg_acquire: comm=deepPicar rtgid=1002 tgid=3156 pid=3166 prio=94
        tau_rt_2-3163  [003] d..3   516.384665: rtg_try_release_lock: rtg_release: comm=tau_rt_2 rtgid=1002 tgid=3159 pid=3163 prio=94
          <idle>-0     [000] dn.3   516.393419: rtg_try_acquire_lock: rtg_acquire: comm=tau_rt_4 rtgid=1001 tgid=3121 pid=3124 prio=93
        tau_rt_4-3124  [000] ...1   516.393443: tracing_mark_write: gid=1001: job_start
       deepPicar-3134  [004] d..3   516.422204: rtg_try_release_lock: rtg_release: comm=deepPicar rtgid=1001 tgid=3126 pid=3134 prio=93
       deepPicar-3134  [004] d..3   516.422207: rtg_try_acquire_lock: rtg_acquire: comm=deepPicar rtgid=1001 tgid=3126 pid=3126 prio=93
       deepPicar-3126  [004] d..3   516.422295: rtg_try_release_lock: rtg_release: comm=deepPicar rtgid=1001 tgid=3126 pid=3126 prio=93
          <idle>-0     [000] dn.3   516.426059: rtg_try_acquire_lock: rtg_acquire: comm=deepPicar rtgid=1002 tgid=3156 pid=3156 prio=94
       deepPicar-3156  [000] ...1   516.426078: tracing_mark_write: gid=1002: job_start
       deepPicar-3156  [000] d..3   516.427238: rtg_try_release_lock: rtg_release: comm=deepPicar rtgid=1002 tgid=3156 pid=3156 prio=94
       deepPicar-3156  [000] d..3   516.427240: rtg_try_acquire_lock: rtg_acquire: comm=deepPicar rtgid=1002 tgid=3156 pid=3169 prio=94
       deepPicar-3169  [000] d..3   516.428063: rtg_try_release_lock: rtg_release: comm=deepPicar rtgid=1002 tgid=3156 pid=3169 prio=94
       deepPicar-3169  [000] d..3   516.428065: rtg_try_acquire_lock: rtg_acquire: comm=deepPicar rtgid=1002 tgid=3156 pid=3166 prio=94
        tau_rt_2-3163  [003] d..3   516.459538: rtg_try_release_lock: rtg_release: comm=tau_rt_2 rtgid=1002 tgid=3159 pid=3163 prio=94
          <idle>-0     [000] dn.3   516.468427: rtg_try_acquire_lock: rtg_acquire: comm=tau_rt_4 rtgid=1001 tgid=3121 pid=3124 prio=93
        tau_rt_4-3124  [000] ...1   516.468453: tracing_mark_write: gid=1001: job_start
       deepPicar-3134  [004] d..3   516.496986: rtg_try_release_lock: rtg_release: comm=deepPicar rtgid=1001 tgid=3126 pid=3134 prio=93
       deepPicar-3134  [004] d..3   516.496990: rtg_try_acquire_lock: rtg_acquire: comm=deepPicar rtgid=1001 tgid=3126 pid=3126 prio=93
       deepPicar-3126  [004] d..3   516.497076: rtg_try_release_lock: rtg_release: comm=deepPicar rtgid=1001 tgid=3126 pid=3126 prio=93
          <idle>-0     [000] dn.3   516.501056: rtg_try_acquire_lock: rtg_acquire: comm=deepPicar rtgid=1002 tgid=3156 pid=3156 prio=94
       deepPicar-3156  [000] ...1   516.501076: tracing_mark_write: gid=1002: job_start
       deepPicar-3156  [000] d..3   516.502190: rtg_try_release_lock: rtg_release: comm=deepPicar rtgid=1002 tgid=3156 pid=3156 prio=94
       deepPicar-3156  [000] d..3   516.502193: rtg_try_acquire_lock: rtg_acquire: comm=deepPicar rtgid=1002 tgid=3156 pid=3170 prio=94
       deepPicar-3170  [000] d..3   516.503024: rtg_try_release_lock: rtg_release: comm=deepPicar rtgid=1002 tgid=3156 pid=3170 prio=94
       deepPicar-3170  [000] d..3   516.503026: rtg_try_acquire_lock: rtg_acquire: comm=deepPicar rtgid=1002 tgid=3156 pid=3166 prio=94
        tau_rt_2-3163  [003] d..3   516.534574: rtg_try_release_lock: rtg_release: comm=tau_rt_2 rtgid=1002 tgid=3159 pid=3163 prio=94
          <idle>-0     [000] dn.3   516.543422: rtg_try_acquire_lock: rtg_acquire: comm=tau_rt_4 rtgid=1001 tgid=3121 pid=3124 prio=93
        tau_rt_4-3124  [000] ...1   516.543448: tracing_mark_write: gid=1001: job_start
       deepPicar-3134  [004] d..3   516.572156: rtg_try_release_lock: rtg_release: comm=deepPicar rtgid=1001 tgid=3126 pid=3134 prio=93
       deepPicar-3134  [004] d..3   516.572160: rtg_try_acquire_lock: rtg_acquire: comm=deepPicar rtgid=1001 tgid=3126 pid=3126 prio=93
       deepPicar-3126  [004] d..3   516.572248: rtg_try_release_lock: rtg_release: comm=deepPicar rtgid=1001 tgid=3126 pid=3126 prio=93
          <idle>-0     [000] dn.3   516.576056: rtg_try_acquire_lock: rtg_acquire: comm=deepPicar rtgid=1002 tgid=3156 pid=3156 prio=94
       deepPicar-3156  [000] ...1   516.576075: tracing_mark_write: gid=1002: job_start
       deepPicar-3156  [000] d..3   516.577176: rtg_try_release_lock: rtg_release: comm=deepPicar rtgid=1002 tgid=3156 pid=3156 prio=94
       deepPicar-3156  [000] d..3   516.577178: rtg_try_acquire_lock: rtg_acquire: comm=deepPicar rtgid=1002 tgid=3156 pid=3171 prio=94
       deepPicar-3171  [000] d..3   516.577956: rtg_try_release_lock: rtg_release: comm=deepPicar rtgid=1002 tgid=3156 pid=3171 prio=94
       deepPicar-3171  [000] d..3   516.577959: rtg_try_acquire_lock: rtg_acquire: comm=deepPicar rtgid=1002 tgid=3156 pid=3166 prio=94
