# tracer: nop
#
# entries-in-buffer/entries-written: 9167/9167   #P:6
#
#                              _-----=> irqs-off
#                             / _----=> need-resched
#                            | / _---=> hardirq/softirq
#                            || / _--=> preempt-depth
#                            ||| /     delay
#           TASK-PID   CPU#  ||||    TIMESTAMP  FUNCTION
#              | |       |   ||||       |         |
       deepPicar-4492  [000] d..3  3329.841256: rtg_try_acquire_lock: rtg_acquire: comm=deepPicar rtgid=1001 tgid=4492 pid=4499 prio=93
       deepPicar-4499  [000] d..3  3329.841325: rtg_try_release_lock: rtg_release: comm=deepPicar rtgid=1001 tgid=4492 pid=4499 prio=93
       deepPicar-4499  [000] d..3  3329.841327: rtg_try_acquire_lock: rtg_acquire: comm=deepPicar rtgid=1001 tgid=4492 pid=4500 prio=93
       deepPicar-4500  [000] d..3  3329.841360: rtg_try_release_lock: rtg_release: comm=deepPicar rtgid=1001 tgid=4492 pid=4500 prio=93
       deepPicar-4500  [000] d..3  3329.841362: rtg_try_acquire_lock: rtg_acquire: comm=deepPicar rtgid=1001 tgid=4492 pid=4507 prio=93
       deepPicar-4507  [000] d..3  3329.841393: rtg_try_release_lock: rtg_release: comm=deepPicar rtgid=1001 tgid=4492 pid=4507 prio=93
       deepPicar-4507  [000] d..3  3329.841394: rtg_try_acquire_lock: rtg_acquire: comm=deepPicar rtgid=1001 tgid=4492 pid=4508 prio=93
       deepPicar-4508  [000] d..3  3329.842602: rtg_try_release_lock: rtg_release: comm=deepPicar rtgid=1001 tgid=4492 pid=4508 prio=93
       deepPicar-4508  [000] d..3  3329.842605: rtg_try_acquire_lock: rtg_acquire: comm=deepPicar rtgid=1001 tgid=4492 pid=4509 prio=93
       deepPicar-4509  [000] d..3  3329.842624: rtg_try_release_lock: rtg_release: comm=deepPicar rtgid=1001 tgid=4492 pid=4509 prio=93
       deepPicar-4509  [000] d..3  3329.842625: rtg_try_acquire_lock: rtg_acquire: comm=deepPicar rtgid=1001 tgid=4492 pid=4510 prio=93
       deepPicar-4510  [000] d..3  3329.842635: rtg_try_release_lock: rtg_release: comm=deepPicar rtgid=1001 tgid=4492 pid=4510 prio=93
       deepPicar-4510  [000] d..3  3329.842636: rtg_try_acquire_lock: rtg_acquire: comm=deepPicar rtgid=1001 tgid=4492 pid=4511 prio=93
       deepPicar-4511  [000] d..3  3329.842646: rtg_try_release_lock: rtg_release: comm=deepPicar rtgid=1001 tgid=4492 pid=4511 prio=93
       deepPicar-4511  [000] d..3  3329.842647: rtg_try_acquire_lock: rtg_acquire: comm=deepPicar rtgid=1001 tgid=4492 pid=4512 prio=93
       deepPicar-4512  [000] d..3  3329.842657: rtg_try_release_lock: rtg_release: comm=deepPicar rtgid=1001 tgid=4492 pid=4512 prio=93
       deepPicar-4512  [000] d..3  3329.842658: rtg_try_acquire_lock: rtg_acquire: comm=deepPicar rtgid=1001 tgid=4492 pid=4513 prio=93
       deepPicar-4513  [000] d..3  3329.842668: rtg_try_release_lock: rtg_release: comm=deepPicar rtgid=1001 tgid=4492 pid=4513 prio=93
       deepPicar-4513  [000] d..3  3329.842669: rtg_try_acquire_lock: rtg_acquire: comm=deepPicar rtgid=1001 tgid=4492 pid=4492 prio=93
       deepPicar-4492  [000] d..3  3329.842839: rtg_try_release_lock: rtg_release: comm=deepPicar rtgid=1001 tgid=4492 pid=4492 prio=93
       deepPicar-4492  [000] d..3  3329.842841: rtg_try_acquire_lock: rtg_acquire: comm=deepPicar rtgid=1001 tgid=4492 pid=4509 prio=93
       deepPicar-4509  [000] d..3  3329.843582: rtg_try_release_lock: rtg_release: comm=deepPicar rtgid=1001 tgid=4492 pid=4509 prio=93
       deepPicar-4509  [000] d..3  3329.843586: rtg_try_acquire_lock: rtg_acquire: comm=deepPicar rtgid=1001 tgid=4492 pid=4492 prio=93
       deepPicar-4492  [000] d..3  3329.843889: rtg_try_release_lock: rtg_release: comm=deepPicar rtgid=1001 tgid=4492 pid=4492 prio=93
       deepPicar-4492  [000] d..3  3329.843892: rtg_try_acquire_lock: rtg_acquire: comm=deepPicar rtgid=1001 tgid=4492 pid=4510 prio=93
       deepPicar-4510  [000] d..3  3329.844554: rtg_try_release_lock: rtg_release: comm=deepPicar rtgid=1001 tgid=4492 pid=4510 prio=93
       deepPicar-4510  [000] d..3  3329.844556: rtg_try_acquire_lock: rtg_acquire: comm=deepPicar rtgid=1001 tgid=4492 pid=4492 prio=93
       deepPicar-4492  [000] d..3  3329.844820: rtg_try_release_lock: rtg_release: comm=deepPicar rtgid=1001 tgid=4492 pid=4492 prio=93
       deepPicar-4492  [000] d..3  3329.844823: rtg_try_acquire_lock: rtg_acquire: comm=deepPicar rtgid=1001 tgid=4492 pid=4511 prio=93
       deepPicar-4511  [000] d..3  3329.845362: rtg_try_release_lock: rtg_release: comm=deepPicar rtgid=1001 tgid=4492 pid=4511 prio=93
       deepPicar-4511  [000] d..3  3329.845364: rtg_try_acquire_lock: rtg_acquire: comm=deepPicar rtgid=1001 tgid=4492 pid=4492 prio=93
       deepPicar-4492  [000] d..3  3329.845621: rtg_try_release_lock: rtg_release: comm=deepPicar rtgid=1001 tgid=4492 pid=4492 prio=93
       deepPicar-4492  [000] d..3  3329.845623: rtg_try_acquire_lock: rtg_acquire: comm=deepPicar rtgid=1001 tgid=4492 pid=4512 prio=93
       deepPicar-4512  [000] d..3  3329.846145: rtg_try_release_lock: rtg_release: comm=deepPicar rtgid=1001 tgid=4492 pid=4512 prio=93
       deepPicar-4512  [000] d..3  3329.846148: rtg_try_acquire_lock: rtg_acquire: comm=deepPicar rtgid=1001 tgid=4492 pid=4492 prio=93
       deepPicar-4492  [000] ...1  3329.949696: tracing_mark_write: ===== [RTG-LIB] <4492> Syncing on barrier...
       deepPicar-4504  [003] d..3  3329.961717: rtg_try_release_lock: rtg_release: comm=deepPicar rtgid=1001 tgid=4495 pid=4504 prio=93
       deepPicar-4506  [004] d..3  3329.961721: rtg_try_acquire_lock: rtg_acquire: comm=deepPicar rtgid=1001 tgid=4496 pid=4496 prio=93
       deepPicar-4496  [004] ...1  3329.961824: tracing_mark_write: ===== [RTG-LIB] <4496> Syncing on barrier...
       deepPicar-4495  [003] ...1  3329.961824: tracing_mark_write: ===== [RTG-LIB] <4495> Syncing on barrier...
       deepPicar-4497  [005] ...1  3329.961824: tracing_mark_write: ===== [RTG-LIB] <4497> Syncing on barrier...
       deepPicar-4496  [004] d..3  3329.961893: rtg_try_release_lock: rtg_release: comm=deepPicar rtgid=1001 tgid=4496 pid=4496 prio=93
     ksoftirqd/5-34    [005] dn.3  3329.961902: rtg_try_acquire_lock: rtg_acquire: comm=deepPicar rtgid=1001 tgid=4497 pid=4497 prio=93
       deepPicar-4497  [005] ...1  3329.961925: tracing_mark_write: ===== [RTG-LIB] <4497> Sync Complete!
       deepPicar-4495  [003] ...1  3329.961925: tracing_mark_write: ===== [RTG-LIB] <4495> Sync Complete!
       deepPicar-4496  [004] ...1  3329.961926: tracing_mark_write: ===== [RTG-LIB] <4496> Sync Complete!
       deepPicar-4492  [000] ...1  3329.961930: tracing_mark_write: ===== [RTG-LIB] <4492> Sync Complete!
       deepPicar-4492  [000] ...1  3329.961950: tracing_mark_write: gid=1001: job_start
       deepPicar-4496  [004] d..3  3329.963217: rtg_try_release_lock: rtg_release: comm=deepPicar rtgid=1001 tgid=4496 pid=4496 prio=93
       deepPicar-4495  [003] d..3  3329.963221: rtg_try_acquire_lock: rtg_acquire: comm=deepPicar rtgid=1001 tgid=4495 pid=4518 prio=93
       deepPicar-4518  [003] d..3  3329.963790: rtg_try_release_lock: rtg_release: comm=deepPicar rtgid=1001 tgid=4495 pid=4518 prio=93
       deepPicar-4519  [005] d..3  3329.963794: rtg_try_acquire_lock: rtg_acquire: comm=deepPicar rtgid=1001 tgid=4497 pid=4505 prio=93
       deepPicar-4506  [004] d..3  3329.977614: rtg_try_release_lock: rtg_release: comm=deepPicar rtgid=1001 tgid=4496 pid=4506 prio=93
       deepPicar-4506  [004] d..3  3329.977617: rtg_try_acquire_lock: rtg_acquire: comm=deepPicar rtgid=1001 tgid=4496 pid=4496 prio=93
       deepPicar-4496  [004] d..3  3329.977741: rtg_try_release_lock: rtg_release: comm=deepPicar rtgid=1001 tgid=4496 pid=4496 prio=93
          <idle>-0     [005] dn.3  3330.061955: rtg_try_acquire_lock: rtg_acquire: comm=deepPicar rtgid=1001 tgid=4497 pid=4497 prio=93
       deepPicar-4492  [000] ...1  3330.061974: tracing_mark_write: gid=1001: job_start
       deepPicar-4495  [003] d..3  3330.063257: rtg_try_release_lock: rtg_release: comm=deepPicar rtgid=1001 tgid=4495 pid=4495 prio=93
       deepPicar-4492  [000] d..3  3330.063261: rtg_try_acquire_lock: rtg_acquire: comm=deepPicar rtgid=1001 tgid=4492 pid=4509 prio=93
       deepPicar-4521  [004] d..3  3330.063736: rtg_try_release_lock: rtg_release: comm=deepPicar rtgid=1001 tgid=4496 pid=4521 prio=93
       deepPicar-4509  [000] d..3  3330.063740: rtg_try_acquire_lock: rtg_acquire: comm=deepPicar rtgid=1001 tgid=4492 pid=4500 prio=93
       deepPicar-4506  [004] d..3  3330.077354: rtg_try_release_lock: rtg_release: comm=deepPicar rtgid=1001 tgid=4496 pid=4506 prio=93
       deepPicar-4506  [004] d..3  3330.077357: rtg_try_acquire_lock: rtg_acquire: comm=deepPicar rtgid=1001 tgid=4496 pid=4496 prio=93
       deepPicar-4496  [004] d..3  3330.077447: rtg_try_release_lock: rtg_release: comm=deepPicar rtgid=1001 tgid=4496 pid=4496 prio=93
          <idle>-0     [004] dn.3  3330.161952: rtg_try_acquire_lock: rtg_acquire: comm=deepPicar rtgid=1001 tgid=4496 pid=4496 prio=93
       deepPicar-4492  [000] ...1  3330.161970: tracing_mark_write: gid=1001: job_start
       deepPicar-4497  [005] d..3  3330.163248: rtg_try_release_lock: rtg_release: comm=deepPicar rtgid=1001 tgid=4497 pid=4497 prio=93
       deepPicar-4492  [000] d..3  3330.163251: rtg_try_acquire_lock: rtg_acquire: comm=deepPicar rtgid=1001 tgid=4492 pid=4510 prio=93
       deepPicar-4510  [000] d..3  3330.163701: rtg_try_release_lock: rtg_release: comm=deepPicar rtgid=1001 tgid=4492 pid=4510 prio=93
       deepPicar-4523  [003] d..3  3330.163705: rtg_try_acquire_lock: rtg_acquire: comm=deepPicar rtgid=1001 tgid=4495 pid=4504 prio=93
       deepPicar-4496  [004] d..3  3330.177332: rtg_try_release_lock: rtg_release: comm=deepPicar rtgid=1001 tgid=4496 pid=4496 prio=93
          <idle>-0     [005] dn.3  3330.261953: rtg_try_acquire_lock: rtg_acquire: comm=deepPicar rtgid=1001 tgid=4497 pid=4497 prio=93
       deepPicar-4492  [000] ...1  3330.261971: tracing_mark_write: gid=1001: job_start
       deepPicar-4495  [003] d..3  3330.263245: rtg_try_release_lock: rtg_release: comm=deepPicar rtgid=1001 tgid=4495 pid=4495 prio=93
       deepPicar-4497  [005] d..3  3330.263248: rtg_try_acquire_lock: rtg_acquire: comm=deepPicar rtgid=1001 tgid=4497 pid=4528 prio=93
       deepPicar-4496  [004] d..3  3330.277270: rtg_try_release_lock: rtg_release: comm=deepPicar rtgid=1001 tgid=4496 pid=4496 prio=93
          <idle>-0     [005] dn.3  3330.361954: rtg_try_acquire_lock: rtg_acquire: comm=deepPicar rtgid=1001 tgid=4497 pid=4497 prio=93
       deepPicar-4492  [000] ...1  3330.361972: tracing_mark_write: gid=1001: job_start
       deepPicar-4495  [003] d..3  3330.363243: rtg_try_release_lock: rtg_release: comm=deepPicar rtgid=1001 tgid=4495 pid=4495 prio=93
       deepPicar-4492  [000] d..3  3330.363246: rtg_try_acquire_lock: rtg_acquire: comm=deepPicar rtgid=1001 tgid=4492 pid=4512 prio=93
       deepPicar-4496  [004] d..3  3330.377253: rtg_try_release_lock: rtg_release: comm=deepPicar rtgid=1001 tgid=4496 pid=4496 prio=93
          <idle>-0     [004] dn.3  3330.461953: rtg_try_acquire_lock: rtg_acquire: comm=deepPicar rtgid=1001 tgid=4496 pid=4496 prio=93
       deepPicar-4492  [000] ...1  3330.461970: tracing_mark_write: gid=1001: job_start
       deepPicar-4497  [005] d..3  3330.463206: rtg_try_release_lock: rtg_release: comm=deepPicar rtgid=1001 tgid=4497 pid=4497 prio=93
       deepPicar-4492  [000] d..3  3330.463210: rtg_try_acquire_lock: rtg_acquire: comm=deepPicar rtgid=1001 tgid=4492 pid=4513 prio=93
       deepPicar-4532  [003] d..3  3330.463658: rtg_try_release_lock: rtg_release: comm=deepPicar rtgid=1001 tgid=4495 pid=4532 prio=93
       deepPicar-4534  [004] d..3  3330.463662: rtg_try_acquire_lock: rtg_acquire: comm=deepPicar rtgid=1001 tgid=4496 pid=4506 prio=93
       deepPicar-4506  [004] d..3  3330.477284: rtg_try_release_lock: rtg_release: comm=deepPicar rtgid=1001 tgid=4496 pid=4506 prio=93
       deepPicar-4506  [004] d..3  3330.477287: rtg_try_acquire_lock: rtg_acquire: comm=deepPicar rtgid=1001 tgid=4496 pid=4496 prio=93
       deepPicar-4496  [004] d..3  3330.477384: rtg_try_release_lock: rtg_release: comm=deepPicar rtgid=1001 tgid=4496 pid=4496 prio=93
          <idle>-0     [005] dn.3  3330.561952: rtg_try_acquire_lock: rtg_acquire: comm=deepPicar rtgid=1001 tgid=4497 pid=4497 prio=93
       deepPicar-4492  [000] ...1  3330.561973: tracing_mark_write: gid=1001: job_start
       deepPicar-4506  [004] d..3  3330.577882: rtg_try_release_lock: rtg_release: comm=deepPicar rtgid=1001 tgid=4496 pid=4506 prio=93
       deepPicar-4506  [004] d..3  3330.577886: rtg_try_acquire_lock: rtg_acquire: comm=deepPicar rtgid=1001 tgid=4496 pid=4496 prio=93
       deepPicar-4496  [004] d..3  3330.577969: rtg_try_release_lock: rtg_release: comm=deepPicar rtgid=1001 tgid=4496 pid=4496 prio=93
          <idle>-0     [004] dn.3  3330.661952: rtg_try_acquire_lock: rtg_acquire: comm=deepPicar rtgid=1001 tgid=4496 pid=4496 prio=93
       deepPicar-4492  [000] ...1  3330.661971: tracing_mark_write: gid=1001: job_start
       deepPicar-4492  [000] d..3  3330.663246: rtg_try_release_lock: rtg_release: comm=deepPicar rtgid=1001 tgid=4492 pid=4492 prio=93
       deepPicar-4495  [003] d..3  3330.663250: rtg_try_acquire_lock: rtg_acquire: comm=deepPicar rtgid=1001 tgid=4495 pid=4522 prio=93
       deepPicar-4509  [000] d..3  3330.663805: rtg_try_release_lock: rtg_release: comm=deepPicar rtgid=1001 tgid=4492 pid=4509 prio=93
       deepPicar-4521  [004] d..3  3330.663809: rtg_try_acquire_lock: rtg_acquire: comm=deepPicar rtgid=1001 tgid=4496 pid=4506 prio=93
       deepPicar-4492  [000] d..3  3330.677380: rtg_try_release_lock: rtg_release: comm=deepPicar rtgid=1001 tgid=4492 pid=4492 prio=93
          <idle>-0     [005] dn.3  3330.761954: rtg_try_acquire_lock: rtg_acquire: comm=deepPicar rtgid=1001 tgid=4497 pid=4497 prio=93
       deepPicar-4492  [000] ...1  3330.761972: tracing_mark_write: gid=1001: job_start
       deepPicar-4496  [004] d..3  3330.763244: rtg_try_release_lock: rtg_release: comm=deepPicar rtgid=1001 tgid=4496 pid=4496 prio=93
       deepPicar-4497  [005] d..3  3330.763247: rtg_try_acquire_lock: rtg_acquire: comm=deepPicar rtgid=1001 tgid=4497 pid=4524 prio=93
       deepPicar-4496  [004] d..3  3330.777535: rtg_try_release_lock: rtg_release: comm=deepPicar rtgid=1001 tgid=4496 pid=4496 prio=93
          <idle>-0     [004] dn.3  3330.861951: rtg_try_acquire_lock: rtg_acquire: comm=deepPicar rtgid=1001 tgid=4496 pid=4496 prio=93
       deepPicar-4492  [000] ...1  3330.861970: tracing_mark_write: gid=1001: job_start
       deepPicar-4492  [000] d..3  3330.863268: rtg_try_release_lock: rtg_release: comm=deepPicar rtgid=1001 tgid=4492 pid=4492 prio=93
       deepPicar-4496  [004] d..3  3330.863272: rtg_try_acquire_lock: rtg_acquire: comm=deepPicar rtgid=1001 tgid=4496 pid=4526 prio=93
       deepPicar-4506  [004] d..3  3330.877686: rtg_try_release_lock: rtg_release: comm=deepPicar rtgid=1001 tgid=4496 pid=4506 prio=93
       deepPicar-4506  [004] d..3  3330.877690: rtg_try_acquire_lock: rtg_acquire: comm=deepPicar rtgid=1001 tgid=4496 pid=4496 prio=93
       deepPicar-4496  [004] d..3  3330.877774: rtg_try_release_lock: rtg_release: comm=deepPicar rtgid=1001 tgid=4496 pid=4496 prio=93
          <idle>-0     [005] dn.3  3330.961958: rtg_try_acquire_lock: rtg_acquire: comm=deepPicar rtgid=1001 tgid=4497 pid=4497 prio=93
       deepPicar-4492  [000] ...1  3330.961982: tracing_mark_write: gid=1001: job_start
       deepPicar-4492  [000] d..3  3330.963308: rtg_try_release_lock: rtg_release: comm=deepPicar rtgid=1001 tgid=4492 pid=4492 prio=93
       deepPicar-4497  [005] d..3  3330.963312: rtg_try_acquire_lock: rtg_acquire: comm=deepPicar rtgid=1001 tgid=4497 pid=4529 prio=93
       deepPicar-4529  [005] d..3  3330.964160: rtg_try_release_lock: rtg_release: comm=deepPicar rtgid=1001 tgid=4497 pid=4529 prio=93
       deepPicar-4512  [000] d..3  3330.964164: rtg_try_acquire_lock: rtg_acquire: comm=deepPicar rtgid=1001 tgid=4492 pid=4500 prio=93
       deepPicar-4495  [003] d..3  3330.977540: rtg_try_acquire_lock: rtg_block: comm=tau_rt_2 rtgid=1002 tgid=4539 pid=4539 prio=94
       deepPicar-4492  [000] d..3  3330.977680: rtg_try_acquire_lock: rtg_block: comm=tau_rt_1 rtgid=1002 tgid=4536 pid=4536 prio=94
       deepPicar-4506  [004] d..3  3330.977714: rtg_try_release_lock: rtg_release: comm=deepPicar rtgid=1001 tgid=4496 pid=4506 prio=93
          <idle>-0     [000] dn.3  3330.977717: rtg_try_acquire_lock: rtg_acquire: comm=tau_rt_1 rtgid=1002 tgid=4536 pid=4536 prio=94
       deepPicar-4506  [004] d..3  3330.977720: rtg_try_acquire_lock: rtg_preemptor: comm=deepPicar rtgid=1001 tgid=4496 pid=4496 prio=93
       deepPicar-4506  [004] d..3  3330.977721: rtg_try_acquire_lock: rtg_preemptee: comm=tau_rt_1 rtgid=1002 tgid=4536 pid=4536 prio=94
        tau_rt_1-4536  [000] dn.3  3330.977725: rtg_try_acquire_lock: rtg_block: comm=tau_rt_1 rtgid=1002 tgid=4536 pid=4536 prio=94
       deepPicar-4496  [004] d..3  3330.977816: rtg_try_release_lock: rtg_release: comm=deepPicar rtgid=1001 tgid=4496 pid=4496 prio=93
          <idle>-0     [000] dn.3  3330.977818: rtg_try_acquire_lock: rtg_acquire: comm=tau_rt_1 rtgid=1002 tgid=4536 pid=4536 prio=94
        tau_rt_1-4536  [000] ...1  3330.979746: tracing_mark_write: ===== [RTG-LIB] <4536> Syncing on barrier...
        tau_rt_3-4540  [004] d..3  3330.985905: rtg_try_release_lock: rtg_release: comm=tau_rt_3 rtgid=1002 tgid=4540 pid=4540 prio=94
        tau_rt_3-4540  [004] d..3  3330.985908: rtg_try_acquire_lock: rtg_acquire: comm=tau_rt_3 rtgid=1002 tgid=4540 pid=4540 prio=94
        tau_rt_2-4539  [003] ...1  3330.985921: tracing_mark_write: ===== [RTG-LIB] <4539> Syncing on barrier...
        tau_rt_3-4540  [004] ...1  3330.985924: tracing_mark_write: ===== [RTG-LIB] <4540> Syncing on barrier...
        tau_rt_3-4540  [004] d..3  3330.985954: rtg_try_release_lock: rtg_release: comm=tau_rt_3 rtgid=1002 tgid=4540 pid=4540 prio=94
        tau_rt_3-4540  [004] d..3  3330.985956: rtg_try_acquire_lock: rtg_acquire: comm=tau_rt_3 rtgid=1002 tgid=4540 pid=4540 prio=94
        tau_rt_3-4540  [004] d..3  3330.985963: rtg_try_release_lock: rtg_release: comm=tau_rt_3 rtgid=1002 tgid=4540 pid=4540 prio=94
        tau_rt_4-4541  [005] ...1  3330.991644: tracing_mark_write: ===== [RTG-LIB] <4541> Syncing on barrier...
          <idle>-0     [000] dn.3  3330.991680: rtg_try_acquire_lock: rtg_acquire: comm=tau_rt_1 rtgid=1002 tgid=4536 pid=4536 prio=94
        tau_rt_4-4541  [005] ...1  3330.991683: tracing_mark_write: ===== [RTG-LIB] <4541> Sync Complete!
        tau_rt_2-4539  [003] ...1  3330.991688: tracing_mark_write: ===== [RTG-LIB] <4539> Sync Complete!
        tau_rt_3-4540  [004] ...1  3330.991689: tracing_mark_write: ===== [RTG-LIB] <4540> Sync Complete!
        tau_rt_1-4536  [000] ...1  3330.991691: tracing_mark_write: ===== [RTG-LIB] <4536> Sync Complete!
        tau_rt_2-4539  [003] d..3  3330.991755: rtg_try_release_lock: rtg_release: comm=tau_rt_2 rtgid=1002 tgid=4539 pid=4539 prio=94
        tau_rt_3-4540  [004] d..3  3330.991757: rtg_try_acquire_lock: rtg_acquire: comm=tau_rt_3 rtgid=1002 tgid=4540 pid=4544 prio=94
        tau_rt_1-4543  [000] ...1  3330.991808: tracing_mark_write: gid=1002: job_start
        tau_rt_1-4543  [000] d..3  3331.014713: rtg_try_release_lock: rtg_release: comm=tau_rt_1 rtgid=1002 tgid=4536 pid=4543 prio=94
          <idle>-0     [005] dn.3  3331.061954: rtg_try_acquire_lock: rtg_acquire: comm=deepPicar rtgid=1001 tgid=4497 pid=4497 prio=93
       deepPicar-4492  [000] ...1  3331.061982: tracing_mark_write: gid=1001: job_start
       deepPicar-4495  [003] d..3  3331.063287: rtg_try_release_lock: rtg_release: comm=deepPicar rtgid=1001 tgid=4495 pid=4495 prio=93
       deepPicar-4496  [004] d..3  3331.063291: rtg_try_acquire_lock: rtg_acquire: comm=deepPicar rtgid=1001 tgid=4496 pid=4534 prio=93
       deepPicar-4496  [004] d..3  3331.077632: rtg_try_release_lock: rtg_release: comm=deepPicar rtgid=1001 tgid=4496 pid=4496 prio=93
          <idle>-0     [005] dn.3  3331.091814: rtg_try_acquire_lock: rtg_acquire: comm=tau_rt_4 rtgid=1002 tgid=4541 pid=4545 prio=94
        tau_rt_1-4543  [000] ...1  3331.091849: tracing_mark_write: gid=1002: job_start
        tau_rt_1-4543  [000] d..3  3331.114647: rtg_try_release_lock: rtg_release: comm=tau_rt_1 rtgid=1002 tgid=4536 pid=4543 prio=94
          <idle>-0     [003] dn.3  3331.161954: rtg_try_acquire_lock: rtg_acquire: comm=deepPicar rtgid=1001 tgid=4495 pid=4495 prio=93
       deepPicar-4492  [000] ...1  3331.161981: tracing_mark_write: gid=1001: job_start
       deepPicar-4492  [000] d..3  3331.163308: rtg_try_release_lock: rtg_release: comm=deepPicar rtgid=1001 tgid=4492 pid=4492 prio=93
       deepPicar-4496  [004] d..3  3331.163312: rtg_try_acquire_lock: rtg_acquire: comm=deepPicar rtgid=1001 tgid=4496 pid=4517 prio=93
       deepPicar-4506  [004] d..3  3331.177637: rtg_try_release_lock: rtg_release: comm=deepPicar rtgid=1001 tgid=4496 pid=4506 prio=93
       deepPicar-4506  [004] d..3  3331.177640: rtg_try_acquire_lock: rtg_acquire: comm=deepPicar rtgid=1001 tgid=4496 pid=4496 prio=93
       deepPicar-4496  [004] d..3  3331.177728: rtg_try_release_lock: rtg_release: comm=deepPicar rtgid=1001 tgid=4496 pid=4496 prio=93
          <idle>-0     [003] dn.3  3331.191816: rtg_try_acquire_lock: rtg_acquire: comm=tau_rt_2 rtgid=1002 tgid=4539 pid=4542 prio=94
        tau_rt_1-4543  [000] ...1  3331.191843: tracing_mark_write: gid=1002: job_start
        tau_rt_1-4543  [000] d..3  3331.214586: rtg_try_release_lock: rtg_release: comm=tau_rt_1 rtgid=1002 tgid=4536 pid=4543 prio=94
          <idle>-0     [003] dn.3  3331.261956: rtg_try_acquire_lock: rtg_acquire: comm=deepPicar rtgid=1001 tgid=4495 pid=4495 prio=93
       deepPicar-4492  [000] ...1  3331.261983: tracing_mark_write: gid=1001: job_start
       deepPicar-4496  [004] d..3  3331.263274: rtg_try_release_lock: rtg_release: comm=deepPicar rtgid=1001 tgid=4496 pid=4496 prio=93
       deepPicar-4497  [005] d..3  3331.263278: rtg_try_acquire_lock: rtg_acquire: comm=deepPicar rtgid=1001 tgid=4497 pid=4520 prio=93
       deepPicar-4496  [004] d..3  3331.277585: rtg_try_release_lock: rtg_release: comm=deepPicar rtgid=1001 tgid=4496 pid=4496 prio=93
          <idle>-0     [004] dn.3  3331.291817: rtg_try_acquire_lock: rtg_acquire: comm=tau_rt_3 rtgid=1002 tgid=4540 pid=4544 prio=94
        tau_rt_1-4543  [000] ...1  3331.291844: tracing_mark_write: gid=1002: job_start
        tau_rt_1-4543  [000] d..3  3331.314632: rtg_try_release_lock: rtg_release: comm=tau_rt_1 rtgid=1002 tgid=4536 pid=4543 prio=94
          <idle>-0     [003] dn.3  3331.361954: rtg_try_acquire_lock: rtg_acquire: comm=deepPicar rtgid=1001 tgid=4495 pid=4495 prio=93
       deepPicar-4492  [000] ...1  3331.361980: tracing_mark_write: gid=1001: job_start
       deepPicar-4492  [000] d..3  3331.363293: rtg_try_release_lock: rtg_release: comm=deepPicar rtgid=1001 tgid=4492 pid=4492 prio=93
       deepPicar-4497  [005] d..3  3331.363297: rtg_try_acquire_lock: rtg_acquire: comm=deepPicar rtgid=1001 tgid=4497 pid=4524 prio=93
       deepPicar-4496  [004] d..3  3331.377657: rtg_try_release_lock: rtg_release: comm=deepPicar rtgid=1001 tgid=4496 pid=4496 prio=93
          <idle>-0     [005] dn.3  3331.391815: rtg_try_acquire_lock: rtg_acquire: comm=tau_rt_4 rtgid=1002 tgid=4541 pid=4545 prio=94
        tau_rt_1-4543  [000] ...1  3331.391842: tracing_mark_write: gid=1002: job_start
        tau_rt_1-4543  [000] d..3  3331.414660: rtg_try_release_lock: rtg_release: comm=tau_rt_1 rtgid=1002 tgid=4536 pid=4543 prio=94
          <idle>-0     [003] dn.3  3331.461956: rtg_try_acquire_lock: rtg_acquire: comm=deepPicar rtgid=1001 tgid=4495 pid=4495 prio=93
       deepPicar-4492  [000] ...1  3331.461981: tracing_mark_write: gid=1001: job_start
       deepPicar-4497  [005] d..3  3331.463293: rtg_try_release_lock: rtg_release: comm=deepPicar rtgid=1001 tgid=4497 pid=4497 prio=93
       deepPicar-4495  [003] d..3  3331.463297: rtg_try_acquire_lock: rtg_acquire: comm=deepPicar rtgid=1001 tgid=4495 pid=4527 prio=93
       deepPicar-4528  [005] d..3  3331.464140: rtg_try_release_lock: rtg_release: comm=deepPicar rtgid=1001 tgid=4497 pid=4528 prio=93
       deepPicar-4526  [004] d..3  3331.464143: rtg_try_acquire_lock: rtg_acquire: comm=deepPicar rtgid=1001 tgid=4496 pid=4506 prio=93
       deepPicar-4506  [004] d..3  3331.477840: rtg_try_release_lock: rtg_release: comm=deepPicar rtgid=1001 tgid=4496 pid=4506 prio=93
       deepPicar-4506  [004] d..3  3331.477844: rtg_try_acquire_lock: rtg_acquire: comm=deepPicar rtgid=1001 tgid=4496 pid=4496 prio=93
       deepPicar-4496  [004] d..3  3331.477933: rtg_try_release_lock: rtg_release: comm=deepPicar rtgid=1001 tgid=4496 pid=4496 prio=93
          <idle>-0     [004] dn.3  3331.491813: rtg_try_acquire_lock: rtg_acquire: comm=tau_rt_3 rtgid=1002 tgid=4540 pid=4544 prio=94
        tau_rt_1-4543  [000] ...1  3331.491840: tracing_mark_write: gid=1002: job_start
        tau_rt_1-4543  [000] d..3  3331.514677: rtg_try_release_lock: rtg_release: comm=tau_rt_1 rtgid=1002 tgid=4536 pid=4543 prio=94
          <idle>-0     [003] dn.3  3331.561955: rtg_try_acquire_lock: rtg_acquire: comm=deepPicar rtgid=1001 tgid=4495 pid=4495 prio=93
       deepPicar-4492  [000] ...1  3331.561982: tracing_mark_write: gid=1001: job_start
       deepPicar-4497  [005] d..3  3331.563287: rtg_try_release_lock: rtg_release: comm=deepPicar rtgid=1001 tgid=4497 pid=4497 prio=93
       deepPicar-4492  [000] d..3  3331.563291: rtg_try_acquire_lock: rtg_acquire: comm=deepPicar rtgid=1001 tgid=4492 pid=4512 prio=93
       deepPicar-4530  [003] d..3  3331.564141: rtg_try_release_lock: rtg_release: comm=deepPicar rtgid=1001 tgid=4495 pid=4530 prio=93
       deepPicar-4529  [005] d..3  3331.564144: rtg_try_acquire_lock: rtg_acquire: comm=deepPicar rtgid=1001 tgid=4497 pid=4505 prio=93
       deepPicar-4496  [004] d..3  3331.577696: rtg_try_release_lock: rtg_release: comm=deepPicar rtgid=1001 tgid=4496 pid=4496 prio=93
          <idle>-0     [005] dn.3  3331.591815: rtg_try_acquire_lock: rtg_acquire: comm=tau_rt_4 rtgid=1002 tgid=4541 pid=4545 prio=94
        tau_rt_1-4543  [000] ...1  3331.591841: tracing_mark_write: gid=1002: job_start
        tau_rt_1-4543  [000] d..3  3331.614650: rtg_try_release_lock: rtg_release: comm=tau_rt_1 rtgid=1002 tgid=4536 pid=4543 prio=94
          <idle>-0     [005] dn.3  3331.661954: rtg_try_acquire_lock: rtg_acquire: comm=deepPicar rtgid=1001 tgid=4497 pid=4497 prio=93
       deepPicar-4492  [000] ...1  3331.661986: tracing_mark_write: gid=1001: job_start
       deepPicar-4496  [004] d..3  3331.663354: rtg_try_release_lock: rtg_release: comm=deepPicar rtgid=1001 tgid=4496 pid=4496 prio=93
       deepPicar-4497  [005] d..3  3331.663358: rtg_try_acquire_lock: rtg_acquire: comm=deepPicar rtgid=1001 tgid=4497 pid=4533 prio=93
       deepPicar-4506  [004] d..3  3331.677656: rtg_try_release_lock: rtg_release: comm=deepPicar rtgid=1001 tgid=4496 pid=4506 prio=93
       deepPicar-4506  [004] d..3  3331.677661: rtg_try_acquire_lock: rtg_acquire: comm=deepPicar rtgid=1001 tgid=4496 pid=4496 prio=93
       deepPicar-4496  [004] d..3  3331.677750: rtg_try_release_lock: rtg_release: comm=deepPicar rtgid=1001 tgid=4496 pid=4496 prio=93
          <idle>-0     [005] dn.3  3331.691815: rtg_try_acquire_lock: rtg_acquire: comm=tau_rt_4 rtgid=1002 tgid=4541 pid=4545 prio=94
        tau_rt_1-4543  [000] ...1  3331.691841: tracing_mark_write: gid=1002: job_start
        tau_rt_1-4543  [000] d..3  3331.714604: rtg_try_release_lock: rtg_release: comm=tau_rt_1 rtgid=1002 tgid=4536 pid=4543 prio=94
          <idle>-0     [003] dn.3  3331.761955: rtg_try_acquire_lock: rtg_acquire: comm=deepPicar rtgid=1001 tgid=4495 pid=4495 prio=93
       deepPicar-4492  [000] ...1  3331.761983: tracing_mark_write: gid=1001: job_start
       deepPicar-4496  [004] d..3  3331.763308: rtg_try_release_lock: rtg_release: comm=deepPicar rtgid=1001 tgid=4496 pid=4496 prio=93
       deepPicar-4497  [005] d..3  3331.763312: rtg_try_acquire_lock: rtg_acquire: comm=deepPicar rtgid=1001 tgid=4497 pid=4519 prio=93
       deepPicar-4519  [005] d..3  3331.764425: rtg_try_release_lock: rtg_release: comm=deepPicar rtgid=1001 tgid=4497 pid=4519 prio=93
       deepPicar-4518  [003] d..3  3331.764429: rtg_try_acquire_lock: rtg_acquire: comm=deepPicar rtgid=1001 tgid=4495 pid=4504 prio=93
       deepPicar-4496  [004] d..3  3331.778042: rtg_try_release_lock: rtg_release: comm=deepPicar rtgid=1001 tgid=4496 pid=4496 prio=93
          <idle>-0     [004] dn.3  3331.791817: rtg_try_acquire_lock: rtg_acquire: comm=tau_rt_3 rtgid=1002 tgid=4540 pid=4544 prio=94
        tau_rt_1-4543  [000] ...1  3331.791845: tracing_mark_write: gid=1002: job_start
        tau_rt_1-4543  [000] d..3  3331.814708: rtg_try_release_lock: rtg_release: comm=tau_rt_1 rtgid=1002 tgid=4536 pid=4543 prio=94
          <idle>-0     [003] dn.3  3331.861953: rtg_try_acquire_lock: rtg_acquire: comm=deepPicar rtgid=1001 tgid=4495 pid=4495 prio=93
       deepPicar-4492  [000] ...1  3331.861980: tracing_mark_write: gid=1001: job_start
       deepPicar-4496  [004] d..3  3331.863280: rtg_try_release_lock: rtg_release: comm=deepPicar rtgid=1001 tgid=4496 pid=4496 prio=93
       deepPicar-4497  [005] d..3  3331.863285: rtg_try_acquire_lock: rtg_acquire: comm=deepPicar rtgid=1001 tgid=4497 pid=4520 prio=93
       deepPicar-4521  [004] d..3  3331.864132: rtg_try_release_lock: rtg_release: comm=deepPicar rtgid=1001 tgid=4496 pid=4521 prio=93
       deepPicar-4520  [005] d..3  3331.864135: rtg_try_acquire_lock: rtg_acquire: comm=deepPicar rtgid=1001 tgid=4497 pid=4505 prio=93
       deepPicar-4496  [004] d..3  3331.877628: rtg_try_release_lock: rtg_release: comm=deepPicar rtgid=1001 tgid=4496 pid=4496 prio=93
          <idle>-0     [005] dn.3  3331.891815: rtg_try_acquire_lock: rtg_acquire: comm=tau_rt_4 rtgid=1002 tgid=4541 pid=4545 prio=94
        tau_rt_1-4543  [000] ...1  3331.891844: tracing_mark_write: gid=1002: job_start
        tau_rt_1-4543  [000] d..3  3331.914579: rtg_try_release_lock: rtg_release: comm=tau_rt_1 rtgid=1002 tgid=4536 pid=4543 prio=94
          <idle>-0     [003] dn.3  3331.961954: rtg_try_acquire_lock: rtg_acquire: comm=deepPicar rtgid=1001 tgid=4495 pid=4495 prio=93
       deepPicar-4492  [000] ...1  3331.961982: tracing_mark_write: gid=1001: job_start
       deepPicar-4496  [004] d..3  3331.977680: rtg_try_release_lock: rtg_release: comm=deepPicar rtgid=1001 tgid=4496 pid=4496 prio=93
          <idle>-0     [005] dn.3  3331.991814: rtg_try_acquire_lock: rtg_acquire: comm=tau_rt_4 rtgid=1002 tgid=4541 pid=4545 prio=94
        tau_rt_1-4543  [000] ...1  3331.991842: tracing_mark_write: gid=1002: job_start
        tau_rt_1-4543  [000] d..3  3332.014605: rtg_try_release_lock: rtg_release: comm=tau_rt_1 rtgid=1002 tgid=4536 pid=4543 prio=94
          <idle>-0     [005] dn.3  3332.061953: rtg_try_acquire_lock: rtg_acquire: comm=deepPicar rtgid=1001 tgid=4497 pid=4497 prio=93
       deepPicar-4492  [000] ...1  3332.061979: tracing_mark_write: gid=1001: job_start
       deepPicar-4492  [000] d..3  3332.063322: rtg_try_release_lock: rtg_release: comm=deepPicar rtgid=1001 tgid=4492 pid=4492 prio=93
       deepPicar-4497  [005] d..3  3332.063325: rtg_try_acquire_lock: rtg_acquire: comm=deepPicar rtgid=1001 tgid=4497 pid=4528 prio=93
       deepPicar-4506  [004] d..3  3332.077696: rtg_try_release_lock: rtg_release: comm=deepPicar rtgid=1001 tgid=4496 pid=4506 prio=93
       deepPicar-4506  [004] d..3  3332.077700: rtg_try_acquire_lock: rtg_acquire: comm=deepPicar rtgid=1001 tgid=4496 pid=4496 prio=93
       deepPicar-4496  [004] d..3  3332.077782: rtg_try_release_lock: rtg_release: comm=deepPicar rtgid=1001 tgid=4496 pid=4496 prio=93
          <idle>-0     [005] dn.3  3332.091813: rtg_try_acquire_lock: rtg_acquire: comm=tau_rt_4 rtgid=1002 tgid=4541 pid=4545 prio=94
        tau_rt_1-4543  [000] ...1  3332.091840: tracing_mark_write: gid=1002: job_start
        tau_rt_1-4543  [000] d..3  3332.114694: rtg_try_release_lock: rtg_release: comm=tau_rt_1 rtgid=1002 tgid=4536 pid=4543 prio=94
          <idle>-0     [004] dn.3  3332.161951: rtg_try_acquire_lock: rtg_acquire: comm=deepPicar rtgid=1001 tgid=4496 pid=4496 prio=93
       deepPicar-4492  [000] ...1  3332.161984: tracing_mark_write: gid=1001: job_start
       deepPicar-4495  [003] d..3  3332.163280: rtg_try_release_lock: rtg_release: comm=deepPicar rtgid=1001 tgid=4495 pid=4495 prio=93
       deepPicar-4497  [005] d..3  3332.163284: rtg_try_acquire_lock: rtg_acquire: comm=deepPicar rtgid=1001 tgid=4497 pid=4529 prio=93
       deepPicar-4529  [005] d..3  3332.164203: rtg_try_release_lock: rtg_release: comm=deepPicar rtgid=1001 tgid=4497 pid=4529 prio=93
       deepPicar-4512  [000] d..3  3332.164207: rtg_try_acquire_lock: rtg_acquire: comm=deepPicar rtgid=1001 tgid=4492 pid=4500 prio=93
       deepPicar-4506  [004] d..3  3332.177684: rtg_try_release_lock: rtg_release: comm=deepPicar rtgid=1001 tgid=4496 pid=4506 prio=93
       deepPicar-4506  [004] d..3  3332.177687: rtg_try_acquire_lock: rtg_acquire: comm=deepPicar rtgid=1001 tgid=4496 pid=4496 prio=93
       deepPicar-4496  [004] d..3  3332.177774: rtg_try_release_lock: rtg_release: comm=deepPicar rtgid=1001 tgid=4496 pid=4496 prio=93
          <idle>-0     [003] dn.3  3332.191816: rtg_try_acquire_lock: rtg_acquire: comm=tau_rt_2 rtgid=1002 tgid=4539 pid=4542 prio=94
        tau_rt_1-4543  [000] ...1  3332.191844: tracing_mark_write: gid=1002: job_start
        tau_rt_1-4543  [000] d..3  3332.214652: rtg_try_release_lock: rtg_release: comm=tau_rt_1 rtgid=1002 tgid=4536 pid=4543 prio=94
          <idle>-0     [003] dn.3  3332.261956: rtg_try_acquire_lock: rtg_acquire: comm=deepPicar rtgid=1001 tgid=4495 pid=4495 prio=93
       deepPicar-4492  [000] ...1  3332.261982: tracing_mark_write: gid=1001: job_start
       deepPicar-4496  [004] d..3  3332.263295: rtg_try_release_lock: rtg_release: comm=deepPicar rtgid=1001 tgid=4496 pid=4496 prio=93
       deepPicar-4495  [003] d..3  3332.263299: rtg_try_acquire_lock: rtg_acquire: comm=deepPicar rtgid=1001 tgid=4495 pid=4532 prio=93
       deepPicar-4506  [004] d..3  3332.277549: rtg_try_release_lock: rtg_release: comm=deepPicar rtgid=1001 tgid=4496 pid=4506 prio=93
       deepPicar-4506  [004] d..3  3332.277552: rtg_try_acquire_lock: rtg_acquire: comm=deepPicar rtgid=1001 tgid=4496 pid=4496 prio=93
       deepPicar-4496  [004] d..3  3332.277636: rtg_try_release_lock: rtg_release: comm=deepPicar rtgid=1001 tgid=4496 pid=4496 prio=93
          <idle>-0     [004] dn.3  3332.291816: rtg_try_acquire_lock: rtg_acquire: comm=tau_rt_3 rtgid=1002 tgid=4540 pid=4544 prio=94
        tau_rt_1-4543  [000] ...1  3332.291842: tracing_mark_write: gid=1002: job_start
        tau_rt_1-4543  [000] d..3  3332.314654: rtg_try_release_lock: rtg_release: comm=tau_rt_1 rtgid=1002 tgid=4536 pid=4543 prio=94
          <idle>-0     [005] dn.3  3332.361954: rtg_try_acquire_lock: rtg_acquire: comm=deepPicar rtgid=1001 tgid=4497 pid=4497 prio=93
       deepPicar-4492  [000] ...1  3332.361981: tracing_mark_write: gid=1001: job_start
       deepPicar-4497  [005] d..3  3332.363282: rtg_try_release_lock: rtg_release: comm=deepPicar rtgid=1001 tgid=4497 pid=4497 prio=93
       deepPicar-4495  [003] d..3  3332.363285: rtg_try_acquire_lock: rtg_acquire: comm=deepPicar rtgid=1001 tgid=4495 pid=4518 prio=93
       deepPicar-4506  [004] d..3  3332.377827: rtg_try_release_lock: rtg_release: comm=deepPicar rtgid=1001 tgid=4496 pid=4506 prio=93
       deepPicar-4506  [004] d..3  3332.377831: rtg_try_acquire_lock: rtg_acquire: comm=deepPicar rtgid=1001 tgid=4496 pid=4496 prio=93
       deepPicar-4496  [004] d..3  3332.377919: rtg_try_release_lock: rtg_release: comm=deepPicar rtgid=1001 tgid=4496 pid=4496 prio=93
          <idle>-0     [003] dn.3  3332.391815: rtg_try_acquire_lock: rtg_acquire: comm=tau_rt_2 rtgid=1002 tgid=4539 pid=4542 prio=94
        tau_rt_1-4543  [000] ...1  3332.391840: tracing_mark_write: gid=1002: job_start
        tau_rt_1-4543  [000] d..3  3332.414607: rtg_try_release_lock: rtg_release: comm=tau_rt_1 rtgid=1002 tgid=4536 pid=4543 prio=94
          <idle>-0     [005] dn.3  3332.461954: rtg_try_acquire_lock: rtg_acquire: comm=deepPicar rtgid=1001 tgid=4497 pid=4497 prio=93
       deepPicar-4492  [000] ...1  3332.461981: tracing_mark_write: gid=1001: job_start
       deepPicar-4492  [000] d..3  3332.463282: rtg_try_release_lock: rtg_release: comm=deepPicar rtgid=1001 tgid=4492 pid=4492 prio=93
       deepPicar-4495  [003] d..3  3332.463286: rtg_try_acquire_lock: rtg_acquire: comm=deepPicar rtgid=1001 tgid=4495 pid=4522 prio=93
       deepPicar-4522  [003] d..3  3332.464156: rtg_try_release_lock: rtg_release: comm=deepPicar rtgid=1001 tgid=4495 pid=4522 prio=93
       deepPicar-4521  [004] d..3  3332.464160: rtg_try_acquire_lock: rtg_acquire: comm=deepPicar rtgid=1001 tgid=4496 pid=4506 prio=93
       deepPicar-4506  [004] d..3  3332.477593: rtg_try_release_lock: rtg_release: comm=deepPicar rtgid=1001 tgid=4496 pid=4506 prio=93
       deepPicar-4506  [004] d..3  3332.477596: rtg_try_acquire_lock: rtg_acquire: comm=deepPicar rtgid=1001 tgid=4496 pid=4496 prio=93
       deepPicar-4496  [004] d..3  3332.477676: rtg_try_release_lock: rtg_release: comm=deepPicar rtgid=1001 tgid=4496 pid=4496 prio=93
          <idle>-0     [005] dn.3  3332.491815: rtg_try_acquire_lock: rtg_acquire: comm=tau_rt_4 rtgid=1002 tgid=4541 pid=4545 prio=94
        tau_rt_1-4543  [000] ...1  3332.491843: tracing_mark_write: gid=1002: job_start
        tau_rt_1-4543  [000] d..3  3332.514727: rtg_try_release_lock: rtg_release: comm=tau_rt_1 rtgid=1002 tgid=4536 pid=4543 prio=94
          <idle>-0     [003] dn.3  3332.561954: rtg_try_acquire_lock: rtg_acquire: comm=deepPicar rtgid=1001 tgid=4495 pid=4495 prio=93
       deepPicar-4492  [000] ...1  3332.561980: tracing_mark_write: gid=1001: job_start
       deepPicar-4497  [005] d..3  3332.563318: rtg_try_release_lock: rtg_release: comm=deepPicar rtgid=1001 tgid=4497 pid=4497 prio=93
       deepPicar-4492  [000] d..3  3332.563322: rtg_try_acquire_lock: rtg_acquire: comm=deepPicar rtgid=1001 tgid=4492 pid=4510 prio=93
       deepPicar-4496  [004] d..3  3332.577946: rtg_try_release_lock: rtg_release: comm=deepPicar rtgid=1001 tgid=4496 pid=4496 prio=93
          <idle>-0     [005] dn.3  3332.591814: rtg_try_acquire_lock: rtg_acquire: comm=tau_rt_4 rtgid=1002 tgid=4541 pid=4545 prio=94
        tau_rt_1-4543  [000] ...1  3332.591841: tracing_mark_write: gid=1002: job_start
        tau_rt_1-4543  [000] d..3  3332.614715: rtg_try_release_lock: rtg_release: comm=tau_rt_1 rtgid=1002 tgid=4536 pid=4543 prio=94
          <idle>-0     [004] dn.3  3332.661954: rtg_try_acquire_lock: rtg_acquire: comm=deepPicar rtgid=1001 tgid=4496 pid=4496 prio=93
       deepPicar-4492  [000] ...1  3332.661982: tracing_mark_write: gid=1001: job_start
       deepPicar-4497  [005] d..3  3332.663282: rtg_try_release_lock: rtg_release: comm=deepPicar rtgid=1001 tgid=4497 pid=4497 prio=93
       deepPicar-4492  [000] d..3  3332.663287: rtg_try_acquire_lock: rtg_acquire: comm=deepPicar rtgid=1001 tgid=4492 pid=4511 prio=93
       deepPicar-4526  [004] d..3  3332.664154: rtg_try_release_lock: rtg_release: comm=deepPicar rtgid=1001 tgid=4496 pid=4526 prio=93
       deepPicar-4528  [005] d..3  3332.664158: rtg_try_acquire_lock: rtg_acquire: comm=deepPicar rtgid=1001 tgid=4497 pid=4505 prio=93
       deepPicar-4496  [004] d..3  3332.677701: rtg_try_release_lock: rtg_release: comm=deepPicar rtgid=1001 tgid=4496 pid=4496 prio=93
          <idle>-0     [005] dn.3  3332.691817: rtg_try_acquire_lock: rtg_acquire: comm=tau_rt_4 rtgid=1002 tgid=4541 pid=4545 prio=94
        tau_rt_1-4543  [000] ...1  3332.691844: tracing_mark_write: gid=1002: job_start
        tau_rt_1-4543  [000] d..3  3332.714620: rtg_try_release_lock: rtg_release: comm=tau_rt_1 rtgid=1002 tgid=4536 pid=4543 prio=94
          <idle>-0     [003] dn.3  3332.761954: rtg_try_acquire_lock: rtg_acquire: comm=deepPicar rtgid=1001 tgid=4495 pid=4495 prio=93
       deepPicar-4492  [000] ...1  3332.761981: tracing_mark_write: gid=1001: job_start
       deepPicar-4492  [000] d..3  3332.763285: rtg_try_release_lock: rtg_release: comm=deepPicar rtgid=1001 tgid=4492 pid=4492 prio=93
       deepPicar-4497  [005] d..3  3332.763289: rtg_try_acquire_lock: rtg_acquire: comm=deepPicar rtgid=1001 tgid=4497 pid=4529 prio=93
       deepPicar-4496  [004] d..3  3332.777676: rtg_try_release_lock: rtg_release: comm=deepPicar rtgid=1001 tgid=4496 pid=4496 prio=93
          <idle>-0     [003] dn.3  3332.791815: rtg_try_acquire_lock: rtg_acquire: comm=tau_rt_2 rtgid=1002 tgid=4539 pid=4542 prio=94
        tau_rt_1-4543  [000] ...1  3332.791843: tracing_mark_write: gid=1002: job_start
        tau_rt_1-4543  [000] d..3  3332.814672: rtg_try_release_lock: rtg_release: comm=tau_rt_1 rtgid=1002 tgid=4536 pid=4543 prio=94
          <idle>-0     [003] dn.3  3332.861954: rtg_try_acquire_lock: rtg_acquire: comm=deepPicar rtgid=1001 tgid=4495 pid=4495 prio=93
       deepPicar-4492  [000] ...1  3332.861980: tracing_mark_write: gid=1001: job_start
       deepPicar-4506  [004] d..3  3332.877685: rtg_try_release_lock: rtg_release: comm=deepPicar rtgid=1001 tgid=4496 pid=4506 prio=93
       deepPicar-4506  [004] d..3  3332.877688: rtg_try_acquire_lock: rtg_acquire: comm=deepPicar rtgid=1001 tgid=4496 pid=4496 prio=93
       deepPicar-4496  [004] d..3  3332.877778: rtg_try_release_lock: rtg_release: comm=deepPicar rtgid=1001 tgid=4496 pid=4496 prio=93
          <idle>-0     [005] dn.3  3332.891815: rtg_try_acquire_lock: rtg_acquire: comm=tau_rt_4 rtgid=1002 tgid=4541 pid=4545 prio=94
        tau_rt_1-4543  [000] ...1  3332.891843: tracing_mark_write: gid=1002: job_start
        tau_rt_1-4543  [000] d..3  3332.914601: rtg_try_release_lock: rtg_release: comm=tau_rt_1 rtgid=1002 tgid=4536 pid=4543 prio=94
          <idle>-0     [003] dn.3  3332.961954: rtg_try_acquire_lock: rtg_acquire: comm=deepPicar rtgid=1001 tgid=4495 pid=4495 prio=93
       deepPicar-4492  [000] ...1  3332.961980: tracing_mark_write: gid=1001: job_start
       deepPicar-4495  [003] d..3  3332.963343: rtg_try_release_lock: rtg_release: comm=deepPicar rtgid=1001 tgid=4495 pid=4495 prio=93
       deepPicar-4497  [005] d..3  3332.963347: rtg_try_acquire_lock: rtg_acquire: comm=deepPicar rtgid=1001 tgid=4497 pid=4519 prio=93
       deepPicar-4506  [004] d..3  3332.977903: rtg_try_release_lock: rtg_release: comm=deepPicar rtgid=1001 tgid=4496 pid=4506 prio=93
       deepPicar-4506  [004] d..3  3332.977907: rtg_try_acquire_lock: rtg_acquire: comm=deepPicar rtgid=1001 tgid=4496 pid=4496 prio=93
       deepPicar-4496  [004] d..3  3332.977988: rtg_try_release_lock: rtg_release: comm=deepPicar rtgid=1001 tgid=4496 pid=4496 prio=93
          <idle>-0     [005] dn.3  3332.991814: rtg_try_acquire_lock: rtg_acquire: comm=tau_rt_4 rtgid=1002 tgid=4541 pid=4545 prio=94
        tau_rt_1-4543  [000] ...1  3332.991839: tracing_mark_write: gid=1002: job_start
        tau_rt_1-4543  [000] d..3  3333.014683: rtg_try_release_lock: rtg_release: comm=tau_rt_1 rtgid=1002 tgid=4536 pid=4543 prio=94
          <idle>-0     [003] dn.3  3333.061955: rtg_try_acquire_lock: rtg_acquire: comm=deepPicar rtgid=1001 tgid=4495 pid=4495 prio=93
       deepPicar-4492  [000] ...1  3333.061981: tracing_mark_write: gid=1001: job_start
       deepPicar-4492  [000] d..3  3333.063286: rtg_try_release_lock: rtg_release: comm=deepPicar rtgid=1001 tgid=4492 pid=4492 prio=93
       deepPicar-4497  [005] d..3  3333.063290: rtg_try_acquire_lock: rtg_acquire: comm=deepPicar rtgid=1001 tgid=4497 pid=4520 prio=93
       deepPicar-4496  [004] d..3  3333.077692: rtg_try_release_lock: rtg_release: comm=deepPicar rtgid=1001 tgid=4496 pid=4496 prio=93
          <idle>-0     [004] dn.3  3333.091815: rtg_try_acquire_lock: rtg_acquire: comm=tau_rt_3 rtgid=1002 tgid=4540 pid=4544 prio=94
        tau_rt_1-4543  [000] ...1  3333.091841: tracing_mark_write: gid=1002: job_start
        tau_rt_1-4543  [000] d..3  3333.114630: rtg_try_release_lock: rtg_release: comm=tau_rt_1 rtgid=1002 tgid=4536 pid=4543 prio=94
          <idle>-0     [003] dn.3  3333.161954: rtg_try_acquire_lock: rtg_acquire: comm=deepPicar rtgid=1001 tgid=4495 pid=4495 prio=93
       deepPicar-4492  [000] ...1  3333.161982: tracing_mark_write: gid=1001: job_start
       deepPicar-4495  [003] d..3  3333.163260: rtg_try_release_lock: rtg_release: comm=deepPicar rtgid=1001 tgid=4495 pid=4495 prio=93
       deepPicar-4497  [005] d..3  3333.163265: rtg_try_acquire_lock: rtg_acquire: comm=deepPicar rtgid=1001 tgid=4497 pid=4524 prio=93
       deepPicar-4496  [004] d..3  3333.177684: rtg_try_release_lock: rtg_release: comm=deepPicar rtgid=1001 tgid=4496 pid=4496 prio=93
          <idle>-0     [003] dn.3  3333.191816: rtg_try_acquire_lock: rtg_acquire: comm=tau_rt_2 rtgid=1002 tgid=4539 pid=4542 prio=94
        tau_rt_1-4543  [000] ...1  3333.191843: tracing_mark_write: gid=1002: job_start
        tau_rt_1-4543  [000] d..3  3333.214615: rtg_try_release_lock: rtg_release: comm=tau_rt_1 rtgid=1002 tgid=4536 pid=4543 prio=94
          <idle>-0     [005] dn.3  3333.261955: rtg_try_acquire_lock: rtg_acquire: comm=deepPicar rtgid=1001 tgid=4497 pid=4497 prio=93
       deepPicar-4492  [000] ...1  3333.261981: tracing_mark_write: gid=1001: job_start
       deepPicar-4506  [004] d..3  3333.277727: rtg_try_release_lock: rtg_release: comm=deepPicar rtgid=1001 tgid=4496 pid=4506 prio=93
       deepPicar-4506  [004] d..3  3333.277730: rtg_try_acquire_lock: rtg_acquire: comm=deepPicar rtgid=1001 tgid=4496 pid=4496 prio=93
       deepPicar-4496  [004] d..3  3333.277822: rtg_try_release_lock: rtg_release: comm=deepPicar rtgid=1001 tgid=4496 pid=4496 prio=93
          <idle>-0     [003] dn.3  3333.291816: rtg_try_acquire_lock: rtg_acquire: comm=tau_rt_2 rtgid=1002 tgid=4539 pid=4542 prio=94
        tau_rt_1-4543  [000] ...1  3333.291843: tracing_mark_write: gid=1002: job_start
        tau_rt_1-4543  [000] d..3  3333.314648: rtg_try_release_lock: rtg_release: comm=tau_rt_1 rtgid=1002 tgid=4536 pid=4543 prio=94
          <idle>-0     [005] dn.3  3333.361954: rtg_try_acquire_lock: rtg_acquire: comm=deepPicar rtgid=1001 tgid=4497 pid=4497 prio=93
       deepPicar-4492  [000] ...1  3333.361980: tracing_mark_write: gid=1001: job_start
       deepPicar-4492  [000] d..3  3333.363253: rtg_try_release_lock: rtg_release: comm=deepPicar rtgid=1001 tgid=4492 pid=4492 prio=93
       deepPicar-4497  [005] d..3  3333.363256: rtg_try_acquire_lock: rtg_acquire: comm=deepPicar rtgid=1001 tgid=4497 pid=4529 prio=93
       deepPicar-4531  [004] d..3  3333.364229: rtg_try_release_lock: rtg_release: comm=deepPicar rtgid=1001 tgid=4496 pid=4531 prio=93
       deepPicar-4530  [003] d..3  3333.364233: rtg_try_acquire_lock: rtg_acquire: comm=deepPicar rtgid=1001 tgid=4495 pid=4504 prio=93
       deepPicar-4506  [004] d..3  3333.377764: rtg_try_release_lock: rtg_release: comm=deepPicar rtgid=1001 tgid=4496 pid=4506 prio=93
       deepPicar-4506  [004] d..3  3333.377767: rtg_try_acquire_lock: rtg_acquire: comm=deepPicar rtgid=1001 tgid=4496 pid=4496 prio=93
       deepPicar-4496  [004] d..3  3333.377850: rtg_try_release_lock: rtg_release: comm=deepPicar rtgid=1001 tgid=4496 pid=4496 prio=93
          <idle>-0     [005] dn.3  3333.391815: rtg_try_acquire_lock: rtg_acquire: comm=tau_rt_4 rtgid=1002 tgid=4541 pid=4545 prio=94
        tau_rt_1-4543  [000] ...1  3333.391843: tracing_mark_write: gid=1002: job_start
        tau_rt_1-4543  [000] d..3  3333.414644: rtg_try_release_lock: rtg_release: comm=tau_rt_1 rtgid=1002 tgid=4536 pid=4543 prio=94
          <idle>-0     [005] dn.3  3333.461954: rtg_try_acquire_lock: rtg_acquire: comm=deepPicar rtgid=1001 tgid=4497 pid=4497 prio=93
       deepPicar-4492  [000] ...1  3333.461981: tracing_mark_write: gid=1001: job_start
       deepPicar-4497  [005] d..3  3333.463323: rtg_try_release_lock: rtg_release: comm=deepPicar rtgid=1001 tgid=4497 pid=4497 prio=93
       deepPicar-4496  [004] d..3  3333.463326: rtg_try_acquire_lock: rtg_acquire: comm=deepPicar rtgid=1001 tgid=4496 pid=4534 prio=93
       deepPicar-4496  [004] d..3  3333.477682: rtg_try_release_lock: rtg_release: comm=deepPicar rtgid=1001 tgid=4496 pid=4496 prio=93
          <idle>-0     [005] dn.3  3333.491816: rtg_try_acquire_lock: rtg_acquire: comm=tau_rt_4 rtgid=1002 tgid=4541 pid=4545 prio=94
        tau_rt_1-4543  [000] ...1  3333.491844: tracing_mark_write: gid=1002: job_start
        tau_rt_1-4543  [000] d..3  3333.514606: rtg_try_release_lock: rtg_release: comm=tau_rt_1 rtgid=1002 tgid=4536 pid=4543 prio=94
          <idle>-0     [003] dn.3  3333.561955: rtg_try_acquire_lock: rtg_acquire: comm=deepPicar rtgid=1001 tgid=4495 pid=4495 prio=93
       deepPicar-4492  [000] ...1  3333.561982: tracing_mark_write: gid=1001: job_start
       deepPicar-4497  [005] d..3  3333.563285: rtg_try_release_lock: rtg_release: comm=deepPicar rtgid=1001 tgid=4497 pid=4497 prio=93
       deepPicar-4495  [003] d..3  3333.563289: rtg_try_acquire_lock: rtg_acquire: comm=deepPicar rtgid=1001 tgid=4495 pid=4518 prio=93
       deepPicar-4517  [004] d..3  3333.564289: rtg_try_release_lock: rtg_release: comm=deepPicar rtgid=1001 tgid=4496 pid=4517 prio=93
       deepPicar-4519  [005] d..3  3333.564292: rtg_try_acquire_lock: rtg_acquire: comm=deepPicar rtgid=1001 tgid=4497 pid=4505 prio=93
       deepPicar-4506  [004] d..3  3333.577834: rtg_try_release_lock: rtg_release: comm=deepPicar rtgid=1001 tgid=4496 pid=4506 prio=93
       deepPicar-4506  [004] d..3  3333.577837: rtg_try_acquire_lock: rtg_acquire: comm=deepPicar rtgid=1001 tgid=4496 pid=4496 prio=93
       deepPicar-4496  [004] d..3  3333.577921: rtg_try_release_lock: rtg_release: comm=deepPicar rtgid=1001 tgid=4496 pid=4496 prio=93
