       deepPicar-3245  [000] d..3   677.626383: rtg_try_acquire_lock: rtg_block: comm=tau_rt_1 rtgid=1002 tgid=3288 pid=3294 prio=94
       deepPicar-3256  [004] d..3   677.641714: rtg_try_release_lock: rtg_release: comm=deepPicar rtgid=1001 tgid=3249 pid=3256 prio=93
       deepPicar-3257  [003] d..3   677.641719: rtg_try_acquire_lock: rtg_acquire: comm=deepPicar rtgid=1001 tgid=3248 pid=3248 prio=93
          <idle>-0     [000] dn.3   677.641722: rtg_try_acquire_lock: rtg_block: comm=tau_rt_1 rtgid=1002 tgid=3288 pid=3294 prio=94
       deepPicar-3249  [004] d..3   677.641833: rtg_try_release_lock: rtg_release: comm=deepPicar rtgid=1001 tgid=3249 pid=3249 prio=93
       deepPicar-3250  [005] d..3   677.641836: rtg_try_acquire_lock: rtg_acquire: comm=tau_rt_4 rtgid=1002 tgid=3293 pid=3296 prio=94
        tau_rt_4-3296  [005] d..3   677.653844: rtg_try_release_lock: rtg_release: comm=tau_rt_4 rtgid=1002 tgid=3293 pid=3296 prio=94
          <idle>-0     [003] dn.3   677.654561: rtg_try_acquire_lock: rtg_acquire: comm=tau_rt_2 rtgid=1002 tgid=3291 pid=3297 prio=94
        tau_rt_1-3294  [000] ...1   677.667170: tracing_mark_write: gid=1002: job_start
        tau_rt_1-3294  [000] dn.3   677.687994: rtg_try_acquire_lock: rtg_preemptor: comm=deepPicar rtgid=1001 tgid=3245 pid=3245 prio=93
        tau_rt_1-3294  [000] dn.3   677.687996: rtg_try_acquire_lock: rtg_preemptee: comm=tau_rt_2 rtgid=1002 tgid=3291 pid=3297 prio=94
        tau_rt_3-3295  [004] dn.3   677.688005: rtg_try_acquire_lock: rtg_block: comm=tau_rt_3 rtgid=1002 tgid=3292 pid=3295 prio=94
        tau_rt_4-3296  [005] dn.3   677.688008: rtg_try_acquire_lock: rtg_block: comm=tau_rt_4 rtgid=1002 tgid=3293 pid=3296 prio=94
       deepPicar-3245  [000] ...1   677.688025: tracing_mark_write: gid=1001: job_start
       deepPicar-3245  [000] d..3   677.689198: rtg_try_release_lock: rtg_release: comm=deepPicar rtgid=1001 tgid=3245 pid=3245 prio=93
          <idle>-0     [004] dn.3   677.689200: rtg_try_acquire_lock: rtg_acquire: comm=tau_rt_3 rtgid=1002 tgid=3292 pid=3295 prio=94
       deepPicar-3245  [000] d..3   677.689204: rtg_try_acquire_lock: rtg_preemptor: comm=deepPicar rtgid=1001 tgid=3245 pid=3266 prio=93
       deepPicar-3245  [000] d..3   677.689205: rtg_try_acquire_lock: rtg_preemptee: comm=tau_rt_3 rtgid=1002 tgid=3292 pid=3295 prio=94
        tau_rt_3-3295  [004] dn.3   677.689207: rtg_try_acquire_lock: rtg_block: comm=tau_rt_3 rtgid=1002 tgid=3292 pid=3295 prio=94
        tau_rt_4-3296  [005] dn.3   677.689209: rtg_try_acquire_lock: rtg_block: comm=tau_rt_4 rtgid=1002 tgid=3293 pid=3296 prio=94
       deepPicar-3266  [000] d..3   677.689966: rtg_try_release_lock: rtg_release: comm=deepPicar rtgid=1001 tgid=3245 pid=3266 prio=93
          <idle>-0     [004] dn.3   677.689968: rtg_try_acquire_lock: rtg_acquire: comm=tau_rt_3 rtgid=1002 tgid=3292 pid=3295 prio=94
       deepPicar-3266  [000] d..3   677.689970: rtg_try_acquire_lock: rtg_preemptor: comm=deepPicar rtgid=1001 tgid=3245 pid=3253 prio=93
       deepPicar-3266  [000] d..3   677.689971: rtg_try_acquire_lock: rtg_preemptee: comm=tau_rt_3 rtgid=1002 tgid=3292 pid=3295 prio=94
        tau_rt_3-3295  [004] dn.3   677.689974: rtg_try_acquire_lock: rtg_block: comm=tau_rt_3 rtgid=1002 tgid=3292 pid=3295 prio=94
        tau_rt_4-3296  [005] dn.3   677.689975: rtg_try_acquire_lock: rtg_block: comm=tau_rt_4 rtgid=1002 tgid=3293 pid=3296 prio=94
       deepPicar-3245  [000] d..3   677.701104: rtg_try_acquire_lock: rtg_block: comm=tau_rt_1 rtgid=1002 tgid=3288 pid=3294 prio=94
       deepPicar-3257  [003] d..3   677.716888: rtg_try_release_lock: rtg_release: comm=deepPicar rtgid=1001 tgid=3248 pid=3257 prio=93
       deepPicar-3259  [005] dn.3   677.716893: rtg_try_acquire_lock: rtg_acquire: comm=deepPicar rtgid=1001 tgid=3250 pid=3250 prio=93
          <idle>-0     [000] dn.3   677.716897: rtg_try_acquire_lock: rtg_block: comm=tau_rt_1 rtgid=1002 tgid=3288 pid=3294 prio=94
       deepPicar-3250  [005] d..3   677.717005: rtg_try_release_lock: rtg_release: comm=deepPicar rtgid=1001 tgid=3250 pid=3250 prio=93
       deepPicar-3249  [004] d..3   677.717008: rtg_try_acquire_lock: rtg_acquire: comm=tau_rt_3 rtgid=1002 tgid=3292 pid=3295 prio=94
        tau_rt_3-3295  [004] d..3   677.729193: rtg_try_release_lock: rtg_release: comm=tau_rt_3 rtgid=1002 tgid=3292 pid=3295 prio=94
          <idle>-0     [003] dn.3   677.729557: rtg_try_acquire_lock: rtg_acquire: comm=tau_rt_2 rtgid=1002 tgid=3291 pid=3297 prio=94
        tau_rt_1-3294  [000] ...1   677.742174: tracing_mark_write: gid=1002: job_start
        tau_rt_1-3294  [000] dn.3   677.762997: rtg_try_acquire_lock: rtg_preemptor: comm=deepPicar rtgid=1001 tgid=3245 pid=3245 prio=93
        tau_rt_1-3294  [000] dn.3   677.763000: rtg_try_acquire_lock: rtg_preemptee: comm=tau_rt_2 rtgid=1002 tgid=3291 pid=3297 prio=94
        tau_rt_4-3296  [005] dn.3   677.763011: rtg_try_acquire_lock: rtg_block: comm=tau_rt_4 rtgid=1002 tgid=3293 pid=3296 prio=94
        tau_rt_3-3295  [004] dn.3   677.763015: rtg_try_acquire_lock: rtg_block: comm=tau_rt_3 rtgid=1002 tgid=3292 pid=3295 prio=94
       deepPicar-3245  [000] ...1   677.763033: tracing_mark_write: gid=1001: job_start
       deepPicar-3245  [000] d..3   677.764238: rtg_try_release_lock: rtg_release: comm=deepPicar rtgid=1001 tgid=3245 pid=3245 prio=93
          <idle>-0     [004] dn.3   677.764241: rtg_try_acquire_lock: rtg_acquire: comm=tau_rt_3 rtgid=1002 tgid=3292 pid=3295 prio=94
       deepPicar-3245  [000] d..3   677.764244: rtg_try_acquire_lock: rtg_preemptor: comm=deepPicar rtgid=1001 tgid=3245 pid=3261 prio=93
       deepPicar-3245  [000] d..3   677.764245: rtg_try_acquire_lock: rtg_preemptee: comm=tau_rt_3 rtgid=1002 tgid=3292 pid=3295 prio=94
        tau_rt_3-3295  [004] dn.3   677.764248: rtg_try_acquire_lock: rtg_block: comm=tau_rt_3 rtgid=1002 tgid=3292 pid=3295 prio=94
        tau_rt_4-3296  [005] dn.3   677.764249: rtg_try_acquire_lock: rtg_block: comm=tau_rt_4 rtgid=1002 tgid=3293 pid=3296 prio=94
       deepPicar-3261  [000] d..3   677.765036: rtg_try_release_lock: rtg_release: comm=deepPicar rtgid=1001 tgid=3245 pid=3261 prio=93
          <idle>-0     [005] dn.3   677.765038: rtg_try_acquire_lock: rtg_acquire: comm=tau_rt_4 rtgid=1002 tgid=3293 pid=3296 prio=94
       deepPicar-3261  [000] d..3   677.765041: rtg_try_acquire_lock: rtg_preemptor: comm=deepPicar rtgid=1001 tgid=3245 pid=3253 prio=93
       deepPicar-3261  [000] d..3   677.765042: rtg_try_acquire_lock: rtg_preemptee: comm=tau_rt_4 rtgid=1002 tgid=3293 pid=3296 prio=94
        tau_rt_3-3295  [004] dn.3   677.765045: rtg_try_acquire_lock: rtg_block: comm=tau_rt_3 rtgid=1002 tgid=3292 pid=3295 prio=94
        tau_rt_4-3296  [005] dn.3   677.765046: rtg_try_acquire_lock: rtg_block: comm=tau_rt_4 rtgid=1002 tgid=3293 pid=3296 prio=94
       deepPicar-3245  [000] d..3   677.776245: rtg_try_acquire_lock: rtg_block: comm=tau_rt_1 rtgid=1002 tgid=3288 pid=3294 prio=94
       deepPicar-3257  [003] d..3   677.791731: rtg_try_release_lock: rtg_release: comm=deepPicar rtgid=1001 tgid=3248 pid=3257 prio=93
       deepPicar-3259  [005] dn.3   677.791734: rtg_try_acquire_lock: rtg_acquire: comm=deepPicar rtgid=1001 tgid=3250 pid=3250 prio=93
          <idle>-0     [000] dn.3   677.791738: rtg_try_acquire_lock: rtg_block: comm=tau_rt_1 rtgid=1002 tgid=3288 pid=3294 prio=94
       deepPicar-3250  [005] d..3   677.791851: rtg_try_release_lock: rtg_release: comm=deepPicar rtgid=1001 tgid=3250 pid=3250 prio=93
       deepPicar-3249  [004] d..3   677.791854: rtg_try_acquire_lock: rtg_acquire: comm=tau_rt_3 rtgid=1002 tgid=3292 pid=3295 prio=94
        tau_rt_4-3296  [005] d..3   677.803907: rtg_try_release_lock: rtg_release: comm=tau_rt_4 rtgid=1002 tgid=3293 pid=3296 prio=94
          <idle>-0     [003] dn.3   677.804565: rtg_try_acquire_lock: rtg_acquire: comm=tau_rt_2 rtgid=1002 tgid=3291 pid=3297 prio=94
        tau_rt_1-3294  [000] ...1   677.817168: tracing_mark_write: gid=1002: job_start
        tau_rt_1-3294  [000] dn.3   677.838000: rtg_try_acquire_lock: rtg_preemptor: comm=deepPicar rtgid=1001 tgid=3245 pid=3245 prio=93
        tau_rt_1-3294  [000] dn.3   677.838003: rtg_try_acquire_lock: rtg_preemptee: comm=tau_rt_2 rtgid=1002 tgid=3291 pid=3297 prio=94
        tau_rt_4-3296  [005] dn.3   677.838014: rtg_try_acquire_lock: rtg_block: comm=tau_rt_4 rtgid=1002 tgid=3293 pid=3296 prio=94
        tau_rt_3-3295  [004] dn.3   677.838017: rtg_try_acquire_lock: rtg_block: comm=tau_rt_3 rtgid=1002 tgid=3292 pid=3295 prio=94
       deepPicar-3245  [000] ...1   677.838033: tracing_mark_write: gid=1001: job_start
       deepPicar-3245  [000] d..3   677.839245: rtg_try_release_lock: rtg_release: comm=deepPicar rtgid=1001 tgid=3245 pid=3245 prio=93
          <idle>-0     [004] dn.3   677.839247: rtg_try_acquire_lock: rtg_acquire: comm=tau_rt_3 rtgid=1002 tgid=3292 pid=3295 prio=94
       deepPicar-3245  [000] d..3   677.839250: rtg_try_acquire_lock: rtg_preemptor: comm=deepPicar rtgid=1001 tgid=3245 pid=3262 prio=93
       deepPicar-3245  [000] d..3   677.839251: rtg_try_acquire_lock: rtg_preemptee: comm=tau_rt_3 rtgid=1002 tgid=3292 pid=3295 prio=94
        tau_rt_3-3295  [004] dn.3   677.839254: rtg_try_acquire_lock: rtg_block: comm=tau_rt_3 rtgid=1002 tgid=3292 pid=3295 prio=94
        tau_rt_4-3296  [005] dn.3   677.839255: rtg_try_acquire_lock: rtg_block: comm=tau_rt_4 rtgid=1002 tgid=3293 pid=3296 prio=94
       deepPicar-3262  [000] d..3   677.840053: rtg_try_release_lock: rtg_release: comm=deepPicar rtgid=1001 tgid=3245 pid=3262 prio=93
          <idle>-0     [004] dn.3   677.840055: rtg_try_acquire_lock: rtg_acquire: comm=tau_rt_3 rtgid=1002 tgid=3292 pid=3295 prio=94
       deepPicar-3262  [000] d..3   677.840057: rtg_try_acquire_lock: rtg_preemptor: comm=deepPicar rtgid=1001 tgid=3245 pid=3253 prio=93
       deepPicar-3262  [000] d..3   677.840058: rtg_try_acquire_lock: rtg_preemptee: comm=tau_rt_3 rtgid=1002 tgid=3292 pid=3295 prio=94
        tau_rt_3-3295  [004] dn.3   677.840060: rtg_try_acquire_lock: rtg_block: comm=tau_rt_3 rtgid=1002 tgid=3292 pid=3295 prio=94
        tau_rt_4-3296  [005] dn.3   677.840062: rtg_try_acquire_lock: rtg_block: comm=tau_rt_4 rtgid=1002 tgid=3293 pid=3296 prio=94
       deepPicar-3245  [000] d..3   677.851369: rtg_try_acquire_lock: rtg_block: comm=tau_rt_1 rtgid=1002 tgid=3288 pid=3294 prio=94
       deepPicar-3256  [004] d..3   677.866707: rtg_try_release_lock: rtg_release: comm=deepPicar rtgid=1001 tgid=3249 pid=3256 prio=93
       deepPicar-3257  [003] d..3   677.866711: rtg_try_acquire_lock: rtg_acquire: comm=deepPicar rtgid=1001 tgid=3248 pid=3248 prio=93
          <idle>-0     [000] dn.3   677.866714: rtg_try_acquire_lock: rtg_block: comm=tau_rt_1 rtgid=1002 tgid=3288 pid=3294 prio=94
       deepPicar-3249  [004] d..3   677.866826: rtg_try_release_lock: rtg_release: comm=deepPicar rtgid=1001 tgid=3249 pid=3249 prio=93
       deepPicar-3250  [005] d..3   677.866829: rtg_try_acquire_lock: rtg_acquire: comm=tau_rt_4 rtgid=1002 tgid=3293 pid=3296 prio=94
        tau_rt_3-3295  [004] d..3   677.878869: rtg_try_release_lock: rtg_release: comm=tau_rt_3 rtgid=1002 tgid=3292 pid=3295 prio=94
          <idle>-0     [003] dn.3   677.879562: rtg_try_acquire_lock: rtg_acquire: comm=tau_rt_2 rtgid=1002 tgid=3291 pid=3297 prio=94
        tau_rt_1-3294  [000] ...1   677.892169: tracing_mark_write: gid=1002: job_start
        tau_rt_1-3294  [000] dn.3   677.912999: rtg_try_acquire_lock: rtg_preemptor: comm=deepPicar rtgid=1001 tgid=3245 pid=3245 prio=93
        tau_rt_1-3294  [000] dn.3   677.913001: rtg_try_acquire_lock: rtg_preemptee: comm=tau_rt_2 rtgid=1002 tgid=3291 pid=3297 prio=94
        tau_rt_3-3295  [004] dn.3   677.913012: rtg_try_acquire_lock: rtg_block: comm=tau_rt_3 rtgid=1002 tgid=3292 pid=3295 prio=94
        tau_rt_4-3296  [005] dn.3   677.913015: rtg_try_acquire_lock: rtg_block: comm=tau_rt_4 rtgid=1002 tgid=3293 pid=3296 prio=94
       deepPicar-3245  [000] ...1   677.913032: tracing_mark_write: gid=1001: job_start
       deepPicar-3245  [000] d..3   677.914219: rtg_try_release_lock: rtg_release: comm=deepPicar rtgid=1001 tgid=3245 pid=3245 prio=93
          <idle>-0     [004] dn.3   677.914222: rtg_try_acquire_lock: rtg_acquire: comm=tau_rt_3 rtgid=1002 tgid=3292 pid=3295 prio=94
       deepPicar-3245  [000] d..3   677.914225: rtg_try_acquire_lock: rtg_preemptor: comm=deepPicar rtgid=1001 tgid=3245 pid=3263 prio=93
       deepPicar-3245  [000] d..3   677.914226: rtg_try_acquire_lock: rtg_preemptee: comm=tau_rt_3 rtgid=1002 tgid=3292 pid=3295 prio=94
        tau_rt_3-3295  [004] dn.3   677.914228: rtg_try_acquire_lock: rtg_block: comm=tau_rt_3 rtgid=1002 tgid=3292 pid=3295 prio=94
        tau_rt_4-3296  [005] dn.3   677.914230: rtg_try_acquire_lock: rtg_block: comm=tau_rt_4 rtgid=1002 tgid=3293 pid=3296 prio=94
       deepPicar-3263  [000] d..3   677.915044: rtg_try_release_lock: rtg_release: comm=deepPicar rtgid=1001 tgid=3245 pid=3263 prio=93
          <idle>-0     [005] dn.3   677.915046: rtg_try_acquire_lock: rtg_acquire: comm=tau_rt_4 rtgid=1002 tgid=3293 pid=3296 prio=94
       deepPicar-3263  [000] d..3   677.915049: rtg_try_acquire_lock: rtg_preemptor: comm=deepPicar rtgid=1001 tgid=3245 pid=3253 prio=93
       deepPicar-3263  [000] d..3   677.915050: rtg_try_acquire_lock: rtg_preemptee: comm=tau_rt_4 rtgid=1002 tgid=3293 pid=3296 prio=94
        tau_rt_3-3295  [004] dn.3   677.915053: rtg_try_acquire_lock: rtg_block: comm=tau_rt_3 rtgid=1002 tgid=3292 pid=3295 prio=94
        tau_rt_4-3296  [005] dn.3   677.915054: rtg_try_acquire_lock: rtg_block: comm=tau_rt_4 rtgid=1002 tgid=3293 pid=3296 prio=94
       deepPicar-3245  [000] d..3   677.926605: rtg_try_acquire_lock: rtg_block: comm=tau_rt_1 rtgid=1002 tgid=3288 pid=3294 prio=94
       deepPicar-3257  [003] d..3   677.941859: rtg_try_release_lock: rtg_release: comm=deepPicar rtgid=1001 tgid=3248 pid=3257 prio=93
       deepPicar-3256  [004] dn.3   677.941862: rtg_try_acquire_lock: rtg_acquire: comm=deepPicar rtgid=1001 tgid=3249 pid=3249 prio=93
          <idle>-0     [000] dn.3   677.941866: rtg_try_acquire_lock: rtg_block: comm=tau_rt_1 rtgid=1002 tgid=3288 pid=3294 prio=94
       deepPicar-3249  [004] d..3   677.941978: rtg_try_release_lock: rtg_release: comm=deepPicar rtgid=1001 tgid=3249 pid=3249 prio=93
       deepPicar-3250  [005] d..3   677.941981: rtg_try_acquire_lock: rtg_acquire: comm=tau_rt_4 rtgid=1002 tgid=3293 pid=3296 prio=94
        tau_rt_4-3296  [005] d..3   677.953938: rtg_try_release_lock: rtg_release: comm=tau_rt_4 rtgid=1002 tgid=3293 pid=3296 prio=94
          <idle>-0     [003] dn.3   677.954560: rtg_try_acquire_lock: rtg_acquire: comm=tau_rt_2 rtgid=1002 tgid=3291 pid=3297 prio=94
        tau_rt_1-3294  [000] ...1   677.967170: tracing_mark_write: gid=1002: job_start
        tau_rt_1-3294  [000] dn.3   677.987991: rtg_try_acquire_lock: rtg_preemptor: comm=deepPicar rtgid=1001 tgid=3245 pid=3245 prio=93
        tau_rt_1-3294  [000] dn.3   677.987994: rtg_try_acquire_lock: rtg_preemptee: comm=tau_rt_2 rtgid=1002 tgid=3291 pid=3297 prio=94
        tau_rt_3-3295  [004] dn.3   677.988004: rtg_try_acquire_lock: rtg_block: comm=tau_rt_3 rtgid=1002 tgid=3292 pid=3295 prio=94
        tau_rt_4-3296  [005] dn.3   677.988007: rtg_try_acquire_lock: rtg_block: comm=tau_rt_4 rtgid=1002 tgid=3293 pid=3296 prio=94
       deepPicar-3245  [000] ...1   677.988024: tracing_mark_write: gid=1001: job_start
       deepPicar-3245  [000] d..3   677.989242: rtg_try_release_lock: rtg_release: comm=deepPicar rtgid=1001 tgid=3245 pid=3245 prio=93
          <idle>-0     [004] dn.3   677.989246: rtg_try_acquire_lock: rtg_acquire: comm=tau_rt_3 rtgid=1002 tgid=3292 pid=3295 prio=94
       deepPicar-3245  [000] d..3   677.989249: rtg_try_acquire_lock: rtg_preemptor: comm=deepPicar rtgid=1001 tgid=3245 pid=3264 prio=93
       deepPicar-3245  [000] d..3   677.989250: rtg_try_acquire_lock: rtg_preemptee: comm=tau_rt_3 rtgid=1002 tgid=3292 pid=3295 prio=94
        tau_rt_4-3296  [005] dn.3   677.989254: rtg_try_acquire_lock: rtg_block: comm=tau_rt_4 rtgid=1002 tgid=3293 pid=3296 prio=94
        tau_rt_3-3295  [004] dn.3   677.989255: rtg_try_acquire_lock: rtg_block: comm=tau_rt_3 rtgid=1002 tgid=3292 pid=3295 prio=94
       deepPicar-3264  [000] d..3   677.990008: rtg_try_release_lock: rtg_release: comm=deepPicar rtgid=1001 tgid=3245 pid=3264 prio=93
          <idle>-0     [004] dn.3   677.990009: rtg_try_acquire_lock: rtg_acquire: comm=tau_rt_3 rtgid=1002 tgid=3292 pid=3295 prio=94
       deepPicar-3264  [000] d..3   677.990011: rtg_try_acquire_lock: rtg_preemptor: comm=deepPicar rtgid=1001 tgid=3245 pid=3253 prio=93
       deepPicar-3264  [000] d..3   677.990012: rtg_try_acquire_lock: rtg_preemptee: comm=tau_rt_3 rtgid=1002 tgid=3292 pid=3295 prio=94
        tau_rt_3-3295  [004] dn.3   677.990015: rtg_try_acquire_lock: rtg_block: comm=tau_rt_3 rtgid=1002 tgid=3292 pid=3295 prio=94
        tau_rt_4-3296  [005] dn.3   677.990017: rtg_try_acquire_lock: rtg_block: comm=tau_rt_4 rtgid=1002 tgid=3293 pid=3296 prio=94
       deepPicar-3245  [000] d..3   678.001361: rtg_try_acquire_lock: rtg_block: comm=tau_rt_1 rtgid=1002 tgid=3288 pid=3294 prio=94
       deepPicar-3257  [003] d..3   678.016629: rtg_try_release_lock: rtg_release: comm=deepPicar rtgid=1001 tgid=3248 pid=3257 prio=93
       deepPicar-3259  [005] dn.3   678.016633: rtg_try_acquire_lock: rtg_acquire: comm=deepPicar rtgid=1001 tgid=3250 pid=3250 prio=93
          <idle>-0     [000] dn.3   678.016637: rtg_try_acquire_lock: rtg_block: comm=tau_rt_1 rtgid=1002 tgid=3288 pid=3294 prio=94
       deepPicar-3248  [003] d..3   678.016748: rtg_try_release_lock: rtg_release: comm=deepPicar rtgid=1001 tgid=3248 pid=3248 prio=93
       deepPicar-3250  [005] d..3   678.016750: rtg_try_acquire_lock: rtg_acquire: comm=tau_rt_4 rtgid=1002 tgid=3293 pid=3296 prio=94
        tau_rt_3-3295  [004] d..3   678.028659: rtg_try_release_lock: rtg_release: comm=tau_rt_3 rtgid=1002 tgid=3292 pid=3295 prio=94
          <idle>-0     [003] dn.3   678.029559: rtg_try_acquire_lock: rtg_acquire: comm=tau_rt_2 rtgid=1002 tgid=3291 pid=3297 prio=94
        tau_rt_1-3294  [000] ...1   678.042170: tracing_mark_write: gid=1002: job_start
        tau_rt_1-3294  [000] dn.3   678.062999: rtg_try_acquire_lock: rtg_preemptor: comm=deepPicar rtgid=1001 tgid=3245 pid=3245 prio=93
        tau_rt_1-3294  [000] dn.3   678.063001: rtg_try_acquire_lock: rtg_preemptee: comm=tau_rt_2 rtgid=1002 tgid=3291 pid=3297 prio=94
        tau_rt_4-3296  [005] dn.3   678.063013: rtg_try_acquire_lock: rtg_block: comm=tau_rt_4 rtgid=1002 tgid=3293 pid=3296 prio=94
        tau_rt_3-3295  [004] dn.3   678.063016: rtg_try_acquire_lock: rtg_block: comm=tau_rt_3 rtgid=1002 tgid=3292 pid=3295 prio=94
       deepPicar-3245  [000] ...1   678.063034: tracing_mark_write: gid=1001: job_start
       deepPicar-3245  [000] d..3   678.064223: rtg_try_release_lock: rtg_release: comm=deepPicar rtgid=1001 tgid=3245 pid=3245 prio=93
          <idle>-0     [004] dn.3   678.064226: rtg_try_acquire_lock: rtg_acquire: comm=tau_rt_3 rtgid=1002 tgid=3292 pid=3295 prio=94
       deepPicar-3245  [000] d..3   678.064229: rtg_try_acquire_lock: rtg_preemptor: comm=deepPicar rtgid=1001 tgid=3245 pid=3265 prio=93
       deepPicar-3245  [000] d..3   678.064230: rtg_try_acquire_lock: rtg_preemptee: comm=tau_rt_3 rtgid=1002 tgid=3292 pid=3295 prio=94
        tau_rt_3-3295  [004] dn.3   678.064233: rtg_try_acquire_lock: rtg_block: comm=tau_rt_3 rtgid=1002 tgid=3292 pid=3295 prio=94
        tau_rt_4-3296  [005] dn.3   678.064234: rtg_try_acquire_lock: rtg_block: comm=tau_rt_4 rtgid=1002 tgid=3293 pid=3296 prio=94
       deepPicar-3265  [000] d..3   678.065000: rtg_try_release_lock: rtg_release: comm=deepPicar rtgid=1001 tgid=3245 pid=3265 prio=93
          <idle>-0     [004] dn.3   678.065003: rtg_try_acquire_lock: rtg_acquire: comm=tau_rt_3 rtgid=1002 tgid=3292 pid=3295 prio=94
       deepPicar-3265  [000] d..3   678.065005: rtg_try_acquire_lock: rtg_preemptor: comm=deepPicar rtgid=1001 tgid=3245 pid=3253 prio=93
       deepPicar-3265  [000] d..3   678.065006: rtg_try_acquire_lock: rtg_preemptee: comm=tau_rt_3 rtgid=1002 tgid=3292 pid=3295 prio=94
        tau_rt_3-3295  [004] dn.3   678.065008: rtg_try_acquire_lock: rtg_block: comm=tau_rt_3 rtgid=1002 tgid=3292 pid=3295 prio=94
        tau_rt_4-3296  [005] dn.3   678.065010: rtg_try_acquire_lock: rtg_block: comm=tau_rt_4 rtgid=1002 tgid=3293 pid=3296 prio=94
       deepPicar-3245  [000] d..3   678.076394: rtg_try_acquire_lock: rtg_block: comm=tau_rt_1 rtgid=1002 tgid=3288 pid=3294 prio=94
       deepPicar-3249  [004] d..3   678.092005: rtg_try_release_lock: rtg_release: comm=deepPicar rtgid=1001 tgid=3249 pid=3249 prio=93
          <idle>-0     [000] dn.3   678.092008: rtg_try_acquire_lock: rtg_acquire: comm=tau_rt_1 rtgid=1002 tgid=3288 pid=3294 prio=94
        tau_rt_3-3295  [004] d..3   678.103914: rtg_try_release_lock: rtg_release: comm=tau_rt_3 rtgid=1002 tgid=3292 pid=3295 prio=94
          <idle>-0     [003] dn.3   678.104566: rtg_try_acquire_lock: rtg_acquire: comm=tau_rt_2 rtgid=1002 tgid=3291 pid=3297 prio=94
        tau_rt_1-3294  [000] ...1   678.117169: tracing_mark_write: gid=1002: job_start
        tau_rt_1-3294  [000] dn.3   678.137999: rtg_try_acquire_lock: rtg_preemptor: comm=deepPicar rtgid=1001 tgid=3245 pid=3245 prio=93
        tau_rt_1-3294  [000] dn.3   678.138002: rtg_try_acquire_lock: rtg_preemptee: comm=tau_rt_2 rtgid=1002 tgid=3291 pid=3297 prio=94
        tau_rt_4-3296  [005] dn.3   678.138012: rtg_try_acquire_lock: rtg_block: comm=tau_rt_4 rtgid=1002 tgid=3293 pid=3296 prio=94
        tau_rt_3-3295  [004] dn.3   678.138016: rtg_try_acquire_lock: rtg_block: comm=tau_rt_3 rtgid=1002 tgid=3292 pid=3295 prio=94
       deepPicar-3245  [000] ...1   678.138032: tracing_mark_write: gid=1001: job_start
       deepPicar-3245  [000] d..3   678.139185: rtg_try_release_lock: rtg_release: comm=deepPicar rtgid=1001 tgid=3245 pid=3245 prio=93
          <idle>-0     [004] dn.3   678.139188: rtg_try_acquire_lock: rtg_acquire: comm=tau_rt_3 rtgid=1002 tgid=3292 pid=3295 prio=94
       deepPicar-3245  [000] d..3   678.139191: rtg_try_acquire_lock: rtg_preemptor: comm=deepPicar rtgid=1001 tgid=3245 pid=3266 prio=93
       deepPicar-3245  [000] d..3   678.139192: rtg_try_acquire_lock: rtg_preemptee: comm=tau_rt_3 rtgid=1002 tgid=3292 pid=3295 prio=94
        tau_rt_3-3295  [004] dn.3   678.139195: rtg_try_acquire_lock: rtg_block: comm=tau_rt_3 rtgid=1002 tgid=3292 pid=3295 prio=94
        tau_rt_4-3296  [005] dn.3   678.139197: rtg_try_acquire_lock: rtg_block: comm=tau_rt_4 rtgid=1002 tgid=3293 pid=3296 prio=94
       deepPicar-3266  [000] d..3   678.139945: rtg_try_release_lock: rtg_release: comm=deepPicar rtgid=1001 tgid=3245 pid=3266 prio=93
          <idle>-0     [005] dn.3   678.139947: rtg_try_acquire_lock: rtg_acquire: comm=tau_rt_4 rtgid=1002 tgid=3293 pid=3296 prio=94
       deepPicar-3266  [000] d..3   678.139950: rtg_try_acquire_lock: rtg_preemptor: comm=deepPicar rtgid=1001 tgid=3245 pid=3253 prio=93
       deepPicar-3266  [000] d..3   678.139951: rtg_try_acquire_lock: rtg_preemptee: comm=tau_rt_4 rtgid=1002 tgid=3293 pid=3296 prio=94
        tau_rt_4-3296  [005] dn.3   678.139968: rtg_try_acquire_lock: rtg_block: comm=tau_rt_4 rtgid=1002 tgid=3293 pid=3296 prio=94
        tau_rt_3-3295  [004] dn.3   678.139969: rtg_try_acquire_lock: rtg_block: comm=tau_rt_3 rtgid=1002 tgid=3292 pid=3295 prio=94
       deepPicar-3245  [000] d..3   678.151098: rtg_try_acquire_lock: rtg_block: comm=tau_rt_1 rtgid=1002 tgid=3288 pid=3294 prio=94
       deepPicar-3257  [003] d..3   678.166840: rtg_try_release_lock: rtg_release: comm=deepPicar rtgid=1001 tgid=3248 pid=3257 prio=93
       deepPicar-3259  [005] dn.3   678.166844: rtg_try_acquire_lock: rtg_acquire: comm=deepPicar rtgid=1001 tgid=3250 pid=3250 prio=93
          <idle>-0     [000] dn.3   678.166847: rtg_try_acquire_lock: rtg_block: comm=tau_rt_1 rtgid=1002 tgid=3288 pid=3294 prio=94
       deepPicar-3250  [005] d..3   678.166961: rtg_try_release_lock: rtg_release: comm=deepPicar rtgid=1001 tgid=3250 pid=3250 prio=93
       deepPicar-3249  [004] d..3   678.166963: rtg_try_acquire_lock: rtg_acquire: comm=tau_rt_3 rtgid=1002 tgid=3292 pid=3295 prio=94
        tau_rt_3-3295  [004] d..3   678.179006: rtg_try_release_lock: rtg_release: comm=tau_rt_3 rtgid=1002 tgid=3292 pid=3295 prio=94
          <idle>-0     [003] dn.3   678.179560: rtg_try_acquire_lock: rtg_acquire: comm=tau_rt_2 rtgid=1002 tgid=3291 pid=3297 prio=94
        tau_rt_1-3294  [000] ...1   678.192167: tracing_mark_write: gid=1002: job_start
        tau_rt_1-3294  [000] dn.3   678.212998: rtg_try_acquire_lock: rtg_preemptor: comm=deepPicar rtgid=1001 tgid=3245 pid=3245 prio=93
        tau_rt_1-3294  [000] dn.3   678.213001: rtg_try_acquire_lock: rtg_preemptee: comm=tau_rt_2 rtgid=1002 tgid=3291 pid=3297 prio=94
        tau_rt_3-3295  [004] dn.3   678.213011: rtg_try_acquire_lock: rtg_block: comm=tau_rt_3 rtgid=1002 tgid=3292 pid=3295 prio=94
        tau_rt_4-3296  [005] dn.3   678.213014: rtg_try_acquire_lock: rtg_block: comm=tau_rt_4 rtgid=1002 tgid=3293 pid=3296 prio=94
       deepPicar-3245  [000] ...1   678.213033: tracing_mark_write: gid=1001: job_start
       deepPicar-3245  [000] d..3   678.214214: rtg_try_release_lock: rtg_release: comm=deepPicar rtgid=1001 tgid=3245 pid=3245 prio=93
          <idle>-0     [004] dn.3   678.214218: rtg_try_acquire_lock: rtg_acquire: comm=tau_rt_3 rtgid=1002 tgid=3292 pid=3295 prio=94
       deepPicar-3245  [000] d..3   678.214221: rtg_try_acquire_lock: rtg_preemptor: comm=deepPicar rtgid=1001 tgid=3245 pid=3261 prio=93
       deepPicar-3245  [000] d..3   678.214222: rtg_try_acquire_lock: rtg_preemptee: comm=tau_rt_3 rtgid=1002 tgid=3292 pid=3295 prio=94
        tau_rt_3-3295  [004] dn.3   678.214225: rtg_try_acquire_lock: rtg_block: comm=tau_rt_3 rtgid=1002 tgid=3292 pid=3295 prio=94
        tau_rt_4-3296  [005] dn.3   678.214226: rtg_try_acquire_lock: rtg_block: comm=tau_rt_4 rtgid=1002 tgid=3293 pid=3296 prio=94
       deepPicar-3261  [000] d..3   678.215165: rtg_try_release_lock: rtg_release: comm=deepPicar rtgid=1001 tgid=3245 pid=3261 prio=93
          <idle>-0     [005] dn.3   678.215168: rtg_try_acquire_lock: rtg_acquire: comm=tau_rt_4 rtgid=1002 tgid=3293 pid=3296 prio=94
       deepPicar-3261  [000] d..3   678.215170: rtg_try_acquire_lock: rtg_preemptor: comm=deepPicar rtgid=1001 tgid=3245 pid=3253 prio=93
       deepPicar-3261  [000] d..3   678.215171: rtg_try_acquire_lock: rtg_preemptee: comm=tau_rt_4 rtgid=1002 tgid=3293 pid=3296 prio=94
        tau_rt_3-3295  [004] dn.3   678.215173: rtg_try_acquire_lock: rtg_block: comm=tau_rt_3 rtgid=1002 tgid=3292 pid=3295 prio=94
        tau_rt_4-3296  [005] dn.3   678.215174: rtg_try_acquire_lock: rtg_block: comm=tau_rt_4 rtgid=1002 tgid=3293 pid=3296 prio=94
       deepPicar-3245  [000] d..3   678.226585: rtg_try_acquire_lock: rtg_block: comm=tau_rt_1 rtgid=1002 tgid=3288 pid=3294 prio=94
       deepPicar-3256  [004] d..3   678.242144: rtg_try_release_lock: rtg_release: comm=deepPicar rtgid=1001 tgid=3249 pid=3256 prio=93
       deepPicar-3257  [003] d..3   678.242148: rtg_try_acquire_lock: rtg_acquire: comm=deepPicar rtgid=1001 tgid=3248 pid=3248 prio=93
          <idle>-0     [000] dn.3   678.242151: rtg_try_acquire_lock: rtg_block: comm=tau_rt_1 rtgid=1002 tgid=3288 pid=3294 prio=94
       deepPicar-3249  [004] d..3   678.242260: rtg_try_release_lock: rtg_release: comm=deepPicar rtgid=1001 tgid=3249 pid=3249 prio=93
       deepPicar-3250  [005] d..3   678.242263: rtg_try_acquire_lock: rtg_acquire: comm=tau_rt_4 rtgid=1002 tgid=3293 pid=3296 prio=94
        tau_rt_3-3295  [004] d..3   678.254320: rtg_try_release_lock: rtg_release: comm=tau_rt_3 rtgid=1002 tgid=3292 pid=3295 prio=94
          <idle>-0     [003] dn.3   678.254562: rtg_try_acquire_lock: rtg_acquire: comm=tau_rt_2 rtgid=1002 tgid=3291 pid=3297 prio=94
        tau_rt_1-3294  [000] ...1   678.267169: tracing_mark_write: gid=1002: job_start
        tau_rt_1-3294  [000] dn.3   678.287991: rtg_try_acquire_lock: rtg_preemptor: comm=deepPicar rtgid=1001 tgid=3245 pid=3245 prio=93
        tau_rt_1-3294  [000] dn.3   678.287994: rtg_try_acquire_lock: rtg_preemptee: comm=tau_rt_2 rtgid=1002 tgid=3291 pid=3297 prio=94
        tau_rt_4-3296  [005] dn.3   678.288002: rtg_try_acquire_lock: rtg_block: comm=tau_rt_4 rtgid=1002 tgid=3293 pid=3296 prio=94
        tau_rt_3-3295  [004] dn.3   678.288005: rtg_try_acquire_lock: rtg_block: comm=tau_rt_3 rtgid=1002 tgid=3292 pid=3295 prio=94
       deepPicar-3245  [000] ...1   678.288024: tracing_mark_write: gid=1001: job_start
       deepPicar-3245  [000] d..3   678.289193: rtg_try_release_lock: rtg_release: comm=deepPicar rtgid=1001 tgid=3245 pid=3245 prio=93
          <idle>-0     [005] dn.3   678.289196: rtg_try_acquire_lock: rtg_acquire: comm=tau_rt_4 rtgid=1002 tgid=3293 pid=3296 prio=94
       deepPicar-3245  [000] d..3   678.289199: rtg_try_acquire_lock: rtg_preemptor: comm=deepPicar rtgid=1001 tgid=3245 pid=3262 prio=93
       deepPicar-3245  [000] d..3   678.289200: rtg_try_acquire_lock: rtg_preemptee: comm=tau_rt_4 rtgid=1002 tgid=3293 pid=3296 prio=94
        tau_rt_3-3295  [004] dn.3   678.289203: rtg_try_acquire_lock: rtg_block: comm=tau_rt_3 rtgid=1002 tgid=3292 pid=3295 prio=94
        tau_rt_4-3296  [005] dn.3   678.289205: rtg_try_acquire_lock: rtg_block: comm=tau_rt_4 rtgid=1002 tgid=3293 pid=3296 prio=94
       deepPicar-3262  [000] d..3   678.289961: rtg_try_release_lock: rtg_release: comm=deepPicar rtgid=1001 tgid=3245 pid=3262 prio=93
          <idle>-0     [004] dn.3   678.289963: rtg_try_acquire_lock: rtg_acquire: comm=tau_rt_3 rtgid=1002 tgid=3292 pid=3295 prio=94
       deepPicar-3262  [000] d..3   678.289965: rtg_try_acquire_lock: rtg_preemptor: comm=deepPicar rtgid=1001 tgid=3245 pid=3253 prio=93
       deepPicar-3262  [000] d..3   678.289966: rtg_try_acquire_lock: rtg_preemptee: comm=tau_rt_3 rtgid=1002 tgid=3292 pid=3295 prio=94
        tau_rt_3-3295  [004] dn.3   678.289969: rtg_try_acquire_lock: rtg_block: comm=tau_rt_3 rtgid=1002 tgid=3292 pid=3295 prio=94
        tau_rt_4-3296  [005] dn.3   678.289970: rtg_try_acquire_lock: rtg_block: comm=tau_rt_4 rtgid=1002 tgid=3293 pid=3296 prio=94
       deepPicar-3245  [000] d..3   678.301117: rtg_try_acquire_lock: rtg_block: comm=tau_rt_1 rtgid=1002 tgid=3288 pid=3294 prio=94
       deepPicar-3256  [004] d..3   678.316757: rtg_try_release_lock: rtg_release: comm=deepPicar rtgid=1001 tgid=3249 pid=3256 prio=93
       deepPicar-3257  [003] d..3   678.316761: rtg_try_acquire_lock: rtg_acquire: comm=deepPicar rtgid=1001 tgid=3248 pid=3248 prio=93
          <idle>-0     [000] dn.3   678.316765: rtg_try_acquire_lock: rtg_block: comm=tau_rt_1 rtgid=1002 tgid=3288 pid=3294 prio=94
       deepPicar-3250  [005] d..3   678.316879: rtg_try_release_lock: rtg_release: comm=deepPicar rtgid=1001 tgid=3250 pid=3250 prio=93
       deepPicar-3249  [004] d..3   678.316882: rtg_try_acquire_lock: rtg_acquire: comm=tau_rt_3 rtgid=1002 tgid=3292 pid=3295 prio=94
        tau_rt_4-3296  [005] d..3   678.328978: rtg_try_release_lock: rtg_release: comm=tau_rt_4 rtgid=1002 tgid=3293 pid=3296 prio=94
          <idle>-0     [003] dn.3   678.329558: rtg_try_acquire_lock: rtg_acquire: comm=tau_rt_2 rtgid=1002 tgid=3291 pid=3297 prio=94
        tau_rt_1-3294  [000] ...1   678.342174: tracing_mark_write: gid=1002: job_start
        tau_rt_1-3294  [000] dn.3   678.362998: rtg_try_acquire_lock: rtg_preemptor: comm=deepPicar rtgid=1001 tgid=3245 pid=3245 prio=93
        tau_rt_1-3294  [000] dn.3   678.363001: rtg_try_acquire_lock: rtg_preemptee: comm=tau_rt_2 rtgid=1002 tgid=3291 pid=3297 prio=94
        tau_rt_4-3296  [005] dn.3   678.363011: rtg_try_acquire_lock: rtg_block: comm=tau_rt_4 rtgid=1002 tgid=3293 pid=3296 prio=94
        tau_rt_3-3295  [004] dn.3   678.363015: rtg_try_acquire_lock: rtg_block: comm=tau_rt_3 rtgid=1002 tgid=3292 pid=3295 prio=94
       deepPicar-3245  [000] ...1   678.363033: tracing_mark_write: gid=1001: job_start
       deepPicar-3245  [000] d..3   678.364251: rtg_try_release_lock: rtg_release: comm=deepPicar rtgid=1001 tgid=3245 pid=3245 prio=93
          <idle>-0     [004] dn.3   678.364255: rtg_try_acquire_lock: rtg_acquire: comm=tau_rt_3 rtgid=1002 tgid=3292 pid=3295 prio=94
       deepPicar-3245  [000] d..3   678.364258: rtg_try_acquire_lock: rtg_preemptor: comm=deepPicar rtgid=1001 tgid=3245 pid=3263 prio=93
       deepPicar-3245  [000] d..3   678.364258: rtg_try_acquire_lock: rtg_preemptee: comm=tau_rt_3 rtgid=1002 tgid=3292 pid=3295 prio=94
        tau_rt_3-3295  [004] dn.3   678.364261: rtg_try_acquire_lock: rtg_block: comm=tau_rt_3 rtgid=1002 tgid=3292 pid=3295 prio=94
        tau_rt_4-3296  [005] dn.3   678.364263: rtg_try_acquire_lock: rtg_block: comm=tau_rt_4 rtgid=1002 tgid=3293 pid=3296 prio=94
       deepPicar-3263  [000] d..3   678.365032: rtg_try_release_lock: rtg_release: comm=deepPicar rtgid=1001 tgid=3245 pid=3263 prio=93
          <idle>-0     [005] dn.3   678.365035: rtg_try_acquire_lock: rtg_acquire: comm=tau_rt_4 rtgid=1002 tgid=3293 pid=3296 prio=94
       deepPicar-3263  [000] d..3   678.365037: rtg_try_acquire_lock: rtg_preemptor: comm=deepPicar rtgid=1001 tgid=3245 pid=3253 prio=93
       deepPicar-3263  [000] d..3   678.365038: rtg_try_acquire_lock: rtg_preemptee: comm=tau_rt_4 rtgid=1002 tgid=3293 pid=3296 prio=94
        tau_rt_3-3295  [004] dn.3   678.365041: rtg_try_acquire_lock: rtg_block: comm=tau_rt_3 rtgid=1002 tgid=3292 pid=3295 prio=94
        tau_rt_4-3296  [005] dn.3   678.365042: rtg_try_acquire_lock: rtg_block: comm=tau_rt_4 rtgid=1002 tgid=3293 pid=3296 prio=94
       deepPicar-3245  [000] d..3   678.376260: rtg_try_acquire_lock: rtg_block: comm=tau_rt_1 rtgid=1002 tgid=3288 pid=3294 prio=94
       deepPicar-3249  [004] d..3   678.392067: rtg_try_release_lock: rtg_release: comm=deepPicar rtgid=1001 tgid=3249 pid=3249 prio=93
       deepPicar-3250  [005] dn.3   678.392071: rtg_try_acquire_lock: rtg_acquire: comm=tau_rt_4 rtgid=1002 tgid=3293 pid=3296 prio=94
        tau_rt_3-3295  [004] d..3   678.404059: rtg_try_release_lock: rtg_release: comm=tau_rt_3 rtgid=1002 tgid=3292 pid=3295 prio=94
          <idle>-0     [003] dn.3   678.404559: rtg_try_acquire_lock: rtg_acquire: comm=tau_rt_2 rtgid=1002 tgid=3291 pid=3297 prio=94
        tau_rt_1-3294  [000] ...1   678.417181: tracing_mark_write: gid=1002: job_start
        tau_rt_1-3294  [000] dn.3   678.438000: rtg_try_acquire_lock: rtg_preemptor: comm=deepPicar rtgid=1001 tgid=3245 pid=3245 prio=93
        tau_rt_1-3294  [000] dn.3   678.438002: rtg_try_acquire_lock: rtg_preemptee: comm=tau_rt_2 rtgid=1002 tgid=3291 pid=3297 prio=94
        tau_rt_3-3295  [004] dn.3   678.438013: rtg_try_acquire_lock: rtg_block: comm=tau_rt_3 rtgid=1002 tgid=3292 pid=3295 prio=94
        tau_rt_4-3296  [005] dn.3   678.438016: rtg_try_acquire_lock: rtg_block: comm=tau_rt_4 rtgid=1002 tgid=3293 pid=3296 prio=94
       deepPicar-3245  [000] ...1   678.438034: tracing_mark_write: gid=1001: job_start
       deepPicar-3245  [000] d..3   678.439217: rtg_try_release_lock: rtg_release: comm=deepPicar rtgid=1001 tgid=3245 pid=3245 prio=93
          <idle>-0     [004] dn.3   678.439220: rtg_try_acquire_lock: rtg_acquire: comm=tau_rt_3 rtgid=1002 tgid=3292 pid=3295 prio=94
       deepPicar-3245  [000] d..3   678.439223: rtg_try_acquire_lock: rtg_preemptor: comm=deepPicar rtgid=1001 tgid=3245 pid=3264 prio=93
       deepPicar-3245  [000] d..3   678.439223: rtg_try_acquire_lock: rtg_preemptee: comm=tau_rt_3 rtgid=1002 tgid=3292 pid=3295 prio=94
        tau_rt_3-3295  [004] dn.3   678.439226: rtg_try_acquire_lock: rtg_block: comm=tau_rt_3 rtgid=1002 tgid=3292 pid=3295 prio=94
        tau_rt_4-3296  [005] dn.3   678.439228: rtg_try_acquire_lock: rtg_block: comm=tau_rt_4 rtgid=1002 tgid=3293 pid=3296 prio=94
       deepPicar-3264  [000] d..3   678.439981: rtg_try_release_lock: rtg_release: comm=deepPicar rtgid=1001 tgid=3245 pid=3264 prio=93
          <idle>-0     [005] dn.3   678.439984: rtg_try_acquire_lock: rtg_acquire: comm=tau_rt_4 rtgid=1002 tgid=3293 pid=3296 prio=94
       deepPicar-3264  [000] d..3   678.439986: rtg_try_acquire_lock: rtg_preemptor: comm=deepPicar rtgid=1001 tgid=3245 pid=3253 prio=93
       deepPicar-3264  [000] d..3   678.439987: rtg_try_acquire_lock: rtg_preemptee: comm=tau_rt_4 rtgid=1002 tgid=3293 pid=3296 prio=94
        tau_rt_3-3295  [004] dn.3   678.439990: rtg_try_acquire_lock: rtg_block: comm=tau_rt_3 rtgid=1002 tgid=3292 pid=3295 prio=94
        tau_rt_4-3296  [005] dn.3   678.439991: rtg_try_acquire_lock: rtg_block: comm=tau_rt_4 rtgid=1002 tgid=3293 pid=3296 prio=94
       deepPicar-3245  [000] d..3   678.451071: rtg_try_acquire_lock: rtg_block: comm=tau_rt_1 rtgid=1002 tgid=3288 pid=3294 prio=94
       deepPicar-3249  [004] d..3   678.466777: rtg_try_release_lock: rtg_release: comm=deepPicar rtgid=1001 tgid=3249 pid=3249 prio=93
          <idle>-0     [005] dn.3   678.466781: rtg_try_acquire_lock: rtg_acquire: comm=tau_rt_4 rtgid=1002 tgid=3293 pid=3296 prio=94
        tau_rt_4-3296  [005] d..3   678.478716: rtg_try_release_lock: rtg_release: comm=tau_rt_4 rtgid=1002 tgid=3293 pid=3296 prio=94
          <idle>-0     [003] dn.3   678.479560: rtg_try_acquire_lock: rtg_acquire: comm=tau_rt_2 rtgid=1002 tgid=3291 pid=3297 prio=94
        tau_rt_1-3294  [000] ...1   678.492167: tracing_mark_write: gid=1002: job_start
        tau_rt_1-3294  [000] dn.3   678.512997: rtg_try_acquire_lock: rtg_preemptor: comm=deepPicar rtgid=1001 tgid=3245 pid=3245 prio=93
        tau_rt_1-3294  [000] dn.3   678.513000: rtg_try_acquire_lock: rtg_preemptee: comm=tau_rt_2 rtgid=1002 tgid=3291 pid=3297 prio=94
        tau_rt_3-3295  [004] dn.3   678.513012: rtg_try_acquire_lock: rtg_block: comm=tau_rt_3 rtgid=1002 tgid=3292 pid=3295 prio=94
        tau_rt_4-3296  [005] dn.3   678.513015: rtg_try_acquire_lock: rtg_block: comm=tau_rt_4 rtgid=1002 tgid=3293 pid=3296 prio=94
       deepPicar-3245  [000] ...1   678.513032: tracing_mark_write: gid=1001: job_start
       deepPicar-3245  [000] d..3   678.514193: rtg_try_release_lock: rtg_release: comm=deepPicar rtgid=1001 tgid=3245 pid=3245 prio=93
          <idle>-0     [005] dn.3   678.514196: rtg_try_acquire_lock: rtg_acquire: comm=tau_rt_4 rtgid=1002 tgid=3293 pid=3296 prio=94
       deepPicar-3245  [000] d..3   678.514199: rtg_try_acquire_lock: rtg_preemptor: comm=deepPicar rtgid=1001 tgid=3245 pid=3265 prio=93
       deepPicar-3245  [000] d..3   678.514200: rtg_try_acquire_lock: rtg_preemptee: comm=tau_rt_4 rtgid=1002 tgid=3293 pid=3296 prio=94
        tau_rt_3-3295  [004] dn.3   678.514202: rtg_try_acquire_lock: rtg_block: comm=tau_rt_3 rtgid=1002 tgid=3292 pid=3295 prio=94
        tau_rt_4-3296  [005] dn.3   678.514204: rtg_try_acquire_lock: rtg_block: comm=tau_rt_4 rtgid=1002 tgid=3293 pid=3296 prio=94
       deepPicar-3265  [000] d..3   678.515015: rtg_try_release_lock: rtg_release: comm=deepPicar rtgid=1001 tgid=3245 pid=3265 prio=93
          <idle>-0     [005] dn.3   678.515016: rtg_try_acquire_lock: rtg_acquire: comm=tau_rt_4 rtgid=1002 tgid=3293 pid=3296 prio=94
       deepPicar-3265  [000] d..3   678.515019: rtg_try_acquire_lock: rtg_preemptor: comm=deepPicar rtgid=1001 tgid=3245 pid=3253 prio=93
       deepPicar-3265  [000] d..3   678.515019: rtg_try_acquire_lock: rtg_preemptee: comm=tau_rt_4 rtgid=1002 tgid=3293 pid=3296 prio=94
        tau_rt_3-3295  [004] dn.3   678.515022: rtg_try_acquire_lock: rtg_block: comm=tau_rt_3 rtgid=1002 tgid=3292 pid=3295 prio=94
        tau_rt_4-3296  [005] dn.3   678.515023: rtg_try_acquire_lock: rtg_block: comm=tau_rt_4 rtgid=1002 tgid=3293 pid=3296 prio=94
       deepPicar-3245  [000] d..3   678.526550: rtg_try_acquire_lock: rtg_block: comm=tau_rt_1 rtgid=1002 tgid=3288 pid=3294 prio=94
       deepPicar-3250  [005] d..3   678.542050: rtg_try_release_lock: rtg_release: comm=deepPicar rtgid=1001 tgid=3250 pid=3250 prio=93
       deepPicar-3249  [004] dn.3   678.542054: rtg_try_acquire_lock: rtg_acquire: comm=tau_rt_3 rtgid=1002 tgid=3292 pid=3295 prio=94
        tau_rt_3-3295  [004] d..3   678.554192: rtg_try_release_lock: rtg_release: comm=tau_rt_3 rtgid=1002 tgid=3292 pid=3295 prio=94
          <idle>-0     [003] dn.3   678.554561: rtg_try_acquire_lock: rtg_acquire: comm=tau_rt_2 rtgid=1002 tgid=3291 pid=3297 prio=94
        tau_rt_1-3294  [000] ...1   678.567170: tracing_mark_write: gid=1002: job_start
        tau_rt_1-3294  [000] dn.3   678.587990: rtg_try_acquire_lock: rtg_preemptor: comm=deepPicar rtgid=1001 tgid=3245 pid=3245 prio=93
        tau_rt_1-3294  [000] dn.3   678.587993: rtg_try_acquire_lock: rtg_preemptee: comm=tau_rt_2 rtgid=1002 tgid=3291 pid=3297 prio=94
        tau_rt_3-3295  [004] dn.3   678.588002: rtg_try_acquire_lock: rtg_block: comm=tau_rt_3 rtgid=1002 tgid=3292 pid=3295 prio=94
        tau_rt_4-3296  [005] dn.3   678.588005: rtg_try_acquire_lock: rtg_block: comm=tau_rt_4 rtgid=1002 tgid=3293 pid=3296 prio=94
       deepPicar-3245  [000] ...1   678.588022: tracing_mark_write: gid=1001: job_start
       deepPicar-3245  [000] d..3   678.589178: rtg_try_release_lock: rtg_release: comm=deepPicar rtgid=1001 tgid=3245 pid=3245 prio=93
          <idle>-0     [005] dn.3   678.589181: rtg_try_acquire_lock: rtg_acquire: comm=tau_rt_4 rtgid=1002 tgid=3293 pid=3296 prio=94
       deepPicar-3245  [000] d..3   678.589184: rtg_try_acquire_lock: rtg_preemptor: comm=deepPicar rtgid=1001 tgid=3245 pid=3266 prio=93
       deepPicar-3245  [000] d..3   678.589185: rtg_try_acquire_lock: rtg_preemptee: comm=tau_rt_4 rtgid=1002 tgid=3293 pid=3296 prio=94
        tau_rt_3-3295  [004] dn.3   678.589188: rtg_try_acquire_lock: rtg_block: comm=tau_rt_3 rtgid=1002 tgid=3292 pid=3295 prio=94
        tau_rt_4-3296  [005] dn.3   678.589189: rtg_try_acquire_lock: rtg_block: comm=tau_rt_4 rtgid=1002 tgid=3293 pid=3296 prio=94
       deepPicar-3266  [000] d..3   678.589942: rtg_try_release_lock: rtg_release: comm=deepPicar rtgid=1001 tgid=3245 pid=3266 prio=93
          <idle>-0     [005] dn.3   678.589944: rtg_try_acquire_lock: rtg_acquire: comm=tau_rt_4 rtgid=1002 tgid=3293 pid=3296 prio=94
       deepPicar-3266  [000] d..3   678.589946: rtg_try_acquire_lock: rtg_preemptor: comm=deepPicar rtgid=1001 tgid=3245 pid=3253 prio=93
       deepPicar-3266  [000] d..3   678.589947: rtg_try_acquire_lock: rtg_preemptee: comm=tau_rt_4 rtgid=1002 tgid=3293 pid=3296 prio=94
        tau_rt_3-3295  [004] dn.3   678.589950: rtg_try_acquire_lock: rtg_block: comm=tau_rt_3 rtgid=1002 tgid=3292 pid=3295 prio=94
        tau_rt_4-3296  [005] dn.3   678.589951: rtg_try_acquire_lock: rtg_block: comm=tau_rt_4 rtgid=1002 tgid=3293 pid=3296 prio=94
       deepPicar-3245  [000] d..3   678.601089: rtg_try_acquire_lock: rtg_block: comm=tau_rt_1 rtgid=1002 tgid=3288 pid=3294 prio=94
       deepPicar-3256  [004] d..3   678.616741: rtg_try_release_lock: rtg_release: comm=deepPicar rtgid=1001 tgid=3249 pid=3256 prio=93
          <idle>-0     [005] dn.3   678.616745: rtg_try_acquire_lock: rtg_acquire: comm=tau_rt_4 rtgid=1002 tgid=3293 pid=3296 prio=94
       deepPicar-3256  [004] d..3   678.616748: rtg_try_acquire_lock: rtg_preemptor: comm=deepPicar rtgid=1001 tgid=3249 pid=3249 prio=93
       deepPicar-3256  [004] d..3   678.616749: rtg_try_acquire_lock: rtg_preemptee: comm=tau_rt_4 rtgid=1002 tgid=3293 pid=3296 prio=94
        tau_rt_1-3294  [000] dn.3   678.616752: rtg_try_acquire_lock: rtg_block: comm=tau_rt_1 rtgid=1002 tgid=3288 pid=3294 prio=94
        tau_rt_4-3296  [005] dn.3   678.616754: rtg_try_acquire_lock: rtg_block: comm=tau_rt_4 rtgid=1002 tgid=3293 pid=3296 prio=94
       deepPicar-3249  [004] d..3   678.616838: rtg_try_release_lock: rtg_release: comm=deepPicar rtgid=1001 tgid=3249 pid=3249 prio=93
          <idle>-0     [000] dn.3   678.616839: rtg_try_acquire_lock: rtg_acquire: comm=tau_rt_1 rtgid=1002 tgid=3288 pid=3294 prio=94
        tau_rt_4-3296  [005] d..3   678.628865: rtg_try_release_lock: rtg_release: comm=tau_rt_4 rtgid=1002 tgid=3293 pid=3296 prio=94
          <idle>-0     [003] dn.3   678.629558: rtg_try_acquire_lock: rtg_acquire: comm=tau_rt_2 rtgid=1002 tgid=3291 pid=3297 prio=94
        tau_rt_1-3294  [000] ...1   678.642171: tracing_mark_write: gid=1002: job_start
        tau_rt_1-3294  [000] dn.3   678.662997: rtg_try_acquire_lock: rtg_preemptor: comm=deepPicar rtgid=1001 tgid=3245 pid=3245 prio=93
        tau_rt_1-3294  [000] dn.3   678.663000: rtg_try_acquire_lock: rtg_preemptee: comm=tau_rt_2 rtgid=1002 tgid=3291 pid=3297 prio=94
        tau_rt_4-3296  [005] dn.3   678.663011: rtg_try_acquire_lock: rtg_block: comm=tau_rt_4 rtgid=1002 tgid=3293 pid=3296 prio=94
        tau_rt_3-3295  [004] dn.3   678.663014: rtg_try_acquire_lock: rtg_block: comm=tau_rt_3 rtgid=1002 tgid=3292 pid=3295 prio=94
       deepPicar-3245  [000] ...1   678.663032: tracing_mark_write: gid=1001: job_start
       deepPicar-3245  [000] d..3   678.664178: rtg_try_release_lock: rtg_release: comm=deepPicar rtgid=1001 tgid=3245 pid=3245 prio=93
          <idle>-0     [004] dn.3   678.664182: rtg_try_acquire_lock: rtg_acquire: comm=tau_rt_3 rtgid=1002 tgid=3292 pid=3295 prio=94
       deepPicar-3245  [000] d..3   678.664184: rtg_try_acquire_lock: rtg_preemptor: comm=deepPicar rtgid=1001 tgid=3245 pid=3261 prio=93
       deepPicar-3245  [000] d..3   678.664185: rtg_try_acquire_lock: rtg_preemptee: comm=tau_rt_3 rtgid=1002 tgid=3292 pid=3295 prio=94
        tau_rt_4-3296  [005] dn.3   678.664188: rtg_try_acquire_lock: rtg_block: comm=tau_rt_4 rtgid=1002 tgid=3293 pid=3296 prio=94
        tau_rt_3-3295  [004] dn.3   678.664190: rtg_try_acquire_lock: rtg_block: comm=tau_rt_3 rtgid=1002 tgid=3292 pid=3295 prio=94
       deepPicar-3261  [000] d..3   678.664999: rtg_try_release_lock: rtg_release: comm=deepPicar rtgid=1001 tgid=3245 pid=3261 prio=93
          <idle>-0     [004] dn.3   678.665001: rtg_try_acquire_lock: rtg_acquire: comm=tau_rt_3 rtgid=1002 tgid=3292 pid=3295 prio=94
       deepPicar-3261  [000] d..3   678.665004: rtg_try_acquire_lock: rtg_preemptor: comm=deepPicar rtgid=1001 tgid=3245 pid=3253 prio=93
       deepPicar-3261  [000] d..3   678.665005: rtg_try_acquire_lock: rtg_preemptee: comm=tau_rt_3 rtgid=1002 tgid=3292 pid=3295 prio=94
        tau_rt_3-3295  [004] dn.3   678.665008: rtg_try_acquire_lock: rtg_block: comm=tau_rt_3 rtgid=1002 tgid=3292 pid=3295 prio=94
        tau_rt_4-3296  [005] dn.3   678.665009: rtg_try_acquire_lock: rtg_block: comm=tau_rt_4 rtgid=1002 tgid=3293 pid=3296 prio=94
       deepPicar-3245  [000] d..3   678.676168: rtg_try_acquire_lock: rtg_block: comm=tau_rt_1 rtgid=1002 tgid=3288 pid=3294 prio=94
       deepPicar-3256  [004] d..3   678.691736: rtg_try_release_lock: rtg_release: comm=deepPicar rtgid=1001 tgid=3249 pid=3256 prio=93
       deepPicar-3257  [003] d..3   678.691741: rtg_try_acquire_lock: rtg_acquire: comm=deepPicar rtgid=1001 tgid=3248 pid=3248 prio=93
          <idle>-0     [000] dn.3   678.691745: rtg_try_acquire_lock: rtg_block: comm=tau_rt_1 rtgid=1002 tgid=3288 pid=3294 prio=94
       deepPicar-3249  [004] d..3   678.691855: rtg_try_release_lock: rtg_release: comm=deepPicar rtgid=1001 tgid=3249 pid=3249 prio=93
       deepPicar-3250  [005] d..3   678.691858: rtg_try_acquire_lock: rtg_acquire: comm=tau_rt_4 rtgid=1002 tgid=3293 pid=3296 prio=94
        tau_rt_3-3295  [004] d..3   678.703922: rtg_try_release_lock: rtg_release: comm=tau_rt_3 rtgid=1002 tgid=3292 pid=3295 prio=94
          <idle>-0     [003] dn.3   678.704558: rtg_try_acquire_lock: rtg_acquire: comm=tau_rt_2 rtgid=1002 tgid=3291 pid=3297 prio=94
        tau_rt_1-3294  [000] ...1   678.717168: tracing_mark_write: gid=1002: job_start
        tau_rt_1-3294  [000] dn.3   678.737998: rtg_try_acquire_lock: rtg_preemptor: comm=deepPicar rtgid=1001 tgid=3245 pid=3245 prio=93
        tau_rt_1-3294  [000] dn.3   678.738001: rtg_try_acquire_lock: rtg_preemptee: comm=tau_rt_2 rtgid=1002 tgid=3291 pid=3297 prio=94
        tau_rt_4-3296  [005] dn.3   678.738011: rtg_try_acquire_lock: rtg_block: comm=tau_rt_4 rtgid=1002 tgid=3293 pid=3296 prio=94
        tau_rt_3-3295  [004] dn.3   678.738014: rtg_try_acquire_lock: rtg_block: comm=tau_rt_3 rtgid=1002 tgid=3292 pid=3295 prio=94
       deepPicar-3245  [000] ...1   678.738033: tracing_mark_write: gid=1001: job_start
       deepPicar-3245  [000] d..3   678.739192: rtg_try_release_lock: rtg_release: comm=deepPicar rtgid=1001 tgid=3245 pid=3245 prio=93
          <idle>-0     [004] dn.3   678.739195: rtg_try_acquire_lock: rtg_acquire: comm=tau_rt_3 rtgid=1002 tgid=3292 pid=3295 prio=94
       deepPicar-3245  [000] d..3   678.739198: rtg_try_acquire_lock: rtg_preemptor: comm=deepPicar rtgid=1001 tgid=3245 pid=3262 prio=93
       deepPicar-3245  [000] d..3   678.739199: rtg_try_acquire_lock: rtg_preemptee: comm=tau_rt_3 rtgid=1002 tgid=3292 pid=3295 prio=94
        tau_rt_4-3296  [005] dn.3   678.739202: rtg_try_acquire_lock: rtg_block: comm=tau_rt_4 rtgid=1002 tgid=3293 pid=3296 prio=94
        tau_rt_3-3295  [004] dn.3   678.739204: rtg_try_acquire_lock: rtg_block: comm=tau_rt_3 rtgid=1002 tgid=3292 pid=3295 prio=94
       deepPicar-3262  [000] d..3   678.740018: rtg_try_release_lock: rtg_release: comm=deepPicar rtgid=1001 tgid=3245 pid=3262 prio=93
          <idle>-0     [004] dn.3   678.740021: rtg_try_acquire_lock: rtg_acquire: comm=tau_rt_3 rtgid=1002 tgid=3292 pid=3295 prio=94
       deepPicar-3262  [000] d..3   678.740023: rtg_try_acquire_lock: rtg_preemptor: comm=deepPicar rtgid=1001 tgid=3245 pid=3253 prio=93
       deepPicar-3262  [000] d..3   678.740024: rtg_try_acquire_lock: rtg_preemptee: comm=tau_rt_3 rtgid=1002 tgid=3292 pid=3295 prio=94
        tau_rt_3-3295  [004] dn.3   678.740027: rtg_try_acquire_lock: rtg_block: comm=tau_rt_3 rtgid=1002 tgid=3292 pid=3295 prio=94
