       deepPicar-3769  [000] dn.3  1194.924311: rtg_try_acquire_lock: rtg_block: comm=deepPicar rtgid=1002 tgid=3762 pid=3769 prio=94
        tau_rt_4-3761  [000] ...1  1194.924449: tracing_mark_write: gid=1001: job_start
       deepPicar-3731  [004] d..3  1194.944551: rtg_try_acquire_lock: rtg_block: comm=tau_rt_3 rtgid=1002 tgid=3766 pid=3777 prio=94
       deepPicar-3730  [003] d..3  1194.944555: rtg_try_acquire_lock: rtg_block: comm=tau_rt_2 rtgid=1002 tgid=3765 pid=3779 prio=94
       deepPicar-3732  [005] d..3  1194.944558: rtg_try_acquire_lock: rtg_block: comm=tau_rt_4 rtgid=1002 tgid=3767 pid=3778 prio=94
        tau_rt_4-3761  [000] d..3  1194.944787: rtg_try_release_lock: rtg_release: comm=tau_rt_4 rtgid=1001 tgid=3727 pid=3761 prio=93
          <idle>-0     [004] dn.3  1194.944791: rtg_try_acquire_lock: rtg_acquire: comm=tau_rt_3 rtgid=1002 tgid=3766 pid=3777 prio=94
       deepPicar-3762  [000] ...1  1194.970134: tracing_mark_write: gid=1002: job_start
        tau_rt_3-3777  [004] dn.3  1194.974298: rtg_try_acquire_lock: rtg_preemptor: comm=deepPicar rtgid=1001 tgid=3731 pid=3731 prio=93
        tau_rt_3-3777  [004] dn.3  1194.974300: rtg_try_acquire_lock: rtg_preemptee: comm=tau_rt_3 rtgid=1002 tgid=3766 pid=3777 prio=94
       deepPicar-3769  [000] dn.3  1194.974313: rtg_try_acquire_lock: rtg_block: comm=deepPicar rtgid=1002 tgid=3762 pid=3769 prio=94
        tau_rt_4-3761  [000] ...1  1194.974451: tracing_mark_write: gid=1001: job_start
       deepPicar-3732  [005] d..3  1194.994296: rtg_try_acquire_lock: rtg_block: comm=tau_rt_4 rtgid=1002 tgid=3767 pid=3778 prio=94
       deepPicar-3730  [003] d..3  1194.994300: rtg_try_acquire_lock: rtg_block: comm=tau_rt_2 rtgid=1002 tgid=3765 pid=3779 prio=94
       deepPicar-3731  [004] d..3  1194.994303: rtg_try_acquire_lock: rtg_block: comm=tau_rt_3 rtgid=1002 tgid=3766 pid=3777 prio=94
        tau_rt_4-3761  [000] d..3  1194.994607: rtg_try_release_lock: rtg_release: comm=tau_rt_4 rtgid=1001 tgid=3727 pid=3761 prio=93
          <idle>-0     [004] dn.3  1194.994610: rtg_try_acquire_lock: rtg_acquire: comm=tau_rt_3 rtgid=1002 tgid=3766 pid=3777 prio=94
       deepPicar-3762  [000] ...1  1195.019798: tracing_mark_write: gid=1002: job_start
        tau_rt_3-3777  [004] dn.3  1195.024299: rtg_try_acquire_lock: rtg_preemptor: comm=deepPicar rtgid=1001 tgid=3731 pid=3731 prio=93
        tau_rt_3-3777  [004] dn.3  1195.024302: rtg_try_acquire_lock: rtg_preemptee: comm=tau_rt_3 rtgid=1002 tgid=3766 pid=3777 prio=94
       deepPicar-3769  [000] dn.3  1195.024311: rtg_try_acquire_lock: rtg_block: comm=deepPicar rtgid=1002 tgid=3762 pid=3769 prio=94
        tau_rt_4-3761  [000] ...1  1195.024449: tracing_mark_write: gid=1001: job_start
       deepPicar-3732  [005] d..3  1195.044481: rtg_try_acquire_lock: rtg_block: comm=tau_rt_4 rtgid=1002 tgid=3767 pid=3778 prio=94
       deepPicar-3731  [004] d..3  1195.044486: rtg_try_acquire_lock: rtg_block: comm=tau_rt_3 rtgid=1002 tgid=3766 pid=3777 prio=94
       deepPicar-3730  [003] d..3  1195.044489: rtg_try_acquire_lock: rtg_block: comm=tau_rt_2 rtgid=1002 tgid=3765 pid=3779 prio=94
        tau_rt_4-3761  [000] d..3  1195.044619: rtg_try_release_lock: rtg_release: comm=tau_rt_4 rtgid=1001 tgid=3727 pid=3761 prio=93
          <idle>-0     [003] dn.3  1195.044622: rtg_try_acquire_lock: rtg_acquire: comm=tau_rt_2 rtgid=1002 tgid=3765 pid=3779 prio=94
       deepPicar-3762  [000] ...1  1195.069597: tracing_mark_write: gid=1002: job_start
        tau_rt_3-3777  [004] dn.3  1195.074301: rtg_try_acquire_lock: rtg_preemptor: comm=deepPicar rtgid=1001 tgid=3731 pid=3731 prio=93
        tau_rt_3-3777  [004] dn.3  1195.074304: rtg_try_acquire_lock: rtg_preemptee: comm=tau_rt_2 rtgid=1002 tgid=3765 pid=3779 prio=94
       deepPicar-3769  [000] dn.3  1195.074316: rtg_try_acquire_lock: rtg_block: comm=deepPicar rtgid=1002 tgid=3762 pid=3769 prio=94
        tau_rt_4-3761  [000] ...1  1195.074452: tracing_mark_write: gid=1001: job_start
       deepPicar-3730  [003] d..3  1195.094590: rtg_try_acquire_lock: rtg_block: comm=tau_rt_2 rtgid=1002 tgid=3765 pid=3779 prio=94
       deepPicar-3731  [004] d..3  1195.094595: rtg_try_acquire_lock: rtg_block: comm=tau_rt_3 rtgid=1002 tgid=3766 pid=3777 prio=94
       deepPicar-3732  [005] d..3  1195.094598: rtg_try_acquire_lock: rtg_block: comm=tau_rt_4 rtgid=1002 tgid=3767 pid=3778 prio=94
        tau_rt_4-3761  [000] d..3  1195.094717: rtg_try_release_lock: rtg_release: comm=tau_rt_4 rtgid=1001 tgid=3727 pid=3761 prio=93
          <idle>-0     [005] dn.3  1195.094720: rtg_try_acquire_lock: rtg_acquire: comm=tau_rt_4 rtgid=1002 tgid=3767 pid=3778 prio=94
       deepPicar-3762  [000] ...1  1195.119628: tracing_mark_write: gid=1002: job_start
        tau_rt_3-3777  [004] dn.3  1195.124298: rtg_try_acquire_lock: rtg_preemptor: comm=deepPicar rtgid=1001 tgid=3731 pid=3731 prio=93
        tau_rt_3-3777  [004] dn.3  1195.124300: rtg_try_acquire_lock: rtg_preemptee: comm=tau_rt_4 rtgid=1002 tgid=3767 pid=3778 prio=94
       deepPicar-3769  [000] dn.3  1195.124310: rtg_try_acquire_lock: rtg_block: comm=deepPicar rtgid=1002 tgid=3762 pid=3769 prio=94
        tau_rt_4-3761  [000] ...1  1195.124449: tracing_mark_write: gid=1001: job_start
       deepPicar-3732  [005] d..3  1195.144533: rtg_try_acquire_lock: rtg_block: comm=tau_rt_4 rtgid=1002 tgid=3767 pid=3778 prio=94
       deepPicar-3731  [004] d..3  1195.144537: rtg_try_acquire_lock: rtg_block: comm=tau_rt_3 rtgid=1002 tgid=3766 pid=3777 prio=94
       deepPicar-3730  [003] d..3  1195.144541: rtg_try_acquire_lock: rtg_block: comm=tau_rt_2 rtgid=1002 tgid=3765 pid=3779 prio=94
        tau_rt_4-3761  [000] d..3  1195.144647: rtg_try_release_lock: rtg_release: comm=tau_rt_4 rtgid=1001 tgid=3727 pid=3761 prio=93
          <idle>-0     [005] dn.3  1195.144650: rtg_try_acquire_lock: rtg_acquire: comm=tau_rt_4 rtgid=1002 tgid=3767 pid=3778 prio=94
       deepPicar-3762  [000] ...1  1195.169630: tracing_mark_write: gid=1002: job_start
        tau_rt_4-3778  [005] dn.3  1195.174301: rtg_try_acquire_lock: rtg_preemptor: comm=deepPicar rtgid=1001 tgid=3732 pid=3732 prio=93
        tau_rt_4-3778  [005] dn.3  1195.174303: rtg_try_acquire_lock: rtg_preemptee: comm=tau_rt_4 rtgid=1002 tgid=3767 pid=3778 prio=94
       deepPicar-3769  [000] dn.3  1195.174316: rtg_try_acquire_lock: rtg_block: comm=deepPicar rtgid=1002 tgid=3762 pid=3769 prio=94
        tau_rt_4-3761  [000] ...1  1195.174454: tracing_mark_write: gid=1001: job_start
       deepPicar-3731  [004] d..3  1195.194485: rtg_try_acquire_lock: rtg_block: comm=tau_rt_3 rtgid=1002 tgid=3766 pid=3777 prio=94
       deepPicar-3730  [003] d..3  1195.194489: rtg_try_acquire_lock: rtg_block: comm=tau_rt_2 rtgid=1002 tgid=3765 pid=3779 prio=94
       deepPicar-3732  [005] d..3  1195.194492: rtg_try_acquire_lock: rtg_block: comm=tau_rt_4 rtgid=1002 tgid=3767 pid=3778 prio=94
        tau_rt_4-3761  [000] d..3  1195.194557: rtg_try_release_lock: rtg_release: comm=tau_rt_4 rtgid=1001 tgid=3727 pid=3761 prio=93
          <idle>-0     [004] dn.3  1195.194559: rtg_try_acquire_lock: rtg_acquire: comm=tau_rt_3 rtgid=1002 tgid=3766 pid=3777 prio=94
       deepPicar-3762  [000] ...1  1195.219288: tracing_mark_write: gid=1002: job_start
        tau_rt_3-3777  [004] dn.3  1195.224298: rtg_try_acquire_lock: rtg_preemptor: comm=deepPicar rtgid=1001 tgid=3731 pid=3731 prio=93
        tau_rt_3-3777  [004] dn.3  1195.224300: rtg_try_acquire_lock: rtg_preemptee: comm=tau_rt_3 rtgid=1002 tgid=3766 pid=3777 prio=94
       deepPicar-3769  [000] dn.3  1195.224309: rtg_try_acquire_lock: rtg_block: comm=deepPicar rtgid=1002 tgid=3762 pid=3769 prio=94
        tau_rt_4-3761  [000] ...1  1195.224449: tracing_mark_write: gid=1001: job_start
       deepPicar-3731  [004] d..3  1195.244485: rtg_try_acquire_lock: rtg_block: comm=tau_rt_3 rtgid=1002 tgid=3766 pid=3777 prio=94
       deepPicar-3732  [005] d..3  1195.244490: rtg_try_acquire_lock: rtg_block: comm=tau_rt_4 rtgid=1002 tgid=3767 pid=3778 prio=94
       deepPicar-3730  [003] d..3  1195.244493: rtg_try_acquire_lock: rtg_block: comm=tau_rt_2 rtgid=1002 tgid=3765 pid=3779 prio=94
        tau_rt_4-3761  [000] d..3  1195.244620: rtg_try_release_lock: rtg_release: comm=tau_rt_4 rtgid=1001 tgid=3727 pid=3761 prio=93
      containerd-3236  [003] dn.3  1195.244623: rtg_try_acquire_lock: rtg_acquire: comm=tau_rt_2 rtgid=1002 tgid=3765 pid=3779 prio=94
       deepPicar-3762  [000] ...1  1195.269303: tracing_mark_write: gid=1002: job_start
        tau_rt_3-3777  [004] dn.3  1195.274299: rtg_try_acquire_lock: rtg_preemptor: comm=deepPicar rtgid=1001 tgid=3731 pid=3731 prio=93
        tau_rt_3-3777  [004] dn.3  1195.274302: rtg_try_acquire_lock: rtg_preemptee: comm=tau_rt_2 rtgid=1002 tgid=3765 pid=3779 prio=94
       deepPicar-3769  [000] dn.3  1195.274314: rtg_try_acquire_lock: rtg_block: comm=deepPicar rtgid=1002 tgid=3762 pid=3769 prio=94
        tau_rt_4-3761  [000] ...1  1195.274451: tracing_mark_write: gid=1001: job_start
       deepPicar-3730  [003] d..3  1195.294456: rtg_try_acquire_lock: rtg_block: comm=tau_rt_2 rtgid=1002 tgid=3765 pid=3779 prio=94
       deepPicar-3731  [004] d..3  1195.294460: rtg_try_acquire_lock: rtg_block: comm=tau_rt_3 rtgid=1002 tgid=3766 pid=3777 prio=94
       deepPicar-3732  [005] d..3  1195.294463: rtg_try_acquire_lock: rtg_block: comm=tau_rt_4 rtgid=1002 tgid=3767 pid=3778 prio=94
        tau_rt_4-3761  [000] d..3  1195.294578: rtg_try_release_lock: rtg_release: comm=tau_rt_4 rtgid=1001 tgid=3727 pid=3761 prio=93
          <idle>-0     [005] dn.3  1195.294581: rtg_try_acquire_lock: rtg_acquire: comm=tau_rt_4 rtgid=1002 tgid=3767 pid=3778 prio=94
       deepPicar-3762  [000] ...1  1195.319099: tracing_mark_write: gid=1002: job_start
        tau_rt_3-3777  [004] dn.3  1195.324298: rtg_try_acquire_lock: rtg_preemptor: comm=deepPicar rtgid=1001 tgid=3731 pid=3731 prio=93
        tau_rt_3-3777  [004] dn.3  1195.324300: rtg_try_acquire_lock: rtg_preemptee: comm=tau_rt_4 rtgid=1002 tgid=3767 pid=3778 prio=94
       deepPicar-3769  [000] dn.3  1195.324311: rtg_try_acquire_lock: rtg_block: comm=deepPicar rtgid=1002 tgid=3762 pid=3769 prio=94
        tau_rt_4-3761  [000] ...1  1195.324446: tracing_mark_write: gid=1001: job_start
       deepPicar-3732  [005] d..3  1195.344492: rtg_try_acquire_lock: rtg_block: comm=tau_rt_4 rtgid=1002 tgid=3767 pid=3778 prio=94
       deepPicar-3730  [003] d..3  1195.344496: rtg_try_acquire_lock: rtg_block: comm=tau_rt_2 rtgid=1002 tgid=3765 pid=3779 prio=94
       deepPicar-3731  [004] d..3  1195.344498: rtg_try_acquire_lock: rtg_block: comm=tau_rt_3 rtgid=1002 tgid=3766 pid=3777 prio=94
        tau_rt_4-3761  [000] d..3  1195.344695: rtg_try_release_lock: rtg_release: comm=tau_rt_4 rtgid=1001 tgid=3727 pid=3761 prio=93
          <idle>-0     [004] dn.3  1195.344698: rtg_try_acquire_lock: rtg_acquire: comm=tau_rt_3 rtgid=1002 tgid=3766 pid=3777 prio=94
       deepPicar-3762  [000] ...1  1195.369307: tracing_mark_write: gid=1002: job_start
        tau_rt_4-3778  [005] dn.3  1195.374301: rtg_try_acquire_lock: rtg_preemptor: comm=deepPicar rtgid=1001 tgid=3732 pid=3732 prio=93
        tau_rt_4-3778  [005] dn.3  1195.374303: rtg_try_acquire_lock: rtg_preemptee: comm=tau_rt_3 rtgid=1002 tgid=3766 pid=3777 prio=94
       deepPicar-3769  [000] dn.3  1195.374317: rtg_try_acquire_lock: rtg_block: comm=deepPicar rtgid=1002 tgid=3762 pid=3769 prio=94
        tau_rt_4-3761  [000] ...1  1195.374452: tracing_mark_write: gid=1001: job_start
       deepPicar-3731  [004] d..3  1195.394464: rtg_try_acquire_lock: rtg_block: comm=tau_rt_3 rtgid=1002 tgid=3766 pid=3777 prio=94
       deepPicar-3730  [003] d..3  1195.394468: rtg_try_acquire_lock: rtg_block: comm=tau_rt_2 rtgid=1002 tgid=3765 pid=3779 prio=94
       deepPicar-3732  [005] d..3  1195.394472: rtg_try_acquire_lock: rtg_block: comm=tau_rt_4 rtgid=1002 tgid=3767 pid=3778 prio=94
        tau_rt_4-3761  [000] d..3  1195.394700: rtg_try_release_lock: rtg_release: comm=tau_rt_4 rtgid=1001 tgid=3727 pid=3761 prio=93
          <idle>-0     [004] dn.3  1195.394702: rtg_try_acquire_lock: rtg_acquire: comm=tau_rt_3 rtgid=1002 tgid=3766 pid=3777 prio=94
       deepPicar-3762  [000] ...1  1195.419414: tracing_mark_write: gid=1002: job_start
        tau_rt_4-3778  [005] dn.3  1195.424299: rtg_try_acquire_lock: rtg_preemptor: comm=deepPicar rtgid=1001 tgid=3732 pid=3732 prio=93
        tau_rt_4-3778  [005] dn.3  1195.424302: rtg_try_acquire_lock: rtg_preemptee: comm=tau_rt_3 rtgid=1002 tgid=3766 pid=3777 prio=94
       deepPicar-3769  [000] dn.3  1195.424312: rtg_try_acquire_lock: rtg_block: comm=deepPicar rtgid=1002 tgid=3762 pid=3769 prio=94
        tau_rt_4-3761  [000] ...1  1195.424448: tracing_mark_write: gid=1001: job_start
       deepPicar-3732  [005] d..3  1195.444510: rtg_try_acquire_lock: rtg_block: comm=tau_rt_4 rtgid=1002 tgid=3767 pid=3778 prio=94
       deepPicar-3730  [003] d..3  1195.444515: rtg_try_acquire_lock: rtg_block: comm=tau_rt_2 rtgid=1002 tgid=3765 pid=3779 prio=94
       deepPicar-3731  [004] d..3  1195.444518: rtg_try_acquire_lock: rtg_block: comm=tau_rt_3 rtgid=1002 tgid=3766 pid=3777 prio=94
        tau_rt_4-3761  [000] d..3  1195.444612: rtg_try_release_lock: rtg_release: comm=tau_rt_4 rtgid=1001 tgid=3727 pid=3761 prio=93
          <idle>-0     [003] dn.3  1195.444615: rtg_try_acquire_lock: rtg_acquire: comm=tau_rt_2 rtgid=1002 tgid=3765 pid=3779 prio=94
       deepPicar-3762  [000] ...1  1195.469362: tracing_mark_write: gid=1002: job_start
        tau_rt_3-3777  [004] dn.3  1195.474301: rtg_try_acquire_lock: rtg_preemptor: comm=deepPicar rtgid=1001 tgid=3731 pid=3731 prio=93
        tau_rt_3-3777  [004] dn.3  1195.474303: rtg_try_acquire_lock: rtg_preemptee: comm=tau_rt_2 rtgid=1002 tgid=3765 pid=3779 prio=94
       deepPicar-3769  [000] dn.3  1195.474317: rtg_try_acquire_lock: rtg_block: comm=deepPicar rtgid=1002 tgid=3762 pid=3769 prio=94
        tau_rt_4-3761  [000] ...1  1195.474449: tracing_mark_write: gid=1001: job_start
       deepPicar-3732  [005] d..3  1195.494468: rtg_try_acquire_lock: rtg_block: comm=tau_rt_4 rtgid=1002 tgid=3767 pid=3778 prio=94
       deepPicar-3730  [003] d..3  1195.494472: rtg_try_acquire_lock: rtg_block: comm=tau_rt_2 rtgid=1002 tgid=3765 pid=3779 prio=94
       deepPicar-3731  [004] d..3  1195.494476: rtg_try_acquire_lock: rtg_block: comm=tau_rt_3 rtgid=1002 tgid=3766 pid=3777 prio=94
        tau_rt_4-3761  [000] d..3  1195.494679: rtg_try_release_lock: rtg_release: comm=tau_rt_4 rtgid=1001 tgid=3727 pid=3761 prio=93
          <idle>-0     [003] dn.3  1195.494681: rtg_try_acquire_lock: rtg_acquire: comm=tau_rt_2 rtgid=1002 tgid=3765 pid=3779 prio=94
       deepPicar-3762  [000] ...1  1195.519657: tracing_mark_write: gid=1002: job_start
        tau_rt_4-3778  [005] dn.3  1195.524299: rtg_try_acquire_lock: rtg_preemptor: comm=deepPicar rtgid=1001 tgid=3732 pid=3732 prio=93
        tau_rt_4-3778  [005] dn.3  1195.524302: rtg_try_acquire_lock: rtg_preemptee: comm=tau_rt_2 rtgid=1002 tgid=3765 pid=3779 prio=94
       deepPicar-3769  [000] dn.3  1195.524311: rtg_try_acquire_lock: rtg_block: comm=deepPicar rtgid=1002 tgid=3762 pid=3769 prio=94
        tau_rt_4-3761  [000] ...1  1195.524449: tracing_mark_write: gid=1001: job_start
       deepPicar-3732  [005] d..3  1195.544561: rtg_try_acquire_lock: rtg_block: comm=tau_rt_4 rtgid=1002 tgid=3767 pid=3778 prio=94
       deepPicar-3731  [004] d..3  1195.544565: rtg_try_acquire_lock: rtg_block: comm=tau_rt_3 rtgid=1002 tgid=3766 pid=3777 prio=94
       deepPicar-3730  [003] d..3  1195.544569: rtg_try_acquire_lock: rtg_block: comm=tau_rt_2 rtgid=1002 tgid=3765 pid=3779 prio=94
        tau_rt_4-3761  [000] d..3  1195.544610: rtg_try_release_lock: rtg_release: comm=tau_rt_4 rtgid=1001 tgid=3727 pid=3761 prio=93
          <idle>-0     [003] dn.3  1195.544612: rtg_try_acquire_lock: rtg_acquire: comm=tau_rt_2 rtgid=1002 tgid=3765 pid=3779 prio=94
       deepPicar-3769  [000] d..3  1195.563735: rtg_try_release_lock: rtg_release: comm=deepPicar rtgid=1002 tgid=3762 pid=3769 prio=94
       deepPicar-3769  [000] d..3  1195.563739: rtg_try_acquire_lock: rtg_acquire: comm=deepPicar rtgid=1002 tgid=3762 pid=3762 prio=94
       deepPicar-3762  [000] ...1  1195.563851: tracing_mark_write: gid=1002: job_start
       deepPicar-3762  [000] d..3  1195.564993: rtg_try_release_lock: rtg_release: comm=deepPicar rtgid=1002 tgid=3762 pid=3762 prio=94
       deepPicar-3762  [000] d..3  1195.564995: rtg_try_acquire_lock: rtg_acquire: comm=deepPicar rtgid=1002 tgid=3762 pid=3772 prio=94
       deepPicar-3772  [000] d..3  1195.565765: rtg_try_release_lock: rtg_release: comm=deepPicar rtgid=1002 tgid=3762 pid=3772 prio=94
       deepPicar-3772  [000] d..3  1195.565768: rtg_try_acquire_lock: rtg_acquire: comm=deepPicar rtgid=1002 tgid=3762 pid=3769 prio=94
          <idle>-0     [004] dn.3  1195.574302: rtg_try_acquire_lock: rtg_preemptor: comm=deepPicar rtgid=1001 tgid=3731 pid=3731 prio=93
          <idle>-0     [004] dn.3  1195.574304: rtg_try_acquire_lock: rtg_preemptee: comm=deepPicar rtgid=1002 tgid=3762 pid=3769 prio=94
       deepPicar-3769  [000] dn.3  1195.574314: rtg_try_acquire_lock: rtg_block: comm=deepPicar rtgid=1002 tgid=3762 pid=3769 prio=94
        tau_rt_4-3761  [000] ...1  1195.574447: tracing_mark_write: gid=1001: job_start
       deepPicar-3732  [005] d..3  1195.594610: rtg_try_acquire_lock: rtg_block: comm=tau_rt_4 rtgid=1002 tgid=3767 pid=3778 prio=94
       deepPicar-3730  [003] d..3  1195.594615: rtg_try_acquire_lock: rtg_block: comm=tau_rt_2 rtgid=1002 tgid=3765 pid=3779 prio=94
       deepPicar-3731  [004] d..3  1195.594618: rtg_try_acquire_lock: rtg_block: comm=tau_rt_3 rtgid=1002 tgid=3766 pid=3777 prio=94
        tau_rt_4-3761  [000] d..3  1195.594658: rtg_try_release_lock: rtg_release: comm=tau_rt_4 rtgid=1001 tgid=3727 pid=3761 prio=93
          <idle>-0     [004] dn.3  1195.594661: rtg_try_acquire_lock: rtg_acquire: comm=tau_rt_3 rtgid=1002 tgid=3766 pid=3777 prio=94
       deepPicar-3762  [000] ...1  1195.613427: tracing_mark_write: gid=1002: job_start
        tau_rt_4-3778  [005] dn.3  1195.624299: rtg_try_acquire_lock: rtg_preemptor: comm=deepPicar rtgid=1001 tgid=3732 pid=3732 prio=93
        tau_rt_4-3778  [005] dn.3  1195.624302: rtg_try_acquire_lock: rtg_preemptee: comm=tau_rt_3 rtgid=1002 tgid=3766 pid=3777 prio=94
       deepPicar-3769  [000] dn.3  1195.624312: rtg_try_acquire_lock: rtg_block: comm=deepPicar rtgid=1002 tgid=3762 pid=3769 prio=94
        tau_rt_4-3761  [000] ...1  1195.624447: tracing_mark_write: gid=1001: job_start
       deepPicar-3731  [004] d..3  1195.644574: rtg_try_acquire_lock: rtg_block: comm=tau_rt_3 rtgid=1002 tgid=3766 pid=3777 prio=94
       deepPicar-3732  [005] d..3  1195.644578: rtg_try_acquire_lock: rtg_block: comm=tau_rt_4 rtgid=1002 tgid=3767 pid=3778 prio=94
       deepPicar-3730  [003] d..3  1195.644581: rtg_try_acquire_lock: rtg_block: comm=tau_rt_2 rtgid=1002 tgid=3765 pid=3779 prio=94
        tau_rt_4-3761  [000] d..3  1195.644610: rtg_try_release_lock: rtg_release: comm=tau_rt_4 rtgid=1001 tgid=3727 pid=3761 prio=93
     kworker/4:0-30    [004] dn.3  1195.644612: rtg_try_acquire_lock: rtg_acquire: comm=tau_rt_3 rtgid=1002 tgid=3766 pid=3777 prio=94
       deepPicar-3762  [000] ...1  1195.665642: tracing_mark_write: gid=1002: job_start
        tau_rt_3-3777  [004] dn.3  1195.674302: rtg_try_acquire_lock: rtg_preemptor: comm=deepPicar rtgid=1001 tgid=3731 pid=3731 prio=93
        tau_rt_3-3777  [004] dn.3  1195.674304: rtg_try_acquire_lock: rtg_preemptee: comm=tau_rt_3 rtgid=1002 tgid=3766 pid=3777 prio=94
       deepPicar-3769  [000] dn.3  1195.674318: rtg_try_acquire_lock: rtg_block: comm=deepPicar rtgid=1002 tgid=3762 pid=3769 prio=94
        tau_rt_4-3761  [000] ...1  1195.674451: tracing_mark_write: gid=1001: job_start
       deepPicar-3731  [004] d..3  1195.694512: rtg_try_acquire_lock: rtg_block: comm=tau_rt_3 rtgid=1002 tgid=3766 pid=3777 prio=94
       deepPicar-3730  [003] d..3  1195.694516: rtg_try_acquire_lock: rtg_block: comm=tau_rt_2 rtgid=1002 tgid=3765 pid=3779 prio=94
       deepPicar-3732  [005] d..3  1195.694519: rtg_try_acquire_lock: rtg_block: comm=tau_rt_4 rtgid=1002 tgid=3767 pid=3778 prio=94
        tau_rt_4-3761  [000] d..3  1195.694615: rtg_try_release_lock: rtg_release: comm=tau_rt_4 rtgid=1001 tgid=3727 pid=3761 prio=93
          <idle>-0     [004] dn.3  1195.694618: rtg_try_acquire_lock: rtg_acquire: comm=tau_rt_3 rtgid=1002 tgid=3766 pid=3777 prio=94
       deepPicar-3762  [000] ...1  1195.717639: tracing_mark_write: gid=1002: job_start
        tau_rt_4-3778  [005] dn.3  1195.724301: rtg_try_acquire_lock: rtg_preemptor: comm=deepPicar rtgid=1001 tgid=3732 pid=3732 prio=93
        tau_rt_4-3778  [005] dn.3  1195.724303: rtg_try_acquire_lock: rtg_preemptee: comm=tau_rt_3 rtgid=1002 tgid=3766 pid=3777 prio=94
       deepPicar-3769  [000] dn.3  1195.724314: rtg_try_acquire_lock: rtg_block: comm=deepPicar rtgid=1002 tgid=3762 pid=3769 prio=94
        tau_rt_4-3761  [000] ...1  1195.724451: tracing_mark_write: gid=1001: job_start
       deepPicar-3731  [004] d..3  1195.744567: rtg_try_acquire_lock: rtg_block: comm=tau_rt_3 rtgid=1002 tgid=3766 pid=3777 prio=94
       deepPicar-3732  [005] d..3  1195.744571: rtg_try_acquire_lock: rtg_block: comm=tau_rt_4 rtgid=1002 tgid=3767 pid=3778 prio=94
       deepPicar-3730  [003] d..3  1195.744574: rtg_try_acquire_lock: rtg_block: comm=tau_rt_2 rtgid=1002 tgid=3765 pid=3779 prio=94
        tau_rt_4-3761  [000] d..3  1195.744633: rtg_try_release_lock: rtg_release: comm=tau_rt_4 rtgid=1001 tgid=3727 pid=3761 prio=93
          <idle>-0     [004] dn.3  1195.744636: rtg_try_acquire_lock: rtg_acquire: comm=tau_rt_3 rtgid=1002 tgid=3766 pid=3777 prio=94
       deepPicar-3762  [000] ...1  1195.769467: tracing_mark_write: gid=1002: job_start
        tau_rt_4-3778  [005] dn.3  1195.774302: rtg_try_acquire_lock: rtg_preemptor: comm=deepPicar rtgid=1001 tgid=3732 pid=3732 prio=93
        tau_rt_4-3778  [005] dn.3  1195.774304: rtg_try_acquire_lock: rtg_preemptee: comm=tau_rt_3 rtgid=1002 tgid=3766 pid=3777 prio=94
       deepPicar-3769  [000] dn.3  1195.774315: rtg_try_acquire_lock: rtg_block: comm=deepPicar rtgid=1002 tgid=3762 pid=3769 prio=94
        tau_rt_4-3761  [000] ...1  1195.774451: tracing_mark_write: gid=1001: job_start
       deepPicar-3732  [005] d..3  1195.794580: rtg_try_release_lock: rtg_release: comm=deepPicar rtgid=1001 tgid=3732 pid=3732 prio=93
       deepPicar-3730  [003] d..3  1195.794584: rtg_try_acquire_lock: rtg_acquire: comm=tau_rt_2 rtgid=1002 tgid=3765 pid=3779 prio=94
       deepPicar-3762  [000] ...1  1195.823866: tracing_mark_write: gid=1002: job_start
        tau_rt_3-3777  [004] dn.3  1195.824296: rtg_try_acquire_lock: rtg_preemptor: comm=deepPicar rtgid=1001 tgid=3731 pid=3731 prio=93
        tau_rt_3-3777  [004] dn.3  1195.824300: rtg_try_acquire_lock: rtg_preemptee: comm=tau_rt_2 rtgid=1002 tgid=3765 pid=3779 prio=94
       deepPicar-3762  [000] dn.3  1195.824308: rtg_try_acquire_lock: rtg_block: comm=deepPicar rtgid=1002 tgid=3762 pid=3762 prio=94
        tau_rt_4-3761  [000] ...1  1195.824448: tracing_mark_write: gid=1001: job_start
       deepPicar-3731  [004] d..3  1195.844548: rtg_try_acquire_lock: rtg_block: comm=tau_rt_3 rtgid=1002 tgid=3766 pid=3777 prio=94
       deepPicar-3730  [003] d..3  1195.844552: rtg_try_acquire_lock: rtg_block: comm=tau_rt_2 rtgid=1002 tgid=3765 pid=3779 prio=94
       deepPicar-3732  [005] d..3  1195.844555: rtg_try_acquire_lock: rtg_block: comm=tau_rt_4 rtgid=1002 tgid=3767 pid=3778 prio=94
        tau_rt_4-3761  [000] d..3  1195.844727: rtg_try_release_lock: rtg_release: comm=tau_rt_4 rtgid=1001 tgid=3727 pid=3761 prio=93
          <idle>-0     [005] dn.3  1195.844730: rtg_try_acquire_lock: rtg_acquire: comm=tau_rt_4 rtgid=1002 tgid=3767 pid=3778 prio=94
       deepPicar-3762  [000] ...1  1195.872302: tracing_mark_write: gid=1002: job_start
        tau_rt_3-3777  [004] dn.3  1195.874295: rtg_try_acquire_lock: rtg_preemptor: comm=deepPicar rtgid=1001 tgid=3731 pid=3731 prio=93
        tau_rt_3-3777  [004] dn.3  1195.874297: rtg_try_acquire_lock: rtg_preemptee: comm=tau_rt_4 rtgid=1002 tgid=3767 pid=3778 prio=94
       deepPicar-3772  [000] dn.3  1195.874305: rtg_try_acquire_lock: rtg_block: comm=deepPicar rtgid=1002 tgid=3762 pid=3772 prio=94
        tau_rt_4-3761  [000] ...1  1195.874450: tracing_mark_write: gid=1001: job_start
       deepPicar-3730  [003] d..3  1195.894461: rtg_try_acquire_lock: rtg_block: comm=tau_rt_2 rtgid=1002 tgid=3765 pid=3779 prio=94
       deepPicar-3732  [005] d..3  1195.894466: rtg_try_acquire_lock: rtg_block: comm=tau_rt_4 rtgid=1002 tgid=3767 pid=3778 prio=94
       deepPicar-3731  [004] d..3  1195.894469: rtg_try_acquire_lock: rtg_block: comm=tau_rt_3 rtgid=1002 tgid=3766 pid=3777 prio=94
        tau_rt_4-3761  [000] d..3  1195.894585: rtg_try_release_lock: rtg_release: comm=tau_rt_4 rtgid=1001 tgid=3727 pid=3761 prio=93
          <idle>-0     [004] dn.3  1195.894588: rtg_try_acquire_lock: rtg_acquire: comm=tau_rt_3 rtgid=1002 tgid=3766 pid=3777 prio=94
       deepPicar-3762  [000] ...1  1195.920835: tracing_mark_write: gid=1002: job_start
        tau_rt_3-3777  [004] dn.3  1195.924297: rtg_try_acquire_lock: rtg_preemptor: comm=deepPicar rtgid=1001 tgid=3731 pid=3731 prio=93
        tau_rt_3-3777  [004] dn.3  1195.924299: rtg_try_acquire_lock: rtg_preemptee: comm=tau_rt_3 rtgid=1002 tgid=3766 pid=3777 prio=94
       deepPicar-3769  [000] dn.3  1195.924311: rtg_try_acquire_lock: rtg_block: comm=deepPicar rtgid=1002 tgid=3762 pid=3769 prio=94
        tau_rt_4-3761  [000] ...1  1195.924448: tracing_mark_write: gid=1001: job_start
       deepPicar-3730  [003] d..3  1195.944684: rtg_try_release_lock: rtg_release: comm=deepPicar rtgid=1001 tgid=3730 pid=3730 prio=93
       deepPicar-3731  [004] d..3  1195.944688: rtg_try_acquire_lock: rtg_acquire: comm=tau_rt_3 rtgid=1002 tgid=3766 pid=3777 prio=94
       deepPicar-3762  [000] ...1  1195.970278: tracing_mark_write: gid=1002: job_start
        tau_rt_4-3778  [005] dn.3  1195.974298: rtg_try_acquire_lock: rtg_preemptor: comm=deepPicar rtgid=1001 tgid=3732 pid=3732 prio=93
        tau_rt_4-3778  [005] dn.3  1195.974300: rtg_try_acquire_lock: rtg_preemptee: comm=tau_rt_3 rtgid=1002 tgid=3766 pid=3777 prio=94
       deepPicar-3769  [000] dn.3  1195.974313: rtg_try_acquire_lock: rtg_block: comm=deepPicar rtgid=1002 tgid=3762 pid=3769 prio=94
        tau_rt_4-3761  [000] ...1  1195.974452: tracing_mark_write: gid=1001: job_start
       deepPicar-3732  [005] d..3  1195.994572: rtg_try_acquire_lock: rtg_block: comm=tau_rt_4 rtgid=1002 tgid=3767 pid=3778 prio=94
       deepPicar-3731  [004] d..3  1195.994577: rtg_try_acquire_lock: rtg_block: comm=tau_rt_3 rtgid=1002 tgid=3766 pid=3777 prio=94
       deepPicar-3730  [003] d..3  1195.994580: rtg_try_acquire_lock: rtg_block: comm=tau_rt_2 rtgid=1002 tgid=3765 pid=3779 prio=94
        tau_rt_4-3761  [000] d..3  1195.994673: rtg_try_release_lock: rtg_release: comm=tau_rt_4 rtgid=1001 tgid=3727 pid=3761 prio=93
          <idle>-0     [003] dn.3  1195.994675: rtg_try_acquire_lock: rtg_acquire: comm=tau_rt_2 rtgid=1002 tgid=3765 pid=3779 prio=94
       deepPicar-3762  [000] ...1  1196.020065: tracing_mark_write: gid=1002: job_start
        tau_rt_4-3778  [005] dn.3  1196.024299: rtg_try_acquire_lock: rtg_preemptor: comm=deepPicar rtgid=1001 tgid=3732 pid=3732 prio=93
        tau_rt_4-3778  [005] dn.3  1196.024302: rtg_try_acquire_lock: rtg_preemptee: comm=tau_rt_2 rtgid=1002 tgid=3765 pid=3779 prio=94
       deepPicar-3769  [000] dn.3  1196.024312: rtg_try_acquire_lock: rtg_block: comm=deepPicar rtgid=1002 tgid=3762 pid=3769 prio=94
        tau_rt_4-3761  [000] ...1  1196.024449: tracing_mark_write: gid=1001: job_start
       deepPicar-3732  [005] d..3  1196.044560: rtg_try_acquire_lock: rtg_block: comm=tau_rt_4 rtgid=1002 tgid=3767 pid=3778 prio=94
       deepPicar-3731  [004] d..3  1196.044566: rtg_try_acquire_lock: rtg_block: comm=tau_rt_3 rtgid=1002 tgid=3766 pid=3777 prio=94
       deepPicar-3730  [003] d..3  1196.044569: rtg_try_acquire_lock: rtg_block: comm=tau_rt_2 rtgid=1002 tgid=3765 pid=3779 prio=94
        tau_rt_4-3761  [000] d..3  1196.044612: rtg_try_release_lock: rtg_release: comm=tau_rt_4 rtgid=1001 tgid=3727 pid=3761 prio=93
          <idle>-0     [005] dn.3  1196.044615: rtg_try_acquire_lock: rtg_acquire: comm=tau_rt_4 rtgid=1002 tgid=3767 pid=3778 prio=94
       deepPicar-3762  [000] ...1  1196.069314: tracing_mark_write: gid=1002: job_start
        tau_rt_3-3777  [004] dn.3  1196.074301: rtg_try_acquire_lock: rtg_preemptor: comm=deepPicar rtgid=1001 tgid=3731 pid=3731 prio=93
        tau_rt_3-3777  [004] dn.3  1196.074303: rtg_try_acquire_lock: rtg_preemptee: comm=tau_rt_4 rtgid=1002 tgid=3767 pid=3778 prio=94
       deepPicar-3769  [000] dn.3  1196.074316: rtg_try_acquire_lock: rtg_block: comm=deepPicar rtgid=1002 tgid=3762 pid=3769 prio=94
        tau_rt_4-3761  [000] ...1  1196.074450: tracing_mark_write: gid=1001: job_start
       deepPicar-3732  [005] d..3  1196.094475: rtg_try_acquire_lock: rtg_block: comm=tau_rt_4 rtgid=1002 tgid=3767 pid=3778 prio=94
       deepPicar-3730  [003] d..3  1196.094480: rtg_try_acquire_lock: rtg_block: comm=tau_rt_2 rtgid=1002 tgid=3765 pid=3779 prio=94
       deepPicar-3731  [004] d..3  1196.094483: rtg_try_acquire_lock: rtg_block: comm=tau_rt_3 rtgid=1002 tgid=3766 pid=3777 prio=94
        tau_rt_4-3761  [000] d..3  1196.094579: rtg_try_release_lock: rtg_release: comm=tau_rt_4 rtgid=1001 tgid=3727 pid=3761 prio=93
          <idle>-0     [003] dn.3  1196.094581: rtg_try_acquire_lock: rtg_acquire: comm=tau_rt_2 rtgid=1002 tgid=3765 pid=3779 prio=94
       deepPicar-3762  [000] ...1  1196.119149: tracing_mark_write: gid=1002: job_start
        tau_rt_3-3777  [004] dn.3  1196.124298: rtg_try_acquire_lock: rtg_preemptor: comm=deepPicar rtgid=1001 tgid=3731 pid=3731 prio=93
        tau_rt_3-3777  [004] dn.3  1196.124301: rtg_try_acquire_lock: rtg_preemptee: comm=tau_rt_2 rtgid=1002 tgid=3765 pid=3779 prio=94
       deepPicar-3769  [000] dn.3  1196.124311: rtg_try_acquire_lock: rtg_block: comm=deepPicar rtgid=1002 tgid=3762 pid=3769 prio=94
        tau_rt_4-3761  [000] ...1  1196.124449: tracing_mark_write: gid=1001: job_start
       deepPicar-3732  [005] d..3  1196.144502: rtg_try_acquire_lock: rtg_block: comm=tau_rt_4 rtgid=1002 tgid=3767 pid=3778 prio=94
       deepPicar-3731  [004] d..3  1196.144506: rtg_try_acquire_lock: rtg_block: comm=tau_rt_3 rtgid=1002 tgid=3766 pid=3777 prio=94
       deepPicar-3730  [003] d..3  1196.144509: rtg_try_acquire_lock: rtg_block: comm=tau_rt_2 rtgid=1002 tgid=3765 pid=3779 prio=94
        tau_rt_4-3761  [000] d..3  1196.144576: rtg_try_release_lock: rtg_release: comm=tau_rt_4 rtgid=1001 tgid=3727 pid=3761 prio=93
          <idle>-0     [004] dn.3  1196.144579: rtg_try_acquire_lock: rtg_acquire: comm=tau_rt_3 rtgid=1002 tgid=3766 pid=3777 prio=94
       deepPicar-3762  [000] ...1  1196.169343: tracing_mark_write: gid=1002: job_start
        tau_rt_4-3778  [005] dn.3  1196.174301: rtg_try_acquire_lock: rtg_preemptor: comm=deepPicar rtgid=1001 tgid=3732 pid=3732 prio=93
        tau_rt_4-3778  [005] dn.3  1196.174304: rtg_try_acquire_lock: rtg_preemptee: comm=tau_rt_3 rtgid=1002 tgid=3766 pid=3777 prio=94
       deepPicar-3769  [000] dn.3  1196.174316: rtg_try_acquire_lock: rtg_block: comm=deepPicar rtgid=1002 tgid=3762 pid=3769 prio=94
        tau_rt_4-3761  [000] ...1  1196.174453: tracing_mark_write: gid=1001: job_start
       deepPicar-3731  [004] d..3  1196.194430: rtg_try_acquire_lock: rtg_block: comm=tau_rt_3 rtgid=1002 tgid=3766 pid=3777 prio=94
       deepPicar-3732  [005] d..3  1196.194434: rtg_try_acquire_lock: rtg_block: comm=tau_rt_4 rtgid=1002 tgid=3767 pid=3778 prio=94
       deepPicar-3730  [003] d..3  1196.194437: rtg_try_acquire_lock: rtg_block: comm=tau_rt_2 rtgid=1002 tgid=3765 pid=3779 prio=94
        tau_rt_4-3761  [000] d..3  1196.194671: rtg_try_release_lock: rtg_release: comm=tau_rt_4 rtgid=1001 tgid=3727 pid=3761 prio=93
          <idle>-0     [004] dn.3  1196.194674: rtg_try_acquire_lock: rtg_acquire: comm=tau_rt_3 rtgid=1002 tgid=3766 pid=3777 prio=94
       deepPicar-3762  [000] ...1  1196.219537: tracing_mark_write: gid=1002: job_start
        tau_rt_3-3777  [004] dn.3  1196.224298: rtg_try_acquire_lock: rtg_preemptor: comm=deepPicar rtgid=1001 tgid=3731 pid=3731 prio=93
        tau_rt_3-3777  [004] dn.3  1196.224300: rtg_try_acquire_lock: rtg_preemptee: comm=tau_rt_3 rtgid=1002 tgid=3766 pid=3777 prio=94
       deepPicar-3769  [000] dn.3  1196.224310: rtg_try_acquire_lock: rtg_block: comm=deepPicar rtgid=1002 tgid=3762 pid=3769 prio=94
        tau_rt_4-3761  [000] ...1  1196.224450: tracing_mark_write: gid=1001: job_start
       deepPicar-3732  [005] d..3  1196.244469: rtg_try_acquire_lock: rtg_block: comm=tau_rt_4 rtgid=1002 tgid=3767 pid=3778 prio=94
       deepPicar-3731  [004] d..3  1196.244473: rtg_try_acquire_lock: rtg_block: comm=tau_rt_3 rtgid=1002 tgid=3766 pid=3777 prio=94
       deepPicar-3730  [003] d..3  1196.244476: rtg_try_acquire_lock: rtg_block: comm=tau_rt_2 rtgid=1002 tgid=3765 pid=3779 prio=94
        tau_rt_4-3761  [000] d..3  1196.244634: rtg_try_release_lock: rtg_release: comm=tau_rt_4 rtgid=1001 tgid=3727 pid=3761 prio=93
          <idle>-0     [005] dn.3  1196.244637: rtg_try_acquire_lock: rtg_acquire: comm=tau_rt_4 rtgid=1002 tgid=3767 pid=3778 prio=94
       deepPicar-3762  [000] ...1  1196.269423: tracing_mark_write: gid=1002: job_start
        tau_rt_4-3778  [005] dn.3  1196.274301: rtg_try_acquire_lock: rtg_preemptor: comm=deepPicar rtgid=1001 tgid=3732 pid=3732 prio=93
        tau_rt_4-3778  [005] dn.3  1196.274303: rtg_try_acquire_lock: rtg_preemptee: comm=tau_rt_4 rtgid=1002 tgid=3767 pid=3778 prio=94
       deepPicar-3769  [000] dn.3  1196.274316: rtg_try_acquire_lock: rtg_block: comm=deepPicar rtgid=1002 tgid=3762 pid=3769 prio=94
        tau_rt_4-3761  [000] ...1  1196.274451: tracing_mark_write: gid=1001: job_start
       deepPicar-3732  [005] d..3  1196.294526: rtg_try_acquire_lock: rtg_block: comm=tau_rt_4 rtgid=1002 tgid=3767 pid=3778 prio=94
       deepPicar-3731  [004] d..3  1196.294530: rtg_try_acquire_lock: rtg_block: comm=tau_rt_3 rtgid=1002 tgid=3766 pid=3777 prio=94
       deepPicar-3730  [003] d..3  1196.294533: rtg_try_acquire_lock: rtg_block: comm=tau_rt_2 rtgid=1002 tgid=3765 pid=3779 prio=94
        tau_rt_4-3761  [000] d..3  1196.294662: rtg_try_release_lock: rtg_release: comm=tau_rt_4 rtgid=1001 tgid=3727 pid=3761 prio=93
          <idle>-0     [003] dn.3  1196.294665: rtg_try_acquire_lock: rtg_acquire: comm=tau_rt_2 rtgid=1002 tgid=3765 pid=3779 prio=94
       deepPicar-3762  [000] ...1  1196.319648: tracing_mark_write: gid=1002: job_start
        tau_rt_3-3777  [004] dn.3  1196.324300: rtg_try_acquire_lock: rtg_preemptor: comm=deepPicar rtgid=1001 tgid=3731 pid=3731 prio=93
        tau_rt_3-3777  [004] dn.3  1196.324302: rtg_try_acquire_lock: rtg_preemptee: comm=tau_rt_2 rtgid=1002 tgid=3765 pid=3779 prio=94
       deepPicar-3769  [000] dn.3  1196.324312: rtg_try_acquire_lock: rtg_block: comm=deepPicar rtgid=1002 tgid=3762 pid=3769 prio=94
        tau_rt_4-3761  [000] ...1  1196.324447: tracing_mark_write: gid=1001: job_start
       deepPicar-3732  [005] d..3  1196.344568: rtg_try_acquire_lock: rtg_block: comm=tau_rt_4 rtgid=1002 tgid=3767 pid=3778 prio=94
       deepPicar-3731  [004] d..3  1196.344573: rtg_try_acquire_lock: rtg_block: comm=tau_rt_3 rtgid=1002 tgid=3766 pid=3777 prio=94
       deepPicar-3730  [003] d..3  1196.344576: rtg_try_acquire_lock: rtg_block: comm=tau_rt_2 rtgid=1002 tgid=3765 pid=3779 prio=94
        tau_rt_4-3761  [000] d..3  1196.344627: rtg_try_release_lock: rtg_release: comm=tau_rt_4 rtgid=1001 tgid=3727 pid=3761 prio=93
          <idle>-0     [004] dn.3  1196.344630: rtg_try_acquire_lock: rtg_acquire: comm=tau_rt_3 rtgid=1002 tgid=3766 pid=3777 prio=94
       deepPicar-3762  [000] ...1  1196.369746: tracing_mark_write: gid=1002: job_start
        tau_rt_3-3777  [004] dn.3  1196.374300: rtg_try_acquire_lock: rtg_preemptor: comm=deepPicar rtgid=1001 tgid=3731 pid=3731 prio=93
        tau_rt_3-3777  [004] dn.3  1196.374302: rtg_try_acquire_lock: rtg_preemptee: comm=tau_rt_3 rtgid=1002 tgid=3766 pid=3777 prio=94
       deepPicar-3769  [000] dn.3  1196.374314: rtg_try_acquire_lock: rtg_block: comm=deepPicar rtgid=1002 tgid=3762 pid=3769 prio=94
        tau_rt_4-3761  [000] ...1  1196.374453: tracing_mark_write: gid=1001: job_start
       deepPicar-3730  [003] d..3  1196.394610: rtg_try_release_lock: rtg_release: comm=deepPicar rtgid=1001 tgid=3730 pid=3730 prio=93
       deepPicar-3732  [005] d..3  1196.394614: rtg_try_acquire_lock: rtg_acquire: comm=tau_rt_4 rtgid=1002 tgid=3767 pid=3778 prio=94
       deepPicar-3762  [000] ...1  1196.419563: tracing_mark_write: gid=1002: job_start
        tau_rt_3-3777  [004] dn.3  1196.424297: rtg_try_acquire_lock: rtg_preemptor: comm=deepPicar rtgid=1001 tgid=3731 pid=3731 prio=93
        tau_rt_3-3777  [004] dn.3  1196.424300: rtg_try_acquire_lock: rtg_preemptee: comm=tau_rt_4 rtgid=1002 tgid=3767 pid=3778 prio=94
       deepPicar-3769  [000] dn.3  1196.424310: rtg_try_acquire_lock: rtg_block: comm=deepPicar rtgid=1002 tgid=3762 pid=3769 prio=94
        tau_rt_4-3761  [000] ...1  1196.424448: tracing_mark_write: gid=1001: job_start
       deepPicar-3731  [004] d..3  1196.444528: rtg_try_acquire_lock: rtg_block: comm=tau_rt_3 rtgid=1002 tgid=3766 pid=3777 prio=94
       deepPicar-3732  [005] d..3  1196.444533: rtg_try_acquire_lock: rtg_block: comm=tau_rt_4 rtgid=1002 tgid=3767 pid=3778 prio=94
       deepPicar-3730  [003] d..3  1196.444536: rtg_try_acquire_lock: rtg_block: comm=tau_rt_2 rtgid=1002 tgid=3765 pid=3779 prio=94
        tau_rt_4-3761  [000] d..3  1196.444558: rtg_try_release_lock: rtg_release: comm=tau_rt_4 rtgid=1001 tgid=3727 pid=3761 prio=93
          <idle>-0     [005] dn.3  1196.444561: rtg_try_acquire_lock: rtg_acquire: comm=tau_rt_4 rtgid=1002 tgid=3767 pid=3778 prio=94
       deepPicar-3769  [000] d..3  1196.463590: rtg_try_release_lock: rtg_release: comm=deepPicar rtgid=1002 tgid=3762 pid=3769 prio=94
       deepPicar-3769  [000] d..3  1196.463593: rtg_try_acquire_lock: rtg_acquire: comm=deepPicar rtgid=1002 tgid=3762 pid=3762 prio=94
       deepPicar-3762  [000] ...1  1196.463710: tracing_mark_write: gid=1002: job_start
       deepPicar-3762  [000] d..3  1196.464871: rtg_try_release_lock: rtg_release: comm=deepPicar rtgid=1002 tgid=3762 pid=3762 prio=94
       deepPicar-3762  [000] d..3  1196.464875: rtg_try_acquire_lock: rtg_acquire: comm=deepPicar rtgid=1002 tgid=3762 pid=3772 prio=94
       deepPicar-3772  [000] d..3  1196.465662: rtg_try_release_lock: rtg_release: comm=deepPicar rtgid=1002 tgid=3762 pid=3772 prio=94
       deepPicar-3772  [000] d..3  1196.465664: rtg_try_acquire_lock: rtg_acquire: comm=deepPicar rtgid=1002 tgid=3762 pid=3769 prio=94
        tau_rt_3-3777  [004] dn.3  1196.474301: rtg_try_acquire_lock: rtg_preemptor: comm=deepPicar rtgid=1001 tgid=3731 pid=3731 prio=93
        tau_rt_3-3777  [004] dn.3  1196.474303: rtg_try_acquire_lock: rtg_preemptee: comm=deepPicar rtgid=1002 tgid=3762 pid=3769 prio=94
       deepPicar-3769  [000] dn.3  1196.474313: rtg_try_acquire_lock: rtg_block: comm=deepPicar rtgid=1002 tgid=3762 pid=3769 prio=94
        tau_rt_4-3761  [000] ...1  1196.474447: tracing_mark_write: gid=1001: job_start
       deepPicar-3732  [005] d..3  1196.494571: rtg_try_acquire_lock: rtg_block: comm=tau_rt_4 rtgid=1002 tgid=3767 pid=3778 prio=94
       deepPicar-3730  [003] d..3  1196.494576: rtg_try_acquire_lock: rtg_block: comm=tau_rt_2 rtgid=1002 tgid=3765 pid=3779 prio=94
       deepPicar-3731  [004] d..3  1196.494579: rtg_try_acquire_lock: rtg_block: comm=tau_rt_3 rtgid=1002 tgid=3766 pid=3777 prio=94
        tau_rt_4-3761  [000] d..3  1196.494625: rtg_try_release_lock: rtg_release: comm=tau_rt_4 rtgid=1001 tgid=3727 pid=3761 prio=93
          <idle>-0     [003] dn.3  1196.494627: rtg_try_acquire_lock: rtg_acquire: comm=tau_rt_2 rtgid=1002 tgid=3765 pid=3779 prio=94
       deepPicar-3762  [000] ...1  1196.513493: tracing_mark_write: gid=1002: job_start
        tau_rt_3-3777  [004] dn.3  1196.524299: rtg_try_acquire_lock: rtg_preemptor: comm=deepPicar rtgid=1001 tgid=3731 pid=3731 prio=93
        tau_rt_3-3777  [004] dn.3  1196.524302: rtg_try_acquire_lock: rtg_preemptee: comm=tau_rt_2 rtgid=1002 tgid=3765 pid=3779 prio=94
       deepPicar-3769  [000] dn.3  1196.524312: rtg_try_acquire_lock: rtg_block: comm=deepPicar rtgid=1002 tgid=3762 pid=3769 prio=94
        tau_rt_4-3761  [000] ...1  1196.524448: tracing_mark_write: gid=1001: job_start
       deepPicar-3732  [005] d..3  1196.544518: rtg_try_acquire_lock: rtg_block: comm=tau_rt_4 rtgid=1002 tgid=3767 pid=3778 prio=94
       deepPicar-3730  [003] d..3  1196.544523: rtg_try_acquire_lock: rtg_block: comm=tau_rt_2 rtgid=1002 tgid=3765 pid=3779 prio=94
       deepPicar-3731  [004] d..3  1196.544526: rtg_try_acquire_lock: rtg_block: comm=tau_rt_3 rtgid=1002 tgid=3766 pid=3777 prio=94
        tau_rt_4-3761  [000] d..3  1196.544593: rtg_try_release_lock: rtg_release: comm=tau_rt_4 rtgid=1001 tgid=3727 pid=3761 prio=93
          <idle>-0     [004] dn.3  1196.544596: rtg_try_acquire_lock: rtg_acquire: comm=tau_rt_3 rtgid=1002 tgid=3766 pid=3777 prio=94
       deepPicar-3762  [000] ...1  1196.565758: tracing_mark_write: gid=1002: job_start
        tau_rt_4-3778  [005] dn.3  1196.574303: rtg_try_acquire_lock: rtg_preemptor: comm=deepPicar rtgid=1001 tgid=3732 pid=3732 prio=93
        tau_rt_4-3778  [005] dn.3  1196.574305: rtg_try_acquire_lock: rtg_preemptee: comm=tau_rt_3 rtgid=1002 tgid=3766 pid=3777 prio=94
       deepPicar-3769  [000] dn.3  1196.574319: rtg_try_acquire_lock: rtg_block: comm=deepPicar rtgid=1002 tgid=3762 pid=3769 prio=94
        tau_rt_4-3761  [000] ...1  1196.574452: tracing_mark_write: gid=1001: job_start
       deepPicar-3732  [005] d..3  1196.594512: rtg_try_acquire_lock: rtg_block: comm=tau_rt_4 rtgid=1002 tgid=3767 pid=3778 prio=94
       deepPicar-3731  [004] d..3  1196.594516: rtg_try_acquire_lock: rtg_block: comm=tau_rt_3 rtgid=1002 tgid=3766 pid=3777 prio=94
       deepPicar-3730  [003] d..3  1196.594519: rtg_try_acquire_lock: rtg_block: comm=tau_rt_2 rtgid=1002 tgid=3765 pid=3779 prio=94
        tau_rt_4-3761  [000] d..3  1196.594610: rtg_try_release_lock: rtg_release: comm=tau_rt_4 rtgid=1001 tgid=3727 pid=3761 prio=93
          <idle>-0     [004] dn.3  1196.594613: rtg_try_acquire_lock: rtg_acquire: comm=tau_rt_3 rtgid=1002 tgid=3766 pid=3777 prio=94
       deepPicar-3762  [000] ...1  1196.617763: tracing_mark_write: gid=1002: job_start
        tau_rt_4-3778  [005] dn.3  1196.624299: rtg_try_acquire_lock: rtg_preemptor: comm=deepPicar rtgid=1001 tgid=3732 pid=3732 prio=93
        tau_rt_4-3778  [005] dn.3  1196.624302: rtg_try_acquire_lock: rtg_preemptee: comm=tau_rt_3 rtgid=1002 tgid=3766 pid=3777 prio=94
       deepPicar-3769  [000] dn.3  1196.624312: rtg_try_acquire_lock: rtg_block: comm=deepPicar rtgid=1002 tgid=3762 pid=3769 prio=94
        tau_rt_4-3761  [000] ...1  1196.624449: tracing_mark_write: gid=1001: job_start
       deepPicar-3731  [004] d..3  1196.644398: rtg_try_acquire_lock: rtg_block: comm=tau_rt_3 rtgid=1002 tgid=3766 pid=3777 prio=94
       deepPicar-3730  [003] d..3  1196.644403: rtg_try_acquire_lock: rtg_block: comm=tau_rt_2 rtgid=1002 tgid=3765 pid=3779 prio=94
       deepPicar-3732  [005] d..3  1196.644407: rtg_try_acquire_lock: rtg_block: comm=tau_rt_4 rtgid=1002 tgid=3767 pid=3778 prio=94
        tau_rt_4-3761  [000] d..3  1196.644575: rtg_try_release_lock: rtg_release: comm=tau_rt_4 rtgid=1001 tgid=3727 pid=3761 prio=93
          <idle>-0     [005] dn.3  1196.644578: rtg_try_acquire_lock: rtg_acquire: comm=tau_rt_4 rtgid=1002 tgid=3767 pid=3778 prio=94
       deepPicar-3762  [000] ...1  1196.669620: tracing_mark_write: gid=1002: job_start
        tau_rt_4-3778  [005] dn.3  1196.674300: rtg_try_acquire_lock: rtg_preemptor: comm=deepPicar rtgid=1001 tgid=3732 pid=3732 prio=93
        tau_rt_4-3778  [005] dn.3  1196.674302: rtg_try_acquire_lock: rtg_preemptee: comm=tau_rt_4 rtgid=1002 tgid=3767 pid=3778 prio=94
       deepPicar-3769  [000] dn.3  1196.674315: rtg_try_acquire_lock: rtg_block: comm=deepPicar rtgid=1002 tgid=3762 pid=3769 prio=94
        tau_rt_4-3761  [000] ...1  1196.674452: tracing_mark_write: gid=1001: job_start
       deepPicar-3732  [005] d..3  1196.694556: rtg_try_acquire_lock: rtg_block: comm=tau_rt_4 rtgid=1002 tgid=3767 pid=3778 prio=94
       deepPicar-3731  [004] d..3  1196.694560: rtg_try_acquire_lock: rtg_block: comm=tau_rt_3 rtgid=1002 tgid=3766 pid=3777 prio=94
       deepPicar-3730  [003] d..3  1196.694563: rtg_try_acquire_lock: rtg_block: comm=tau_rt_2 rtgid=1002 tgid=3765 pid=3779 prio=94
        tau_rt_4-3761  [000] d..3  1196.694660: rtg_try_release_lock: rtg_release: comm=tau_rt_4 rtgid=1001 tgid=3727 pid=3761 prio=93
          <idle>-0     [004] dn.3  1196.694662: rtg_try_acquire_lock: rtg_acquire: comm=tau_rt_3 rtgid=1002 tgid=3766 pid=3777 prio=94
       deepPicar-3762  [000] ...1  1196.721564: tracing_mark_write: gid=1002: job_start
        tau_rt_3-3777  [004] dn.3  1196.724297: rtg_try_acquire_lock: rtg_preemptor: comm=deepPicar rtgid=1001 tgid=3731 pid=3731 prio=93
        tau_rt_3-3777  [004] dn.3  1196.724300: rtg_try_acquire_lock: rtg_preemptee: comm=tau_rt_3 rtgid=1002 tgid=3766 pid=3777 prio=94
       deepPicar-3771  [000] dn.3  1196.724309: rtg_try_acquire_lock: rtg_block: comm=deepPicar rtgid=1002 tgid=3762 pid=3771 prio=94
        tau_rt_4-3761  [000] ...1  1196.724450: tracing_mark_write: gid=1001: job_start
       deepPicar-3732  [005] d..3  1196.744543: rtg_try_acquire_lock: rtg_block: comm=tau_rt_4 rtgid=1002 tgid=3767 pid=3778 prio=94
       deepPicar-3731  [004] d..3  1196.744547: rtg_try_acquire_lock: rtg_block: comm=tau_rt_3 rtgid=1002 tgid=3766 pid=3777 prio=94
       deepPicar-3730  [003] d..3  1196.744550: rtg_try_acquire_lock: rtg_block: comm=tau_rt_2 rtgid=1002 tgid=3765 pid=3779 prio=94
        tau_rt_4-3761  [000] d..3  1196.744617: rtg_try_release_lock: rtg_release: comm=tau_rt_4 rtgid=1001 tgid=3727 pid=3761 prio=93
          <idle>-0     [004] dn.3  1196.744620: rtg_try_acquire_lock: rtg_acquire: comm=tau_rt_3 rtgid=1002 tgid=3766 pid=3777 prio=94
       deepPicar-3762  [000] ...1  1196.770996: tracing_mark_write: gid=1002: job_start
        tau_rt_3-3777  [004] dn.3  1196.774297: rtg_try_acquire_lock: rtg_preemptor: comm=deepPicar rtgid=1001 tgid=3731 pid=3731 prio=93
        tau_rt_3-3777  [004] dn.3  1196.774299: rtg_try_acquire_lock: rtg_preemptee: comm=tau_rt_3 rtgid=1002 tgid=3766 pid=3777 prio=94
       deepPicar-3769  [000] dn.3  1196.774309: rtg_try_acquire_lock: rtg_block: comm=deepPicar rtgid=1002 tgid=3762 pid=3769 prio=94
        tau_rt_4-3761  [000] ...1  1196.774451: tracing_mark_write: gid=1001: job_start
       deepPicar-3731  [004] d..3  1196.794479: rtg_try_acquire_lock: rtg_block: comm=tau_rt_3 rtgid=1002 tgid=3766 pid=3777 prio=94
       deepPicar-3732  [005] d..3  1196.794483: rtg_try_acquire_lock: rtg_block: comm=tau_rt_4 rtgid=1002 tgid=3767 pid=3778 prio=94
       deepPicar-3730  [003] d..3  1196.794486: rtg_try_acquire_lock: rtg_block: comm=tau_rt_2 rtgid=1002 tgid=3765 pid=3779 prio=94
        tau_rt_4-3761  [000] d..3  1196.794659: rtg_try_release_lock: rtg_release: comm=tau_rt_4 rtgid=1001 tgid=3727 pid=3761 prio=93
          <idle>-0     [004] dn.3  1196.794662: rtg_try_acquire_lock: rtg_acquire: comm=tau_rt_3 rtgid=1002 tgid=3766 pid=3777 prio=94
       deepPicar-3762  [000] ...1  1196.820511: tracing_mark_write: gid=1002: job_start
        tau_rt_3-3777  [004] dn.3  1196.824298: rtg_try_acquire_lock: rtg_preemptor: comm=deepPicar rtgid=1001 tgid=3731 pid=3731 prio=93
        tau_rt_3-3777  [004] dn.3  1196.824301: rtg_try_acquire_lock: rtg_preemptee: comm=tau_rt_3 rtgid=1002 tgid=3766 pid=3777 prio=94
       deepPicar-3769  [000] dn.3  1196.824310: rtg_try_acquire_lock: rtg_block: comm=deepPicar rtgid=1002 tgid=3762 pid=3769 prio=94
        tau_rt_4-3761  [000] ...1  1196.824450: tracing_mark_write: gid=1001: job_start
       deepPicar-3731  [004] d..3  1196.844569: rtg_try_acquire_lock: rtg_block: comm=tau_rt_3 rtgid=1002 tgid=3766 pid=3777 prio=94
       deepPicar-3732  [005] d..3  1196.844573: rtg_try_acquire_lock: rtg_block: comm=tau_rt_4 rtgid=1002 tgid=3767 pid=3778 prio=94
       deepPicar-3730  [003] d..3  1196.844576: rtg_try_acquire_lock: rtg_block: comm=tau_rt_2 rtgid=1002 tgid=3765 pid=3779 prio=94
        tau_rt_4-3761  [000] d..3  1196.844652: rtg_try_release_lock: rtg_release: comm=tau_rt_4 rtgid=1001 tgid=3727 pid=3761 prio=93
          <idle>-0     [003] dn.3  1196.844654: rtg_try_acquire_lock: rtg_acquire: comm=tau_rt_2 rtgid=1002 tgid=3765 pid=3779 prio=94
       deepPicar-3762  [000] ...1  1196.870134: tracing_mark_write: gid=1002: job_start
        tau_rt_4-3778  [005] dn.3  1196.874300: rtg_try_acquire_lock: rtg_preemptor: comm=deepPicar rtgid=1001 tgid=3732 pid=3732 prio=93
        tau_rt_4-3778  [005] dn.3  1196.874303: rtg_try_acquire_lock: rtg_preemptee: comm=tau_rt_2 rtgid=1002 tgid=3765 pid=3779 prio=94
       deepPicar-3769  [000] dn.3  1196.874317: rtg_try_acquire_lock: rtg_block: comm=deepPicar rtgid=1002 tgid=3762 pid=3769 prio=94
        tau_rt_4-3761  [000] ...1  1196.874452: tracing_mark_write: gid=1001: job_start
       deepPicar-3731  [004] d..3  1196.894543: rtg_try_acquire_lock: rtg_block: comm=tau_rt_3 rtgid=1002 tgid=3766 pid=3777 prio=94
       deepPicar-3730  [003] d..3  1196.894547: rtg_try_acquire_lock: rtg_block: comm=tau_rt_2 rtgid=1002 tgid=3765 pid=3779 prio=94
       deepPicar-3732  [005] d..3  1196.894550: rtg_try_acquire_lock: rtg_block: comm=tau_rt_4 rtgid=1002 tgid=3767 pid=3778 prio=94
