        tau_rt_2-3704  [003] dn.3  1114.760820: rtg_try_acquire_lock: rtg_block: comm=tau_rt_2 rtgid=1002 tgid=3701 pid=3704 prio=94
       deepPicar-3668  [005] d..3  1114.760918: rtg_try_release_lock: rtg_release: comm=deepPicar rtgid=1001 tgid=3668 pid=3668 prio=93
          <idle>-0     [000] dn.3  1114.760920: rtg_try_acquire_lock: rtg_acquire: comm=deepPicar rtgid=1002 tgid=3698 pid=3708 prio=94
       deepPicar-3708  [000] dn.3  1114.775621: rtg_try_acquire_lock: rtg_preemptor: comm=tau_rt_4 rtgid=1001 tgid=3663 pid=3670 prio=93
       deepPicar-3708  [000] dn.3  1114.775625: rtg_try_acquire_lock: rtg_preemptee: comm=deepPicar rtgid=1002 tgid=3698 pid=3708 prio=94
        tau_rt_2-3704  [003] dn.3  1114.775636: rtg_try_acquire_lock: rtg_block: comm=tau_rt_2 rtgid=1002 tgid=3701 pid=3704 prio=94
        tau_rt_3-3705  [004] dn.3  1114.775639: rtg_try_acquire_lock: rtg_block: comm=tau_rt_3 rtgid=1002 tgid=3702 pid=3705 prio=94
        tau_rt_4-3706  [005] dn.3  1114.775641: rtg_try_acquire_lock: rtg_block: comm=tau_rt_4 rtgid=1002 tgid=3703 pid=3706 prio=94
        tau_rt_4-3670  [000] ...1  1114.775664: tracing_mark_write: gid=1001: job_start
        tau_rt_4-3670  [000] d..3  1114.796529: rtg_try_acquire_lock: rtg_block: comm=deepPicar rtgid=1002 tgid=3698 pid=3708 prio=94
       deepPicar-3676  [005] d..3  1114.810622: rtg_try_release_lock: rtg_release: comm=deepPicar rtgid=1001 tgid=3668 pid=3676 prio=93
          <idle>-0     [004] dn.3  1114.810626: rtg_try_acquire_lock: rtg_acquire: comm=tau_rt_3 rtgid=1002 tgid=3702 pid=3705 prio=94
       deepPicar-3676  [005] d..3  1114.810629: rtg_try_acquire_lock: rtg_preemptor: comm=deepPicar rtgid=1001 tgid=3668 pid=3668 prio=93
       deepPicar-3676  [005] d..3  1114.810630: rtg_try_acquire_lock: rtg_preemptee: comm=tau_rt_3 rtgid=1002 tgid=3702 pid=3705 prio=94
       deepPicar-3708  [000] dn.3  1114.810634: rtg_try_acquire_lock: rtg_block: comm=deepPicar rtgid=1002 tgid=3698 pid=3708 prio=94
        tau_rt_2-3704  [003] dn.3  1114.810637: rtg_try_acquire_lock: rtg_block: comm=tau_rt_2 rtgid=1002 tgid=3701 pid=3704 prio=94
        tau_rt_3-3705  [004] dn.3  1114.810639: rtg_try_acquire_lock: rtg_block: comm=tau_rt_3 rtgid=1002 tgid=3702 pid=3705 prio=94
       deepPicar-3668  [005] d..3  1114.810739: rtg_try_release_lock: rtg_release: comm=deepPicar rtgid=1001 tgid=3668 pid=3668 prio=93
          <idle>-0     [000] dn.3  1114.810741: rtg_try_acquire_lock: rtg_acquire: comm=deepPicar rtgid=1002 tgid=3698 pid=3708 prio=94
       deepPicar-3698  [000] ...1  1114.824163: tracing_mark_write: gid=1002: job_start
       deepPicar-3698  [000] dn.3  1114.825637: rtg_try_acquire_lock: rtg_preemptor: comm=tau_rt_4 rtgid=1001 tgid=3663 pid=3670 prio=93
       deepPicar-3698  [000] dn.3  1114.825641: rtg_try_acquire_lock: rtg_preemptee: comm=deepPicar rtgid=1002 tgid=3698 pid=3708 prio=94
        tau_rt_2-3704  [003] dn.3  1114.825653: rtg_try_acquire_lock: rtg_block: comm=tau_rt_2 rtgid=1002 tgid=3701 pid=3704 prio=94
        tau_rt_3-3705  [004] dn.3  1114.825656: rtg_try_acquire_lock: rtg_block: comm=tau_rt_3 rtgid=1002 tgid=3702 pid=3705 prio=94
        tau_rt_4-3706  [005] dn.3  1114.825658: rtg_try_acquire_lock: rtg_block: comm=tau_rt_4 rtgid=1002 tgid=3703 pid=3706 prio=94
        tau_rt_4-3670  [000] ...1  1114.825681: tracing_mark_write: gid=1001: job_start
        tau_rt_4-3670  [000] d..3  1114.846595: rtg_try_acquire_lock: rtg_block: comm=deepPicar rtgid=1002 tgid=3698 pid=3698 prio=94
       deepPicar-3676  [005] d..3  1114.860671: rtg_try_release_lock: rtg_release: comm=deepPicar rtgid=1001 tgid=3668 pid=3676 prio=93
          <idle>-0     [000] dn.3  1114.860674: rtg_try_acquire_lock: rtg_acquire: comm=deepPicar rtgid=1002 tgid=3698 pid=3698 prio=94
       deepPicar-3676  [005] d..3  1114.860677: rtg_try_acquire_lock: rtg_preemptor: comm=deepPicar rtgid=1001 tgid=3668 pid=3668 prio=93
       deepPicar-3676  [005] d..3  1114.860678: rtg_try_acquire_lock: rtg_preemptee: comm=deepPicar rtgid=1002 tgid=3698 pid=3698 prio=94
       deepPicar-3698  [000] dn.3  1114.860682: rtg_try_acquire_lock: rtg_block: comm=deepPicar rtgid=1002 tgid=3698 pid=3698 prio=94
        tau_rt_2-3704  [003] dn.3  1114.860685: rtg_try_acquire_lock: rtg_block: comm=tau_rt_2 rtgid=1002 tgid=3701 pid=3704 prio=94
        tau_rt_3-3705  [004] dn.3  1114.860687: rtg_try_acquire_lock: rtg_block: comm=tau_rt_3 rtgid=1002 tgid=3702 pid=3705 prio=94
       deepPicar-3668  [005] d..3  1114.860783: rtg_try_release_lock: rtg_release: comm=deepPicar rtgid=1001 tgid=3668 pid=3668 prio=93
          <idle>-0     [000] dn.3  1114.860785: rtg_try_acquire_lock: rtg_acquire: comm=deepPicar rtgid=1002 tgid=3698 pid=3698 prio=94
       deepPicar-3708  [000] dn.3  1114.875623: rtg_try_acquire_lock: rtg_preemptor: comm=tau_rt_4 rtgid=1001 tgid=3663 pid=3670 prio=93
       deepPicar-3708  [000] dn.3  1114.875628: rtg_try_acquire_lock: rtg_preemptee: comm=deepPicar rtgid=1002 tgid=3698 pid=3698 prio=94
        tau_rt_2-3704  [003] dn.3  1114.875641: rtg_try_acquire_lock: rtg_block: comm=tau_rt_2 rtgid=1002 tgid=3701 pid=3704 prio=94
        tau_rt_3-3705  [004] dn.3  1114.875643: rtg_try_acquire_lock: rtg_block: comm=tau_rt_3 rtgid=1002 tgid=3702 pid=3705 prio=94
        tau_rt_4-3706  [005] dn.3  1114.875646: rtg_try_acquire_lock: rtg_block: comm=tau_rt_4 rtgid=1002 tgid=3703 pid=3706 prio=94
        tau_rt_4-3670  [000] ...1  1114.875670: tracing_mark_write: gid=1001: job_start
        tau_rt_4-3670  [000] d..3  1114.896605: rtg_try_acquire_lock: rtg_block: comm=deepPicar rtgid=1002 tgid=3698 pid=3708 prio=94
       deepPicar-3676  [005] d..3  1114.910573: rtg_try_release_lock: rtg_release: comm=deepPicar rtgid=1001 tgid=3668 pid=3676 prio=93
          <idle>-0     [004] dn.3  1114.910577: rtg_try_acquire_lock: rtg_acquire: comm=tau_rt_3 rtgid=1002 tgid=3702 pid=3705 prio=94
       deepPicar-3676  [005] d..3  1114.910581: rtg_try_acquire_lock: rtg_preemptor: comm=deepPicar rtgid=1001 tgid=3668 pid=3668 prio=93
       deepPicar-3676  [005] d..3  1114.910582: rtg_try_acquire_lock: rtg_preemptee: comm=tau_rt_3 rtgid=1002 tgid=3702 pid=3705 prio=94
       deepPicar-3708  [000] dn.3  1114.910585: rtg_try_acquire_lock: rtg_block: comm=deepPicar rtgid=1002 tgid=3698 pid=3708 prio=94
        tau_rt_2-3704  [003] dn.3  1114.910588: rtg_try_acquire_lock: rtg_block: comm=tau_rt_2 rtgid=1002 tgid=3701 pid=3704 prio=94
        tau_rt_3-3705  [004] dn.3  1114.910590: rtg_try_acquire_lock: rtg_block: comm=tau_rt_3 rtgid=1002 tgid=3702 pid=3705 prio=94
       deepPicar-3668  [005] d..3  1114.910691: rtg_try_release_lock: rtg_release: comm=deepPicar rtgid=1001 tgid=3668 pid=3668 prio=93
          <idle>-0     [003] dn.3  1114.910693: rtg_try_acquire_lock: rtg_acquire: comm=tau_rt_2 rtgid=1002 tgid=3701 pid=3704 prio=94
       deepPicar-3708  [000] dn.3  1114.925635: rtg_try_acquire_lock: rtg_preemptor: comm=tau_rt_4 rtgid=1001 tgid=3663 pid=3670 prio=93
       deepPicar-3708  [000] dn.3  1114.925640: rtg_try_acquire_lock: rtg_preemptee: comm=tau_rt_2 rtgid=1002 tgid=3701 pid=3704 prio=94
        tau_rt_3-3705  [004] dn.3  1114.925652: rtg_try_acquire_lock: rtg_block: comm=tau_rt_3 rtgid=1002 tgid=3702 pid=3705 prio=94
        tau_rt_2-3704  [003] dn.3  1114.925654: rtg_try_acquire_lock: rtg_block: comm=tau_rt_2 rtgid=1002 tgid=3701 pid=3704 prio=94
        tau_rt_4-3706  [005] dn.3  1114.925657: rtg_try_acquire_lock: rtg_block: comm=tau_rt_4 rtgid=1002 tgid=3703 pid=3706 prio=94
        tau_rt_4-3670  [000] ...1  1114.925680: tracing_mark_write: gid=1001: job_start
        tau_rt_4-3670  [000] d..3  1114.946747: rtg_try_acquire_lock: rtg_block: comm=deepPicar rtgid=1002 tgid=3698 pid=3708 prio=94
       deepPicar-3676  [005] d..3  1114.960851: rtg_try_release_lock: rtg_release: comm=deepPicar rtgid=1001 tgid=3668 pid=3676 prio=93
          <idle>-0     [004] dn.3  1114.960855: rtg_try_acquire_lock: rtg_acquire: comm=tau_rt_3 rtgid=1002 tgid=3702 pid=3705 prio=94
       deepPicar-3676  [005] d..3  1114.960859: rtg_try_acquire_lock: rtg_preemptor: comm=deepPicar rtgid=1001 tgid=3668 pid=3668 prio=93
       deepPicar-3676  [005] d..3  1114.960860: rtg_try_acquire_lock: rtg_preemptee: comm=tau_rt_3 rtgid=1002 tgid=3702 pid=3705 prio=94
       deepPicar-3708  [000] dn.3  1114.960863: rtg_try_acquire_lock: rtg_block: comm=deepPicar rtgid=1002 tgid=3698 pid=3708 prio=94
        tau_rt_2-3704  [003] dn.3  1114.960866: rtg_try_acquire_lock: rtg_block: comm=tau_rt_2 rtgid=1002 tgid=3701 pid=3704 prio=94
        tau_rt_3-3705  [004] dn.3  1114.960868: rtg_try_acquire_lock: rtg_block: comm=tau_rt_3 rtgid=1002 tgid=3702 pid=3705 prio=94
       deepPicar-3668  [005] d..3  1114.960968: rtg_try_release_lock: rtg_release: comm=deepPicar rtgid=1001 tgid=3668 pid=3668 prio=93
          <idle>-0     [004] dn.3  1114.960970: rtg_try_acquire_lock: rtg_acquire: comm=tau_rt_3 rtgid=1002 tgid=3702 pid=3705 prio=94
       deepPicar-3698  [000] ...1  1114.962946: tracing_mark_write: gid=1002: job_start
       deepPicar-3708  [000] dn.3  1114.975626: rtg_try_acquire_lock: rtg_preemptor: comm=tau_rt_4 rtgid=1001 tgid=3663 pid=3670 prio=93
       deepPicar-3708  [000] dn.3  1114.975630: rtg_try_acquire_lock: rtg_preemptee: comm=tau_rt_3 rtgid=1002 tgid=3702 pid=3705 prio=94
        tau_rt_2-3704  [003] dn.3  1114.975643: rtg_try_acquire_lock: rtg_block: comm=tau_rt_2 rtgid=1002 tgid=3701 pid=3704 prio=94
        tau_rt_3-3705  [004] dn.3  1114.975646: rtg_try_acquire_lock: rtg_block: comm=tau_rt_3 rtgid=1002 tgid=3702 pid=3705 prio=94
        tau_rt_4-3706  [005] dn.3  1114.975649: rtg_try_acquire_lock: rtg_block: comm=tau_rt_4 rtgid=1002 tgid=3703 pid=3706 prio=94
        tau_rt_4-3670  [000] ...1  1114.975674: tracing_mark_write: gid=1001: job_start
        tau_rt_4-3670  [000] d..3  1114.996710: rtg_try_acquire_lock: rtg_block: comm=deepPicar rtgid=1002 tgid=3698 pid=3708 prio=94
       deepPicar-3676  [005] d..3  1115.010672: rtg_try_release_lock: rtg_release: comm=deepPicar rtgid=1001 tgid=3668 pid=3676 prio=93
          <idle>-0     [004] dn.3  1115.010676: rtg_try_acquire_lock: rtg_acquire: comm=tau_rt_3 rtgid=1002 tgid=3702 pid=3705 prio=94
       deepPicar-3676  [005] d..3  1115.010680: rtg_try_acquire_lock: rtg_preemptor: comm=deepPicar rtgid=1001 tgid=3668 pid=3668 prio=93
       deepPicar-3676  [005] d..3  1115.010680: rtg_try_acquire_lock: rtg_preemptee: comm=tau_rt_3 rtgid=1002 tgid=3702 pid=3705 prio=94
       deepPicar-3708  [000] dn.3  1115.010684: rtg_try_acquire_lock: rtg_block: comm=deepPicar rtgid=1002 tgid=3698 pid=3708 prio=94
        tau_rt_2-3704  [003] dn.3  1115.010687: rtg_try_acquire_lock: rtg_block: comm=tau_rt_2 rtgid=1002 tgid=3701 pid=3704 prio=94
        tau_rt_3-3705  [004] dn.3  1115.010689: rtg_try_acquire_lock: rtg_block: comm=tau_rt_3 rtgid=1002 tgid=3702 pid=3705 prio=94
       deepPicar-3668  [005] d..3  1115.010790: rtg_try_release_lock: rtg_release: comm=deepPicar rtgid=1001 tgid=3668 pid=3668 prio=93
          <idle>-0     [000] dn.3  1115.010792: rtg_try_acquire_lock: rtg_acquire: comm=deepPicar rtgid=1002 tgid=3698 pid=3708 prio=94
       deepPicar-3708  [000] dn.3  1115.025634: rtg_try_acquire_lock: rtg_preemptor: comm=tau_rt_4 rtgid=1001 tgid=3663 pid=3670 prio=93
       deepPicar-3708  [000] dn.3  1115.025638: rtg_try_acquire_lock: rtg_preemptee: comm=deepPicar rtgid=1002 tgid=3698 pid=3708 prio=94
        tau_rt_3-3705  [004] dn.3  1115.025648: rtg_try_acquire_lock: rtg_block: comm=tau_rt_3 rtgid=1002 tgid=3702 pid=3705 prio=94
        tau_rt_2-3704  [003] dn.3  1115.025651: rtg_try_acquire_lock: rtg_block: comm=tau_rt_2 rtgid=1002 tgid=3701 pid=3704 prio=94
        tau_rt_4-3706  [005] dn.3  1115.025654: rtg_try_acquire_lock: rtg_block: comm=tau_rt_4 rtgid=1002 tgid=3703 pid=3706 prio=94
        tau_rt_4-3670  [000] ...1  1115.025673: tracing_mark_write: gid=1001: job_start
        tau_rt_4-3670  [000] d..3  1115.046691: rtg_try_acquire_lock: rtg_block: comm=deepPicar rtgid=1002 tgid=3698 pid=3708 prio=94
       deepPicar-3676  [005] d..3  1115.060805: rtg_try_release_lock: rtg_release: comm=deepPicar rtgid=1001 tgid=3668 pid=3676 prio=93
          <idle>-0     [004] dn.3  1115.060809: rtg_try_acquire_lock: rtg_acquire: comm=tau_rt_3 rtgid=1002 tgid=3702 pid=3705 prio=94
       deepPicar-3676  [005] d..3  1115.060813: rtg_try_acquire_lock: rtg_preemptor: comm=deepPicar rtgid=1001 tgid=3668 pid=3668 prio=93
       deepPicar-3676  [005] d..3  1115.060814: rtg_try_acquire_lock: rtg_preemptee: comm=tau_rt_3 rtgid=1002 tgid=3702 pid=3705 prio=94
       deepPicar-3708  [000] dn.3  1115.060817: rtg_try_acquire_lock: rtg_block: comm=deepPicar rtgid=1002 tgid=3698 pid=3708 prio=94
        tau_rt_2-3704  [003] dn.3  1115.060820: rtg_try_acquire_lock: rtg_block: comm=tau_rt_2 rtgid=1002 tgid=3701 pid=3704 prio=94
        tau_rt_3-3705  [004] dn.3  1115.060822: rtg_try_acquire_lock: rtg_block: comm=tau_rt_3 rtgid=1002 tgid=3702 pid=3705 prio=94
       deepPicar-3668  [005] d..3  1115.060918: rtg_try_release_lock: rtg_release: comm=deepPicar rtgid=1001 tgid=3668 pid=3668 prio=93
          <idle>-0     [000] dn.3  1115.060920: rtg_try_acquire_lock: rtg_acquire: comm=deepPicar rtgid=1002 tgid=3698 pid=3708 prio=94
       deepPicar-3698  [000] ...1  1115.066894: tracing_mark_write: gid=1002: job_start
       deepPicar-3708  [000] dn.3  1115.075641: rtg_try_acquire_lock: rtg_preemptor: comm=tau_rt_4 rtgid=1001 tgid=3663 pid=3670 prio=93
       deepPicar-3708  [000] dn.3  1115.075645: rtg_try_acquire_lock: rtg_preemptee: comm=deepPicar rtgid=1002 tgid=3698 pid=3708 prio=94
        tau_rt_2-3704  [003] dn.3  1115.075658: rtg_try_acquire_lock: rtg_block: comm=tau_rt_2 rtgid=1002 tgid=3701 pid=3704 prio=94
        tau_rt_4-3706  [005] dn.3  1115.075661: rtg_try_acquire_lock: rtg_block: comm=tau_rt_4 rtgid=1002 tgid=3703 pid=3706 prio=94
        tau_rt_3-3705  [004] dn.3  1115.075663: rtg_try_acquire_lock: rtg_block: comm=tau_rt_3 rtgid=1002 tgid=3702 pid=3705 prio=94
        tau_rt_4-3670  [000] ...1  1115.075686: tracing_mark_write: gid=1001: job_start
        tau_rt_4-3670  [000] d..3  1115.096751: rtg_try_acquire_lock: rtg_block: comm=deepPicar rtgid=1002 tgid=3698 pid=3708 prio=94
       deepPicar-3676  [005] d..3  1115.110660: rtg_try_release_lock: rtg_release: comm=deepPicar rtgid=1001 tgid=3668 pid=3676 prio=93
          <idle>-0     [004] dn.3  1115.110664: rtg_try_acquire_lock: rtg_acquire: comm=tau_rt_3 rtgid=1002 tgid=3702 pid=3705 prio=94
       deepPicar-3676  [005] d..3  1115.110668: rtg_try_acquire_lock: rtg_preemptor: comm=deepPicar rtgid=1001 tgid=3668 pid=3668 prio=93
       deepPicar-3676  [005] d..3  1115.110668: rtg_try_acquire_lock: rtg_preemptee: comm=tau_rt_3 rtgid=1002 tgid=3702 pid=3705 prio=94
       deepPicar-3708  [000] dn.3  1115.110672: rtg_try_acquire_lock: rtg_block: comm=deepPicar rtgid=1002 tgid=3698 pid=3708 prio=94
        tau_rt_2-3704  [003] dn.3  1115.110675: rtg_try_acquire_lock: rtg_block: comm=tau_rt_2 rtgid=1002 tgid=3701 pid=3704 prio=94
        tau_rt_3-3705  [004] dn.3  1115.110677: rtg_try_acquire_lock: rtg_block: comm=tau_rt_3 rtgid=1002 tgid=3702 pid=3705 prio=94
       deepPicar-3668  [005] d..3  1115.110778: rtg_try_release_lock: rtg_release: comm=deepPicar rtgid=1001 tgid=3668 pid=3668 prio=93
          <idle>-0     [004] dn.3  1115.110780: rtg_try_acquire_lock: rtg_acquire: comm=tau_rt_3 rtgid=1002 tgid=3702 pid=3705 prio=94
       deepPicar-3708  [000] dn.3  1115.125619: rtg_try_acquire_lock: rtg_preemptor: comm=tau_rt_4 rtgid=1001 tgid=3663 pid=3670 prio=93
       deepPicar-3708  [000] dn.3  1115.125624: rtg_try_acquire_lock: rtg_preemptee: comm=tau_rt_3 rtgid=1002 tgid=3702 pid=3705 prio=94
        tau_rt_2-3704  [003] dn.3  1115.125636: rtg_try_acquire_lock: rtg_block: comm=tau_rt_2 rtgid=1002 tgid=3701 pid=3704 prio=94
        tau_rt_3-3705  [004] dn.3  1115.125639: rtg_try_acquire_lock: rtg_block: comm=tau_rt_3 rtgid=1002 tgid=3702 pid=3705 prio=94
        tau_rt_4-3706  [005] dn.3  1115.125642: rtg_try_acquire_lock: rtg_block: comm=tau_rt_4 rtgid=1002 tgid=3703 pid=3706 prio=94
        tau_rt_4-3670  [000] ...1  1115.125662: tracing_mark_write: gid=1001: job_start
        tau_rt_4-3670  [000] d..3  1115.146739: rtg_try_acquire_lock: rtg_block: comm=deepPicar rtgid=1002 tgid=3698 pid=3708 prio=94
       deepPicar-3676  [005] d..3  1115.160848: rtg_try_release_lock: rtg_release: comm=deepPicar rtgid=1001 tgid=3668 pid=3676 prio=93
          <idle>-0     [000] dn.3  1115.160851: rtg_try_acquire_lock: rtg_acquire: comm=deepPicar rtgid=1002 tgid=3698 pid=3708 prio=94
       deepPicar-3676  [005] d..3  1115.160853: rtg_try_acquire_lock: rtg_preemptor: comm=deepPicar rtgid=1001 tgid=3668 pid=3668 prio=93
       deepPicar-3676  [005] d..3  1115.160854: rtg_try_acquire_lock: rtg_preemptee: comm=deepPicar rtgid=1002 tgid=3698 pid=3708 prio=94
       deepPicar-3708  [000] dn.3  1115.160857: rtg_try_acquire_lock: rtg_block: comm=deepPicar rtgid=1002 tgid=3698 pid=3708 prio=94
        tau_rt_3-3705  [004] dn.3  1115.160860: rtg_try_acquire_lock: rtg_block: comm=tau_rt_3 rtgid=1002 tgid=3702 pid=3705 prio=94
        tau_rt_2-3704  [003] dn.3  1115.160863: rtg_try_acquire_lock: rtg_block: comm=tau_rt_2 rtgid=1002 tgid=3701 pid=3704 prio=94
       deepPicar-3668  [005] d..3  1115.160964: rtg_try_release_lock: rtg_release: comm=deepPicar rtgid=1001 tgid=3668 pid=3668 prio=93
          <idle>-0     [003] dn.3  1115.160966: rtg_try_acquire_lock: rtg_acquire: comm=tau_rt_2 rtgid=1002 tgid=3701 pid=3704 prio=94
       deepPicar-3698  [000] ...1  1115.170495: tracing_mark_write: gid=1002: job_start
       deepPicar-3708  [000] dn.3  1115.175640: rtg_try_acquire_lock: rtg_preemptor: comm=tau_rt_4 rtgid=1001 tgid=3663 pid=3670 prio=93
       deepPicar-3708  [000] dn.3  1115.175644: rtg_try_acquire_lock: rtg_preemptee: comm=tau_rt_2 rtgid=1002 tgid=3701 pid=3704 prio=94
        tau_rt_2-3704  [003] dn.3  1115.175656: rtg_try_acquire_lock: rtg_block: comm=tau_rt_2 rtgid=1002 tgid=3701 pid=3704 prio=94
        tau_rt_3-3705  [004] dn.3  1115.175659: rtg_try_acquire_lock: rtg_block: comm=tau_rt_3 rtgid=1002 tgid=3702 pid=3705 prio=94
        tau_rt_4-3706  [005] dn.3  1115.175662: rtg_try_acquire_lock: rtg_block: comm=tau_rt_4 rtgid=1002 tgid=3703 pid=3706 prio=94
        tau_rt_4-3670  [000] ...1  1115.175684: tracing_mark_write: gid=1001: job_start
        tau_rt_4-3670  [000] d..3  1115.196634: rtg_try_acquire_lock: rtg_block: comm=deepPicar rtgid=1002 tgid=3698 pid=3708 prio=94
       deepPicar-3676  [005] d..3  1115.210673: rtg_try_release_lock: rtg_release: comm=deepPicar rtgid=1001 tgid=3668 pid=3676 prio=93
          <idle>-0     [004] dn.3  1115.210677: rtg_try_acquire_lock: rtg_acquire: comm=tau_rt_3 rtgid=1002 tgid=3702 pid=3705 prio=94
       deepPicar-3676  [005] d..3  1115.210681: rtg_try_acquire_lock: rtg_preemptor: comm=deepPicar rtgid=1001 tgid=3668 pid=3668 prio=93
       deepPicar-3676  [005] d..3  1115.210682: rtg_try_acquire_lock: rtg_preemptee: comm=tau_rt_3 rtgid=1002 tgid=3702 pid=3705 prio=94
       deepPicar-3708  [000] dn.3  1115.210686: rtg_try_acquire_lock: rtg_block: comm=deepPicar rtgid=1002 tgid=3698 pid=3708 prio=94
        tau_rt_2-3704  [003] dn.3  1115.210690: rtg_try_acquire_lock: rtg_block: comm=tau_rt_2 rtgid=1002 tgid=3701 pid=3704 prio=94
        tau_rt_3-3705  [004] dn.3  1115.210691: rtg_try_acquire_lock: rtg_block: comm=tau_rt_3 rtgid=1002 tgid=3702 pid=3705 prio=94
       deepPicar-3668  [005] d..3  1115.210787: rtg_try_release_lock: rtg_release: comm=deepPicar rtgid=1001 tgid=3668 pid=3668 prio=93
          <idle>-0     [003] dn.3  1115.210789: rtg_try_acquire_lock: rtg_acquire: comm=tau_rt_2 rtgid=1002 tgid=3701 pid=3704 prio=94
       deepPicar-3708  [000] dn.3  1115.225619: rtg_try_acquire_lock: rtg_preemptor: comm=tau_rt_4 rtgid=1001 tgid=3663 pid=3670 prio=93
       deepPicar-3708  [000] dn.3  1115.225624: rtg_try_acquire_lock: rtg_preemptee: comm=tau_rt_2 rtgid=1002 tgid=3701 pid=3704 prio=94
        tau_rt_2-3704  [003] dn.3  1115.225635: rtg_try_acquire_lock: rtg_block: comm=tau_rt_2 rtgid=1002 tgid=3701 pid=3704 prio=94
        tau_rt_3-3705  [004] dn.3  1115.225638: rtg_try_acquire_lock: rtg_block: comm=tau_rt_3 rtgid=1002 tgid=3702 pid=3705 prio=94
        tau_rt_4-3706  [005] dn.3  1115.225641: rtg_try_acquire_lock: rtg_block: comm=tau_rt_4 rtgid=1002 tgid=3703 pid=3706 prio=94
        tau_rt_4-3670  [000] ...1  1115.225663: tracing_mark_write: gid=1001: job_start
        tau_rt_4-3670  [000] d..3  1115.246581: rtg_try_acquire_lock: rtg_block: comm=deepPicar rtgid=1002 tgid=3698 pid=3708 prio=94
       deepPicar-3676  [005] d..3  1115.260774: rtg_try_release_lock: rtg_release: comm=deepPicar rtgid=1001 tgid=3668 pid=3676 prio=93
          <idle>-0     [004] dn.3  1115.260779: rtg_try_acquire_lock: rtg_acquire: comm=tau_rt_3 rtgid=1002 tgid=3702 pid=3705 prio=94
       deepPicar-3676  [005] d..3  1115.260783: rtg_try_acquire_lock: rtg_preemptor: comm=deepPicar rtgid=1001 tgid=3668 pid=3668 prio=93
       deepPicar-3676  [005] d..3  1115.260784: rtg_try_acquire_lock: rtg_preemptee: comm=tau_rt_3 rtgid=1002 tgid=3702 pid=3705 prio=94
       deepPicar-3708  [000] dn.3  1115.260788: rtg_try_acquire_lock: rtg_block: comm=deepPicar rtgid=1002 tgid=3698 pid=3708 prio=94
        tau_rt_2-3704  [003] dn.3  1115.260790: rtg_try_acquire_lock: rtg_block: comm=tau_rt_2 rtgid=1002 tgid=3701 pid=3704 prio=94
        tau_rt_3-3705  [004] dn.3  1115.260792: rtg_try_acquire_lock: rtg_block: comm=tau_rt_3 rtgid=1002 tgid=3702 pid=3705 prio=94
       deepPicar-3668  [005] d..3  1115.260888: rtg_try_release_lock: rtg_release: comm=deepPicar rtgid=1001 tgid=3668 pid=3668 prio=93
          <idle>-0     [003] dn.3  1115.260890: rtg_try_acquire_lock: rtg_acquire: comm=tau_rt_2 rtgid=1002 tgid=3701 pid=3704 prio=94
       deepPicar-3698  [000] ...1  1115.274148: tracing_mark_write: gid=1002: job_start
       deepPicar-3698  [000] dn.3  1115.275639: rtg_try_acquire_lock: rtg_preemptor: comm=tau_rt_4 rtgid=1001 tgid=3663 pid=3670 prio=93
       deepPicar-3698  [000] dn.3  1115.275644: rtg_try_acquire_lock: rtg_preemptee: comm=tau_rt_2 rtgid=1002 tgid=3701 pid=3704 prio=94
        tau_rt_2-3704  [003] dn.3  1115.275657: rtg_try_acquire_lock: rtg_block: comm=tau_rt_2 rtgid=1002 tgid=3701 pid=3704 prio=94
        tau_rt_3-3705  [004] dn.3  1115.275660: rtg_try_acquire_lock: rtg_block: comm=tau_rt_3 rtgid=1002 tgid=3702 pid=3705 prio=94
        tau_rt_4-3706  [005] dn.3  1115.275662: rtg_try_acquire_lock: rtg_block: comm=tau_rt_4 rtgid=1002 tgid=3703 pid=3706 prio=94
        tau_rt_4-3670  [000] ...1  1115.275686: tracing_mark_write: gid=1001: job_start
        tau_rt_4-3670  [000] d..3  1115.296725: rtg_try_acquire_lock: rtg_block: comm=deepPicar rtgid=1002 tgid=3698 pid=3698 prio=94
       deepPicar-3676  [005] d..3  1115.310630: rtg_try_release_lock: rtg_release: comm=deepPicar rtgid=1001 tgid=3668 pid=3676 prio=93
          <idle>-0     [000] dn.3  1115.310633: rtg_try_acquire_lock: rtg_acquire: comm=deepPicar rtgid=1002 tgid=3698 pid=3698 prio=94
       deepPicar-3676  [005] d..3  1115.310636: rtg_try_acquire_lock: rtg_preemptor: comm=deepPicar rtgid=1001 tgid=3668 pid=3668 prio=93
       deepPicar-3676  [005] d..3  1115.310637: rtg_try_acquire_lock: rtg_preemptee: comm=deepPicar rtgid=1002 tgid=3698 pid=3698 prio=94
       deepPicar-3698  [000] dn.3  1115.310640: rtg_try_acquire_lock: rtg_block: comm=deepPicar rtgid=1002 tgid=3698 pid=3698 prio=94
        tau_rt_2-3704  [003] dn.3  1115.310643: rtg_try_acquire_lock: rtg_block: comm=tau_rt_2 rtgid=1002 tgid=3701 pid=3704 prio=94
        tau_rt_3-3705  [004] dn.3  1115.310646: rtg_try_acquire_lock: rtg_block: comm=tau_rt_3 rtgid=1002 tgid=3702 pid=3705 prio=94
       deepPicar-3668  [005] d..3  1115.310747: rtg_try_release_lock: rtg_release: comm=deepPicar rtgid=1001 tgid=3668 pid=3668 prio=93
          <idle>-0     [000] dn.3  1115.310749: rtg_try_acquire_lock: rtg_acquire: comm=deepPicar rtgid=1002 tgid=3698 pid=3698 prio=94
       deepPicar-3708  [000] dn.3  1115.325625: rtg_try_acquire_lock: rtg_preemptor: comm=tau_rt_4 rtgid=1001 tgid=3663 pid=3670 prio=93
       deepPicar-3708  [000] dn.3  1115.325629: rtg_try_acquire_lock: rtg_preemptee: comm=deepPicar rtgid=1002 tgid=3698 pid=3698 prio=94
        tau_rt_2-3704  [003] dn.3  1115.325642: rtg_try_acquire_lock: rtg_block: comm=tau_rt_2 rtgid=1002 tgid=3701 pid=3704 prio=94
        tau_rt_3-3705  [004] dn.3  1115.325644: rtg_try_acquire_lock: rtg_block: comm=tau_rt_3 rtgid=1002 tgid=3702 pid=3705 prio=94
        tau_rt_4-3706  [005] dn.3  1115.325647: rtg_try_acquire_lock: rtg_block: comm=tau_rt_4 rtgid=1002 tgid=3703 pid=3706 prio=94
        tau_rt_4-3670  [000] ...1  1115.325669: tracing_mark_write: gid=1001: job_start
        tau_rt_4-3670  [000] d..3  1115.346676: rtg_try_acquire_lock: rtg_block: comm=deepPicar rtgid=1002 tgid=3698 pid=3708 prio=94
       deepPicar-3676  [005] d..3  1115.360705: rtg_try_release_lock: rtg_release: comm=deepPicar rtgid=1001 tgid=3668 pid=3676 prio=93
          <idle>-0     [004] dn.3  1115.360709: rtg_try_acquire_lock: rtg_acquire: comm=tau_rt_3 rtgid=1002 tgid=3702 pid=3705 prio=94
       deepPicar-3676  [005] d..3  1115.360713: rtg_try_acquire_lock: rtg_preemptor: comm=deepPicar rtgid=1001 tgid=3668 pid=3668 prio=93
       deepPicar-3676  [005] d..3  1115.360713: rtg_try_acquire_lock: rtg_preemptee: comm=tau_rt_3 rtgid=1002 tgid=3702 pid=3705 prio=94
       deepPicar-3708  [000] dn.3  1115.360717: rtg_try_acquire_lock: rtg_block: comm=deepPicar rtgid=1002 tgid=3698 pid=3708 prio=94
        tau_rt_3-3705  [004] dn.3  1115.360719: rtg_try_acquire_lock: rtg_block: comm=tau_rt_3 rtgid=1002 tgid=3702 pid=3705 prio=94
        tau_rt_2-3704  [003] dn.3  1115.360722: rtg_try_acquire_lock: rtg_block: comm=tau_rt_2 rtgid=1002 tgid=3701 pid=3704 prio=94
       deepPicar-3668  [005] d..3  1115.360821: rtg_try_release_lock: rtg_release: comm=deepPicar rtgid=1001 tgid=3668 pid=3668 prio=93
          <idle>-0     [000] dn.3  1115.360823: rtg_try_acquire_lock: rtg_acquire: comm=deepPicar rtgid=1002 tgid=3698 pid=3708 prio=94
       deepPicar-3708  [000] dn.3  1115.375637: rtg_try_acquire_lock: rtg_preemptor: comm=tau_rt_4 rtgid=1001 tgid=3663 pid=3670 prio=93
       deepPicar-3708  [000] dn.3  1115.375642: rtg_try_acquire_lock: rtg_preemptee: comm=deepPicar rtgid=1002 tgid=3698 pid=3708 prio=94
        tau_rt_2-3704  [003] dn.3  1115.375655: rtg_try_acquire_lock: rtg_block: comm=tau_rt_2 rtgid=1002 tgid=3701 pid=3704 prio=94
        tau_rt_3-3705  [004] dn.3  1115.375657: rtg_try_acquire_lock: rtg_block: comm=tau_rt_3 rtgid=1002 tgid=3702 pid=3705 prio=94
        tau_rt_4-3706  [005] dn.3  1115.375659: rtg_try_acquire_lock: rtg_block: comm=tau_rt_4 rtgid=1002 tgid=3703 pid=3706 prio=94
        tau_rt_4-3670  [000] ...1  1115.375683: tracing_mark_write: gid=1001: job_start
        tau_rt_4-3670  [000] d..3  1115.396794: rtg_try_acquire_lock: rtg_block: comm=deepPicar rtgid=1002 tgid=3698 pid=3708 prio=94
       deepPicar-3676  [005] d..3  1115.410644: rtg_try_release_lock: rtg_release: comm=deepPicar rtgid=1001 tgid=3668 pid=3676 prio=93
          <idle>-0     [004] dn.3  1115.410648: rtg_try_acquire_lock: rtg_acquire: comm=tau_rt_3 rtgid=1002 tgid=3702 pid=3705 prio=94
       deepPicar-3676  [005] d..3  1115.410651: rtg_try_acquire_lock: rtg_preemptor: comm=deepPicar rtgid=1001 tgid=3668 pid=3668 prio=93
       deepPicar-3676  [005] d..3  1115.410652: rtg_try_acquire_lock: rtg_preemptee: comm=tau_rt_3 rtgid=1002 tgid=3702 pid=3705 prio=94
       deepPicar-3708  [000] dn.3  1115.410656: rtg_try_acquire_lock: rtg_block: comm=deepPicar rtgid=1002 tgid=3698 pid=3708 prio=94
        tau_rt_2-3704  [003] dn.3  1115.410659: rtg_try_acquire_lock: rtg_block: comm=tau_rt_2 rtgid=1002 tgid=3701 pid=3704 prio=94
        tau_rt_3-3705  [004] dn.3  1115.410661: rtg_try_acquire_lock: rtg_block: comm=tau_rt_3 rtgid=1002 tgid=3702 pid=3705 prio=94
       deepPicar-3668  [005] d..3  1115.410763: rtg_try_release_lock: rtg_release: comm=deepPicar rtgid=1001 tgid=3668 pid=3668 prio=93
          <idle>-0     [000] dn.3  1115.410765: rtg_try_acquire_lock: rtg_acquire: comm=deepPicar rtgid=1002 tgid=3698 pid=3708 prio=94
       deepPicar-3698  [000] ...1  1115.412852: tracing_mark_write: gid=1002: job_start
       deepPicar-3708  [000] dn.3  1115.425626: rtg_try_acquire_lock: rtg_preemptor: comm=tau_rt_4 rtgid=1001 tgid=3663 pid=3670 prio=93
       deepPicar-3708  [000] dn.3  1115.425631: rtg_try_acquire_lock: rtg_preemptee: comm=deepPicar rtgid=1002 tgid=3698 pid=3708 prio=94
        tau_rt_3-3705  [004] dn.3  1115.425644: rtg_try_acquire_lock: rtg_block: comm=tau_rt_3 rtgid=1002 tgid=3702 pid=3705 prio=94
        tau_rt_2-3704  [003] dn.3  1115.425647: rtg_try_acquire_lock: rtg_block: comm=tau_rt_2 rtgid=1002 tgid=3701 pid=3704 prio=94
        tau_rt_4-3706  [005] dn.3  1115.425649: rtg_try_acquire_lock: rtg_block: comm=tau_rt_4 rtgid=1002 tgid=3703 pid=3706 prio=94
        tau_rt_4-3670  [000] ...1  1115.425673: tracing_mark_write: gid=1001: job_start
        tau_rt_4-3670  [000] d..3  1115.446706: rtg_try_acquire_lock: rtg_block: comm=deepPicar rtgid=1002 tgid=3698 pid=3708 prio=94
       deepPicar-3676  [005] d..3  1115.460912: rtg_try_release_lock: rtg_release: comm=deepPicar rtgid=1001 tgid=3668 pid=3676 prio=93
          <idle>-0     [004] dn.3  1115.460915: rtg_try_acquire_lock: rtg_acquire: comm=tau_rt_3 rtgid=1002 tgid=3702 pid=3705 prio=94
       deepPicar-3676  [005] d..3  1115.460919: rtg_try_acquire_lock: rtg_preemptor: comm=deepPicar rtgid=1001 tgid=3668 pid=3668 prio=93
       deepPicar-3676  [005] d..3  1115.460920: rtg_try_acquire_lock: rtg_preemptee: comm=tau_rt_3 rtgid=1002 tgid=3702 pid=3705 prio=94
       deepPicar-3708  [000] dn.3  1115.460924: rtg_try_acquire_lock: rtg_block: comm=deepPicar rtgid=1002 tgid=3698 pid=3708 prio=94
        tau_rt_2-3704  [003] dn.3  1115.460927: rtg_try_acquire_lock: rtg_block: comm=tau_rt_2 rtgid=1002 tgid=3701 pid=3704 prio=94
        tau_rt_3-3705  [004] dn.3  1115.460929: rtg_try_acquire_lock: rtg_block: comm=tau_rt_3 rtgid=1002 tgid=3702 pid=3705 prio=94
       deepPicar-3668  [005] d..3  1115.461035: rtg_try_release_lock: rtg_release: comm=deepPicar rtgid=1001 tgid=3668 pid=3668 prio=93
          <idle>-0     [003] dn.3  1115.461037: rtg_try_acquire_lock: rtg_acquire: comm=tau_rt_2 rtgid=1002 tgid=3701 pid=3704 prio=94
       deepPicar-3708  [000] dn.3  1115.475635: rtg_try_acquire_lock: rtg_preemptor: comm=tau_rt_4 rtgid=1001 tgid=3663 pid=3670 prio=93
       deepPicar-3708  [000] dn.3  1115.475639: rtg_try_acquire_lock: rtg_preemptee: comm=tau_rt_2 rtgid=1002 tgid=3701 pid=3704 prio=94
        tau_rt_2-3704  [003] dn.3  1115.475650: rtg_try_acquire_lock: rtg_block: comm=tau_rt_2 rtgid=1002 tgid=3701 pid=3704 prio=94
        tau_rt_4-3706  [005] dn.3  1115.475653: rtg_try_acquire_lock: rtg_block: comm=tau_rt_4 rtgid=1002 tgid=3703 pid=3706 prio=94
        tau_rt_3-3705  [004] dn.3  1115.475656: rtg_try_acquire_lock: rtg_block: comm=tau_rt_3 rtgid=1002 tgid=3702 pid=3705 prio=94
        tau_rt_4-3670  [000] ...1  1115.475678: tracing_mark_write: gid=1001: job_start
        tau_rt_4-3670  [000] d..3  1115.496649: rtg_try_acquire_lock: rtg_block: comm=deepPicar rtgid=1002 tgid=3698 pid=3708 prio=94
       deepPicar-3676  [005] d..3  1115.510577: rtg_try_release_lock: rtg_release: comm=deepPicar rtgid=1001 tgid=3668 pid=3676 prio=93
          <idle>-0     [004] dn.3  1115.510581: rtg_try_acquire_lock: rtg_acquire: comm=tau_rt_3 rtgid=1002 tgid=3702 pid=3705 prio=94
       deepPicar-3676  [005] d..3  1115.510585: rtg_try_acquire_lock: rtg_preemptor: comm=deepPicar rtgid=1001 tgid=3668 pid=3668 prio=93
       deepPicar-3676  [005] d..3  1115.510586: rtg_try_acquire_lock: rtg_preemptee: comm=tau_rt_3 rtgid=1002 tgid=3702 pid=3705 prio=94
       deepPicar-3708  [000] dn.3  1115.510590: rtg_try_acquire_lock: rtg_block: comm=deepPicar rtgid=1002 tgid=3698 pid=3708 prio=94
        tau_rt_2-3704  [003] dn.3  1115.510593: rtg_try_acquire_lock: rtg_block: comm=tau_rt_2 rtgid=1002 tgid=3701 pid=3704 prio=94
        tau_rt_3-3705  [004] dn.3  1115.510595: rtg_try_acquire_lock: rtg_block: comm=tau_rt_3 rtgid=1002 tgid=3702 pid=3705 prio=94
       deepPicar-3668  [005] d..3  1115.510695: rtg_try_release_lock: rtg_release: comm=deepPicar rtgid=1001 tgid=3668 pid=3668 prio=93
          <idle>-0     [000] dn.3  1115.510697: rtg_try_acquire_lock: rtg_acquire: comm=deepPicar rtgid=1002 tgid=3698 pid=3708 prio=94
       deepPicar-3698  [000] ...1  1115.516502: tracing_mark_write: gid=1002: job_start
       deepPicar-3708  [000] dn.3  1115.525636: rtg_try_acquire_lock: rtg_preemptor: comm=tau_rt_4 rtgid=1001 tgid=3663 pid=3670 prio=93
       deepPicar-3708  [000] dn.3  1115.525641: rtg_try_acquire_lock: rtg_preemptee: comm=deepPicar rtgid=1002 tgid=3698 pid=3708 prio=94
        tau_rt_2-3704  [003] dn.3  1115.525654: rtg_try_acquire_lock: rtg_block: comm=tau_rt_2 rtgid=1002 tgid=3701 pid=3704 prio=94
        tau_rt_4-3706  [005] dn.3  1115.525657: rtg_try_acquire_lock: rtg_block: comm=tau_rt_4 rtgid=1002 tgid=3703 pid=3706 prio=94
        tau_rt_3-3705  [004] dn.3  1115.525659: rtg_try_acquire_lock: rtg_block: comm=tau_rt_3 rtgid=1002 tgid=3702 pid=3705 prio=94
        tau_rt_4-3670  [000] ...1  1115.525684: tracing_mark_write: gid=1001: job_start
        tau_rt_4-3670  [000] d..3  1115.546767: rtg_try_acquire_lock: rtg_block: comm=deepPicar rtgid=1002 tgid=3698 pid=3708 prio=94
       deepPicar-3676  [005] d..3  1115.560722: rtg_try_release_lock: rtg_release: comm=deepPicar rtgid=1001 tgid=3668 pid=3676 prio=93
          <idle>-0     [003] dn.3  1115.560726: rtg_try_acquire_lock: rtg_acquire: comm=tau_rt_2 rtgid=1002 tgid=3701 pid=3704 prio=94
       deepPicar-3676  [005] d..3  1115.560730: rtg_try_acquire_lock: rtg_preemptor: comm=deepPicar rtgid=1001 tgid=3668 pid=3668 prio=93
       deepPicar-3676  [005] d..3  1115.560731: rtg_try_acquire_lock: rtg_preemptee: comm=tau_rt_2 rtgid=1002 tgid=3701 pid=3704 prio=94
        tau_rt_2-3704  [003] dn.3  1115.560735: rtg_try_acquire_lock: rtg_block: comm=tau_rt_2 rtgid=1002 tgid=3701 pid=3704 prio=94
       deepPicar-3708  [000] dn.3  1115.560737: rtg_try_acquire_lock: rtg_block: comm=deepPicar rtgid=1002 tgid=3698 pid=3708 prio=94
        tau_rt_3-3705  [004] dn.3  1115.560739: rtg_try_acquire_lock: rtg_block: comm=tau_rt_3 rtgid=1002 tgid=3702 pid=3705 prio=94
       deepPicar-3668  [005] d..3  1115.560837: rtg_try_release_lock: rtg_release: comm=deepPicar rtgid=1001 tgid=3668 pid=3668 prio=93
          <idle>-0     [003] dn.3  1115.560838: rtg_try_acquire_lock: rtg_acquire: comm=tau_rt_2 rtgid=1002 tgid=3701 pid=3704 prio=94
       deepPicar-3708  [000] dn.3  1115.575616: rtg_try_acquire_lock: rtg_preemptor: comm=tau_rt_4 rtgid=1001 tgid=3663 pid=3670 prio=93
       deepPicar-3708  [000] dn.3  1115.575620: rtg_try_acquire_lock: rtg_preemptee: comm=tau_rt_2 rtgid=1002 tgid=3701 pid=3704 prio=94
        tau_rt_2-3704  [003] dn.3  1115.575632: rtg_try_acquire_lock: rtg_block: comm=tau_rt_2 rtgid=1002 tgid=3701 pid=3704 prio=94
        tau_rt_3-3705  [004] dn.3  1115.575635: rtg_try_acquire_lock: rtg_block: comm=tau_rt_3 rtgid=1002 tgid=3702 pid=3705 prio=94
        tau_rt_4-3706  [005] dn.3  1115.575637: rtg_try_acquire_lock: rtg_block: comm=tau_rt_4 rtgid=1002 tgid=3703 pid=3706 prio=94
        tau_rt_4-3670  [000] ...1  1115.575658: tracing_mark_write: gid=1001: job_start
        tau_rt_4-3670  [000] d..3  1115.596747: rtg_try_acquire_lock: rtg_block: comm=deepPicar rtgid=1002 tgid=3698 pid=3708 prio=94
       deepPicar-3676  [005] d..3  1115.610728: rtg_try_release_lock: rtg_release: comm=deepPicar rtgid=1001 tgid=3668 pid=3676 prio=93
          <idle>-0     [004] dn.3  1115.610732: rtg_try_acquire_lock: rtg_acquire: comm=tau_rt_3 rtgid=1002 tgid=3702 pid=3705 prio=94
       deepPicar-3676  [005] d..3  1115.610736: rtg_try_acquire_lock: rtg_preemptor: comm=deepPicar rtgid=1001 tgid=3668 pid=3668 prio=93
       deepPicar-3676  [005] d..3  1115.610736: rtg_try_acquire_lock: rtg_preemptee: comm=tau_rt_3 rtgid=1002 tgid=3702 pid=3705 prio=94
       deepPicar-3708  [000] dn.3  1115.610740: rtg_try_acquire_lock: rtg_block: comm=deepPicar rtgid=1002 tgid=3698 pid=3708 prio=94
        tau_rt_2-3704  [003] dn.3  1115.610743: rtg_try_acquire_lock: rtg_block: comm=tau_rt_2 rtgid=1002 tgid=3701 pid=3704 prio=94
        tau_rt_3-3705  [004] dn.3  1115.610745: rtg_try_acquire_lock: rtg_block: comm=tau_rt_3 rtgid=1002 tgid=3702 pid=3705 prio=94
       deepPicar-3668  [005] d..3  1115.610843: rtg_try_release_lock: rtg_release: comm=deepPicar rtgid=1001 tgid=3668 pid=3668 prio=93
          <idle>-0     [000] dn.3  1115.610845: rtg_try_acquire_lock: rtg_acquire: comm=deepPicar rtgid=1002 tgid=3698 pid=3708 prio=94
       deepPicar-3698  [000] ...1  1115.620275: tracing_mark_write: gid=1002: job_start
       deepPicar-3708  [000] dn.3  1115.625620: rtg_try_acquire_lock: rtg_preemptor: comm=tau_rt_4 rtgid=1001 tgid=3663 pid=3670 prio=93
       deepPicar-3708  [000] dn.3  1115.625626: rtg_try_acquire_lock: rtg_preemptee: comm=deepPicar rtgid=1002 tgid=3698 pid=3708 prio=94
        tau_rt_3-3705  [004] dn.3  1115.625640: rtg_try_acquire_lock: rtg_block: comm=tau_rt_3 rtgid=1002 tgid=3702 pid=3705 prio=94
        tau_rt_2-3704  [003] dn.3  1115.625643: rtg_try_acquire_lock: rtg_block: comm=tau_rt_2 rtgid=1002 tgid=3701 pid=3704 prio=94
        tau_rt_4-3706  [005] dn.3  1115.625646: rtg_try_acquire_lock: rtg_block: comm=tau_rt_4 rtgid=1002 tgid=3703 pid=3706 prio=94
        tau_rt_4-3670  [000] ...1  1115.625667: tracing_mark_write: gid=1001: job_start
        tau_rt_4-3670  [000] d..3  1115.646512: rtg_try_acquire_lock: rtg_block: comm=deepPicar rtgid=1002 tgid=3698 pid=3708 prio=94
       deepPicar-3676  [005] d..3  1115.660936: rtg_try_release_lock: rtg_release: comm=deepPicar rtgid=1001 tgid=3668 pid=3676 prio=93
          <idle>-0     [004] dn.3  1115.660940: rtg_try_acquire_lock: rtg_acquire: comm=tau_rt_3 rtgid=1002 tgid=3702 pid=3705 prio=94
       deepPicar-3676  [005] d..3  1115.660943: rtg_try_acquire_lock: rtg_preemptor: comm=deepPicar rtgid=1001 tgid=3668 pid=3668 prio=93
       deepPicar-3676  [005] d..3  1115.660944: rtg_try_acquire_lock: rtg_preemptee: comm=tau_rt_3 rtgid=1002 tgid=3702 pid=3705 prio=94
       deepPicar-3708  [000] dn.3  1115.660948: rtg_try_acquire_lock: rtg_block: comm=deepPicar rtgid=1002 tgid=3698 pid=3708 prio=94
        tau_rt_2-3704  [003] dn.3  1115.660951: rtg_try_acquire_lock: rtg_block: comm=tau_rt_2 rtgid=1002 tgid=3701 pid=3704 prio=94
        tau_rt_3-3705  [004] dn.3  1115.660953: rtg_try_acquire_lock: rtg_block: comm=tau_rt_3 rtgid=1002 tgid=3702 pid=3705 prio=94
       deepPicar-3668  [005] d..3  1115.661061: rtg_try_release_lock: rtg_release: comm=deepPicar rtgid=1001 tgid=3668 pid=3668 prio=93
          <idle>-0     [003] dn.3  1115.661063: rtg_try_acquire_lock: rtg_acquire: comm=tau_rt_2 rtgid=1002 tgid=3701 pid=3704 prio=94
       deepPicar-3708  [000] dn.3  1115.675621: rtg_try_acquire_lock: rtg_preemptor: comm=tau_rt_4 rtgid=1001 tgid=3663 pid=3670 prio=93
       deepPicar-3708  [000] dn.3  1115.675626: rtg_try_acquire_lock: rtg_preemptee: comm=tau_rt_2 rtgid=1002 tgid=3701 pid=3704 prio=94
        tau_rt_2-3704  [003] dn.3  1115.675637: rtg_try_acquire_lock: rtg_block: comm=tau_rt_2 rtgid=1002 tgid=3701 pid=3704 prio=94
        tau_rt_3-3705  [004] dn.3  1115.675640: rtg_try_acquire_lock: rtg_block: comm=tau_rt_3 rtgid=1002 tgid=3702 pid=3705 prio=94
        tau_rt_4-3706  [005] dn.3  1115.675643: rtg_try_acquire_lock: rtg_block: comm=tau_rt_4 rtgid=1002 tgid=3703 pid=3706 prio=94
        tau_rt_4-3670  [000] ...1  1115.675666: tracing_mark_write: gid=1001: job_start
        tau_rt_4-3670  [000] d..3  1115.696599: rtg_try_acquire_lock: rtg_block: comm=deepPicar rtgid=1002 tgid=3698 pid=3708 prio=94
       deepPicar-3676  [005] d..3  1115.710688: rtg_try_release_lock: rtg_release: comm=deepPicar rtgid=1001 tgid=3668 pid=3676 prio=93
          <idle>-0     [004] dn.3  1115.710692: rtg_try_acquire_lock: rtg_acquire: comm=tau_rt_3 rtgid=1002 tgid=3702 pid=3705 prio=94
       deepPicar-3676  [005] d..3  1115.710696: rtg_try_acquire_lock: rtg_preemptor: comm=deepPicar rtgid=1001 tgid=3668 pid=3668 prio=93
       deepPicar-3676  [005] d..3  1115.710697: rtg_try_acquire_lock: rtg_preemptee: comm=tau_rt_3 rtgid=1002 tgid=3702 pid=3705 prio=94
       deepPicar-3708  [000] dn.3  1115.710701: rtg_try_acquire_lock: rtg_block: comm=deepPicar rtgid=1002 tgid=3698 pid=3708 prio=94
        tau_rt_2-3704  [003] dn.3  1115.710703: rtg_try_acquire_lock: rtg_block: comm=tau_rt_2 rtgid=1002 tgid=3701 pid=3704 prio=94
        tau_rt_3-3705  [004] dn.3  1115.710705: rtg_try_acquire_lock: rtg_block: comm=tau_rt_3 rtgid=1002 tgid=3702 pid=3705 prio=94
       deepPicar-3668  [005] d..3  1115.710807: rtg_try_release_lock: rtg_release: comm=deepPicar rtgid=1001 tgid=3668 pid=3668 prio=93
          <idle>-0     [000] dn.3  1115.710809: rtg_try_acquire_lock: rtg_acquire: comm=deepPicar rtgid=1002 tgid=3698 pid=3708 prio=94
       deepPicar-3698  [000] ...1  1115.724170: tracing_mark_write: gid=1002: job_start
       deepPicar-3698  [000] dn.3  1115.725639: rtg_try_acquire_lock: rtg_preemptor: comm=tau_rt_4 rtgid=1001 tgid=3663 pid=3670 prio=93
       deepPicar-3698  [000] dn.3  1115.725644: rtg_try_acquire_lock: rtg_preemptee: comm=deepPicar rtgid=1002 tgid=3698 pid=3708 prio=94
        tau_rt_2-3704  [003] dn.3  1115.725658: rtg_try_acquire_lock: rtg_block: comm=tau_rt_2 rtgid=1002 tgid=3701 pid=3704 prio=94
        tau_rt_3-3705  [004] dn.3  1115.725660: rtg_try_acquire_lock: rtg_block: comm=tau_rt_3 rtgid=1002 tgid=3702 pid=3705 prio=94
        tau_rt_4-3706  [005] dn.3  1115.725663: rtg_try_acquire_lock: rtg_block: comm=tau_rt_4 rtgid=1002 tgid=3703 pid=3706 prio=94
        tau_rt_4-3670  [000] ...1  1115.725686: tracing_mark_write: gid=1001: job_start
        tau_rt_4-3670  [000] d..3  1115.746642: rtg_try_acquire_lock: rtg_block: comm=deepPicar rtgid=1002 tgid=3698 pid=3698 prio=94
       deepPicar-3676  [005] d..3  1115.760664: rtg_try_release_lock: rtg_release: comm=deepPicar rtgid=1001 tgid=3668 pid=3676 prio=93
          <idle>-0     [004] dn.3  1115.760668: rtg_try_acquire_lock: rtg_acquire: comm=tau_rt_3 rtgid=1002 tgid=3702 pid=3705 prio=94
       deepPicar-3676  [005] d..3  1115.760672: rtg_try_acquire_lock: rtg_preemptor: comm=deepPicar rtgid=1001 tgid=3668 pid=3668 prio=93
       deepPicar-3676  [005] d..3  1115.760673: rtg_try_acquire_lock: rtg_preemptee: comm=tau_rt_3 rtgid=1002 tgid=3702 pid=3705 prio=94
       deepPicar-3698  [000] dn.3  1115.760676: rtg_try_acquire_lock: rtg_block: comm=deepPicar rtgid=1002 tgid=3698 pid=3698 prio=94
        tau_rt_2-3704  [003] dn.3  1115.760679: rtg_try_acquire_lock: rtg_block: comm=tau_rt_2 rtgid=1002 tgid=3701 pid=3704 prio=94
        tau_rt_3-3705  [004] dn.3  1115.760681: rtg_try_acquire_lock: rtg_block: comm=tau_rt_3 rtgid=1002 tgid=3702 pid=3705 prio=94
       deepPicar-3668  [005] d..3  1115.760779: rtg_try_release_lock: rtg_release: comm=deepPicar rtgid=1001 tgid=3668 pid=3668 prio=93
          <idle>-0     [003] dn.3  1115.760781: rtg_try_acquire_lock: rtg_acquire: comm=tau_rt_2 rtgid=1002 tgid=3701 pid=3704 prio=94
       deepPicar-3708  [000] dn.3  1115.775624: rtg_try_acquire_lock: rtg_preemptor: comm=tau_rt_4 rtgid=1001 tgid=3663 pid=3670 prio=93
       deepPicar-3708  [000] dn.3  1115.775628: rtg_try_acquire_lock: rtg_preemptee: comm=tau_rt_2 rtgid=1002 tgid=3701 pid=3704 prio=94
        tau_rt_2-3704  [003] dn.3  1115.775641: rtg_try_acquire_lock: rtg_block: comm=tau_rt_2 rtgid=1002 tgid=3701 pid=3704 prio=94
        tau_rt_3-3705  [004] dn.3  1115.775644: rtg_try_acquire_lock: rtg_block: comm=tau_rt_3 rtgid=1002 tgid=3702 pid=3705 prio=94
        tau_rt_4-3706  [005] dn.3  1115.775646: rtg_try_acquire_lock: rtg_block: comm=tau_rt_4 rtgid=1002 tgid=3703 pid=3706 prio=94
        tau_rt_4-3670  [000] ...1  1115.775668: tracing_mark_write: gid=1001: job_start
        tau_rt_4-3670  [000] d..3  1115.796694: rtg_try_acquire_lock: rtg_block: comm=deepPicar rtgid=1002 tgid=3698 pid=3708 prio=94
       deepPicar-3676  [005] d..3  1115.810705: rtg_try_release_lock: rtg_release: comm=deepPicar rtgid=1001 tgid=3668 pid=3676 prio=93
          <idle>-0     [004] dn.3  1115.810709: rtg_try_acquire_lock: rtg_acquire: comm=tau_rt_3 rtgid=1002 tgid=3702 pid=3705 prio=94
       deepPicar-3676  [005] d..3  1115.810713: rtg_try_acquire_lock: rtg_preemptor: comm=deepPicar rtgid=1001 tgid=3668 pid=3668 prio=93
       deepPicar-3676  [005] d..3  1115.810714: rtg_try_acquire_lock: rtg_preemptee: comm=tau_rt_3 rtgid=1002 tgid=3702 pid=3705 prio=94
       deepPicar-3708  [000] dn.3  1115.810718: rtg_try_acquire_lock: rtg_block: comm=deepPicar rtgid=1002 tgid=3698 pid=3708 prio=94
        tau_rt_3-3705  [004] dn.3  1115.810720: rtg_try_acquire_lock: rtg_block: comm=tau_rt_3 rtgid=1002 tgid=3702 pid=3705 prio=94
        tau_rt_2-3704  [003] dn.3  1115.810723: rtg_try_acquire_lock: rtg_block: comm=tau_rt_2 rtgid=1002 tgid=3701 pid=3704 prio=94
       deepPicar-3668  [005] d..3  1115.810822: rtg_try_release_lock: rtg_release: comm=deepPicar rtgid=1001 tgid=3668 pid=3668 prio=93
          <idle>-0     [004] dn.3  1115.810824: rtg_try_acquire_lock: rtg_acquire: comm=tau_rt_3 rtgid=1002 tgid=3702 pid=3705 prio=94
       deepPicar-3708  [000] dn.3  1115.825636: rtg_try_acquire_lock: rtg_preemptor: comm=tau_rt_4 rtgid=1001 tgid=3663 pid=3670 prio=93
       deepPicar-3708  [000] dn.3  1115.825641: rtg_try_acquire_lock: rtg_preemptee: comm=tau_rt_3 rtgid=1002 tgid=3702 pid=3705 prio=94
        tau_rt_2-3704  [003] dn.3  1115.825653: rtg_try_acquire_lock: rtg_block: comm=tau_rt_2 rtgid=1002 tgid=3701 pid=3704 prio=94
        tau_rt_3-3705  [004] dn.3  1115.825656: rtg_try_acquire_lock: rtg_block: comm=tau_rt_3 rtgid=1002 tgid=3702 pid=3705 prio=94
        tau_rt_4-3706  [005] dn.3  1115.825658: rtg_try_acquire_lock: rtg_block: comm=tau_rt_4 rtgid=1002 tgid=3703 pid=3706 prio=94
        tau_rt_4-3670  [000] ...1  1115.825680: tracing_mark_write: gid=1001: job_start
        tau_rt_4-3670  [000] d..3  1115.846772: rtg_try_acquire_lock: rtg_block: comm=deepPicar rtgid=1002 tgid=3698 pid=3708 prio=94
       deepPicar-3676  [005] d..3  1115.860808: rtg_try_release_lock: rtg_release: comm=deepPicar rtgid=1001 tgid=3668 pid=3676 prio=93
          <idle>-0     [000] dn.3  1115.860812: rtg_try_acquire_lock: rtg_acquire: comm=deepPicar rtgid=1002 tgid=3698 pid=3708 prio=94
       deepPicar-3676  [005] d..3  1115.860815: rtg_try_acquire_lock: rtg_preemptor: comm=deepPicar rtgid=1001 tgid=3668 pid=3668 prio=93
       deepPicar-3676  [005] d..3  1115.860816: rtg_try_acquire_lock: rtg_preemptee: comm=deepPicar rtgid=1002 tgid=3698 pid=3708 prio=94
        tau_rt_2-3704  [003] dn.3  1115.860820: rtg_try_acquire_lock: rtg_block: comm=tau_rt_2 rtgid=1002 tgid=3701 pid=3704 prio=94
       deepPicar-3708  [000] dn.3  1115.860822: rtg_try_acquire_lock: rtg_block: comm=deepPicar rtgid=1002 tgid=3698 pid=3708 prio=94
        tau_rt_3-3705  [004] dn.3  1115.860825: rtg_try_acquire_lock: rtg_block: comm=tau_rt_3 rtgid=1002 tgid=3702 pid=3705 prio=94
       deepPicar-3668  [005] d..3  1115.860924: rtg_try_release_lock: rtg_release: comm=deepPicar rtgid=1001 tgid=3668 pid=3668 prio=93
          <idle>-0     [000] dn.3  1115.860926: rtg_try_acquire_lock: rtg_acquire: comm=deepPicar rtgid=1002 tgid=3698 pid=3708 prio=94
       deepPicar-3698  [000] ...1  1115.863043: tracing_mark_write: gid=1002: job_start
       deepPicar-3708  [000] dn.3  1115.875625: rtg_try_acquire_lock: rtg_preemptor: comm=tau_rt_4 rtgid=1001 tgid=3663 pid=3670 prio=93
       deepPicar-3708  [000] dn.3  1115.875630: rtg_try_acquire_lock: rtg_preemptee: comm=deepPicar rtgid=1002 tgid=3698 pid=3708 prio=94
        tau_rt_3-3705  [004] dn.3  1115.875643: rtg_try_acquire_lock: rtg_block: comm=tau_rt_3 rtgid=1002 tgid=3702 pid=3705 prio=94
        tau_rt_2-3704  [003] dn.3  1115.875646: rtg_try_acquire_lock: rtg_block: comm=tau_rt_2 rtgid=1002 tgid=3701 pid=3704 prio=94
        tau_rt_4-3706  [005] dn.3  1115.875648: rtg_try_acquire_lock: rtg_block: comm=tau_rt_4 rtgid=1002 tgid=3703 pid=3706 prio=94
        tau_rt_4-3670  [000] ...1  1115.875672: tracing_mark_write: gid=1001: job_start
        tau_rt_4-3670  [000] d..3  1115.896701: rtg_try_acquire_lock: rtg_block: comm=deepPicar rtgid=1002 tgid=3698 pid=3708 prio=94
       deepPicar-3676  [005] d..3  1115.910571: rtg_try_release_lock: rtg_release: comm=deepPicar rtgid=1001 tgid=3668 pid=3676 prio=93
          <idle>-0     [003] dn.3  1115.910574: rtg_try_acquire_lock: rtg_acquire: comm=tau_rt_2 rtgid=1002 tgid=3701 pid=3704 prio=94
       deepPicar-3676  [005] d..3  1115.910578: rtg_try_acquire_lock: rtg_preemptor: comm=deepPicar rtgid=1001 tgid=3668 pid=3668 prio=93
       deepPicar-3676  [005] d..3  1115.910579: rtg_try_acquire_lock: rtg_preemptee: comm=tau_rt_2 rtgid=1002 tgid=3701 pid=3704 prio=94
       deepPicar-3708  [000] dn.3  1115.910583: rtg_try_acquire_lock: rtg_block: comm=deepPicar rtgid=1002 tgid=3698 pid=3708 prio=94
        tau_rt_2-3704  [003] dn.3  1115.910585: rtg_try_acquire_lock: rtg_block: comm=tau_rt_2 rtgid=1002 tgid=3701 pid=3704 prio=94
        tau_rt_3-3705  [004] dn.3  1115.910587: rtg_try_acquire_lock: rtg_block: comm=tau_rt_3 rtgid=1002 tgid=3702 pid=3705 prio=94
       deepPicar-3668  [005] d..3  1115.910688: rtg_try_release_lock: rtg_release: comm=deepPicar rtgid=1001 tgid=3668 pid=3668 prio=93
          <idle>-0     [000] dn.3  1115.910689: rtg_try_acquire_lock: rtg_acquire: comm=deepPicar rtgid=1002 tgid=3698 pid=3708 prio=94
