        tau_rt_4-3761  [000] d..3  1196.894667: rtg_try_release_lock: rtg_release: comm=tau_rt_4 rtgid=1001 tgid=3727 pid=3761 prio=93
          <idle>-0     [005] dn.3  1196.894670: rtg_try_acquire_lock: rtg_acquire: comm=tau_rt_4 rtgid=1002 tgid=3767 pid=3778 prio=94
       deepPicar-3762  [000] ...1  1196.919981: tracing_mark_write: gid=1002: job_start
        tau_rt_3-3777  [004] dn.3  1196.924299: rtg_try_acquire_lock: rtg_preemptor: comm=deepPicar rtgid=1001 tgid=3731 pid=3731 prio=93
        tau_rt_3-3777  [004] dn.3  1196.924301: rtg_try_acquire_lock: rtg_preemptee: comm=tau_rt_4 rtgid=1002 tgid=3767 pid=3778 prio=94
       deepPicar-3769  [000] dn.3  1196.924312: rtg_try_acquire_lock: rtg_block: comm=deepPicar rtgid=1002 tgid=3762 pid=3769 prio=94
        tau_rt_4-3761  [000] ...1  1196.924450: tracing_mark_write: gid=1001: job_start
       deepPicar-3731  [004] d..3  1196.944526: rtg_try_acquire_lock: rtg_block: comm=tau_rt_3 rtgid=1002 tgid=3766 pid=3777 prio=94
       deepPicar-3732  [005] d..3  1196.944531: rtg_try_acquire_lock: rtg_block: comm=tau_rt_4 rtgid=1002 tgid=3767 pid=3778 prio=94
       deepPicar-3730  [003] d..3  1196.944534: rtg_try_acquire_lock: rtg_block: comm=tau_rt_2 rtgid=1002 tgid=3765 pid=3779 prio=94
        tau_rt_4-3761  [000] d..3  1196.944700: rtg_try_release_lock: rtg_release: comm=tau_rt_4 rtgid=1001 tgid=3727 pid=3761 prio=93
          <idle>-0     [003] dn.3  1196.944703: rtg_try_acquire_lock: rtg_acquire: comm=tau_rt_2 rtgid=1002 tgid=3765 pid=3779 prio=94
       deepPicar-3762  [000] ...1  1196.969811: tracing_mark_write: gid=1002: job_start
        tau_rt_3-3777  [004] dn.3  1196.974301: rtg_try_acquire_lock: rtg_preemptor: comm=deepPicar rtgid=1001 tgid=3731 pid=3731 prio=93
        tau_rt_3-3777  [004] dn.3  1196.974304: rtg_try_acquire_lock: rtg_preemptee: comm=tau_rt_2 rtgid=1002 tgid=3765 pid=3779 prio=94
       deepPicar-3769  [000] dn.3  1196.974316: rtg_try_acquire_lock: rtg_block: comm=deepPicar rtgid=1002 tgid=3762 pid=3769 prio=94
        tau_rt_4-3761  [000] ...1  1196.974449: tracing_mark_write: gid=1001: job_start
       deepPicar-3732  [005] d..3  1196.994523: rtg_try_release_lock: rtg_release: comm=deepPicar rtgid=1001 tgid=3732 pid=3732 prio=93
       deepPicar-3731  [004] d..3  1196.994527: rtg_try_acquire_lock: rtg_acquire: comm=tau_rt_3 rtgid=1002 tgid=3766 pid=3777 prio=94
       deepPicar-3762  [000] ...1  1197.022521: tracing_mark_write: gid=1002: job_start
        tau_rt_4-3778  [005] dn.3  1197.024301: rtg_try_acquire_lock: rtg_preemptor: comm=deepPicar rtgid=1001 tgid=3732 pid=3732 prio=93
        tau_rt_4-3778  [005] dn.3  1197.024304: rtg_try_acquire_lock: rtg_preemptee: comm=tau_rt_3 rtgid=1002 tgid=3766 pid=3777 prio=94
       deepPicar-3762  [000] dn.3  1197.024313: rtg_try_acquire_lock: rtg_block: comm=deepPicar rtgid=1002 tgid=3762 pid=3762 prio=94
        tau_rt_4-3761  [000] ...1  1197.024451: tracing_mark_write: gid=1001: job_start
       deepPicar-3732  [005] d..3  1197.044381: rtg_try_acquire_lock: rtg_block: comm=tau_rt_4 rtgid=1002 tgid=3767 pid=3778 prio=94
       deepPicar-3731  [004] d..3  1197.044385: rtg_try_acquire_lock: rtg_block: comm=tau_rt_3 rtgid=1002 tgid=3766 pid=3777 prio=94
       deepPicar-3730  [003] d..3  1197.044388: rtg_try_acquire_lock: rtg_block: comm=tau_rt_2 rtgid=1002 tgid=3765 pid=3779 prio=94
        tau_rt_4-3761  [000] d..3  1197.044542: rtg_try_release_lock: rtg_release: comm=tau_rt_4 rtgid=1001 tgid=3727 pid=3761 prio=93
          <idle>-0     [003] dn.3  1197.044544: rtg_try_acquire_lock: rtg_acquire: comm=tau_rt_2 rtgid=1002 tgid=3765 pid=3779 prio=94
       deepPicar-3762  [000] ...1  1197.070919: tracing_mark_write: gid=1002: job_start
        tau_rt_4-3778  [005] dn.3  1197.074300: rtg_try_acquire_lock: rtg_preemptor: comm=deepPicar rtgid=1001 tgid=3732 pid=3732 prio=93
        tau_rt_4-3778  [005] dn.3  1197.074303: rtg_try_acquire_lock: rtg_preemptee: comm=tau_rt_2 rtgid=1002 tgid=3765 pid=3779 prio=94
       deepPicar-3769  [000] dn.3  1197.074313: rtg_try_acquire_lock: rtg_block: comm=deepPicar rtgid=1002 tgid=3762 pid=3769 prio=94
        tau_rt_4-3761  [000] ...1  1197.074451: tracing_mark_write: gid=1001: job_start
       deepPicar-3732  [005] d..3  1197.094331: rtg_try_acquire_lock: rtg_block: comm=tau_rt_4 rtgid=1002 tgid=3767 pid=3778 prio=94
       deepPicar-3731  [004] d..3  1197.094335: rtg_try_acquire_lock: rtg_block: comm=tau_rt_3 rtgid=1002 tgid=3766 pid=3777 prio=94
       deepPicar-3730  [003] d..3  1197.094338: rtg_try_acquire_lock: rtg_block: comm=tau_rt_2 rtgid=1002 tgid=3765 pid=3779 prio=94
        tau_rt_4-3761  [000] d..3  1197.094607: rtg_try_release_lock: rtg_release: comm=tau_rt_4 rtgid=1001 tgid=3727 pid=3761 prio=93
          <idle>-0     [003] dn.3  1197.094610: rtg_try_acquire_lock: rtg_acquire: comm=tau_rt_2 rtgid=1002 tgid=3765 pid=3779 prio=94
       deepPicar-3762  [000] ...1  1197.120350: tracing_mark_write: gid=1002: job_start
        tau_rt_4-3778  [005] dn.3  1197.124298: rtg_try_acquire_lock: rtg_preemptor: comm=deepPicar rtgid=1001 tgid=3732 pid=3732 prio=93
        tau_rt_4-3778  [005] dn.3  1197.124300: rtg_try_acquire_lock: rtg_preemptee: comm=tau_rt_2 rtgid=1002 tgid=3765 pid=3779 prio=94
       deepPicar-3769  [000] dn.3  1197.124309: rtg_try_acquire_lock: rtg_block: comm=deepPicar rtgid=1002 tgid=3762 pid=3769 prio=94
        tau_rt_4-3761  [000] ...1  1197.124449: tracing_mark_write: gid=1001: job_start
       deepPicar-3731  [004] d..3  1197.144448: rtg_try_acquire_lock: rtg_block: comm=tau_rt_3 rtgid=1002 tgid=3766 pid=3777 prio=94
       deepPicar-3730  [003] d..3  1197.144453: rtg_try_acquire_lock: rtg_block: comm=tau_rt_2 rtgid=1002 tgid=3765 pid=3779 prio=94
       deepPicar-3732  [005] d..3  1197.144456: rtg_try_acquire_lock: rtg_block: comm=tau_rt_4 rtgid=1002 tgid=3767 pid=3778 prio=94
        tau_rt_4-3761  [000] d..3  1197.144684: rtg_try_release_lock: rtg_release: comm=tau_rt_4 rtgid=1001 tgid=3727 pid=3761 prio=93
          <idle>-0     [004] dn.3  1197.144687: rtg_try_acquire_lock: rtg_acquire: comm=tau_rt_3 rtgid=1002 tgid=3766 pid=3777 prio=94
       deepPicar-3762  [000] ...1  1197.170007: tracing_mark_write: gid=1002: job_start
        tau_rt_4-3778  [005] dn.3  1197.174300: rtg_try_acquire_lock: rtg_preemptor: comm=deepPicar rtgid=1001 tgid=3732 pid=3732 prio=93
        tau_rt_4-3778  [005] dn.3  1197.174302: rtg_try_acquire_lock: rtg_preemptee: comm=tau_rt_3 rtgid=1002 tgid=3766 pid=3777 prio=94
       deepPicar-3769  [000] dn.3  1197.174315: rtg_try_acquire_lock: rtg_block: comm=deepPicar rtgid=1002 tgid=3762 pid=3769 prio=94
        tau_rt_4-3761  [000] ...1  1197.174452: tracing_mark_write: gid=1001: job_start
       deepPicar-3731  [004] d..3  1197.194564: rtg_try_acquire_lock: rtg_block: comm=tau_rt_3 rtgid=1002 tgid=3766 pid=3777 prio=94
       deepPicar-3732  [005] d..3  1197.194568: rtg_try_acquire_lock: rtg_block: comm=tau_rt_4 rtgid=1002 tgid=3767 pid=3778 prio=94
       deepPicar-3730  [003] d..3  1197.194571: rtg_try_acquire_lock: rtg_block: comm=tau_rt_2 rtgid=1002 tgid=3765 pid=3779 prio=94
        tau_rt_4-3761  [000] d..3  1197.194662: rtg_try_release_lock: rtg_release: comm=tau_rt_4 rtgid=1001 tgid=3727 pid=3761 prio=93
          <idle>-0     [004] dn.3  1197.194664: rtg_try_acquire_lock: rtg_acquire: comm=tau_rt_3 rtgid=1002 tgid=3766 pid=3777 prio=94
       deepPicar-3762  [000] ...1  1197.220049: tracing_mark_write: gid=1002: job_start
        tau_rt_3-3777  [004] dn.3  1197.224298: rtg_try_acquire_lock: rtg_preemptor: comm=deepPicar rtgid=1001 tgid=3731 pid=3731 prio=93
        tau_rt_3-3777  [004] dn.3  1197.224300: rtg_try_acquire_lock: rtg_preemptee: comm=tau_rt_3 rtgid=1002 tgid=3766 pid=3777 prio=94
       deepPicar-3769  [000] dn.3  1197.224310: rtg_try_acquire_lock: rtg_block: comm=deepPicar rtgid=1002 tgid=3762 pid=3769 prio=94
        tau_rt_4-3761  [000] ...1  1197.224450: tracing_mark_write: gid=1001: job_start
       deepPicar-3732  [005] d..3  1197.244367: rtg_try_acquire_lock: rtg_block: comm=tau_rt_4 rtgid=1002 tgid=3767 pid=3778 prio=94
       deepPicar-3731  [004] d..3  1197.244372: rtg_try_acquire_lock: rtg_block: comm=tau_rt_3 rtgid=1002 tgid=3766 pid=3777 prio=94
       deepPicar-3730  [003] d..3  1197.244375: rtg_try_acquire_lock: rtg_block: comm=tau_rt_2 rtgid=1002 tgid=3765 pid=3779 prio=94
        tau_rt_4-3761  [000] d..3  1197.244662: rtg_try_release_lock: rtg_release: comm=tau_rt_4 rtgid=1001 tgid=3727 pid=3761 prio=93
          <idle>-0     [003] dn.3  1197.244665: rtg_try_acquire_lock: rtg_acquire: comm=tau_rt_2 rtgid=1002 tgid=3765 pid=3779 prio=94
       deepPicar-3762  [000] ...1  1197.269746: tracing_mark_write: gid=1002: job_start
        tau_rt_3-3777  [004] dn.3  1197.274300: rtg_try_acquire_lock: rtg_preemptor: comm=deepPicar rtgid=1001 tgid=3731 pid=3731 prio=93
        tau_rt_3-3777  [004] dn.3  1197.274302: rtg_try_acquire_lock: rtg_preemptee: comm=tau_rt_2 rtgid=1002 tgid=3765 pid=3779 prio=94
       deepPicar-3769  [000] dn.3  1197.274315: rtg_try_acquire_lock: rtg_block: comm=deepPicar rtgid=1002 tgid=3762 pid=3769 prio=94
        tau_rt_4-3761  [000] ...1  1197.274449: tracing_mark_write: gid=1001: job_start
       deepPicar-3731  [004] d..3  1197.294456: rtg_try_acquire_lock: rtg_block: comm=tau_rt_3 rtgid=1002 tgid=3766 pid=3777 prio=94
       deepPicar-3730  [003] d..3  1197.294461: rtg_try_acquire_lock: rtg_block: comm=tau_rt_2 rtgid=1002 tgid=3765 pid=3779 prio=94
       deepPicar-3732  [005] d..3  1197.294464: rtg_try_acquire_lock: rtg_block: comm=tau_rt_4 rtgid=1002 tgid=3767 pid=3778 prio=94
        tau_rt_4-3761  [000] d..3  1197.294595: rtg_try_release_lock: rtg_release: comm=tau_rt_4 rtgid=1001 tgid=3727 pid=3761 prio=93
          <idle>-0     [003] dn.3  1197.294598: rtg_try_acquire_lock: rtg_acquire: comm=tau_rt_2 rtgid=1002 tgid=3765 pid=3779 prio=94
       deepPicar-3762  [000] ...1  1197.319532: tracing_mark_write: gid=1002: job_start
        tau_rt_3-3777  [004] dn.3  1197.324301: rtg_try_acquire_lock: rtg_preemptor: comm=deepPicar rtgid=1001 tgid=3731 pid=3731 prio=93
        tau_rt_3-3777  [004] dn.3  1197.324303: rtg_try_acquire_lock: rtg_preemptee: comm=tau_rt_2 rtgid=1002 tgid=3765 pid=3779 prio=94
       deepPicar-3769  [000] dn.3  1197.324315: rtg_try_acquire_lock: rtg_block: comm=deepPicar rtgid=1002 tgid=3762 pid=3769 prio=94
        tau_rt_4-3761  [000] ...1  1197.324447: tracing_mark_write: gid=1001: job_start
       deepPicar-3731  [004] d..3  1197.344514: rtg_try_acquire_lock: rtg_block: comm=tau_rt_3 rtgid=1002 tgid=3766 pid=3777 prio=94
       deepPicar-3730  [003] d..3  1197.344518: rtg_try_acquire_lock: rtg_block: comm=tau_rt_2 rtgid=1002 tgid=3765 pid=3779 prio=94
       deepPicar-3732  [005] d..3  1197.344522: rtg_try_acquire_lock: rtg_block: comm=tau_rt_4 rtgid=1002 tgid=3767 pid=3778 prio=94
        tau_rt_4-3761  [000] d..3  1197.344675: rtg_try_release_lock: rtg_release: comm=tau_rt_4 rtgid=1001 tgid=3727 pid=3761 prio=93
          <idle>-0     [004] dn.3  1197.344678: rtg_try_acquire_lock: rtg_acquire: comm=tau_rt_3 rtgid=1002 tgid=3766 pid=3777 prio=94
       deepPicar-3762  [000] ...1  1197.369875: tracing_mark_write: gid=1002: job_start
        tau_rt_3-3777  [004] dn.3  1197.374300: rtg_try_acquire_lock: rtg_preemptor: comm=deepPicar rtgid=1001 tgid=3731 pid=3731 prio=93
        tau_rt_3-3777  [004] dn.3  1197.374302: rtg_try_acquire_lock: rtg_preemptee: comm=tau_rt_3 rtgid=1002 tgid=3766 pid=3777 prio=94
       deepPicar-3769  [000] dn.3  1197.374314: rtg_try_acquire_lock: rtg_block: comm=deepPicar rtgid=1002 tgid=3762 pid=3769 prio=94
        tau_rt_4-3761  [000] ...1  1197.374450: tracing_mark_write: gid=1001: job_start
       deepPicar-3731  [004] d..3  1197.394539: rtg_try_acquire_lock: rtg_block: comm=tau_rt_3 rtgid=1002 tgid=3766 pid=3777 prio=94
       deepPicar-3732  [005] d..3  1197.394544: rtg_try_acquire_lock: rtg_block: comm=tau_rt_4 rtgid=1002 tgid=3767 pid=3778 prio=94
       deepPicar-3730  [003] d..3  1197.394548: rtg_try_acquire_lock: rtg_block: comm=tau_rt_2 rtgid=1002 tgid=3765 pid=3779 prio=94
        tau_rt_4-3761  [000] d..3  1197.394693: rtg_try_release_lock: rtg_release: comm=tau_rt_4 rtgid=1001 tgid=3727 pid=3761 prio=93
   kworker/u13:0-143   [005] dn.3  1197.394695: rtg_try_acquire_lock: rtg_acquire: comm=tau_rt_4 rtgid=1002 tgid=3767 pid=3778 prio=94
       deepPicar-3762  [000] ...1  1197.419966: tracing_mark_write: gid=1002: job_start
        tau_rt_4-3778  [005] dn.3  1197.424300: rtg_try_acquire_lock: rtg_preemptor: comm=deepPicar rtgid=1001 tgid=3732 pid=3732 prio=93
        tau_rt_4-3778  [005] dn.3  1197.424302: rtg_try_acquire_lock: rtg_preemptee: comm=tau_rt_4 rtgid=1002 tgid=3767 pid=3778 prio=94
       deepPicar-3769  [000] dn.3  1197.424312: rtg_try_acquire_lock: rtg_block: comm=deepPicar rtgid=1002 tgid=3762 pid=3769 prio=94
        tau_rt_4-3761  [000] ...1  1197.424450: tracing_mark_write: gid=1001: job_start
       deepPicar-3730  [003] d..3  1197.444580: rtg_try_acquire_lock: rtg_block: comm=tau_rt_2 rtgid=1002 tgid=3765 pid=3779 prio=94
       deepPicar-3732  [005] d..3  1197.444585: rtg_try_acquire_lock: rtg_block: comm=tau_rt_4 rtgid=1002 tgid=3767 pid=3778 prio=94
       deepPicar-3731  [004] d..3  1197.444588: rtg_try_acquire_lock: rtg_block: comm=tau_rt_3 rtgid=1002 tgid=3766 pid=3777 prio=94
        tau_rt_4-3761  [000] d..3  1197.444644: rtg_try_release_lock: rtg_release: comm=tau_rt_4 rtgid=1001 tgid=3727 pid=3761 prio=93
          <idle>-0     [005] dn.3  1197.444646: rtg_try_acquire_lock: rtg_acquire: comm=tau_rt_4 rtgid=1002 tgid=3767 pid=3778 prio=94
       deepPicar-3762  [000] ...1  1197.469454: tracing_mark_write: gid=1002: job_start
        tau_rt_4-3778  [005] dn.3  1197.474300: rtg_try_acquire_lock: rtg_preemptor: comm=deepPicar rtgid=1001 tgid=3732 pid=3732 prio=93
        tau_rt_4-3778  [005] dn.3  1197.474303: rtg_try_acquire_lock: rtg_preemptee: comm=tau_rt_4 rtgid=1002 tgid=3767 pid=3778 prio=94
       deepPicar-3769  [000] dn.3  1197.474316: rtg_try_acquire_lock: rtg_block: comm=deepPicar rtgid=1002 tgid=3762 pid=3769 prio=94
        tau_rt_4-3761  [000] ...1  1197.474452: tracing_mark_write: gid=1001: job_start
       deepPicar-3731  [004] d..3  1197.494441: rtg_try_acquire_lock: rtg_block: comm=tau_rt_3 rtgid=1002 tgid=3766 pid=3777 prio=94
       deepPicar-3730  [003] d..3  1197.494446: rtg_try_acquire_lock: rtg_block: comm=tau_rt_2 rtgid=1002 tgid=3765 pid=3779 prio=94
       deepPicar-3732  [005] d..3  1197.494449: rtg_try_acquire_lock: rtg_block: comm=tau_rt_4 rtgid=1002 tgid=3767 pid=3778 prio=94
        tau_rt_4-3761  [000] d..3  1197.494718: rtg_try_release_lock: rtg_release: comm=tau_rt_4 rtgid=1001 tgid=3727 pid=3761 prio=93
          <idle>-0     [004] dn.3  1197.494721: rtg_try_acquire_lock: rtg_acquire: comm=tau_rt_3 rtgid=1002 tgid=3766 pid=3777 prio=94
       deepPicar-3762  [000] ...1  1197.519549: tracing_mark_write: gid=1002: job_start
        tau_rt_3-3777  [004] dn.3  1197.524298: rtg_try_acquire_lock: rtg_preemptor: comm=deepPicar rtgid=1001 tgid=3731 pid=3731 prio=93
        tau_rt_3-3777  [004] dn.3  1197.524300: rtg_try_acquire_lock: rtg_preemptee: comm=tau_rt_3 rtgid=1002 tgid=3766 pid=3777 prio=94
       deepPicar-3769  [000] dn.3  1197.524309: rtg_try_acquire_lock: rtg_block: comm=deepPicar rtgid=1002 tgid=3762 pid=3769 prio=94
        tau_rt_4-3761  [000] ...1  1197.524448: tracing_mark_write: gid=1001: job_start
       deepPicar-3732  [005] d..3  1197.544696: rtg_try_acquire_lock: rtg_block: comm=tau_rt_4 rtgid=1002 tgid=3767 pid=3778 prio=94
       deepPicar-3731  [004] d..3  1197.544700: rtg_try_acquire_lock: rtg_block: comm=tau_rt_3 rtgid=1002 tgid=3766 pid=3777 prio=94
       deepPicar-3730  [003] d..3  1197.544704: rtg_try_acquire_lock: rtg_block: comm=tau_rt_2 rtgid=1002 tgid=3765 pid=3779 prio=94
        tau_rt_4-3761  [000] d..3  1197.544769: rtg_try_release_lock: rtg_release: comm=tau_rt_4 rtgid=1001 tgid=3727 pid=3761 prio=93
          <idle>-0     [005] dn.3  1197.544772: rtg_try_acquire_lock: rtg_acquire: comm=tau_rt_4 rtgid=1002 tgid=3767 pid=3778 prio=94
       deepPicar-3762  [000] ...1  1197.569793: tracing_mark_write: gid=1002: job_start
        tau_rt_3-3777  [004] dn.3  1197.574299: rtg_try_acquire_lock: rtg_preemptor: comm=deepPicar rtgid=1001 tgid=3731 pid=3731 prio=93
        tau_rt_3-3777  [004] dn.3  1197.574301: rtg_try_acquire_lock: rtg_preemptee: comm=tau_rt_4 rtgid=1002 tgid=3767 pid=3778 prio=94
       deepPicar-3769  [000] dn.3  1197.574314: rtg_try_acquire_lock: rtg_block: comm=deepPicar rtgid=1002 tgid=3762 pid=3769 prio=94
        tau_rt_4-3761  [000] ...1  1197.574448: tracing_mark_write: gid=1001: job_start
       deepPicar-3732  [005] d..3  1197.594598: rtg_try_acquire_lock: rtg_block: comm=tau_rt_4 rtgid=1002 tgid=3767 pid=3778 prio=94
       deepPicar-3731  [004] d..3  1197.594602: rtg_try_acquire_lock: rtg_block: comm=tau_rt_3 rtgid=1002 tgid=3766 pid=3777 prio=94
       deepPicar-3730  [003] d..3  1197.594605: rtg_try_acquire_lock: rtg_block: comm=tau_rt_2 rtgid=1002 tgid=3765 pid=3779 prio=94
        tau_rt_4-3761  [000] d..3  1197.594638: rtg_try_release_lock: rtg_release: comm=tau_rt_4 rtgid=1001 tgid=3727 pid=3761 prio=93
          <idle>-0     [004] dn.3  1197.594640: rtg_try_acquire_lock: rtg_acquire: comm=tau_rt_3 rtgid=1002 tgid=3766 pid=3777 prio=94
       deepPicar-3762  [000] ...1  1197.619785: tracing_mark_write: gid=1002: job_start
        tau_rt_3-3777  [004] dn.3  1197.624298: rtg_try_acquire_lock: rtg_preemptor: comm=deepPicar rtgid=1001 tgid=3731 pid=3731 prio=93
        tau_rt_3-3777  [004] dn.3  1197.624301: rtg_try_acquire_lock: rtg_preemptee: comm=tau_rt_3 rtgid=1002 tgid=3766 pid=3777 prio=94
       deepPicar-3769  [000] dn.3  1197.624310: rtg_try_acquire_lock: rtg_block: comm=deepPicar rtgid=1002 tgid=3762 pid=3769 prio=94
        tau_rt_4-3761  [000] ...1  1197.624451: tracing_mark_write: gid=1001: job_start
       deepPicar-3732  [005] d..3  1197.644509: rtg_try_acquire_lock: rtg_block: comm=tau_rt_4 rtgid=1002 tgid=3767 pid=3778 prio=94
       deepPicar-3731  [004] d..3  1197.644513: rtg_try_acquire_lock: rtg_block: comm=tau_rt_3 rtgid=1002 tgid=3766 pid=3777 prio=94
       deepPicar-3730  [003] d..3  1197.644517: rtg_try_acquire_lock: rtg_block: comm=tau_rt_2 rtgid=1002 tgid=3765 pid=3779 prio=94
        tau_rt_4-3761  [000] d..3  1197.644644: rtg_try_release_lock: rtg_release: comm=tau_rt_4 rtgid=1001 tgid=3727 pid=3761 prio=93
          <idle>-0     [004] dn.3  1197.644647: rtg_try_acquire_lock: rtg_acquire: comm=tau_rt_3 rtgid=1002 tgid=3766 pid=3777 prio=94
       deepPicar-3762  [000] ...1  1197.669670: tracing_mark_write: gid=1002: job_start
        tau_rt_4-3778  [005] dn.3  1197.674300: rtg_try_acquire_lock: rtg_preemptor: comm=deepPicar rtgid=1001 tgid=3732 pid=3732 prio=93
        tau_rt_4-3778  [005] dn.3  1197.674303: rtg_try_acquire_lock: rtg_preemptee: comm=tau_rt_3 rtgid=1002 tgid=3766 pid=3777 prio=94
       deepPicar-3769  [000] dn.3  1197.674317: rtg_try_acquire_lock: rtg_block: comm=deepPicar rtgid=1002 tgid=3762 pid=3769 prio=94
        tau_rt_4-3761  [000] ...1  1197.674449: tracing_mark_write: gid=1001: job_start
       deepPicar-3730  [003] d..3  1197.694660: rtg_try_acquire_lock: rtg_block: comm=tau_rt_2 rtgid=1002 tgid=3765 pid=3779 prio=94
       deepPicar-3731  [004] d..3  1197.694664: rtg_try_acquire_lock: rtg_block: comm=tau_rt_3 rtgid=1002 tgid=3766 pid=3777 prio=94
       deepPicar-3732  [005] d..3  1197.694667: rtg_try_acquire_lock: rtg_block: comm=tau_rt_4 rtgid=1002 tgid=3767 pid=3778 prio=94
        tau_rt_4-3761  [000] d..3  1197.694711: rtg_try_release_lock: rtg_release: comm=tau_rt_4 rtgid=1001 tgid=3727 pid=3761 prio=93
          <idle>-0     [003] dn.3  1197.694714: rtg_try_acquire_lock: rtg_acquire: comm=tau_rt_2 rtgid=1002 tgid=3765 pid=3779 prio=94
       deepPicar-3762  [000] ...1  1197.719818: tracing_mark_write: gid=1002: job_start
        tau_rt_4-3778  [005] dn.3  1197.724300: rtg_try_acquire_lock: rtg_preemptor: comm=deepPicar rtgid=1001 tgid=3732 pid=3732 prio=93
        tau_rt_4-3778  [005] dn.3  1197.724302: rtg_try_acquire_lock: rtg_preemptee: comm=tau_rt_2 rtgid=1002 tgid=3765 pid=3779 prio=94
       deepPicar-3769  [000] dn.3  1197.724312: rtg_try_acquire_lock: rtg_block: comm=deepPicar rtgid=1002 tgid=3762 pid=3769 prio=94
        tau_rt_4-3761  [000] ...1  1197.724447: tracing_mark_write: gid=1001: job_start
       deepPicar-3730  [003] d..3  1197.744498: rtg_try_release_lock: rtg_release: comm=deepPicar rtgid=1001 tgid=3730 pid=3730 prio=93
       deepPicar-3732  [005] d..3  1197.744502: rtg_try_acquire_lock: rtg_acquire: comm=tau_rt_4 rtgid=1002 tgid=3767 pid=3778 prio=94
        tau_rt_2-3779  [003] d..3  1197.765379: rtg_try_release_lock: rtg_release: comm=tau_rt_2 rtgid=1002 tgid=3765 pid=3779 prio=94
          <idle>-0     [005] dn.3  1197.768673: rtg_try_acquire_lock: rtg_acquire: comm=tau_rt_4 rtgid=1002 tgid=3767 pid=3778 prio=94
        tau_rt_3-3777  [004] dn.3  1197.774300: rtg_try_acquire_lock: rtg_preemptor: comm=deepPicar rtgid=1001 tgid=3731 pid=3731 prio=93
        tau_rt_3-3777  [004] dn.3  1197.774303: rtg_try_acquire_lock: rtg_preemptee: comm=tau_rt_4 rtgid=1002 tgid=3767 pid=3778 prio=94
        tau_rt_4-3761  [000] ...1  1197.774440: tracing_mark_write: gid=1001: job_start
       deepPicar-3731  [004] d..3  1197.794553: rtg_try_acquire_lock: rtg_block: comm=tau_rt_3 rtgid=1002 tgid=3766 pid=3777 prio=94
       deepPicar-3732  [005] d..3  1197.794557: rtg_try_acquire_lock: rtg_block: comm=tau_rt_4 rtgid=1002 tgid=3767 pid=3778 prio=94
       deepPicar-3730  [003] d..3  1197.794560: rtg_try_acquire_lock: rtg_block: comm=tau_rt_2 rtgid=1002 tgid=3765 pid=3779 prio=94
        tau_rt_4-3761  [000] d..3  1197.794739: rtg_try_release_lock: rtg_release: comm=tau_rt_4 rtgid=1001 tgid=3727 pid=3761 prio=93
          <idle>-0     [004] dn.3  1197.794741: rtg_try_acquire_lock: rtg_acquire: comm=tau_rt_3 rtgid=1002 tgid=3766 pid=3777 prio=94
       deepPicar-3762  [000] ...1  1197.819638: tracing_mark_write: gid=1002: job_start
        tau_rt_3-3777  [004] dn.3  1197.824299: rtg_try_acquire_lock: rtg_preemptor: comm=deepPicar rtgid=1001 tgid=3731 pid=3731 prio=93
        tau_rt_3-3777  [004] dn.3  1197.824301: rtg_try_acquire_lock: rtg_preemptee: comm=tau_rt_3 rtgid=1002 tgid=3766 pid=3777 prio=94
       deepPicar-3769  [000] dn.3  1197.824310: rtg_try_acquire_lock: rtg_block: comm=deepPicar rtgid=1002 tgid=3762 pid=3769 prio=94
        tau_rt_4-3761  [000] ...1  1197.824449: tracing_mark_write: gid=1001: job_start
       deepPicar-3732  [005] d..3  1197.844442: rtg_try_acquire_lock: rtg_block: comm=tau_rt_4 rtgid=1002 tgid=3767 pid=3778 prio=94
       deepPicar-3731  [004] d..3  1197.844446: rtg_try_acquire_lock: rtg_block: comm=tau_rt_3 rtgid=1002 tgid=3766 pid=3777 prio=94
       deepPicar-3730  [003] d..3  1197.844450: rtg_try_acquire_lock: rtg_block: comm=tau_rt_2 rtgid=1002 tgid=3765 pid=3779 prio=94
        tau_rt_4-3761  [000] d..3  1197.844642: rtg_try_release_lock: rtg_release: comm=tau_rt_4 rtgid=1001 tgid=3727 pid=3761 prio=93
          <idle>-0     [003] dn.3  1197.844646: rtg_try_acquire_lock: rtg_acquire: comm=tau_rt_2 rtgid=1002 tgid=3765 pid=3779 prio=94
       deepPicar-3762  [000] ...1  1197.869829: tracing_mark_write: gid=1002: job_start
        tau_rt_3-3777  [004] dn.3  1197.874299: rtg_try_acquire_lock: rtg_preemptor: comm=deepPicar rtgid=1001 tgid=3731 pid=3731 prio=93
        tau_rt_3-3777  [004] dn.3  1197.874302: rtg_try_acquire_lock: rtg_preemptee: comm=tau_rt_2 rtgid=1002 tgid=3765 pid=3779 prio=94
       deepPicar-3769  [000] dn.3  1197.874314: rtg_try_acquire_lock: rtg_block: comm=deepPicar rtgid=1002 tgid=3762 pid=3769 prio=94
        tau_rt_4-3761  [000] ...1  1197.874450: tracing_mark_write: gid=1001: job_start
       deepPicar-3730  [003] d..3  1197.894460: rtg_try_acquire_lock: rtg_block: comm=tau_rt_2 rtgid=1002 tgid=3765 pid=3779 prio=94
       deepPicar-3732  [005] d..3  1197.894465: rtg_try_acquire_lock: rtg_block: comm=tau_rt_4 rtgid=1002 tgid=3767 pid=3778 prio=94
       deepPicar-3731  [004] d..3  1197.894468: rtg_try_acquire_lock: rtg_block: comm=tau_rt_3 rtgid=1002 tgid=3766 pid=3777 prio=94
        tau_rt_4-3761  [000] d..3  1197.894715: rtg_try_release_lock: rtg_release: comm=tau_rt_4 rtgid=1001 tgid=3727 pid=3761 prio=93
          <idle>-0     [003] dn.3  1197.894719: rtg_try_acquire_lock: rtg_acquire: comm=tau_rt_2 rtgid=1002 tgid=3765 pid=3779 prio=94
       deepPicar-3762  [000] ...1  1197.920073: tracing_mark_write: gid=1002: job_start
        tau_rt_3-3777  [004] dn.3  1197.924300: rtg_try_acquire_lock: rtg_preemptor: comm=deepPicar rtgid=1001 tgid=3731 pid=3731 prio=93
        tau_rt_3-3777  [004] dn.3  1197.924302: rtg_try_acquire_lock: rtg_preemptee: comm=tau_rt_2 rtgid=1002 tgid=3765 pid=3779 prio=94
       deepPicar-3769  [000] dn.3  1197.924312: rtg_try_acquire_lock: rtg_block: comm=deepPicar rtgid=1002 tgid=3762 pid=3769 prio=94
        tau_rt_4-3761  [000] ...1  1197.924451: tracing_mark_write: gid=1001: job_start
       deepPicar-3731  [004] d..3  1197.944669: rtg_try_acquire_lock: rtg_block: comm=tau_rt_3 rtgid=1002 tgid=3766 pid=3777 prio=94
       deepPicar-3732  [005] d..3  1197.944673: rtg_try_acquire_lock: rtg_block: comm=tau_rt_4 rtgid=1002 tgid=3767 pid=3778 prio=94
       deepPicar-3730  [003] d..3  1197.944676: rtg_try_acquire_lock: rtg_block: comm=tau_rt_2 rtgid=1002 tgid=3765 pid=3779 prio=94
        tau_rt_4-3761  [000] d..3  1197.944719: rtg_try_release_lock: rtg_release: comm=tau_rt_4 rtgid=1001 tgid=3727 pid=3761 prio=93
        tau_rt_4-3761  [000] d..3  1197.944722: rtg_try_acquire_lock: rtg_acquire: comm=deepPicar rtgid=1002 tgid=3762 pid=3769 prio=94
       deepPicar-3769  [000] d..3  1197.963950: rtg_try_release_lock: rtg_release: comm=deepPicar rtgid=1002 tgid=3762 pid=3769 prio=94
       deepPicar-3769  [000] d..3  1197.963953: rtg_try_acquire_lock: rtg_acquire: comm=deepPicar rtgid=1002 tgid=3762 pid=3762 prio=94
       deepPicar-3762  [000] ...1  1197.964092: tracing_mark_write: gid=1002: job_start
       deepPicar-3762  [000] d..3  1197.965219: rtg_try_release_lock: rtg_release: comm=deepPicar rtgid=1002 tgid=3762 pid=3762 prio=94
       deepPicar-3762  [000] d..3  1197.965221: rtg_try_acquire_lock: rtg_acquire: comm=deepPicar rtgid=1002 tgid=3762 pid=3771 prio=94
       deepPicar-3771  [000] d..3  1197.965997: rtg_try_release_lock: rtg_release: comm=deepPicar rtgid=1002 tgid=3762 pid=3771 prio=94
       deepPicar-3771  [000] d..3  1197.965999: rtg_try_acquire_lock: rtg_acquire: comm=deepPicar rtgid=1002 tgid=3762 pid=3769 prio=94
          <idle>-0     [004] dn.3  1197.974302: rtg_try_acquire_lock: rtg_preemptor: comm=deepPicar rtgid=1001 tgid=3731 pid=3731 prio=93
          <idle>-0     [004] dn.3  1197.974304: rtg_try_acquire_lock: rtg_preemptee: comm=deepPicar rtgid=1002 tgid=3762 pid=3769 prio=94
       deepPicar-3769  [000] dn.3  1197.974315: rtg_try_acquire_lock: rtg_block: comm=deepPicar rtgid=1002 tgid=3762 pid=3769 prio=94
        tau_rt_4-3761  [000] ...1  1197.974450: tracing_mark_write: gid=1001: job_start
       deepPicar-3731  [004] d..3  1197.994658: rtg_try_acquire_lock: rtg_block: comm=tau_rt_3 rtgid=1002 tgid=3766 pid=3777 prio=94
       deepPicar-3732  [005] d..3  1197.994662: rtg_try_acquire_lock: rtg_block: comm=tau_rt_4 rtgid=1002 tgid=3767 pid=3778 prio=94
       deepPicar-3730  [003] d..3  1197.994667: rtg_try_acquire_lock: rtg_block: comm=tau_rt_2 rtgid=1002 tgid=3765 pid=3779 prio=94
        tau_rt_4-3761  [000] d..3  1197.994699: rtg_try_release_lock: rtg_release: comm=tau_rt_4 rtgid=1001 tgid=3727 pid=3761 prio=93
          <idle>-0     [003] dn.3  1197.994701: rtg_try_acquire_lock: rtg_acquire: comm=tau_rt_2 rtgid=1002 tgid=3765 pid=3779 prio=94
       deepPicar-3762  [000] ...1  1198.014017: tracing_mark_write: gid=1002: job_start
        tau_rt_4-3778  [005] dn.3  1198.024300: rtg_try_acquire_lock: rtg_preemptor: comm=deepPicar rtgid=1001 tgid=3732 pid=3732 prio=93
        tau_rt_4-3778  [005] dn.3  1198.024302: rtg_try_acquire_lock: rtg_preemptee: comm=tau_rt_2 rtgid=1002 tgid=3765 pid=3779 prio=94
       deepPicar-3769  [000] dn.3  1198.024312: rtg_try_acquire_lock: rtg_block: comm=deepPicar rtgid=1002 tgid=3762 pid=3769 prio=94
        tau_rt_4-3761  [000] ...1  1198.024447: tracing_mark_write: gid=1001: job_start
       deepPicar-3731  [004] d..3  1198.044625: rtg_try_acquire_lock: rtg_block: comm=tau_rt_3 rtgid=1002 tgid=3766 pid=3777 prio=94
       deepPicar-3730  [003] d..3  1198.044629: rtg_try_acquire_lock: rtg_block: comm=tau_rt_2 rtgid=1002 tgid=3765 pid=3779 prio=94
       deepPicar-3732  [005] d..3  1198.044632: rtg_try_acquire_lock: rtg_block: comm=tau_rt_4 rtgid=1002 tgid=3767 pid=3778 prio=94
        tau_rt_4-3761  [000] d..3  1198.044758: rtg_try_release_lock: rtg_release: comm=tau_rt_4 rtgid=1001 tgid=3727 pid=3761 prio=93
          <idle>-0     [003] dn.3  1198.044761: rtg_try_acquire_lock: rtg_acquire: comm=tau_rt_2 rtgid=1002 tgid=3765 pid=3779 prio=94
       deepPicar-3762  [000] ...1  1198.066541: tracing_mark_write: gid=1002: job_start
        tau_rt_3-3777  [004] dn.3  1198.074302: rtg_try_acquire_lock: rtg_preemptor: comm=deepPicar rtgid=1001 tgid=3731 pid=3731 prio=93
        tau_rt_3-3777  [004] dn.3  1198.074305: rtg_try_acquire_lock: rtg_preemptee: comm=tau_rt_2 rtgid=1002 tgid=3765 pid=3779 prio=94
       deepPicar-3769  [000] dn.3  1198.074318: rtg_try_acquire_lock: rtg_block: comm=deepPicar rtgid=1002 tgid=3762 pid=3769 prio=94
        tau_rt_4-3761  [000] ...1  1198.074451: tracing_mark_write: gid=1001: job_start
       deepPicar-3731  [004] d..3  1198.094566: rtg_try_acquire_lock: rtg_block: comm=tau_rt_3 rtgid=1002 tgid=3766 pid=3777 prio=94
       deepPicar-3730  [003] d..3  1198.094571: rtg_try_acquire_lock: rtg_block: comm=tau_rt_2 rtgid=1002 tgid=3765 pid=3779 prio=94
       deepPicar-3732  [005] d..3  1198.094574: rtg_try_acquire_lock: rtg_block: comm=tau_rt_4 rtgid=1002 tgid=3767 pid=3778 prio=94
        tau_rt_4-3761  [000] d..3  1198.094732: rtg_try_release_lock: rtg_release: comm=tau_rt_4 rtgid=1001 tgid=3727 pid=3761 prio=93
          <idle>-0     [004] dn.3  1198.094734: rtg_try_acquire_lock: rtg_acquire: comm=tau_rt_3 rtgid=1002 tgid=3766 pid=3777 prio=94
       deepPicar-3762  [000] ...1  1198.118491: tracing_mark_write: gid=1002: job_start
        tau_rt_4-3778  [005] dn.3  1198.124299: rtg_try_acquire_lock: rtg_preemptor: comm=deepPicar rtgid=1001 tgid=3732 pid=3732 prio=93
        tau_rt_4-3778  [005] dn.3  1198.124302: rtg_try_acquire_lock: rtg_preemptee: comm=tau_rt_3 rtgid=1002 tgid=3766 pid=3777 prio=94
       deepPicar-3769  [000] dn.3  1198.124311: rtg_try_acquire_lock: rtg_block: comm=deepPicar rtgid=1002 tgid=3762 pid=3769 prio=94
        tau_rt_4-3761  [000] ...1  1198.124448: tracing_mark_write: gid=1001: job_start
       deepPicar-3732  [005] d..3  1198.144620: rtg_try_acquire_lock: rtg_block: comm=tau_rt_4 rtgid=1002 tgid=3767 pid=3778 prio=94
       deepPicar-3731  [004] d..3  1198.144624: rtg_try_acquire_lock: rtg_block: comm=tau_rt_3 rtgid=1002 tgid=3766 pid=3777 prio=94
       deepPicar-3730  [003] d..3  1198.144627: rtg_try_acquire_lock: rtg_block: comm=tau_rt_2 rtgid=1002 tgid=3765 pid=3779 prio=94
        tau_rt_4-3761  [000] d..3  1198.144689: rtg_try_release_lock: rtg_release: comm=tau_rt_4 rtgid=1001 tgid=3727 pid=3761 prio=93
          <idle>-0     [003] dn.3  1198.144691: rtg_try_acquire_lock: rtg_acquire: comm=tau_rt_2 rtgid=1002 tgid=3765 pid=3779 prio=94
       deepPicar-3762  [000] ...1  1198.170849: tracing_mark_write: gid=1002: job_start
        tau_rt_3-3777  [004] dn.3  1198.174301: rtg_try_acquire_lock: rtg_preemptor: comm=deepPicar rtgid=1001 tgid=3731 pid=3731 prio=93
        tau_rt_3-3777  [004] dn.3  1198.174303: rtg_try_acquire_lock: rtg_preemptee: comm=tau_rt_2 rtgid=1002 tgid=3765 pid=3779 prio=94
       deepPicar-3769  [000] dn.3  1198.174315: rtg_try_acquire_lock: rtg_block: comm=deepPicar rtgid=1002 tgid=3762 pid=3769 prio=94
        tau_rt_4-3761  [000] ...1  1198.174451: tracing_mark_write: gid=1001: job_start
       deepPicar-3730  [003] d..3  1198.194569: rtg_try_acquire_lock: rtg_block: comm=tau_rt_2 rtgid=1002 tgid=3765 pid=3779 prio=94
       deepPicar-3732  [005] d..3  1198.194574: rtg_try_acquire_lock: rtg_block: comm=tau_rt_4 rtgid=1002 tgid=3767 pid=3778 prio=94
       deepPicar-3731  [004] d..3  1198.194577: rtg_try_acquire_lock: rtg_block: comm=tau_rt_3 rtgid=1002 tgid=3766 pid=3777 prio=94
        tau_rt_4-3761  [000] d..3  1198.194639: rtg_try_release_lock: rtg_release: comm=tau_rt_4 rtgid=1001 tgid=3727 pid=3761 prio=93
          <idle>-0     [004] dn.3  1198.194642: rtg_try_acquire_lock: rtg_acquire: comm=tau_rt_3 rtgid=1002 tgid=3766 pid=3777 prio=94
       deepPicar-3762  [000] ...1  1198.222516: tracing_mark_write: gid=1002: job_start
        tau_rt_3-3777  [004] dn.3  1198.224301: rtg_try_acquire_lock: rtg_preemptor: comm=deepPicar rtgid=1001 tgid=3731 pid=3731 prio=93
        tau_rt_3-3777  [004] dn.3  1198.224303: rtg_try_acquire_lock: rtg_preemptee: comm=tau_rt_3 rtgid=1002 tgid=3766 pid=3777 prio=94
       deepPicar-3762  [000] dn.3  1198.224313: rtg_try_acquire_lock: rtg_block: comm=deepPicar rtgid=1002 tgid=3762 pid=3762 prio=94
        tau_rt_4-3761  [000] ...1  1198.224450: tracing_mark_write: gid=1001: job_start
       deepPicar-3731  [004] d..3  1198.244594: rtg_try_acquire_lock: rtg_block: comm=tau_rt_3 rtgid=1002 tgid=3766 pid=3777 prio=94
       deepPicar-3732  [005] d..3  1198.244598: rtg_try_acquire_lock: rtg_block: comm=tau_rt_4 rtgid=1002 tgid=3767 pid=3778 prio=94
       deepPicar-3730  [003] d..3  1198.244602: rtg_try_acquire_lock: rtg_block: comm=tau_rt_2 rtgid=1002 tgid=3765 pid=3779 prio=94
        tau_rt_4-3761  [000] d..3  1198.244695: rtg_try_release_lock: rtg_release: comm=tau_rt_4 rtgid=1001 tgid=3727 pid=3761 prio=93
   kworker/u12:5-152   [005] dn.3  1198.244698: rtg_try_acquire_lock: rtg_acquire: comm=tau_rt_4 rtgid=1002 tgid=3767 pid=3778 prio=94
       deepPicar-3762  [000] ...1  1198.273767: tracing_mark_write: gid=1002: job_start
        tau_rt_3-3777  [004] dn.3  1198.274299: rtg_try_acquire_lock: rtg_preemptor: comm=deepPicar rtgid=1001 tgid=3731 pid=3731 prio=93
        tau_rt_3-3777  [004] dn.3  1198.274302: rtg_try_acquire_lock: rtg_preemptee: comm=tau_rt_4 rtgid=1002 tgid=3767 pid=3778 prio=94
       deepPicar-3762  [000] dn.3  1198.274311: rtg_try_acquire_lock: rtg_block: comm=deepPicar rtgid=1002 tgid=3762 pid=3762 prio=94
        tau_rt_4-3761  [000] ...1  1198.274449: tracing_mark_write: gid=1001: job_start
       deepPicar-3732  [005] d..3  1198.294480: rtg_try_acquire_lock: rtg_block: comm=tau_rt_4 rtgid=1002 tgid=3767 pid=3778 prio=94
       deepPicar-3731  [004] d..3  1198.294484: rtg_try_acquire_lock: rtg_block: comm=tau_rt_3 rtgid=1002 tgid=3766 pid=3777 prio=94
       deepPicar-3730  [003] d..3  1198.294487: rtg_try_acquire_lock: rtg_block: comm=tau_rt_2 rtgid=1002 tgid=3765 pid=3779 prio=94
        tau_rt_4-3761  [000] d..3  1198.294708: rtg_try_release_lock: rtg_release: comm=tau_rt_4 rtgid=1001 tgid=3727 pid=3761 prio=93
          <idle>-0     [004] dn.3  1198.294711: rtg_try_acquire_lock: rtg_acquire: comm=tau_rt_3 rtgid=1002 tgid=3766 pid=3777 prio=94
       deepPicar-3762  [000] ...1  1198.323028: tracing_mark_write: gid=1002: job_start
        tau_rt_3-3777  [004] dn.3  1198.324300: rtg_try_acquire_lock: rtg_preemptor: comm=deepPicar rtgid=1001 tgid=3731 pid=3731 prio=93
        tau_rt_3-3777  [004] dn.3  1198.324302: rtg_try_acquire_lock: rtg_preemptee: comm=tau_rt_3 rtgid=1002 tgid=3766 pid=3777 prio=94
       deepPicar-3762  [000] dn.3  1198.324313: rtg_try_acquire_lock: rtg_block: comm=deepPicar rtgid=1002 tgid=3762 pid=3762 prio=94
        tau_rt_4-3761  [000] ...1  1198.324450: tracing_mark_write: gid=1001: job_start
       deepPicar-3731  [004] d..3  1198.344614: rtg_try_acquire_lock: rtg_block: comm=tau_rt_3 rtgid=1002 tgid=3766 pid=3777 prio=94
       deepPicar-3732  [005] d..3  1198.344619: rtg_try_acquire_lock: rtg_block: comm=tau_rt_4 rtgid=1002 tgid=3767 pid=3778 prio=94
       deepPicar-3730  [003] d..3  1198.344623: rtg_try_acquire_lock: rtg_block: comm=tau_rt_2 rtgid=1002 tgid=3765 pid=3779 prio=94
        tau_rt_4-3761  [000] d..3  1198.344679: rtg_try_release_lock: rtg_release: comm=tau_rt_4 rtgid=1001 tgid=3727 pid=3761 prio=93
          <idle>-0     [003] dn.3  1198.344682: rtg_try_acquire_lock: rtg_acquire: comm=tau_rt_2 rtgid=1002 tgid=3765 pid=3779 prio=94
       deepPicar-3762  [000] ...1  1198.371874: tracing_mark_write: gid=1002: job_start
        tau_rt_3-3777  [004] dn.3  1198.374301: rtg_try_acquire_lock: rtg_preemptor: comm=deepPicar rtgid=1001 tgid=3731 pid=3731 prio=93
        tau_rt_3-3777  [004] dn.3  1198.374303: rtg_try_acquire_lock: rtg_preemptee: comm=tau_rt_2 rtgid=1002 tgid=3765 pid=3779 prio=94
       deepPicar-3773  [000] dn.3  1198.374313: rtg_try_acquire_lock: rtg_block: comm=deepPicar rtgid=1002 tgid=3762 pid=3773 prio=94
        tau_rt_4-3761  [000] ...1  1198.374451: tracing_mark_write: gid=1001: job_start
       deepPicar-3731  [004] d..3  1198.394632: rtg_try_acquire_lock: rtg_block: comm=tau_rt_3 rtgid=1002 tgid=3766 pid=3777 prio=94
       deepPicar-3732  [005] d..3  1198.394636: rtg_try_acquire_lock: rtg_block: comm=tau_rt_4 rtgid=1002 tgid=3767 pid=3778 prio=94
       deepPicar-3730  [003] d..3  1198.394639: rtg_try_acquire_lock: rtg_block: comm=tau_rt_2 rtgid=1002 tgid=3765 pid=3779 prio=94
        tau_rt_4-3761  [000] d..3  1198.394741: rtg_try_release_lock: rtg_release: comm=tau_rt_4 rtgid=1001 tgid=3727 pid=3761 prio=93
          <idle>-0     [003] dn.3  1198.394743: rtg_try_acquire_lock: rtg_acquire: comm=tau_rt_2 rtgid=1002 tgid=3765 pid=3779 prio=94
       deepPicar-3762  [000] ...1  1198.421140: tracing_mark_write: gid=1002: job_start
        tau_rt_3-3777  [004] dn.3  1198.424296: rtg_try_acquire_lock: rtg_preemptor: comm=deepPicar rtgid=1001 tgid=3731 pid=3731 prio=93
        tau_rt_3-3777  [004] dn.3  1198.424299: rtg_try_acquire_lock: rtg_preemptee: comm=tau_rt_2 rtgid=1002 tgid=3765 pid=3779 prio=94
       deepPicar-3769  [000] dn.3  1198.424307: rtg_try_acquire_lock: rtg_block: comm=deepPicar rtgid=1002 tgid=3762 pid=3769 prio=94
        tau_rt_4-3761  [000] ...1  1198.424448: tracing_mark_write: gid=1001: job_start
       deepPicar-3732  [005] d..3  1198.444571: rtg_try_acquire_lock: rtg_block: comm=tau_rt_4 rtgid=1002 tgid=3767 pid=3778 prio=94
       deepPicar-3731  [004] d..3  1198.444575: rtg_try_acquire_lock: rtg_block: comm=tau_rt_3 rtgid=1002 tgid=3766 pid=3777 prio=94
       deepPicar-3730  [003] d..3  1198.444578: rtg_try_acquire_lock: rtg_block: comm=tau_rt_2 rtgid=1002 tgid=3765 pid=3779 prio=94
        tau_rt_4-3761  [000] d..3  1198.444670: rtg_try_release_lock: rtg_release: comm=tau_rt_4 rtgid=1001 tgid=3727 pid=3761 prio=93
          <idle>-0     [003] dn.3  1198.444673: rtg_try_acquire_lock: rtg_acquire: comm=tau_rt_2 rtgid=1002 tgid=3765 pid=3779 prio=94
       deepPicar-3762  [000] ...1  1198.470311: tracing_mark_write: gid=1002: job_start
        tau_rt_3-3777  [004] dn.3  1198.474301: rtg_try_acquire_lock: rtg_preemptor: comm=deepPicar rtgid=1001 tgid=3731 pid=3731 prio=93
        tau_rt_3-3777  [004] dn.3  1198.474304: rtg_try_acquire_lock: rtg_preemptee: comm=tau_rt_2 rtgid=1002 tgid=3765 pid=3779 prio=94
       deepPicar-3769  [000] dn.3  1198.474318: rtg_try_acquire_lock: rtg_block: comm=deepPicar rtgid=1002 tgid=3762 pid=3769 prio=94
        tau_rt_4-3761  [000] ...1  1198.474452: tracing_mark_write: gid=1001: job_start
       deepPicar-3730  [003] d..3  1198.494693: rtg_try_acquire_lock: rtg_block: comm=tau_rt_2 rtgid=1002 tgid=3765 pid=3779 prio=94
       deepPicar-3732  [005] d..3  1198.494696: rtg_try_acquire_lock: rtg_block: comm=tau_rt_4 rtgid=1002 tgid=3767 pid=3778 prio=94
       deepPicar-3731  [004] d..3  1198.494699: rtg_try_acquire_lock: rtg_block: comm=tau_rt_3 rtgid=1002 tgid=3766 pid=3777 prio=94
        tau_rt_4-3761  [000] d..3  1198.494708: rtg_try_release_lock: rtg_release: comm=tau_rt_4 rtgid=1001 tgid=3727 pid=3761 prio=93
        tau_rt_4-3761  [000] d..3  1198.494711: rtg_try_acquire_lock: rtg_acquire: comm=deepPicar rtgid=1002 tgid=3762 pid=3769 prio=94
       deepPicar-3762  [000] ...1  1198.508562: tracing_mark_write: gid=1002: job_start
       deepPicar-3762  [000] ...1  1198.524089: tracing_mark_write: gid=1002: job_start
        tau_rt_3-3777  [004] dn.3  1198.524291: rtg_try_acquire_lock: rtg_preemptor: comm=deepPicar rtgid=1001 tgid=3731 pid=3731 prio=93
        tau_rt_3-3777  [004] dn.3  1198.524294: rtg_try_acquire_lock: rtg_preemptee: comm=deepPicar rtgid=1002 tgid=3762 pid=3769 prio=94
       deepPicar-3762  [000] dn.3  1198.524303: rtg_try_acquire_lock: rtg_block: comm=deepPicar rtgid=1002 tgid=3762 pid=3762 prio=94
        tau_rt_4-3761  [000] ...1  1198.524444: tracing_mark_write: gid=1001: job_start
       deepPicar-3732  [005] d..3  1198.544572: rtg_try_acquire_lock: rtg_block: comm=tau_rt_4 rtgid=1002 tgid=3767 pid=3778 prio=94
       deepPicar-3730  [003] d..3  1198.544576: rtg_try_acquire_lock: rtg_block: comm=tau_rt_2 rtgid=1002 tgid=3765 pid=3779 prio=94
       deepPicar-3731  [004] d..3  1198.544580: rtg_try_acquire_lock: rtg_block: comm=tau_rt_3 rtgid=1002 tgid=3766 pid=3777 prio=94
        tau_rt_4-3761  [000] d..3  1198.544655: rtg_try_release_lock: rtg_release: comm=tau_rt_4 rtgid=1001 tgid=3727 pid=3761 prio=93
          <idle>-0     [003] dn.3  1198.544658: rtg_try_acquire_lock: rtg_acquire: comm=tau_rt_2 rtgid=1002 tgid=3765 pid=3779 prio=94
       deepPicar-3762  [000] ...1  1198.574165: tracing_mark_write: gid=1002: job_start
        tau_rt_3-3777  [004] dn.3  1198.574299: rtg_try_acquire_lock: rtg_preemptor: comm=deepPicar rtgid=1001 tgid=3731 pid=3731 prio=93
        tau_rt_3-3777  [004] dn.3  1198.574302: rtg_try_acquire_lock: rtg_preemptee: comm=tau_rt_2 rtgid=1002 tgid=3765 pid=3779 prio=94
       deepPicar-3762  [000] dn.3  1198.574313: rtg_try_acquire_lock: rtg_block: comm=deepPicar rtgid=1002 tgid=3762 pid=3762 prio=94
        tau_rt_4-3761  [000] ...1  1198.574448: tracing_mark_write: gid=1001: job_start
       deepPicar-3732  [005] d..3  1198.594472: rtg_try_acquire_lock: rtg_block: comm=tau_rt_4 rtgid=1002 tgid=3767 pid=3778 prio=94
       deepPicar-3730  [003] d..3  1198.594476: rtg_try_acquire_lock: rtg_block: comm=tau_rt_2 rtgid=1002 tgid=3765 pid=3779 prio=94
       deepPicar-3731  [004] d..3  1198.594479: rtg_try_acquire_lock: rtg_block: comm=tau_rt_3 rtgid=1002 tgid=3766 pid=3777 prio=94
        tau_rt_4-3761  [000] d..3  1198.594616: rtg_try_release_lock: rtg_release: comm=tau_rt_4 rtgid=1001 tgid=3727 pid=3761 prio=93
          <idle>-0     [005] dn.3  1198.594619: rtg_try_acquire_lock: rtg_acquire: comm=tau_rt_4 rtgid=1002 tgid=3767 pid=3778 prio=94
        tau_rt_3-3777  [004] dn.3  1198.624298: rtg_try_acquire_lock: rtg_preemptor: comm=deepPicar rtgid=1001 tgid=3731 pid=3731 prio=93
        tau_rt_3-3777  [004] dn.3  1198.624301: rtg_try_acquire_lock: rtg_preemptee: comm=tau_rt_4 rtgid=1002 tgid=3767 pid=3778 prio=94
       deepPicar-3769  [000] dn.3  1198.624312: rtg_try_acquire_lock: rtg_block: comm=deepPicar rtgid=1002 tgid=3762 pid=3769 prio=94
        tau_rt_4-3761  [000] ...1  1198.624452: tracing_mark_write: gid=1001: job_start
       deepPicar-3732  [005] d..3  1198.644599: rtg_try_acquire_lock: rtg_block: comm=tau_rt_4 rtgid=1002 tgid=3767 pid=3778 prio=94
       deepPicar-3731  [004] d..3  1198.644603: rtg_try_acquire_lock: rtg_block: comm=tau_rt_3 rtgid=1002 tgid=3766 pid=3777 prio=94
       deepPicar-3730  [003] d..3  1198.644606: rtg_try_acquire_lock: rtg_block: comm=tau_rt_2 rtgid=1002 tgid=3765 pid=3779 prio=94
        tau_rt_4-3761  [000] d..3  1198.644668: rtg_try_release_lock: rtg_release: comm=tau_rt_4 rtgid=1001 tgid=3727 pid=3761 prio=93
          <idle>-0     [005] dn.3  1198.644671: rtg_try_acquire_lock: rtg_acquire: comm=tau_rt_4 rtgid=1002 tgid=3767 pid=3778 prio=94
       deepPicar-3762  [000] ...1  1198.647186: tracing_mark_write: gid=1002: job_start
        tau_rt_3-3777  [004] dn.3  1198.674303: rtg_try_acquire_lock: rtg_preemptor: comm=deepPicar rtgid=1001 tgid=3731 pid=3731 prio=93
        tau_rt_3-3777  [004] dn.3  1198.674305: rtg_try_acquire_lock: rtg_preemptee: comm=tau_rt_4 rtgid=1002 tgid=3767 pid=3778 prio=94
       deepPicar-3769  [000] dn.3  1198.674318: rtg_try_acquire_lock: rtg_block: comm=deepPicar rtgid=1002 tgid=3762 pid=3769 prio=94
        tau_rt_4-3761  [000] ...1  1198.674451: tracing_mark_write: gid=1001: job_start
       deepPicar-3732  [005] d..3  1198.694555: rtg_try_acquire_lock: rtg_block: comm=tau_rt_4 rtgid=1002 tgid=3767 pid=3778 prio=94
       deepPicar-3731  [004] d..3  1198.694559: rtg_try_acquire_lock: rtg_block: comm=tau_rt_3 rtgid=1002 tgid=3766 pid=3777 prio=94
       deepPicar-3730  [003] d..3  1198.694563: rtg_try_acquire_lock: rtg_block: comm=tau_rt_2 rtgid=1002 tgid=3765 pid=3779 prio=94
        tau_rt_4-3761  [000] d..3  1198.694653: rtg_try_release_lock: rtg_release: comm=tau_rt_4 rtgid=1001 tgid=3727 pid=3761 prio=93
          <idle>-0     [005] dn.3  1198.694656: rtg_try_acquire_lock: rtg_acquire: comm=tau_rt_4 rtgid=1002 tgid=3767 pid=3778 prio=94
       deepPicar-3762  [000] ...1  1198.699910: tracing_mark_write: gid=1002: job_start
        tau_rt_3-3777  [004] dn.3  1198.724299: rtg_try_acquire_lock: rtg_preemptor: comm=deepPicar rtgid=1001 tgid=3731 pid=3731 prio=93
        tau_rt_3-3777  [004] dn.3  1198.724301: rtg_try_acquire_lock: rtg_preemptee: comm=tau_rt_4 rtgid=1002 tgid=3767 pid=3778 prio=94
       deepPicar-3769  [000] dn.3  1198.724311: rtg_try_acquire_lock: rtg_block: comm=deepPicar rtgid=1002 tgid=3762 pid=3769 prio=94
        tau_rt_4-3761  [000] ...1  1198.724448: tracing_mark_write: gid=1001: job_start
       deepPicar-3731  [004] d..3  1198.744599: rtg_try_acquire_lock: rtg_block: comm=tau_rt_3 rtgid=1002 tgid=3766 pid=3777 prio=94
       deepPicar-3730  [003] d..3  1198.744604: rtg_try_acquire_lock: rtg_block: comm=tau_rt_2 rtgid=1002 tgid=3765 pid=3779 prio=94
       deepPicar-3732  [005] d..3  1198.744607: rtg_try_acquire_lock: rtg_block: comm=tau_rt_4 rtgid=1002 tgid=3767 pid=3778 prio=94
        tau_rt_4-3761  [000] d..3  1198.744675: rtg_try_release_lock: rtg_release: comm=tau_rt_4 rtgid=1001 tgid=3727 pid=3761 prio=93
          <idle>-0     [004] dn.3  1198.744678: rtg_try_acquire_lock: rtg_acquire: comm=tau_rt_3 rtgid=1002 tgid=3766 pid=3777 prio=94
       deepPicar-3762  [000] ...1  1198.752684: tracing_mark_write: gid=1002: job_start
        tau_rt_2-3779  [003] dn.3  1198.774304: rtg_try_acquire_lock: rtg_preemptor: comm=deepPicar rtgid=1001 tgid=3730 pid=3730 prio=93
        tau_rt_2-3779  [003] dn.3  1198.774307: rtg_try_acquire_lock: rtg_preemptee: comm=tau_rt_3 rtgid=1002 tgid=3766 pid=3777 prio=94
       deepPicar-3769  [000] dn.3  1198.774317: rtg_try_acquire_lock: rtg_block: comm=deepPicar rtgid=1002 tgid=3762 pid=3769 prio=94
        tau_rt_4-3761  [000] ...1  1198.774446: tracing_mark_write: gid=1001: job_start
       deepPicar-3732  [005] d..3  1198.794749: rtg_try_release_lock: rtg_release: comm=deepPicar rtgid=1001 tgid=3732 pid=3732 prio=93
       deepPicar-3731  [004] d..3  1198.794752: rtg_try_acquire_lock: rtg_acquire: comm=tau_rt_3 rtgid=1002 tgid=3766 pid=3777 prio=94
       deepPicar-3762  [000] ...1  1198.805449: tracing_mark_write: gid=1002: job_start
        tau_rt_3-3777  [004] dn.3  1198.824296: rtg_try_acquire_lock: rtg_preemptor: comm=deepPicar rtgid=1001 tgid=3731 pid=3731 prio=93
        tau_rt_3-3777  [004] dn.3  1198.824299: rtg_try_acquire_lock: rtg_preemptee: comm=tau_rt_3 rtgid=1002 tgid=3766 pid=3777 prio=94
       deepPicar-3769  [000] dn.3  1198.824308: rtg_try_acquire_lock: rtg_block: comm=deepPicar rtgid=1002 tgid=3762 pid=3769 prio=94
        tau_rt_4-3761  [000] ...1  1198.824450: tracing_mark_write: gid=1001: job_start
       deepPicar-3731  [004] d..3  1198.844626: rtg_try_acquire_lock: rtg_block: comm=tau_rt_3 rtgid=1002 tgid=3766 pid=3777 prio=94
       deepPicar-3732  [005] d..3  1198.844630: rtg_try_acquire_lock: rtg_block: comm=tau_rt_4 rtgid=1002 tgid=3767 pid=3778 prio=94
       deepPicar-3730  [003] d..3  1198.844633: rtg_try_acquire_lock: rtg_block: comm=tau_rt_2 rtgid=1002 tgid=3765 pid=3779 prio=94
        tau_rt_4-3761  [000] d..3  1198.844678: rtg_try_release_lock: rtg_release: comm=tau_rt_4 rtgid=1001 tgid=3727 pid=3761 prio=93
     kworker/3:2-370   [003] dn.3  1198.844681: rtg_try_acquire_lock: rtg_acquire: comm=tau_rt_2 rtgid=1002 tgid=3765 pid=3779 prio=94
       deepPicar-3762  [000] ...1  1198.858149: tracing_mark_write: gid=1002: job_start
        tau_rt_3-3777  [004] dn.3  1198.874301: rtg_try_acquire_lock: rtg_preemptor: comm=deepPicar rtgid=1001 tgid=3731 pid=3731 prio=93
        tau_rt_3-3777  [004] dn.3  1198.874304: rtg_try_acquire_lock: rtg_preemptee: comm=tau_rt_2 rtgid=1002 tgid=3765 pid=3779 prio=94
       deepPicar-3769  [000] dn.3  1198.874314: rtg_try_acquire_lock: rtg_block: comm=deepPicar rtgid=1002 tgid=3762 pid=3769 prio=94
        tau_rt_4-3761  [000] ...1  1198.874450: tracing_mark_write: gid=1001: job_start
       deepPicar-3731  [004] d..3  1198.894538: rtg_try_acquire_lock: rtg_block: comm=tau_rt_3 rtgid=1002 tgid=3766 pid=3777 prio=94
       deepPicar-3730  [003] d..3  1198.894542: rtg_try_acquire_lock: rtg_block: comm=tau_rt_2 rtgid=1002 tgid=3765 pid=3779 prio=94
       deepPicar-3732  [005] d..3  1198.894545: rtg_try_acquire_lock: rtg_block: comm=tau_rt_4 rtgid=1002 tgid=3767 pid=3778 prio=94
        tau_rt_4-3761  [000] d..3  1198.894642: rtg_try_release_lock: rtg_release: comm=tau_rt_4 rtgid=1001 tgid=3727 pid=3761 prio=93
