# tracer: nop
#
# entries-in-buffer/entries-written: 18995/18995   #P:6
#
#                              _-----=> irqs-off
#                             / _----=> need-resched
#                            | / _---=> hardirq/softirq
#                            || / _--=> preempt-depth
#                            ||| /     delay
#           TASK-PID   CPU#  ||||    TIMESTAMP  FUNCTION
#              | |       |   ||||       |         |
       deepPicar-3851  [000] d..3  1296.695716: rtg_try_acquire_lock: rtg_acquire: comm=deepPicar rtgid=1001 tgid=3851 pid=3858 prio=93
       deepPicar-3858  [000] d..3  1296.695789: rtg_try_release_lock: rtg_release: comm=deepPicar rtgid=1001 tgid=3851 pid=3858 prio=93
       deepPicar-3858  [000] d..3  1296.695790: rtg_try_acquire_lock: rtg_acquire: comm=deepPicar rtgid=1001 tgid=3851 pid=3859 prio=93
       deepPicar-3859  [000] d..3  1296.695823: rtg_try_release_lock: rtg_release: comm=deepPicar rtgid=1001 tgid=3851 pid=3859 prio=93
       deepPicar-3859  [000] d..3  1296.695825: rtg_try_acquire_lock: rtg_acquire: comm=deepPicar rtgid=1001 tgid=3851 pid=3866 prio=93
       deepPicar-3866  [000] d..3  1296.695857: rtg_try_release_lock: rtg_release: comm=deepPicar rtgid=1001 tgid=3851 pid=3866 prio=93
       deepPicar-3866  [000] d..3  1296.695858: rtg_try_acquire_lock: rtg_acquire: comm=deepPicar rtgid=1001 tgid=3851 pid=3867 prio=93
       deepPicar-3867  [000] d..3  1296.697152: rtg_try_release_lock: rtg_release: comm=deepPicar rtgid=1001 tgid=3851 pid=3867 prio=93
       deepPicar-3867  [000] d..3  1296.697155: rtg_try_acquire_lock: rtg_acquire: comm=deepPicar rtgid=1001 tgid=3851 pid=3868 prio=93
       deepPicar-3868  [000] d..3  1296.697177: rtg_try_release_lock: rtg_release: comm=deepPicar rtgid=1001 tgid=3851 pid=3868 prio=93
       deepPicar-3868  [000] d..3  1296.697178: rtg_try_acquire_lock: rtg_acquire: comm=deepPicar rtgid=1001 tgid=3851 pid=3869 prio=93
       deepPicar-3869  [000] d..3  1296.697195: rtg_try_release_lock: rtg_release: comm=deepPicar rtgid=1001 tgid=3851 pid=3869 prio=93
       deepPicar-3869  [000] d..3  1296.697196: rtg_try_acquire_lock: rtg_acquire: comm=deepPicar rtgid=1001 tgid=3851 pid=3870 prio=93
       deepPicar-3870  [000] d..3  1296.697207: rtg_try_release_lock: rtg_release: comm=deepPicar rtgid=1001 tgid=3851 pid=3870 prio=93
       deepPicar-3870  [000] d..3  1296.697208: rtg_try_acquire_lock: rtg_acquire: comm=deepPicar rtgid=1001 tgid=3851 pid=3871 prio=93
       deepPicar-3871  [000] d..3  1296.697218: rtg_try_release_lock: rtg_release: comm=deepPicar rtgid=1001 tgid=3851 pid=3871 prio=93
       deepPicar-3871  [000] d..3  1296.697220: rtg_try_acquire_lock: rtg_acquire: comm=deepPicar rtgid=1001 tgid=3851 pid=3872 prio=93
       deepPicar-3872  [000] d..3  1296.697231: rtg_try_release_lock: rtg_release: comm=deepPicar rtgid=1001 tgid=3851 pid=3872 prio=93
       deepPicar-3872  [000] d..3  1296.697232: rtg_try_acquire_lock: rtg_acquire: comm=deepPicar rtgid=1001 tgid=3851 pid=3851 prio=93
       deepPicar-3851  [000] d..3  1296.697518: rtg_try_release_lock: rtg_release: comm=deepPicar rtgid=1001 tgid=3851 pid=3851 prio=93
       deepPicar-3851  [000] d..3  1296.697522: rtg_try_acquire_lock: rtg_acquire: comm=deepPicar rtgid=1001 tgid=3851 pid=3868 prio=93
       deepPicar-3868  [000] d..3  1296.698250: rtg_try_release_lock: rtg_release: comm=deepPicar rtgid=1001 tgid=3851 pid=3868 prio=93
       deepPicar-3868  [000] d..3  1296.698253: rtg_try_acquire_lock: rtg_acquire: comm=deepPicar rtgid=1001 tgid=3851 pid=3851 prio=93
       deepPicar-3851  [000] d..3  1296.698459: rtg_try_release_lock: rtg_release: comm=deepPicar rtgid=1001 tgid=3851 pid=3851 prio=93
       deepPicar-3851  [000] d..3  1296.698462: rtg_try_acquire_lock: rtg_acquire: comm=deepPicar rtgid=1001 tgid=3851 pid=3869 prio=93
       deepPicar-3869  [000] d..3  1296.699040: rtg_try_release_lock: rtg_release: comm=deepPicar rtgid=1001 tgid=3851 pid=3869 prio=93
       deepPicar-3869  [000] d..3  1296.699043: rtg_try_acquire_lock: rtg_acquire: comm=deepPicar rtgid=1001 tgid=3851 pid=3851 prio=93
       deepPicar-3851  [000] d..3  1296.699302: rtg_try_release_lock: rtg_release: comm=deepPicar rtgid=1001 tgid=3851 pid=3851 prio=93
       deepPicar-3851  [000] d..3  1296.699306: rtg_try_acquire_lock: rtg_acquire: comm=deepPicar rtgid=1001 tgid=3851 pid=3870 prio=93
       deepPicar-3870  [000] d..3  1296.699838: rtg_try_release_lock: rtg_release: comm=deepPicar rtgid=1001 tgid=3851 pid=3870 prio=93
       deepPicar-3870  [000] d..3  1296.699840: rtg_try_acquire_lock: rtg_acquire: comm=deepPicar rtgid=1001 tgid=3851 pid=3851 prio=93
       deepPicar-3851  [000] d..3  1296.700145: rtg_try_release_lock: rtg_release: comm=deepPicar rtgid=1001 tgid=3851 pid=3851 prio=93
       deepPicar-3851  [000] d..3  1296.700148: rtg_try_acquire_lock: rtg_acquire: comm=deepPicar rtgid=1001 tgid=3851 pid=3871 prio=93
       deepPicar-3871  [000] d..3  1296.700681: rtg_try_release_lock: rtg_release: comm=deepPicar rtgid=1001 tgid=3851 pid=3871 prio=93
       deepPicar-3871  [000] d..3  1296.700683: rtg_try_acquire_lock: rtg_acquire: comm=deepPicar rtgid=1001 tgid=3851 pid=3851 prio=93
       deepPicar-3851  [000] ...1  1296.804272: tracing_mark_write: ===== [RTG-LIB] <3851> Syncing on barrier...
       deepPicar-3864  [004] d..3  1296.815446: rtg_try_release_lock: rtg_release: comm=deepPicar rtgid=1001 tgid=3855 pid=3864 prio=93
       deepPicar-3863  [003] d..3  1296.815451: rtg_try_acquire_lock: rtg_acquire: comm=deepPicar rtgid=1001 tgid=3854 pid=3854 prio=93
       deepPicar-3855  [004] ...1  1296.815552: tracing_mark_write: ===== [RTG-LIB] <3855> Syncing on barrier...
       deepPicar-3854  [003] ...1  1296.815552: tracing_mark_write: ===== [RTG-LIB] <3854> Syncing on barrier...
       deepPicar-3856  [005] ...1  1296.815553: tracing_mark_write: ===== [RTG-LIB] <3856> Syncing on barrier...
       deepPicar-3854  [003] ...1  1296.815620: tracing_mark_write: ===== [RTG-LIB] <3854> Sync Complete!
       deepPicar-3855  [004] ...1  1296.815623: tracing_mark_write: ===== [RTG-LIB] <3855> Sync Complete!
       deepPicar-3856  [005] ...1  1296.815623: tracing_mark_write: ===== [RTG-LIB] <3856> Sync Complete!
       deepPicar-3851  [000] ...1  1296.815626: tracing_mark_write: ===== [RTG-LIB] <3851> Sync Complete!
       deepPicar-3851  [000] ...1  1296.815647: tracing_mark_write: gid=1001: job_start
       deepPicar-3867  [000] d..3  1296.817482: rtg_try_release_lock: rtg_release: comm=deepPicar rtgid=1001 tgid=3851 pid=3867 prio=93
       deepPicar-3878  [004] d..3  1296.817486: rtg_try_acquire_lock: rtg_acquire: comm=deepPicar rtgid=1001 tgid=3855 pid=3864 prio=93
       deepPicar-3864  [004] d..3  1296.831358: rtg_try_release_lock: rtg_release: comm=deepPicar rtgid=1001 tgid=3855 pid=3864 prio=93
       deepPicar-3864  [004] d..3  1296.831362: rtg_try_acquire_lock: rtg_acquire: comm=deepPicar rtgid=1001 tgid=3855 pid=3855 prio=93
       deepPicar-3855  [004] d..3  1296.831481: rtg_try_release_lock: rtg_release: comm=deepPicar rtgid=1001 tgid=3855 pid=3855 prio=93
          <idle>-0     [005] dn.3  1296.865649: rtg_try_acquire_lock: rtg_acquire: comm=deepPicar rtgid=1001 tgid=3856 pid=3856 prio=93
       deepPicar-3851  [000] ...1  1296.865673: tracing_mark_write: gid=1001: job_start
       deepPicar-3854  [003] d..3  1296.866951: rtg_try_release_lock: rtg_release: comm=deepPicar rtgid=1001 tgid=3854 pid=3854 prio=93
       deepPicar-3856  [005] d..3  1296.866955: rtg_try_acquire_lock: rtg_acquire: comm=deepPicar rtgid=1001 tgid=3856 pid=3880 prio=93
       deepPicar-3864  [004] d..3  1296.881059: rtg_try_release_lock: rtg_release: comm=deepPicar rtgid=1001 tgid=3855 pid=3864 prio=93
       deepPicar-3864  [004] d..3  1296.881063: rtg_try_acquire_lock: rtg_acquire: comm=deepPicar rtgid=1001 tgid=3855 pid=3855 prio=93
       deepPicar-3855  [004] d..3  1296.881144: rtg_try_release_lock: rtg_release: comm=deepPicar rtgid=1001 tgid=3855 pid=3855 prio=93
          <idle>-0     [005] dn.3  1296.915650: rtg_try_acquire_lock: rtg_acquire: comm=deepPicar rtgid=1001 tgid=3856 pid=3856 prio=93
       deepPicar-3851  [000] ...1  1296.915671: tracing_mark_write: gid=1001: job_start
       deepPicar-3851  [000] d..3  1296.916966: rtg_try_release_lock: rtg_release: comm=deepPicar rtgid=1001 tgid=3851 pid=3851 prio=93
       deepPicar-3855  [004] d..3  1296.916970: rtg_try_acquire_lock: rtg_acquire: comm=deepPicar rtgid=1001 tgid=3855 pid=3883 prio=93
       deepPicar-3883  [004] d..3  1296.917415: rtg_try_release_lock: rtg_release: comm=deepPicar rtgid=1001 tgid=3855 pid=3883 prio=93
       deepPicar-3884  [003] d..3  1296.917419: rtg_try_acquire_lock: rtg_acquire: comm=deepPicar rtgid=1001 tgid=3854 pid=3863 prio=93
       deepPicar-3864  [004] d..3  1296.931133: rtg_try_release_lock: rtg_release: comm=deepPicar rtgid=1001 tgid=3855 pid=3864 prio=93
       deepPicar-3864  [004] d..3  1296.931136: rtg_try_acquire_lock: rtg_acquire: comm=deepPicar rtgid=1001 tgid=3855 pid=3855 prio=93
       deepPicar-3855  [004] d..3  1296.931225: rtg_try_release_lock: rtg_release: comm=deepPicar rtgid=1001 tgid=3855 pid=3855 prio=93
          <idle>-0     [004] dn.3  1296.965651: rtg_try_acquire_lock: rtg_acquire: comm=deepPicar rtgid=1001 tgid=3855 pid=3855 prio=93
       deepPicar-3851  [000] ...1  1296.965671: tracing_mark_write: gid=1001: job_start
       deepPicar-3851  [000] d..3  1296.966918: rtg_try_release_lock: rtg_release: comm=deepPicar rtgid=1001 tgid=3851 pid=3851 prio=93
       deepPicar-3854  [003] d..3  1296.966922: rtg_try_acquire_lock: rtg_acquire: comm=deepPicar rtgid=1001 tgid=3854 pid=3887 prio=93
       deepPicar-3887  [003] d..3  1296.967377: rtg_try_release_lock: rtg_release: comm=deepPicar rtgid=1001 tgid=3854 pid=3887 prio=93
       deepPicar-3885  [004] d..3  1296.967381: rtg_try_acquire_lock: rtg_acquire: comm=deepPicar rtgid=1001 tgid=3855 pid=3864 prio=93
       deepPicar-3864  [004] d..3  1296.981084: rtg_try_release_lock: rtg_release: comm=deepPicar rtgid=1001 tgid=3855 pid=3864 prio=93
       deepPicar-3864  [004] d..3  1296.981088: rtg_try_acquire_lock: rtg_acquire: comm=deepPicar rtgid=1001 tgid=3855 pid=3855 prio=93
       deepPicar-3855  [004] d..3  1296.981177: rtg_try_release_lock: rtg_release: comm=deepPicar rtgid=1001 tgid=3855 pid=3855 prio=93
          <idle>-0     [004] dn.3  1297.015647: rtg_try_acquire_lock: rtg_acquire: comm=deepPicar rtgid=1001 tgid=3855 pid=3855 prio=93
       deepPicar-3851  [000] ...1  1297.015672: tracing_mark_write: gid=1001: job_start
       deepPicar-3855  [004] d..3  1297.016966: rtg_try_release_lock: rtg_release: comm=deepPicar rtgid=1001 tgid=3855 pid=3855 prio=93
       deepPicar-3851  [000] d..3  1297.016970: rtg_try_acquire_lock: rtg_acquire: comm=deepPicar rtgid=1001 tgid=3851 pid=3871 prio=93
       deepPicar-3864  [004] d..3  1297.031020: rtg_try_release_lock: rtg_release: comm=deepPicar rtgid=1001 tgid=3855 pid=3864 prio=93
       deepPicar-3864  [004] d..3  1297.031023: rtg_try_acquire_lock: rtg_acquire: comm=deepPicar rtgid=1001 tgid=3855 pid=3855 prio=93
       deepPicar-3855  [004] d..3  1297.031106: rtg_try_release_lock: rtg_release: comm=deepPicar rtgid=1001 tgid=3855 pid=3855 prio=93
          <idle>-0     [004] dn.3  1297.065647: rtg_try_acquire_lock: rtg_acquire: comm=deepPicar rtgid=1001 tgid=3855 pid=3855 prio=93
       deepPicar-3851  [000] ...1  1297.065670: tracing_mark_write: gid=1001: job_start
       deepPicar-3854  [003] d..3  1297.066917: rtg_try_release_lock: rtg_release: comm=deepPicar rtgid=1001 tgid=3854 pid=3854 prio=93
       deepPicar-3855  [004] d..3  1297.066920: rtg_try_acquire_lock: rtg_acquire: comm=deepPicar rtgid=1001 tgid=3855 pid=3891 prio=93
       deepPicar-3864  [004] d..3  1297.081026: rtg_try_release_lock: rtg_release: comm=deepPicar rtgid=1001 tgid=3855 pid=3864 prio=93
       deepPicar-3864  [004] d..3  1297.081029: rtg_try_acquire_lock: rtg_acquire: comm=deepPicar rtgid=1001 tgid=3855 pid=3855 prio=93
       deepPicar-3855  [004] d..3  1297.081111: rtg_try_release_lock: rtg_release: comm=deepPicar rtgid=1001 tgid=3855 pid=3855 prio=93
          <idle>-0     [004] dn.3  1297.115648: rtg_try_acquire_lock: rtg_acquire: comm=deepPicar rtgid=1001 tgid=3855 pid=3855 prio=93
       deepPicar-3851  [000] ...1  1297.115673: tracing_mark_write: gid=1001: job_start
       deepPicar-3856  [005] d..3  1297.116990: rtg_try_release_lock: rtg_release: comm=deepPicar rtgid=1001 tgid=3856 pid=3856 prio=93
       deepPicar-3851  [000] d..3  1297.116994: rtg_try_acquire_lock: rtg_acquire: comm=deepPicar rtgid=1001 tgid=3851 pid=3867 prio=93
       deepPicar-3855  [004] d..3  1297.131647: rtg_try_release_lock: rtg_release: comm=deepPicar rtgid=1001 tgid=3855 pid=3855 prio=93
          <idle>-0     [004] dn.3  1297.165648: rtg_try_acquire_lock: rtg_acquire: comm=deepPicar rtgid=1001 tgid=3855 pid=3855 prio=93
       deepPicar-3851  [000] ...1  1297.165670: tracing_mark_write: gid=1001: job_start
       deepPicar-3851  [000] d..3  1297.166955: rtg_try_release_lock: rtg_release: comm=deepPicar rtgid=1001 tgid=3851 pid=3851 prio=93
       deepPicar-3854  [003] d..3  1297.166959: rtg_try_acquire_lock: rtg_acquire: comm=deepPicar rtgid=1001 tgid=3854 pid=3881 prio=93
       deepPicar-3881  [003] d..3  1297.167526: rtg_try_release_lock: rtg_release: comm=deepPicar rtgid=1001 tgid=3854 pid=3881 prio=93
       deepPicar-3880  [005] d..3  1297.167530: rtg_try_acquire_lock: rtg_acquire: comm=deepPicar rtgid=1001 tgid=3856 pid=3865 prio=93
       deepPicar-3864  [004] d..3  1297.181155: rtg_try_release_lock: rtg_release: comm=deepPicar rtgid=1001 tgid=3855 pid=3864 prio=93
       deepPicar-3864  [004] d..3  1297.181159: rtg_try_acquire_lock: rtg_acquire: comm=deepPicar rtgid=1001 tgid=3855 pid=3855 prio=93
       deepPicar-3855  [004] d..3  1297.181239: rtg_try_release_lock: rtg_release: comm=deepPicar rtgid=1001 tgid=3855 pid=3855 prio=93
          <idle>-0     [004] dn.3  1297.215647: rtg_try_acquire_lock: rtg_acquire: comm=deepPicar rtgid=1001 tgid=3855 pid=3855 prio=93
       deepPicar-3851  [000] ...1  1297.215671: tracing_mark_write: gid=1001: job_start
       deepPicar-3854  [003] d..3  1297.216988: rtg_try_release_lock: rtg_release: comm=deepPicar rtgid=1001 tgid=3854 pid=3854 prio=93
       deepPicar-3855  [004] d..3  1297.216992: rtg_try_acquire_lock: rtg_acquire: comm=deepPicar rtgid=1001 tgid=3855 pid=3883 prio=93
       deepPicar-3869  [000] d..3  1297.217742: rtg_try_release_lock: rtg_release: comm=deepPicar rtgid=1001 tgid=3851 pid=3869 prio=93
       deepPicar-3882  [005] d..3  1297.217746: rtg_try_acquire_lock: rtg_acquire: comm=deepPicar rtgid=1001 tgid=3856 pid=3865 prio=93
       deepPicar-3864  [004] d..3  1297.231331: rtg_try_release_lock: rtg_release: comm=deepPicar rtgid=1001 tgid=3855 pid=3864 prio=93
       deepPicar-3864  [004] d..3  1297.231334: rtg_try_acquire_lock: rtg_acquire: comm=deepPicar rtgid=1001 tgid=3855 pid=3855 prio=93
       deepPicar-3855  [004] d..3  1297.231415: rtg_try_release_lock: rtg_release: comm=deepPicar rtgid=1001 tgid=3855 pid=3855 prio=93
          <idle>-0     [004] dn.3  1297.265647: rtg_try_acquire_lock: rtg_acquire: comm=deepPicar rtgid=1001 tgid=3855 pid=3855 prio=93
       deepPicar-3851  [000] ...1  1297.265670: tracing_mark_write: gid=1001: job_start
       deepPicar-3855  [004] d..3  1297.266945: rtg_try_release_lock: rtg_release: comm=deepPicar rtgid=1001 tgid=3855 pid=3855 prio=93
       deepPicar-3851  [000] d..3  1297.266949: rtg_try_acquire_lock: rtg_acquire: comm=deepPicar rtgid=1001 tgid=3851 pid=3870 prio=93
       deepPicar-3864  [004] d..3  1297.281389: rtg_try_release_lock: rtg_release: comm=deepPicar rtgid=1001 tgid=3855 pid=3864 prio=93
       deepPicar-3864  [004] d..3  1297.281392: rtg_try_acquire_lock: rtg_acquire: comm=deepPicar rtgid=1001 tgid=3855 pid=3855 prio=93
       deepPicar-3855  [004] d..3  1297.281479: rtg_try_release_lock: rtg_release: comm=deepPicar rtgid=1001 tgid=3855 pid=3855 prio=93
          <idle>-0     [004] dn.3  1297.315646: rtg_try_acquire_lock: rtg_acquire: comm=deepPicar rtgid=1001 tgid=3855 pid=3855 prio=93
       deepPicar-3851  [000] ...1  1297.315672: tracing_mark_write: gid=1001: job_start
       deepPicar-3856  [005] d..3  1297.316997: rtg_try_release_lock: rtg_release: comm=deepPicar rtgid=1001 tgid=3856 pid=3856 prio=93
       deepPicar-3854  [003] d..3  1297.317002: rtg_try_acquire_lock: rtg_acquire: comm=deepPicar rtgid=1001 tgid=3854 pid=3890 prio=93
       deepPicar-3864  [004] d..3  1297.331647: rtg_try_release_lock: rtg_release: comm=deepPicar rtgid=1001 tgid=3855 pid=3864 prio=93
       deepPicar-3864  [004] d..3  1297.331650: rtg_try_acquire_lock: rtg_acquire: comm=deepPicar rtgid=1001 tgid=3855 pid=3855 prio=93
       deepPicar-3855  [004] d..3  1297.331737: rtg_try_release_lock: rtg_release: comm=deepPicar rtgid=1001 tgid=3855 pid=3855 prio=93
          <idle>-0     [004] dn.3  1297.365648: rtg_try_acquire_lock: rtg_acquire: comm=deepPicar rtgid=1001 tgid=3855 pid=3855 prio=93
       deepPicar-3851  [000] ...1  1297.365670: tracing_mark_write: gid=1001: job_start
       deepPicar-3851  [000] d..3  1297.366918: rtg_try_release_lock: rtg_release: comm=deepPicar rtgid=1001 tgid=3851 pid=3851 prio=93
       deepPicar-3856  [005] d..3  1297.366922: rtg_try_acquire_lock: rtg_acquire: comm=deepPicar rtgid=1001 tgid=3856 pid=3893 prio=93
       deepPicar-3864  [004] d..3  1297.381363: rtg_try_release_lock: rtg_release: comm=deepPicar rtgid=1001 tgid=3855 pid=3864 prio=93
       deepPicar-3864  [004] d..3  1297.381366: rtg_try_acquire_lock: rtg_acquire: comm=deepPicar rtgid=1001 tgid=3855 pid=3855 prio=93
       deepPicar-3855  [004] d..3  1297.381447: rtg_try_release_lock: rtg_release: comm=deepPicar rtgid=1001 tgid=3855 pid=3855 prio=93
          <idle>-0     [004] dn.3  1297.415647: rtg_try_acquire_lock: rtg_acquire: comm=deepPicar rtgid=1001 tgid=3855 pid=3855 prio=93
       deepPicar-3851  [000] ...1  1297.415670: tracing_mark_write: gid=1001: job_start
       deepPicar-3854  [003] d..3  1297.417012: rtg_try_release_lock: rtg_release: comm=deepPicar rtgid=1001 tgid=3854 pid=3854 prio=93
       deepPicar-3855  [004] d..3  1297.417015: rtg_try_acquire_lock: rtg_acquire: comm=deepPicar rtgid=1001 tgid=3855 pid=3878 prio=93
       deepPicar-3864  [004] d..3  1297.431383: rtg_try_release_lock: rtg_release: comm=deepPicar rtgid=1001 tgid=3855 pid=3864 prio=93
       deepPicar-3864  [004] d..3  1297.431387: rtg_try_acquire_lock: rtg_acquire: comm=deepPicar rtgid=1001 tgid=3855 pid=3855 prio=93
       deepPicar-3855  [004] d..3  1297.431470: rtg_try_release_lock: rtg_release: comm=deepPicar rtgid=1001 tgid=3855 pid=3855 prio=93
          <idle>-0     [004] dn.3  1297.465647: rtg_try_acquire_lock: rtg_acquire: comm=deepPicar rtgid=1001 tgid=3855 pid=3855 prio=93
       deepPicar-3851  [000] ...1  1297.465669: tracing_mark_write: gid=1001: job_start
       deepPicar-3856  [005] d..3  1297.466941: rtg_try_release_lock: rtg_release: comm=deepPicar rtgid=1001 tgid=3856 pid=3856 prio=93
       deepPicar-3855  [004] d..3  1297.466945: rtg_try_acquire_lock: rtg_acquire: comm=deepPicar rtgid=1001 tgid=3855 pid=3879 prio=93
       deepPicar-3879  [004] d..3  1297.467638: rtg_try_release_lock: rtg_release: comm=deepPicar rtgid=1001 tgid=3855 pid=3879 prio=93
       deepPicar-3881  [003] d..3  1297.467642: rtg_try_acquire_lock: rtg_acquire: comm=deepPicar rtgid=1001 tgid=3854 pid=3863 prio=93
       deepPicar-3864  [004] d..3  1297.481293: rtg_try_release_lock: rtg_release: comm=deepPicar rtgid=1001 tgid=3855 pid=3864 prio=93
       deepPicar-3864  [004] d..3  1297.481297: rtg_try_acquire_lock: rtg_acquire: comm=deepPicar rtgid=1001 tgid=3855 pid=3855 prio=93
       deepPicar-3855  [004] d..3  1297.481387: rtg_try_release_lock: rtg_release: comm=deepPicar rtgid=1001 tgid=3855 pid=3855 prio=93
          <idle>-0     [004] dn.3  1297.515648: rtg_try_acquire_lock: rtg_acquire: comm=deepPicar rtgid=1001 tgid=3855 pid=3855 prio=93
       deepPicar-3851  [000] ...1  1297.515672: tracing_mark_write: gid=1001: job_start
       deepPicar-3864  [004] d..3  1297.531347: rtg_try_release_lock: rtg_release: comm=deepPicar rtgid=1001 tgid=3855 pid=3864 prio=93
       deepPicar-3864  [004] d..3  1297.531351: rtg_try_acquire_lock: rtg_acquire: comm=deepPicar rtgid=1001 tgid=3855 pid=3855 prio=93
       deepPicar-3855  [004] d..3  1297.531438: rtg_try_release_lock: rtg_release: comm=deepPicar rtgid=1001 tgid=3855 pid=3855 prio=93
          <idle>-0     [004] dn.3  1297.565647: rtg_try_acquire_lock: rtg_acquire: comm=deepPicar rtgid=1001 tgid=3855 pid=3855 prio=93
       deepPicar-3851  [000] ...1  1297.565670: tracing_mark_write: gid=1001: job_start
       deepPicar-3856  [005] d..3  1297.566948: rtg_try_release_lock: rtg_release: comm=deepPicar rtgid=1001 tgid=3856 pid=3856 prio=93
       deepPicar-3851  [000] d..3  1297.566952: rtg_try_acquire_lock: rtg_acquire: comm=deepPicar rtgid=1001 tgid=3851 pid=3870 prio=93
       deepPicar-3864  [004] d..3  1297.581507: rtg_try_release_lock: rtg_release: comm=deepPicar rtgid=1001 tgid=3855 pid=3864 prio=93
       deepPicar-3864  [004] d..3  1297.581510: rtg_try_acquire_lock: rtg_acquire: comm=deepPicar rtgid=1001 tgid=3855 pid=3855 prio=93
       deepPicar-3855  [004] d..3  1297.581594: rtg_try_release_lock: rtg_release: comm=deepPicar rtgid=1001 tgid=3855 pid=3855 prio=93
          <idle>-0     [004] dn.3  1297.615647: rtg_try_acquire_lock: rtg_acquire: comm=deepPicar rtgid=1001 tgid=3855 pid=3855 prio=93
       deepPicar-3851  [000] ...1  1297.615671: tracing_mark_write: gid=1001: job_start
       deepPicar-3854  [003] d..3  1297.616985: rtg_try_release_lock: rtg_release: comm=deepPicar rtgid=1001 tgid=3854 pid=3854 prio=93
       deepPicar-3856  [005] d..3  1297.616989: rtg_try_acquire_lock: rtg_acquire: comm=deepPicar rtgid=1001 tgid=3856 pid=3888 prio=93
       deepPicar-3864  [004] d..3  1297.631337: rtg_try_release_lock: rtg_release: comm=deepPicar rtgid=1001 tgid=3855 pid=3864 prio=93
       deepPicar-3864  [004] d..3  1297.631340: rtg_try_acquire_lock: rtg_acquire: comm=deepPicar rtgid=1001 tgid=3855 pid=3855 prio=93
       deepPicar-3855  [004] d..3  1297.631422: rtg_try_release_lock: rtg_release: comm=deepPicar rtgid=1001 tgid=3855 pid=3855 prio=93
          <idle>-0     [004] dn.3  1297.665647: rtg_try_acquire_lock: rtg_acquire: comm=deepPicar rtgid=1001 tgid=3855 pid=3855 prio=93
       deepPicar-3851  [000] ...1  1297.665670: tracing_mark_write: gid=1001: job_start
       deepPicar-3856  [005] d..3  1297.666956: rtg_try_release_lock: rtg_release: comm=deepPicar rtgid=1001 tgid=3856 pid=3856 prio=93
       deepPicar-3854  [003] d..3  1297.666960: rtg_try_acquire_lock: rtg_acquire: comm=deepPicar rtgid=1001 tgid=3854 pid=3892 prio=93
       deepPicar-3864  [004] d..3  1297.681334: rtg_try_release_lock: rtg_release: comm=deepPicar rtgid=1001 tgid=3855 pid=3864 prio=93
       deepPicar-3864  [004] d..3  1297.681338: rtg_try_acquire_lock: rtg_acquire: comm=deepPicar rtgid=1001 tgid=3855 pid=3855 prio=93
       deepPicar-3855  [004] d..3  1297.681420: rtg_try_release_lock: rtg_release: comm=deepPicar rtgid=1001 tgid=3855 pid=3855 prio=93
          <idle>-0     [004] dn.3  1297.715646: rtg_try_acquire_lock: rtg_acquire: comm=deepPicar rtgid=1001 tgid=3855 pid=3855 prio=93
       deepPicar-3851  [000] ...1  1297.715670: tracing_mark_write: gid=1001: job_start
       deepPicar-3854  [003] d..3  1297.716987: rtg_try_release_lock: rtg_release: comm=deepPicar rtgid=1001 tgid=3854 pid=3854 prio=93
       deepPicar-3855  [004] d..3  1297.716991: rtg_try_acquire_lock: rtg_acquire: comm=deepPicar rtgid=1001 tgid=3855 pid=3878 prio=93
       deepPicar-3864  [004] d..3  1297.731869: rtg_try_release_lock: rtg_release: comm=deepPicar rtgid=1001 tgid=3855 pid=3864 prio=93
       deepPicar-3864  [004] d..3  1297.731873: rtg_try_acquire_lock: rtg_acquire: comm=deepPicar rtgid=1001 tgid=3855 pid=3855 prio=93
       deepPicar-3855  [004] d..3  1297.731977: rtg_try_release_lock: rtg_release: comm=deepPicar rtgid=1001 tgid=3855 pid=3855 prio=93
          <idle>-0     [005] dn.3  1297.765648: rtg_try_acquire_lock: rtg_acquire: comm=deepPicar rtgid=1001 tgid=3856 pid=3856 prio=93
       deepPicar-3851  [000] ...1  1297.765671: tracing_mark_write: gid=1001: job_start
       deepPicar-3856  [005] d..3  1297.766952: rtg_try_release_lock: rtg_release: comm=deepPicar rtgid=1001 tgid=3856 pid=3856 prio=93
       deepPicar-3851  [000] d..3  1297.766956: rtg_try_acquire_lock: rtg_acquire: comm=deepPicar rtgid=1001 tgid=3851 pid=3868 prio=93
       deepPicar-3880  [005] d..3  1297.767764: rtg_try_release_lock: rtg_release: comm=deepPicar rtgid=1001 tgid=3856 pid=3880 prio=93
       deepPicar-3868  [000] d..3  1297.767767: rtg_try_acquire_lock: rtg_acquire: comm=deepPicar rtgid=1001 tgid=3851 pid=3859 prio=93
       deepPicar-3864  [004] d..3  1297.781397: rtg_try_release_lock: rtg_release: comm=deepPicar rtgid=1001 tgid=3855 pid=3864 prio=93
       deepPicar-3864  [004] d..3  1297.781400: rtg_try_acquire_lock: rtg_acquire: comm=deepPicar rtgid=1001 tgid=3855 pid=3855 prio=93
       deepPicar-3855  [004] d..3  1297.781483: rtg_try_release_lock: rtg_release: comm=deepPicar rtgid=1001 tgid=3855 pid=3855 prio=93
          <idle>-0     [005] dn.3  1297.815652: rtg_try_acquire_lock: rtg_acquire: comm=deepPicar rtgid=1001 tgid=3856 pid=3856 prio=93
       deepPicar-3851  [000] ...1  1297.815680: tracing_mark_write: gid=1001: job_start
       deepPicar-3856  [005] d..3  1297.817034: rtg_try_release_lock: rtg_release: comm=deepPicar rtgid=1001 tgid=3856 pid=3856 prio=93
       deepPicar-3855  [004] d..3  1297.817038: rtg_try_acquire_lock: rtg_acquire: comm=deepPicar rtgid=1001 tgid=3855 pid=3883 prio=93
       deepPicar-3884  [003] d..3  1297.817946: rtg_try_release_lock: rtg_release: comm=deepPicar rtgid=1001 tgid=3854 pid=3884 prio=93
       deepPicar-3882  [005] d..3  1297.817950: rtg_try_acquire_lock: rtg_acquire: comm=deepPicar rtgid=1001 tgid=3856 pid=3865 prio=93
       deepPicar-3851  [000] d..3  1297.831394: rtg_try_acquire_lock: rtg_block: comm=tau_rt_1 rtgid=1002 tgid=3894 pid=3894 prio=94
       deepPicar-3864  [004] d..3  1297.831687: rtg_try_release_lock: rtg_release: comm=deepPicar rtgid=1001 tgid=3855 pid=3864 prio=93
          <idle>-0     [000] dn.3  1297.831691: rtg_try_acquire_lock: rtg_acquire: comm=tau_rt_1 rtgid=1002 tgid=3894 pid=3894 prio=94
       deepPicar-3864  [004] d..3  1297.831693: rtg_try_acquire_lock: rtg_preemptor: comm=deepPicar rtgid=1001 tgid=3855 pid=3855 prio=93
       deepPicar-3864  [004] d..3  1297.831694: rtg_try_acquire_lock: rtg_preemptee: comm=tau_rt_1 rtgid=1002 tgid=3894 pid=3894 prio=94
        tau_rt_1-3894  [000] dn.3  1297.831697: rtg_try_acquire_lock: rtg_block: comm=tau_rt_1 rtgid=1002 tgid=3894 pid=3894 prio=94
       deepPicar-3855  [004] d..3  1297.831791: rtg_try_release_lock: rtg_release: comm=deepPicar rtgid=1001 tgid=3855 pid=3855 prio=93
            bash-3385  [000] dn.3  1297.831794: rtg_try_acquire_lock: rtg_acquire: comm=tau_rt_1 rtgid=1002 tgid=3894 pid=3894 prio=94
        tau_rt_1-3894  [000] ...1  1297.833610: tracing_mark_write: ===== [RTG-LIB] <3894> Syncing on barrier...
        tau_rt_1-3894  [000] d..3  1297.833655: rtg_try_release_lock: rtg_release: comm=tau_rt_1 rtgid=1002 tgid=3894 pid=3894 prio=94
        tau_rt_2-3897  [003] ...1  1297.841550: tracing_mark_write: ===== [RTG-LIB] <3897> Syncing on barrier...
        tau_rt_3-3898  [004] ...1  1297.841550: tracing_mark_write: ===== [RTG-LIB] <3898> Syncing on barrier...
        tau_rt_3-3898  [004] d..3  1297.841591: rtg_try_acquire_lock: rtg_acquire: comm=tau_rt_3 rtgid=1002 tgid=3898 pid=3898 prio=94
        tau_rt_3-3898  [004] d..3  1297.841604: rtg_try_release_lock: rtg_release: comm=tau_rt_3 rtgid=1002 tgid=3898 pid=3898 prio=94
        tau_rt_4-3899  [005] ...1  1297.846685: tracing_mark_write: ===== [RTG-LIB] <3899> Syncing on barrier...
          <idle>-0     [000] dn.3  1297.846720: rtg_try_acquire_lock: rtg_acquire: comm=tau_rt_1 rtgid=1002 tgid=3894 pid=3894 prio=94
        tau_rt_4-3899  [005] ...1  1297.846721: tracing_mark_write: ===== [RTG-LIB] <3899> Sync Complete!
        tau_rt_2-3897  [003] ...1  1297.846729: tracing_mark_write: ===== [RTG-LIB] <3897> Sync Complete!
        tau_rt_3-3898  [004] ...1  1297.846729: tracing_mark_write: ===== [RTG-LIB] <3898> Sync Complete!
        tau_rt_1-3894  [000] ...1  1297.846734: tracing_mark_write: ===== [RTG-LIB] <3894> Sync Complete!
        tau_rt_2-3897  [003] d..3  1297.846792: rtg_try_release_lock: rtg_release: comm=tau_rt_2 rtgid=1002 tgid=3897 pid=3897 prio=94
        tau_rt_3-3898  [004] d..3  1297.846795: rtg_try_acquire_lock: rtg_acquire: comm=tau_rt_3 rtgid=1002 tgid=3898 pid=3900 prio=94
        tau_rt_1-3901  [000] ...1  1297.846844: tracing_mark_write: gid=1002: job_start
        tau_rt_2-3902  [003] dn.3  1297.865661: rtg_try_acquire_lock: rtg_preemptor: comm=deepPicar rtgid=1001 tgid=3854 pid=3854 prio=93
        tau_rt_2-3902  [003] dn.3  1297.865663: rtg_try_acquire_lock: rtg_preemptee: comm=tau_rt_3 rtgid=1002 tgid=3898 pid=3900 prio=94
       deepPicar-3851  [000] ...1  1297.865694: tracing_mark_write: gid=1001: job_start
       deepPicar-3854  [003] d..3  1297.881246: rtg_try_acquire_lock: rtg_block: comm=tau_rt_2 rtgid=1002 tgid=3897 pid=3902 prio=94
       deepPicar-3851  [000] d..3  1297.881249: rtg_try_acquire_lock: rtg_block: comm=tau_rt_1 rtgid=1002 tgid=3894 pid=3901 prio=94
       deepPicar-3856  [005] d..3  1297.881287: rtg_try_acquire_lock: rtg_block: comm=tau_rt_4 rtgid=1002 tgid=3899 pid=3903 prio=94
       deepPicar-3864  [004] d..3  1297.881481: rtg_try_release_lock: rtg_release: comm=deepPicar rtgid=1001 tgid=3855 pid=3864 prio=93
          <idle>-0     [000] dn.3  1297.881484: rtg_try_acquire_lock: rtg_acquire: comm=tau_rt_1 rtgid=1002 tgid=3894 pid=3901 prio=94
       deepPicar-3864  [004] d..3  1297.881487: rtg_try_acquire_lock: rtg_preemptor: comm=deepPicar rtgid=1001 tgid=3855 pid=3855 prio=93
       deepPicar-3864  [004] d..3  1297.881488: rtg_try_acquire_lock: rtg_preemptee: comm=tau_rt_1 rtgid=1002 tgid=3894 pid=3901 prio=94
        tau_rt_1-3901  [000] dn.3  1297.881492: rtg_try_acquire_lock: rtg_block: comm=tau_rt_1 rtgid=1002 tgid=3894 pid=3901 prio=94
        tau_rt_2-3902  [003] dn.3  1297.881494: rtg_try_acquire_lock: rtg_block: comm=tau_rt_2 rtgid=1002 tgid=3897 pid=3902 prio=94
        tau_rt_4-3903  [005] dn.3  1297.881495: rtg_try_acquire_lock: rtg_block: comm=tau_rt_4 rtgid=1002 tgid=3899 pid=3903 prio=94
       deepPicar-3855  [004] d..3  1297.881579: rtg_try_release_lock: rtg_release: comm=deepPicar rtgid=1001 tgid=3855 pid=3855 prio=93
          <idle>-0     [000] dn.3  1297.881580: rtg_try_acquire_lock: rtg_acquire: comm=tau_rt_1 rtgid=1002 tgid=3894 pid=3901 prio=94
        tau_rt_1-3901  [000] d..3  1297.885741: rtg_try_release_lock: rtg_release: comm=tau_rt_1 rtgid=1002 tgid=3894 pid=3901 prio=94
          <idle>-0     [003] dn.3  1297.896849: rtg_try_acquire_lock: rtg_acquire: comm=tau_rt_2 rtgid=1002 tgid=3897 pid=3902 prio=94
        tau_rt_1-3901  [000] ...1  1297.896881: tracing_mark_write: gid=1002: job_start
        tau_rt_2-3902  [003] dn.3  1297.915660: rtg_try_acquire_lock: rtg_preemptor: comm=deepPicar rtgid=1001 tgid=3854 pid=3854 prio=93
        tau_rt_2-3902  [003] dn.3  1297.915662: rtg_try_acquire_lock: rtg_preemptee: comm=tau_rt_2 rtgid=1002 tgid=3897 pid=3902 prio=94
       deepPicar-3851  [000] ...1  1297.915694: tracing_mark_write: gid=1001: job_start
       deepPicar-3851  [000] d..3  1297.917023: rtg_try_release_lock: rtg_release: comm=deepPicar rtgid=1001 tgid=3851 pid=3851 prio=93
       deepPicar-3855  [004] d..3  1297.917027: rtg_try_acquire_lock: rtg_acquire: comm=deepPicar rtgid=1001 tgid=3855 pid=3889 prio=93
       deepPicar-3888  [005] d..3  1297.917902: rtg_try_release_lock: rtg_release: comm=deepPicar rtgid=1001 tgid=3856 pid=3888 prio=93
       deepPicar-3890  [003] d..3  1297.917906: rtg_try_acquire_lock: rtg_acquire: comm=deepPicar rtgid=1001 tgid=3854 pid=3863 prio=93
       deepPicar-3854  [003] d..3  1297.931370: rtg_try_acquire_lock: rtg_block: comm=tau_rt_2 rtgid=1002 tgid=3897 pid=3902 prio=94
       deepPicar-3851  [000] d..3  1297.931374: rtg_try_acquire_lock: rtg_block: comm=tau_rt_1 rtgid=1002 tgid=3894 pid=3901 prio=94
       deepPicar-3856  [005] d..3  1297.931425: rtg_try_acquire_lock: rtg_block: comm=tau_rt_4 rtgid=1002 tgid=3899 pid=3903 prio=94
       deepPicar-3864  [004] d..3  1297.931577: rtg_try_release_lock: rtg_release: comm=deepPicar rtgid=1001 tgid=3855 pid=3864 prio=93
          <idle>-0     [003] dn.3  1297.931580: rtg_try_acquire_lock: rtg_acquire: comm=tau_rt_2 rtgid=1002 tgid=3897 pid=3902 prio=94
       deepPicar-3864  [004] d..3  1297.931582: rtg_try_acquire_lock: rtg_preemptor: comm=deepPicar rtgid=1001 tgid=3855 pid=3855 prio=93
       deepPicar-3864  [004] d..3  1297.931583: rtg_try_acquire_lock: rtg_preemptee: comm=tau_rt_2 rtgid=1002 tgid=3897 pid=3902 prio=94
        tau_rt_1-3901  [000] dn.3  1297.931587: rtg_try_acquire_lock: rtg_block: comm=tau_rt_1 rtgid=1002 tgid=3894 pid=3901 prio=94
        tau_rt_2-3902  [003] dn.3  1297.931589: rtg_try_acquire_lock: rtg_block: comm=tau_rt_2 rtgid=1002 tgid=3897 pid=3902 prio=94
        tau_rt_4-3903  [005] dn.3  1297.931591: rtg_try_acquire_lock: rtg_block: comm=tau_rt_4 rtgid=1002 tgid=3899 pid=3903 prio=94
       deepPicar-3855  [004] d..3  1297.931671: rtg_try_release_lock: rtg_release: comm=deepPicar rtgid=1001 tgid=3855 pid=3855 prio=93
          <idle>-0     [003] dn.3  1297.931673: rtg_try_acquire_lock: rtg_acquire: comm=tau_rt_2 rtgid=1002 tgid=3897 pid=3902 prio=94
        tau_rt_1-3901  [000] d..3  1297.935994: rtg_try_release_lock: rtg_release: comm=tau_rt_1 rtgid=1002 tgid=3894 pid=3901 prio=94
          <idle>-0     [005] dn.3  1297.946853: rtg_try_acquire_lock: rtg_acquire: comm=tau_rt_4 rtgid=1002 tgid=3899 pid=3903 prio=94
        tau_rt_1-3901  [000] ...1  1297.946881: tracing_mark_write: gid=1002: job_start
        tau_rt_4-3903  [005] dn.3  1297.965658: rtg_try_acquire_lock: rtg_preemptor: comm=deepPicar rtgid=1001 tgid=3856 pid=3856 prio=93
        tau_rt_4-3903  [005] dn.3  1297.965660: rtg_try_acquire_lock: rtg_preemptee: comm=tau_rt_4 rtgid=1002 tgid=3899 pid=3903 prio=94
       deepPicar-3851  [000] ...1  1297.965690: tracing_mark_write: gid=1001: job_start
       deepPicar-3855  [004] d..3  1297.967014: rtg_try_release_lock: rtg_release: comm=deepPicar rtgid=1001 tgid=3855 pid=3855 prio=93
       deepPicar-3856  [005] d..3  1297.967018: rtg_try_acquire_lock: rtg_acquire: comm=deepPicar rtgid=1001 tgid=3856 pid=3893 prio=93
       deepPicar-3851  [000] d..3  1297.981217: rtg_try_acquire_lock: rtg_block: comm=tau_rt_1 rtgid=1002 tgid=3894 pid=3901 prio=94
       deepPicar-3854  [003] d..3  1297.981221: rtg_try_acquire_lock: rtg_block: comm=tau_rt_2 rtgid=1002 tgid=3897 pid=3902 prio=94
       deepPicar-3856  [005] d..3  1297.981322: rtg_try_acquire_lock: rtg_block: comm=tau_rt_4 rtgid=1002 tgid=3899 pid=3903 prio=94
       deepPicar-3864  [004] d..3  1297.981491: rtg_try_release_lock: rtg_release: comm=deepPicar rtgid=1001 tgid=3855 pid=3864 prio=93
          <idle>-0     [000] dn.3  1297.981494: rtg_try_acquire_lock: rtg_acquire: comm=tau_rt_1 rtgid=1002 tgid=3894 pid=3901 prio=94
       deepPicar-3864  [004] d..3  1297.981497: rtg_try_acquire_lock: rtg_preemptor: comm=deepPicar rtgid=1001 tgid=3855 pid=3855 prio=93
       deepPicar-3864  [004] d..3  1297.981498: rtg_try_acquire_lock: rtg_preemptee: comm=tau_rt_1 rtgid=1002 tgid=3894 pid=3901 prio=94
        tau_rt_1-3901  [000] dn.3  1297.981501: rtg_try_acquire_lock: rtg_block: comm=tau_rt_1 rtgid=1002 tgid=3894 pid=3901 prio=94
        tau_rt_2-3902  [003] dn.3  1297.981503: rtg_try_acquire_lock: rtg_block: comm=tau_rt_2 rtgid=1002 tgid=3897 pid=3902 prio=94
        tau_rt_4-3903  [005] dn.3  1297.981505: rtg_try_acquire_lock: rtg_block: comm=tau_rt_4 rtgid=1002 tgid=3899 pid=3903 prio=94
       deepPicar-3855  [004] d..3  1297.981586: rtg_try_release_lock: rtg_release: comm=deepPicar rtgid=1001 tgid=3855 pid=3855 prio=93
          <idle>-0     [000] dn.3  1297.981588: rtg_try_acquire_lock: rtg_acquire: comm=tau_rt_1 rtgid=1002 tgid=3894 pid=3901 prio=94
        tau_rt_1-3901  [000] d..3  1297.985933: rtg_try_release_lock: rtg_release: comm=tau_rt_1 rtgid=1002 tgid=3894 pid=3901 prio=94
          <idle>-0     [005] dn.3  1297.996854: rtg_try_acquire_lock: rtg_acquire: comm=tau_rt_4 rtgid=1002 tgid=3899 pid=3903 prio=94
        tau_rt_1-3901  [000] ...1  1297.996880: tracing_mark_write: gid=1002: job_start
        tau_rt_3-3900  [004] dn.3  1298.015657: rtg_try_acquire_lock: rtg_preemptor: comm=deepPicar rtgid=1001 tgid=3855 pid=3855 prio=93
        tau_rt_3-3900  [004] dn.3  1298.015660: rtg_try_acquire_lock: rtg_preemptee: comm=tau_rt_4 rtgid=1002 tgid=3899 pid=3903 prio=94
       deepPicar-3851  [000] ...1  1298.015690: tracing_mark_write: gid=1001: job_start
       deepPicar-3851  [000] d..3  1298.017023: rtg_try_release_lock: rtg_release: comm=deepPicar rtgid=1001 tgid=3851 pid=3851 prio=93
       deepPicar-3856  [005] d..3  1298.017027: rtg_try_acquire_lock: rtg_acquire: comm=deepPicar rtgid=1001 tgid=3856 pid=3877 prio=93
       deepPicar-3851  [000] d..3  1298.031262: rtg_try_acquire_lock: rtg_block: comm=tau_rt_1 rtgid=1002 tgid=3894 pid=3901 prio=94
       deepPicar-3854  [003] d..3  1298.031266: rtg_try_acquire_lock: rtg_block: comm=tau_rt_2 rtgid=1002 tgid=3897 pid=3902 prio=94
       deepPicar-3856  [005] d..3  1298.031343: rtg_try_acquire_lock: rtg_block: comm=tau_rt_4 rtgid=1002 tgid=3899 pid=3903 prio=94
       deepPicar-3864  [004] d..3  1298.031453: rtg_try_release_lock: rtg_release: comm=deepPicar rtgid=1001 tgid=3855 pid=3864 prio=93
          <idle>-0     [005] dn.3  1298.031455: rtg_try_acquire_lock: rtg_acquire: comm=tau_rt_4 rtgid=1002 tgid=3899 pid=3903 prio=94
       deepPicar-3864  [004] d..3  1298.031458: rtg_try_acquire_lock: rtg_preemptor: comm=deepPicar rtgid=1001 tgid=3855 pid=3855 prio=93
       deepPicar-3864  [004] d..3  1298.031459: rtg_try_acquire_lock: rtg_preemptee: comm=tau_rt_4 rtgid=1002 tgid=3899 pid=3903 prio=94
        tau_rt_1-3901  [000] dn.3  1298.031463: rtg_try_acquire_lock: rtg_block: comm=tau_rt_1 rtgid=1002 tgid=3894 pid=3901 prio=94
        tau_rt_2-3902  [003] dn.3  1298.031465: rtg_try_acquire_lock: rtg_block: comm=tau_rt_2 rtgid=1002 tgid=3897 pid=3902 prio=94
        tau_rt_4-3903  [005] dn.3  1298.031467: rtg_try_acquire_lock: rtg_block: comm=tau_rt_4 rtgid=1002 tgid=3899 pid=3903 prio=94
       deepPicar-3855  [004] d..3  1298.031548: rtg_try_release_lock: rtg_release: comm=deepPicar rtgid=1001 tgid=3855 pid=3855 prio=93
          <idle>-0     [003] dn.3  1298.031550: rtg_try_acquire_lock: rtg_acquire: comm=tau_rt_2 rtgid=1002 tgid=3897 pid=3902 prio=94
        tau_rt_2-3902  [003] d..3  1298.035856: rtg_try_release_lock: rtg_release: comm=tau_rt_2 rtgid=1002 tgid=3897 pid=3902 prio=94
          <idle>-0     [005] dn.3  1298.046852: rtg_try_acquire_lock: rtg_acquire: comm=tau_rt_4 rtgid=1002 tgid=3899 pid=3903 prio=94
        tau_rt_1-3901  [000] ...1  1298.046881: tracing_mark_write: gid=1002: job_start
        tau_rt_3-3900  [004] dn.3  1298.065660: rtg_try_acquire_lock: rtg_preemptor: comm=deepPicar rtgid=1001 tgid=3855 pid=3855 prio=93
        tau_rt_3-3900  [004] dn.3  1298.065662: rtg_try_acquire_lock: rtg_preemptee: comm=tau_rt_4 rtgid=1002 tgid=3899 pid=3903 prio=94
       deepPicar-3851  [000] ...1  1298.065692: tracing_mark_write: gid=1001: job_start
       deepPicar-3855  [004] d..3  1298.067017: rtg_try_release_lock: rtg_release: comm=deepPicar rtgid=1001 tgid=3855 pid=3855 prio=93
       deepPicar-3854  [003] d..3  1298.067021: rtg_try_acquire_lock: rtg_acquire: comm=deepPicar rtgid=1001 tgid=3854 pid=3881 prio=93
       deepPicar-3854  [003] d..3  1298.081173: rtg_try_acquire_lock: rtg_block: comm=tau_rt_2 rtgid=1002 tgid=3897 pid=3902 prio=94
       deepPicar-3851  [000] d..3  1298.081177: rtg_try_acquire_lock: rtg_block: comm=tau_rt_1 rtgid=1002 tgid=3894 pid=3901 prio=94
       deepPicar-3856  [005] d..3  1298.081279: rtg_try_acquire_lock: rtg_block: comm=tau_rt_4 rtgid=1002 tgid=3899 pid=3903 prio=94
       deepPicar-3864  [004] d..3  1298.081496: rtg_try_release_lock: rtg_release: comm=deepPicar rtgid=1001 tgid=3855 pid=3864 prio=93
          <idle>-0     [003] dn.3  1298.081499: rtg_try_acquire_lock: rtg_acquire: comm=tau_rt_2 rtgid=1002 tgid=3897 pid=3902 prio=94
       deepPicar-3864  [004] d..3  1298.081502: rtg_try_acquire_lock: rtg_preemptor: comm=deepPicar rtgid=1001 tgid=3855 pid=3855 prio=93
       deepPicar-3864  [004] d..3  1298.081503: rtg_try_acquire_lock: rtg_preemptee: comm=tau_rt_2 rtgid=1002 tgid=3897 pid=3902 prio=94
        tau_rt_1-3901  [000] dn.3  1298.081507: rtg_try_acquire_lock: rtg_block: comm=tau_rt_1 rtgid=1002 tgid=3894 pid=3901 prio=94
        tau_rt_2-3902  [003] dn.3  1298.081509: rtg_try_acquire_lock: rtg_block: comm=tau_rt_2 rtgid=1002 tgid=3897 pid=3902 prio=94
        tau_rt_4-3903  [005] dn.3  1298.081510: rtg_try_acquire_lock: rtg_block: comm=tau_rt_4 rtgid=1002 tgid=3899 pid=3903 prio=94
       deepPicar-3855  [004] d..3  1298.081594: rtg_try_release_lock: rtg_release: comm=deepPicar rtgid=1001 tgid=3855 pid=3855 prio=93
          <idle>-0     [003] dn.3  1298.081596: rtg_try_acquire_lock: rtg_acquire: comm=tau_rt_2 rtgid=1002 tgid=3897 pid=3902 prio=94
        tau_rt_2-3902  [003] d..3  1298.085923: rtg_try_release_lock: rtg_release: comm=tau_rt_2 rtgid=1002 tgid=3897 pid=3902 prio=94
          <idle>-0     [004] dn.3  1298.096854: rtg_try_acquire_lock: rtg_acquire: comm=tau_rt_3 rtgid=1002 tgid=3898 pid=3900 prio=94
        tau_rt_1-3901  [000] ...1  1298.096883: tracing_mark_write: gid=1002: job_start
        tau_rt_3-3900  [004] dn.3  1298.115660: rtg_try_acquire_lock: rtg_preemptor: comm=deepPicar rtgid=1001 tgid=3855 pid=3855 prio=93
        tau_rt_3-3900  [004] dn.3  1298.115662: rtg_try_acquire_lock: rtg_preemptee: comm=tau_rt_3 rtgid=1002 tgid=3898 pid=3900 prio=94
       deepPicar-3851  [000] ...1  1298.115692: tracing_mark_write: gid=1001: job_start
       deepPicar-3851  [000] d..3  1298.117061: rtg_try_release_lock: rtg_release: comm=deepPicar rtgid=1001 tgid=3851 pid=3851 prio=93
       deepPicar-3856  [005] d..3  1298.117065: rtg_try_acquire_lock: rtg_acquire: comm=deepPicar rtgid=1001 tgid=3856 pid=3882 prio=93
       deepPicar-3851  [000] d..3  1298.131442: rtg_try_acquire_lock: rtg_block: comm=tau_rt_1 rtgid=1002 tgid=3894 pid=3901 prio=94
       deepPicar-3854  [003] d..3  1298.131446: rtg_try_acquire_lock: rtg_block: comm=tau_rt_2 rtgid=1002 tgid=3897 pid=3902 prio=94
       deepPicar-3856  [005] d..3  1298.131449: rtg_try_acquire_lock: rtg_block: comm=tau_rt_4 rtgid=1002 tgid=3899 pid=3903 prio=94
       deepPicar-3864  [004] d..3  1298.131641: rtg_try_release_lock: rtg_release: comm=deepPicar rtgid=1001 tgid=3855 pid=3864 prio=93
          <idle>-0     [003] dn.3  1298.131644: rtg_try_acquire_lock: rtg_acquire: comm=tau_rt_2 rtgid=1002 tgid=3897 pid=3902 prio=94
       deepPicar-3864  [004] d..3  1298.131647: rtg_try_acquire_lock: rtg_preemptor: comm=deepPicar rtgid=1001 tgid=3855 pid=3855 prio=93
       deepPicar-3864  [004] d..3  1298.131648: rtg_try_acquire_lock: rtg_preemptee: comm=tau_rt_2 rtgid=1002 tgid=3897 pid=3902 prio=94
        tau_rt_1-3901  [000] dn.3  1298.131652: rtg_try_acquire_lock: rtg_block: comm=tau_rt_1 rtgid=1002 tgid=3894 pid=3901 prio=94
        tau_rt_4-3903  [005] dn.3  1298.131654: rtg_try_acquire_lock: rtg_block: comm=tau_rt_4 rtgid=1002 tgid=3899 pid=3903 prio=94
        tau_rt_2-3902  [003] dn.3  1298.131655: rtg_try_acquire_lock: rtg_block: comm=tau_rt_2 rtgid=1002 tgid=3897 pid=3902 prio=94
       deepPicar-3855  [004] d..3  1298.131745: rtg_try_release_lock: rtg_release: comm=deepPicar rtgid=1001 tgid=3855 pid=3855 prio=93
          <idle>-0     [003] dn.3  1298.131746: rtg_try_acquire_lock: rtg_acquire: comm=tau_rt_2 rtgid=1002 tgid=3897 pid=3902 prio=94
        tau_rt_1-3901  [000] d..3  1298.136153: rtg_try_release_lock: rtg_release: comm=tau_rt_1 rtgid=1002 tgid=3894 pid=3901 prio=94
          <idle>-0     [004] dn.3  1298.146851: rtg_try_acquire_lock: rtg_acquire: comm=tau_rt_3 rtgid=1002 tgid=3898 pid=3900 prio=94
        tau_rt_1-3901  [000] ...1  1298.146882: tracing_mark_write: gid=1002: job_start
        tau_rt_3-3900  [004] dn.3  1298.165660: rtg_try_acquire_lock: rtg_preemptor: comm=deepPicar rtgid=1001 tgid=3855 pid=3855 prio=93
        tau_rt_3-3900  [004] dn.3  1298.165662: rtg_try_acquire_lock: rtg_preemptee: comm=tau_rt_3 rtgid=1002 tgid=3898 pid=3900 prio=94
       deepPicar-3851  [000] ...1  1298.165690: tracing_mark_write: gid=1001: job_start
       deepPicar-3855  [004] d..3  1298.167005: rtg_try_release_lock: rtg_release: comm=deepPicar rtgid=1001 tgid=3855 pid=3855 prio=93
       deepPicar-3854  [003] d..3  1298.167009: rtg_try_acquire_lock: rtg_acquire: comm=deepPicar rtgid=1001 tgid=3854 pid=3887 prio=93
       deepPicar-3854  [003] d..3  1298.181256: rtg_try_acquire_lock: rtg_block: comm=tau_rt_2 rtgid=1002 tgid=3897 pid=3902 prio=94
       deepPicar-3851  [000] d..3  1298.181260: rtg_try_acquire_lock: rtg_block: comm=tau_rt_1 rtgid=1002 tgid=3894 pid=3901 prio=94
       deepPicar-3856  [005] d..3  1298.181388: rtg_try_acquire_lock: rtg_block: comm=tau_rt_4 rtgid=1002 tgid=3899 pid=3903 prio=94
       deepPicar-3864  [004] d..3  1298.181495: rtg_try_release_lock: rtg_release: comm=deepPicar rtgid=1001 tgid=3855 pid=3864 prio=93
          <idle>-0     [000] dn.3  1298.181497: rtg_try_acquire_lock: rtg_acquire: comm=tau_rt_1 rtgid=1002 tgid=3894 pid=3901 prio=94
       deepPicar-3864  [004] d..3  1298.181500: rtg_try_acquire_lock: rtg_preemptor: comm=deepPicar rtgid=1001 tgid=3855 pid=3855 prio=93
       deepPicar-3864  [004] d..3  1298.181501: rtg_try_acquire_lock: rtg_preemptee: comm=tau_rt_1 rtgid=1002 tgid=3894 pid=3901 prio=94
        tau_rt_2-3902  [003] dn.3  1298.181505: rtg_try_acquire_lock: rtg_block: comm=tau_rt_2 rtgid=1002 tgid=3897 pid=3902 prio=94
        tau_rt_1-3901  [000] dn.3  1298.181507: rtg_try_acquire_lock: rtg_block: comm=tau_rt_1 rtgid=1002 tgid=3894 pid=3901 prio=94
        tau_rt_4-3903  [005] dn.3  1298.181508: rtg_try_acquire_lock: rtg_block: comm=tau_rt_4 rtgid=1002 tgid=3899 pid=3903 prio=94
       deepPicar-3855  [004] d..3  1298.181589: rtg_try_release_lock: rtg_release: comm=deepPicar rtgid=1001 tgid=3855 pid=3855 prio=93
          <idle>-0     [000] dn.3  1298.181591: rtg_try_acquire_lock: rtg_acquire: comm=tau_rt_1 rtgid=1002 tgid=3894 pid=3901 prio=94
        tau_rt_1-3901  [000] d..3  1298.185982: rtg_try_release_lock: rtg_release: comm=tau_rt_1 rtgid=1002 tgid=3894 pid=3901 prio=94
          <idle>-0     [004] dn.3  1298.196852: rtg_try_acquire_lock: rtg_acquire: comm=tau_rt_3 rtgid=1002 tgid=3898 pid=3900 prio=94
        tau_rt_1-3901  [000] ...1  1298.196880: tracing_mark_write: gid=1002: job_start
        tau_rt_2-3902  [003] dn.3  1298.215660: rtg_try_acquire_lock: rtg_preemptor: comm=deepPicar rtgid=1001 tgid=3854 pid=3854 prio=93
        tau_rt_2-3902  [003] dn.3  1298.215662: rtg_try_acquire_lock: rtg_preemptee: comm=tau_rt_3 rtgid=1002 tgid=3898 pid=3900 prio=94
       deepPicar-3851  [000] ...1  1298.215690: tracing_mark_write: gid=1001: job_start
       deepPicar-3851  [000] d..3  1298.217038: rtg_try_release_lock: rtg_release: comm=deepPicar rtgid=1001 tgid=3851 pid=3851 prio=93
       deepPicar-3855  [004] d..3  1298.217042: rtg_try_acquire_lock: rtg_acquire: comm=deepPicar rtgid=1001 tgid=3855 pid=3889 prio=93
       deepPicar-3854  [003] d..3  1298.231303: rtg_try_acquire_lock: rtg_block: comm=tau_rt_2 rtgid=1002 tgid=3897 pid=3902 prio=94
       deepPicar-3851  [000] d..3  1298.231307: rtg_try_acquire_lock: rtg_block: comm=tau_rt_1 rtgid=1002 tgid=3894 pid=3901 prio=94
       deepPicar-3856  [005] d..3  1298.231317: rtg_try_acquire_lock: rtg_block: comm=tau_rt_4 rtgid=1002 tgid=3899 pid=3903 prio=94
       deepPicar-3864  [004] d..3  1298.231496: rtg_try_release_lock: rtg_release: comm=deepPicar rtgid=1001 tgid=3855 pid=3864 prio=93
          <idle>-0     [003] dn.3  1298.231498: rtg_try_acquire_lock: rtg_acquire: comm=tau_rt_2 rtgid=1002 tgid=3897 pid=3902 prio=94
       deepPicar-3864  [004] d..3  1298.231501: rtg_try_acquire_lock: rtg_preemptor: comm=deepPicar rtgid=1001 tgid=3855 pid=3855 prio=93
       deepPicar-3864  [004] d..3  1298.231502: rtg_try_acquire_lock: rtg_preemptee: comm=tau_rt_2 rtgid=1002 tgid=3897 pid=3902 prio=94
        tau_rt_1-3901  [000] dn.3  1298.231505: rtg_try_acquire_lock: rtg_block: comm=tau_rt_1 rtgid=1002 tgid=3894 pid=3901 prio=94
        tau_rt_2-3902  [003] dn.3  1298.231507: rtg_try_acquire_lock: rtg_block: comm=tau_rt_2 rtgid=1002 tgid=3897 pid=3902 prio=94
        tau_rt_4-3903  [005] dn.3  1298.231509: rtg_try_acquire_lock: rtg_block: comm=tau_rt_4 rtgid=1002 tgid=3899 pid=3903 prio=94
       deepPicar-3855  [004] d..3  1298.231598: rtg_try_release_lock: rtg_release: comm=deepPicar rtgid=1001 tgid=3855 pid=3855 prio=93
          <idle>-0     [003] dn.3  1298.231600: rtg_try_acquire_lock: rtg_acquire: comm=tau_rt_2 rtgid=1002 tgid=3897 pid=3902 prio=94
        tau_rt_1-3901  [000] d..3  1298.235912: rtg_try_release_lock: rtg_release: comm=tau_rt_1 rtgid=1002 tgid=3894 pid=3901 prio=94
          <idle>-0     [003] dn.3  1298.246854: rtg_try_acquire_lock: rtg_acquire: comm=tau_rt_2 rtgid=1002 tgid=3897 pid=3902 prio=94
        tau_rt_1-3901  [000] ...1  1298.246882: tracing_mark_write: gid=1002: job_start
