# tracer: nop
#
# entries-in-buffer/entries-written: 18076/18076   #P:6
#
#                              _-----=> irqs-off
#                             / _----=> need-resched
#                            | / _---=> hardirq/softirq
#                            || / _--=> preempt-depth
#                            ||| /     delay
#           TASK-PID   CPU#  ||||    TIMESTAMP  FUNCTION
#              | |       |   ||||       |         |
        tau_rt_4-3663  [000] d..3  1109.425526: rtg_try_acquire_lock: rtg_acquire: comm=tau_rt_4 rtgid=1001 tgid=3663 pid=3670 prio=93
        tau_rt_4-3670  [000] ...1  1109.425590: tracing_mark_write: gid=1001: job_start
        tau_rt_4-3670  [000] d..3  1109.450732: rtg_try_release_lock: rtg_release: comm=tau_rt_4 rtgid=1001 tgid=3663 pid=3670 prio=93
          <idle>-0     [000] dn.3  1109.475595: rtg_try_acquire_lock: rtg_acquire: comm=tau_rt_4 rtgid=1001 tgid=3663 pid=3670 prio=93
        tau_rt_4-3670  [000] ...1  1109.475625: tracing_mark_write: gid=1001: job_start
        tau_rt_4-3670  [000] d..3  1109.497828: rtg_try_release_lock: rtg_release: comm=tau_rt_4 rtgid=1001 tgid=3663 pid=3670 prio=93
          <idle>-0     [000] dn.3  1109.525597: rtg_try_acquire_lock: rtg_acquire: comm=tau_rt_4 rtgid=1001 tgid=3663 pid=3670 prio=93
        tau_rt_4-3670  [000] ...1  1109.525623: tracing_mark_write: gid=1001: job_start
        tau_rt_4-3670  [000] d..3  1109.547755: rtg_try_release_lock: rtg_release: comm=tau_rt_4 rtgid=1001 tgid=3663 pid=3670 prio=93
          <idle>-0     [000] dn.3  1109.575606: rtg_try_acquire_lock: rtg_acquire: comm=tau_rt_4 rtgid=1001 tgid=3663 pid=3670 prio=93
        tau_rt_4-3670  [000] ...1  1109.575638: tracing_mark_write: gid=1001: job_start
        tau_rt_4-3670  [000] d..3  1109.599007: rtg_try_release_lock: rtg_release: comm=tau_rt_4 rtgid=1001 tgid=3663 pid=3670 prio=93
       deepPicar-3667  [004] d..3  1109.625299: rtg_try_acquire_lock: rtg_acquire: comm=deepPicar rtgid=1001 tgid=3667 pid=3671 prio=93
       deepPicar-3671  [004] d..3  1109.625371: rtg_try_release_lock: rtg_release: comm=deepPicar rtgid=1001 tgid=3667 pid=3671 prio=93
       deepPicar-3672  [003] d..3  1109.625374: rtg_try_acquire_lock: rtg_acquire: comm=deepPicar rtgid=1001 tgid=3666 pid=3674 prio=93
        tau_rt_4-3670  [000] ...1  1109.625615: tracing_mark_write: gid=1001: job_start
        tau_rt_4-3670  [000] ...1  1109.675623: tracing_mark_write: gid=1001: job_start
        tau_rt_4-3670  [000] ...1  1109.725613: tracing_mark_write: gid=1001: job_start
       deepPicar-3676  [005] d..3  1109.760451: rtg_try_release_lock: rtg_release: comm=deepPicar rtgid=1001 tgid=3668 pid=3676 prio=93
       deepPicar-3676  [005] d..3  1109.760455: rtg_try_acquire_lock: rtg_acquire: comm=deepPicar rtgid=1001 tgid=3668 pid=3668 prio=93
       deepPicar-3668  [005] d..3  1109.760601: rtg_try_release_lock: rtg_release: comm=deepPicar rtgid=1001 tgid=3668 pid=3668 prio=93
          <idle>-0     [000] dn.3  1109.775595: rtg_try_acquire_lock: rtg_acquire: comm=tau_rt_4 rtgid=1001 tgid=3663 pid=3670 prio=93
        tau_rt_4-3670  [000] ...1  1109.775614: tracing_mark_write: gid=1001: job_start
       deepPicar-3676  [005] d..3  1109.810171: rtg_try_release_lock: rtg_release: comm=deepPicar rtgid=1001 tgid=3668 pid=3676 prio=93
       deepPicar-3676  [005] d..3  1109.810174: rtg_try_acquire_lock: rtg_acquire: comm=deepPicar rtgid=1001 tgid=3668 pid=3668 prio=93
       deepPicar-3668  [005] d..3  1109.810279: rtg_try_release_lock: rtg_release: comm=deepPicar rtgid=1001 tgid=3668 pid=3668 prio=93
          <idle>-0     [000] dn.3  1109.825594: rtg_try_acquire_lock: rtg_acquire: comm=tau_rt_4 rtgid=1001 tgid=3663 pid=3670 prio=93
        tau_rt_4-3670  [000] ...1  1109.825613: tracing_mark_write: gid=1001: job_start
       deepPicar-3676  [005] d..3  1109.860274: rtg_try_release_lock: rtg_release: comm=deepPicar rtgid=1001 tgid=3668 pid=3676 prio=93
       deepPicar-3676  [005] d..3  1109.860277: rtg_try_acquire_lock: rtg_acquire: comm=deepPicar rtgid=1001 tgid=3668 pid=3668 prio=93
       deepPicar-3668  [005] d..3  1109.860377: rtg_try_release_lock: rtg_release: comm=deepPicar rtgid=1001 tgid=3668 pid=3668 prio=93
          <idle>-0     [000] dn.3  1109.875597: rtg_try_acquire_lock: rtg_acquire: comm=tau_rt_4 rtgid=1001 tgid=3663 pid=3670 prio=93
        tau_rt_4-3670  [000] ...1  1109.875615: tracing_mark_write: gid=1001: job_start
       deepPicar-3676  [005] d..3  1109.910169: rtg_try_release_lock: rtg_release: comm=deepPicar rtgid=1001 tgid=3668 pid=3676 prio=93
       deepPicar-3676  [005] d..3  1109.910172: rtg_try_acquire_lock: rtg_acquire: comm=deepPicar rtgid=1001 tgid=3668 pid=3668 prio=93
       deepPicar-3668  [005] d..3  1109.910275: rtg_try_release_lock: rtg_release: comm=deepPicar rtgid=1001 tgid=3668 pid=3668 prio=93
          <idle>-0     [000] dn.3  1109.925596: rtg_try_acquire_lock: rtg_acquire: comm=tau_rt_4 rtgid=1001 tgid=3663 pid=3670 prio=93
        tau_rt_4-3670  [000] ...1  1109.925615: tracing_mark_write: gid=1001: job_start
       deepPicar-3676  [005] d..3  1109.960260: rtg_try_release_lock: rtg_release: comm=deepPicar rtgid=1001 tgid=3668 pid=3676 prio=93
       deepPicar-3676  [005] d..3  1109.960263: rtg_try_acquire_lock: rtg_acquire: comm=deepPicar rtgid=1001 tgid=3668 pid=3668 prio=93
       deepPicar-3668  [005] d..3  1109.960362: rtg_try_release_lock: rtg_release: comm=deepPicar rtgid=1001 tgid=3668 pid=3668 prio=93
          <idle>-0     [000] dn.3  1109.975595: rtg_try_acquire_lock: rtg_acquire: comm=tau_rt_4 rtgid=1001 tgid=3663 pid=3670 prio=93
        tau_rt_4-3670  [000] ...1  1109.975613: tracing_mark_write: gid=1001: job_start
       deepPicar-3676  [005] d..3  1110.010301: rtg_try_release_lock: rtg_release: comm=deepPicar rtgid=1001 tgid=3668 pid=3676 prio=93
       deepPicar-3676  [005] d..3  1110.010305: rtg_try_acquire_lock: rtg_acquire: comm=deepPicar rtgid=1001 tgid=3668 pid=3668 prio=93
       deepPicar-3668  [005] d..3  1110.010408: rtg_try_release_lock: rtg_release: comm=deepPicar rtgid=1001 tgid=3668 pid=3668 prio=93
          <idle>-0     [000] dn.3  1110.025595: rtg_try_acquire_lock: rtg_acquire: comm=tau_rt_4 rtgid=1001 tgid=3663 pid=3670 prio=93
        tau_rt_4-3670  [000] ...1  1110.025614: tracing_mark_write: gid=1001: job_start
       deepPicar-3676  [005] d..3  1110.060910: rtg_try_release_lock: rtg_release: comm=deepPicar rtgid=1001 tgid=3668 pid=3676 prio=93
       deepPicar-3676  [005] d..3  1110.060913: rtg_try_acquire_lock: rtg_acquire: comm=deepPicar rtgid=1001 tgid=3668 pid=3668 prio=93
       deepPicar-3668  [005] d..3  1110.061018: rtg_try_release_lock: rtg_release: comm=deepPicar rtgid=1001 tgid=3668 pid=3668 prio=93
          <idle>-0     [000] dn.3  1110.075596: rtg_try_acquire_lock: rtg_acquire: comm=tau_rt_4 rtgid=1001 tgid=3663 pid=3670 prio=93
        tau_rt_4-3670  [000] ...1  1110.075612: tracing_mark_write: gid=1001: job_start
       deepPicar-3676  [005] d..3  1110.110320: rtg_try_release_lock: rtg_release: comm=deepPicar rtgid=1001 tgid=3668 pid=3676 prio=93
       deepPicar-3676  [005] d..3  1110.110323: rtg_try_acquire_lock: rtg_acquire: comm=deepPicar rtgid=1001 tgid=3668 pid=3668 prio=93
       deepPicar-3668  [005] d..3  1110.110425: rtg_try_release_lock: rtg_release: comm=deepPicar rtgid=1001 tgid=3668 pid=3668 prio=93
          <idle>-0     [000] dn.3  1110.125595: rtg_try_acquire_lock: rtg_acquire: comm=tau_rt_4 rtgid=1001 tgid=3663 pid=3670 prio=93
        tau_rt_4-3670  [000] ...1  1110.125614: tracing_mark_write: gid=1001: job_start
       deepPicar-3676  [005] d..3  1110.160585: rtg_try_release_lock: rtg_release: comm=deepPicar rtgid=1001 tgid=3668 pid=3676 prio=93
       deepPicar-3676  [005] d..3  1110.160588: rtg_try_acquire_lock: rtg_acquire: comm=deepPicar rtgid=1001 tgid=3668 pid=3668 prio=93
       deepPicar-3668  [005] d..3  1110.160695: rtg_try_release_lock: rtg_release: comm=deepPicar rtgid=1001 tgid=3668 pid=3668 prio=93
          <idle>-0     [000] dn.3  1110.175594: rtg_try_acquire_lock: rtg_acquire: comm=tau_rt_4 rtgid=1001 tgid=3663 pid=3670 prio=93
        tau_rt_4-3670  [000] ...1  1110.175611: tracing_mark_write: gid=1001: job_start
       deepPicar-3676  [005] d..3  1110.210533: rtg_try_release_lock: rtg_release: comm=deepPicar rtgid=1001 tgid=3668 pid=3676 prio=93
       deepPicar-3676  [005] d..3  1110.210537: rtg_try_acquire_lock: rtg_acquire: comm=deepPicar rtgid=1001 tgid=3668 pid=3668 prio=93
       deepPicar-3668  [005] d..3  1110.210641: rtg_try_release_lock: rtg_release: comm=deepPicar rtgid=1001 tgid=3668 pid=3668 prio=93
          <idle>-0     [000] dn.3  1110.225593: rtg_try_acquire_lock: rtg_acquire: comm=tau_rt_4 rtgid=1001 tgid=3663 pid=3670 prio=93
        tau_rt_4-3670  [000] ...1  1110.225614: tracing_mark_write: gid=1001: job_start
       deepPicar-3676  [005] d..3  1110.260691: rtg_try_release_lock: rtg_release: comm=deepPicar rtgid=1001 tgid=3668 pid=3676 prio=93
       deepPicar-3676  [005] d..3  1110.260694: rtg_try_acquire_lock: rtg_acquire: comm=deepPicar rtgid=1001 tgid=3668 pid=3668 prio=93
       deepPicar-3668  [005] d..3  1110.260799: rtg_try_release_lock: rtg_release: comm=deepPicar rtgid=1001 tgid=3668 pid=3668 prio=93
          <idle>-0     [000] dn.3  1110.275597: rtg_try_acquire_lock: rtg_acquire: comm=tau_rt_4 rtgid=1001 tgid=3663 pid=3670 prio=93
        tau_rt_4-3670  [000] ...1  1110.275615: tracing_mark_write: gid=1001: job_start
       deepPicar-3676  [005] d..3  1110.310438: rtg_try_release_lock: rtg_release: comm=deepPicar rtgid=1001 tgid=3668 pid=3676 prio=93
       deepPicar-3676  [005] d..3  1110.310442: rtg_try_acquire_lock: rtg_acquire: comm=deepPicar rtgid=1001 tgid=3668 pid=3668 prio=93
       deepPicar-3668  [005] d..3  1110.310547: rtg_try_release_lock: rtg_release: comm=deepPicar rtgid=1001 tgid=3668 pid=3668 prio=93
          <idle>-0     [000] dn.3  1110.325595: rtg_try_acquire_lock: rtg_acquire: comm=tau_rt_4 rtgid=1001 tgid=3663 pid=3670 prio=93
        tau_rt_4-3670  [000] ...1  1110.325614: tracing_mark_write: gid=1001: job_start
       deepPicar-3676  [005] d..3  1110.360831: rtg_try_release_lock: rtg_release: comm=deepPicar rtgid=1001 tgid=3668 pid=3676 prio=93
       deepPicar-3676  [005] d..3  1110.360834: rtg_try_acquire_lock: rtg_acquire: comm=deepPicar rtgid=1001 tgid=3668 pid=3668 prio=93
       deepPicar-3668  [005] d..3  1110.360938: rtg_try_release_lock: rtg_release: comm=deepPicar rtgid=1001 tgid=3668 pid=3668 prio=93
          <idle>-0     [000] dn.3  1110.375596: rtg_try_acquire_lock: rtg_acquire: comm=tau_rt_4 rtgid=1001 tgid=3663 pid=3670 prio=93
        tau_rt_4-3670  [000] ...1  1110.375615: tracing_mark_write: gid=1001: job_start
       deepPicar-3676  [005] d..3  1110.410458: rtg_try_release_lock: rtg_release: comm=deepPicar rtgid=1001 tgid=3668 pid=3676 prio=93
       deepPicar-3676  [005] d..3  1110.410461: rtg_try_acquire_lock: rtg_acquire: comm=deepPicar rtgid=1001 tgid=3668 pid=3668 prio=93
       deepPicar-3668  [005] d..3  1110.410564: rtg_try_release_lock: rtg_release: comm=deepPicar rtgid=1001 tgid=3668 pid=3668 prio=93
          <idle>-0     [000] dn.3  1110.425597: rtg_try_acquire_lock: rtg_acquire: comm=tau_rt_4 rtgid=1001 tgid=3663 pid=3670 prio=93
        tau_rt_4-3670  [000] ...1  1110.425617: tracing_mark_write: gid=1001: job_start
       deepPicar-3676  [005] d..3  1110.460925: rtg_try_release_lock: rtg_release: comm=deepPicar rtgid=1001 tgid=3668 pid=3676 prio=93
       deepPicar-3676  [005] d..3  1110.460929: rtg_try_acquire_lock: rtg_acquire: comm=deepPicar rtgid=1001 tgid=3668 pid=3668 prio=93
       deepPicar-3668  [005] d..3  1110.461057: rtg_try_release_lock: rtg_release: comm=deepPicar rtgid=1001 tgid=3668 pid=3668 prio=93
        tau_rt_2-3701  [003] d..3  1110.472372: rtg_try_acquire_lock: rtg_acquire: comm=tau_rt_2 rtgid=1002 tgid=3701 pid=3704 prio=94
       deepPicar-3698  [000] dn.3  1110.475622: rtg_try_acquire_lock: rtg_preemptor: comm=tau_rt_4 rtgid=1001 tgid=3663 pid=3670 prio=93
       deepPicar-3698  [000] dn.3  1110.475626: rtg_try_acquire_lock: rtg_preemptee: comm=tau_rt_2 rtgid=1002 tgid=3701 pid=3704 prio=94
        tau_rt_3-3705  [004] dn.3  1110.475638: rtg_try_acquire_lock: rtg_block: comm=tau_rt_3 rtgid=1002 tgid=3702 pid=3705 prio=94
        tau_rt_2-3704  [003] dn.3  1110.475641: rtg_try_acquire_lock: rtg_block: comm=tau_rt_2 rtgid=1002 tgid=3701 pid=3704 prio=94
        tau_rt_4-3670  [000] ...1  1110.475663: tracing_mark_write: gid=1001: job_start
        tau_rt_4-3703  [005] d..3  1110.488364: rtg_try_acquire_lock: rtg_block: comm=tau_rt_4 rtgid=1002 tgid=3703 pid=3706 prio=94
       deepPicar-3676  [005] d..3  1110.510780: rtg_try_release_lock: rtg_release: comm=deepPicar rtgid=1001 tgid=3668 pid=3676 prio=93
          <idle>-0     [004] dn.3  1110.510784: rtg_try_acquire_lock: rtg_acquire: comm=tau_rt_3 rtgid=1002 tgid=3702 pid=3705 prio=94
       deepPicar-3676  [005] d..3  1110.510788: rtg_try_acquire_lock: rtg_preemptor: comm=deepPicar rtgid=1001 tgid=3668 pid=3668 prio=93
       deepPicar-3676  [005] d..3  1110.510789: rtg_try_acquire_lock: rtg_preemptee: comm=tau_rt_3 rtgid=1002 tgid=3702 pid=3705 prio=94
        tau_rt_2-3704  [003] dn.3  1110.510794: rtg_try_acquire_lock: rtg_block: comm=tau_rt_2 rtgid=1002 tgid=3701 pid=3704 prio=94
        tau_rt_3-3705  [004] dn.3  1110.510796: rtg_try_acquire_lock: rtg_block: comm=tau_rt_3 rtgid=1002 tgid=3702 pid=3705 prio=94
       deepPicar-3668  [005] d..3  1110.510909: rtg_try_release_lock: rtg_release: comm=deepPicar rtgid=1001 tgid=3668 pid=3668 prio=93
          <idle>-0     [004] dn.3  1110.510911: rtg_try_acquire_lock: rtg_acquire: comm=tau_rt_3 rtgid=1002 tgid=3702 pid=3705 prio=94
       deepPicar-3698  [000] dn.3  1110.525628: rtg_try_acquire_lock: rtg_preemptor: comm=tau_rt_4 rtgid=1001 tgid=3663 pid=3670 prio=93
       deepPicar-3698  [000] dn.3  1110.525632: rtg_try_acquire_lock: rtg_preemptee: comm=tau_rt_3 rtgid=1002 tgid=3702 pid=3705 prio=94
        tau_rt_2-3704  [003] dn.3  1110.525645: rtg_try_acquire_lock: rtg_block: comm=tau_rt_2 rtgid=1002 tgid=3701 pid=3704 prio=94
        tau_rt_3-3705  [004] dn.3  1110.525647: rtg_try_acquire_lock: rtg_block: comm=tau_rt_3 rtgid=1002 tgid=3702 pid=3705 prio=94
        tau_rt_4-3706  [005] dn.3  1110.525650: rtg_try_acquire_lock: rtg_block: comm=tau_rt_4 rtgid=1002 tgid=3703 pid=3706 prio=94
        tau_rt_4-3670  [000] ...1  1110.525671: tracing_mark_write: gid=1001: job_start
       deepPicar-3676  [005] d..3  1110.560846: rtg_try_release_lock: rtg_release: comm=deepPicar rtgid=1001 tgid=3668 pid=3676 prio=93
          <idle>-0     [004] dn.3  1110.560850: rtg_try_acquire_lock: rtg_acquire: comm=tau_rt_3 rtgid=1002 tgid=3702 pid=3705 prio=94
       deepPicar-3676  [005] d..3  1110.560854: rtg_try_acquire_lock: rtg_preemptor: comm=deepPicar rtgid=1001 tgid=3668 pid=3668 prio=93
       deepPicar-3676  [005] d..3  1110.560854: rtg_try_acquire_lock: rtg_preemptee: comm=tau_rt_3 rtgid=1002 tgid=3702 pid=3705 prio=94
        tau_rt_2-3704  [003] dn.3  1110.560859: rtg_try_acquire_lock: rtg_block: comm=tau_rt_2 rtgid=1002 tgid=3701 pid=3704 prio=94
        tau_rt_3-3705  [004] dn.3  1110.560861: rtg_try_acquire_lock: rtg_block: comm=tau_rt_3 rtgid=1002 tgid=3702 pid=3705 prio=94
       deepPicar-3668  [005] d..3  1110.560970: rtg_try_release_lock: rtg_release: comm=deepPicar rtgid=1001 tgid=3668 pid=3668 prio=93
          <idle>-0     [004] dn.3  1110.560972: rtg_try_acquire_lock: rtg_acquire: comm=tau_rt_3 rtgid=1002 tgid=3702 pid=3705 prio=94
       deepPicar-3698  [000] dn.3  1110.575625: rtg_try_acquire_lock: rtg_preemptor: comm=tau_rt_4 rtgid=1001 tgid=3663 pid=3670 prio=93
       deepPicar-3698  [000] dn.3  1110.575629: rtg_try_acquire_lock: rtg_preemptee: comm=tau_rt_3 rtgid=1002 tgid=3702 pid=3705 prio=94
        tau_rt_2-3704  [003] dn.3  1110.575641: rtg_try_acquire_lock: rtg_block: comm=tau_rt_2 rtgid=1002 tgid=3701 pid=3704 prio=94
        tau_rt_3-3705  [004] dn.3  1110.575644: rtg_try_acquire_lock: rtg_block: comm=tau_rt_3 rtgid=1002 tgid=3702 pid=3705 prio=94
        tau_rt_4-3706  [005] dn.3  1110.575647: rtg_try_acquire_lock: rtg_block: comm=tau_rt_4 rtgid=1002 tgid=3703 pid=3706 prio=94
        tau_rt_4-3670  [000] ...1  1110.575667: tracing_mark_write: gid=1001: job_start
       deepPicar-3676  [005] d..3  1110.610938: rtg_try_release_lock: rtg_release: comm=deepPicar rtgid=1001 tgid=3668 pid=3676 prio=93
          <idle>-0     [004] dn.3  1110.610942: rtg_try_acquire_lock: rtg_acquire: comm=tau_rt_3 rtgid=1002 tgid=3702 pid=3705 prio=94
       deepPicar-3676  [005] d..3  1110.610945: rtg_try_acquire_lock: rtg_preemptor: comm=deepPicar rtgid=1001 tgid=3668 pid=3668 prio=93
       deepPicar-3676  [005] d..3  1110.610946: rtg_try_acquire_lock: rtg_preemptee: comm=tau_rt_3 rtgid=1002 tgid=3702 pid=3705 prio=94
        tau_rt_3-3705  [004] dn.3  1110.610950: rtg_try_acquire_lock: rtg_block: comm=tau_rt_3 rtgid=1002 tgid=3702 pid=3705 prio=94
        tau_rt_2-3704  [003] dn.3  1110.610953: rtg_try_acquire_lock: rtg_block: comm=tau_rt_2 rtgid=1002 tgid=3701 pid=3704 prio=94
       deepPicar-3668  [005] d..3  1110.611079: rtg_try_release_lock: rtg_release: comm=deepPicar rtgid=1001 tgid=3668 pid=3668 prio=93
          <idle>-0     [004] dn.3  1110.611081: rtg_try_acquire_lock: rtg_acquire: comm=tau_rt_3 rtgid=1002 tgid=3702 pid=3705 prio=94
       deepPicar-3698  [000] dn.3  1110.625637: rtg_try_acquire_lock: rtg_preemptor: comm=tau_rt_4 rtgid=1001 tgid=3663 pid=3670 prio=93
       deepPicar-3698  [000] dn.3  1110.625642: rtg_try_acquire_lock: rtg_preemptee: comm=tau_rt_3 rtgid=1002 tgid=3702 pid=3705 prio=94
        tau_rt_2-3704  [003] dn.3  1110.625654: rtg_try_acquire_lock: rtg_block: comm=tau_rt_2 rtgid=1002 tgid=3701 pid=3704 prio=94
        tau_rt_4-3706  [005] dn.3  1110.625657: rtg_try_acquire_lock: rtg_block: comm=tau_rt_4 rtgid=1002 tgid=3703 pid=3706 prio=94
        tau_rt_3-3705  [004] dn.3  1110.625659: rtg_try_acquire_lock: rtg_block: comm=tau_rt_3 rtgid=1002 tgid=3702 pid=3705 prio=94
        tau_rt_4-3670  [000] ...1  1110.625682: tracing_mark_write: gid=1001: job_start
       deepPicar-3676  [005] d..3  1110.660971: rtg_try_release_lock: rtg_release: comm=deepPicar rtgid=1001 tgid=3668 pid=3676 prio=93
          <idle>-0     [004] dn.3  1110.660976: rtg_try_acquire_lock: rtg_acquire: comm=tau_rt_3 rtgid=1002 tgid=3702 pid=3705 prio=94
       deepPicar-3676  [005] d..3  1110.660979: rtg_try_acquire_lock: rtg_preemptor: comm=deepPicar rtgid=1001 tgid=3668 pid=3668 prio=93
       deepPicar-3676  [005] d..3  1110.660981: rtg_try_acquire_lock: rtg_preemptee: comm=tau_rt_3 rtgid=1002 tgid=3702 pid=3705 prio=94
        tau_rt_2-3704  [003] dn.3  1110.660985: rtg_try_acquire_lock: rtg_block: comm=tau_rt_2 rtgid=1002 tgid=3701 pid=3704 prio=94
        tau_rt_3-3705  [004] dn.3  1110.660987: rtg_try_acquire_lock: rtg_block: comm=tau_rt_3 rtgid=1002 tgid=3702 pid=3705 prio=94
       deepPicar-3668  [005] d..3  1110.661088: rtg_try_release_lock: rtg_release: comm=deepPicar rtgid=1001 tgid=3668 pid=3668 prio=93
          <idle>-0     [004] dn.3  1110.661090: rtg_try_acquire_lock: rtg_acquire: comm=tau_rt_3 rtgid=1002 tgid=3702 pid=3705 prio=94
       deepPicar-3698  [000] dn.3  1110.675631: rtg_try_acquire_lock: rtg_preemptor: comm=tau_rt_4 rtgid=1001 tgid=3663 pid=3670 prio=93
       deepPicar-3698  [000] dn.3  1110.675635: rtg_try_acquire_lock: rtg_preemptee: comm=tau_rt_3 rtgid=1002 tgid=3702 pid=3705 prio=94
        tau_rt_2-3704  [003] dn.3  1110.675648: rtg_try_acquire_lock: rtg_block: comm=tau_rt_2 rtgid=1002 tgid=3701 pid=3704 prio=94
        tau_rt_3-3705  [004] dn.3  1110.675651: rtg_try_acquire_lock: rtg_block: comm=tau_rt_3 rtgid=1002 tgid=3702 pid=3705 prio=94
        tau_rt_4-3706  [005] dn.3  1110.675653: rtg_try_acquire_lock: rtg_block: comm=tau_rt_4 rtgid=1002 tgid=3703 pid=3706 prio=94
        tau_rt_4-3670  [000] ...1  1110.675676: tracing_mark_write: gid=1001: job_start
       deepPicar-3676  [005] d..3  1110.710486: rtg_try_release_lock: rtg_release: comm=deepPicar rtgid=1001 tgid=3668 pid=3676 prio=93
          <idle>-0     [004] dn.3  1110.710490: rtg_try_acquire_lock: rtg_acquire: comm=tau_rt_3 rtgid=1002 tgid=3702 pid=3705 prio=94
       deepPicar-3676  [005] d..3  1110.710494: rtg_try_acquire_lock: rtg_preemptor: comm=deepPicar rtgid=1001 tgid=3668 pid=3668 prio=93
       deepPicar-3676  [005] d..3  1110.710495: rtg_try_acquire_lock: rtg_preemptee: comm=tau_rt_3 rtgid=1002 tgid=3702 pid=3705 prio=94
        tau_rt_3-3705  [004] dn.3  1110.710499: rtg_try_acquire_lock: rtg_block: comm=tau_rt_3 rtgid=1002 tgid=3702 pid=3705 prio=94
        tau_rt_2-3704  [003] dn.3  1110.710502: rtg_try_acquire_lock: rtg_block: comm=tau_rt_2 rtgid=1002 tgid=3701 pid=3704 prio=94
       deepPicar-3668  [005] d..3  1110.710608: rtg_try_release_lock: rtg_release: comm=deepPicar rtgid=1001 tgid=3668 pid=3668 prio=93
          <idle>-0     [003] dn.3  1110.710610: rtg_try_acquire_lock: rtg_acquire: comm=tau_rt_2 rtgid=1002 tgid=3701 pid=3704 prio=94
       deepPicar-3698  [000] dn.3  1110.725629: rtg_try_acquire_lock: rtg_preemptor: comm=tau_rt_4 rtgid=1001 tgid=3663 pid=3670 prio=93
       deepPicar-3698  [000] dn.3  1110.725634: rtg_try_acquire_lock: rtg_preemptee: comm=tau_rt_2 rtgid=1002 tgid=3701 pid=3704 prio=94
        tau_rt_2-3704  [003] dn.3  1110.725647: rtg_try_acquire_lock: rtg_block: comm=tau_rt_2 rtgid=1002 tgid=3701 pid=3704 prio=94
        tau_rt_4-3706  [005] dn.3  1110.725649: rtg_try_acquire_lock: rtg_block: comm=tau_rt_4 rtgid=1002 tgid=3703 pid=3706 prio=94
        tau_rt_3-3705  [004] dn.3  1110.725651: rtg_try_acquire_lock: rtg_block: comm=tau_rt_3 rtgid=1002 tgid=3702 pid=3705 prio=94
        tau_rt_4-3670  [000] ...1  1110.725675: tracing_mark_write: gid=1001: job_start
       deepPicar-3676  [005] d..3  1110.760748: rtg_try_release_lock: rtg_release: comm=deepPicar rtgid=1001 tgid=3668 pid=3676 prio=93
          <idle>-0     [004] dn.3  1110.760752: rtg_try_acquire_lock: rtg_acquire: comm=tau_rt_3 rtgid=1002 tgid=3702 pid=3705 prio=94
       deepPicar-3676  [005] d..3  1110.760756: rtg_try_acquire_lock: rtg_preemptor: comm=deepPicar rtgid=1001 tgid=3668 pid=3668 prio=93
       deepPicar-3676  [005] d..3  1110.760757: rtg_try_acquire_lock: rtg_preemptee: comm=tau_rt_3 rtgid=1002 tgid=3702 pid=3705 prio=94
        tau_rt_2-3704  [003] dn.3  1110.760761: rtg_try_acquire_lock: rtg_block: comm=tau_rt_2 rtgid=1002 tgid=3701 pid=3704 prio=94
        tau_rt_3-3705  [004] dn.3  1110.760763: rtg_try_acquire_lock: rtg_block: comm=tau_rt_3 rtgid=1002 tgid=3702 pid=3705 prio=94
       deepPicar-3668  [005] d..3  1110.760869: rtg_try_release_lock: rtg_release: comm=deepPicar rtgid=1001 tgid=3668 pid=3668 prio=93
          <idle>-0     [004] dn.3  1110.760871: rtg_try_acquire_lock: rtg_acquire: comm=tau_rt_3 rtgid=1002 tgid=3702 pid=3705 prio=94
       deepPicar-3698  [000] dn.3  1110.775642: rtg_try_acquire_lock: rtg_preemptor: comm=tau_rt_4 rtgid=1001 tgid=3663 pid=3670 prio=93
       deepPicar-3698  [000] dn.3  1110.775647: rtg_try_acquire_lock: rtg_preemptee: comm=tau_rt_3 rtgid=1002 tgid=3702 pid=3705 prio=94
        tau_rt_2-3704  [003] dn.3  1110.775659: rtg_try_acquire_lock: rtg_block: comm=tau_rt_2 rtgid=1002 tgid=3701 pid=3704 prio=94
        tau_rt_3-3705  [004] dn.3  1110.775662: rtg_try_acquire_lock: rtg_block: comm=tau_rt_3 rtgid=1002 tgid=3702 pid=3705 prio=94
        tau_rt_4-3706  [005] dn.3  1110.775665: rtg_try_acquire_lock: rtg_block: comm=tau_rt_4 rtgid=1002 tgid=3703 pid=3706 prio=94
        tau_rt_4-3670  [000] ...1  1110.775687: tracing_mark_write: gid=1001: job_start
        tau_rt_4-3670  [000] d..3  1110.796718: rtg_try_acquire_lock: rtg_block: comm=deepPicar rtgid=1002 tgid=3698 pid=3698 prio=94
       deepPicar-3676  [005] d..3  1110.810669: rtg_try_release_lock: rtg_release: comm=deepPicar rtgid=1001 tgid=3668 pid=3676 prio=93
          <idle>-0     [004] dn.3  1110.810673: rtg_try_acquire_lock: rtg_acquire: comm=tau_rt_3 rtgid=1002 tgid=3702 pid=3705 prio=94
       deepPicar-3676  [005] d..3  1110.810677: rtg_try_acquire_lock: rtg_preemptor: comm=deepPicar rtgid=1001 tgid=3668 pid=3668 prio=93
       deepPicar-3676  [005] d..3  1110.810678: rtg_try_acquire_lock: rtg_preemptee: comm=tau_rt_3 rtgid=1002 tgid=3702 pid=3705 prio=94
        tau_rt_2-3704  [003] dn.3  1110.810683: rtg_try_acquire_lock: rtg_block: comm=tau_rt_2 rtgid=1002 tgid=3701 pid=3704 prio=94
       deepPicar-3698  [000] dn.3  1110.810686: rtg_try_acquire_lock: rtg_block: comm=deepPicar rtgid=1002 tgid=3698 pid=3698 prio=94
        tau_rt_3-3705  [004] dn.3  1110.810687: rtg_try_acquire_lock: rtg_block: comm=tau_rt_3 rtgid=1002 tgid=3702 pid=3705 prio=94
       deepPicar-3668  [005] d..3  1110.810788: rtg_try_release_lock: rtg_release: comm=deepPicar rtgid=1001 tgid=3668 pid=3668 prio=93
          <idle>-0     [004] dn.3  1110.810790: rtg_try_acquire_lock: rtg_acquire: comm=tau_rt_3 rtgid=1002 tgid=3702 pid=3705 prio=94
       deepPicar-3698  [000] dn.3  1110.825631: rtg_try_acquire_lock: rtg_preemptor: comm=tau_rt_4 rtgid=1001 tgid=3663 pid=3670 prio=93
       deepPicar-3698  [000] dn.3  1110.825636: rtg_try_acquire_lock: rtg_preemptee: comm=tau_rt_3 rtgid=1002 tgid=3702 pid=3705 prio=94
        tau_rt_3-3705  [004] dn.3  1110.825648: rtg_try_acquire_lock: rtg_block: comm=tau_rt_3 rtgid=1002 tgid=3702 pid=3705 prio=94
        tau_rt_2-3704  [003] dn.3  1110.825651: rtg_try_acquire_lock: rtg_block: comm=tau_rt_2 rtgid=1002 tgid=3701 pid=3704 prio=94
        tau_rt_4-3706  [005] dn.3  1110.825654: rtg_try_acquire_lock: rtg_block: comm=tau_rt_4 rtgid=1002 tgid=3703 pid=3706 prio=94
        tau_rt_4-3670  [000] ...1  1110.825675: tracing_mark_write: gid=1001: job_start
        tau_rt_4-3670  [000] d..3  1110.846668: rtg_try_acquire_lock: rtg_block: comm=deepPicar rtgid=1002 tgid=3698 pid=3698 prio=94
       deepPicar-3676  [005] d..3  1110.860720: rtg_try_release_lock: rtg_release: comm=deepPicar rtgid=1001 tgid=3668 pid=3676 prio=93
          <idle>-0     [000] dn.3  1110.860724: rtg_try_acquire_lock: rtg_acquire: comm=deepPicar rtgid=1002 tgid=3698 pid=3698 prio=94
       deepPicar-3676  [005] d..3  1110.860726: rtg_try_acquire_lock: rtg_preemptor: comm=deepPicar rtgid=1001 tgid=3668 pid=3668 prio=93
       deepPicar-3676  [005] d..3  1110.860727: rtg_try_acquire_lock: rtg_preemptee: comm=deepPicar rtgid=1002 tgid=3698 pid=3698 prio=94
       deepPicar-3698  [000] dn.3  1110.860731: rtg_try_acquire_lock: rtg_block: comm=deepPicar rtgid=1002 tgid=3698 pid=3698 prio=94
        tau_rt_2-3704  [003] dn.3  1110.860734: rtg_try_acquire_lock: rtg_block: comm=tau_rt_2 rtgid=1002 tgid=3701 pid=3704 prio=94
        tau_rt_3-3705  [004] dn.3  1110.860736: rtg_try_acquire_lock: rtg_block: comm=tau_rt_3 rtgid=1002 tgid=3702 pid=3705 prio=94
       deepPicar-3668  [005] d..3  1110.860837: rtg_try_release_lock: rtg_release: comm=deepPicar rtgid=1001 tgid=3668 pid=3668 prio=93
          <idle>-0     [000] dn.3  1110.860840: rtg_try_acquire_lock: rtg_acquire: comm=deepPicar rtgid=1002 tgid=3698 pid=3698 prio=94
       deepPicar-3698  [000] dn.3  1110.875639: rtg_try_acquire_lock: rtg_preemptor: comm=tau_rt_4 rtgid=1001 tgid=3663 pid=3670 prio=93
       deepPicar-3698  [000] dn.3  1110.875643: rtg_try_acquire_lock: rtg_preemptee: comm=deepPicar rtgid=1002 tgid=3698 pid=3698 prio=94
        tau_rt_2-3704  [003] dn.3  1110.875655: rtg_try_acquire_lock: rtg_block: comm=tau_rt_2 rtgid=1002 tgid=3701 pid=3704 prio=94
        tau_rt_4-3706  [005] dn.3  1110.875657: rtg_try_acquire_lock: rtg_block: comm=tau_rt_4 rtgid=1002 tgid=3703 pid=3706 prio=94
        tau_rt_3-3705  [004] dn.3  1110.875660: rtg_try_acquire_lock: rtg_block: comm=tau_rt_3 rtgid=1002 tgid=3702 pid=3705 prio=94
        tau_rt_4-3670  [000] ...1  1110.875682: tracing_mark_write: gid=1001: job_start
        tau_rt_4-3670  [000] d..3  1110.896845: rtg_try_acquire_lock: rtg_block: comm=deepPicar rtgid=1002 tgid=3698 pid=3698 prio=94
       deepPicar-3676  [005] d..3  1110.910595: rtg_try_release_lock: rtg_release: comm=deepPicar rtgid=1001 tgid=3668 pid=3676 prio=93
          <idle>-0     [004] dn.3  1110.910599: rtg_try_acquire_lock: rtg_acquire: comm=tau_rt_3 rtgid=1002 tgid=3702 pid=3705 prio=94
       deepPicar-3676  [005] d..3  1110.910603: rtg_try_acquire_lock: rtg_preemptor: comm=deepPicar rtgid=1001 tgid=3668 pid=3668 prio=93
       deepPicar-3676  [005] d..3  1110.910604: rtg_try_acquire_lock: rtg_preemptee: comm=tau_rt_3 rtgid=1002 tgid=3702 pid=3705 prio=94
       deepPicar-3698  [000] dn.3  1110.910607: rtg_try_acquire_lock: rtg_block: comm=deepPicar rtgid=1002 tgid=3698 pid=3698 prio=94
        tau_rt_3-3705  [004] dn.3  1110.910609: rtg_try_acquire_lock: rtg_block: comm=tau_rt_3 rtgid=1002 tgid=3702 pid=3705 prio=94
        tau_rt_2-3704  [003] dn.3  1110.910612: rtg_try_acquire_lock: rtg_block: comm=tau_rt_2 rtgid=1002 tgid=3701 pid=3704 prio=94
       deepPicar-3668  [005] d..3  1110.910712: rtg_try_release_lock: rtg_release: comm=deepPicar rtgid=1001 tgid=3668 pid=3668 prio=93
          <idle>-0     [004] dn.3  1110.910714: rtg_try_acquire_lock: rtg_acquire: comm=tau_rt_3 rtgid=1002 tgid=3702 pid=3705 prio=94
       deepPicar-3698  [000] dn.3  1110.925635: rtg_try_acquire_lock: rtg_preemptor: comm=tau_rt_4 rtgid=1001 tgid=3663 pid=3670 prio=93
       deepPicar-3698  [000] dn.3  1110.925640: rtg_try_acquire_lock: rtg_preemptee: comm=tau_rt_3 rtgid=1002 tgid=3702 pid=3705 prio=94
        tau_rt_2-3704  [003] dn.3  1110.925651: rtg_try_acquire_lock: rtg_block: comm=tau_rt_2 rtgid=1002 tgid=3701 pid=3704 prio=94
        tau_rt_3-3705  [004] dn.3  1110.925654: rtg_try_acquire_lock: rtg_block: comm=tau_rt_3 rtgid=1002 tgid=3702 pid=3705 prio=94
        tau_rt_4-3706  [005] dn.3  1110.925657: rtg_try_acquire_lock: rtg_block: comm=tau_rt_4 rtgid=1002 tgid=3703 pid=3706 prio=94
        tau_rt_4-3670  [000] ...1  1110.925680: tracing_mark_write: gid=1001: job_start
        tau_rt_4-3670  [000] d..3  1110.946766: rtg_try_acquire_lock: rtg_block: comm=deepPicar rtgid=1002 tgid=3698 pid=3698 prio=94
       deepPicar-3676  [005] d..3  1110.960745: rtg_try_release_lock: rtg_release: comm=deepPicar rtgid=1001 tgid=3668 pid=3676 prio=93
          <idle>-0     [000] dn.3  1110.960748: rtg_try_acquire_lock: rtg_acquire: comm=deepPicar rtgid=1002 tgid=3698 pid=3698 prio=94
       deepPicar-3676  [005] d..3  1110.960752: rtg_try_acquire_lock: rtg_preemptor: comm=deepPicar rtgid=1001 tgid=3668 pid=3668 prio=93
       deepPicar-3676  [005] d..3  1110.960753: rtg_try_acquire_lock: rtg_preemptee: comm=deepPicar rtgid=1002 tgid=3698 pid=3698 prio=94
       deepPicar-3698  [000] dn.3  1110.960756: rtg_try_acquire_lock: rtg_block: comm=deepPicar rtgid=1002 tgid=3698 pid=3698 prio=94
        tau_rt_2-3704  [003] dn.3  1110.960759: rtg_try_acquire_lock: rtg_block: comm=tau_rt_2 rtgid=1002 tgid=3701 pid=3704 prio=94
        tau_rt_3-3705  [004] dn.3  1110.960762: rtg_try_acquire_lock: rtg_block: comm=tau_rt_3 rtgid=1002 tgid=3702 pid=3705 prio=94
       deepPicar-3668  [005] d..3  1110.960861: rtg_try_release_lock: rtg_release: comm=deepPicar rtgid=1001 tgid=3668 pid=3668 prio=93
          <idle>-0     [000] dn.3  1110.960863: rtg_try_acquire_lock: rtg_acquire: comm=deepPicar rtgid=1002 tgid=3698 pid=3698 prio=94
       deepPicar-3698  [000] dn.3  1110.975630: rtg_try_acquire_lock: rtg_preemptor: comm=tau_rt_4 rtgid=1001 tgid=3663 pid=3670 prio=93
       deepPicar-3698  [000] dn.3  1110.975634: rtg_try_acquire_lock: rtg_preemptee: comm=deepPicar rtgid=1002 tgid=3698 pid=3698 prio=94
        tau_rt_2-3704  [003] dn.3  1110.975648: rtg_try_acquire_lock: rtg_block: comm=tau_rt_2 rtgid=1002 tgid=3701 pid=3704 prio=94
        tau_rt_3-3705  [004] dn.3  1110.975650: rtg_try_acquire_lock: rtg_block: comm=tau_rt_3 rtgid=1002 tgid=3702 pid=3705 prio=94
        tau_rt_4-3706  [005] dn.3  1110.975653: rtg_try_acquire_lock: rtg_block: comm=tau_rt_4 rtgid=1002 tgid=3703 pid=3706 prio=94
        tau_rt_4-3670  [000] ...1  1110.975678: tracing_mark_write: gid=1001: job_start
        tau_rt_4-3670  [000] d..3  1110.996830: rtg_try_acquire_lock: rtg_block: comm=deepPicar rtgid=1002 tgid=3698 pid=3698 prio=94
       deepPicar-3676  [005] d..3  1111.010664: rtg_try_release_lock: rtg_release: comm=deepPicar rtgid=1001 tgid=3668 pid=3676 prio=93
          <idle>-0     [000] dn.3  1111.010667: rtg_try_acquire_lock: rtg_acquire: comm=deepPicar rtgid=1002 tgid=3698 pid=3698 prio=94
       deepPicar-3676  [005] d..3  1111.010670: rtg_try_acquire_lock: rtg_preemptor: comm=deepPicar rtgid=1001 tgid=3668 pid=3668 prio=93
       deepPicar-3676  [005] d..3  1111.010671: rtg_try_acquire_lock: rtg_preemptee: comm=deepPicar rtgid=1002 tgid=3698 pid=3698 prio=94
       deepPicar-3698  [000] dn.3  1111.010674: rtg_try_acquire_lock: rtg_block: comm=deepPicar rtgid=1002 tgid=3698 pid=3698 prio=94
        tau_rt_2-3704  [003] dn.3  1111.010677: rtg_try_acquire_lock: rtg_block: comm=tau_rt_2 rtgid=1002 tgid=3701 pid=3704 prio=94
        tau_rt_3-3705  [004] dn.3  1111.010680: rtg_try_acquire_lock: rtg_block: comm=tau_rt_3 rtgid=1002 tgid=3702 pid=3705 prio=94
       deepPicar-3668  [005] d..3  1111.010780: rtg_try_release_lock: rtg_release: comm=deepPicar rtgid=1001 tgid=3668 pid=3668 prio=93
          <idle>-0     [003] dn.3  1111.010781: rtg_try_acquire_lock: rtg_acquire: comm=tau_rt_2 rtgid=1002 tgid=3701 pid=3704 prio=94
       deepPicar-3698  [000] dn.3  1111.025635: rtg_try_acquire_lock: rtg_preemptor: comm=tau_rt_4 rtgid=1001 tgid=3663 pid=3670 prio=93
       deepPicar-3698  [000] dn.3  1111.025640: rtg_try_acquire_lock: rtg_preemptee: comm=tau_rt_2 rtgid=1002 tgid=3701 pid=3704 prio=94
        tau_rt_2-3704  [003] dn.3  1111.025652: rtg_try_acquire_lock: rtg_block: comm=tau_rt_2 rtgid=1002 tgid=3701 pid=3704 prio=94
        tau_rt_3-3705  [004] dn.3  1111.025655: rtg_try_acquire_lock: rtg_block: comm=tau_rt_3 rtgid=1002 tgid=3702 pid=3705 prio=94
        tau_rt_4-3706  [005] dn.3  1111.025658: rtg_try_acquire_lock: rtg_block: comm=tau_rt_4 rtgid=1002 tgid=3703 pid=3706 prio=94
        tau_rt_4-3670  [000] ...1  1111.025680: tracing_mark_write: gid=1001: job_start
        tau_rt_4-3670  [000] d..3  1111.046542: rtg_try_acquire_lock: rtg_block: comm=deepPicar rtgid=1002 tgid=3698 pid=3698 prio=94
       deepPicar-3676  [005] d..3  1111.060815: rtg_try_release_lock: rtg_release: comm=deepPicar rtgid=1001 tgid=3668 pid=3676 prio=93
          <idle>-0     [003] dn.3  1111.060819: rtg_try_acquire_lock: rtg_acquire: comm=tau_rt_2 rtgid=1002 tgid=3701 pid=3704 prio=94
       deepPicar-3676  [005] d..3  1111.060822: rtg_try_acquire_lock: rtg_preemptor: comm=deepPicar rtgid=1001 tgid=3668 pid=3668 prio=93
       deepPicar-3676  [005] d..3  1111.060823: rtg_try_acquire_lock: rtg_preemptee: comm=tau_rt_2 rtgid=1002 tgid=3701 pid=3704 prio=94
       deepPicar-3698  [000] dn.3  1111.060827: rtg_try_acquire_lock: rtg_block: comm=deepPicar rtgid=1002 tgid=3698 pid=3698 prio=94
        tau_rt_2-3704  [003] dn.3  1111.060829: rtg_try_acquire_lock: rtg_block: comm=tau_rt_2 rtgid=1002 tgid=3701 pid=3704 prio=94
        tau_rt_3-3705  [004] dn.3  1111.060832: rtg_try_acquire_lock: rtg_block: comm=tau_rt_3 rtgid=1002 tgid=3702 pid=3705 prio=94
       deepPicar-3668  [005] d..3  1111.060931: rtg_try_release_lock: rtg_release: comm=deepPicar rtgid=1001 tgid=3668 pid=3668 prio=93
          <idle>-0     [003] dn.3  1111.060933: rtg_try_acquire_lock: rtg_acquire: comm=tau_rt_2 rtgid=1002 tgid=3701 pid=3704 prio=94
       deepPicar-3698  [000] dn.3  1111.075645: rtg_try_acquire_lock: rtg_preemptor: comm=tau_rt_4 rtgid=1001 tgid=3663 pid=3670 prio=93
       deepPicar-3698  [000] dn.3  1111.075650: rtg_try_acquire_lock: rtg_preemptee: comm=tau_rt_2 rtgid=1002 tgid=3701 pid=3704 prio=94
        tau_rt_2-3704  [003] dn.3  1111.075663: rtg_try_acquire_lock: rtg_block: comm=tau_rt_2 rtgid=1002 tgid=3701 pid=3704 prio=94
        tau_rt_3-3705  [004] dn.3  1111.075666: rtg_try_acquire_lock: rtg_block: comm=tau_rt_3 rtgid=1002 tgid=3702 pid=3705 prio=94
        tau_rt_4-3706  [005] dn.3  1111.075668: rtg_try_acquire_lock: rtg_block: comm=tau_rt_4 rtgid=1002 tgid=3703 pid=3706 prio=94
        tau_rt_4-3670  [000] ...1  1111.075691: tracing_mark_write: gid=1001: job_start
        tau_rt_4-3670  [000] d..3  1111.096684: rtg_try_acquire_lock: rtg_block: comm=deepPicar rtgid=1002 tgid=3698 pid=3698 prio=94
       deepPicar-3676  [005] d..3  1111.110651: rtg_try_release_lock: rtg_release: comm=deepPicar rtgid=1001 tgid=3668 pid=3676 prio=93
          <idle>-0     [003] dn.3  1111.110655: rtg_try_acquire_lock: rtg_acquire: comm=tau_rt_2 rtgid=1002 tgid=3701 pid=3704 prio=94
       deepPicar-3676  [005] d..3  1111.110658: rtg_try_acquire_lock: rtg_preemptor: comm=deepPicar rtgid=1001 tgid=3668 pid=3668 prio=93
       deepPicar-3676  [005] d..3  1111.110659: rtg_try_acquire_lock: rtg_preemptee: comm=tau_rt_2 rtgid=1002 tgid=3701 pid=3704 prio=94
       deepPicar-3698  [000] dn.3  1111.110663: rtg_try_acquire_lock: rtg_block: comm=deepPicar rtgid=1002 tgid=3698 pid=3698 prio=94
        tau_rt_2-3704  [003] dn.3  1111.110665: rtg_try_acquire_lock: rtg_block: comm=tau_rt_2 rtgid=1002 tgid=3701 pid=3704 prio=94
        tau_rt_3-3705  [004] dn.3  1111.110667: rtg_try_acquire_lock: rtg_block: comm=tau_rt_3 rtgid=1002 tgid=3702 pid=3705 prio=94
       deepPicar-3668  [005] d..3  1111.110766: rtg_try_release_lock: rtg_release: comm=deepPicar rtgid=1001 tgid=3668 pid=3668 prio=93
          <idle>-0     [000] dn.3  1111.110768: rtg_try_acquire_lock: rtg_acquire: comm=deepPicar rtgid=1002 tgid=3698 pid=3698 prio=94
       deepPicar-3698  [000] dn.3  1111.125654: rtg_try_acquire_lock: rtg_preemptor: comm=tau_rt_4 rtgid=1001 tgid=3663 pid=3670 prio=93
       deepPicar-3698  [000] dn.3  1111.125658: rtg_try_acquire_lock: rtg_preemptee: comm=deepPicar rtgid=1002 tgid=3698 pid=3698 prio=94
        tau_rt_2-3704  [003] dn.3  1111.125670: rtg_try_acquire_lock: rtg_block: comm=tau_rt_2 rtgid=1002 tgid=3701 pid=3704 prio=94
        tau_rt_3-3705  [004] dn.3  1111.125673: rtg_try_acquire_lock: rtg_block: comm=tau_rt_3 rtgid=1002 tgid=3702 pid=3705 prio=94
        tau_rt_4-3706  [005] dn.3  1111.125675: rtg_try_acquire_lock: rtg_block: comm=tau_rt_4 rtgid=1002 tgid=3703 pid=3706 prio=94
        tau_rt_4-3670  [000] ...1  1111.125700: tracing_mark_write: gid=1001: job_start
        tau_rt_4-3670  [000] d..3  1111.146836: rtg_try_acquire_lock: rtg_block: comm=deepPicar rtgid=1002 tgid=3698 pid=3698 prio=94
       deepPicar-3676  [005] d..3  1111.160649: rtg_try_release_lock: rtg_release: comm=deepPicar rtgid=1001 tgid=3668 pid=3676 prio=93
          <idle>-0     [003] dn.3  1111.160653: rtg_try_acquire_lock: rtg_acquire: comm=tau_rt_2 rtgid=1002 tgid=3701 pid=3704 prio=94
       deepPicar-3676  [005] d..3  1111.160657: rtg_try_acquire_lock: rtg_preemptor: comm=deepPicar rtgid=1001 tgid=3668 pid=3668 prio=93
       deepPicar-3676  [005] d..3  1111.160658: rtg_try_acquire_lock: rtg_preemptee: comm=tau_rt_2 rtgid=1002 tgid=3701 pid=3704 prio=94
       deepPicar-3698  [000] dn.3  1111.160662: rtg_try_acquire_lock: rtg_block: comm=deepPicar rtgid=1002 tgid=3698 pid=3698 prio=94
        tau_rt_2-3704  [003] dn.3  1111.160664: rtg_try_acquire_lock: rtg_block: comm=tau_rt_2 rtgid=1002 tgid=3701 pid=3704 prio=94
        tau_rt_3-3705  [004] dn.3  1111.160667: rtg_try_acquire_lock: rtg_block: comm=tau_rt_3 rtgid=1002 tgid=3702 pid=3705 prio=94
       deepPicar-3668  [005] d..3  1111.160766: rtg_try_release_lock: rtg_release: comm=deepPicar rtgid=1001 tgid=3668 pid=3668 prio=93
          <idle>-0     [000] dn.3  1111.160768: rtg_try_acquire_lock: rtg_acquire: comm=deepPicar rtgid=1002 tgid=3698 pid=3698 prio=94
       deepPicar-3698  [000] dn.3  1111.175636: rtg_try_acquire_lock: rtg_preemptor: comm=tau_rt_4 rtgid=1001 tgid=3663 pid=3670 prio=93
       deepPicar-3698  [000] dn.3  1111.175639: rtg_try_acquire_lock: rtg_preemptee: comm=deepPicar rtgid=1002 tgid=3698 pid=3698 prio=94
        tau_rt_2-3704  [003] dn.3  1111.175652: rtg_try_acquire_lock: rtg_block: comm=tau_rt_2 rtgid=1002 tgid=3701 pid=3704 prio=94
        tau_rt_4-3706  [005] dn.3  1111.175655: rtg_try_acquire_lock: rtg_block: comm=tau_rt_4 rtgid=1002 tgid=3703 pid=3706 prio=94
        tau_rt_3-3705  [004] dn.3  1111.175657: rtg_try_acquire_lock: rtg_block: comm=tau_rt_3 rtgid=1002 tgid=3702 pid=3705 prio=94
        tau_rt_4-3670  [000] ...1  1111.175682: tracing_mark_write: gid=1001: job_start
        tau_rt_4-3670  [000] d..3  1111.196674: rtg_try_acquire_lock: rtg_block: comm=deepPicar rtgid=1002 tgid=3698 pid=3698 prio=94
       deepPicar-3676  [005] d..3  1111.210641: rtg_try_release_lock: rtg_release: comm=deepPicar rtgid=1001 tgid=3668 pid=3676 prio=93
          <idle>-0     [000] dn.3  1111.210645: rtg_try_acquire_lock: rtg_acquire: comm=deepPicar rtgid=1002 tgid=3698 pid=3698 prio=94
       deepPicar-3676  [005] d..3  1111.210648: rtg_try_acquire_lock: rtg_preemptor: comm=deepPicar rtgid=1001 tgid=3668 pid=3668 prio=93
       deepPicar-3676  [005] d..3  1111.210649: rtg_try_acquire_lock: rtg_preemptee: comm=deepPicar rtgid=1002 tgid=3698 pid=3698 prio=94
       deepPicar-3698  [000] dn.3  1111.210653: rtg_try_acquire_lock: rtg_block: comm=deepPicar rtgid=1002 tgid=3698 pid=3698 prio=94
        tau_rt_2-3704  [003] dn.3  1111.210655: rtg_try_acquire_lock: rtg_block: comm=tau_rt_2 rtgid=1002 tgid=3701 pid=3704 prio=94
        tau_rt_3-3705  [004] dn.3  1111.210658: rtg_try_acquire_lock: rtg_block: comm=tau_rt_3 rtgid=1002 tgid=3702 pid=3705 prio=94
       deepPicar-3668  [005] d..3  1111.210759: rtg_try_release_lock: rtg_release: comm=deepPicar rtgid=1001 tgid=3668 pid=3668 prio=93
          <idle>-0     [000] dn.3  1111.210760: rtg_try_acquire_lock: rtg_acquire: comm=deepPicar rtgid=1002 tgid=3698 pid=3698 prio=94
       deepPicar-3698  [000] dn.3  1111.225637: rtg_try_acquire_lock: rtg_preemptor: comm=tau_rt_4 rtgid=1001 tgid=3663 pid=3670 prio=93
       deepPicar-3698  [000] dn.3  1111.225642: rtg_try_acquire_lock: rtg_preemptee: comm=deepPicar rtgid=1002 tgid=3698 pid=3698 prio=94
        tau_rt_2-3704  [003] dn.3  1111.225654: rtg_try_acquire_lock: rtg_block: comm=tau_rt_2 rtgid=1002 tgid=3701 pid=3704 prio=94
        tau_rt_3-3705  [004] dn.3  1111.225657: rtg_try_acquire_lock: rtg_block: comm=tau_rt_3 rtgid=1002 tgid=3702 pid=3705 prio=94
        tau_rt_4-3706  [005] dn.3  1111.225660: rtg_try_acquire_lock: rtg_block: comm=tau_rt_4 rtgid=1002 tgid=3703 pid=3706 prio=94
        tau_rt_4-3670  [000] ...1  1111.225681: tracing_mark_write: gid=1001: job_start
        tau_rt_4-3670  [000] d..3  1111.246620: rtg_try_acquire_lock: rtg_block: comm=deepPicar rtgid=1002 tgid=3698 pid=3698 prio=94
       deepPicar-3676  [005] d..3  1111.260792: rtg_try_release_lock: rtg_release: comm=deepPicar rtgid=1001 tgid=3668 pid=3676 prio=93
          <idle>-0     [003] dn.3  1111.260796: rtg_try_acquire_lock: rtg_acquire: comm=tau_rt_2 rtgid=1002 tgid=3701 pid=3704 prio=94
       deepPicar-3676  [005] d..3  1111.260799: rtg_try_acquire_lock: rtg_preemptor: comm=deepPicar rtgid=1001 tgid=3668 pid=3668 prio=93
       deepPicar-3676  [005] d..3  1111.260800: rtg_try_acquire_lock: rtg_preemptee: comm=tau_rt_2 rtgid=1002 tgid=3701 pid=3704 prio=94
       deepPicar-3698  [000] dn.3  1111.260803: rtg_try_acquire_lock: rtg_block: comm=deepPicar rtgid=1002 tgid=3698 pid=3698 prio=94
        tau_rt_2-3704  [003] dn.3  1111.260806: rtg_try_acquire_lock: rtg_block: comm=tau_rt_2 rtgid=1002 tgid=3701 pid=3704 prio=94
        tau_rt_3-3705  [004] dn.3  1111.260808: rtg_try_acquire_lock: rtg_block: comm=tau_rt_3 rtgid=1002 tgid=3702 pid=3705 prio=94
       deepPicar-3668  [005] d..3  1111.260908: rtg_try_release_lock: rtg_release: comm=deepPicar rtgid=1001 tgid=3668 pid=3668 prio=93
          <idle>-0     [000] dn.3  1111.260910: rtg_try_acquire_lock: rtg_acquire: comm=deepPicar rtgid=1002 tgid=3698 pid=3698 prio=94
       deepPicar-3698  [000] dn.3  1111.275641: rtg_try_acquire_lock: rtg_preemptor: comm=tau_rt_4 rtgid=1001 tgid=3663 pid=3670 prio=93
       deepPicar-3698  [000] dn.3  1111.275645: rtg_try_acquire_lock: rtg_preemptee: comm=deepPicar rtgid=1002 tgid=3698 pid=3698 prio=94
        tau_rt_2-3704  [003] dn.3  1111.275658: rtg_try_acquire_lock: rtg_block: comm=tau_rt_2 rtgid=1002 tgid=3701 pid=3704 prio=94
        tau_rt_3-3705  [004] dn.3  1111.275661: rtg_try_acquire_lock: rtg_block: comm=tau_rt_3 rtgid=1002 tgid=3702 pid=3705 prio=94
        tau_rt_4-3706  [005] dn.3  1111.275664: rtg_try_acquire_lock: rtg_block: comm=tau_rt_4 rtgid=1002 tgid=3703 pid=3706 prio=94
        tau_rt_4-3670  [000] ...1  1111.275685: tracing_mark_write: gid=1001: job_start
        tau_rt_4-3670  [000] d..3  1111.296614: rtg_try_acquire_lock: rtg_block: comm=deepPicar rtgid=1002 tgid=3698 pid=3698 prio=94
       deepPicar-3676  [005] d..3  1111.310756: rtg_try_release_lock: rtg_release: comm=deepPicar rtgid=1001 tgid=3668 pid=3676 prio=93
          <idle>-0     [004] dn.3  1111.310760: rtg_try_acquire_lock: rtg_acquire: comm=tau_rt_3 rtgid=1002 tgid=3702 pid=3705 prio=94
       deepPicar-3676  [005] d..3  1111.310764: rtg_try_acquire_lock: rtg_preemptor: comm=deepPicar rtgid=1001 tgid=3668 pid=3668 prio=93
       deepPicar-3676  [005] d..3  1111.310765: rtg_try_acquire_lock: rtg_preemptee: comm=tau_rt_3 rtgid=1002 tgid=3702 pid=3705 prio=94
       deepPicar-3698  [000] dn.3  1111.310768: rtg_try_acquire_lock: rtg_block: comm=deepPicar rtgid=1002 tgid=3698 pid=3698 prio=94
        tau_rt_2-3704  [003] dn.3  1111.310771: rtg_try_acquire_lock: rtg_block: comm=tau_rt_2 rtgid=1002 tgid=3701 pid=3704 prio=94
        tau_rt_3-3705  [004] dn.3  1111.310773: rtg_try_acquire_lock: rtg_block: comm=tau_rt_3 rtgid=1002 tgid=3702 pid=3705 prio=94
       deepPicar-3668  [005] d..3  1111.310870: rtg_try_release_lock: rtg_release: comm=deepPicar rtgid=1001 tgid=3668 pid=3668 prio=93
          <idle>-0     [000] dn.3  1111.310872: rtg_try_acquire_lock: rtg_acquire: comm=deepPicar rtgid=1002 tgid=3698 pid=3698 prio=94
       deepPicar-3698  [000] dn.3  1111.325639: rtg_try_acquire_lock: rtg_preemptor: comm=tau_rt_4 rtgid=1001 tgid=3663 pid=3670 prio=93
       deepPicar-3698  [000] dn.3  1111.325643: rtg_try_acquire_lock: rtg_preemptee: comm=deepPicar rtgid=1002 tgid=3698 pid=3698 prio=94
        tau_rt_2-3704  [003] dn.3  1111.325656: rtg_try_acquire_lock: rtg_block: comm=tau_rt_2 rtgid=1002 tgid=3701 pid=3704 prio=94
        tau_rt_3-3705  [004] dn.3  1111.325658: rtg_try_acquire_lock: rtg_block: comm=tau_rt_3 rtgid=1002 tgid=3702 pid=3705 prio=94
        tau_rt_4-3706  [005] dn.3  1111.325661: rtg_try_acquire_lock: rtg_block: comm=tau_rt_4 rtgid=1002 tgid=3703 pid=3706 prio=94
        tau_rt_4-3670  [000] ...1  1111.325684: tracing_mark_write: gid=1001: job_start
        tau_rt_4-3670  [000] d..3  1111.346668: rtg_try_acquire_lock: rtg_block: comm=deepPicar rtgid=1002 tgid=3698 pid=3698 prio=94
       deepPicar-3676  [005] d..3  1111.360634: rtg_try_release_lock: rtg_release: comm=deepPicar rtgid=1001 tgid=3668 pid=3676 prio=93
          <idle>-0     [000] dn.3  1111.360637: rtg_try_acquire_lock: rtg_acquire: comm=deepPicar rtgid=1002 tgid=3698 pid=3698 prio=94
       deepPicar-3676  [005] d..3  1111.360641: rtg_try_acquire_lock: rtg_preemptor: comm=deepPicar rtgid=1001 tgid=3668 pid=3668 prio=93
       deepPicar-3676  [005] d..3  1111.360642: rtg_try_acquire_lock: rtg_preemptee: comm=deepPicar rtgid=1002 tgid=3698 pid=3698 prio=94
       deepPicar-3698  [000] dn.3  1111.360645: rtg_try_acquire_lock: rtg_block: comm=deepPicar rtgid=1002 tgid=3698 pid=3698 prio=94
        tau_rt_2-3704  [003] dn.3  1111.360648: rtg_try_acquire_lock: rtg_block: comm=tau_rt_2 rtgid=1002 tgid=3701 pid=3704 prio=94
        tau_rt_3-3705  [004] dn.3  1111.360651: rtg_try_acquire_lock: rtg_block: comm=tau_rt_3 rtgid=1002 tgid=3702 pid=3705 prio=94
       deepPicar-3668  [005] d..3  1111.360750: rtg_try_release_lock: rtg_release: comm=deepPicar rtgid=1001 tgid=3668 pid=3668 prio=93
          <idle>-0     [000] dn.3  1111.360752: rtg_try_acquire_lock: rtg_acquire: comm=deepPicar rtgid=1002 tgid=3698 pid=3698 prio=94
       deepPicar-3698  [000] dn.3  1111.375637: rtg_try_acquire_lock: rtg_preemptor: comm=tau_rt_4 rtgid=1001 tgid=3663 pid=3670 prio=93
       deepPicar-3698  [000] dn.3  1111.375642: rtg_try_acquire_lock: rtg_preemptee: comm=deepPicar rtgid=1002 tgid=3698 pid=3698 prio=94
        tau_rt_2-3704  [003] dn.3  1111.375655: rtg_try_acquire_lock: rtg_block: comm=tau_rt_2 rtgid=1002 tgid=3701 pid=3704 prio=94
        tau_rt_3-3705  [004] dn.3  1111.375657: rtg_try_acquire_lock: rtg_block: comm=tau_rt_3 rtgid=1002 tgid=3702 pid=3705 prio=94
        tau_rt_4-3706  [005] dn.3  1111.375660: rtg_try_acquire_lock: rtg_block: comm=tau_rt_4 rtgid=1002 tgid=3703 pid=3706 prio=94
        tau_rt_4-3670  [000] ...1  1111.375683: tracing_mark_write: gid=1001: job_start
        tau_rt_4-3670  [000] d..3  1111.396674: rtg_try_acquire_lock: rtg_block: comm=deepPicar rtgid=1002 tgid=3698 pid=3698 prio=94
       deepPicar-3676  [005] d..3  1111.410687: rtg_try_release_lock: rtg_release: comm=deepPicar rtgid=1001 tgid=3668 pid=3676 prio=93
          <idle>-0     [004] dn.3  1111.410691: rtg_try_acquire_lock: rtg_acquire: comm=tau_rt_3 rtgid=1002 tgid=3702 pid=3705 prio=94
       deepPicar-3676  [005] d..3  1111.410694: rtg_try_acquire_lock: rtg_preemptor: comm=deepPicar rtgid=1001 tgid=3668 pid=3668 prio=93
       deepPicar-3676  [005] d..3  1111.410695: rtg_try_acquire_lock: rtg_preemptee: comm=tau_rt_3 rtgid=1002 tgid=3702 pid=3705 prio=94
       deepPicar-3698  [000] dn.3  1111.410699: rtg_try_acquire_lock: rtg_block: comm=deepPicar rtgid=1002 tgid=3698 pid=3698 prio=94
