        tau_rt_1-3901  [000] ...1  1305.796882: tracing_mark_write: gid=1002: job_start
        tau_rt_4-3903  [005] dn.3  1305.815660: rtg_try_acquire_lock: rtg_preemptor: comm=deepPicar rtgid=1001 tgid=3856 pid=3856 prio=93
        tau_rt_4-3903  [005] dn.3  1305.815662: rtg_try_acquire_lock: rtg_preemptee: comm=tau_rt_4 rtgid=1002 tgid=3899 pid=3903 prio=94
       deepPicar-3851  [000] ...1  1305.815691: tracing_mark_write: gid=1001: job_start
       deepPicar-3851  [000] d..3  1305.817007: rtg_try_release_lock: rtg_release: comm=deepPicar rtgid=1001 tgid=3851 pid=3851 prio=93
       deepPicar-3854  [003] d..3  1305.817011: rtg_try_acquire_lock: rtg_acquire: comm=deepPicar rtgid=1001 tgid=3854 pid=3876 prio=93
       deepPicar-3851  [000] d..3  1305.831242: rtg_try_acquire_lock: rtg_block: comm=tau_rt_1 rtgid=1002 tgid=3894 pid=3901 prio=94
       deepPicar-3854  [003] d..3  1305.831247: rtg_try_acquire_lock: rtg_block: comm=tau_rt_2 rtgid=1002 tgid=3897 pid=3902 prio=94
       deepPicar-3856  [005] d..3  1305.831315: rtg_try_acquire_lock: rtg_block: comm=tau_rt_4 rtgid=1002 tgid=3899 pid=3903 prio=94
       deepPicar-3864  [004] d..3  1305.831455: rtg_try_release_lock: rtg_release: comm=deepPicar rtgid=1001 tgid=3855 pid=3864 prio=93
          <idle>-0     [005] dn.3  1305.831458: rtg_try_acquire_lock: rtg_acquire: comm=tau_rt_4 rtgid=1002 tgid=3899 pid=3903 prio=94
       deepPicar-3864  [004] d..3  1305.831460: rtg_try_acquire_lock: rtg_preemptor: comm=deepPicar rtgid=1001 tgid=3855 pid=3855 prio=93
       deepPicar-3864  [004] d..3  1305.831461: rtg_try_acquire_lock: rtg_preemptee: comm=tau_rt_4 rtgid=1002 tgid=3899 pid=3903 prio=94
        tau_rt_1-3901  [000] dn.3  1305.831465: rtg_try_acquire_lock: rtg_block: comm=tau_rt_1 rtgid=1002 tgid=3894 pid=3901 prio=94
        tau_rt_4-3903  [005] dn.3  1305.831467: rtg_try_acquire_lock: rtg_block: comm=tau_rt_4 rtgid=1002 tgid=3899 pid=3903 prio=94
        tau_rt_2-3902  [003] dn.3  1305.831469: rtg_try_acquire_lock: rtg_block: comm=tau_rt_2 rtgid=1002 tgid=3897 pid=3902 prio=94
       deepPicar-3855  [004] d..3  1305.831550: rtg_try_release_lock: rtg_release: comm=deepPicar rtgid=1001 tgid=3855 pid=3855 prio=93
          <idle>-0     [005] dn.3  1305.831551: rtg_try_acquire_lock: rtg_acquire: comm=tau_rt_4 rtgid=1002 tgid=3899 pid=3903 prio=94
        tau_rt_2-3902  [003] d..3  1305.835707: rtg_try_release_lock: rtg_release: comm=tau_rt_2 rtgid=1002 tgid=3897 pid=3902 prio=94
          <idle>-0     [003] dn.3  1305.846850: rtg_try_acquire_lock: rtg_acquire: comm=tau_rt_2 rtgid=1002 tgid=3897 pid=3902 prio=94
        tau_rt_1-3901  [000] ...1  1305.846877: tracing_mark_write: gid=1002: job_start
        tau_rt_4-3903  [005] dn.3  1305.865659: rtg_try_acquire_lock: rtg_preemptor: comm=deepPicar rtgid=1001 tgid=3856 pid=3856 prio=93
        tau_rt_4-3903  [005] dn.3  1305.865661: rtg_try_acquire_lock: rtg_preemptee: comm=tau_rt_2 rtgid=1002 tgid=3897 pid=3902 prio=94
       deepPicar-3851  [000] ...1  1305.865689: tracing_mark_write: gid=1001: job_start
       deepPicar-3855  [004] d..3  1305.867001: rtg_try_release_lock: rtg_release: comm=deepPicar rtgid=1001 tgid=3855 pid=3855 prio=93
       deepPicar-3854  [003] d..3  1305.867005: rtg_try_acquire_lock: rtg_acquire: comm=deepPicar rtgid=1001 tgid=3854 pid=3881 prio=93
       deepPicar-3856  [005] d..3  1305.881339: rtg_try_acquire_lock: rtg_block: comm=tau_rt_4 rtgid=1002 tgid=3899 pid=3903 prio=94
       deepPicar-3851  [000] d..3  1305.881342: rtg_try_acquire_lock: rtg_block: comm=tau_rt_1 rtgid=1002 tgid=3894 pid=3901 prio=94
       deepPicar-3854  [003] d..3  1305.881346: rtg_try_acquire_lock: rtg_block: comm=tau_rt_2 rtgid=1002 tgid=3897 pid=3902 prio=94
       deepPicar-3864  [004] d..3  1305.881590: rtg_try_release_lock: rtg_release: comm=deepPicar rtgid=1001 tgid=3855 pid=3864 prio=93
          <idle>-0     [005] dn.3  1305.881593: rtg_try_acquire_lock: rtg_acquire: comm=tau_rt_4 rtgid=1002 tgid=3899 pid=3903 prio=94
       deepPicar-3864  [004] d..3  1305.881596: rtg_try_acquire_lock: rtg_preemptor: comm=deepPicar rtgid=1001 tgid=3855 pid=3855 prio=93
       deepPicar-3864  [004] d..3  1305.881597: rtg_try_acquire_lock: rtg_preemptee: comm=tau_rt_4 rtgid=1002 tgid=3899 pid=3903 prio=94
        tau_rt_1-3901  [000] dn.3  1305.881601: rtg_try_acquire_lock: rtg_block: comm=tau_rt_1 rtgid=1002 tgid=3894 pid=3901 prio=94
        tau_rt_2-3902  [003] dn.3  1305.881603: rtg_try_acquire_lock: rtg_block: comm=tau_rt_2 rtgid=1002 tgid=3897 pid=3902 prio=94
        tau_rt_4-3903  [005] dn.3  1305.881605: rtg_try_acquire_lock: rtg_block: comm=tau_rt_4 rtgid=1002 tgid=3899 pid=3903 prio=94
       deepPicar-3855  [004] d..3  1305.881698: rtg_try_release_lock: rtg_release: comm=deepPicar rtgid=1001 tgid=3855 pid=3855 prio=93
          <idle>-0     [000] dn.3  1305.881700: rtg_try_acquire_lock: rtg_acquire: comm=tau_rt_1 rtgid=1002 tgid=3894 pid=3901 prio=94
        tau_rt_1-3901  [000] d..3  1305.885847: rtg_try_release_lock: rtg_release: comm=tau_rt_1 rtgid=1002 tgid=3894 pid=3901 prio=94
          <idle>-0     [003] dn.3  1305.896853: rtg_try_acquire_lock: rtg_acquire: comm=tau_rt_2 rtgid=1002 tgid=3897 pid=3902 prio=94
        tau_rt_1-3901  [000] ...1  1305.896882: tracing_mark_write: gid=1002: job_start
        tau_rt_4-3903  [005] dn.3  1305.915660: rtg_try_acquire_lock: rtg_preemptor: comm=deepPicar rtgid=1001 tgid=3856 pid=3856 prio=93
        tau_rt_4-3903  [005] dn.3  1305.915663: rtg_try_acquire_lock: rtg_preemptee: comm=tau_rt_2 rtgid=1002 tgid=3897 pid=3902 prio=94
       deepPicar-3851  [000] ...1  1305.915692: tracing_mark_write: gid=1001: job_start
       deepPicar-3854  [003] d..3  1305.917080: rtg_try_release_lock: rtg_release: comm=deepPicar rtgid=1001 tgid=3854 pid=3854 prio=93
       deepPicar-3851  [000] d..3  1305.917084: rtg_try_acquire_lock: rtg_acquire: comm=deepPicar rtgid=1001 tgid=3851 pid=3869 prio=93
       deepPicar-3883  [004] d..3  1305.917924: rtg_try_release_lock: rtg_release: comm=deepPicar rtgid=1001 tgid=3855 pid=3883 prio=93
       deepPicar-3884  [003] d..3  1305.917928: rtg_try_acquire_lock: rtg_acquire: comm=deepPicar rtgid=1001 tgid=3854 pid=3863 prio=93
       deepPicar-3854  [003] d..3  1305.931372: rtg_try_acquire_lock: rtg_block: comm=tau_rt_2 rtgid=1002 tgid=3897 pid=3902 prio=94
       deepPicar-3851  [000] d..3  1305.931376: rtg_try_acquire_lock: rtg_block: comm=tau_rt_1 rtgid=1002 tgid=3894 pid=3901 prio=94
       deepPicar-3856  [005] d..3  1305.931546: rtg_try_acquire_lock: rtg_block: comm=tau_rt_4 rtgid=1002 tgid=3899 pid=3903 prio=94
       deepPicar-3864  [004] d..3  1305.931591: rtg_try_release_lock: rtg_release: comm=deepPicar rtgid=1001 tgid=3855 pid=3864 prio=93
          <idle>-0     [003] dn.3  1305.931594: rtg_try_acquire_lock: rtg_acquire: comm=tau_rt_2 rtgid=1002 tgid=3897 pid=3902 prio=94
       deepPicar-3864  [004] d..3  1305.931597: rtg_try_acquire_lock: rtg_preemptor: comm=deepPicar rtgid=1001 tgid=3855 pid=3855 prio=93
       deepPicar-3864  [004] d..3  1305.931598: rtg_try_acquire_lock: rtg_preemptee: comm=tau_rt_2 rtgid=1002 tgid=3897 pid=3902 prio=94
        tau_rt_1-3901  [000] dn.3  1305.931602: rtg_try_acquire_lock: rtg_block: comm=tau_rt_1 rtgid=1002 tgid=3894 pid=3901 prio=94
        tau_rt_2-3902  [003] dn.3  1305.931603: rtg_try_acquire_lock: rtg_block: comm=tau_rt_2 rtgid=1002 tgid=3897 pid=3902 prio=94
        tau_rt_4-3903  [005] dn.3  1305.931605: rtg_try_acquire_lock: rtg_block: comm=tau_rt_4 rtgid=1002 tgid=3899 pid=3903 prio=94
       deepPicar-3855  [004] d..3  1305.931683: rtg_try_release_lock: rtg_release: comm=deepPicar rtgid=1001 tgid=3855 pid=3855 prio=93
          <idle>-0     [003] dn.3  1305.931685: rtg_try_acquire_lock: rtg_acquire: comm=tau_rt_2 rtgid=1002 tgid=3897 pid=3902 prio=94
        tau_rt_2-3902  [003] d..3  1305.935811: rtg_try_release_lock: rtg_release: comm=tau_rt_2 rtgid=1002 tgid=3897 pid=3902 prio=94
          <idle>-0     [000] dn.3  1305.946852: rtg_try_acquire_lock: rtg_acquire: comm=tau_rt_1 rtgid=1002 tgid=3894 pid=3901 prio=94
        tau_rt_1-3901  [000] ...1  1305.946881: tracing_mark_write: gid=1002: job_start
        tau_rt_4-3903  [005] dn.3  1305.965659: rtg_try_acquire_lock: rtg_preemptor: comm=deepPicar rtgid=1001 tgid=3856 pid=3856 prio=93
        tau_rt_4-3903  [005] dn.3  1305.965662: rtg_try_acquire_lock: rtg_preemptee: comm=tau_rt_1 rtgid=1002 tgid=3894 pid=3901 prio=94
       deepPicar-3851  [000] ...1  1305.965692: tracing_mark_write: gid=1001: job_start
       deepPicar-3854  [003] d..3  1305.967005: rtg_try_release_lock: rtg_release: comm=deepPicar rtgid=1001 tgid=3854 pid=3854 prio=93
       deepPicar-3856  [005] d..3  1305.967009: rtg_try_acquire_lock: rtg_acquire: comm=deepPicar rtgid=1001 tgid=3856 pid=3886 prio=93
       deepPicar-3851  [000] d..3  1305.981354: rtg_try_acquire_lock: rtg_block: comm=tau_rt_1 rtgid=1002 tgid=3894 pid=3901 prio=94
       deepPicar-3856  [005] d..3  1305.981358: rtg_try_acquire_lock: rtg_block: comm=tau_rt_4 rtgid=1002 tgid=3899 pid=3903 prio=94
       deepPicar-3854  [003] d..3  1305.981361: rtg_try_acquire_lock: rtg_block: comm=tau_rt_2 rtgid=1002 tgid=3897 pid=3902 prio=94
       deepPicar-3864  [004] d..3  1305.981582: rtg_try_release_lock: rtg_release: comm=deepPicar rtgid=1001 tgid=3855 pid=3864 prio=93
          <idle>-0     [003] dn.3  1305.981585: rtg_try_acquire_lock: rtg_acquire: comm=tau_rt_2 rtgid=1002 tgid=3897 pid=3902 prio=94
       deepPicar-3864  [004] d..3  1305.981588: rtg_try_acquire_lock: rtg_preemptor: comm=deepPicar rtgid=1001 tgid=3855 pid=3855 prio=93
       deepPicar-3864  [004] d..3  1305.981589: rtg_try_acquire_lock: rtg_preemptee: comm=tau_rt_2 rtgid=1002 tgid=3897 pid=3902 prio=94
        tau_rt_1-3901  [000] dn.3  1305.981592: rtg_try_acquire_lock: rtg_block: comm=tau_rt_1 rtgid=1002 tgid=3894 pid=3901 prio=94
        tau_rt_4-3903  [005] dn.3  1305.981594: rtg_try_acquire_lock: rtg_block: comm=tau_rt_4 rtgid=1002 tgid=3899 pid=3903 prio=94
        tau_rt_2-3902  [003] dn.3  1305.981595: rtg_try_acquire_lock: rtg_block: comm=tau_rt_2 rtgid=1002 tgid=3897 pid=3902 prio=94
       deepPicar-3855  [004] d..3  1305.981686: rtg_try_release_lock: rtg_release: comm=deepPicar rtgid=1001 tgid=3855 pid=3855 prio=93
          <idle>-0     [000] dn.3  1305.981688: rtg_try_acquire_lock: rtg_acquire: comm=tau_rt_1 rtgid=1002 tgid=3894 pid=3901 prio=94
        tau_rt_1-3901  [000] d..3  1305.985864: rtg_try_release_lock: rtg_release: comm=tau_rt_1 rtgid=1002 tgid=3894 pid=3901 prio=94
          <idle>-0     [005] dn.3  1305.996853: rtg_try_acquire_lock: rtg_acquire: comm=tau_rt_4 rtgid=1002 tgid=3899 pid=3903 prio=94
        tau_rt_1-3901  [000] ...1  1305.996881: tracing_mark_write: gid=1002: job_start
        tau_rt_4-3903  [005] dn.3  1306.015660: rtg_try_acquire_lock: rtg_preemptor: comm=deepPicar rtgid=1001 tgid=3856 pid=3856 prio=93
        tau_rt_4-3903  [005] dn.3  1306.015662: rtg_try_acquire_lock: rtg_preemptee: comm=tau_rt_4 rtgid=1002 tgid=3899 pid=3903 prio=94
       deepPicar-3851  [000] ...1  1306.015691: tracing_mark_write: gid=1001: job_start
       deepPicar-3856  [005] d..3  1306.031259: rtg_try_acquire_lock: rtg_block: comm=tau_rt_4 rtgid=1002 tgid=3899 pid=3903 prio=94
       deepPicar-3854  [003] d..3  1306.031264: rtg_try_acquire_lock: rtg_block: comm=tau_rt_2 rtgid=1002 tgid=3897 pid=3902 prio=94
       deepPicar-3851  [000] d..3  1306.031267: rtg_try_acquire_lock: rtg_block: comm=tau_rt_1 rtgid=1002 tgid=3894 pid=3901 prio=94
       deepPicar-3864  [004] d..3  1306.031487: rtg_try_release_lock: rtg_release: comm=deepPicar rtgid=1001 tgid=3855 pid=3864 prio=93
          <idle>-0     [003] dn.3  1306.031490: rtg_try_acquire_lock: rtg_acquire: comm=tau_rt_2 rtgid=1002 tgid=3897 pid=3902 prio=94
       deepPicar-3864  [004] d..3  1306.031493: rtg_try_acquire_lock: rtg_preemptor: comm=deepPicar rtgid=1001 tgid=3855 pid=3855 prio=93
       deepPicar-3864  [004] d..3  1306.031494: rtg_try_acquire_lock: rtg_preemptee: comm=tau_rt_2 rtgid=1002 tgid=3897 pid=3902 prio=94
        tau_rt_1-3901  [000] dn.3  1306.031498: rtg_try_acquire_lock: rtg_block: comm=tau_rt_1 rtgid=1002 tgid=3894 pid=3901 prio=94
        tau_rt_4-3903  [005] dn.3  1306.031500: rtg_try_acquire_lock: rtg_block: comm=tau_rt_4 rtgid=1002 tgid=3899 pid=3903 prio=94
        tau_rt_2-3902  [003] dn.3  1306.031502: rtg_try_acquire_lock: rtg_block: comm=tau_rt_2 rtgid=1002 tgid=3897 pid=3902 prio=94
       deepPicar-3855  [004] d..3  1306.031590: rtg_try_release_lock: rtg_release: comm=deepPicar rtgid=1001 tgid=3855 pid=3855 prio=93
          <idle>-0     [003] dn.3  1306.031591: rtg_try_acquire_lock: rtg_acquire: comm=tau_rt_2 rtgid=1002 tgid=3897 pid=3902 prio=94
        tau_rt_1-3901  [000] d..3  1306.035737: rtg_try_release_lock: rtg_release: comm=tau_rt_1 rtgid=1002 tgid=3894 pid=3901 prio=94
          <idle>-0     [005] dn.3  1306.046854: rtg_try_acquire_lock: rtg_acquire: comm=tau_rt_4 rtgid=1002 tgid=3899 pid=3903 prio=94
        tau_rt_1-3901  [000] ...1  1306.046886: tracing_mark_write: gid=1002: job_start
        tau_rt_3-3900  [004] dn.3  1306.065660: rtg_try_acquire_lock: rtg_preemptor: comm=deepPicar rtgid=1001 tgid=3855 pid=3855 prio=93
        tau_rt_3-3900  [004] dn.3  1306.065663: rtg_try_acquire_lock: rtg_preemptee: comm=tau_rt_4 rtgid=1002 tgid=3899 pid=3903 prio=94
       deepPicar-3851  [000] ...1  1306.065692: tracing_mark_write: gid=1001: job_start
       deepPicar-3851  [000] d..3  1306.081398: rtg_try_acquire_lock: rtg_block: comm=tau_rt_1 rtgid=1002 tgid=3894 pid=3901 prio=94
       deepPicar-3854  [003] d..3  1306.081402: rtg_try_acquire_lock: rtg_block: comm=tau_rt_2 rtgid=1002 tgid=3897 pid=3902 prio=94
       deepPicar-3856  [005] d..3  1306.081536: rtg_try_acquire_lock: rtg_block: comm=tau_rt_4 rtgid=1002 tgid=3899 pid=3903 prio=94
       deepPicar-3864  [004] d..3  1306.081696: rtg_try_release_lock: rtg_release: comm=deepPicar rtgid=1001 tgid=3855 pid=3864 prio=93
          <idle>-0     [005] dn.3  1306.081699: rtg_try_acquire_lock: rtg_acquire: comm=tau_rt_4 rtgid=1002 tgid=3899 pid=3903 prio=94
       deepPicar-3864  [004] d..3  1306.081702: rtg_try_acquire_lock: rtg_preemptor: comm=deepPicar rtgid=1001 tgid=3855 pid=3855 prio=93
       deepPicar-3864  [004] d..3  1306.081703: rtg_try_acquire_lock: rtg_preemptee: comm=tau_rt_4 rtgid=1002 tgid=3899 pid=3903 prio=94
        tau_rt_1-3901  [000] dn.3  1306.081706: rtg_try_acquire_lock: rtg_block: comm=tau_rt_1 rtgid=1002 tgid=3894 pid=3901 prio=94
        tau_rt_2-3902  [003] dn.3  1306.081708: rtg_try_acquire_lock: rtg_block: comm=tau_rt_2 rtgid=1002 tgid=3897 pid=3902 prio=94
        tau_rt_4-3903  [005] dn.3  1306.081710: rtg_try_acquire_lock: rtg_block: comm=tau_rt_4 rtgid=1002 tgid=3899 pid=3903 prio=94
       deepPicar-3855  [004] d..3  1306.081790: rtg_try_release_lock: rtg_release: comm=deepPicar rtgid=1001 tgid=3855 pid=3855 prio=93
          <idle>-0     [000] dn.3  1306.081791: rtg_try_acquire_lock: rtg_acquire: comm=tau_rt_1 rtgid=1002 tgid=3894 pid=3901 prio=94
        tau_rt_2-3902  [003] d..3  1306.086034: rtg_try_release_lock: rtg_release: comm=tau_rt_2 rtgid=1002 tgid=3897 pid=3902 prio=94
          <idle>-0     [003] dn.3  1306.096854: rtg_try_acquire_lock: rtg_acquire: comm=tau_rt_2 rtgid=1002 tgid=3897 pid=3902 prio=94
        tau_rt_1-3901  [000] ...1  1306.096883: tracing_mark_write: gid=1002: job_start
        tau_rt_3-3900  [004] dn.3  1306.115659: rtg_try_acquire_lock: rtg_preemptor: comm=deepPicar rtgid=1001 tgid=3855 pid=3855 prio=93
        tau_rt_3-3900  [004] dn.3  1306.115661: rtg_try_acquire_lock: rtg_preemptee: comm=tau_rt_2 rtgid=1002 tgid=3897 pid=3902 prio=94
       deepPicar-3851  [000] ...1  1306.115689: tracing_mark_write: gid=1001: job_start
       deepPicar-3856  [005] d..3  1306.117040: rtg_try_release_lock: rtg_release: comm=deepPicar rtgid=1001 tgid=3856 pid=3856 prio=93
       deepPicar-3854  [003] d..3  1306.117044: rtg_try_acquire_lock: rtg_acquire: comm=deepPicar rtgid=1001 tgid=3854 pid=3876 prio=93
       deepPicar-3854  [003] d..3  1306.131460: rtg_try_acquire_lock: rtg_block: comm=tau_rt_2 rtgid=1002 tgid=3897 pid=3902 prio=94
       deepPicar-3851  [000] d..3  1306.131464: rtg_try_acquire_lock: rtg_block: comm=tau_rt_1 rtgid=1002 tgid=3894 pid=3901 prio=94
       deepPicar-3856  [005] d..3  1306.131467: rtg_try_acquire_lock: rtg_block: comm=tau_rt_4 rtgid=1002 tgid=3899 pid=3903 prio=94
       deepPicar-3864  [004] d..3  1306.131654: rtg_try_release_lock: rtg_release: comm=deepPicar rtgid=1001 tgid=3855 pid=3864 prio=93
          <idle>-0     [003] dn.3  1306.131657: rtg_try_acquire_lock: rtg_acquire: comm=tau_rt_2 rtgid=1002 tgid=3897 pid=3902 prio=94
       deepPicar-3864  [004] d..3  1306.131659: rtg_try_acquire_lock: rtg_preemptor: comm=deepPicar rtgid=1001 tgid=3855 pid=3855 prio=93
       deepPicar-3864  [004] d..3  1306.131660: rtg_try_acquire_lock: rtg_preemptee: comm=tau_rt_2 rtgid=1002 tgid=3897 pid=3902 prio=94
        tau_rt_1-3901  [000] dn.3  1306.131664: rtg_try_acquire_lock: rtg_block: comm=tau_rt_1 rtgid=1002 tgid=3894 pid=3901 prio=94
        tau_rt_2-3902  [003] dn.3  1306.131666: rtg_try_acquire_lock: rtg_block: comm=tau_rt_2 rtgid=1002 tgid=3897 pid=3902 prio=94
        tau_rt_4-3903  [005] dn.3  1306.131668: rtg_try_acquire_lock: rtg_block: comm=tau_rt_4 rtgid=1002 tgid=3899 pid=3903 prio=94
       deepPicar-3855  [004] d..3  1306.131758: rtg_try_release_lock: rtg_release: comm=deepPicar rtgid=1001 tgid=3855 pid=3855 prio=93
          <idle>-0     [003] dn.3  1306.131760: rtg_try_acquire_lock: rtg_acquire: comm=tau_rt_2 rtgid=1002 tgid=3897 pid=3902 prio=94
        tau_rt_2-3902  [003] d..3  1306.135906: rtg_try_release_lock: rtg_release: comm=tau_rt_2 rtgid=1002 tgid=3897 pid=3902 prio=94
          <idle>-0     [005] dn.3  1306.146853: rtg_try_acquire_lock: rtg_acquire: comm=tau_rt_4 rtgid=1002 tgid=3899 pid=3903 prio=94
        tau_rt_1-3901  [000] ...1  1306.146883: tracing_mark_write: gid=1002: job_start
        tau_rt_3-3900  [004] dn.3  1306.165659: rtg_try_acquire_lock: rtg_preemptor: comm=deepPicar rtgid=1001 tgid=3855 pid=3855 prio=93
        tau_rt_3-3900  [004] dn.3  1306.165662: rtg_try_acquire_lock: rtg_preemptee: comm=tau_rt_4 rtgid=1002 tgid=3899 pid=3903 prio=94
       deepPicar-3851  [000] ...1  1306.165690: tracing_mark_write: gid=1001: job_start
       deepPicar-3856  [005] d..3  1306.167031: rtg_try_release_lock: rtg_release: comm=deepPicar rtgid=1001 tgid=3856 pid=3856 prio=93
       deepPicar-3851  [000] d..3  1306.167035: rtg_try_acquire_lock: rtg_acquire: comm=deepPicar rtgid=1001 tgid=3851 pid=3868 prio=93
       deepPicar-3854  [003] d..3  1306.181419: rtg_try_acquire_lock: rtg_block: comm=tau_rt_2 rtgid=1002 tgid=3897 pid=3902 prio=94
       deepPicar-3851  [000] d..3  1306.181423: rtg_try_acquire_lock: rtg_block: comm=tau_rt_1 rtgid=1002 tgid=3894 pid=3901 prio=94
       deepPicar-3856  [005] d..3  1306.181447: rtg_try_acquire_lock: rtg_block: comm=tau_rt_4 rtgid=1002 tgid=3899 pid=3903 prio=94
       deepPicar-3864  [004] d..3  1306.181616: rtg_try_release_lock: rtg_release: comm=deepPicar rtgid=1001 tgid=3855 pid=3864 prio=93
          <idle>-0     [005] dn.3  1306.181619: rtg_try_acquire_lock: rtg_acquire: comm=tau_rt_4 rtgid=1002 tgid=3899 pid=3903 prio=94
       deepPicar-3864  [004] d..3  1306.181621: rtg_try_acquire_lock: rtg_preemptor: comm=deepPicar rtgid=1001 tgid=3855 pid=3855 prio=93
       deepPicar-3864  [004] d..3  1306.181622: rtg_try_acquire_lock: rtg_preemptee: comm=tau_rt_4 rtgid=1002 tgid=3899 pid=3903 prio=94
        tau_rt_1-3901  [000] dn.3  1306.181626: rtg_try_acquire_lock: rtg_block: comm=tau_rt_1 rtgid=1002 tgid=3894 pid=3901 prio=94
        tau_rt_2-3902  [003] dn.3  1306.181628: rtg_try_acquire_lock: rtg_block: comm=tau_rt_2 rtgid=1002 tgid=3897 pid=3902 prio=94
        tau_rt_4-3903  [005] dn.3  1306.181629: rtg_try_acquire_lock: rtg_block: comm=tau_rt_4 rtgid=1002 tgid=3899 pid=3903 prio=94
       deepPicar-3855  [004] d..3  1306.181712: rtg_try_release_lock: rtg_release: comm=deepPicar rtgid=1001 tgid=3855 pid=3855 prio=93
          <idle>-0     [000] dn.3  1306.181714: rtg_try_acquire_lock: rtg_acquire: comm=tau_rt_1 rtgid=1002 tgid=3894 pid=3901 prio=94
        tau_rt_2-3902  [003] d..3  1306.185896: rtg_try_release_lock: rtg_release: comm=tau_rt_2 rtgid=1002 tgid=3897 pid=3902 prio=94
          <idle>-0     [005] dn.3  1306.196853: rtg_try_acquire_lock: rtg_acquire: comm=tau_rt_4 rtgid=1002 tgid=3899 pid=3903 prio=94
        tau_rt_1-3901  [000] ...1  1306.196882: tracing_mark_write: gid=1002: job_start
        tau_rt_4-3903  [005] dn.3  1306.215659: rtg_try_acquire_lock: rtg_preemptor: comm=deepPicar rtgid=1001 tgid=3856 pid=3856 prio=93
        tau_rt_4-3903  [005] dn.3  1306.215661: rtg_try_acquire_lock: rtg_preemptee: comm=tau_rt_4 rtgid=1002 tgid=3899 pid=3903 prio=94
       deepPicar-3851  [000] ...1  1306.215690: tracing_mark_write: gid=1001: job_start
       deepPicar-3884  [003] d..3  1306.217866: rtg_try_release_lock: rtg_release: comm=deepPicar rtgid=1001 tgid=3854 pid=3884 prio=93
       deepPicar-3882  [005] d..3  1306.217870: rtg_try_acquire_lock: rtg_acquire: comm=deepPicar rtgid=1001 tgid=3856 pid=3865 prio=93
       deepPicar-3854  [003] d..3  1306.231393: rtg_try_acquire_lock: rtg_block: comm=tau_rt_2 rtgid=1002 tgid=3897 pid=3902 prio=94
       deepPicar-3851  [000] d..3  1306.231397: rtg_try_acquire_lock: rtg_block: comm=tau_rt_1 rtgid=1002 tgid=3894 pid=3901 prio=94
       deepPicar-3856  [005] d..3  1306.231538: rtg_try_acquire_lock: rtg_block: comm=tau_rt_4 rtgid=1002 tgid=3899 pid=3903 prio=94
       deepPicar-3864  [004] d..3  1306.231661: rtg_try_release_lock: rtg_release: comm=deepPicar rtgid=1001 tgid=3855 pid=3864 prio=93
          <idle>-0     [003] dn.3  1306.231664: rtg_try_acquire_lock: rtg_acquire: comm=tau_rt_2 rtgid=1002 tgid=3897 pid=3902 prio=94
       deepPicar-3864  [004] d..3  1306.231667: rtg_try_acquire_lock: rtg_preemptor: comm=deepPicar rtgid=1001 tgid=3855 pid=3855 prio=93
       deepPicar-3864  [004] d..3  1306.231668: rtg_try_acquire_lock: rtg_preemptee: comm=tau_rt_2 rtgid=1002 tgid=3897 pid=3902 prio=94
        tau_rt_1-3901  [000] dn.3  1306.231671: rtg_try_acquire_lock: rtg_block: comm=tau_rt_1 rtgid=1002 tgid=3894 pid=3901 prio=94
        tau_rt_2-3902  [003] dn.3  1306.231673: rtg_try_acquire_lock: rtg_block: comm=tau_rt_2 rtgid=1002 tgid=3897 pid=3902 prio=94
        tau_rt_4-3903  [005] dn.3  1306.231675: rtg_try_acquire_lock: rtg_block: comm=tau_rt_4 rtgid=1002 tgid=3899 pid=3903 prio=94
       deepPicar-3855  [004] d..3  1306.231757: rtg_try_release_lock: rtg_release: comm=deepPicar rtgid=1001 tgid=3855 pid=3855 prio=93
          <idle>-0     [003] dn.3  1306.231759: rtg_try_acquire_lock: rtg_acquire: comm=tau_rt_2 rtgid=1002 tgid=3897 pid=3902 prio=94
        tau_rt_1-3901  [000] d..3  1306.235923: rtg_try_release_lock: rtg_release: comm=tau_rt_1 rtgid=1002 tgid=3894 pid=3901 prio=94
          <idle>-0     [000] dn.3  1306.246851: rtg_try_acquire_lock: rtg_acquire: comm=tau_rt_1 rtgid=1002 tgid=3894 pid=3901 prio=94
        tau_rt_1-3901  [000] ...1  1306.246879: tracing_mark_write: gid=1002: job_start
        tau_rt_2-3902  [003] dn.3  1306.265660: rtg_try_acquire_lock: rtg_preemptor: comm=deepPicar rtgid=1001 tgid=3854 pid=3854 prio=93
        tau_rt_2-3902  [003] dn.3  1306.265663: rtg_try_acquire_lock: rtg_preemptee: comm=tau_rt_1 rtgid=1002 tgid=3894 pid=3901 prio=94
       deepPicar-3851  [000] ...1  1306.265690: tracing_mark_write: gid=1001: job_start
       deepPicar-3855  [004] d..3  1306.267016: rtg_try_release_lock: rtg_release: comm=deepPicar rtgid=1001 tgid=3855 pid=3855 prio=93
       deepPicar-3856  [005] d..3  1306.267021: rtg_try_acquire_lock: rtg_acquire: comm=deepPicar rtgid=1001 tgid=3856 pid=3886 prio=93
       deepPicar-3851  [000] d..3  1306.281404: rtg_try_acquire_lock: rtg_block: comm=tau_rt_1 rtgid=1002 tgid=3894 pid=3901 prio=94
       deepPicar-3854  [003] d..3  1306.281408: rtg_try_acquire_lock: rtg_block: comm=tau_rt_2 rtgid=1002 tgid=3897 pid=3902 prio=94
       deepPicar-3856  [005] d..3  1306.281446: rtg_try_acquire_lock: rtg_block: comm=tau_rt_4 rtgid=1002 tgid=3899 pid=3903 prio=94
       deepPicar-3864  [004] d..3  1306.281548: rtg_try_release_lock: rtg_release: comm=deepPicar rtgid=1001 tgid=3855 pid=3864 prio=93
          <idle>-0     [005] dn.3  1306.281551: rtg_try_acquire_lock: rtg_acquire: comm=tau_rt_4 rtgid=1002 tgid=3899 pid=3903 prio=94
       deepPicar-3864  [004] d..3  1306.281553: rtg_try_acquire_lock: rtg_preemptor: comm=deepPicar rtgid=1001 tgid=3855 pid=3855 prio=93
       deepPicar-3864  [004] d..3  1306.281554: rtg_try_acquire_lock: rtg_preemptee: comm=tau_rt_4 rtgid=1002 tgid=3899 pid=3903 prio=94
        tau_rt_1-3901  [000] dn.3  1306.281557: rtg_try_acquire_lock: rtg_block: comm=tau_rt_1 rtgid=1002 tgid=3894 pid=3901 prio=94
        tau_rt_2-3902  [003] dn.3  1306.281559: rtg_try_acquire_lock: rtg_block: comm=tau_rt_2 rtgid=1002 tgid=3897 pid=3902 prio=94
        tau_rt_4-3903  [005] dn.3  1306.281561: rtg_try_acquire_lock: rtg_block: comm=tau_rt_4 rtgid=1002 tgid=3899 pid=3903 prio=94
       deepPicar-3855  [004] d..3  1306.281685: rtg_try_release_lock: rtg_release: comm=deepPicar rtgid=1001 tgid=3855 pid=3855 prio=93
          <idle>-0     [000] dn.3  1306.281687: rtg_try_acquire_lock: rtg_acquire: comm=tau_rt_1 rtgid=1002 tgid=3894 pid=3901 prio=94
        tau_rt_2-3902  [003] d..3  1306.285921: rtg_try_release_lock: rtg_release: comm=tau_rt_2 rtgid=1002 tgid=3897 pid=3902 prio=94
          <idle>-0     [005] dn.3  1306.296852: rtg_try_acquire_lock: rtg_acquire: comm=tau_rt_4 rtgid=1002 tgid=3899 pid=3903 prio=94
        tau_rt_1-3901  [000] ...1  1306.296881: tracing_mark_write: gid=1002: job_start
        tau_rt_4-3903  [005] dn.3  1306.315659: rtg_try_acquire_lock: rtg_preemptor: comm=deepPicar rtgid=1001 tgid=3856 pid=3856 prio=93
        tau_rt_4-3903  [005] dn.3  1306.315661: rtg_try_acquire_lock: rtg_preemptee: comm=tau_rt_4 rtgid=1002 tgid=3899 pid=3903 prio=94
       deepPicar-3851  [000] ...1  1306.315689: tracing_mark_write: gid=1001: job_start
       deepPicar-3855  [004] d..3  1306.317049: rtg_try_release_lock: rtg_release: comm=deepPicar rtgid=1001 tgid=3855 pid=3855 prio=93
       deepPicar-3856  [005] d..3  1306.317053: rtg_try_acquire_lock: rtg_acquire: comm=deepPicar rtgid=1001 tgid=3856 pid=3888 prio=93
       deepPicar-3890  [003] d..3  1306.317858: rtg_try_release_lock: rtg_release: comm=deepPicar rtgid=1001 tgid=3854 pid=3890 prio=93
       deepPicar-3888  [005] d..3  1306.317862: rtg_try_acquire_lock: rtg_acquire: comm=deepPicar rtgid=1001 tgid=3856 pid=3865 prio=93
       deepPicar-3854  [003] d..3  1306.331340: rtg_try_acquire_lock: rtg_block: comm=tau_rt_2 rtgid=1002 tgid=3897 pid=3902 prio=94
       deepPicar-3851  [000] d..3  1306.331345: rtg_try_acquire_lock: rtg_block: comm=tau_rt_1 rtgid=1002 tgid=3894 pid=3901 prio=94
       deepPicar-3856  [005] d..3  1306.331422: rtg_try_acquire_lock: rtg_block: comm=tau_rt_4 rtgid=1002 tgid=3899 pid=3903 prio=94
       deepPicar-3864  [004] d..3  1306.331512: rtg_try_release_lock: rtg_release: comm=deepPicar rtgid=1001 tgid=3855 pid=3864 prio=93
          <idle>-0     [005] dn.3  1306.331514: rtg_try_acquire_lock: rtg_acquire: comm=tau_rt_4 rtgid=1002 tgid=3899 pid=3903 prio=94
       deepPicar-3864  [004] d..3  1306.331517: rtg_try_acquire_lock: rtg_preemptor: comm=deepPicar rtgid=1001 tgid=3855 pid=3855 prio=93
       deepPicar-3864  [004] d..3  1306.331518: rtg_try_acquire_lock: rtg_preemptee: comm=tau_rt_4 rtgid=1002 tgid=3899 pid=3903 prio=94
        tau_rt_1-3901  [000] dn.3  1306.331522: rtg_try_acquire_lock: rtg_block: comm=tau_rt_1 rtgid=1002 tgid=3894 pid=3901 prio=94
        tau_rt_2-3902  [003] dn.3  1306.331524: rtg_try_acquire_lock: rtg_block: comm=tau_rt_2 rtgid=1002 tgid=3897 pid=3902 prio=94
        tau_rt_4-3903  [005] dn.3  1306.331526: rtg_try_acquire_lock: rtg_block: comm=tau_rt_4 rtgid=1002 tgid=3899 pid=3903 prio=94
       deepPicar-3855  [004] d..3  1306.331610: rtg_try_release_lock: rtg_release: comm=deepPicar rtgid=1001 tgid=3855 pid=3855 prio=93
          <idle>-0     [003] dn.3  1306.331612: rtg_try_acquire_lock: rtg_acquire: comm=tau_rt_2 rtgid=1002 tgid=3897 pid=3902 prio=94
        tau_rt_1-3901  [000] d..3  1306.335804: rtg_try_release_lock: rtg_release: comm=tau_rt_1 rtgid=1002 tgid=3894 pid=3901 prio=94
          <idle>-0     [000] dn.3  1306.346851: rtg_try_acquire_lock: rtg_acquire: comm=tau_rt_1 rtgid=1002 tgid=3894 pid=3901 prio=94
        tau_rt_1-3901  [000] ...1  1306.346878: tracing_mark_write: gid=1002: job_start
        tau_rt_2-3902  [003] dn.3  1306.365660: rtg_try_acquire_lock: rtg_preemptor: comm=deepPicar rtgid=1001 tgid=3854 pid=3854 prio=93
        tau_rt_2-3902  [003] dn.3  1306.365662: rtg_try_acquire_lock: rtg_preemptee: comm=tau_rt_1 rtgid=1002 tgid=3894 pid=3901 prio=94
       deepPicar-3851  [000] ...1  1306.365691: tracing_mark_write: gid=1001: job_start
       deepPicar-3856  [005] d..3  1306.367048: rtg_try_release_lock: rtg_release: comm=deepPicar rtgid=1001 tgid=3856 pid=3856 prio=93
       deepPicar-3855  [004] d..3  1306.367052: rtg_try_acquire_lock: rtg_acquire: comm=deepPicar rtgid=1001 tgid=3855 pid=3891 prio=93
       deepPicar-3854  [003] d..3  1306.381364: rtg_try_acquire_lock: rtg_block: comm=tau_rt_2 rtgid=1002 tgid=3897 pid=3902 prio=94
       deepPicar-3851  [000] d..3  1306.381368: rtg_try_acquire_lock: rtg_block: comm=tau_rt_1 rtgid=1002 tgid=3894 pid=3901 prio=94
       deepPicar-3856  [005] d..3  1306.381508: rtg_try_acquire_lock: rtg_block: comm=tau_rt_4 rtgid=1002 tgid=3899 pid=3903 prio=94
       deepPicar-3864  [004] d..3  1306.381611: rtg_try_release_lock: rtg_release: comm=deepPicar rtgid=1001 tgid=3855 pid=3864 prio=93
          <idle>-0     [005] dn.3  1306.381614: rtg_try_acquire_lock: rtg_acquire: comm=tau_rt_4 rtgid=1002 tgid=3899 pid=3903 prio=94
       deepPicar-3864  [004] d..3  1306.381618: rtg_try_acquire_lock: rtg_preemptor: comm=deepPicar rtgid=1001 tgid=3855 pid=3855 prio=93
       deepPicar-3864  [004] d..3  1306.381619: rtg_try_acquire_lock: rtg_preemptee: comm=tau_rt_4 rtgid=1002 tgid=3899 pid=3903 prio=94
        tau_rt_1-3901  [000] dn.3  1306.381622: rtg_try_acquire_lock: rtg_block: comm=tau_rt_1 rtgid=1002 tgid=3894 pid=3901 prio=94
        tau_rt_2-3902  [003] dn.3  1306.381624: rtg_try_acquire_lock: rtg_block: comm=tau_rt_2 rtgid=1002 tgid=3897 pid=3902 prio=94
        tau_rt_4-3903  [005] dn.3  1306.381626: rtg_try_acquire_lock: rtg_block: comm=tau_rt_4 rtgid=1002 tgid=3899 pid=3903 prio=94
       deepPicar-3855  [004] d..3  1306.381705: rtg_try_release_lock: rtg_release: comm=deepPicar rtgid=1001 tgid=3855 pid=3855 prio=93
          <idle>-0     [000] dn.3  1306.381707: rtg_try_acquire_lock: rtg_acquire: comm=tau_rt_1 rtgid=1002 tgid=3894 pid=3901 prio=94
        tau_rt_2-3902  [003] d..3  1306.385889: rtg_try_release_lock: rtg_release: comm=tau_rt_2 rtgid=1002 tgid=3897 pid=3902 prio=94
          <idle>-0     [004] dn.3  1306.396852: rtg_try_acquire_lock: rtg_acquire: comm=tau_rt_3 rtgid=1002 tgid=3898 pid=3900 prio=94
        tau_rt_1-3901  [000] ...1  1306.396880: tracing_mark_write: gid=1002: job_start
        tau_rt_4-3903  [005] dn.3  1306.415660: rtg_try_acquire_lock: rtg_preemptor: comm=deepPicar rtgid=1001 tgid=3856 pid=3856 prio=93
        tau_rt_4-3903  [005] dn.3  1306.415662: rtg_try_acquire_lock: rtg_preemptee: comm=tau_rt_3 rtgid=1002 tgid=3898 pid=3900 prio=94
       deepPicar-3851  [000] ...1  1306.415690: tracing_mark_write: gid=1001: job_start
       deepPicar-3854  [003] d..3  1306.417043: rtg_try_release_lock: rtg_release: comm=deepPicar rtgid=1001 tgid=3854 pid=3854 prio=93
       deepPicar-3856  [005] d..3  1306.417047: rtg_try_acquire_lock: rtg_acquire: comm=deepPicar rtgid=1001 tgid=3856 pid=3877 prio=93
       deepPicar-3854  [003] d..3  1306.431284: rtg_try_acquire_lock: rtg_block: comm=tau_rt_2 rtgid=1002 tgid=3897 pid=3902 prio=94
       deepPicar-3851  [000] d..3  1306.431288: rtg_try_acquire_lock: rtg_block: comm=tau_rt_1 rtgid=1002 tgid=3894 pid=3901 prio=94
       deepPicar-3856  [005] d..3  1306.431492: rtg_try_acquire_lock: rtg_block: comm=tau_rt_4 rtgid=1002 tgid=3899 pid=3903 prio=94
       deepPicar-3864  [004] d..3  1306.431520: rtg_try_release_lock: rtg_release: comm=deepPicar rtgid=1001 tgid=3855 pid=3864 prio=93
          <idle>-0     [005] dn.3  1306.431523: rtg_try_acquire_lock: rtg_acquire: comm=tau_rt_4 rtgid=1002 tgid=3899 pid=3903 prio=94
       deepPicar-3864  [004] d..3  1306.431526: rtg_try_acquire_lock: rtg_preemptor: comm=deepPicar rtgid=1001 tgid=3855 pid=3855 prio=93
       deepPicar-3864  [004] d..3  1306.431526: rtg_try_acquire_lock: rtg_preemptee: comm=tau_rt_4 rtgid=1002 tgid=3899 pid=3903 prio=94
        tau_rt_1-3901  [000] dn.3  1306.431530: rtg_try_acquire_lock: rtg_block: comm=tau_rt_1 rtgid=1002 tgid=3894 pid=3901 prio=94
        tau_rt_2-3902  [003] dn.3  1306.431532: rtg_try_acquire_lock: rtg_block: comm=tau_rt_2 rtgid=1002 tgid=3897 pid=3902 prio=94
        tau_rt_4-3903  [005] dn.3  1306.431534: rtg_try_acquire_lock: rtg_block: comm=tau_rt_4 rtgid=1002 tgid=3899 pid=3903 prio=94
       deepPicar-3855  [004] d..3  1306.431612: rtg_try_release_lock: rtg_release: comm=deepPicar rtgid=1001 tgid=3855 pid=3855 prio=93
          <idle>-0     [005] dn.3  1306.431614: rtg_try_acquire_lock: rtg_acquire: comm=tau_rt_4 rtgid=1002 tgid=3899 pid=3903 prio=94
        tau_rt_2-3902  [003] d..3  1306.435743: rtg_try_release_lock: rtg_release: comm=tau_rt_2 rtgid=1002 tgid=3897 pid=3902 prio=94
          <idle>-0     [005] dn.3  1306.446852: rtg_try_acquire_lock: rtg_acquire: comm=tau_rt_4 rtgid=1002 tgid=3899 pid=3903 prio=94
        tau_rt_1-3901  [000] ...1  1306.446881: tracing_mark_write: gid=1002: job_start
        tau_rt_4-3903  [005] dn.3  1306.465659: rtg_try_acquire_lock: rtg_preemptor: comm=deepPicar rtgid=1001 tgid=3856 pid=3856 prio=93
        tau_rt_4-3903  [005] dn.3  1306.465662: rtg_try_acquire_lock: rtg_preemptee: comm=tau_rt_4 rtgid=1002 tgid=3899 pid=3903 prio=94
       deepPicar-3851  [000] ...1  1306.465691: tracing_mark_write: gid=1001: job_start
       deepPicar-3854  [003] d..3  1306.467031: rtg_try_release_lock: rtg_release: comm=deepPicar rtgid=1001 tgid=3854 pid=3854 prio=93
       deepPicar-3855  [004] d..3  1306.467035: rtg_try_acquire_lock: rtg_acquire: comm=deepPicar rtgid=1001 tgid=3855 pid=3879 prio=93
       deepPicar-3854  [003] d..3  1306.481377: rtg_try_acquire_lock: rtg_block: comm=tau_rt_2 rtgid=1002 tgid=3897 pid=3902 prio=94
       deepPicar-3851  [000] d..3  1306.481381: rtg_try_acquire_lock: rtg_block: comm=tau_rt_1 rtgid=1002 tgid=3894 pid=3901 prio=94
       deepPicar-3856  [005] d..3  1306.481463: rtg_try_acquire_lock: rtg_block: comm=tau_rt_4 rtgid=1002 tgid=3899 pid=3903 prio=94
       deepPicar-3864  [004] d..3  1306.481588: rtg_try_release_lock: rtg_release: comm=deepPicar rtgid=1001 tgid=3855 pid=3864 prio=93
          <idle>-0     [003] dn.3  1306.481590: rtg_try_acquire_lock: rtg_acquire: comm=tau_rt_2 rtgid=1002 tgid=3897 pid=3902 prio=94
       deepPicar-3864  [004] d..3  1306.481593: rtg_try_acquire_lock: rtg_preemptor: comm=deepPicar rtgid=1001 tgid=3855 pid=3855 prio=93
       deepPicar-3864  [004] d..3  1306.481594: rtg_try_acquire_lock: rtg_preemptee: comm=tau_rt_2 rtgid=1002 tgid=3897 pid=3902 prio=94
        tau_rt_1-3901  [000] dn.3  1306.481598: rtg_try_acquire_lock: rtg_block: comm=tau_rt_1 rtgid=1002 tgid=3894 pid=3901 prio=94
        tau_rt_4-3903  [005] dn.3  1306.481600: rtg_try_acquire_lock: rtg_block: comm=tau_rt_4 rtgid=1002 tgid=3899 pid=3903 prio=94
        tau_rt_2-3902  [003] dn.3  1306.481601: rtg_try_acquire_lock: rtg_block: comm=tau_rt_2 rtgid=1002 tgid=3897 pid=3902 prio=94
       deepPicar-3855  [004] d..3  1306.481681: rtg_try_release_lock: rtg_release: comm=deepPicar rtgid=1001 tgid=3855 pid=3855 prio=93
          <idle>-0     [000] dn.3  1306.481683: rtg_try_acquire_lock: rtg_acquire: comm=tau_rt_1 rtgid=1002 tgid=3894 pid=3901 prio=94
        tau_rt_2-3902  [003] d..3  1306.485904: rtg_try_release_lock: rtg_release: comm=tau_rt_2 rtgid=1002 tgid=3897 pid=3902 prio=94
          <idle>-0     [005] dn.3  1306.496857: rtg_try_acquire_lock: rtg_acquire: comm=tau_rt_4 rtgid=1002 tgid=3899 pid=3903 prio=94
        tau_rt_1-3901  [000] ...1  1306.496888: tracing_mark_write: gid=1002: job_start
        tau_rt_4-3903  [005] dn.3  1306.515660: rtg_try_acquire_lock: rtg_preemptor: comm=deepPicar rtgid=1001 tgid=3856 pid=3856 prio=93
        tau_rt_4-3903  [005] dn.3  1306.515662: rtg_try_acquire_lock: rtg_preemptee: comm=tau_rt_4 rtgid=1002 tgid=3899 pid=3903 prio=94
       deepPicar-3851  [000] ...1  1306.515689: tracing_mark_write: gid=1001: job_start
       deepPicar-3854  [003] d..3  1306.517030: rtg_try_release_lock: rtg_release: comm=deepPicar rtgid=1001 tgid=3854 pid=3854 prio=93
       deepPicar-3855  [004] d..3  1306.517034: rtg_try_acquire_lock: rtg_acquire: comm=deepPicar rtgid=1001 tgid=3855 pid=3883 prio=93
       deepPicar-3851  [000] d..3  1306.531264: rtg_try_acquire_lock: rtg_block: comm=tau_rt_1 rtgid=1002 tgid=3894 pid=3901 prio=94
       deepPicar-3854  [003] d..3  1306.531268: rtg_try_acquire_lock: rtg_block: comm=tau_rt_2 rtgid=1002 tgid=3897 pid=3902 prio=94
       deepPicar-3856  [005] d..3  1306.531271: rtg_try_acquire_lock: rtg_block: comm=tau_rt_4 rtgid=1002 tgid=3899 pid=3903 prio=94
       deepPicar-3864  [004] d..3  1306.531490: rtg_try_release_lock: rtg_release: comm=deepPicar rtgid=1001 tgid=3855 pid=3864 prio=93
          <idle>-0     [005] dn.3  1306.531492: rtg_try_acquire_lock: rtg_acquire: comm=tau_rt_4 rtgid=1002 tgid=3899 pid=3903 prio=94
       deepPicar-3864  [004] d..3  1306.531496: rtg_try_acquire_lock: rtg_preemptor: comm=deepPicar rtgid=1001 tgid=3855 pid=3855 prio=93
       deepPicar-3864  [004] d..3  1306.531496: rtg_try_acquire_lock: rtg_preemptee: comm=tau_rt_4 rtgid=1002 tgid=3899 pid=3903 prio=94
        tau_rt_1-3901  [000] dn.3  1306.531500: rtg_try_acquire_lock: rtg_block: comm=tau_rt_1 rtgid=1002 tgid=3894 pid=3901 prio=94
        tau_rt_2-3902  [003] dn.3  1306.531502: rtg_try_acquire_lock: rtg_block: comm=tau_rt_2 rtgid=1002 tgid=3897 pid=3902 prio=94
        tau_rt_4-3903  [005] dn.3  1306.531503: rtg_try_acquire_lock: rtg_block: comm=tau_rt_4 rtgid=1002 tgid=3899 pid=3903 prio=94
       deepPicar-3855  [004] d..3  1306.531596: rtg_try_release_lock: rtg_release: comm=deepPicar rtgid=1001 tgid=3855 pid=3855 prio=93
          <idle>-0     [003] dn.3  1306.531597: rtg_try_acquire_lock: rtg_acquire: comm=tau_rt_2 rtgid=1002 tgid=3897 pid=3902 prio=94
        tau_rt_2-3902  [003] d..3  1306.535730: rtg_try_release_lock: rtg_release: comm=tau_rt_2 rtgid=1002 tgid=3897 pid=3902 prio=94
          <idle>-0     [003] dn.3  1306.546852: rtg_try_acquire_lock: rtg_acquire: comm=tau_rt_2 rtgid=1002 tgid=3897 pid=3902 prio=94
        tau_rt_1-3901  [000] ...1  1306.546881: tracing_mark_write: gid=1002: job_start
        tau_rt_3-3900  [004] dn.3  1306.565662: rtg_try_acquire_lock: rtg_preemptor: comm=deepPicar rtgid=1001 tgid=3855 pid=3855 prio=93
        tau_rt_3-3900  [004] dn.3  1306.565664: rtg_try_acquire_lock: rtg_preemptee: comm=tau_rt_2 rtgid=1002 tgid=3897 pid=3902 prio=94
       deepPicar-3851  [000] ...1  1306.565693: tracing_mark_write: gid=1001: job_start
       deepPicar-3855  [004] d..3  1306.567024: rtg_try_release_lock: rtg_release: comm=deepPicar rtgid=1001 tgid=3855 pid=3855 prio=93
       deepPicar-3856  [005] d..3  1306.567028: rtg_try_acquire_lock: rtg_acquire: comm=deepPicar rtgid=1001 tgid=3856 pid=3886 prio=93
       deepPicar-3851  [000] d..3  1306.581285: rtg_try_acquire_lock: rtg_block: comm=tau_rt_1 rtgid=1002 tgid=3894 pid=3901 prio=94
       deepPicar-3854  [003] d..3  1306.581290: rtg_try_acquire_lock: rtg_block: comm=tau_rt_2 rtgid=1002 tgid=3897 pid=3902 prio=94
       deepPicar-3856  [005] d..3  1306.581446: rtg_try_acquire_lock: rtg_block: comm=tau_rt_4 rtgid=1002 tgid=3899 pid=3903 prio=94
       deepPicar-3864  [004] d..3  1306.581490: rtg_try_release_lock: rtg_release: comm=deepPicar rtgid=1001 tgid=3855 pid=3864 prio=93
          <idle>-0     [000] dn.3  1306.581492: rtg_try_acquire_lock: rtg_acquire: comm=tau_rt_1 rtgid=1002 tgid=3894 pid=3901 prio=94
       deepPicar-3864  [004] d..3  1306.581496: rtg_try_acquire_lock: rtg_preemptor: comm=deepPicar rtgid=1001 tgid=3855 pid=3855 prio=93
       deepPicar-3864  [004] d..3  1306.581497: rtg_try_acquire_lock: rtg_preemptee: comm=tau_rt_1 rtgid=1002 tgid=3894 pid=3901 prio=94
        tau_rt_2-3902  [003] dn.3  1306.581500: rtg_try_acquire_lock: rtg_block: comm=tau_rt_2 rtgid=1002 tgid=3897 pid=3902 prio=94
        tau_rt_1-3901  [000] dn.3  1306.581502: rtg_try_acquire_lock: rtg_block: comm=tau_rt_1 rtgid=1002 tgid=3894 pid=3901 prio=94
          <idle>-0     [005] dn.3  1306.581559: rtg_try_acquire_lock: rtg_block: comm=tau_rt_4 rtgid=1002 tgid=3899 pid=3903 prio=94
       deepPicar-3855  [004] d..3  1306.581584: rtg_try_release_lock: rtg_release: comm=deepPicar rtgid=1001 tgid=3855 pid=3855 prio=93
          <idle>-0     [003] dn.3  1306.581585: rtg_try_acquire_lock: rtg_acquire: comm=tau_rt_2 rtgid=1002 tgid=3897 pid=3902 prio=94
        tau_rt_2-3902  [003] d..3  1306.585770: rtg_try_release_lock: rtg_release: comm=tau_rt_2 rtgid=1002 tgid=3897 pid=3902 prio=94
          <idle>-0     [005] dn.3  1306.596852: rtg_try_acquire_lock: rtg_acquire: comm=tau_rt_4 rtgid=1002 tgid=3899 pid=3903 prio=94
        tau_rt_1-3901  [000] ...1  1306.596881: tracing_mark_write: gid=1002: job_start
        tau_rt_2-3902  [003] dn.3  1306.615660: rtg_try_acquire_lock: rtg_preemptor: comm=deepPicar rtgid=1001 tgid=3854 pid=3854 prio=93
        tau_rt_2-3902  [003] dn.3  1306.615663: rtg_try_acquire_lock: rtg_preemptee: comm=tau_rt_4 rtgid=1002 tgid=3899 pid=3903 prio=94
       deepPicar-3851  [000] ...1  1306.615692: tracing_mark_write: gid=1001: job_start
       deepPicar-3851  [000] d..3  1306.631329: rtg_try_acquire_lock: rtg_block: comm=tau_rt_1 rtgid=1002 tgid=3894 pid=3901 prio=94
       deepPicar-3854  [003] d..3  1306.631333: rtg_try_acquire_lock: rtg_block: comm=tau_rt_2 rtgid=1002 tgid=3897 pid=3902 prio=94
       deepPicar-3856  [005] d..3  1306.631374: rtg_try_acquire_lock: rtg_block: comm=tau_rt_4 rtgid=1002 tgid=3899 pid=3903 prio=94
       deepPicar-3864  [004] d..3  1306.631619: rtg_try_release_lock: rtg_release: comm=deepPicar rtgid=1001 tgid=3855 pid=3864 prio=93
          <idle>-0     [003] dn.3  1306.631622: rtg_try_acquire_lock: rtg_acquire: comm=tau_rt_2 rtgid=1002 tgid=3897 pid=3902 prio=94
       deepPicar-3864  [004] d..3  1306.631624: rtg_try_acquire_lock: rtg_preemptor: comm=deepPicar rtgid=1001 tgid=3855 pid=3855 prio=93
       deepPicar-3864  [004] d..3  1306.631625: rtg_try_acquire_lock: rtg_preemptee: comm=tau_rt_2 rtgid=1002 tgid=3897 pid=3902 prio=94
        tau_rt_1-3901  [000] dn.3  1306.631629: rtg_try_acquire_lock: rtg_block: comm=tau_rt_1 rtgid=1002 tgid=3894 pid=3901 prio=94
        tau_rt_2-3902  [003] dn.3  1306.631631: rtg_try_acquire_lock: rtg_block: comm=tau_rt_2 rtgid=1002 tgid=3897 pid=3902 prio=94
        tau_rt_4-3903  [005] dn.3  1306.631633: rtg_try_acquire_lock: rtg_block: comm=tau_rt_4 rtgid=1002 tgid=3899 pid=3903 prio=94
       deepPicar-3855  [004] d..3  1306.631723: rtg_try_release_lock: rtg_release: comm=deepPicar rtgid=1001 tgid=3855 pid=3855 prio=93
          <idle>-0     [003] dn.3  1306.631725: rtg_try_acquire_lock: rtg_acquire: comm=tau_rt_2 rtgid=1002 tgid=3897 pid=3902 prio=94
        tau_rt_2-3902  [003] d..3  1306.635921: rtg_try_release_lock: rtg_release: comm=tau_rt_2 rtgid=1002 tgid=3897 pid=3902 prio=94
          <idle>-0     [000] dn.3  1306.646852: rtg_try_acquire_lock: rtg_acquire: comm=tau_rt_1 rtgid=1002 tgid=3894 pid=3901 prio=94
        tau_rt_1-3901  [000] ...1  1306.646880: tracing_mark_write: gid=1002: job_start
        tau_rt_4-3903  [005] dn.3  1306.665660: rtg_try_acquire_lock: rtg_preemptor: comm=deepPicar rtgid=1001 tgid=3856 pid=3856 prio=93
        tau_rt_4-3903  [005] dn.3  1306.665663: rtg_try_acquire_lock: rtg_preemptee: comm=tau_rt_1 rtgid=1002 tgid=3894 pid=3901 prio=94
       deepPicar-3851  [000] ...1  1306.665691: tracing_mark_write: gid=1001: job_start
       deepPicar-3854  [003] d..3  1306.667031: rtg_try_release_lock: rtg_release: comm=deepPicar rtgid=1001 tgid=3854 pid=3854 prio=93
       deepPicar-3855  [004] d..3  1306.667035: rtg_try_acquire_lock: rtg_acquire: comm=deepPicar rtgid=1001 tgid=3855 pid=3891 prio=93
       deepPicar-3851  [000] d..3  1306.681321: rtg_try_acquire_lock: rtg_block: comm=tau_rt_1 rtgid=1002 tgid=3894 pid=3901 prio=94
       deepPicar-3854  [003] d..3  1306.681325: rtg_try_acquire_lock: rtg_block: comm=tau_rt_2 rtgid=1002 tgid=3897 pid=3902 prio=94
       deepPicar-3856  [005] d..3  1306.681404: rtg_try_acquire_lock: rtg_block: comm=tau_rt_4 rtgid=1002 tgid=3899 pid=3903 prio=94
       deepPicar-3864  [004] d..3  1306.681519: rtg_try_release_lock: rtg_release: comm=deepPicar rtgid=1001 tgid=3855 pid=3864 prio=93
          <idle>-0     [003] dn.3  1306.681522: rtg_try_acquire_lock: rtg_acquire: comm=tau_rt_2 rtgid=1002 tgid=3897 pid=3902 prio=94
       deepPicar-3864  [004] d..3  1306.681525: rtg_try_acquire_lock: rtg_preemptor: comm=deepPicar rtgid=1001 tgid=3855 pid=3855 prio=93
       deepPicar-3864  [004] d..3  1306.681526: rtg_try_acquire_lock: rtg_preemptee: comm=tau_rt_2 rtgid=1002 tgid=3897 pid=3902 prio=94
        tau_rt_1-3901  [000] dn.3  1306.681529: rtg_try_acquire_lock: rtg_block: comm=tau_rt_1 rtgid=1002 tgid=3894 pid=3901 prio=94
        tau_rt_2-3902  [003] dn.3  1306.681531: rtg_try_acquire_lock: rtg_block: comm=tau_rt_2 rtgid=1002 tgid=3897 pid=3902 prio=94
        tau_rt_4-3903  [005] dn.3  1306.681532: rtg_try_acquire_lock: rtg_block: comm=tau_rt_4 rtgid=1002 tgid=3899 pid=3903 prio=94
       deepPicar-3855  [004] d..3  1306.681615: rtg_try_release_lock: rtg_release: comm=deepPicar rtgid=1001 tgid=3855 pid=3855 prio=93
          <idle>-0     [000] dn.3  1306.681616: rtg_try_acquire_lock: rtg_acquire: comm=tau_rt_1 rtgid=1002 tgid=3894 pid=3901 prio=94
        tau_rt_2-3902  [003] d..3  1306.685790: rtg_try_release_lock: rtg_release: comm=tau_rt_2 rtgid=1002 tgid=3897 pid=3902 prio=94
          <idle>-0     [005] dn.3  1306.696852: rtg_try_acquire_lock: rtg_acquire: comm=tau_rt_4 rtgid=1002 tgid=3899 pid=3903 prio=94
        tau_rt_1-3901  [000] ...1  1306.696881: tracing_mark_write: gid=1002: job_start
        tau_rt_4-3903  [005] dn.3  1306.715659: rtg_try_acquire_lock: rtg_preemptor: comm=deepPicar rtgid=1001 tgid=3856 pid=3856 prio=93
        tau_rt_4-3903  [005] dn.3  1306.715661: rtg_try_acquire_lock: rtg_preemptee: comm=tau_rt_4 rtgid=1002 tgid=3899 pid=3903 prio=94
       deepPicar-3851  [000] ...1  1306.715689: tracing_mark_write: gid=1001: job_start
       deepPicar-3855  [004] d..3  1306.717036: rtg_try_release_lock: rtg_release: comm=deepPicar rtgid=1001 tgid=3855 pid=3855 prio=93
       deepPicar-3856  [005] d..3  1306.717040: rtg_try_acquire_lock: rtg_acquire: comm=deepPicar rtgid=1001 tgid=3856 pid=3877 prio=93
       deepPicar-3856  [005] d..3  1306.731538: rtg_try_acquire_lock: rtg_block: comm=tau_rt_4 rtgid=1002 tgid=3899 pid=3903 prio=94
       deepPicar-3854  [003] d..3  1306.731542: rtg_try_acquire_lock: rtg_block: comm=tau_rt_2 rtgid=1002 tgid=3897 pid=3902 prio=94
       deepPicar-3851  [000] d..3  1306.731545: rtg_try_acquire_lock: rtg_block: comm=tau_rt_1 rtgid=1002 tgid=3894 pid=3901 prio=94
       deepPicar-3864  [004] d..3  1306.731707: rtg_try_release_lock: rtg_release: comm=deepPicar rtgid=1001 tgid=3855 pid=3864 prio=93
          <idle>-0     [003] dn.3  1306.731710: rtg_try_acquire_lock: rtg_acquire: comm=tau_rt_2 rtgid=1002 tgid=3897 pid=3902 prio=94
       deepPicar-3864  [004] d..3  1306.731713: rtg_try_acquire_lock: rtg_preemptor: comm=deepPicar rtgid=1001 tgid=3855 pid=3855 prio=93
       deepPicar-3864  [004] d..3  1306.731714: rtg_try_acquire_lock: rtg_preemptee: comm=tau_rt_2 rtgid=1002 tgid=3897 pid=3902 prio=94
        tau_rt_1-3901  [000] dn.3  1306.731717: rtg_try_acquire_lock: rtg_block: comm=tau_rt_1 rtgid=1002 tgid=3894 pid=3901 prio=94
        tau_rt_2-3902  [003] dn.3  1306.731719: rtg_try_acquire_lock: rtg_block: comm=tau_rt_2 rtgid=1002 tgid=3897 pid=3902 prio=94
        tau_rt_4-3903  [005] dn.3  1306.731720: rtg_try_acquire_lock: rtg_block: comm=tau_rt_4 rtgid=1002 tgid=3899 pid=3903 prio=94
       deepPicar-3855  [004] d..3  1306.731808: rtg_try_release_lock: rtg_release: comm=deepPicar rtgid=1001 tgid=3855 pid=3855 prio=93
          <idle>-0     [003] dn.3  1306.731810: rtg_try_acquire_lock: rtg_acquire: comm=tau_rt_2 rtgid=1002 tgid=3897 pid=3902 prio=94
        tau_rt_2-3902  [003] d..3  1306.735935: rtg_try_release_lock: rtg_release: comm=tau_rt_2 rtgid=1002 tgid=3897 pid=3902 prio=94
          <idle>-0     [003] dn.3  1306.746851: rtg_try_acquire_lock: rtg_acquire: comm=tau_rt_2 rtgid=1002 tgid=3897 pid=3902 prio=94
        tau_rt_1-3901  [000] ...1  1306.746879: tracing_mark_write: gid=1002: job_start
        tau_rt_3-3900  [004] dn.3  1306.765660: rtg_try_acquire_lock: rtg_preemptor: comm=deepPicar rtgid=1001 tgid=3855 pid=3855 prio=93
        tau_rt_3-3900  [004] dn.3  1306.765662: rtg_try_acquire_lock: rtg_preemptee: comm=tau_rt_2 rtgid=1002 tgid=3897 pid=3902 prio=94
       deepPicar-3851  [000] ...1  1306.765691: tracing_mark_write: gid=1001: job_start
       deepPicar-3856  [005] d..3  1306.766990: rtg_try_release_lock: rtg_release: comm=deepPicar rtgid=1001 tgid=3856 pid=3856 prio=93
