       deepPicar-3708  [000] dn.3  1115.925637: rtg_try_acquire_lock: rtg_preemptor: comm=tau_rt_4 rtgid=1001 tgid=3663 pid=3670 prio=93
       deepPicar-3708  [000] dn.3  1115.925641: rtg_try_acquire_lock: rtg_preemptee: comm=deepPicar rtgid=1002 tgid=3698 pid=3708 prio=94
        tau_rt_3-3705  [004] dn.3  1115.925653: rtg_try_acquire_lock: rtg_block: comm=tau_rt_3 rtgid=1002 tgid=3702 pid=3705 prio=94
        tau_rt_2-3704  [003] dn.3  1115.925655: rtg_try_acquire_lock: rtg_block: comm=tau_rt_2 rtgid=1002 tgid=3701 pid=3704 prio=94
        tau_rt_4-3706  [005] dn.3  1115.925658: rtg_try_acquire_lock: rtg_block: comm=tau_rt_4 rtgid=1002 tgid=3703 pid=3706 prio=94
        tau_rt_4-3670  [000] ...1  1115.925679: tracing_mark_write: gid=1001: job_start
        tau_rt_4-3670  [000] d..3  1115.946830: rtg_try_acquire_lock: rtg_block: comm=deepPicar rtgid=1002 tgid=3698 pid=3708 prio=94
       deepPicar-3676  [005] d..3  1115.960679: rtg_try_release_lock: rtg_release: comm=deepPicar rtgid=1001 tgid=3668 pid=3676 prio=93
          <idle>-0     [000] dn.3  1115.960683: rtg_try_acquire_lock: rtg_acquire: comm=deepPicar rtgid=1002 tgid=3698 pid=3708 prio=94
       deepPicar-3676  [005] d..3  1115.960686: rtg_try_acquire_lock: rtg_preemptor: comm=deepPicar rtgid=1001 tgid=3668 pid=3668 prio=93
       deepPicar-3676  [005] d..3  1115.960687: rtg_try_acquire_lock: rtg_preemptee: comm=deepPicar rtgid=1002 tgid=3698 pid=3708 prio=94
       deepPicar-3708  [000] dn.3  1115.960690: rtg_try_acquire_lock: rtg_block: comm=deepPicar rtgid=1002 tgid=3698 pid=3708 prio=94
        tau_rt_2-3704  [003] dn.3  1115.960693: rtg_try_acquire_lock: rtg_block: comm=tau_rt_2 rtgid=1002 tgid=3701 pid=3704 prio=94
        tau_rt_3-3705  [004] dn.3  1115.960696: rtg_try_acquire_lock: rtg_block: comm=tau_rt_3 rtgid=1002 tgid=3702 pid=3705 prio=94
       deepPicar-3668  [005] d..3  1115.960794: rtg_try_release_lock: rtg_release: comm=deepPicar rtgid=1001 tgid=3668 pid=3668 prio=93
          <idle>-0     [000] dn.3  1115.960796: rtg_try_acquire_lock: rtg_acquire: comm=deepPicar rtgid=1002 tgid=3698 pid=3708 prio=94
       deepPicar-3698  [000] ...1  1115.966503: tracing_mark_write: gid=1002: job_start
       deepPicar-3708  [000] dn.3  1115.975639: rtg_try_acquire_lock: rtg_preemptor: comm=tau_rt_4 rtgid=1001 tgid=3663 pid=3670 prio=93
       deepPicar-3708  [000] dn.3  1115.975643: rtg_try_acquire_lock: rtg_preemptee: comm=deepPicar rtgid=1002 tgid=3698 pid=3708 prio=94
        tau_rt_2-3704  [003] dn.3  1115.975656: rtg_try_acquire_lock: rtg_block: comm=tau_rt_2 rtgid=1002 tgid=3701 pid=3704 prio=94
        tau_rt_3-3705  [004] dn.3  1115.975659: rtg_try_acquire_lock: rtg_block: comm=tau_rt_3 rtgid=1002 tgid=3702 pid=3705 prio=94
        tau_rt_4-3706  [005] dn.3  1115.975661: rtg_try_acquire_lock: rtg_block: comm=tau_rt_4 rtgid=1002 tgid=3703 pid=3706 prio=94
        tau_rt_4-3670  [000] ...1  1115.975685: tracing_mark_write: gid=1001: job_start
        tau_rt_4-3670  [000] d..3  1115.996584: rtg_try_acquire_lock: rtg_block: comm=deepPicar rtgid=1002 tgid=3698 pid=3708 prio=94
       deepPicar-3676  [005] d..3  1116.010624: rtg_try_release_lock: rtg_release: comm=deepPicar rtgid=1001 tgid=3668 pid=3676 prio=93
          <idle>-0     [003] dn.3  1116.010628: rtg_try_acquire_lock: rtg_acquire: comm=tau_rt_2 rtgid=1002 tgid=3701 pid=3704 prio=94
       deepPicar-3676  [005] d..3  1116.010632: rtg_try_acquire_lock: rtg_preemptor: comm=deepPicar rtgid=1001 tgid=3668 pid=3668 prio=93
       deepPicar-3676  [005] d..3  1116.010633: rtg_try_acquire_lock: rtg_preemptee: comm=tau_rt_2 rtgid=1002 tgid=3701 pid=3704 prio=94
        tau_rt_2-3704  [003] dn.3  1116.010637: rtg_try_acquire_lock: rtg_block: comm=tau_rt_2 rtgid=1002 tgid=3701 pid=3704 prio=94
       deepPicar-3708  [000] dn.3  1116.010638: rtg_try_acquire_lock: rtg_block: comm=deepPicar rtgid=1002 tgid=3698 pid=3708 prio=94
        tau_rt_3-3705  [004] dn.3  1116.010641: rtg_try_acquire_lock: rtg_block: comm=tau_rt_3 rtgid=1002 tgid=3702 pid=3705 prio=94
       deepPicar-3668  [005] d..3  1116.010738: rtg_try_release_lock: rtg_release: comm=deepPicar rtgid=1001 tgid=3668 pid=3668 prio=93
          <idle>-0     [000] dn.3  1116.010740: rtg_try_acquire_lock: rtg_acquire: comm=deepPicar rtgid=1002 tgid=3698 pid=3708 prio=94
       deepPicar-3708  [000] dn.3  1116.025616: rtg_try_acquire_lock: rtg_preemptor: comm=tau_rt_4 rtgid=1001 tgid=3663 pid=3670 prio=93
       deepPicar-3708  [000] dn.3  1116.025620: rtg_try_acquire_lock: rtg_preemptee: comm=deepPicar rtgid=1002 tgid=3698 pid=3708 prio=94
        tau_rt_2-3704  [003] dn.3  1116.025630: rtg_try_acquire_lock: rtg_block: comm=tau_rt_2 rtgid=1002 tgid=3701 pid=3704 prio=94
        tau_rt_3-3705  [004] dn.3  1116.025633: rtg_try_acquire_lock: rtg_block: comm=tau_rt_3 rtgid=1002 tgid=3702 pid=3705 prio=94
        tau_rt_4-3706  [005] dn.3  1116.025635: rtg_try_acquire_lock: rtg_block: comm=tau_rt_4 rtgid=1002 tgid=3703 pid=3706 prio=94
        tau_rt_4-3670  [000] ...1  1116.025654: tracing_mark_write: gid=1001: job_start
        tau_rt_4-3670  [000] d..3  1116.046527: rtg_try_acquire_lock: rtg_block: comm=deepPicar rtgid=1002 tgid=3698 pid=3708 prio=94
       deepPicar-3676  [005] d..3  1116.060827: rtg_try_release_lock: rtg_release: comm=deepPicar rtgid=1001 tgid=3668 pid=3676 prio=93
          <idle>-0     [004] dn.3  1116.060831: rtg_try_acquire_lock: rtg_acquire: comm=tau_rt_3 rtgid=1002 tgid=3702 pid=3705 prio=94
       deepPicar-3676  [005] d..3  1116.060834: rtg_try_acquire_lock: rtg_preemptor: comm=deepPicar rtgid=1001 tgid=3668 pid=3668 prio=93
       deepPicar-3676  [005] d..3  1116.060835: rtg_try_acquire_lock: rtg_preemptee: comm=tau_rt_3 rtgid=1002 tgid=3702 pid=3705 prio=94
       deepPicar-3708  [000] dn.3  1116.060839: rtg_try_acquire_lock: rtg_block: comm=deepPicar rtgid=1002 tgid=3698 pid=3708 prio=94
        tau_rt_2-3704  [003] dn.3  1116.060843: rtg_try_acquire_lock: rtg_block: comm=tau_rt_2 rtgid=1002 tgid=3701 pid=3704 prio=94
        tau_rt_3-3705  [004] dn.3  1116.060845: rtg_try_acquire_lock: rtg_block: comm=tau_rt_3 rtgid=1002 tgid=3702 pid=3705 prio=94
       deepPicar-3668  [005] d..3  1116.060941: rtg_try_release_lock: rtg_release: comm=deepPicar rtgid=1001 tgid=3668 pid=3668 prio=93
          <idle>-0     [000] dn.3  1116.060943: rtg_try_acquire_lock: rtg_acquire: comm=deepPicar rtgid=1002 tgid=3698 pid=3708 prio=94
       deepPicar-3698  [000] ...1  1116.070040: tracing_mark_write: gid=1002: job_start
       deepPicar-3708  [000] dn.3  1116.075640: rtg_try_acquire_lock: rtg_preemptor: comm=tau_rt_4 rtgid=1001 tgid=3663 pid=3670 prio=93
       deepPicar-3708  [000] dn.3  1116.075644: rtg_try_acquire_lock: rtg_preemptee: comm=deepPicar rtgid=1002 tgid=3698 pid=3708 prio=94
        tau_rt_2-3704  [003] dn.3  1116.075657: rtg_try_acquire_lock: rtg_block: comm=tau_rt_2 rtgid=1002 tgid=3701 pid=3704 prio=94
        tau_rt_3-3705  [004] dn.3  1116.075660: rtg_try_acquire_lock: rtg_block: comm=tau_rt_3 rtgid=1002 tgid=3702 pid=3705 prio=94
        tau_rt_4-3706  [005] dn.3  1116.075663: rtg_try_acquire_lock: rtg_block: comm=tau_rt_4 rtgid=1002 tgid=3703 pid=3706 prio=94
        tau_rt_4-3670  [000] ...1  1116.075685: tracing_mark_write: gid=1001: job_start
        tau_rt_4-3670  [000] d..3  1116.096691: rtg_try_acquire_lock: rtg_block: comm=deepPicar rtgid=1002 tgid=3698 pid=3708 prio=94
       deepPicar-3676  [005] d..3  1116.110802: rtg_try_release_lock: rtg_release: comm=deepPicar rtgid=1001 tgid=3668 pid=3676 prio=93
          <idle>-0     [000] dn.3  1116.110806: rtg_try_acquire_lock: rtg_acquire: comm=deepPicar rtgid=1002 tgid=3698 pid=3708 prio=94
       deepPicar-3676  [005] d..3  1116.110809: rtg_try_acquire_lock: rtg_preemptor: comm=deepPicar rtgid=1001 tgid=3668 pid=3668 prio=93
       deepPicar-3676  [005] d..3  1116.110809: rtg_try_acquire_lock: rtg_preemptee: comm=deepPicar rtgid=1002 tgid=3698 pid=3708 prio=94
       deepPicar-3708  [000] dn.3  1116.110813: rtg_try_acquire_lock: rtg_block: comm=deepPicar rtgid=1002 tgid=3698 pid=3708 prio=94
        tau_rt_2-3704  [003] dn.3  1116.110816: rtg_try_acquire_lock: rtg_block: comm=tau_rt_2 rtgid=1002 tgid=3701 pid=3704 prio=94
        tau_rt_3-3705  [004] dn.3  1116.110819: rtg_try_acquire_lock: rtg_block: comm=tau_rt_3 rtgid=1002 tgid=3702 pid=3705 prio=94
       deepPicar-3668  [005] d..3  1116.110917: rtg_try_release_lock: rtg_release: comm=deepPicar rtgid=1001 tgid=3668 pid=3668 prio=93
          <idle>-0     [000] dn.3  1116.110919: rtg_try_acquire_lock: rtg_acquire: comm=deepPicar rtgid=1002 tgid=3698 pid=3708 prio=94
       deepPicar-3708  [000] dn.3  1116.125620: rtg_try_acquire_lock: rtg_preemptor: comm=tau_rt_4 rtgid=1001 tgid=3663 pid=3670 prio=93
       deepPicar-3708  [000] dn.3  1116.125625: rtg_try_acquire_lock: rtg_preemptee: comm=deepPicar rtgid=1002 tgid=3698 pid=3708 prio=94
        tau_rt_2-3704  [003] dn.3  1116.125637: rtg_try_acquire_lock: rtg_block: comm=tau_rt_2 rtgid=1002 tgid=3701 pid=3704 prio=94
        tau_rt_3-3705  [004] dn.3  1116.125639: rtg_try_acquire_lock: rtg_block: comm=tau_rt_3 rtgid=1002 tgid=3702 pid=3705 prio=94
        tau_rt_4-3706  [005] dn.3  1116.125642: rtg_try_acquire_lock: rtg_block: comm=tau_rt_4 rtgid=1002 tgid=3703 pid=3706 prio=94
        tau_rt_4-3670  [000] ...1  1116.125665: tracing_mark_write: gid=1001: job_start
        tau_rt_4-3670  [000] d..3  1116.146590: rtg_try_acquire_lock: rtg_block: comm=deepPicar rtgid=1002 tgid=3698 pid=3708 prio=94
       deepPicar-3676  [005] dn.3  1116.159984: rtg_try_release_lock: rtg_release: comm=deepPicar rtgid=1001 tgid=3668 pid=3676 prio=93
          <idle>-0     [003] dn.3  1116.159988: rtg_try_acquire_lock: rtg_acquire: comm=tau_rt_2 rtgid=1002 tgid=3701 pid=3704 prio=94
      watchdog/5-32    [005] d..3  1116.159994: rtg_try_acquire_lock: rtg_preemptor: comm=deepPicar rtgid=1001 tgid=3668 pid=3676 prio=93
      watchdog/5-32    [005] d..3  1116.159995: rtg_try_acquire_lock: rtg_preemptee: comm=tau_rt_2 rtgid=1002 tgid=3701 pid=3704 prio=94
       deepPicar-3708  [000] dn.3  1116.159999: rtg_try_acquire_lock: rtg_block: comm=deepPicar rtgid=1002 tgid=3698 pid=3708 prio=94
        tau_rt_2-3704  [003] dn.3  1116.160001: rtg_try_acquire_lock: rtg_block: comm=tau_rt_2 rtgid=1002 tgid=3701 pid=3704 prio=94
        tau_rt_3-3705  [004] dn.3  1116.160004: rtg_try_acquire_lock: rtg_block: comm=tau_rt_3 rtgid=1002 tgid=3702 pid=3705 prio=94
       deepPicar-3676  [005] d..3  1116.160648: rtg_try_release_lock: rtg_release: comm=deepPicar rtgid=1001 tgid=3668 pid=3676 prio=93
          <idle>-0     [004] dn.3  1116.160650: rtg_try_acquire_lock: rtg_acquire: comm=tau_rt_3 rtgid=1002 tgid=3702 pid=3705 prio=94
       deepPicar-3676  [005] d..3  1116.160654: rtg_try_acquire_lock: rtg_preemptor: comm=deepPicar rtgid=1001 tgid=3668 pid=3668 prio=93
       deepPicar-3676  [005] d..3  1116.160654: rtg_try_acquire_lock: rtg_preemptee: comm=tau_rt_3 rtgid=1002 tgid=3702 pid=3705 prio=94
       deepPicar-3708  [000] dn.3  1116.160657: rtg_try_acquire_lock: rtg_block: comm=deepPicar rtgid=1002 tgid=3698 pid=3708 prio=94
        tau_rt_2-3704  [003] dn.3  1116.160659: rtg_try_acquire_lock: rtg_block: comm=tau_rt_2 rtgid=1002 tgid=3701 pid=3704 prio=94
        tau_rt_3-3705  [004] dn.3  1116.160660: rtg_try_acquire_lock: rtg_block: comm=tau_rt_3 rtgid=1002 tgid=3702 pid=3705 prio=94
       deepPicar-3668  [005] d..3  1116.160759: rtg_try_release_lock: rtg_release: comm=deepPicar rtgid=1001 tgid=3668 pid=3668 prio=93
          <idle>-0     [000] dn.3  1116.160761: rtg_try_acquire_lock: rtg_acquire: comm=deepPicar rtgid=1002 tgid=3698 pid=3708 prio=94
       deepPicar-3698  [000] ...1  1116.173773: tracing_mark_write: gid=1002: job_start
       deepPicar-3698  [000] dn.3  1116.175642: rtg_try_acquire_lock: rtg_preemptor: comm=tau_rt_4 rtgid=1001 tgid=3663 pid=3670 prio=93
       deepPicar-3698  [000] dn.3  1116.175647: rtg_try_acquire_lock: rtg_preemptee: comm=deepPicar rtgid=1002 tgid=3698 pid=3708 prio=94
        tau_rt_2-3704  [003] dn.3  1116.175660: rtg_try_acquire_lock: rtg_block: comm=tau_rt_2 rtgid=1002 tgid=3701 pid=3704 prio=94
        tau_rt_3-3705  [004] dn.3  1116.175662: rtg_try_acquire_lock: rtg_block: comm=tau_rt_3 rtgid=1002 tgid=3702 pid=3705 prio=94
        tau_rt_4-3706  [005] dn.3  1116.175665: rtg_try_acquire_lock: rtg_block: comm=tau_rt_4 rtgid=1002 tgid=3703 pid=3706 prio=94
        tau_rt_4-3670  [000] ...1  1116.175690: tracing_mark_write: gid=1001: job_start
        tau_rt_4-3670  [000] d..3  1116.196627: rtg_try_acquire_lock: rtg_block: comm=deepPicar rtgid=1002 tgid=3698 pid=3698 prio=94
       deepPicar-3676  [005] d..3  1116.210642: rtg_try_release_lock: rtg_release: comm=deepPicar rtgid=1001 tgid=3668 pid=3676 prio=93
          <idle>-0     [000] dn.3  1116.210646: rtg_try_acquire_lock: rtg_acquire: comm=deepPicar rtgid=1002 tgid=3698 pid=3698 prio=94
       deepPicar-3676  [005] d..3  1116.210648: rtg_try_acquire_lock: rtg_preemptor: comm=deepPicar rtgid=1001 tgid=3668 pid=3668 prio=93
       deepPicar-3676  [005] d..3  1116.210649: rtg_try_acquire_lock: rtg_preemptee: comm=deepPicar rtgid=1002 tgid=3698 pid=3698 prio=94
       deepPicar-3698  [000] dn.3  1116.210654: rtg_try_acquire_lock: rtg_block: comm=deepPicar rtgid=1002 tgid=3698 pid=3698 prio=94
        tau_rt_2-3704  [003] dn.3  1116.210656: rtg_try_acquire_lock: rtg_block: comm=tau_rt_2 rtgid=1002 tgid=3701 pid=3704 prio=94
        tau_rt_3-3705  [004] dn.3  1116.210659: rtg_try_acquire_lock: rtg_block: comm=tau_rt_3 rtgid=1002 tgid=3702 pid=3705 prio=94
       deepPicar-3668  [005] d..3  1116.210754: rtg_try_release_lock: rtg_release: comm=deepPicar rtgid=1001 tgid=3668 pid=3668 prio=93
          <idle>-0     [000] dn.3  1116.210756: rtg_try_acquire_lock: rtg_acquire: comm=deepPicar rtgid=1002 tgid=3698 pid=3698 prio=94
       deepPicar-3708  [000] dn.3  1116.225624: rtg_try_acquire_lock: rtg_preemptor: comm=tau_rt_4 rtgid=1001 tgid=3663 pid=3670 prio=93
       deepPicar-3708  [000] dn.3  1116.225629: rtg_try_acquire_lock: rtg_preemptee: comm=deepPicar rtgid=1002 tgid=3698 pid=3698 prio=94
        tau_rt_2-3704  [003] dn.3  1116.225640: rtg_try_acquire_lock: rtg_block: comm=tau_rt_2 rtgid=1002 tgid=3701 pid=3704 prio=94
        tau_rt_3-3705  [004] dn.3  1116.225642: rtg_try_acquire_lock: rtg_block: comm=tau_rt_3 rtgid=1002 tgid=3702 pid=3705 prio=94
        tau_rt_4-3706  [005] dn.3  1116.225645: rtg_try_acquire_lock: rtg_block: comm=tau_rt_4 rtgid=1002 tgid=3703 pid=3706 prio=94
        tau_rt_4-3670  [000] ...1  1116.225668: tracing_mark_write: gid=1001: job_start
        tau_rt_4-3670  [000] d..3  1116.246660: rtg_try_acquire_lock: rtg_block: comm=deepPicar rtgid=1002 tgid=3698 pid=3708 prio=94
       deepPicar-3676  [005] d..3  1116.260818: rtg_try_release_lock: rtg_release: comm=deepPicar rtgid=1001 tgid=3668 pid=3676 prio=93
          <idle>-0     [003] dn.3  1116.260822: rtg_try_acquire_lock: rtg_acquire: comm=tau_rt_2 rtgid=1002 tgid=3701 pid=3704 prio=94
       deepPicar-3676  [005] d..3  1116.260826: rtg_try_acquire_lock: rtg_preemptor: comm=deepPicar rtgid=1001 tgid=3668 pid=3668 prio=93
       deepPicar-3676  [005] d..3  1116.260827: rtg_try_acquire_lock: rtg_preemptee: comm=tau_rt_2 rtgid=1002 tgid=3701 pid=3704 prio=94
       deepPicar-3708  [000] dn.3  1116.260831: rtg_try_acquire_lock: rtg_block: comm=deepPicar rtgid=1002 tgid=3698 pid=3708 prio=94
        tau_rt_2-3704  [003] dn.3  1116.260833: rtg_try_acquire_lock: rtg_block: comm=tau_rt_2 rtgid=1002 tgid=3701 pid=3704 prio=94
        tau_rt_3-3705  [004] dn.3  1116.260836: rtg_try_acquire_lock: rtg_block: comm=tau_rt_3 rtgid=1002 tgid=3702 pid=3705 prio=94
       deepPicar-3668  [005] d..3  1116.260935: rtg_try_release_lock: rtg_release: comm=deepPicar rtgid=1001 tgid=3668 pid=3668 prio=93
          <idle>-0     [000] dn.3  1116.260937: rtg_try_acquire_lock: rtg_acquire: comm=deepPicar rtgid=1002 tgid=3698 pid=3708 prio=94
       deepPicar-3708  [000] dn.3  1116.275636: rtg_try_acquire_lock: rtg_preemptor: comm=tau_rt_4 rtgid=1001 tgid=3663 pid=3670 prio=93
       deepPicar-3708  [000] dn.3  1116.275640: rtg_try_acquire_lock: rtg_preemptee: comm=deepPicar rtgid=1002 tgid=3698 pid=3708 prio=94
        tau_rt_3-3705  [004] dn.3  1116.275652: rtg_try_acquire_lock: rtg_block: comm=tau_rt_3 rtgid=1002 tgid=3702 pid=3705 prio=94
        tau_rt_2-3704  [003] dn.3  1116.275654: rtg_try_acquire_lock: rtg_block: comm=tau_rt_2 rtgid=1002 tgid=3701 pid=3704 prio=94
        tau_rt_4-3706  [005] dn.3  1116.275657: rtg_try_acquire_lock: rtg_block: comm=tau_rt_4 rtgid=1002 tgid=3703 pid=3706 prio=94
        tau_rt_4-3670  [000] ...1  1116.275680: tracing_mark_write: gid=1001: job_start
        tau_rt_4-3670  [000] d..3  1116.296708: rtg_try_acquire_lock: rtg_block: comm=deepPicar rtgid=1002 tgid=3698 pid=3708 prio=94
       deepPicar-3676  [005] d..3  1116.310701: rtg_try_release_lock: rtg_release: comm=deepPicar rtgid=1001 tgid=3668 pid=3676 prio=93
          <idle>-0     [004] dn.3  1116.310705: rtg_try_acquire_lock: rtg_acquire: comm=tau_rt_3 rtgid=1002 tgid=3702 pid=3705 prio=94
       deepPicar-3676  [005] d..3  1116.310709: rtg_try_acquire_lock: rtg_preemptor: comm=deepPicar rtgid=1001 tgid=3668 pid=3668 prio=93
       deepPicar-3676  [005] d..3  1116.310710: rtg_try_acquire_lock: rtg_preemptee: comm=tau_rt_3 rtgid=1002 tgid=3702 pid=3705 prio=94
       deepPicar-3708  [000] dn.3  1116.310713: rtg_try_acquire_lock: rtg_block: comm=deepPicar rtgid=1002 tgid=3698 pid=3708 prio=94
        tau_rt_2-3704  [003] dn.3  1116.310716: rtg_try_acquire_lock: rtg_block: comm=tau_rt_2 rtgid=1002 tgid=3701 pid=3704 prio=94
        tau_rt_3-3705  [004] dn.3  1116.310718: rtg_try_acquire_lock: rtg_block: comm=tau_rt_3 rtgid=1002 tgid=3702 pid=3705 prio=94
       deepPicar-3668  [005] d..3  1116.310821: rtg_try_release_lock: rtg_release: comm=deepPicar rtgid=1001 tgid=3668 pid=3668 prio=93
          <idle>-0     [000] dn.3  1116.310823: rtg_try_acquire_lock: rtg_acquire: comm=deepPicar rtgid=1002 tgid=3698 pid=3708 prio=94
       deepPicar-3698  [000] ...1  1116.312892: tracing_mark_write: gid=1002: job_start
       deepPicar-3708  [000] dn.3  1116.325622: rtg_try_acquire_lock: rtg_preemptor: comm=tau_rt_4 rtgid=1001 tgid=3663 pid=3670 prio=93
       deepPicar-3708  [000] dn.3  1116.325627: rtg_try_acquire_lock: rtg_preemptee: comm=deepPicar rtgid=1002 tgid=3698 pid=3708 prio=94
        tau_rt_2-3704  [003] dn.3  1116.325639: rtg_try_acquire_lock: rtg_block: comm=tau_rt_2 rtgid=1002 tgid=3701 pid=3704 prio=94
        tau_rt_3-3705  [004] dn.3  1116.325641: rtg_try_acquire_lock: rtg_block: comm=tau_rt_3 rtgid=1002 tgid=3702 pid=3705 prio=94
        tau_rt_4-3706  [005] dn.3  1116.325645: rtg_try_acquire_lock: rtg_block: comm=tau_rt_4 rtgid=1002 tgid=3703 pid=3706 prio=94
        tau_rt_4-3670  [000] ...1  1116.325667: tracing_mark_write: gid=1001: job_start
        tau_rt_4-3670  [000] d..3  1116.346717: rtg_try_acquire_lock: rtg_block: comm=deepPicar rtgid=1002 tgid=3698 pid=3708 prio=94
       deepPicar-3676  [005] d..3  1116.360638: rtg_try_release_lock: rtg_release: comm=deepPicar rtgid=1001 tgid=3668 pid=3676 prio=93
          <idle>-0     [000] dn.3  1116.360641: rtg_try_acquire_lock: rtg_acquire: comm=deepPicar rtgid=1002 tgid=3698 pid=3708 prio=94
       deepPicar-3676  [005] d..3  1116.360644: rtg_try_acquire_lock: rtg_preemptor: comm=deepPicar rtgid=1001 tgid=3668 pid=3668 prio=93
       deepPicar-3676  [005] d..3  1116.360645: rtg_try_acquire_lock: rtg_preemptee: comm=deepPicar rtgid=1002 tgid=3698 pid=3708 prio=94
       deepPicar-3708  [000] dn.3  1116.360648: rtg_try_acquire_lock: rtg_block: comm=deepPicar rtgid=1002 tgid=3698 pid=3708 prio=94
        tau_rt_2-3704  [003] dn.3  1116.360651: rtg_try_acquire_lock: rtg_block: comm=tau_rt_2 rtgid=1002 tgid=3701 pid=3704 prio=94
        tau_rt_3-3705  [004] dn.3  1116.360654: rtg_try_acquire_lock: rtg_block: comm=tau_rt_3 rtgid=1002 tgid=3702 pid=3705 prio=94
       deepPicar-3668  [005] d..3  1116.360754: rtg_try_release_lock: rtg_release: comm=deepPicar rtgid=1001 tgid=3668 pid=3668 prio=93
          <idle>-0     [000] dn.3  1116.360756: rtg_try_acquire_lock: rtg_acquire: comm=deepPicar rtgid=1002 tgid=3698 pid=3708 prio=94
       deepPicar-3708  [000] dn.3  1116.375638: rtg_try_acquire_lock: rtg_preemptor: comm=tau_rt_4 rtgid=1001 tgid=3663 pid=3670 prio=93
       deepPicar-3708  [000] dn.3  1116.375642: rtg_try_acquire_lock: rtg_preemptee: comm=deepPicar rtgid=1002 tgid=3698 pid=3708 prio=94
        tau_rt_2-3704  [003] dn.3  1116.375654: rtg_try_acquire_lock: rtg_block: comm=tau_rt_2 rtgid=1002 tgid=3701 pid=3704 prio=94
        tau_rt_3-3705  [004] dn.3  1116.375657: rtg_try_acquire_lock: rtg_block: comm=tau_rt_3 rtgid=1002 tgid=3702 pid=3705 prio=94
        tau_rt_4-3706  [005] dn.3  1116.375660: rtg_try_acquire_lock: rtg_block: comm=tau_rt_4 rtgid=1002 tgid=3703 pid=3706 prio=94
        tau_rt_4-3670  [000] ...1  1116.375681: tracing_mark_write: gid=1001: job_start
        tau_rt_4-3670  [000] d..3  1116.396672: rtg_try_acquire_lock: rtg_block: comm=deepPicar rtgid=1002 tgid=3698 pid=3708 prio=94
       deepPicar-3676  [005] d..3  1116.410667: rtg_try_release_lock: rtg_release: comm=deepPicar rtgid=1001 tgid=3668 pid=3676 prio=93
          <idle>-0     [004] dn.3  1116.410671: rtg_try_acquire_lock: rtg_acquire: comm=tau_rt_3 rtgid=1002 tgid=3702 pid=3705 prio=94
       deepPicar-3676  [005] d..3  1116.410675: rtg_try_acquire_lock: rtg_preemptor: comm=deepPicar rtgid=1001 tgid=3668 pid=3668 prio=93
       deepPicar-3676  [005] d..3  1116.410676: rtg_try_acquire_lock: rtg_preemptee: comm=tau_rt_3 rtgid=1002 tgid=3702 pid=3705 prio=94
       deepPicar-3708  [000] dn.3  1116.410679: rtg_try_acquire_lock: rtg_block: comm=deepPicar rtgid=1002 tgid=3698 pid=3708 prio=94
        tau_rt_2-3704  [003] dn.3  1116.410682: rtg_try_acquire_lock: rtg_block: comm=tau_rt_2 rtgid=1002 tgid=3701 pid=3704 prio=94
        tau_rt_3-3705  [004] dn.3  1116.410685: rtg_try_acquire_lock: rtg_block: comm=tau_rt_3 rtgid=1002 tgid=3702 pid=3705 prio=94
       deepPicar-3668  [005] d..3  1116.410786: rtg_try_release_lock: rtg_release: comm=deepPicar rtgid=1001 tgid=3668 pid=3668 prio=93
          <idle>-0     [003] dn.3  1116.410788: rtg_try_acquire_lock: rtg_acquire: comm=tau_rt_2 rtgid=1002 tgid=3701 pid=3704 prio=94
       deepPicar-3698  [000] ...1  1116.416471: tracing_mark_write: gid=1002: job_start
       deepPicar-3708  [000] dn.3  1116.425636: rtg_try_acquire_lock: rtg_preemptor: comm=tau_rt_4 rtgid=1001 tgid=3663 pid=3670 prio=93
       deepPicar-3708  [000] dn.3  1116.425641: rtg_try_acquire_lock: rtg_preemptee: comm=tau_rt_2 rtgid=1002 tgid=3701 pid=3704 prio=94
        tau_rt_2-3704  [003] dn.3  1116.425651: rtg_try_acquire_lock: rtg_block: comm=tau_rt_2 rtgid=1002 tgid=3701 pid=3704 prio=94
        tau_rt_3-3705  [004] dn.3  1116.425654: rtg_try_acquire_lock: rtg_block: comm=tau_rt_3 rtgid=1002 tgid=3702 pid=3705 prio=94
        tau_rt_4-3706  [005] dn.3  1116.425657: rtg_try_acquire_lock: rtg_block: comm=tau_rt_4 rtgid=1002 tgid=3703 pid=3706 prio=94
        tau_rt_4-3670  [000] ...1  1116.425680: tracing_mark_write: gid=1001: job_start
        tau_rt_4-3670  [000] d..3  1116.446514: rtg_try_acquire_lock: rtg_block: comm=deepPicar rtgid=1002 tgid=3698 pid=3708 prio=94
       deepPicar-3676  [005] d..3  1116.460725: rtg_try_release_lock: rtg_release: comm=deepPicar rtgid=1001 tgid=3668 pid=3676 prio=93
          <idle>-0     [004] dn.3  1116.460729: rtg_try_acquire_lock: rtg_acquire: comm=tau_rt_3 rtgid=1002 tgid=3702 pid=3705 prio=94
       deepPicar-3676  [005] d..3  1116.460733: rtg_try_acquire_lock: rtg_preemptor: comm=deepPicar rtgid=1001 tgid=3668 pid=3668 prio=93
       deepPicar-3676  [005] d..3  1116.460734: rtg_try_acquire_lock: rtg_preemptee: comm=tau_rt_3 rtgid=1002 tgid=3702 pid=3705 prio=94
       deepPicar-3708  [000] dn.3  1116.460737: rtg_try_acquire_lock: rtg_block: comm=deepPicar rtgid=1002 tgid=3698 pid=3708 prio=94
        tau_rt_2-3704  [003] dn.3  1116.460740: rtg_try_acquire_lock: rtg_block: comm=tau_rt_2 rtgid=1002 tgid=3701 pid=3704 prio=94
        tau_rt_3-3705  [004] dn.3  1116.460742: rtg_try_acquire_lock: rtg_block: comm=tau_rt_3 rtgid=1002 tgid=3702 pid=3705 prio=94
       deepPicar-3668  [005] d..3  1116.460843: rtg_try_release_lock: rtg_release: comm=deepPicar rtgid=1001 tgid=3668 pid=3668 prio=93
          <idle>-0     [000] dn.3  1116.460845: rtg_try_acquire_lock: rtg_acquire: comm=deepPicar rtgid=1002 tgid=3698 pid=3708 prio=94
       deepPicar-3708  [000] dn.3  1116.475615: rtg_try_acquire_lock: rtg_preemptor: comm=tau_rt_4 rtgid=1001 tgid=3663 pid=3670 prio=93
       deepPicar-3708  [000] dn.3  1116.475619: rtg_try_acquire_lock: rtg_preemptee: comm=deepPicar rtgid=1002 tgid=3698 pid=3708 prio=94
        tau_rt_2-3704  [003] dn.3  1116.475632: rtg_try_acquire_lock: rtg_block: comm=tau_rt_2 rtgid=1002 tgid=3701 pid=3704 prio=94
        tau_rt_4-3706  [005] dn.3  1116.475634: rtg_try_acquire_lock: rtg_block: comm=tau_rt_4 rtgid=1002 tgid=3703 pid=3706 prio=94
        tau_rt_3-3705  [004] dn.3  1116.475638: rtg_try_acquire_lock: rtg_block: comm=tau_rt_3 rtgid=1002 tgid=3702 pid=3705 prio=94
        tau_rt_4-3670  [000] ...1  1116.475655: tracing_mark_write: gid=1001: job_start
        tau_rt_4-3670  [000] d..3  1116.496634: rtg_try_acquire_lock: rtg_block: comm=deepPicar rtgid=1002 tgid=3698 pid=3708 prio=94
       deepPicar-3676  [005] d..3  1116.510640: rtg_try_release_lock: rtg_release: comm=deepPicar rtgid=1001 tgid=3668 pid=3676 prio=93
          <idle>-0     [004] dn.3  1116.510644: rtg_try_acquire_lock: rtg_acquire: comm=tau_rt_3 rtgid=1002 tgid=3702 pid=3705 prio=94
       deepPicar-3676  [005] d..3  1116.510648: rtg_try_acquire_lock: rtg_preemptor: comm=deepPicar rtgid=1001 tgid=3668 pid=3668 prio=93
       deepPicar-3676  [005] d..3  1116.510649: rtg_try_acquire_lock: rtg_preemptee: comm=tau_rt_3 rtgid=1002 tgid=3702 pid=3705 prio=94
       deepPicar-3708  [000] dn.3  1116.510653: rtg_try_acquire_lock: rtg_block: comm=deepPicar rtgid=1002 tgid=3698 pid=3708 prio=94
        tau_rt_2-3704  [003] dn.3  1116.510656: rtg_try_acquire_lock: rtg_block: comm=tau_rt_2 rtgid=1002 tgid=3701 pid=3704 prio=94
        tau_rt_3-3705  [004] dn.3  1116.510658: rtg_try_acquire_lock: rtg_block: comm=tau_rt_3 rtgid=1002 tgid=3702 pid=3705 prio=94
       deepPicar-3668  [005] d..3  1116.510756: rtg_try_release_lock: rtg_release: comm=deepPicar rtgid=1001 tgid=3668 pid=3668 prio=93
          <idle>-0     [004] dn.3  1116.510757: rtg_try_acquire_lock: rtg_acquire: comm=tau_rt_3 rtgid=1002 tgid=3702 pid=3705 prio=94
       deepPicar-3698  [000] ...1  1116.519861: tracing_mark_write: gid=1002: job_start
       deepPicar-3708  [000] dn.3  1116.525623: rtg_try_acquire_lock: rtg_preemptor: comm=tau_rt_4 rtgid=1001 tgid=3663 pid=3670 prio=93
       deepPicar-3708  [000] dn.3  1116.525628: rtg_try_acquire_lock: rtg_preemptee: comm=tau_rt_3 rtgid=1002 tgid=3702 pid=3705 prio=94
        tau_rt_2-3704  [003] dn.3  1116.525641: rtg_try_acquire_lock: rtg_block: comm=tau_rt_2 rtgid=1002 tgid=3701 pid=3704 prio=94
        tau_rt_3-3705  [004] dn.3  1116.525643: rtg_try_acquire_lock: rtg_block: comm=tau_rt_3 rtgid=1002 tgid=3702 pid=3705 prio=94
        tau_rt_4-3706  [005] dn.3  1116.525646: rtg_try_acquire_lock: rtg_block: comm=tau_rt_4 rtgid=1002 tgid=3703 pid=3706 prio=94
        tau_rt_4-3670  [000] ...1  1116.525669: tracing_mark_write: gid=1001: job_start
        tau_rt_4-3670  [000] d..3  1116.546708: rtg_try_acquire_lock: rtg_block: comm=deepPicar rtgid=1002 tgid=3698 pid=3708 prio=94
       deepPicar-3676  [005] d..3  1116.560991: rtg_try_release_lock: rtg_release: comm=deepPicar rtgid=1001 tgid=3668 pid=3676 prio=93
          <idle>-0     [000] dn.3  1116.560994: rtg_try_acquire_lock: rtg_acquire: comm=deepPicar rtgid=1002 tgid=3698 pid=3708 prio=94
       deepPicar-3676  [005] d..3  1116.560997: rtg_try_acquire_lock: rtg_preemptor: comm=deepPicar rtgid=1001 tgid=3668 pid=3668 prio=93
       deepPicar-3676  [005] d..3  1116.560998: rtg_try_acquire_lock: rtg_preemptee: comm=deepPicar rtgid=1002 tgid=3698 pid=3708 prio=94
       deepPicar-3708  [000] dn.3  1116.561002: rtg_try_acquire_lock: rtg_block: comm=deepPicar rtgid=1002 tgid=3698 pid=3708 prio=94
        tau_rt_2-3704  [003] dn.3  1116.561004: rtg_try_acquire_lock: rtg_block: comm=tau_rt_2 rtgid=1002 tgid=3701 pid=3704 prio=94
        tau_rt_3-3705  [004] dn.3  1116.561008: rtg_try_acquire_lock: rtg_block: comm=tau_rt_3 rtgid=1002 tgid=3702 pid=3705 prio=94
       deepPicar-3668  [005] d..3  1116.561112: rtg_try_release_lock: rtg_release: comm=deepPicar rtgid=1001 tgid=3668 pid=3668 prio=93
          <idle>-0     [003] dn.3  1116.561115: rtg_try_acquire_lock: rtg_acquire: comm=tau_rt_2 rtgid=1002 tgid=3701 pid=3704 prio=94
       deepPicar-3708  [000] dn.3  1116.575620: rtg_try_acquire_lock: rtg_preemptor: comm=tau_rt_4 rtgid=1001 tgid=3663 pid=3670 prio=93
       deepPicar-3708  [000] dn.3  1116.575625: rtg_try_acquire_lock: rtg_preemptee: comm=tau_rt_2 rtgid=1002 tgid=3701 pid=3704 prio=94
        tau_rt_2-3704  [003] dn.3  1116.575636: rtg_try_acquire_lock: rtg_block: comm=tau_rt_2 rtgid=1002 tgid=3701 pid=3704 prio=94
        tau_rt_3-3705  [004] dn.3  1116.575639: rtg_try_acquire_lock: rtg_block: comm=tau_rt_3 rtgid=1002 tgid=3702 pid=3705 prio=94
        tau_rt_4-3706  [005] dn.3  1116.575641: rtg_try_acquire_lock: rtg_block: comm=tau_rt_4 rtgid=1002 tgid=3703 pid=3706 prio=94
        tau_rt_4-3670  [000] ...1  1116.575663: tracing_mark_write: gid=1001: job_start
        tau_rt_4-3670  [000] d..3  1116.596634: rtg_try_acquire_lock: rtg_block: comm=deepPicar rtgid=1002 tgid=3698 pid=3708 prio=94
       deepPicar-3676  [005] d..3  1116.610589: rtg_try_release_lock: rtg_release: comm=deepPicar rtgid=1001 tgid=3668 pid=3676 prio=93
          <idle>-0     [000] dn.3  1116.610592: rtg_try_acquire_lock: rtg_acquire: comm=deepPicar rtgid=1002 tgid=3698 pid=3708 prio=94
       deepPicar-3676  [005] d..3  1116.610595: rtg_try_acquire_lock: rtg_preemptor: comm=deepPicar rtgid=1001 tgid=3668 pid=3668 prio=93
       deepPicar-3676  [005] d..3  1116.610596: rtg_try_acquire_lock: rtg_preemptee: comm=deepPicar rtgid=1002 tgid=3698 pid=3708 prio=94
       deepPicar-3708  [000] dn.3  1116.610600: rtg_try_acquire_lock: rtg_block: comm=deepPicar rtgid=1002 tgid=3698 pid=3708 prio=94
        tau_rt_2-3704  [003] dn.3  1116.610602: rtg_try_acquire_lock: rtg_block: comm=tau_rt_2 rtgid=1002 tgid=3701 pid=3704 prio=94
        tau_rt_3-3705  [004] dn.3  1116.610605: rtg_try_acquire_lock: rtg_block: comm=tau_rt_3 rtgid=1002 tgid=3702 pid=3705 prio=94
       deepPicar-3668  [005] d..3  1116.610705: rtg_try_release_lock: rtg_release: comm=deepPicar rtgid=1001 tgid=3668 pid=3668 prio=93
          <idle>-0     [000] dn.3  1116.610706: rtg_try_acquire_lock: rtg_acquire: comm=deepPicar rtgid=1002 tgid=3698 pid=3708 prio=94
       deepPicar-3698  [000] ...1  1116.623655: tracing_mark_write: gid=1002: job_start
       deepPicar-3698  [000] dn.3  1116.625641: rtg_try_acquire_lock: rtg_preemptor: comm=tau_rt_4 rtgid=1001 tgid=3663 pid=3670 prio=93
       deepPicar-3698  [000] dn.3  1116.625645: rtg_try_acquire_lock: rtg_preemptee: comm=deepPicar rtgid=1002 tgid=3698 pid=3708 prio=94
        tau_rt_3-3705  [004] dn.3  1116.625657: rtg_try_acquire_lock: rtg_block: comm=tau_rt_3 rtgid=1002 tgid=3702 pid=3705 prio=94
        tau_rt_2-3704  [003] dn.3  1116.625660: rtg_try_acquire_lock: rtg_block: comm=tau_rt_2 rtgid=1002 tgid=3701 pid=3704 prio=94
        tau_rt_4-3706  [005] dn.3  1116.625662: rtg_try_acquire_lock: rtg_block: comm=tau_rt_4 rtgid=1002 tgid=3703 pid=3706 prio=94
        tau_rt_4-3670  [000] ...1  1116.625684: tracing_mark_write: gid=1001: job_start
        tau_rt_4-3670  [000] d..3  1116.646778: rtg_try_acquire_lock: rtg_block: comm=deepPicar rtgid=1002 tgid=3698 pid=3698 prio=94
       deepPicar-3676  [005] d..3  1116.660775: rtg_try_release_lock: rtg_release: comm=deepPicar rtgid=1001 tgid=3668 pid=3676 prio=93
          <idle>-0     [000] dn.3  1116.660778: rtg_try_acquire_lock: rtg_acquire: comm=deepPicar rtgid=1002 tgid=3698 pid=3698 prio=94
       deepPicar-3676  [005] d..3  1116.660781: rtg_try_acquire_lock: rtg_preemptor: comm=deepPicar rtgid=1001 tgid=3668 pid=3668 prio=93
       deepPicar-3676  [005] d..3  1116.660782: rtg_try_acquire_lock: rtg_preemptee: comm=deepPicar rtgid=1002 tgid=3698 pid=3698 prio=94
       deepPicar-3698  [000] dn.3  1116.660785: rtg_try_acquire_lock: rtg_block: comm=deepPicar rtgid=1002 tgid=3698 pid=3698 prio=94
        tau_rt_2-3704  [003] dn.3  1116.660788: rtg_try_acquire_lock: rtg_block: comm=tau_rt_2 rtgid=1002 tgid=3701 pid=3704 prio=94
        tau_rt_3-3705  [004] dn.3  1116.660791: rtg_try_acquire_lock: rtg_block: comm=tau_rt_3 rtgid=1002 tgid=3702 pid=3705 prio=94
       deepPicar-3668  [005] d..3  1116.660887: rtg_try_release_lock: rtg_release: comm=deepPicar rtgid=1001 tgid=3668 pid=3668 prio=93
          <idle>-0     [000] dn.3  1116.660889: rtg_try_acquire_lock: rtg_acquire: comm=deepPicar rtgid=1002 tgid=3698 pid=3698 prio=94
       deepPicar-3708  [000] dn.3  1116.675622: rtg_try_acquire_lock: rtg_preemptor: comm=tau_rt_4 rtgid=1001 tgid=3663 pid=3670 prio=93
       deepPicar-3708  [000] dn.3  1116.675627: rtg_try_acquire_lock: rtg_preemptee: comm=deepPicar rtgid=1002 tgid=3698 pid=3698 prio=94
        tau_rt_2-3704  [003] dn.3  1116.675638: rtg_try_acquire_lock: rtg_block: comm=tau_rt_2 rtgid=1002 tgid=3701 pid=3704 prio=94
        tau_rt_3-3705  [004] dn.3  1116.675641: rtg_try_acquire_lock: rtg_block: comm=tau_rt_3 rtgid=1002 tgid=3702 pid=3705 prio=94
        tau_rt_4-3706  [005] dn.3  1116.675643: rtg_try_acquire_lock: rtg_block: comm=tau_rt_4 rtgid=1002 tgid=3703 pid=3706 prio=94
        tau_rt_4-3670  [000] ...1  1116.675667: tracing_mark_write: gid=1001: job_start
        tau_rt_4-3670  [000] d..3  1116.696569: rtg_try_acquire_lock: rtg_block: comm=deepPicar rtgid=1002 tgid=3698 pid=3708 prio=94
       deepPicar-3676  [005] d..3  1116.710697: rtg_try_release_lock: rtg_release: comm=deepPicar rtgid=1001 tgid=3668 pid=3676 prio=93
          <idle>-0     [004] dn.3  1116.710701: rtg_try_acquire_lock: rtg_acquire: comm=tau_rt_3 rtgid=1002 tgid=3702 pid=3705 prio=94
       deepPicar-3676  [005] d..3  1116.710705: rtg_try_acquire_lock: rtg_preemptor: comm=deepPicar rtgid=1001 tgid=3668 pid=3668 prio=93
       deepPicar-3676  [005] d..3  1116.710706: rtg_try_acquire_lock: rtg_preemptee: comm=tau_rt_3 rtgid=1002 tgid=3702 pid=3705 prio=94
       deepPicar-3708  [000] dn.3  1116.710709: rtg_try_acquire_lock: rtg_block: comm=deepPicar rtgid=1002 tgid=3698 pid=3708 prio=94
        tau_rt_2-3704  [003] dn.3  1116.710713: rtg_try_acquire_lock: rtg_block: comm=tau_rt_2 rtgid=1002 tgid=3701 pid=3704 prio=94
        tau_rt_3-3705  [004] dn.3  1116.710715: rtg_try_acquire_lock: rtg_block: comm=tau_rt_3 rtgid=1002 tgid=3702 pid=3705 prio=94
       deepPicar-3668  [005] d..3  1116.710812: rtg_try_release_lock: rtg_release: comm=deepPicar rtgid=1001 tgid=3668 pid=3668 prio=93
          <idle>-0     [003] dn.3  1116.710814: rtg_try_acquire_lock: rtg_acquire: comm=tau_rt_2 rtgid=1002 tgid=3701 pid=3704 prio=94
       deepPicar-3708  [000] dn.3  1116.725637: rtg_try_acquire_lock: rtg_preemptor: comm=tau_rt_4 rtgid=1001 tgid=3663 pid=3670 prio=93
       deepPicar-3708  [000] dn.3  1116.725641: rtg_try_acquire_lock: rtg_preemptee: comm=tau_rt_2 rtgid=1002 tgid=3701 pid=3704 prio=94
        tau_rt_2-3704  [003] dn.3  1116.725653: rtg_try_acquire_lock: rtg_block: comm=tau_rt_2 rtgid=1002 tgid=3701 pid=3704 prio=94
        tau_rt_3-3705  [004] dn.3  1116.725656: rtg_try_acquire_lock: rtg_block: comm=tau_rt_3 rtgid=1002 tgid=3702 pid=3705 prio=94
        tau_rt_4-3706  [005] dn.3  1116.725658: rtg_try_acquire_lock: rtg_block: comm=tau_rt_4 rtgid=1002 tgid=3703 pid=3706 prio=94
        tau_rt_4-3670  [000] ...1  1116.725681: tracing_mark_write: gid=1001: job_start
        tau_rt_4-3670  [000] d..3  1116.746647: rtg_try_acquire_lock: rtg_block: comm=deepPicar rtgid=1002 tgid=3698 pid=3708 prio=94
       deepPicar-3676  [005] d..3  1116.760833: rtg_try_release_lock: rtg_release: comm=deepPicar rtgid=1001 tgid=3668 pid=3676 prio=93
          <idle>-0     [003] dn.3  1116.760837: rtg_try_acquire_lock: rtg_acquire: comm=tau_rt_2 rtgid=1002 tgid=3701 pid=3704 prio=94
       deepPicar-3676  [005] d..3  1116.760841: rtg_try_acquire_lock: rtg_preemptor: comm=deepPicar rtgid=1001 tgid=3668 pid=3668 prio=93
       deepPicar-3676  [005] d..3  1116.760842: rtg_try_acquire_lock: rtg_preemptee: comm=tau_rt_2 rtgid=1002 tgid=3701 pid=3704 prio=94
       deepPicar-3708  [000] dn.3  1116.760845: rtg_try_acquire_lock: rtg_block: comm=deepPicar rtgid=1002 tgid=3698 pid=3708 prio=94
        tau_rt_2-3704  [003] dn.3  1116.760848: rtg_try_acquire_lock: rtg_block: comm=tau_rt_2 rtgid=1002 tgid=3701 pid=3704 prio=94
        tau_rt_3-3705  [004] dn.3  1116.760850: rtg_try_acquire_lock: rtg_block: comm=tau_rt_3 rtgid=1002 tgid=3702 pid=3705 prio=94
       deepPicar-3668  [005] d..3  1116.760949: rtg_try_release_lock: rtg_release: comm=deepPicar rtgid=1001 tgid=3668 pid=3668 prio=93
          <idle>-0     [000] dn.3  1116.760951: rtg_try_acquire_lock: rtg_acquire: comm=deepPicar rtgid=1002 tgid=3698 pid=3708 prio=94
       deepPicar-3698  [000] ...1  1116.762450: tracing_mark_write: gid=1002: job_start
       deepPicar-3708  [000] dn.3  1116.775624: rtg_try_acquire_lock: rtg_preemptor: comm=tau_rt_4 rtgid=1001 tgid=3663 pid=3670 prio=93
       deepPicar-3708  [000] dn.3  1116.775629: rtg_try_acquire_lock: rtg_preemptee: comm=deepPicar rtgid=1002 tgid=3698 pid=3708 prio=94
        tau_rt_2-3704  [003] dn.3  1116.775641: rtg_try_acquire_lock: rtg_block: comm=tau_rt_2 rtgid=1002 tgid=3701 pid=3704 prio=94
        tau_rt_4-3706  [005] dn.3  1116.775644: rtg_try_acquire_lock: rtg_block: comm=tau_rt_4 rtgid=1002 tgid=3703 pid=3706 prio=94
        tau_rt_3-3705  [004] dn.3  1116.775647: rtg_try_acquire_lock: rtg_block: comm=tau_rt_3 rtgid=1002 tgid=3702 pid=3705 prio=94
        tau_rt_4-3670  [000] ...1  1116.775670: tracing_mark_write: gid=1001: job_start
        tau_rt_4-3670  [000] d..3  1116.796576: rtg_try_acquire_lock: rtg_block: comm=deepPicar rtgid=1002 tgid=3698 pid=3708 prio=94
       deepPicar-3676  [005] d..3  1116.810894: rtg_try_release_lock: rtg_release: comm=deepPicar rtgid=1001 tgid=3668 pid=3676 prio=93
          <idle>-0     [004] dn.3  1116.810898: rtg_try_acquire_lock: rtg_acquire: comm=tau_rt_3 rtgid=1002 tgid=3702 pid=3705 prio=94
       deepPicar-3676  [005] d..3  1116.810902: rtg_try_acquire_lock: rtg_preemptor: comm=deepPicar rtgid=1001 tgid=3668 pid=3668 prio=93
       deepPicar-3676  [005] d..3  1116.810902: rtg_try_acquire_lock: rtg_preemptee: comm=tau_rt_3 rtgid=1002 tgid=3702 pid=3705 prio=94
       deepPicar-3708  [000] dn.3  1116.810906: rtg_try_acquire_lock: rtg_block: comm=deepPicar rtgid=1002 tgid=3698 pid=3708 prio=94
        tau_rt_2-3704  [003] dn.3  1116.810909: rtg_try_acquire_lock: rtg_block: comm=tau_rt_2 rtgid=1002 tgid=3701 pid=3704 prio=94
        tau_rt_3-3705  [004] dn.3  1116.810911: rtg_try_acquire_lock: rtg_block: comm=tau_rt_3 rtgid=1002 tgid=3702 pid=3705 prio=94
       deepPicar-3668  [005] d..3  1116.811013: rtg_try_release_lock: rtg_release: comm=deepPicar rtgid=1001 tgid=3668 pid=3668 prio=93
          <idle>-0     [000] dn.3  1116.811015: rtg_try_acquire_lock: rtg_acquire: comm=deepPicar rtgid=1002 tgid=3698 pid=3708 prio=94
       deepPicar-3708  [000] dn.3  1116.825636: rtg_try_acquire_lock: rtg_preemptor: comm=tau_rt_4 rtgid=1001 tgid=3663 pid=3670 prio=93
       deepPicar-3708  [000] dn.3  1116.825641: rtg_try_acquire_lock: rtg_preemptee: comm=deepPicar rtgid=1002 tgid=3698 pid=3708 prio=94
        tau_rt_2-3704  [003] dn.3  1116.825652: rtg_try_acquire_lock: rtg_block: comm=tau_rt_2 rtgid=1002 tgid=3701 pid=3704 prio=94
        tau_rt_3-3705  [004] dn.3  1116.825655: rtg_try_acquire_lock: rtg_block: comm=tau_rt_3 rtgid=1002 tgid=3702 pid=3705 prio=94
        tau_rt_4-3706  [005] dn.3  1116.825658: rtg_try_acquire_lock: rtg_block: comm=tau_rt_4 rtgid=1002 tgid=3703 pid=3706 prio=94
        tau_rt_4-3670  [000] ...1  1116.825681: tracing_mark_write: gid=1001: job_start
        tau_rt_4-3670  [000] d..3  1116.846756: rtg_try_acquire_lock: rtg_block: comm=deepPicar rtgid=1002 tgid=3698 pid=3708 prio=94
       deepPicar-3676  [005] d..3  1116.860711: rtg_try_release_lock: rtg_release: comm=deepPicar rtgid=1001 tgid=3668 pid=3676 prio=93
          <idle>-0     [000] dn.3  1116.860715: rtg_try_acquire_lock: rtg_acquire: comm=deepPicar rtgid=1002 tgid=3698 pid=3708 prio=94
       deepPicar-3676  [005] d..3  1116.860718: rtg_try_acquire_lock: rtg_preemptor: comm=deepPicar rtgid=1001 tgid=3668 pid=3668 prio=93
       deepPicar-3676  [005] d..3  1116.860719: rtg_try_acquire_lock: rtg_preemptee: comm=deepPicar rtgid=1002 tgid=3698 pid=3708 prio=94
        tau_rt_2-3704  [003] dn.3  1116.860723: rtg_try_acquire_lock: rtg_block: comm=tau_rt_2 rtgid=1002 tgid=3701 pid=3704 prio=94
       deepPicar-3708  [000] dn.3  1116.860725: rtg_try_acquire_lock: rtg_block: comm=deepPicar rtgid=1002 tgid=3698 pid=3708 prio=94
        tau_rt_3-3705  [004] dn.3  1116.860728: rtg_try_acquire_lock: rtg_block: comm=tau_rt_3 rtgid=1002 tgid=3702 pid=3705 prio=94
       deepPicar-3668  [005] d..3  1116.860826: rtg_try_release_lock: rtg_release: comm=deepPicar rtgid=1001 tgid=3668 pid=3668 prio=93
          <idle>-0     [003] dn.3  1116.860828: rtg_try_acquire_lock: rtg_acquire: comm=tau_rt_2 rtgid=1002 tgid=3701 pid=3704 prio=94
       deepPicar-3698  [000] ...1  1116.866145: tracing_mark_write: gid=1002: job_start
       deepPicar-3708  [000] dn.3  1116.875636: rtg_try_acquire_lock: rtg_preemptor: comm=tau_rt_4 rtgid=1001 tgid=3663 pid=3670 prio=93
       deepPicar-3708  [000] dn.3  1116.875640: rtg_try_acquire_lock: rtg_preemptee: comm=tau_rt_2 rtgid=1002 tgid=3701 pid=3704 prio=94
        tau_rt_2-3704  [003] dn.3  1116.875652: rtg_try_acquire_lock: rtg_block: comm=tau_rt_2 rtgid=1002 tgid=3701 pid=3704 prio=94
        tau_rt_3-3705  [004] dn.3  1116.875655: rtg_try_acquire_lock: rtg_block: comm=tau_rt_3 rtgid=1002 tgid=3702 pid=3705 prio=94
        tau_rt_4-3706  [005] dn.3  1116.875657: rtg_try_acquire_lock: rtg_block: comm=tau_rt_4 rtgid=1002 tgid=3703 pid=3706 prio=94
        tau_rt_4-3670  [000] ...1  1116.875678: tracing_mark_write: gid=1001: job_start
        tau_rt_4-3670  [000] d..3  1116.896678: rtg_try_acquire_lock: rtg_block: comm=deepPicar rtgid=1002 tgid=3698 pid=3708 prio=94
       deepPicar-3676  [005] d..3  1116.910656: rtg_try_release_lock: rtg_release: comm=deepPicar rtgid=1001 tgid=3668 pid=3676 prio=93
          <idle>-0     [004] dn.3  1116.910660: rtg_try_acquire_lock: rtg_acquire: comm=tau_rt_3 rtgid=1002 tgid=3702 pid=3705 prio=94
       deepPicar-3676  [005] d..3  1116.910664: rtg_try_acquire_lock: rtg_preemptor: comm=deepPicar rtgid=1001 tgid=3668 pid=3668 prio=93
       deepPicar-3676  [005] d..3  1116.910665: rtg_try_acquire_lock: rtg_preemptee: comm=tau_rt_3 rtgid=1002 tgid=3702 pid=3705 prio=94
       deepPicar-3708  [000] dn.3  1116.910669: rtg_try_acquire_lock: rtg_block: comm=deepPicar rtgid=1002 tgid=3698 pid=3708 prio=94
        tau_rt_2-3704  [003] dn.3  1116.910672: rtg_try_acquire_lock: rtg_block: comm=tau_rt_2 rtgid=1002 tgid=3701 pid=3704 prio=94
        tau_rt_3-3705  [004] dn.3  1116.910674: rtg_try_acquire_lock: rtg_block: comm=tau_rt_3 rtgid=1002 tgid=3702 pid=3705 prio=94
       deepPicar-3668  [005] d..3  1116.910772: rtg_try_release_lock: rtg_release: comm=deepPicar rtgid=1001 tgid=3668 pid=3668 prio=93
          <idle>-0     [000] dn.3  1116.910774: rtg_try_acquire_lock: rtg_acquire: comm=deepPicar rtgid=1002 tgid=3698 pid=3708 prio=94
       deepPicar-3708  [000] dn.3  1116.925614: rtg_try_acquire_lock: rtg_preemptor: comm=tau_rt_4 rtgid=1001 tgid=3663 pid=3670 prio=93
       deepPicar-3708  [000] dn.3  1116.925618: rtg_try_acquire_lock: rtg_preemptee: comm=deepPicar rtgid=1002 tgid=3698 pid=3708 prio=94
        tau_rt_2-3704  [003] dn.3  1116.925629: rtg_try_acquire_lock: rtg_block: comm=tau_rt_2 rtgid=1002 tgid=3701 pid=3704 prio=94
        tau_rt_3-3705  [004] dn.3  1116.925631: rtg_try_acquire_lock: rtg_block: comm=tau_rt_3 rtgid=1002 tgid=3702 pid=3705 prio=94
        tau_rt_4-3706  [005] dn.3  1116.925634: rtg_try_acquire_lock: rtg_block: comm=tau_rt_4 rtgid=1002 tgid=3703 pid=3706 prio=94
        tau_rt_4-3670  [000] ...1  1116.925651: tracing_mark_write: gid=1001: job_start
        tau_rt_4-3670  [000] d..3  1116.946606: rtg_try_acquire_lock: rtg_block: comm=deepPicar rtgid=1002 tgid=3698 pid=3708 prio=94
       deepPicar-3676  [005] d..3  1116.960709: rtg_try_release_lock: rtg_release: comm=deepPicar rtgid=1001 tgid=3668 pid=3676 prio=93
          <idle>-0     [000] dn.3  1116.960712: rtg_try_acquire_lock: rtg_acquire: comm=deepPicar rtgid=1002 tgid=3698 pid=3708 prio=94
       deepPicar-3676  [005] d..3  1116.960715: rtg_try_acquire_lock: rtg_preemptor: comm=deepPicar rtgid=1001 tgid=3668 pid=3668 prio=93
       deepPicar-3676  [005] d..3  1116.960716: rtg_try_acquire_lock: rtg_preemptee: comm=deepPicar rtgid=1002 tgid=3698 pid=3708 prio=94
       deepPicar-3708  [000] dn.3  1116.960719: rtg_try_acquire_lock: rtg_block: comm=deepPicar rtgid=1002 tgid=3698 pid=3708 prio=94
        tau_rt_2-3704  [003] dn.3  1116.960722: rtg_try_acquire_lock: rtg_block: comm=tau_rt_2 rtgid=1002 tgid=3701 pid=3704 prio=94
        tau_rt_3-3705  [004] dn.3  1116.960725: rtg_try_acquire_lock: rtg_block: comm=tau_rt_3 rtgid=1002 tgid=3702 pid=3705 prio=94
       deepPicar-3668  [005] d..3  1116.960823: rtg_try_release_lock: rtg_release: comm=deepPicar rtgid=1001 tgid=3668 pid=3668 prio=93
          <idle>-0     [000] dn.3  1116.960825: rtg_try_acquire_lock: rtg_acquire: comm=deepPicar rtgid=1002 tgid=3698 pid=3708 prio=94
       deepPicar-3698  [000] ...1  1116.969331: tracing_mark_write: gid=1002: job_start
       deepPicar-3708  [000] dn.3  1116.975640: rtg_try_acquire_lock: rtg_preemptor: comm=tau_rt_4 rtgid=1001 tgid=3663 pid=3670 prio=93
       deepPicar-3708  [000] dn.3  1116.975646: rtg_try_acquire_lock: rtg_preemptee: comm=deepPicar rtgid=1002 tgid=3698 pid=3708 prio=94
        tau_rt_2-3704  [003] dn.3  1116.975658: rtg_try_acquire_lock: rtg_block: comm=tau_rt_2 rtgid=1002 tgid=3701 pid=3704 prio=94
        tau_rt_3-3705  [004] dn.3  1116.975661: rtg_try_acquire_lock: rtg_block: comm=tau_rt_3 rtgid=1002 tgid=3702 pid=3705 prio=94
        tau_rt_4-3706  [005] dn.3  1116.975663: rtg_try_acquire_lock: rtg_block: comm=tau_rt_4 rtgid=1002 tgid=3703 pid=3706 prio=94
        tau_rt_4-3670  [000] ...1  1116.975686: tracing_mark_write: gid=1001: job_start
        tau_rt_4-3670  [000] d..3  1116.996872: rtg_try_acquire_lock: rtg_block: comm=deepPicar rtgid=1002 tgid=3698 pid=3708 prio=94
       deepPicar-3676  [005] d..3  1117.010699: rtg_try_release_lock: rtg_release: comm=deepPicar rtgid=1001 tgid=3668 pid=3676 prio=93
          <idle>-0     [004] dn.3  1117.010703: rtg_try_acquire_lock: rtg_acquire: comm=tau_rt_3 rtgid=1002 tgid=3702 pid=3705 prio=94
       deepPicar-3676  [005] d..3  1117.010707: rtg_try_acquire_lock: rtg_preemptor: comm=deepPicar rtgid=1001 tgid=3668 pid=3668 prio=93
       deepPicar-3676  [005] d..3  1117.010708: rtg_try_acquire_lock: rtg_preemptee: comm=tau_rt_3 rtgid=1002 tgid=3702 pid=3705 prio=94
       deepPicar-3708  [000] dn.3  1117.010712: rtg_try_acquire_lock: rtg_block: comm=deepPicar rtgid=1002 tgid=3698 pid=3708 prio=94
        tau_rt_2-3704  [003] dn.3  1117.010715: rtg_try_acquire_lock: rtg_block: comm=tau_rt_2 rtgid=1002 tgid=3701 pid=3704 prio=94
        tau_rt_3-3705  [004] dn.3  1117.010717: rtg_try_acquire_lock: rtg_block: comm=tau_rt_3 rtgid=1002 tgid=3702 pid=3705 prio=94
       deepPicar-3668  [005] d..3  1117.010818: rtg_try_release_lock: rtg_release: comm=deepPicar rtgid=1001 tgid=3668 pid=3668 prio=93
          <idle>-0     [000] dn.3  1117.010819: rtg_try_acquire_lock: rtg_acquire: comm=deepPicar rtgid=1002 tgid=3698 pid=3708 prio=94
       deepPicar-3708  [000] dn.3  1117.025621: rtg_try_acquire_lock: rtg_preemptor: comm=tau_rt_4 rtgid=1001 tgid=3663 pid=3670 prio=93
       deepPicar-3708  [000] dn.3  1117.025626: rtg_try_acquire_lock: rtg_preemptee: comm=deepPicar rtgid=1002 tgid=3698 pid=3708 prio=94
        tau_rt_2-3704  [003] dn.3  1117.025639: rtg_try_acquire_lock: rtg_block: comm=tau_rt_2 rtgid=1002 tgid=3701 pid=3704 prio=94
        tau_rt_3-3705  [004] dn.3  1117.025641: rtg_try_acquire_lock: rtg_block: comm=tau_rt_3 rtgid=1002 tgid=3702 pid=3705 prio=94
        tau_rt_4-3706  [005] dn.3  1117.025644: rtg_try_acquire_lock: rtg_block: comm=tau_rt_4 rtgid=1002 tgid=3703 pid=3706 prio=94
        tau_rt_4-3670  [000] ...1  1117.025665: tracing_mark_write: gid=1001: job_start
        tau_rt_4-3670  [000] d..3  1117.046636: rtg_try_acquire_lock: rtg_block: comm=deepPicar rtgid=1002 tgid=3698 pid=3708 prio=94
       deepPicar-3676  [005] d..3  1117.060631: rtg_try_release_lock: rtg_release: comm=deepPicar rtgid=1001 tgid=3668 pid=3676 prio=93
          <idle>-0     [004] dn.3  1117.060634: rtg_try_acquire_lock: rtg_acquire: comm=tau_rt_3 rtgid=1002 tgid=3702 pid=3705 prio=94
       deepPicar-3676  [005] d..3  1117.060638: rtg_try_acquire_lock: rtg_preemptor: comm=deepPicar rtgid=1001 tgid=3668 pid=3668 prio=93
       deepPicar-3676  [005] d..3  1117.060639: rtg_try_acquire_lock: rtg_preemptee: comm=tau_rt_3 rtgid=1002 tgid=3702 pid=3705 prio=94
       deepPicar-3708  [000] dn.3  1117.060643: rtg_try_acquire_lock: rtg_block: comm=deepPicar rtgid=1002 tgid=3698 pid=3708 prio=94
