# tracer: nop
#
# entries-in-buffer/entries-written: 7745/7745   #P:6
#
#                              _-----=> irqs-off
#                             / _----=> need-resched
#                            | / _---=> hardirq/softirq
#                            || / _--=> preempt-depth
#                            ||| /     delay
#           TASK-PID   CPU#  ||||    TIMESTAMP  FUNCTION
#              | |       |   ||||       |         |
        tau_rt_4-3183  [000] ...1   592.669560: tracing_mark_write: ===== [RTG-LIB] <3183> Syncing on barrier...
       deepPicar-3186  [003] d..3   592.849901: rtg_try_acquire_lock: rtg_acquire: comm=deepPicar rtgid=1001 tgid=3186 pid=3190 prio=93
       deepPicar-3190  [003] d..3   592.849973: rtg_try_release_lock: rtg_release: comm=deepPicar rtgid=1001 tgid=3186 pid=3190 prio=93
       deepPicar-3190  [003] d..3   592.849975: rtg_try_acquire_lock: rtg_acquire: comm=deepPicar rtgid=1001 tgid=3186 pid=3191 prio=93
       deepPicar-3191  [003] d..3   592.850007: rtg_try_release_lock: rtg_release: comm=deepPicar rtgid=1001 tgid=3186 pid=3191 prio=93
       deepPicar-3191  [003] d..3   592.850009: rtg_try_acquire_lock: rtg_acquire: comm=deepPicar rtgid=1001 tgid=3186 pid=3196 prio=93
       deepPicar-3196  [003] d..3   592.850041: rtg_try_release_lock: rtg_release: comm=deepPicar rtgid=1001 tgid=3186 pid=3196 prio=93
       deepPicar-3196  [003] d..3   592.850042: rtg_try_acquire_lock: rtg_acquire: comm=deepPicar rtgid=1001 tgid=3186 pid=3199 prio=93
       deepPicar-3186  [003] ...1   592.947791: tracing_mark_write: ===== [RTG-LIB] <3186> Syncing on barrier...
       deepPicar-3195  [005] d..3   592.949916: rtg_try_release_lock: rtg_release: comm=deepPicar rtgid=1001 tgid=3188 pid=3195 prio=93
       deepPicar-3193  [004] d..3   592.949920: rtg_try_acquire_lock: rtg_acquire: comm=deepPicar rtgid=1001 tgid=3187 pid=3187 prio=93
       deepPicar-3187  [004] ...1   592.950017: tracing_mark_write: ===== [RTG-LIB] <3187> Syncing on barrier...
       deepPicar-3188  [005] ...1   592.950017: tracing_mark_write: ===== [RTG-LIB] <3188> Syncing on barrier...
       deepPicar-3188  [005] ...1   592.950089: tracing_mark_write: ===== [RTG-LIB] <3188> Sync Complete!
       deepPicar-3187  [004] ...1   592.950091: tracing_mark_write: ===== [RTG-LIB] <3187> Sync Complete!
       deepPicar-3186  [003] ...1   592.950094: tracing_mark_write: ===== [RTG-LIB] <3186> Sync Complete!
        tau_rt_4-3183  [000] ...1   592.950094: tracing_mark_write: ===== [RTG-LIB] <3183> Sync Complete!
        tau_rt_4-3217  [000] ...1   592.950242: tracing_mark_write: gid=1001: job_start
        tau_rt_4-3217  [000] d..3   592.970485: rtg_try_release_lock: rtg_release: comm=tau_rt_4 rtgid=1001 tgid=3183 pid=3217 prio=93
          <idle>-0     [004] dn.3   593.025125: rtg_try_acquire_lock: rtg_acquire: comm=deepPicar rtgid=1001 tgid=3187 pid=3187 prio=93
        tau_rt_4-3217  [000] ...1   593.025271: tracing_mark_write: gid=1001: job_start
        tau_rt_4-3217  [000] d..3   593.045414: rtg_try_release_lock: rtg_release: comm=tau_rt_4 rtgid=1001 tgid=3183 pid=3217 prio=93
          <idle>-0     [005] dn.3   593.100120: rtg_try_acquire_lock: rtg_acquire: comm=deepPicar rtgid=1001 tgid=3188 pid=3188 prio=93
        tau_rt_4-3217  [000] ...1   593.100270: tracing_mark_write: gid=1001: job_start
        tau_rt_4-3217  [000] d..3   593.120473: rtg_try_release_lock: rtg_release: comm=tau_rt_4 rtgid=1001 tgid=3183 pid=3217 prio=93
          <idle>-0     [004] dn.3   593.175118: rtg_try_acquire_lock: rtg_acquire: comm=deepPicar rtgid=1001 tgid=3187 pid=3187 prio=93
        tau_rt_4-3217  [000] ...1   593.175267: tracing_mark_write: gid=1001: job_start
        tau_rt_4-3217  [000] d..3   593.195410: rtg_try_release_lock: rtg_release: comm=tau_rt_4 rtgid=1001 tgid=3183 pid=3217 prio=93
          <idle>-0     [004] dn.3   593.250120: rtg_try_acquire_lock: rtg_acquire: comm=deepPicar rtgid=1001 tgid=3187 pid=3187 prio=93
        tau_rt_4-3217  [000] ...1   593.250267: tracing_mark_write: gid=1001: job_start
        tau_rt_4-3217  [000] d..3   593.270479: rtg_try_release_lock: rtg_release: comm=tau_rt_4 rtgid=1001 tgid=3183 pid=3217 prio=93
          <idle>-0     [005] dn.3   593.325120: rtg_try_acquire_lock: rtg_acquire: comm=deepPicar rtgid=1001 tgid=3188 pid=3188 prio=93
        tau_rt_4-3217  [000] ...1   593.325268: tracing_mark_write: gid=1001: job_start
        tau_rt_4-3217  [000] d..3   593.345437: rtg_try_release_lock: rtg_release: comm=tau_rt_4 rtgid=1001 tgid=3183 pid=3217 prio=93
          <idle>-0     [004] dn.3   593.400122: rtg_try_acquire_lock: rtg_acquire: comm=deepPicar rtgid=1001 tgid=3187 pid=3187 prio=93
        tau_rt_4-3217  [000] ...1   593.400266: tracing_mark_write: gid=1001: job_start
       deepPicar-3186  [003] d..3   593.420499: rtg_try_release_lock: rtg_release: comm=deepPicar rtgid=1001 tgid=3186 pid=3186 prio=93
          <idle>-0     [004] dn.3   593.475118: rtg_try_acquire_lock: rtg_acquire: comm=deepPicar rtgid=1001 tgid=3187 pid=3187 prio=93
        tau_rt_4-3217  [000] ...1   593.475265: tracing_mark_write: gid=1001: job_start
        tau_rt_4-3217  [000] d..3   593.495342: rtg_try_release_lock: rtg_release: comm=tau_rt_4 rtgid=1001 tgid=3183 pid=3217 prio=93
          <idle>-0     [004] dn.3   593.550122: rtg_try_acquire_lock: rtg_acquire: comm=deepPicar rtgid=1001 tgid=3187 pid=3187 prio=93
        tau_rt_4-3217  [000] ...1   593.550268: tracing_mark_write: gid=1001: job_start
        tau_rt_4-3217  [000] d..3   593.570331: rtg_try_release_lock: rtg_release: comm=tau_rt_4 rtgid=1001 tgid=3183 pid=3217 prio=93
          <idle>-0     [004] dn.3   593.625119: rtg_try_acquire_lock: rtg_acquire: comm=deepPicar rtgid=1001 tgid=3187 pid=3187 prio=93
        tau_rt_4-3217  [000] ...1   593.625265: tracing_mark_write: gid=1001: job_start
        tau_rt_4-3217  [000] d..3   593.645420: rtg_try_release_lock: rtg_release: comm=tau_rt_4 rtgid=1001 tgid=3183 pid=3217 prio=93
        tau_rt_2-3221  [003] ...1   593.685878: tracing_mark_write: ===== [RTG-LIB] <3221> Syncing on barrier...
        tau_rt_3-3222  [004] ...1   593.685880: tracing_mark_write: ===== [RTG-LIB] <3222> Syncing on barrier...
        tau_rt_2-3221  [003] d..3   593.685917: rtg_try_acquire_lock: rtg_acquire: comm=tau_rt_2 rtgid=1002 tgid=3221 pid=3221 prio=94
        tau_rt_2-3221  [003] d..3   593.685930: rtg_try_release_lock: rtg_release: comm=tau_rt_2 rtgid=1002 tgid=3221 pid=3221 prio=94
          <idle>-0     [004] dn.3   593.700121: rtg_try_acquire_lock: rtg_acquire: comm=deepPicar rtgid=1001 tgid=3187 pid=3187 prio=93
        tau_rt_4-3217  [000] ...1   593.700277: tracing_mark_write: gid=1001: job_start
       deepPicar-3188  [005] d..3   593.720380: rtg_try_acquire_lock: rtg_block: comm=tau_rt_4 rtgid=1002 tgid=3223 pid=3223 prio=94
        tau_rt_4-3217  [000] d..3   593.720517: rtg_try_release_lock: rtg_release: comm=tau_rt_4 rtgid=1001 tgid=3183 pid=3217 prio=93
          <idle>-0     [005] dn.3   593.720519: rtg_try_acquire_lock: rtg_acquire: comm=tau_rt_4 rtgid=1002 tgid=3223 pid=3223 prio=94
        tau_rt_4-3223  [005] ...1   593.723758: tracing_mark_write: ===== [RTG-LIB] <3223> Syncing on barrier...
        tau_rt_4-3223  [005] d..3   593.723811: rtg_try_release_lock: rtg_release: comm=tau_rt_4 rtgid=1002 tgid=3223 pid=3223 prio=94
          <idle>-0     [004] dn.3   593.775127: rtg_try_acquire_lock: rtg_acquire: comm=deepPicar rtgid=1001 tgid=3187 pid=3187 prio=93
        tau_rt_4-3217  [000] ...1   593.775278: tracing_mark_write: gid=1001: job_start
        tau_rt_4-3217  [000] d..3   593.795502: rtg_try_release_lock: rtg_release: comm=tau_rt_4 rtgid=1001 tgid=3183 pid=3217 prio=93
          <idle>-0     [004] dn.3   593.850126: rtg_try_acquire_lock: rtg_acquire: comm=deepPicar rtgid=1001 tgid=3187 pid=3187 prio=93
        tau_rt_4-3217  [000] ...1   593.850279: tracing_mark_write: gid=1001: job_start
        tau_rt_4-3217  [000] d..3   593.870496: rtg_try_release_lock: rtg_release: comm=tau_rt_4 rtgid=1001 tgid=3183 pid=3217 prio=93
        tau_rt_4-3217  [000] d..3   593.870499: rtg_try_acquire_lock: rtg_acquire: comm=deepPicar rtgid=1002 tgid=3218 pid=3218 prio=94
       deepPicar-3218  [000] d..3   593.910195: rtg_try_release_lock: rtg_release: comm=deepPicar rtgid=1002 tgid=3218 pid=3218 prio=94
       deepPicar-3218  [000] d..3   593.910199: rtg_try_acquire_lock: rtg_acquire: comm=deepPicar rtgid=1002 tgid=3218 pid=3224 prio=94
       deepPicar-3224  [000] d..3   593.910259: rtg_try_release_lock: rtg_release: comm=deepPicar rtgid=1002 tgid=3218 pid=3224 prio=94
       deepPicar-3224  [000] d..3   593.910261: rtg_try_acquire_lock: rtg_acquire: comm=deepPicar rtgid=1002 tgid=3218 pid=3225 prio=94
       deepPicar-3225  [000] d..3   593.910292: rtg_try_release_lock: rtg_release: comm=deepPicar rtgid=1002 tgid=3218 pid=3225 prio=94
       deepPicar-3225  [000] d..3   593.910294: rtg_try_acquire_lock: rtg_acquire: comm=deepPicar rtgid=1002 tgid=3218 pid=3226 prio=94
       deepPicar-3226  [000] d..3   593.910324: rtg_try_release_lock: rtg_release: comm=deepPicar rtgid=1002 tgid=3218 pid=3226 prio=94
       deepPicar-3226  [000] d..3   593.910325: rtg_try_acquire_lock: rtg_acquire: comm=deepPicar rtgid=1002 tgid=3218 pid=3227 prio=94
       deepPicar-3227  [000] d..3   593.911493: rtg_try_release_lock: rtg_release: comm=deepPicar rtgid=1002 tgid=3218 pid=3227 prio=94
       deepPicar-3227  [000] d..3   593.911495: rtg_try_acquire_lock: rtg_acquire: comm=deepPicar rtgid=1002 tgid=3218 pid=3228 prio=94
       deepPicar-3228  [000] d..3   593.911507: rtg_try_release_lock: rtg_release: comm=deepPicar rtgid=1002 tgid=3218 pid=3228 prio=94
       deepPicar-3228  [000] d..3   593.911509: rtg_try_acquire_lock: rtg_acquire: comm=deepPicar rtgid=1002 tgid=3218 pid=3229 prio=94
       deepPicar-3229  [000] d..3   593.911516: rtg_try_release_lock: rtg_release: comm=deepPicar rtgid=1002 tgid=3218 pid=3229 prio=94
       deepPicar-3229  [000] d..3   593.911518: rtg_try_acquire_lock: rtg_acquire: comm=deepPicar rtgid=1002 tgid=3218 pid=3230 prio=94
       deepPicar-3230  [000] d..3   593.911526: rtg_try_release_lock: rtg_release: comm=deepPicar rtgid=1002 tgid=3218 pid=3230 prio=94
       deepPicar-3230  [000] d..3   593.911528: rtg_try_acquire_lock: rtg_acquire: comm=deepPicar rtgid=1002 tgid=3218 pid=3231 prio=94
       deepPicar-3231  [000] d..3   593.911537: rtg_try_release_lock: rtg_release: comm=deepPicar rtgid=1002 tgid=3218 pid=3231 prio=94
       deepPicar-3231  [000] d..3   593.911538: rtg_try_acquire_lock: rtg_acquire: comm=deepPicar rtgid=1002 tgid=3218 pid=3232 prio=94
       deepPicar-3232  [000] d..3   593.911546: rtg_try_release_lock: rtg_release: comm=deepPicar rtgid=1002 tgid=3218 pid=3232 prio=94
       deepPicar-3232  [000] d..3   593.911547: rtg_try_acquire_lock: rtg_acquire: comm=deepPicar rtgid=1002 tgid=3218 pid=3218 prio=94
       deepPicar-3218  [000] d..3   593.911672: rtg_try_release_lock: rtg_release: comm=deepPicar rtgid=1002 tgid=3218 pid=3218 prio=94
       deepPicar-3218  [000] d..3   593.911673: rtg_try_acquire_lock: rtg_acquire: comm=deepPicar rtgid=1002 tgid=3218 pid=3228 prio=94
       deepPicar-3228  [000] d..3   593.912326: rtg_try_release_lock: rtg_release: comm=deepPicar rtgid=1002 tgid=3218 pid=3228 prio=94
       deepPicar-3228  [000] d..3   593.912328: rtg_try_acquire_lock: rtg_acquire: comm=deepPicar rtgid=1002 tgid=3218 pid=3218 prio=94
       deepPicar-3218  [000] d..3   593.912487: rtg_try_release_lock: rtg_release: comm=deepPicar rtgid=1002 tgid=3218 pid=3218 prio=94
       deepPicar-3218  [000] d..3   593.912489: rtg_try_acquire_lock: rtg_acquire: comm=deepPicar rtgid=1002 tgid=3218 pid=3229 prio=94
       deepPicar-3229  [000] d..3   593.912998: rtg_try_release_lock: rtg_release: comm=deepPicar rtgid=1002 tgid=3218 pid=3229 prio=94
       deepPicar-3229  [000] d..3   593.912999: rtg_try_acquire_lock: rtg_acquire: comm=deepPicar rtgid=1002 tgid=3218 pid=3218 prio=94
       deepPicar-3218  [000] d..3   593.913219: rtg_try_release_lock: rtg_release: comm=deepPicar rtgid=1002 tgid=3218 pid=3218 prio=94
       deepPicar-3218  [000] d..3   593.913220: rtg_try_acquire_lock: rtg_acquire: comm=deepPicar rtgid=1002 tgid=3218 pid=3230 prio=94
       deepPicar-3230  [000] d..3   593.913700: rtg_try_release_lock: rtg_release: comm=deepPicar rtgid=1002 tgid=3218 pid=3230 prio=94
       deepPicar-3230  [000] d..3   593.913701: rtg_try_acquire_lock: rtg_acquire: comm=deepPicar rtgid=1002 tgid=3218 pid=3218 prio=94
       deepPicar-3218  [000] d..3   593.913909: rtg_try_release_lock: rtg_release: comm=deepPicar rtgid=1002 tgid=3218 pid=3218 prio=94
       deepPicar-3218  [000] d..3   593.913911: rtg_try_acquire_lock: rtg_acquire: comm=deepPicar rtgid=1002 tgid=3218 pid=3231 prio=94
       deepPicar-3231  [000] d..3   593.914368: rtg_try_release_lock: rtg_release: comm=deepPicar rtgid=1002 tgid=3218 pid=3231 prio=94
       deepPicar-3231  [000] d..3   593.914369: rtg_try_acquire_lock: rtg_acquire: comm=deepPicar rtgid=1002 tgid=3218 pid=3218 prio=94
          <idle>-0     [004] dn.3   593.925128: rtg_try_acquire_lock: rtg_preemptor: comm=deepPicar rtgid=1001 tgid=3187 pid=3187 prio=93
          <idle>-0     [004] dn.3   593.925131: rtg_try_acquire_lock: rtg_preemptee: comm=deepPicar rtgid=1002 tgid=3218 pid=3218 prio=94
       deepPicar-3218  [000] dn.3   593.925140: rtg_try_acquire_lock: rtg_block: comm=deepPicar rtgid=1002 tgid=3218 pid=3218 prio=94
        tau_rt_4-3217  [000] ...1   593.925277: tracing_mark_write: gid=1001: job_start
        tau_rt_4-3217  [000] d..3   593.945492: rtg_try_release_lock: rtg_release: comm=tau_rt_4 rtgid=1001 tgid=3183 pid=3217 prio=93
        tau_rt_4-3217  [000] d..3   593.945496: rtg_try_acquire_lock: rtg_acquire: comm=deepPicar rtgid=1002 tgid=3218 pid=3218 prio=94
       deepPicar-3218  [000] d..3   593.998158: rtg_try_release_lock: rtg_release: comm=deepPicar rtgid=1002 tgid=3218 pid=3218 prio=94
       deepPicar-3218  [000] d..3   593.998162: rtg_try_acquire_lock: rtg_acquire: comm=deepPicar rtgid=1002 tgid=3218 pid=3232 prio=94
       deepPicar-3232  [000] d..3   593.998690: rtg_try_release_lock: rtg_release: comm=deepPicar rtgid=1002 tgid=3218 pid=3232 prio=94
       deepPicar-3232  [000] d..3   593.998692: rtg_try_acquire_lock: rtg_acquire: comm=deepPicar rtgid=1002 tgid=3218 pid=3225 prio=94
          <idle>-0     [004] dn.3   594.000121: rtg_try_acquire_lock: rtg_preemptor: comm=deepPicar rtgid=1001 tgid=3187 pid=3187 prio=93
          <idle>-0     [004] dn.3   594.000123: rtg_try_acquire_lock: rtg_preemptee: comm=deepPicar rtgid=1002 tgid=3218 pid=3225 prio=94
       deepPicar-3225  [000] dn.3   594.000130: rtg_try_acquire_lock: rtg_block: comm=deepPicar rtgid=1002 tgid=3218 pid=3225 prio=94
        tau_rt_4-3217  [000] ...1   594.000274: tracing_mark_write: gid=1001: job_start
        tau_rt_4-3217  [000] d..3   594.020400: rtg_try_release_lock: rtg_release: comm=tau_rt_4 rtgid=1001 tgid=3183 pid=3217 prio=93
        tau_rt_4-3217  [000] d..3   594.020403: rtg_try_acquire_lock: rtg_acquire: comm=deepPicar rtgid=1002 tgid=3218 pid=3225 prio=94
       deepPicar-3225  [000] d..3   594.030752: rtg_try_release_lock: rtg_release: comm=deepPicar rtgid=1002 tgid=3218 pid=3225 prio=94
       deepPicar-3225  [000] d..3   594.030755: rtg_try_acquire_lock: rtg_acquire: comm=deepPicar rtgid=1002 tgid=3218 pid=3218 prio=94
       deepPicar-3218  [000] ...1   594.030856: tracing_mark_write: ===== [RTG-LIB] <3218> Syncing on barrier...
       deepPicar-3218  [000] ...1   594.030914: tracing_mark_write: ===== [RTG-LIB] <3218> Sync Complete!
        tau_rt_2-3221  [003] ...1   594.030926: tracing_mark_write: ===== [RTG-LIB] <3221> Sync Complete!
        tau_rt_3-3222  [004] ...1   594.030926: tracing_mark_write: ===== [RTG-LIB] <3222> Sync Complete!
        tau_rt_4-3223  [005] ...1   594.030926: tracing_mark_write: ===== [RTG-LIB] <3223> Sync Complete!
       deepPicar-3218  [000] ...1   594.030928: tracing_mark_write: gid=1002: job_start
       deepPicar-3225  [000] d..3   594.060867: rtg_try_release_lock: rtg_release: comm=deepPicar rtgid=1002 tgid=3218 pid=3225 prio=94
       deepPicar-3225  [000] d..3   594.060870: rtg_try_acquire_lock: rtg_acquire: comm=deepPicar rtgid=1002 tgid=3218 pid=3218 prio=94
       deepPicar-3218  [000] d..3   594.061040: rtg_try_release_lock: rtg_release: comm=deepPicar rtgid=1002 tgid=3218 pid=3218 prio=94
          <idle>-0     [005] dn.3   594.075121: rtg_try_acquire_lock: rtg_acquire: comm=deepPicar rtgid=1001 tgid=3188 pid=3188 prio=93
        tau_rt_4-3217  [000] ...1   594.075273: tracing_mark_write: gid=1001: job_start
        tau_rt_4-3217  [000] d..3   594.095371: rtg_try_release_lock: rtg_release: comm=tau_rt_4 rtgid=1001 tgid=3183 pid=3217 prio=93
          <idle>-0     [000] dn.3   594.105946: rtg_try_acquire_lock: rtg_acquire: comm=deepPicar rtgid=1002 tgid=3218 pid=3218 prio=94
       deepPicar-3218  [000] ...1   594.105969: tracing_mark_write: gid=1002: job_start
       deepPicar-3225  [000] d..3   594.135491: rtg_try_release_lock: rtg_release: comm=deepPicar rtgid=1002 tgid=3218 pid=3225 prio=94
       deepPicar-3225  [000] d..3   594.135494: rtg_try_acquire_lock: rtg_acquire: comm=deepPicar rtgid=1002 tgid=3218 pid=3218 prio=94
       deepPicar-3218  [000] d..3   594.135611: rtg_try_release_lock: rtg_release: comm=deepPicar rtgid=1002 tgid=3218 pid=3218 prio=94
          <idle>-0     [004] dn.3   594.150121: rtg_try_acquire_lock: rtg_acquire: comm=deepPicar rtgid=1001 tgid=3187 pid=3187 prio=93
        tau_rt_4-3217  [000] ...1   594.150274: tracing_mark_write: gid=1001: job_start
        tau_rt_4-3217  [000] d..3   594.170453: rtg_try_release_lock: rtg_release: comm=tau_rt_4 rtgid=1001 tgid=3183 pid=3217 prio=93
          <idle>-0     [000] dn.3   594.180951: rtg_try_acquire_lock: rtg_acquire: comm=deepPicar rtgid=1002 tgid=3218 pid=3218 prio=94
       deepPicar-3218  [000] ...1   594.180972: tracing_mark_write: gid=1002: job_start
       deepPicar-3225  [000] d..3   594.210503: rtg_try_release_lock: rtg_release: comm=deepPicar rtgid=1002 tgid=3218 pid=3225 prio=94
       deepPicar-3225  [000] d..3   594.210506: rtg_try_acquire_lock: rtg_acquire: comm=deepPicar rtgid=1002 tgid=3218 pid=3218 prio=94
       deepPicar-3218  [000] d..3   594.210621: rtg_try_release_lock: rtg_release: comm=deepPicar rtgid=1002 tgid=3218 pid=3218 prio=94
          <idle>-0     [005] dn.3   594.225121: rtg_try_acquire_lock: rtg_acquire: comm=deepPicar rtgid=1001 tgid=3188 pid=3188 prio=93
        tau_rt_4-3217  [000] ...1   594.225271: tracing_mark_write: gid=1001: job_start
        tau_rt_4-3217  [000] d..3   594.245347: rtg_try_release_lock: rtg_release: comm=tau_rt_4 rtgid=1001 tgid=3183 pid=3217 prio=93
          <idle>-0     [000] dn.3   594.255942: rtg_try_acquire_lock: rtg_acquire: comm=deepPicar rtgid=1002 tgid=3218 pid=3218 prio=94
       deepPicar-3218  [000] ...1   594.255978: tracing_mark_write: gid=1002: job_start
       deepPicar-3225  [000] d..3   594.285532: rtg_try_release_lock: rtg_release: comm=deepPicar rtgid=1002 tgid=3218 pid=3225 prio=94
       deepPicar-3225  [000] d..3   594.285535: rtg_try_acquire_lock: rtg_acquire: comm=deepPicar rtgid=1002 tgid=3218 pid=3218 prio=94
       deepPicar-3218  [000] d..3   594.285650: rtg_try_release_lock: rtg_release: comm=deepPicar rtgid=1002 tgid=3218 pid=3218 prio=94
          <idle>-0     [005] dn.3   594.300122: rtg_try_acquire_lock: rtg_acquire: comm=deepPicar rtgid=1001 tgid=3188 pid=3188 prio=93
        tau_rt_4-3217  [000] ...1   594.300273: tracing_mark_write: gid=1001: job_start
       deepPicar-3195  [005] d..3   594.320448: rtg_try_release_lock: rtg_release: comm=deepPicar rtgid=1001 tgid=3188 pid=3195 prio=93
       deepPicar-3191  [003] d..3   594.320452: rtg_try_acquire_lock: rtg_acquire: comm=deepPicar rtgid=1001 tgid=3186 pid=3186 prio=93
       deepPicar-3187  [004] d..3   594.320564: rtg_try_release_lock: rtg_release: comm=deepPicar rtgid=1001 tgid=3187 pid=3187 prio=93
          <idle>-0     [000] dn.3   594.330945: rtg_try_acquire_lock: rtg_acquire: comm=deepPicar rtgid=1002 tgid=3218 pid=3218 prio=94
       deepPicar-3218  [000] ...1   594.330964: tracing_mark_write: gid=1002: job_start
       deepPicar-3225  [000] d..3   594.360609: rtg_try_release_lock: rtg_release: comm=deepPicar rtgid=1002 tgid=3218 pid=3225 prio=94
       deepPicar-3225  [000] d..3   594.360612: rtg_try_acquire_lock: rtg_acquire: comm=deepPicar rtgid=1002 tgid=3218 pid=3218 prio=94
       deepPicar-3218  [000] d..3   594.360727: rtg_try_release_lock: rtg_release: comm=deepPicar rtgid=1002 tgid=3218 pid=3218 prio=94
          <idle>-0     [005] dn.3   594.375118: rtg_try_acquire_lock: rtg_acquire: comm=deepPicar rtgid=1001 tgid=3188 pid=3188 prio=93
        tau_rt_4-3217  [000] ...1   594.375272: tracing_mark_write: gid=1001: job_start
        tau_rt_4-3217  [000] d..3   594.395460: rtg_try_release_lock: rtg_release: comm=tau_rt_4 rtgid=1001 tgid=3183 pid=3217 prio=93
          <idle>-0     [000] dn.3   594.405943: rtg_try_acquire_lock: rtg_acquire: comm=deepPicar rtgid=1002 tgid=3218 pid=3218 prio=94
       deepPicar-3218  [000] ...1   594.405964: tracing_mark_write: gid=1002: job_start
       deepPicar-3225  [000] d..3   594.435512: rtg_try_release_lock: rtg_release: comm=deepPicar rtgid=1002 tgid=3218 pid=3225 prio=94
       deepPicar-3225  [000] d..3   594.435515: rtg_try_acquire_lock: rtg_acquire: comm=deepPicar rtgid=1002 tgid=3218 pid=3218 prio=94
       deepPicar-3218  [000] d..3   594.435627: rtg_try_release_lock: rtg_release: comm=deepPicar rtgid=1002 tgid=3218 pid=3218 prio=94
          <idle>-0     [004] dn.3   594.450120: rtg_try_acquire_lock: rtg_acquire: comm=deepPicar rtgid=1001 tgid=3187 pid=3187 prio=93
        tau_rt_4-3217  [000] ...1   594.450274: tracing_mark_write: gid=1001: job_start
        tau_rt_4-3217  [000] d..3   594.470443: rtg_try_release_lock: rtg_release: comm=tau_rt_4 rtgid=1001 tgid=3183 pid=3217 prio=93
          <idle>-0     [000] dn.3   594.480950: rtg_try_acquire_lock: rtg_acquire: comm=deepPicar rtgid=1002 tgid=3218 pid=3218 prio=94
       deepPicar-3218  [000] ...1   594.480970: tracing_mark_write: gid=1002: job_start
       deepPicar-3225  [000] d..3   594.510769: rtg_try_release_lock: rtg_release: comm=deepPicar rtgid=1002 tgid=3218 pid=3225 prio=94
       deepPicar-3225  [000] d..3   594.510773: rtg_try_acquire_lock: rtg_acquire: comm=deepPicar rtgid=1002 tgid=3218 pid=3218 prio=94
       deepPicar-3218  [000] d..3   594.510891: rtg_try_release_lock: rtg_release: comm=deepPicar rtgid=1002 tgid=3218 pid=3218 prio=94
          <idle>-0     [004] dn.3   594.525121: rtg_try_acquire_lock: rtg_acquire: comm=deepPicar rtgid=1001 tgid=3187 pid=3187 prio=93
        tau_rt_4-3217  [000] ...1   594.525272: tracing_mark_write: gid=1001: job_start
       deepPicar-3186  [003] d..3   594.545455: rtg_try_release_lock: rtg_release: comm=deepPicar rtgid=1001 tgid=3186 pid=3186 prio=93
          <idle>-0     [000] dn.3   594.555944: rtg_try_acquire_lock: rtg_acquire: comm=deepPicar rtgid=1002 tgid=3218 pid=3218 prio=94
       deepPicar-3218  [000] ...1   594.555980: tracing_mark_write: gid=1002: job_start
       deepPicar-3225  [000] d..3   594.585677: rtg_try_release_lock: rtg_release: comm=deepPicar rtgid=1002 tgid=3218 pid=3225 prio=94
       deepPicar-3225  [000] d..3   594.585681: rtg_try_acquire_lock: rtg_acquire: comm=deepPicar rtgid=1002 tgid=3218 pid=3218 prio=94
       deepPicar-3218  [000] d..3   594.585795: rtg_try_release_lock: rtg_release: comm=deepPicar rtgid=1002 tgid=3218 pid=3218 prio=94
          <idle>-0     [005] dn.3   594.600119: rtg_try_acquire_lock: rtg_acquire: comm=deepPicar rtgid=1001 tgid=3188 pid=3188 prio=93
        tau_rt_4-3217  [000] ...1   594.600270: tracing_mark_write: gid=1001: job_start
        tau_rt_4-3217  [000] d..3   594.620483: rtg_try_release_lock: rtg_release: comm=tau_rt_4 rtgid=1001 tgid=3183 pid=3217 prio=93
          <idle>-0     [000] dn.3   594.630947: rtg_try_acquire_lock: rtg_acquire: comm=deepPicar rtgid=1002 tgid=3218 pid=3218 prio=94
       deepPicar-3218  [000] ...1   594.630968: tracing_mark_write: gid=1002: job_start
       deepPicar-3225  [000] d..3   594.660477: rtg_try_release_lock: rtg_release: comm=deepPicar rtgid=1002 tgid=3218 pid=3225 prio=94
       deepPicar-3225  [000] d..3   594.660481: rtg_try_acquire_lock: rtg_acquire: comm=deepPicar rtgid=1002 tgid=3218 pid=3218 prio=94
       deepPicar-3218  [000] d..3   594.660600: rtg_try_release_lock: rtg_release: comm=deepPicar rtgid=1002 tgid=3218 pid=3218 prio=94
          <idle>-0     [005] dn.3   594.675121: rtg_try_acquire_lock: rtg_acquire: comm=deepPicar rtgid=1001 tgid=3188 pid=3188 prio=93
        tau_rt_4-3217  [000] ...1   594.675273: tracing_mark_write: gid=1001: job_start
        tau_rt_4-3217  [000] d..3   594.695343: rtg_try_release_lock: rtg_release: comm=tau_rt_4 rtgid=1001 tgid=3183 pid=3217 prio=93
          <idle>-0     [000] dn.3   594.705945: rtg_try_acquire_lock: rtg_acquire: comm=deepPicar rtgid=1002 tgid=3218 pid=3218 prio=94
       deepPicar-3218  [000] ...1   594.705966: tracing_mark_write: gid=1002: job_start
       deepPicar-3225  [000] d..3   594.735613: rtg_try_release_lock: rtg_release: comm=deepPicar rtgid=1002 tgid=3218 pid=3225 prio=94
       deepPicar-3225  [000] d..3   594.735617: rtg_try_acquire_lock: rtg_acquire: comm=deepPicar rtgid=1002 tgid=3218 pid=3218 prio=94
       deepPicar-3218  [000] d..3   594.735732: rtg_try_release_lock: rtg_release: comm=deepPicar rtgid=1002 tgid=3218 pid=3218 prio=94
          <idle>-0     [005] dn.3   594.750122: rtg_try_acquire_lock: rtg_acquire: comm=deepPicar rtgid=1001 tgid=3188 pid=3188 prio=93
        tau_rt_4-3217  [000] ...1   594.750271: tracing_mark_write: gid=1001: job_start
       deepPicar-3188  [005] d..3   594.770423: rtg_try_release_lock: rtg_release: comm=deepPicar rtgid=1001 tgid=3188 pid=3188 prio=93
          <idle>-0     [000] dn.3   594.780950: rtg_try_acquire_lock: rtg_acquire: comm=deepPicar rtgid=1002 tgid=3218 pid=3218 prio=94
       deepPicar-3218  [000] ...1   594.780970: tracing_mark_write: gid=1002: job_start
       deepPicar-3225  [000] d..3   594.810541: rtg_try_release_lock: rtg_release: comm=deepPicar rtgid=1002 tgid=3218 pid=3225 prio=94
       deepPicar-3225  [000] d..3   594.810544: rtg_try_acquire_lock: rtg_acquire: comm=deepPicar rtgid=1002 tgid=3218 pid=3218 prio=94
       deepPicar-3218  [000] d..3   594.810659: rtg_try_release_lock: rtg_release: comm=deepPicar rtgid=1002 tgid=3218 pid=3218 prio=94
          <idle>-0     [005] dn.3   594.825117: rtg_try_acquire_lock: rtg_acquire: comm=deepPicar rtgid=1001 tgid=3188 pid=3188 prio=93
        tau_rt_4-3217  [000] ...1   594.825272: tracing_mark_write: gid=1001: job_start
        tau_rt_4-3217  [000] d..3   594.845425: rtg_try_release_lock: rtg_release: comm=tau_rt_4 rtgid=1001 tgid=3183 pid=3217 prio=93
          <idle>-0     [000] dn.3   594.855943: rtg_try_acquire_lock: rtg_acquire: comm=deepPicar rtgid=1002 tgid=3218 pid=3218 prio=94
       deepPicar-3218  [000] ...1   594.855981: tracing_mark_write: gid=1002: job_start
       deepPicar-3225  [000] d..3   594.885694: rtg_try_release_lock: rtg_release: comm=deepPicar rtgid=1002 tgid=3218 pid=3225 prio=94
       deepPicar-3225  [000] d..3   594.885698: rtg_try_acquire_lock: rtg_acquire: comm=deepPicar rtgid=1002 tgid=3218 pid=3218 prio=94
       deepPicar-3218  [000] d..3   594.885813: rtg_try_release_lock: rtg_release: comm=deepPicar rtgid=1002 tgid=3218 pid=3218 prio=94
          <idle>-0     [004] dn.3   594.900121: rtg_try_acquire_lock: rtg_acquire: comm=deepPicar rtgid=1001 tgid=3187 pid=3187 prio=93
        tau_rt_4-3217  [000] ...1   594.900274: tracing_mark_write: gid=1001: job_start
        tau_rt_4-3217  [000] d..3   594.920437: rtg_try_release_lock: rtg_release: comm=tau_rt_4 rtgid=1001 tgid=3183 pid=3217 prio=93
          <idle>-0     [000] dn.3   594.930947: rtg_try_acquire_lock: rtg_acquire: comm=deepPicar rtgid=1002 tgid=3218 pid=3218 prio=94
       deepPicar-3218  [000] ...1   594.930968: tracing_mark_write: gid=1002: job_start
       deepPicar-3225  [000] d..3   594.960542: rtg_try_release_lock: rtg_release: comm=deepPicar rtgid=1002 tgid=3218 pid=3225 prio=94
       deepPicar-3225  [000] d..3   594.960545: rtg_try_acquire_lock: rtg_acquire: comm=deepPicar rtgid=1002 tgid=3218 pid=3218 prio=94
       deepPicar-3218  [000] d..3   594.960661: rtg_try_release_lock: rtg_release: comm=deepPicar rtgid=1002 tgid=3218 pid=3218 prio=94
          <idle>-0     [004] dn.3   594.975121: rtg_try_acquire_lock: rtg_acquire: comm=deepPicar rtgid=1001 tgid=3187 pid=3187 prio=93
        tau_rt_4-3217  [000] ...1   594.975274: tracing_mark_write: gid=1001: job_start
        tau_rt_4-3217  [000] d..3   594.995404: rtg_try_release_lock: rtg_release: comm=tau_rt_4 rtgid=1001 tgid=3183 pid=3217 prio=93
          <idle>-0     [000] dn.3   595.005943: rtg_try_acquire_lock: rtg_acquire: comm=deepPicar rtgid=1002 tgid=3218 pid=3218 prio=94
       deepPicar-3218  [000] ...1   595.005964: tracing_mark_write: gid=1002: job_start
       deepPicar-3225  [000] d..3   595.035648: rtg_try_release_lock: rtg_release: comm=deepPicar rtgid=1002 tgid=3218 pid=3225 prio=94
       deepPicar-3225  [000] d..3   595.035651: rtg_try_acquire_lock: rtg_acquire: comm=deepPicar rtgid=1002 tgid=3218 pid=3218 prio=94
       deepPicar-3218  [000] d..3   595.035765: rtg_try_release_lock: rtg_release: comm=deepPicar rtgid=1002 tgid=3218 pid=3218 prio=94
          <idle>-0     [005] dn.3   595.050120: rtg_try_acquire_lock: rtg_acquire: comm=deepPicar rtgid=1001 tgid=3188 pid=3188 prio=93
        tau_rt_4-3217  [000] ...1   595.050272: tracing_mark_write: gid=1001: job_start
        tau_rt_4-3217  [000] d..3   595.070397: rtg_try_release_lock: rtg_release: comm=tau_rt_4 rtgid=1001 tgid=3183 pid=3217 prio=93
          <idle>-0     [000] dn.3   595.080949: rtg_try_acquire_lock: rtg_acquire: comm=deepPicar rtgid=1002 tgid=3218 pid=3218 prio=94
       deepPicar-3218  [000] ...1   595.080970: tracing_mark_write: gid=1002: job_start
       deepPicar-3225  [000] d..3   595.110500: rtg_try_release_lock: rtg_release: comm=deepPicar rtgid=1002 tgid=3218 pid=3225 prio=94
       deepPicar-3225  [000] d..3   595.110503: rtg_try_acquire_lock: rtg_acquire: comm=deepPicar rtgid=1002 tgid=3218 pid=3218 prio=94
       deepPicar-3218  [000] d..3   595.110618: rtg_try_release_lock: rtg_release: comm=deepPicar rtgid=1002 tgid=3218 pid=3218 prio=94
          <idle>-0     [004] dn.3   595.125121: rtg_try_acquire_lock: rtg_acquire: comm=deepPicar rtgid=1001 tgid=3187 pid=3187 prio=93
        tau_rt_4-3217  [000] ...1   595.125272: tracing_mark_write: gid=1001: job_start
        tau_rt_4-3217  [000] d..3   595.145340: rtg_try_release_lock: rtg_release: comm=tau_rt_4 rtgid=1001 tgid=3183 pid=3217 prio=93
          <idle>-0     [000] dn.3   595.155944: rtg_try_acquire_lock: rtg_acquire: comm=deepPicar rtgid=1002 tgid=3218 pid=3218 prio=94
       deepPicar-3218  [000] ...1   595.155977: tracing_mark_write: gid=1002: job_start
       deepPicar-3225  [000] d..3   595.185676: rtg_try_release_lock: rtg_release: comm=deepPicar rtgid=1002 tgid=3218 pid=3225 prio=94
       deepPicar-3225  [000] d..3   595.185680: rtg_try_acquire_lock: rtg_acquire: comm=deepPicar rtgid=1002 tgid=3218 pid=3218 prio=94
       deepPicar-3218  [000] d..3   595.185794: rtg_try_release_lock: rtg_release: comm=deepPicar rtgid=1002 tgid=3218 pid=3218 prio=94
          <idle>-0     [005] dn.3   595.200119: rtg_try_acquire_lock: rtg_acquire: comm=deepPicar rtgid=1001 tgid=3188 pid=3188 prio=93
        tau_rt_4-3217  [000] ...1   595.200269: tracing_mark_write: gid=1001: job_start
       deepPicar-3195  [005] d..3   595.220378: rtg_try_release_lock: rtg_release: comm=deepPicar rtgid=1001 tgid=3188 pid=3195 prio=93
       deepPicar-3193  [004] d..3   595.220383: rtg_try_acquire_lock: rtg_acquire: comm=deepPicar rtgid=1001 tgid=3187 pid=3187 prio=93
       deepPicar-3188  [005] d..3   595.220498: rtg_try_release_lock: rtg_release: comm=deepPicar rtgid=1001 tgid=3188 pid=3188 prio=93
          <idle>-0     [000] dn.3   595.230947: rtg_try_acquire_lock: rtg_acquire: comm=deepPicar rtgid=1002 tgid=3218 pid=3218 prio=94
       deepPicar-3218  [000] ...1   595.230967: tracing_mark_write: gid=1002: job_start
       deepPicar-3225  [000] d..3   595.260497: rtg_try_release_lock: rtg_release: comm=deepPicar rtgid=1002 tgid=3218 pid=3225 prio=94
       deepPicar-3225  [000] d..3   595.260500: rtg_try_acquire_lock: rtg_acquire: comm=deepPicar rtgid=1002 tgid=3218 pid=3218 prio=94
       deepPicar-3218  [000] d..3   595.260613: rtg_try_release_lock: rtg_release: comm=deepPicar rtgid=1002 tgid=3218 pid=3218 prio=94
          <idle>-0     [005] dn.3   595.275118: rtg_try_acquire_lock: rtg_acquire: comm=deepPicar rtgid=1001 tgid=3188 pid=3188 prio=93
        tau_rt_4-3217  [000] ...1   595.275271: tracing_mark_write: gid=1001: job_start
        tau_rt_4-3217  [000] d..3   595.295435: rtg_try_release_lock: rtg_release: comm=tau_rt_4 rtgid=1001 tgid=3183 pid=3217 prio=93
          <idle>-0     [000] dn.3   595.305943: rtg_try_acquire_lock: rtg_acquire: comm=deepPicar rtgid=1002 tgid=3218 pid=3218 prio=94
       deepPicar-3218  [000] ...1   595.305964: tracing_mark_write: gid=1002: job_start
       deepPicar-3225  [000] d..3   595.335622: rtg_try_release_lock: rtg_release: comm=deepPicar rtgid=1002 tgid=3218 pid=3225 prio=94
       deepPicar-3225  [000] d..3   595.335626: rtg_try_acquire_lock: rtg_acquire: comm=deepPicar rtgid=1002 tgid=3218 pid=3218 prio=94
       deepPicar-3218  [000] d..3   595.335738: rtg_try_release_lock: rtg_release: comm=deepPicar rtgid=1002 tgid=3218 pid=3218 prio=94
          <idle>-0     [005] dn.3   595.350121: rtg_try_acquire_lock: rtg_acquire: comm=deepPicar rtgid=1001 tgid=3188 pid=3188 prio=93
        tau_rt_4-3217  [000] ...1   595.350273: tracing_mark_write: gid=1001: job_start
        tau_rt_4-3217  [000] d..3   595.370452: rtg_try_release_lock: rtg_release: comm=tau_rt_4 rtgid=1001 tgid=3183 pid=3217 prio=93
          <idle>-0     [000] dn.3   595.380950: rtg_try_acquire_lock: rtg_acquire: comm=deepPicar rtgid=1002 tgid=3218 pid=3218 prio=94
       deepPicar-3218  [000] ...1   595.380971: tracing_mark_write: gid=1002: job_start
       deepPicar-3225  [000] d..3   595.410616: rtg_try_release_lock: rtg_release: comm=deepPicar rtgid=1002 tgid=3218 pid=3225 prio=94
       deepPicar-3225  [000] d..3   595.410619: rtg_try_acquire_lock: rtg_acquire: comm=deepPicar rtgid=1002 tgid=3218 pid=3218 prio=94
       deepPicar-3218  [000] d..3   595.410732: rtg_try_release_lock: rtg_release: comm=deepPicar rtgid=1002 tgid=3218 pid=3218 prio=94
          <idle>-0     [005] dn.3   595.425121: rtg_try_acquire_lock: rtg_acquire: comm=deepPicar rtgid=1001 tgid=3188 pid=3188 prio=93
        tau_rt_4-3217  [000] ...1   595.425273: tracing_mark_write: gid=1001: job_start
       deepPicar-3187  [004] d..3   595.445385: rtg_try_release_lock: rtg_release: comm=deepPicar rtgid=1001 tgid=3187 pid=3187 prio=93
          <idle>-0     [000] dn.3   595.455943: rtg_try_acquire_lock: rtg_acquire: comm=deepPicar rtgid=1002 tgid=3218 pid=3218 prio=94
       deepPicar-3218  [000] ...1   595.455979: tracing_mark_write: gid=1002: job_start
       deepPicar-3225  [000] d..3   595.485629: rtg_try_release_lock: rtg_release: comm=deepPicar rtgid=1002 tgid=3218 pid=3225 prio=94
       deepPicar-3225  [000] d..3   595.485633: rtg_try_acquire_lock: rtg_acquire: comm=deepPicar rtgid=1002 tgid=3218 pid=3218 prio=94
       deepPicar-3218  [000] d..3   595.485747: rtg_try_release_lock: rtg_release: comm=deepPicar rtgid=1002 tgid=3218 pid=3218 prio=94
          <idle>-0     [005] dn.3   595.500120: rtg_try_acquire_lock: rtg_acquire: comm=deepPicar rtgid=1001 tgid=3188 pid=3188 prio=93
        tau_rt_4-3217  [000] ...1   595.500273: tracing_mark_write: gid=1001: job_start
       deepPicar-3187  [004] d..3   595.520509: rtg_try_release_lock: rtg_release: comm=deepPicar rtgid=1001 tgid=3187 pid=3187 prio=93
          <idle>-0     [000] dn.3   595.530948: rtg_try_acquire_lock: rtg_acquire: comm=deepPicar rtgid=1002 tgid=3218 pid=3218 prio=94
       deepPicar-3218  [000] ...1   595.530969: tracing_mark_write: gid=1002: job_start
       deepPicar-3225  [000] d..3   595.560662: rtg_try_release_lock: rtg_release: comm=deepPicar rtgid=1002 tgid=3218 pid=3225 prio=94
       deepPicar-3225  [000] d..3   595.560666: rtg_try_acquire_lock: rtg_acquire: comm=deepPicar rtgid=1002 tgid=3218 pid=3218 prio=94
       deepPicar-3218  [000] d..3   595.560780: rtg_try_release_lock: rtg_release: comm=deepPicar rtgid=1002 tgid=3218 pid=3218 prio=94
          <idle>-0     [005] dn.3   595.575120: rtg_try_acquire_lock: rtg_acquire: comm=deepPicar rtgid=1001 tgid=3188 pid=3188 prio=93
        tau_rt_4-3217  [000] ...1   595.575272: tracing_mark_write: gid=1001: job_start
        tau_rt_4-3217  [000] d..3   595.595443: rtg_try_release_lock: rtg_release: comm=tau_rt_4 rtgid=1001 tgid=3183 pid=3217 prio=93
          <idle>-0     [000] dn.3   595.605943: rtg_try_acquire_lock: rtg_acquire: comm=deepPicar rtgid=1002 tgid=3218 pid=3218 prio=94
       deepPicar-3218  [000] ...1   595.605965: tracing_mark_write: gid=1002: job_start
       deepPicar-3225  [000] d..3   595.635634: rtg_try_release_lock: rtg_release: comm=deepPicar rtgid=1002 tgid=3218 pid=3225 prio=94
       deepPicar-3225  [000] d..3   595.635637: rtg_try_acquire_lock: rtg_acquire: comm=deepPicar rtgid=1002 tgid=3218 pid=3218 prio=94
       deepPicar-3218  [000] d..3   595.635752: rtg_try_release_lock: rtg_release: comm=deepPicar rtgid=1002 tgid=3218 pid=3218 prio=94
          <idle>-0     [005] dn.3   595.650122: rtg_try_acquire_lock: rtg_acquire: comm=deepPicar rtgid=1001 tgid=3188 pid=3188 prio=93
        tau_rt_4-3217  [000] ...1   595.650273: tracing_mark_write: gid=1001: job_start
       deepPicar-3187  [004] d..3   595.670477: rtg_try_release_lock: rtg_release: comm=deepPicar rtgid=1001 tgid=3187 pid=3187 prio=93
          <idle>-0     [000] dn.3   595.680949: rtg_try_acquire_lock: rtg_acquire: comm=deepPicar rtgid=1002 tgid=3218 pid=3218 prio=94
       deepPicar-3218  [000] ...1   595.680970: tracing_mark_write: gid=1002: job_start
       deepPicar-3225  [000] d..3   595.710573: rtg_try_release_lock: rtg_release: comm=deepPicar rtgid=1002 tgid=3218 pid=3225 prio=94
       deepPicar-3225  [000] d..3   595.710576: rtg_try_acquire_lock: rtg_acquire: comm=deepPicar rtgid=1002 tgid=3218 pid=3218 prio=94
       deepPicar-3218  [000] d..3   595.710689: rtg_try_release_lock: rtg_release: comm=deepPicar rtgid=1002 tgid=3218 pid=3218 prio=94
          <idle>-0     [004] dn.3   595.725120: rtg_try_acquire_lock: rtg_acquire: comm=deepPicar rtgid=1001 tgid=3187 pid=3187 prio=93
        tau_rt_4-3217  [000] ...1   595.725272: tracing_mark_write: gid=1001: job_start
        tau_rt_4-3217  [000] d..3   595.745442: rtg_try_release_lock: rtg_release: comm=tau_rt_4 rtgid=1001 tgid=3183 pid=3217 prio=93
          <idle>-0     [000] dn.3   595.755943: rtg_try_acquire_lock: rtg_acquire: comm=deepPicar rtgid=1002 tgid=3218 pid=3218 prio=94
       deepPicar-3218  [000] ...1   595.755988: tracing_mark_write: gid=1002: job_start
       deepPicar-3225  [000] d..3   595.785759: rtg_try_release_lock: rtg_release: comm=deepPicar rtgid=1002 tgid=3218 pid=3225 prio=94
       deepPicar-3225  [000] d..3   595.785763: rtg_try_acquire_lock: rtg_acquire: comm=deepPicar rtgid=1002 tgid=3218 pid=3218 prio=94
       deepPicar-3218  [000] d..3   595.785875: rtg_try_release_lock: rtg_release: comm=deepPicar rtgid=1002 tgid=3218 pid=3218 prio=94
          <idle>-0     [005] dn.3   595.800119: rtg_try_acquire_lock: rtg_acquire: comm=deepPicar rtgid=1001 tgid=3188 pid=3188 prio=93
        tau_rt_4-3217  [000] ...1   595.800273: tracing_mark_write: gid=1001: job_start
       deepPicar-3187  [004] d..3   595.820573: rtg_try_release_lock: rtg_release: comm=deepPicar rtgid=1001 tgid=3187 pid=3187 prio=93
          <idle>-0     [000] dn.3   595.830944: rtg_try_acquire_lock: rtg_acquire: comm=deepPicar rtgid=1002 tgid=3218 pid=3218 prio=94
       deepPicar-3218  [000] ...1   595.830964: tracing_mark_write: gid=1002: job_start
       deepPicar-3225  [000] d..3   595.860733: rtg_try_release_lock: rtg_release: comm=deepPicar rtgid=1002 tgid=3218 pid=3225 prio=94
       deepPicar-3225  [000] d..3   595.860736: rtg_try_acquire_lock: rtg_acquire: comm=deepPicar rtgid=1002 tgid=3218 pid=3218 prio=94
       deepPicar-3218  [000] d..3   595.860849: rtg_try_release_lock: rtg_release: comm=deepPicar rtgid=1002 tgid=3218 pid=3218 prio=94
          <idle>-0     [004] dn.3   595.875120: rtg_try_acquire_lock: rtg_acquire: comm=deepPicar rtgid=1001 tgid=3187 pid=3187 prio=93
        tau_rt_4-3217  [000] ...1   595.875274: tracing_mark_write: gid=1001: job_start
        tau_rt_4-3217  [000] d..3   595.895475: rtg_try_release_lock: rtg_release: comm=tau_rt_4 rtgid=1001 tgid=3183 pid=3217 prio=93
          <idle>-0     [000] dn.3   595.905942: rtg_try_acquire_lock: rtg_acquire: comm=deepPicar rtgid=1002 tgid=3218 pid=3218 prio=94
       deepPicar-3218  [000] ...1   595.905961: tracing_mark_write: gid=1002: job_start
       deepPicar-3225  [000] d..3   595.935634: rtg_try_release_lock: rtg_release: comm=deepPicar rtgid=1002 tgid=3218 pid=3225 prio=94
       deepPicar-3225  [000] d..3   595.935637: rtg_try_acquire_lock: rtg_acquire: comm=deepPicar rtgid=1002 tgid=3218 pid=3218 prio=94
       deepPicar-3218  [000] d..3   595.935752: rtg_try_release_lock: rtg_release: comm=deepPicar rtgid=1002 tgid=3218 pid=3218 prio=94
          <idle>-0     [005] dn.3   595.950122: rtg_try_acquire_lock: rtg_acquire: comm=deepPicar rtgid=1001 tgid=3188 pid=3188 prio=93
        tau_rt_4-3217  [000] ...1   595.950273: tracing_mark_write: gid=1001: job_start
       deepPicar-3193  [004] d..3   595.970419: rtg_try_release_lock: rtg_release: comm=deepPicar rtgid=1001 tgid=3187 pid=3193 prio=93
       deepPicar-3195  [005] d..3   595.970424: rtg_try_acquire_lock: rtg_acquire: comm=deepPicar rtgid=1001 tgid=3188 pid=3188 prio=93
       deepPicar-3188  [005] d..3   595.970543: rtg_try_release_lock: rtg_release: comm=deepPicar rtgid=1001 tgid=3188 pid=3188 prio=93
          <idle>-0     [000] dn.3   595.980950: rtg_try_acquire_lock: rtg_acquire: comm=deepPicar rtgid=1002 tgid=3218 pid=3218 prio=94
       deepPicar-3218  [000] ...1   595.980971: tracing_mark_write: gid=1002: job_start
       deepPicar-3225  [000] d..3   596.010567: rtg_try_release_lock: rtg_release: comm=deepPicar rtgid=1002 tgid=3218 pid=3225 prio=94
       deepPicar-3225  [000] d..3   596.010570: rtg_try_acquire_lock: rtg_acquire: comm=deepPicar rtgid=1002 tgid=3218 pid=3218 prio=94
       deepPicar-3218  [000] d..3   596.010685: rtg_try_release_lock: rtg_release: comm=deepPicar rtgid=1002 tgid=3218 pid=3218 prio=94
          <idle>-0     [004] dn.3   596.025118: rtg_try_acquire_lock: rtg_acquire: comm=deepPicar rtgid=1001 tgid=3187 pid=3187 prio=93
        tau_rt_4-3217  [000] ...1   596.025272: tracing_mark_write: gid=1001: job_start
       deepPicar-3188  [005] d..3   596.045346: rtg_try_release_lock: rtg_release: comm=deepPicar rtgid=1001 tgid=3188 pid=3188 prio=93
          <idle>-0     [000] dn.3   596.055944: rtg_try_acquire_lock: rtg_acquire: comm=deepPicar rtgid=1002 tgid=3218 pid=3218 prio=94
       deepPicar-3218  [000] ...1   596.055981: tracing_mark_write: gid=1002: job_start
       deepPicar-3225  [000] d..3   596.085534: rtg_try_release_lock: rtg_release: comm=deepPicar rtgid=1002 tgid=3218 pid=3225 prio=94
       deepPicar-3225  [000] d..3   596.085538: rtg_try_acquire_lock: rtg_acquire: comm=deepPicar rtgid=1002 tgid=3218 pid=3218 prio=94
       deepPicar-3218  [000] d..3   596.085652: rtg_try_release_lock: rtg_release: comm=deepPicar rtgid=1002 tgid=3218 pid=3218 prio=94
          <idle>-0     [004] dn.3   596.100117: rtg_try_acquire_lock: rtg_acquire: comm=deepPicar rtgid=1001 tgid=3187 pid=3187 prio=93
        tau_rt_4-3217  [000] ...1   596.100270: tracing_mark_write: gid=1001: job_start
       deepPicar-3188  [005] d..3   596.120574: rtg_try_release_lock: rtg_release: comm=deepPicar rtgid=1001 tgid=3188 pid=3188 prio=93
          <idle>-0     [000] dn.3   596.130946: rtg_try_acquire_lock: rtg_acquire: comm=deepPicar rtgid=1002 tgid=3218 pid=3218 prio=94
       deepPicar-3218  [000] ...1   596.130966: tracing_mark_write: gid=1002: job_start
       deepPicar-3225  [000] d..3   596.160609: rtg_try_release_lock: rtg_release: comm=deepPicar rtgid=1002 tgid=3218 pid=3225 prio=94
       deepPicar-3225  [000] d..3   596.160612: rtg_try_acquire_lock: rtg_acquire: comm=deepPicar rtgid=1002 tgid=3218 pid=3218 prio=94
       deepPicar-3218  [000] d..3   596.160725: rtg_try_release_lock: rtg_release: comm=deepPicar rtgid=1002 tgid=3218 pid=3218 prio=94
          <idle>-0     [005] dn.3   596.175117: rtg_try_acquire_lock: rtg_acquire: comm=deepPicar rtgid=1001 tgid=3188 pid=3188 prio=93
        tau_rt_4-3217  [000] ...1   596.175274: tracing_mark_write: gid=1001: job_start
        tau_rt_4-3217  [000] d..3   596.195311: rtg_try_release_lock: rtg_release: comm=tau_rt_4 rtgid=1001 tgid=3183 pid=3217 prio=93
          <idle>-0     [000] dn.3   596.205942: rtg_try_acquire_lock: rtg_acquire: comm=deepPicar rtgid=1002 tgid=3218 pid=3218 prio=94
       deepPicar-3218  [000] ...1   596.205964: tracing_mark_write: gid=1002: job_start
       deepPicar-3225  [000] d..3   596.235556: rtg_try_release_lock: rtg_release: comm=deepPicar rtgid=1002 tgid=3218 pid=3225 prio=94
       deepPicar-3225  [000] d..3   596.235559: rtg_try_acquire_lock: rtg_acquire: comm=deepPicar rtgid=1002 tgid=3218 pid=3218 prio=94
       deepPicar-3218  [000] d..3   596.235673: rtg_try_release_lock: rtg_release: comm=deepPicar rtgid=1002 tgid=3218 pid=3218 prio=94
          <idle>-0     [005] dn.3   596.250118: rtg_try_acquire_lock: rtg_acquire: comm=deepPicar rtgid=1001 tgid=3188 pid=3188 prio=93
        tau_rt_4-3217  [000] ...1   596.250273: tracing_mark_write: gid=1001: job_start
        tau_rt_4-3217  [000] d..3   596.270437: rtg_try_release_lock: rtg_release: comm=tau_rt_4 rtgid=1001 tgid=3183 pid=3217 prio=93
          <idle>-0     [000] dn.3   596.280950: rtg_try_acquire_lock: rtg_acquire: comm=deepPicar rtgid=1002 tgid=3218 pid=3218 prio=94
       deepPicar-3218  [000] ...1   596.280970: tracing_mark_write: gid=1002: job_start
       deepPicar-3225  [000] d..3   596.310634: rtg_try_release_lock: rtg_release: comm=deepPicar rtgid=1002 tgid=3218 pid=3225 prio=94
       deepPicar-3225  [000] d..3   596.310638: rtg_try_acquire_lock: rtg_acquire: comm=deepPicar rtgid=1002 tgid=3218 pid=3218 prio=94
       deepPicar-3218  [000] d..3   596.310752: rtg_try_release_lock: rtg_release: comm=deepPicar rtgid=1002 tgid=3218 pid=3218 prio=94
          <idle>-0     [005] dn.3   596.325120: rtg_try_acquire_lock: rtg_acquire: comm=deepPicar rtgid=1001 tgid=3188 pid=3188 prio=93
        tau_rt_4-3217  [000] ...1   596.325270: tracing_mark_write: gid=1001: job_start
        tau_rt_4-3217  [000] d..3   596.345434: rtg_try_release_lock: rtg_release: comm=tau_rt_4 rtgid=1001 tgid=3183 pid=3217 prio=93
          <idle>-0     [000] dn.3   596.355942: rtg_try_acquire_lock: rtg_acquire: comm=deepPicar rtgid=1002 tgid=3218 pid=3218 prio=94
       deepPicar-3218  [000] ...1   596.355988: tracing_mark_write: gid=1002: job_start
       deepPicar-3225  [000] d..3   596.385783: rtg_try_release_lock: rtg_release: comm=deepPicar rtgid=1002 tgid=3218 pid=3225 prio=94
       deepPicar-3225  [000] d..3   596.385786: rtg_try_acquire_lock: rtg_acquire: comm=deepPicar rtgid=1002 tgid=3218 pid=3218 prio=94
       deepPicar-3218  [000] d..3   596.385901: rtg_try_release_lock: rtg_release: comm=deepPicar rtgid=1002 tgid=3218 pid=3218 prio=94
          <idle>-0     [005] dn.3   596.400121: rtg_try_acquire_lock: rtg_acquire: comm=deepPicar rtgid=1001 tgid=3188 pid=3188 prio=93
        tau_rt_4-3217  [000] ...1   596.400273: tracing_mark_write: gid=1001: job_start
        tau_rt_4-3217  [000] d..3   596.420489: rtg_try_release_lock: rtg_release: comm=tau_rt_4 rtgid=1001 tgid=3183 pid=3217 prio=93
          <idle>-0     [000] dn.3   596.430949: rtg_try_acquire_lock: rtg_acquire: comm=deepPicar rtgid=1002 tgid=3218 pid=3218 prio=94
       deepPicar-3218  [000] ...1   596.430970: tracing_mark_write: gid=1002: job_start
       deepPicar-3225  [000] d..3   596.460634: rtg_try_release_lock: rtg_release: comm=deepPicar rtgid=1002 tgid=3218 pid=3225 prio=94
       deepPicar-3225  [000] d..3   596.460638: rtg_try_acquire_lock: rtg_acquire: comm=deepPicar rtgid=1002 tgid=3218 pid=3218 prio=94
       deepPicar-3218  [000] d..3   596.460751: rtg_try_release_lock: rtg_release: comm=deepPicar rtgid=1002 tgid=3218 pid=3218 prio=94
          <idle>-0     [004] dn.3   596.475122: rtg_try_acquire_lock: rtg_acquire: comm=deepPicar rtgid=1001 tgid=3187 pid=3187 prio=93
        tau_rt_4-3217  [000] ...1   596.475275: tracing_mark_write: gid=1001: job_start
        tau_rt_4-3217  [000] d..3   596.495511: rtg_try_release_lock: rtg_release: comm=tau_rt_4 rtgid=1001 tgid=3183 pid=3217 prio=93
          <idle>-0     [000] dn.3   596.505942: rtg_try_acquire_lock: rtg_acquire: comm=deepPicar rtgid=1002 tgid=3218 pid=3218 prio=94
       deepPicar-3218  [000] ...1   596.505964: tracing_mark_write: gid=1002: job_start
       deepPicar-3225  [000] d..3   596.535644: rtg_try_release_lock: rtg_release: comm=deepPicar rtgid=1002 tgid=3218 pid=3225 prio=94
       deepPicar-3225  [000] d..3   596.535647: rtg_try_acquire_lock: rtg_acquire: comm=deepPicar rtgid=1002 tgid=3218 pid=3218 prio=94
