        tau_rt_3-3900  [004] dn.3  1298.265661: rtg_try_acquire_lock: rtg_preemptor: comm=deepPicar rtgid=1001 tgid=3855 pid=3855 prio=93
        tau_rt_3-3900  [004] dn.3  1298.265664: rtg_try_acquire_lock: rtg_preemptee: comm=tau_rt_2 rtgid=1002 tgid=3897 pid=3902 prio=94
       deepPicar-3851  [000] ...1  1298.265693: tracing_mark_write: gid=1001: job_start
       deepPicar-3855  [004] d..3  1298.266997: rtg_try_release_lock: rtg_release: comm=deepPicar rtgid=1001 tgid=3855 pid=3855 prio=93
       deepPicar-3854  [003] d..3  1298.267001: rtg_try_acquire_lock: rtg_acquire: comm=deepPicar rtgid=1001 tgid=3854 pid=3892 prio=93
       deepPicar-3851  [000] d..3  1298.281163: rtg_try_acquire_lock: rtg_block: comm=tau_rt_1 rtgid=1002 tgid=3894 pid=3901 prio=94
       deepPicar-3854  [003] d..3  1298.281167: rtg_try_acquire_lock: rtg_block: comm=tau_rt_2 rtgid=1002 tgid=3897 pid=3902 prio=94
       deepPicar-3856  [005] d..3  1298.281196: rtg_try_acquire_lock: rtg_block: comm=tau_rt_4 rtgid=1002 tgid=3899 pid=3903 prio=94
       deepPicar-3864  [004] d..3  1298.281448: rtg_try_release_lock: rtg_release: comm=deepPicar rtgid=1001 tgid=3855 pid=3864 prio=93
          <idle>-0     [005] dn.3  1298.281451: rtg_try_acquire_lock: rtg_acquire: comm=tau_rt_4 rtgid=1002 tgid=3899 pid=3903 prio=94
       deepPicar-3864  [004] d..3  1298.281454: rtg_try_acquire_lock: rtg_preemptor: comm=deepPicar rtgid=1001 tgid=3855 pid=3855 prio=93
       deepPicar-3864  [004] d..3  1298.281455: rtg_try_acquire_lock: rtg_preemptee: comm=tau_rt_4 rtgid=1002 tgid=3899 pid=3903 prio=94
        tau_rt_1-3901  [000] dn.3  1298.281459: rtg_try_acquire_lock: rtg_block: comm=tau_rt_1 rtgid=1002 tgid=3894 pid=3901 prio=94
        tau_rt_2-3902  [003] dn.3  1298.281460: rtg_try_acquire_lock: rtg_block: comm=tau_rt_2 rtgid=1002 tgid=3897 pid=3902 prio=94
        tau_rt_4-3903  [005] dn.3  1298.281462: rtg_try_acquire_lock: rtg_block: comm=tau_rt_4 rtgid=1002 tgid=3899 pid=3903 prio=94
       deepPicar-3855  [004] d..3  1298.281545: rtg_try_release_lock: rtg_release: comm=deepPicar rtgid=1001 tgid=3855 pid=3855 prio=93
          <idle>-0     [000] dn.3  1298.281547: rtg_try_acquire_lock: rtg_acquire: comm=tau_rt_1 rtgid=1002 tgid=3894 pid=3901 prio=94
        tau_rt_1-3901  [000] d..3  1298.285841: rtg_try_release_lock: rtg_release: comm=tau_rt_1 rtgid=1002 tgid=3894 pid=3901 prio=94
          <idle>-0     [003] dn.3  1298.296857: rtg_try_acquire_lock: rtg_acquire: comm=tau_rt_2 rtgid=1002 tgid=3897 pid=3902 prio=94
        tau_rt_1-3901  [000] ...1  1298.296885: tracing_mark_write: gid=1002: job_start
        tau_rt_3-3900  [004] dn.3  1298.315660: rtg_try_acquire_lock: rtg_preemptor: comm=deepPicar rtgid=1001 tgid=3855 pid=3855 prio=93
        tau_rt_3-3900  [004] dn.3  1298.315663: rtg_try_acquire_lock: rtg_preemptee: comm=tau_rt_2 rtgid=1002 tgid=3897 pid=3902 prio=94
       deepPicar-3851  [000] ...1  1298.315691: tracing_mark_write: gid=1001: job_start
       deepPicar-3854  [003] d..3  1298.317073: rtg_try_release_lock: rtg_release: comm=deepPicar rtgid=1001 tgid=3854 pid=3854 prio=93
       deepPicar-3855  [004] d..3  1298.317077: rtg_try_acquire_lock: rtg_acquire: comm=deepPicar rtgid=1001 tgid=3855 pid=3878 prio=93
       deepPicar-3854  [003] d..3  1298.331555: rtg_try_acquire_lock: rtg_block: comm=tau_rt_2 rtgid=1002 tgid=3897 pid=3902 prio=94
       deepPicar-3851  [000] d..3  1298.331559: rtg_try_acquire_lock: rtg_block: comm=tau_rt_1 rtgid=1002 tgid=3894 pid=3901 prio=94
       deepPicar-3856  [005] d..3  1298.331662: rtg_try_acquire_lock: rtg_block: comm=tau_rt_4 rtgid=1002 tgid=3899 pid=3903 prio=94
       deepPicar-3864  [004] d..3  1298.331767: rtg_try_release_lock: rtg_release: comm=deepPicar rtgid=1001 tgid=3855 pid=3864 prio=93
          <idle>-0     [003] dn.3  1298.331769: rtg_try_acquire_lock: rtg_acquire: comm=tau_rt_2 rtgid=1002 tgid=3897 pid=3902 prio=94
       deepPicar-3864  [004] d..3  1298.331772: rtg_try_acquire_lock: rtg_preemptor: comm=deepPicar rtgid=1001 tgid=3855 pid=3855 prio=93
       deepPicar-3864  [004] d..3  1298.331773: rtg_try_acquire_lock: rtg_preemptee: comm=tau_rt_2 rtgid=1002 tgid=3897 pid=3902 prio=94
        tau_rt_1-3901  [000] dn.3  1298.331777: rtg_try_acquire_lock: rtg_block: comm=tau_rt_1 rtgid=1002 tgid=3894 pid=3901 prio=94
        tau_rt_2-3902  [003] dn.3  1298.331779: rtg_try_acquire_lock: rtg_block: comm=tau_rt_2 rtgid=1002 tgid=3897 pid=3902 prio=94
        tau_rt_4-3903  [005] dn.3  1298.331781: rtg_try_acquire_lock: rtg_block: comm=tau_rt_4 rtgid=1002 tgid=3899 pid=3903 prio=94
       deepPicar-3855  [004] d..3  1298.331864: rtg_try_release_lock: rtg_release: comm=deepPicar rtgid=1001 tgid=3855 pid=3855 prio=93
          <idle>-0     [005] dn.3  1298.331867: rtg_try_acquire_lock: rtg_acquire: comm=tau_rt_4 rtgid=1002 tgid=3899 pid=3903 prio=94
        tau_rt_2-3902  [003] d..3  1298.336263: rtg_try_release_lock: rtg_release: comm=tau_rt_2 rtgid=1002 tgid=3897 pid=3902 prio=94
          <idle>-0     [005] dn.3  1298.346853: rtg_try_acquire_lock: rtg_acquire: comm=tau_rt_4 rtgid=1002 tgid=3899 pid=3903 prio=94
        tau_rt_1-3901  [000] ...1  1298.346882: tracing_mark_write: gid=1002: job_start
        tau_rt_4-3903  [005] dn.3  1298.365658: rtg_try_acquire_lock: rtg_preemptor: comm=deepPicar rtgid=1001 tgid=3856 pid=3856 prio=93
        tau_rt_4-3903  [005] dn.3  1298.365660: rtg_try_acquire_lock: rtg_preemptee: comm=tau_rt_4 rtgid=1002 tgid=3899 pid=3903 prio=94
       deepPicar-3851  [000] ...1  1298.365690: tracing_mark_write: gid=1001: job_start
       deepPicar-3851  [000] d..3  1298.366998: rtg_try_release_lock: rtg_release: comm=deepPicar rtgid=1001 tgid=3851 pid=3851 prio=93
       deepPicar-3856  [005] d..3  1298.367002: rtg_try_acquire_lock: rtg_acquire: comm=deepPicar rtgid=1001 tgid=3856 pid=3880 prio=93
       deepPicar-3851  [000] d..3  1298.381181: rtg_try_acquire_lock: rtg_block: comm=tau_rt_1 rtgid=1002 tgid=3894 pid=3901 prio=94
       deepPicar-3854  [003] d..3  1298.381185: rtg_try_acquire_lock: rtg_block: comm=tau_rt_2 rtgid=1002 tgid=3897 pid=3902 prio=94
       deepPicar-3856  [005] d..3  1298.381342: rtg_try_acquire_lock: rtg_block: comm=tau_rt_4 rtgid=1002 tgid=3899 pid=3903 prio=94
       deepPicar-3864  [004] d..3  1298.381420: rtg_try_release_lock: rtg_release: comm=deepPicar rtgid=1001 tgid=3855 pid=3864 prio=93
          <idle>-0     [005] dn.3  1298.381423: rtg_try_acquire_lock: rtg_acquire: comm=tau_rt_4 rtgid=1002 tgid=3899 pid=3903 prio=94
       deepPicar-3864  [004] d..3  1298.381426: rtg_try_acquire_lock: rtg_preemptor: comm=deepPicar rtgid=1001 tgid=3855 pid=3855 prio=93
       deepPicar-3864  [004] d..3  1298.381426: rtg_try_acquire_lock: rtg_preemptee: comm=tau_rt_4 rtgid=1002 tgid=3899 pid=3903 prio=94
        tau_rt_1-3901  [000] dn.3  1298.381430: rtg_try_acquire_lock: rtg_block: comm=tau_rt_1 rtgid=1002 tgid=3894 pid=3901 prio=94
        tau_rt_2-3902  [003] dn.3  1298.381432: rtg_try_acquire_lock: rtg_block: comm=tau_rt_2 rtgid=1002 tgid=3897 pid=3902 prio=94
        tau_rt_4-3903  [005] dn.3  1298.381433: rtg_try_acquire_lock: rtg_block: comm=tau_rt_4 rtgid=1002 tgid=3899 pid=3903 prio=94
       deepPicar-3855  [004] d..3  1298.381512: rtg_try_release_lock: rtg_release: comm=deepPicar rtgid=1001 tgid=3855 pid=3855 prio=93
          <idle>-0     [003] dn.3  1298.381514: rtg_try_acquire_lock: rtg_acquire: comm=tau_rt_2 rtgid=1002 tgid=3897 pid=3902 prio=94
        tau_rt_2-3902  [003] d..3  1298.385909: rtg_try_release_lock: rtg_release: comm=tau_rt_2 rtgid=1002 tgid=3897 pid=3902 prio=94
          <idle>-0     [004] dn.3  1298.396855: rtg_try_acquire_lock: rtg_acquire: comm=tau_rt_3 rtgid=1002 tgid=3898 pid=3900 prio=94
        tau_rt_1-3901  [000] ...1  1298.396884: tracing_mark_write: gid=1002: job_start
        tau_rt_3-3900  [004] dn.3  1298.415659: rtg_try_acquire_lock: rtg_preemptor: comm=deepPicar rtgid=1001 tgid=3855 pid=3855 prio=93
        tau_rt_3-3900  [004] dn.3  1298.415661: rtg_try_acquire_lock: rtg_preemptee: comm=tau_rt_3 rtgid=1002 tgid=3898 pid=3900 prio=94
       deepPicar-3851  [000] ...1  1298.415692: tracing_mark_write: gid=1001: job_start
       deepPicar-3856  [005] d..3  1298.416999: rtg_try_release_lock: rtg_release: comm=deepPicar rtgid=1001 tgid=3856 pid=3856 prio=93
       deepPicar-3855  [004] d..3  1298.417003: rtg_try_acquire_lock: rtg_acquire: comm=deepPicar rtgid=1001 tgid=3855 pid=3883 prio=93
       deepPicar-3851  [000] d..3  1298.431273: rtg_try_acquire_lock: rtg_block: comm=tau_rt_1 rtgid=1002 tgid=3894 pid=3901 prio=94
       deepPicar-3854  [003] d..3  1298.431277: rtg_try_acquire_lock: rtg_block: comm=tau_rt_2 rtgid=1002 tgid=3897 pid=3902 prio=94
       deepPicar-3856  [005] d..3  1298.431387: rtg_try_acquire_lock: rtg_block: comm=tau_rt_4 rtgid=1002 tgid=3899 pid=3903 prio=94
       deepPicar-3864  [004] d..3  1298.431484: rtg_try_release_lock: rtg_release: comm=deepPicar rtgid=1001 tgid=3855 pid=3864 prio=93
          <idle>-0     [003] dn.3  1298.431487: rtg_try_acquire_lock: rtg_acquire: comm=tau_rt_2 rtgid=1002 tgid=3897 pid=3902 prio=94
       deepPicar-3864  [004] d..3  1298.431490: rtg_try_acquire_lock: rtg_preemptor: comm=deepPicar rtgid=1001 tgid=3855 pid=3855 prio=93
       deepPicar-3864  [004] d..3  1298.431491: rtg_try_acquire_lock: rtg_preemptee: comm=tau_rt_2 rtgid=1002 tgid=3897 pid=3902 prio=94
        tau_rt_1-3901  [000] dn.3  1298.431494: rtg_try_acquire_lock: rtg_block: comm=tau_rt_1 rtgid=1002 tgid=3894 pid=3901 prio=94
        tau_rt_2-3902  [003] dn.3  1298.431496: rtg_try_acquire_lock: rtg_block: comm=tau_rt_2 rtgid=1002 tgid=3897 pid=3902 prio=94
        tau_rt_4-3903  [005] dn.3  1298.431498: rtg_try_acquire_lock: rtg_block: comm=tau_rt_4 rtgid=1002 tgid=3899 pid=3903 prio=94
       deepPicar-3855  [004] d..3  1298.431579: rtg_try_release_lock: rtg_release: comm=deepPicar rtgid=1001 tgid=3855 pid=3855 prio=93
          <idle>-0     [003] dn.3  1298.431581: rtg_try_acquire_lock: rtg_acquire: comm=tau_rt_2 rtgid=1002 tgid=3897 pid=3902 prio=94
        tau_rt_1-3901  [000] d..3  1298.435916: rtg_try_release_lock: rtg_release: comm=tau_rt_1 rtgid=1002 tgid=3894 pid=3901 prio=94
          <idle>-0     [000] dn.3  1298.446852: rtg_try_acquire_lock: rtg_acquire: comm=tau_rt_1 rtgid=1002 tgid=3894 pid=3901 prio=94
        tau_rt_1-3901  [000] ...1  1298.446879: tracing_mark_write: gid=1002: job_start
        tau_rt_2-3902  [003] dn.3  1298.465658: rtg_try_acquire_lock: rtg_preemptor: comm=deepPicar rtgid=1001 tgid=3854 pid=3854 prio=93
        tau_rt_2-3902  [003] dn.3  1298.465661: rtg_try_acquire_lock: rtg_preemptee: comm=tau_rt_1 rtgid=1002 tgid=3894 pid=3901 prio=94
       deepPicar-3851  [000] ...1  1298.465691: tracing_mark_write: gid=1001: job_start
       deepPicar-3855  [004] d..3  1298.467006: rtg_try_release_lock: rtg_release: comm=deepPicar rtgid=1001 tgid=3855 pid=3855 prio=93
       deepPicar-3854  [003] d..3  1298.467010: rtg_try_acquire_lock: rtg_acquire: comm=deepPicar rtgid=1001 tgid=3854 pid=3887 prio=93
       deepPicar-3851  [000] d..3  1298.481462: rtg_try_acquire_lock: rtg_block: comm=tau_rt_1 rtgid=1002 tgid=3894 pid=3901 prio=94
       deepPicar-3854  [003] d..3  1298.481466: rtg_try_acquire_lock: rtg_block: comm=tau_rt_2 rtgid=1002 tgid=3897 pid=3902 prio=94
       deepPicar-3856  [005] d..3  1298.481517: rtg_try_acquire_lock: rtg_block: comm=tau_rt_4 rtgid=1002 tgid=3899 pid=3903 prio=94
       deepPicar-3864  [004] d..3  1298.481686: rtg_try_release_lock: rtg_release: comm=deepPicar rtgid=1001 tgid=3855 pid=3864 prio=93
          <idle>-0     [005] dn.3  1298.481689: rtg_try_acquire_lock: rtg_acquire: comm=tau_rt_4 rtgid=1002 tgid=3899 pid=3903 prio=94
       deepPicar-3864  [004] d..3  1298.481692: rtg_try_acquire_lock: rtg_preemptor: comm=deepPicar rtgid=1001 tgid=3855 pid=3855 prio=93
       deepPicar-3864  [004] d..3  1298.481693: rtg_try_acquire_lock: rtg_preemptee: comm=tau_rt_4 rtgid=1002 tgid=3899 pid=3903 prio=94
        tau_rt_1-3901  [000] dn.3  1298.481696: rtg_try_acquire_lock: rtg_block: comm=tau_rt_1 rtgid=1002 tgid=3894 pid=3901 prio=94
        tau_rt_2-3902  [003] dn.3  1298.481698: rtg_try_acquire_lock: rtg_block: comm=tau_rt_2 rtgid=1002 tgid=3897 pid=3902 prio=94
        tau_rt_4-3903  [005] dn.3  1298.481700: rtg_try_acquire_lock: rtg_block: comm=tau_rt_4 rtgid=1002 tgid=3899 pid=3903 prio=94
       deepPicar-3855  [004] d..3  1298.481782: rtg_try_release_lock: rtg_release: comm=deepPicar rtgid=1001 tgid=3855 pid=3855 prio=93
          <idle>-0     [000] dn.3  1298.481784: rtg_try_acquire_lock: rtg_acquire: comm=tau_rt_1 rtgid=1002 tgid=3894 pid=3901 prio=94
        tau_rt_2-3902  [003] d..3  1298.486232: rtg_try_release_lock: rtg_release: comm=tau_rt_2 rtgid=1002 tgid=3897 pid=3902 prio=94
          <idle>-0     [000] dn.3  1298.496851: rtg_try_acquire_lock: rtg_acquire: comm=tau_rt_1 rtgid=1002 tgid=3894 pid=3901 prio=94
        tau_rt_1-3901  [000] ...1  1298.496879: tracing_mark_write: gid=1002: job_start
        tau_rt_3-3900  [004] dn.3  1298.515659: rtg_try_acquire_lock: rtg_preemptor: comm=deepPicar rtgid=1001 tgid=3855 pid=3855 prio=93
        tau_rt_3-3900  [004] dn.3  1298.515661: rtg_try_acquire_lock: rtg_preemptee: comm=tau_rt_1 rtgid=1002 tgid=3894 pid=3901 prio=94
       deepPicar-3851  [000] ...1  1298.515690: tracing_mark_write: gid=1001: job_start
       deepPicar-3855  [004] d..3  1298.517033: rtg_try_release_lock: rtg_release: comm=deepPicar rtgid=1001 tgid=3855 pid=3855 prio=93
       deepPicar-3856  [005] d..3  1298.517037: rtg_try_acquire_lock: rtg_acquire: comm=deepPicar rtgid=1001 tgid=3856 pid=3888 prio=93
       deepPicar-3854  [003] d..3  1298.531376: rtg_try_acquire_lock: rtg_block: comm=tau_rt_2 rtgid=1002 tgid=3897 pid=3902 prio=94
       deepPicar-3851  [000] d..3  1298.531380: rtg_try_acquire_lock: rtg_block: comm=tau_rt_1 rtgid=1002 tgid=3894 pid=3901 prio=94
       deepPicar-3856  [005] d..3  1298.531496: rtg_try_acquire_lock: rtg_block: comm=tau_rt_4 rtgid=1002 tgid=3899 pid=3903 prio=94
       deepPicar-3864  [004] d..3  1298.531582: rtg_try_release_lock: rtg_release: comm=deepPicar rtgid=1001 tgid=3855 pid=3864 prio=93
          <idle>-0     [005] dn.3  1298.531585: rtg_try_acquire_lock: rtg_acquire: comm=tau_rt_4 rtgid=1002 tgid=3899 pid=3903 prio=94
       deepPicar-3864  [004] d..3  1298.531588: rtg_try_acquire_lock: rtg_preemptor: comm=deepPicar rtgid=1001 tgid=3855 pid=3855 prio=93
       deepPicar-3864  [004] d..3  1298.531588: rtg_try_acquire_lock: rtg_preemptee: comm=tau_rt_4 rtgid=1002 tgid=3899 pid=3903 prio=94
        tau_rt_1-3901  [000] dn.3  1298.531592: rtg_try_acquire_lock: rtg_block: comm=tau_rt_1 rtgid=1002 tgid=3894 pid=3901 prio=94
        tau_rt_2-3902  [003] dn.3  1298.531594: rtg_try_acquire_lock: rtg_block: comm=tau_rt_2 rtgid=1002 tgid=3897 pid=3902 prio=94
        tau_rt_4-3903  [005] dn.3  1298.531595: rtg_try_acquire_lock: rtg_block: comm=tau_rt_4 rtgid=1002 tgid=3899 pid=3903 prio=94
       deepPicar-3855  [004] d..3  1298.531675: rtg_try_release_lock: rtg_release: comm=deepPicar rtgid=1001 tgid=3855 pid=3855 prio=93
          <idle>-0     [003] dn.3  1298.531677: rtg_try_acquire_lock: rtg_acquire: comm=tau_rt_2 rtgid=1002 tgid=3897 pid=3902 prio=94
        tau_rt_1-3901  [000] d..3  1298.536036: rtg_try_release_lock: rtg_release: comm=tau_rt_1 rtgid=1002 tgid=3894 pid=3901 prio=94
          <idle>-0     [003] dn.3  1298.546851: rtg_try_acquire_lock: rtg_acquire: comm=tau_rt_2 rtgid=1002 tgid=3897 pid=3902 prio=94
        tau_rt_1-3901  [000] ...1  1298.546880: tracing_mark_write: gid=1002: job_start
        tau_rt_2-3902  [003] dn.3  1298.565658: rtg_try_acquire_lock: rtg_preemptor: comm=deepPicar rtgid=1001 tgid=3854 pid=3854 prio=93
        tau_rt_2-3902  [003] dn.3  1298.565660: rtg_try_acquire_lock: rtg_preemptee: comm=tau_rt_2 rtgid=1002 tgid=3897 pid=3902 prio=94
       deepPicar-3851  [000] ...1  1298.565688: tracing_mark_write: gid=1001: job_start
       deepPicar-3851  [000] d..3  1298.567052: rtg_try_release_lock: rtg_release: comm=deepPicar rtgid=1001 tgid=3851 pid=3851 prio=93
       deepPicar-3854  [003] d..3  1298.567056: rtg_try_acquire_lock: rtg_acquire: comm=deepPicar rtgid=1001 tgid=3854 pid=3892 prio=93
       deepPicar-3854  [003] d..3  1298.581171: rtg_try_acquire_lock: rtg_block: comm=tau_rt_2 rtgid=1002 tgid=3897 pid=3902 prio=94
       deepPicar-3851  [000] d..3  1298.581175: rtg_try_acquire_lock: rtg_block: comm=tau_rt_1 rtgid=1002 tgid=3894 pid=3901 prio=94
       deepPicar-3856  [005] d..3  1298.581372: rtg_try_acquire_lock: rtg_block: comm=tau_rt_4 rtgid=1002 tgid=3899 pid=3903 prio=94
       deepPicar-3864  [004] d..3  1298.581464: rtg_try_release_lock: rtg_release: comm=deepPicar rtgid=1001 tgid=3855 pid=3864 prio=93
          <idle>-0     [000] dn.3  1298.581466: rtg_try_acquire_lock: rtg_acquire: comm=tau_rt_1 rtgid=1002 tgid=3894 pid=3901 prio=94
       deepPicar-3864  [004] d..3  1298.581469: rtg_try_acquire_lock: rtg_preemptor: comm=deepPicar rtgid=1001 tgid=3855 pid=3855 prio=93
       deepPicar-3864  [004] d..3  1298.581470: rtg_try_acquire_lock: rtg_preemptee: comm=tau_rt_1 rtgid=1002 tgid=3894 pid=3901 prio=94
        tau_rt_2-3902  [003] dn.3  1298.581474: rtg_try_acquire_lock: rtg_block: comm=tau_rt_2 rtgid=1002 tgid=3897 pid=3902 prio=94
        tau_rt_1-3901  [000] dn.3  1298.581475: rtg_try_acquire_lock: rtg_block: comm=tau_rt_1 rtgid=1002 tgid=3894 pid=3901 prio=94
        tau_rt_4-3903  [005] dn.3  1298.581477: rtg_try_acquire_lock: rtg_block: comm=tau_rt_4 rtgid=1002 tgid=3899 pid=3903 prio=94
       deepPicar-3855  [004] d..3  1298.581554: rtg_try_release_lock: rtg_release: comm=deepPicar rtgid=1001 tgid=3855 pid=3855 prio=93
          <idle>-0     [000] dn.3  1298.581556: rtg_try_acquire_lock: rtg_acquire: comm=tau_rt_1 rtgid=1002 tgid=3894 pid=3901 prio=94
        tau_rt_2-3902  [003] d..3  1298.585901: rtg_try_release_lock: rtg_release: comm=tau_rt_2 rtgid=1002 tgid=3897 pid=3902 prio=94
          <idle>-0     [003] dn.3  1298.596852: rtg_try_acquire_lock: rtg_acquire: comm=tau_rt_2 rtgid=1002 tgid=3897 pid=3902 prio=94
        tau_rt_1-3901  [000] ...1  1298.596879: tracing_mark_write: gid=1002: job_start
        tau_rt_2-3902  [003] dn.3  1298.615659: rtg_try_acquire_lock: rtg_preemptor: comm=deepPicar rtgid=1001 tgid=3854 pid=3854 prio=93
        tau_rt_2-3902  [003] dn.3  1298.615662: rtg_try_acquire_lock: rtg_preemptee: comm=tau_rt_2 rtgid=1002 tgid=3897 pid=3902 prio=94
       deepPicar-3851  [000] ...1  1298.615692: tracing_mark_write: gid=1001: job_start
       deepPicar-3856  [005] d..3  1298.617002: rtg_try_release_lock: rtg_release: comm=deepPicar rtgid=1001 tgid=3856 pid=3856 prio=93
       deepPicar-3855  [004] d..3  1298.617007: rtg_try_acquire_lock: rtg_acquire: comm=deepPicar rtgid=1001 tgid=3855 pid=3878 prio=93
       deepPicar-3854  [003] d..3  1298.631297: rtg_try_acquire_lock: rtg_block: comm=tau_rt_2 rtgid=1002 tgid=3897 pid=3902 prio=94
       deepPicar-3851  [000] d..3  1298.631315: rtg_try_acquire_lock: rtg_block: comm=tau_rt_1 rtgid=1002 tgid=3894 pid=3901 prio=94
       deepPicar-3856  [005] d..3  1298.631486: rtg_try_acquire_lock: rtg_block: comm=tau_rt_4 rtgid=1002 tgid=3899 pid=3903 prio=94
       deepPicar-3864  [004] d..3  1298.631560: rtg_try_release_lock: rtg_release: comm=deepPicar rtgid=1001 tgid=3855 pid=3864 prio=93
          <idle>-0     [003] dn.3  1298.631562: rtg_try_acquire_lock: rtg_acquire: comm=tau_rt_2 rtgid=1002 tgid=3897 pid=3902 prio=94
       deepPicar-3864  [004] d..3  1298.631566: rtg_try_acquire_lock: rtg_preemptor: comm=deepPicar rtgid=1001 tgid=3855 pid=3855 prio=93
       deepPicar-3864  [004] d..3  1298.631567: rtg_try_acquire_lock: rtg_preemptee: comm=tau_rt_2 rtgid=1002 tgid=3897 pid=3902 prio=94
        tau_rt_1-3901  [000] dn.3  1298.631570: rtg_try_acquire_lock: rtg_block: comm=tau_rt_1 rtgid=1002 tgid=3894 pid=3901 prio=94
        tau_rt_2-3902  [003] dn.3  1298.631572: rtg_try_acquire_lock: rtg_block: comm=tau_rt_2 rtgid=1002 tgid=3897 pid=3902 prio=94
        tau_rt_4-3903  [005] dn.3  1298.631573: rtg_try_acquire_lock: rtg_block: comm=tau_rt_4 rtgid=1002 tgid=3899 pid=3903 prio=94
       deepPicar-3855  [004] d..3  1298.631652: rtg_try_release_lock: rtg_release: comm=deepPicar rtgid=1001 tgid=3855 pid=3855 prio=93
          <idle>-0     [003] dn.3  1298.631654: rtg_try_acquire_lock: rtg_acquire: comm=tau_rt_2 rtgid=1002 tgid=3897 pid=3902 prio=94
        tau_rt_2-3902  [003] d..3  1298.635986: rtg_try_release_lock: rtg_release: comm=tau_rt_2 rtgid=1002 tgid=3897 pid=3902 prio=94
          <idle>-0     [005] dn.3  1298.646854: rtg_try_acquire_lock: rtg_acquire: comm=tau_rt_4 rtgid=1002 tgid=3899 pid=3903 prio=94
        tau_rt_1-3901  [000] ...1  1298.646885: tracing_mark_write: gid=1002: job_start
        tau_rt_2-3902  [003] dn.3  1298.665659: rtg_try_acquire_lock: rtg_preemptor: comm=deepPicar rtgid=1001 tgid=3854 pid=3854 prio=93
        tau_rt_2-3902  [003] dn.3  1298.665662: rtg_try_acquire_lock: rtg_preemptee: comm=tau_rt_4 rtgid=1002 tgid=3899 pid=3903 prio=94
       deepPicar-3851  [000] ...1  1298.665691: tracing_mark_write: gid=1001: job_start
       deepPicar-3854  [003] d..3  1298.681316: rtg_try_acquire_lock: rtg_block: comm=tau_rt_2 rtgid=1002 tgid=3897 pid=3902 prio=94
       deepPicar-3851  [000] d..3  1298.681320: rtg_try_acquire_lock: rtg_block: comm=tau_rt_1 rtgid=1002 tgid=3894 pid=3901 prio=94
       deepPicar-3856  [005] d..3  1298.681416: rtg_try_acquire_lock: rtg_block: comm=tau_rt_4 rtgid=1002 tgid=3899 pid=3903 prio=94
       deepPicar-3864  [004] d..3  1298.681539: rtg_try_release_lock: rtg_release: comm=deepPicar rtgid=1001 tgid=3855 pid=3864 prio=93
          <idle>-0     [003] dn.3  1298.681542: rtg_try_acquire_lock: rtg_acquire: comm=tau_rt_2 rtgid=1002 tgid=3897 pid=3902 prio=94
       deepPicar-3864  [004] d..3  1298.681544: rtg_try_acquire_lock: rtg_preemptor: comm=deepPicar rtgid=1001 tgid=3855 pid=3855 prio=93
       deepPicar-3864  [004] d..3  1298.681545: rtg_try_acquire_lock: rtg_preemptee: comm=tau_rt_2 rtgid=1002 tgid=3897 pid=3902 prio=94
        tau_rt_1-3901  [000] dn.3  1298.681548: rtg_try_acquire_lock: rtg_block: comm=tau_rt_1 rtgid=1002 tgid=3894 pid=3901 prio=94
        tau_rt_2-3902  [003] dn.3  1298.681551: rtg_try_acquire_lock: rtg_block: comm=tau_rt_2 rtgid=1002 tgid=3897 pid=3902 prio=94
        tau_rt_4-3903  [005] dn.3  1298.681552: rtg_try_acquire_lock: rtg_block: comm=tau_rt_4 rtgid=1002 tgid=3899 pid=3903 prio=94
       deepPicar-3855  [004] d..3  1298.681633: rtg_try_release_lock: rtg_release: comm=deepPicar rtgid=1001 tgid=3855 pid=3855 prio=93
          <idle>-0     [000] dn.3  1298.681634: rtg_try_acquire_lock: rtg_acquire: comm=tau_rt_1 rtgid=1002 tgid=3894 pid=3901 prio=94
        tau_rt_1-3901  [000] d..3  1298.686052: rtg_try_release_lock: rtg_release: comm=tau_rt_1 rtgid=1002 tgid=3894 pid=3901 prio=94
          <idle>-0     [003] dn.3  1298.696858: rtg_try_acquire_lock: rtg_acquire: comm=tau_rt_2 rtgid=1002 tgid=3897 pid=3902 prio=94
        tau_rt_1-3901  [000] ...1  1298.696889: tracing_mark_write: gid=1002: job_start
        tau_rt_4-3903  [005] dn.3  1298.715660: rtg_try_acquire_lock: rtg_preemptor: comm=deepPicar rtgid=1001 tgid=3856 pid=3856 prio=93
        tau_rt_4-3903  [005] dn.3  1298.715662: rtg_try_acquire_lock: rtg_preemptee: comm=tau_rt_2 rtgid=1002 tgid=3897 pid=3902 prio=94
       deepPicar-3851  [000] ...1  1298.715691: tracing_mark_write: gid=1001: job_start
       deepPicar-3856  [005] d..3  1298.717024: rtg_try_release_lock: rtg_release: comm=deepPicar rtgid=1001 tgid=3856 pid=3856 prio=93
       deepPicar-3854  [003] d..3  1298.717028: rtg_try_acquire_lock: rtg_acquire: comm=deepPicar rtgid=1001 tgid=3854 pid=3884 prio=93
       deepPicar-3883  [004] d..3  1298.717996: rtg_try_release_lock: rtg_release: comm=deepPicar rtgid=1001 tgid=3855 pid=3883 prio=93
       deepPicar-3884  [003] d..3  1298.718000: rtg_try_acquire_lock: rtg_acquire: comm=deepPicar rtgid=1001 tgid=3854 pid=3863 prio=93
       deepPicar-3854  [003] d..3  1298.731431: rtg_try_acquire_lock: rtg_block: comm=tau_rt_2 rtgid=1002 tgid=3897 pid=3902 prio=94
       deepPicar-3851  [000] d..3  1298.731435: rtg_try_acquire_lock: rtg_block: comm=tau_rt_1 rtgid=1002 tgid=3894 pid=3901 prio=94
       deepPicar-3856  [005] d..3  1298.731553: rtg_try_acquire_lock: rtg_block: comm=tau_rt_4 rtgid=1002 tgid=3899 pid=3903 prio=94
       deepPicar-3864  [004] d..3  1298.731611: rtg_try_release_lock: rtg_release: comm=deepPicar rtgid=1001 tgid=3855 pid=3864 prio=93
          <idle>-0     [003] dn.3  1298.731614: rtg_try_acquire_lock: rtg_acquire: comm=tau_rt_2 rtgid=1002 tgid=3897 pid=3902 prio=94
       deepPicar-3864  [004] d..3  1298.731618: rtg_try_acquire_lock: rtg_preemptor: comm=deepPicar rtgid=1001 tgid=3855 pid=3855 prio=93
       deepPicar-3864  [004] d..3  1298.731618: rtg_try_acquire_lock: rtg_preemptee: comm=tau_rt_2 rtgid=1002 tgid=3897 pid=3902 prio=94
        tau_rt_1-3901  [000] dn.3  1298.731622: rtg_try_acquire_lock: rtg_block: comm=tau_rt_1 rtgid=1002 tgid=3894 pid=3901 prio=94
        tau_rt_2-3902  [003] dn.3  1298.731624: rtg_try_acquire_lock: rtg_block: comm=tau_rt_2 rtgid=1002 tgid=3897 pid=3902 prio=94
        tau_rt_4-3903  [005] dn.3  1298.731625: rtg_try_acquire_lock: rtg_block: comm=tau_rt_4 rtgid=1002 tgid=3899 pid=3903 prio=94
       deepPicar-3855  [004] d..3  1298.731706: rtg_try_release_lock: rtg_release: comm=deepPicar rtgid=1001 tgid=3855 pid=3855 prio=93
          <idle>-0     [003] dn.3  1298.731708: rtg_try_acquire_lock: rtg_acquire: comm=tau_rt_2 rtgid=1002 tgid=3897 pid=3902 prio=94
        tau_rt_1-3901  [000] d..3  1298.736157: rtg_try_release_lock: rtg_release: comm=tau_rt_1 rtgid=1002 tgid=3894 pid=3901 prio=94
          <idle>-0     [005] dn.3  1298.746852: rtg_try_acquire_lock: rtg_acquire: comm=tau_rt_4 rtgid=1002 tgid=3899 pid=3903 prio=94
        tau_rt_1-3901  [000] ...1  1298.746879: tracing_mark_write: gid=1002: job_start
        tau_rt_3-3900  [004] dn.3  1298.765660: rtg_try_acquire_lock: rtg_preemptor: comm=deepPicar rtgid=1001 tgid=3855 pid=3855 prio=93
        tau_rt_3-3900  [004] dn.3  1298.765663: rtg_try_acquire_lock: rtg_preemptee: comm=tau_rt_4 rtgid=1002 tgid=3899 pid=3903 prio=94
       deepPicar-3851  [000] ...1  1298.765691: tracing_mark_write: gid=1001: job_start
       deepPicar-3854  [003] d..3  1298.766988: rtg_try_release_lock: rtg_release: comm=deepPicar rtgid=1001 tgid=3854 pid=3854 prio=93
       deepPicar-3856  [005] d..3  1298.766991: rtg_try_acquire_lock: rtg_acquire: comm=deepPicar rtgid=1001 tgid=3856 pid=3886 prio=93
       deepPicar-3887  [003] d..3  1298.767815: rtg_try_release_lock: rtg_release: comm=deepPicar rtgid=1001 tgid=3854 pid=3887 prio=93
       deepPicar-3870  [000] d..3  1298.767819: rtg_try_acquire_lock: rtg_acquire: comm=deepPicar rtgid=1001 tgid=3851 pid=3859 prio=93
       deepPicar-3851  [000] d..3  1298.781233: rtg_try_acquire_lock: rtg_block: comm=tau_rt_1 rtgid=1002 tgid=3894 pid=3901 prio=94
       deepPicar-3854  [003] d..3  1298.781237: rtg_try_acquire_lock: rtg_block: comm=tau_rt_2 rtgid=1002 tgid=3897 pid=3902 prio=94
       deepPicar-3856  [005] d..3  1298.781367: rtg_try_acquire_lock: rtg_block: comm=tau_rt_4 rtgid=1002 tgid=3899 pid=3903 prio=94
       deepPicar-3864  [004] d..3  1298.781589: rtg_try_release_lock: rtg_release: comm=deepPicar rtgid=1001 tgid=3855 pid=3864 prio=93
          <idle>-0     [005] dn.3  1298.781592: rtg_try_acquire_lock: rtg_acquire: comm=tau_rt_4 rtgid=1002 tgid=3899 pid=3903 prio=94
       deepPicar-3864  [004] d..3  1298.781595: rtg_try_acquire_lock: rtg_preemptor: comm=deepPicar rtgid=1001 tgid=3855 pid=3855 prio=93
       deepPicar-3864  [004] d..3  1298.781596: rtg_try_acquire_lock: rtg_preemptee: comm=tau_rt_4 rtgid=1002 tgid=3899 pid=3903 prio=94
        tau_rt_1-3901  [000] dn.3  1298.781599: rtg_try_acquire_lock: rtg_block: comm=tau_rt_1 rtgid=1002 tgid=3894 pid=3901 prio=94
        tau_rt_2-3902  [003] dn.3  1298.781601: rtg_try_acquire_lock: rtg_block: comm=tau_rt_2 rtgid=1002 tgid=3897 pid=3902 prio=94
        tau_rt_4-3903  [005] dn.3  1298.781603: rtg_try_acquire_lock: rtg_block: comm=tau_rt_4 rtgid=1002 tgid=3899 pid=3903 prio=94
       deepPicar-3855  [004] d..3  1298.781684: rtg_try_release_lock: rtg_release: comm=deepPicar rtgid=1001 tgid=3855 pid=3855 prio=93
          <idle>-0     [000] dn.3  1298.781686: rtg_try_acquire_lock: rtg_acquire: comm=tau_rt_1 rtgid=1002 tgid=3894 pid=3901 prio=94
        tau_rt_2-3902  [003] d..3  1298.786058: rtg_try_release_lock: rtg_release: comm=tau_rt_2 rtgid=1002 tgid=3897 pid=3902 prio=94
          <idle>-0     [003] dn.3  1298.796853: rtg_try_acquire_lock: rtg_acquire: comm=tau_rt_2 rtgid=1002 tgid=3897 pid=3902 prio=94
        tau_rt_1-3901  [000] ...1  1298.796880: tracing_mark_write: gid=1002: job_start
        tau_rt_2-3902  [003] dn.3  1298.815659: rtg_try_acquire_lock: rtg_preemptor: comm=deepPicar rtgid=1001 tgid=3854 pid=3854 prio=93
        tau_rt_2-3902  [003] dn.3  1298.815661: rtg_try_acquire_lock: rtg_preemptee: comm=tau_rt_2 rtgid=1002 tgid=3897 pid=3902 prio=94
       deepPicar-3851  [000] ...1  1298.815691: tracing_mark_write: gid=1001: job_start
       deepPicar-3851  [000] d..3  1298.817064: rtg_try_release_lock: rtg_release: comm=deepPicar rtgid=1001 tgid=3851 pid=3851 prio=93
       deepPicar-3854  [003] d..3  1298.817068: rtg_try_acquire_lock: rtg_acquire: comm=deepPicar rtgid=1001 tgid=3854 pid=3890 prio=93
       deepPicar-3854  [003] d..3  1298.831412: rtg_try_acquire_lock: rtg_block: comm=tau_rt_2 rtgid=1002 tgid=3897 pid=3902 prio=94
       deepPicar-3851  [000] d..3  1298.831416: rtg_try_acquire_lock: rtg_block: comm=tau_rt_1 rtgid=1002 tgid=3894 pid=3901 prio=94
       deepPicar-3856  [005] d..3  1298.831471: rtg_try_acquire_lock: rtg_block: comm=tau_rt_4 rtgid=1002 tgid=3899 pid=3903 prio=94
       deepPicar-3864  [004] d..3  1298.831624: rtg_try_release_lock: rtg_release: comm=deepPicar rtgid=1001 tgid=3855 pid=3864 prio=93
          <idle>-0     [000] dn.3  1298.831628: rtg_try_acquire_lock: rtg_acquire: comm=tau_rt_1 rtgid=1002 tgid=3894 pid=3901 prio=94
       deepPicar-3864  [004] d..3  1298.831631: rtg_try_acquire_lock: rtg_preemptor: comm=deepPicar rtgid=1001 tgid=3855 pid=3855 prio=93
       deepPicar-3864  [004] d..3  1298.831631: rtg_try_acquire_lock: rtg_preemptee: comm=tau_rt_1 rtgid=1002 tgid=3894 pid=3901 prio=94
        tau_rt_1-3901  [000] dn.3  1298.831634: rtg_try_acquire_lock: rtg_block: comm=tau_rt_1 rtgid=1002 tgid=3894 pid=3901 prio=94
        tau_rt_2-3902  [003] dn.3  1298.831637: rtg_try_acquire_lock: rtg_block: comm=tau_rt_2 rtgid=1002 tgid=3897 pid=3902 prio=94
        tau_rt_4-3903  [005] dn.3  1298.831638: rtg_try_acquire_lock: rtg_block: comm=tau_rt_4 rtgid=1002 tgid=3899 pid=3903 prio=94
       deepPicar-3855  [004] d..3  1298.831720: rtg_try_release_lock: rtg_release: comm=deepPicar rtgid=1001 tgid=3855 pid=3855 prio=93
          <idle>-0     [003] dn.3  1298.831722: rtg_try_acquire_lock: rtg_acquire: comm=tau_rt_2 rtgid=1002 tgid=3897 pid=3902 prio=94
        tau_rt_2-3902  [003] d..3  1298.836057: rtg_try_release_lock: rtg_release: comm=tau_rt_2 rtgid=1002 tgid=3897 pid=3902 prio=94
          <idle>-0     [004] dn.3  1298.846853: rtg_try_acquire_lock: rtg_acquire: comm=tau_rt_3 rtgid=1002 tgid=3898 pid=3900 prio=94
        tau_rt_1-3901  [000] ...1  1298.846881: tracing_mark_write: gid=1002: job_start
        tau_rt_2-3902  [003] dn.3  1298.865659: rtg_try_acquire_lock: rtg_preemptor: comm=deepPicar rtgid=1001 tgid=3854 pid=3854 prio=93
        tau_rt_2-3902  [003] dn.3  1298.865661: rtg_try_acquire_lock: rtg_preemptee: comm=tau_rt_3 rtgid=1002 tgid=3898 pid=3900 prio=94
       deepPicar-3851  [000] ...1  1298.865689: tracing_mark_write: gid=1001: job_start
       deepPicar-3856  [005] d..3  1298.867004: rtg_try_release_lock: rtg_release: comm=deepPicar rtgid=1001 tgid=3856 pid=3856 prio=93
       deepPicar-3855  [004] d..3  1298.867008: rtg_try_acquire_lock: rtg_acquire: comm=deepPicar rtgid=1001 tgid=3855 pid=3891 prio=93
       deepPicar-3854  [003] d..3  1298.881321: rtg_try_acquire_lock: rtg_block: comm=tau_rt_2 rtgid=1002 tgid=3897 pid=3902 prio=94
       deepPicar-3851  [000] d..3  1298.881325: rtg_try_acquire_lock: rtg_block: comm=tau_rt_1 rtgid=1002 tgid=3894 pid=3901 prio=94
       deepPicar-3856  [005] d..3  1298.881328: rtg_try_acquire_lock: rtg_block: comm=tau_rt_4 rtgid=1002 tgid=3899 pid=3903 prio=94
       deepPicar-3864  [004] d..3  1298.881572: rtg_try_release_lock: rtg_release: comm=deepPicar rtgid=1001 tgid=3855 pid=3864 prio=93
          <idle>-0     [000] dn.3  1298.881575: rtg_try_acquire_lock: rtg_acquire: comm=tau_rt_1 rtgid=1002 tgid=3894 pid=3901 prio=94
       deepPicar-3864  [004] d..3  1298.881578: rtg_try_acquire_lock: rtg_preemptor: comm=deepPicar rtgid=1001 tgid=3855 pid=3855 prio=93
       deepPicar-3864  [004] d..3  1298.881579: rtg_try_acquire_lock: rtg_preemptee: comm=tau_rt_1 rtgid=1002 tgid=3894 pid=3901 prio=94
        tau_rt_1-3901  [000] dn.3  1298.881582: rtg_try_acquire_lock: rtg_block: comm=tau_rt_1 rtgid=1002 tgid=3894 pid=3901 prio=94
        tau_rt_2-3902  [003] dn.3  1298.881584: rtg_try_acquire_lock: rtg_block: comm=tau_rt_2 rtgid=1002 tgid=3897 pid=3902 prio=94
        tau_rt_4-3903  [005] dn.3  1298.881586: rtg_try_acquire_lock: rtg_block: comm=tau_rt_4 rtgid=1002 tgid=3899 pid=3903 prio=94
       deepPicar-3855  [004] d..3  1298.881676: rtg_try_release_lock: rtg_release: comm=deepPicar rtgid=1001 tgid=3855 pid=3855 prio=93
          <idle>-0     [003] dn.3  1298.881679: rtg_try_acquire_lock: rtg_acquire: comm=tau_rt_2 rtgid=1002 tgid=3897 pid=3902 prio=94
        tau_rt_2-3902  [003] d..3  1298.885986: rtg_try_release_lock: rtg_release: comm=tau_rt_2 rtgid=1002 tgid=3897 pid=3902 prio=94
          <idle>-0     [005] dn.3  1298.896853: rtg_try_acquire_lock: rtg_acquire: comm=tau_rt_4 rtgid=1002 tgid=3899 pid=3903 prio=94
        tau_rt_1-3901  [000] ...1  1298.896881: tracing_mark_write: gid=1002: job_start
        tau_rt_4-3903  [005] dn.3  1298.915659: rtg_try_acquire_lock: rtg_preemptor: comm=deepPicar rtgid=1001 tgid=3856 pid=3856 prio=93
        tau_rt_4-3903  [005] dn.3  1298.915661: rtg_try_acquire_lock: rtg_preemptee: comm=tau_rt_4 rtgid=1002 tgid=3899 pid=3903 prio=94
       deepPicar-3851  [000] ...1  1298.915689: tracing_mark_write: gid=1001: job_start
       deepPicar-3855  [004] d..3  1298.917040: rtg_try_release_lock: rtg_release: comm=deepPicar rtgid=1001 tgid=3855 pid=3855 prio=93
       deepPicar-3856  [005] d..3  1298.917044: rtg_try_acquire_lock: rtg_acquire: comm=deepPicar rtgid=1001 tgid=3856 pid=3877 prio=93
       deepPicar-3851  [000] d..3  1298.931374: rtg_try_acquire_lock: rtg_block: comm=tau_rt_1 rtgid=1002 tgid=3894 pid=3901 prio=94
       deepPicar-3854  [003] d..3  1298.931378: rtg_try_acquire_lock: rtg_block: comm=tau_rt_2 rtgid=1002 tgid=3897 pid=3902 prio=94
       deepPicar-3856  [005] d..3  1298.931611: rtg_try_acquire_lock: rtg_block: comm=tau_rt_4 rtgid=1002 tgid=3899 pid=3903 prio=94
       deepPicar-3864  [004] d..3  1298.931707: rtg_try_release_lock: rtg_release: comm=deepPicar rtgid=1001 tgid=3855 pid=3864 prio=93
          <idle>-0     [005] dn.3  1298.931709: rtg_try_acquire_lock: rtg_acquire: comm=tau_rt_4 rtgid=1002 tgid=3899 pid=3903 prio=94
       deepPicar-3864  [004] d..3  1298.931712: rtg_try_acquire_lock: rtg_preemptor: comm=deepPicar rtgid=1001 tgid=3855 pid=3855 prio=93
       deepPicar-3864  [004] d..3  1298.931713: rtg_try_acquire_lock: rtg_preemptee: comm=tau_rt_4 rtgid=1002 tgid=3899 pid=3903 prio=94
        tau_rt_1-3901  [000] dn.3  1298.931716: rtg_try_acquire_lock: rtg_block: comm=tau_rt_1 rtgid=1002 tgid=3894 pid=3901 prio=94
        tau_rt_4-3903  [005] dn.3  1298.931718: rtg_try_acquire_lock: rtg_block: comm=tau_rt_4 rtgid=1002 tgid=3899 pid=3903 prio=94
        tau_rt_2-3902  [003] dn.3  1298.931720: rtg_try_acquire_lock: rtg_block: comm=tau_rt_2 rtgid=1002 tgid=3897 pid=3902 prio=94
       deepPicar-3855  [004] d..3  1298.931801: rtg_try_release_lock: rtg_release: comm=deepPicar rtgid=1001 tgid=3855 pid=3855 prio=93
          <idle>-0     [003] dn.3  1298.931803: rtg_try_acquire_lock: rtg_acquire: comm=tau_rt_2 rtgid=1002 tgid=3897 pid=3902 prio=94
        tau_rt_2-3902  [003] d..3  1298.936077: rtg_try_release_lock: rtg_release: comm=tau_rt_2 rtgid=1002 tgid=3897 pid=3902 prio=94
          <idle>-0     [000] dn.3  1298.946852: rtg_try_acquire_lock: rtg_acquire: comm=tau_rt_1 rtgid=1002 tgid=3894 pid=3901 prio=94
        tau_rt_1-3901  [000] ...1  1298.946879: tracing_mark_write: gid=1002: job_start
        tau_rt_2-3902  [003] dn.3  1298.965660: rtg_try_acquire_lock: rtg_preemptor: comm=deepPicar rtgid=1001 tgid=3854 pid=3854 prio=93
        tau_rt_2-3902  [003] dn.3  1298.965662: rtg_try_acquire_lock: rtg_preemptee: comm=tau_rt_1 rtgid=1002 tgid=3894 pid=3901 prio=94
       deepPicar-3851  [000] ...1  1298.965692: tracing_mark_write: gid=1001: job_start
       deepPicar-3854  [003] d..3  1298.967015: rtg_try_release_lock: rtg_release: comm=deepPicar rtgid=1001 tgid=3854 pid=3854 prio=93
       deepPicar-3856  [005] d..3  1298.967018: rtg_try_acquire_lock: rtg_acquire: comm=deepPicar rtgid=1001 tgid=3856 pid=3880 prio=93
       deepPicar-3879  [004] d..3  1298.967835: rtg_try_release_lock: rtg_release: comm=deepPicar rtgid=1001 tgid=3855 pid=3879 prio=93
       deepPicar-3868  [000] d..3  1298.967839: rtg_try_acquire_lock: rtg_acquire: comm=deepPicar rtgid=1001 tgid=3851 pid=3859 prio=93
       deepPicar-3851  [000] d..3  1298.981243: rtg_try_acquire_lock: rtg_block: comm=tau_rt_1 rtgid=1002 tgid=3894 pid=3901 prio=94
       deepPicar-3854  [003] d..3  1298.981247: rtg_try_acquire_lock: rtg_block: comm=tau_rt_2 rtgid=1002 tgid=3897 pid=3902 prio=94
       deepPicar-3856  [005] d..3  1298.981331: rtg_try_acquire_lock: rtg_block: comm=tau_rt_4 rtgid=1002 tgid=3899 pid=3903 prio=94
       deepPicar-3864  [004] d..3  1298.981545: rtg_try_release_lock: rtg_release: comm=deepPicar rtgid=1001 tgid=3855 pid=3864 prio=93
          <idle>-0     [000] dn.3  1298.981548: rtg_try_acquire_lock: rtg_acquire: comm=tau_rt_1 rtgid=1002 tgid=3894 pid=3901 prio=94
       deepPicar-3864  [004] d..3  1298.981551: rtg_try_acquire_lock: rtg_preemptor: comm=deepPicar rtgid=1001 tgid=3855 pid=3855 prio=93
       deepPicar-3864  [004] d..3  1298.981551: rtg_try_acquire_lock: rtg_preemptee: comm=tau_rt_1 rtgid=1002 tgid=3894 pid=3901 prio=94
        tau_rt_1-3901  [000] dn.3  1298.981555: rtg_try_acquire_lock: rtg_block: comm=tau_rt_1 rtgid=1002 tgid=3894 pid=3901 prio=94
        tau_rt_2-3902  [003] dn.3  1298.981556: rtg_try_acquire_lock: rtg_block: comm=tau_rt_2 rtgid=1002 tgid=3897 pid=3902 prio=94
        tau_rt_4-3903  [005] dn.3  1298.981558: rtg_try_acquire_lock: rtg_block: comm=tau_rt_4 rtgid=1002 tgid=3899 pid=3903 prio=94
       deepPicar-3855  [004] d..3  1298.981643: rtg_try_release_lock: rtg_release: comm=deepPicar rtgid=1001 tgid=3855 pid=3855 prio=93
          <idle>-0     [000] dn.3  1298.981645: rtg_try_acquire_lock: rtg_acquire: comm=tau_rt_1 rtgid=1002 tgid=3894 pid=3901 prio=94
        tau_rt_1-3901  [000] d..3  1298.985995: rtg_try_release_lock: rtg_release: comm=tau_rt_1 rtgid=1002 tgid=3894 pid=3901 prio=94
          <idle>-0     [005] dn.3  1298.996852: rtg_try_acquire_lock: rtg_acquire: comm=tau_rt_4 rtgid=1002 tgid=3899 pid=3903 prio=94
        tau_rt_1-3901  [000] ...1  1298.996881: tracing_mark_write: gid=1002: job_start
        tau_rt_3-3900  [004] dn.3  1299.015659: rtg_try_acquire_lock: rtg_preemptor: comm=deepPicar rtgid=1001 tgid=3855 pid=3855 prio=93
        tau_rt_3-3900  [004] dn.3  1299.015662: rtg_try_acquire_lock: rtg_preemptee: comm=tau_rt_4 rtgid=1002 tgid=3899 pid=3903 prio=94
       deepPicar-3851  [000] ...1  1299.015691: tracing_mark_write: gid=1001: job_start
       deepPicar-3855  [004] d..3  1299.017072: rtg_try_release_lock: rtg_release: comm=deepPicar rtgid=1001 tgid=3855 pid=3855 prio=93
       deepPicar-3854  [003] d..3  1299.017076: rtg_try_acquire_lock: rtg_acquire: comm=deepPicar rtgid=1001 tgid=3854 pid=3884 prio=93
       deepPicar-3883  [004] d..3  1299.017923: rtg_try_release_lock: rtg_release: comm=deepPicar rtgid=1001 tgid=3855 pid=3883 prio=93
       deepPicar-3882  [005] d..3  1299.017927: rtg_try_acquire_lock: rtg_acquire: comm=deepPicar rtgid=1001 tgid=3856 pid=3865 prio=93
       deepPicar-3851  [000] d..3  1299.031302: rtg_try_acquire_lock: rtg_block: comm=tau_rt_1 rtgid=1002 tgid=3894 pid=3901 prio=94
       deepPicar-3854  [003] d..3  1299.031306: rtg_try_acquire_lock: rtg_block: comm=tau_rt_2 rtgid=1002 tgid=3897 pid=3902 prio=94
       deepPicar-3856  [005] d..3  1299.031503: rtg_try_acquire_lock: rtg_block: comm=tau_rt_4 rtgid=1002 tgid=3899 pid=3903 prio=94
       deepPicar-3864  [004] d..3  1299.031576: rtg_try_release_lock: rtg_release: comm=deepPicar rtgid=1001 tgid=3855 pid=3864 prio=93
          <idle>-0     [005] dn.3  1299.031579: rtg_try_acquire_lock: rtg_acquire: comm=tau_rt_4 rtgid=1002 tgid=3899 pid=3903 prio=94
       deepPicar-3864  [004] d..3  1299.031582: rtg_try_acquire_lock: rtg_preemptor: comm=deepPicar rtgid=1001 tgid=3855 pid=3855 prio=93
       deepPicar-3864  [004] d..3  1299.031583: rtg_try_acquire_lock: rtg_preemptee: comm=tau_rt_4 rtgid=1002 tgid=3899 pid=3903 prio=94
        tau_rt_1-3901  [000] dn.3  1299.031587: rtg_try_acquire_lock: rtg_block: comm=tau_rt_1 rtgid=1002 tgid=3894 pid=3901 prio=94
        tau_rt_2-3902  [003] dn.3  1299.031589: rtg_try_acquire_lock: rtg_block: comm=tau_rt_2 rtgid=1002 tgid=3897 pid=3902 prio=94
        tau_rt_4-3903  [005] dn.3  1299.031591: rtg_try_acquire_lock: rtg_block: comm=tau_rt_4 rtgid=1002 tgid=3899 pid=3903 prio=94
       deepPicar-3855  [004] d..3  1299.031670: rtg_try_release_lock: rtg_release: comm=deepPicar rtgid=1001 tgid=3855 pid=3855 prio=93
          <idle>-0     [003] dn.3  1299.031672: rtg_try_acquire_lock: rtg_acquire: comm=tau_rt_2 rtgid=1002 tgid=3897 pid=3902 prio=94
        tau_rt_1-3901  [000] d..3  1299.035891: rtg_try_release_lock: rtg_release: comm=tau_rt_1 rtgid=1002 tgid=3894 pid=3901 prio=94
          <idle>-0     [003] dn.3  1299.046854: rtg_try_acquire_lock: rtg_acquire: comm=tau_rt_2 rtgid=1002 tgid=3897 pid=3902 prio=94
        tau_rt_1-3901  [000] ...1  1299.046885: tracing_mark_write: gid=1002: job_start
        tau_rt_2-3902  [003] dn.3  1299.065658: rtg_try_acquire_lock: rtg_preemptor: comm=deepPicar rtgid=1001 tgid=3854 pid=3854 prio=93
        tau_rt_2-3902  [003] dn.3  1299.065660: rtg_try_acquire_lock: rtg_preemptee: comm=tau_rt_2 rtgid=1002 tgid=3897 pid=3902 prio=94
       deepPicar-3851  [000] ...1  1299.065690: tracing_mark_write: gid=1001: job_start
       deepPicar-3854  [003] d..3  1299.081103: rtg_try_acquire_lock: rtg_block: comm=tau_rt_2 rtgid=1002 tgid=3897 pid=3902 prio=94
       deepPicar-3851  [000] d..3  1299.081107: rtg_try_acquire_lock: rtg_block: comm=tau_rt_1 rtgid=1002 tgid=3894 pid=3901 prio=94
       deepPicar-3856  [005] d..3  1299.081261: rtg_try_acquire_lock: rtg_block: comm=tau_rt_4 rtgid=1002 tgid=3899 pid=3903 prio=94
       deepPicar-3864  [004] d..3  1299.081420: rtg_try_release_lock: rtg_release: comm=deepPicar rtgid=1001 tgid=3855 pid=3864 prio=93
          <idle>-0     [005] dn.3  1299.081423: rtg_try_acquire_lock: rtg_acquire: comm=tau_rt_4 rtgid=1002 tgid=3899 pid=3903 prio=94
       deepPicar-3864  [004] d..3  1299.081426: rtg_try_acquire_lock: rtg_preemptor: comm=deepPicar rtgid=1001 tgid=3855 pid=3855 prio=93
       deepPicar-3864  [004] d..3  1299.081427: rtg_try_acquire_lock: rtg_preemptee: comm=tau_rt_4 rtgid=1002 tgid=3899 pid=3903 prio=94
        tau_rt_1-3901  [000] dn.3  1299.081430: rtg_try_acquire_lock: rtg_block: comm=tau_rt_1 rtgid=1002 tgid=3894 pid=3901 prio=94
        tau_rt_2-3902  [003] dn.3  1299.081433: rtg_try_acquire_lock: rtg_block: comm=tau_rt_2 rtgid=1002 tgid=3897 pid=3902 prio=94
        tau_rt_4-3903  [005] dn.3  1299.081434: rtg_try_acquire_lock: rtg_block: comm=tau_rt_4 rtgid=1002 tgid=3899 pid=3903 prio=94
       deepPicar-3855  [004] d..3  1299.081519: rtg_try_release_lock: rtg_release: comm=deepPicar rtgid=1001 tgid=3855 pid=3855 prio=93
          <idle>-0     [000] dn.3  1299.081521: rtg_try_acquire_lock: rtg_acquire: comm=tau_rt_1 rtgid=1002 tgid=3894 pid=3901 prio=94
        tau_rt_1-3901  [000] d..3  1299.085821: rtg_try_release_lock: rtg_release: comm=tau_rt_1 rtgid=1002 tgid=3894 pid=3901 prio=94
          <idle>-0     [003] dn.3  1299.096856: rtg_try_acquire_lock: rtg_acquire: comm=tau_rt_2 rtgid=1002 tgid=3897 pid=3902 prio=94
        tau_rt_1-3901  [000] ...1  1299.096887: tracing_mark_write: gid=1002: job_start
        tau_rt_3-3900  [004] dn.3  1299.115660: rtg_try_acquire_lock: rtg_preemptor: comm=deepPicar rtgid=1001 tgid=3855 pid=3855 prio=93
        tau_rt_3-3900  [004] dn.3  1299.115662: rtg_try_acquire_lock: rtg_preemptee: comm=tau_rt_2 rtgid=1002 tgid=3897 pid=3902 prio=94
       deepPicar-3851  [000] ...1  1299.115690: tracing_mark_write: gid=1001: job_start
       deepPicar-3856  [005] d..3  1299.117018: rtg_try_release_lock: rtg_release: comm=deepPicar rtgid=1001 tgid=3856 pid=3856 prio=93
       deepPicar-3851  [000] d..3  1299.117022: rtg_try_acquire_lock: rtg_acquire: comm=deepPicar rtgid=1001 tgid=3851 pid=3871 prio=93
       deepPicar-3854  [003] d..3  1299.131363: rtg_try_acquire_lock: rtg_block: comm=tau_rt_2 rtgid=1002 tgid=3897 pid=3902 prio=94
       deepPicar-3851  [000] d..3  1299.131367: rtg_try_acquire_lock: rtg_block: comm=tau_rt_1 rtgid=1002 tgid=3894 pid=3901 prio=94
       deepPicar-3856  [005] d..3  1299.131504: rtg_try_acquire_lock: rtg_block: comm=tau_rt_4 rtgid=1002 tgid=3899 pid=3903 prio=94
       deepPicar-3864  [004] d..3  1299.131567: rtg_try_release_lock: rtg_release: comm=deepPicar rtgid=1001 tgid=3855 pid=3864 prio=93
          <idle>-0     [005] dn.3  1299.131570: rtg_try_acquire_lock: rtg_acquire: comm=tau_rt_4 rtgid=1002 tgid=3899 pid=3903 prio=94
       deepPicar-3864  [004] d..3  1299.131573: rtg_try_acquire_lock: rtg_preemptor: comm=deepPicar rtgid=1001 tgid=3855 pid=3855 prio=93
       deepPicar-3864  [004] d..3  1299.131574: rtg_try_acquire_lock: rtg_preemptee: comm=tau_rt_4 rtgid=1002 tgid=3899 pid=3903 prio=94
        tau_rt_1-3901  [000] dn.3  1299.131577: rtg_try_acquire_lock: rtg_block: comm=tau_rt_1 rtgid=1002 tgid=3894 pid=3901 prio=94
        tau_rt_2-3902  [003] dn.3  1299.131579: rtg_try_acquire_lock: rtg_block: comm=tau_rt_2 rtgid=1002 tgid=3897 pid=3902 prio=94
        tau_rt_4-3903  [005] dn.3  1299.131581: rtg_try_acquire_lock: rtg_block: comm=tau_rt_4 rtgid=1002 tgid=3899 pid=3903 prio=94
       deepPicar-3855  [004] d..3  1299.131660: rtg_try_release_lock: rtg_release: comm=deepPicar rtgid=1001 tgid=3855 pid=3855 prio=93
          <idle>-0     [005] dn.3  1299.131662: rtg_try_acquire_lock: rtg_acquire: comm=tau_rt_4 rtgid=1002 tgid=3899 pid=3903 prio=94
        tau_rt_2-3902  [003] d..3  1299.136051: rtg_try_release_lock: rtg_release: comm=tau_rt_2 rtgid=1002 tgid=3897 pid=3902 prio=94
          <idle>-0     [005] dn.3  1299.146853: rtg_try_acquire_lock: rtg_acquire: comm=tau_rt_4 rtgid=1002 tgid=3899 pid=3903 prio=94
        tau_rt_1-3901  [000] ...1  1299.146882: tracing_mark_write: gid=1002: job_start
        tau_rt_3-3900  [004] dn.3  1299.165660: rtg_try_acquire_lock: rtg_preemptor: comm=deepPicar rtgid=1001 tgid=3855 pid=3855 prio=93
        tau_rt_3-3900  [004] dn.3  1299.165662: rtg_try_acquire_lock: rtg_preemptee: comm=tau_rt_4 rtgid=1002 tgid=3899 pid=3903 prio=94
       deepPicar-3851  [000] ...1  1299.165691: tracing_mark_write: gid=1001: job_start
       deepPicar-3856  [005] d..3  1299.167006: rtg_try_release_lock: rtg_release: comm=deepPicar rtgid=1001 tgid=3856 pid=3856 prio=93
       deepPicar-3851  [000] d..3  1299.167010: rtg_try_acquire_lock: rtg_acquire: comm=deepPicar rtgid=1001 tgid=3851 pid=3872 prio=93
       deepPicar-3854  [003] d..3  1299.181202: rtg_try_acquire_lock: rtg_block: comm=tau_rt_2 rtgid=1002 tgid=3897 pid=3902 prio=94
       deepPicar-3851  [000] d..3  1299.181206: rtg_try_acquire_lock: rtg_block: comm=tau_rt_1 rtgid=1002 tgid=3894 pid=3901 prio=94
       deepPicar-3856  [005] d..3  1299.181303: rtg_try_acquire_lock: rtg_block: comm=tau_rt_4 rtgid=1002 tgid=3899 pid=3903 prio=94
       deepPicar-3864  [004] d..3  1299.181420: rtg_try_release_lock: rtg_release: comm=deepPicar rtgid=1001 tgid=3855 pid=3864 prio=93
          <idle>-0     [005] dn.3  1299.181423: rtg_try_acquire_lock: rtg_acquire: comm=tau_rt_4 rtgid=1002 tgid=3899 pid=3903 prio=94
       deepPicar-3864  [004] d..3  1299.181426: rtg_try_acquire_lock: rtg_preemptor: comm=deepPicar rtgid=1001 tgid=3855 pid=3855 prio=93
       deepPicar-3864  [004] d..3  1299.181427: rtg_try_acquire_lock: rtg_preemptee: comm=tau_rt_4 rtgid=1002 tgid=3899 pid=3903 prio=94
        tau_rt_1-3901  [000] dn.3  1299.181430: rtg_try_acquire_lock: rtg_block: comm=tau_rt_1 rtgid=1002 tgid=3894 pid=3901 prio=94
        tau_rt_2-3902  [003] dn.3  1299.181432: rtg_try_acquire_lock: rtg_block: comm=tau_rt_2 rtgid=1002 tgid=3897 pid=3902 prio=94
        tau_rt_4-3903  [005] dn.3  1299.181434: rtg_try_acquire_lock: rtg_block: comm=tau_rt_4 rtgid=1002 tgid=3899 pid=3903 prio=94
       deepPicar-3855  [004] d..3  1299.181513: rtg_try_release_lock: rtg_release: comm=deepPicar rtgid=1001 tgid=3855 pid=3855 prio=93
          <idle>-0     [000] dn.3  1299.181515: rtg_try_acquire_lock: rtg_acquire: comm=tau_rt_1 rtgid=1002 tgid=3894 pid=3901 prio=94
        tau_rt_2-3902  [003] d..3  1299.185779: rtg_try_release_lock: rtg_release: comm=tau_rt_2 rtgid=1002 tgid=3897 pid=3902 prio=94
